I'll solve this problem using 3-adic valuation analysis. Let me work through the reasoning carefully.

## Solution

**Setup.** Let $H_N = \sum_{k=1}^{N} \frac{1}{k}$. We seek $v_3(B)$ where $H_{2013} = A/B$ in lowest terms. Since $\gcd(A,B)=1$, we have $v_3(B) = -v_3(H_{2013})$ when $v_3(H_{2013}) < 0$.

**Key decomposition.** Write each $k = 3^j \cdot u$ with $3 \nmid u$, so $\frac{1}{k} = 3^{-j}/u$. Grouping by $j = v_3(k)$:

$$H_N = \sum_{j=0}^{M} 3^{-j}\, S\!\left(\left\lfloor \tfrac{N}{3^j}\right\rfloor\right), \qquad S(L) := \sum_{\substack{1 \le u \le L \\ 3 \nmid u}} \frac{1}{u},$$

where $M = \lfloor \log_3 N \rfloor$ (so that $\lfloor N/3^{M+1}\rfloor = 0$).

**Lemma.** $v_3(S(L)) = 0$ if $L \equiv 1 \pmod{3}$, and $v_3(S(L)) \ge 1$ if $L \not\equiv 1 \pmod{3}$.

*Proof.* Pair the terms: $\frac{1}{3q+1} + \frac{1}{3q+2} = \frac{3(2q+1)}{(3q+1)(3q+2)}$. Since $(3q+1)(3q+2) \equiv 2 \pmod{3}$ is coprime to $3$, each pair has $v_3 \ge 1$.
- If $L = 3Q+1$: there are $Q$ complete pairs (each $v_3 \ge 1$) plus a leftover $\frac{1}{3Q+1}$ with $v_3 = 0$. Hence $v_3(S(L)) = 0$.
- If $L = 3Q$ or $L = 3Q+2$: all terms form complete pairs, so $v_3(S(L)) \ge 1$. $\square$

**Applying to $N = 2013$.** Since $3^6 = 729 \le 2013 < 2187 = 3^7$, we have $M = 6$. Set $L_j = \lfloor 2013/3^j \rfloor$:

| $j$ | $L_j$ | $L_j \bmod 3$ | $a_j := v_3(S(L_j))$ | $a_j - j$ |
|-----|--------|---------------|------------------------|-----------|
| 0 | 2013 | 0 | $\ge 1$ | $\ge 1$ |
| 1 | 671 | 2 | $\ge 1$ | $\ge 0$ |
| 2 | 223 | 1 | $= 0$ | $-2$ |
| 3 | 74 | 2 | $\ge 1$ | $\ge -2$ |
| 4 | 24 | 0 | $\ge 1$ | $\ge -3$ |
| 5 | 8 | 2 | $\ge 1$ | $\ge -4$ |
| 6 | 2 | 2 | $\ge 1$ | $\ge -5$ |

**Computing $a_6$ exactly.** $S(2) = 1 + \tfrac{1}{2} = \tfrac{3}{2}$, so $a_6 = v_3(S(2)) = 1$, giving $a_6 - 6 = -5$.

**Uniqueness of the minimum.** The valuation of term $j$ in the sum is $a_j - j$. The candidate values are:
- $j=6$: exactly $-5$;
- $j=5$: $\ge -4$;
- $j=4$: $\ge -3$;
- $j \in \{2,3\}$: $\ge -2$;
- $j \in \{0,1\}$: $\ge 0$.

The minimum $-5$ is achieved **uniquely** at $j = 6$ (the next smallest is $\ge -4$). By the standard property of non-Archimedean valuations — when a sum of terms has a unique minimum valuation, the sum has that valuation — we conclude:

$$v_3(H_{2013}) = -5.$$

Therefore $v_3(B) = 5$, i.e., $3^5 \mid B$ but $3^6 \nmid B$.

**Answer.** The largest integer $n$ such that $B$ is a multiple of $3^n$ is $\boxed{5}$.

### PROOF COMPLETE
