## Proof

**Setup.** Consider the function $f(w) = \frac{1}{e^w - 1}$. Its singularities occur where $e^w = 1$, i.e., at $w = 2\pi i k$ for $k \in \mathbb{Z}$.

**Locating the singularities relative to the annulus.** For each integer $k$:
- $k = 0$: $w = 0$, $|w| = 0$ — on the inner boundary of the annulus (excluded).
- $k = \pm 1$: $w = \pm 2\pi i$, $|w| = 2\pi$ — on the outer boundary of the annulus (excluded).
- $|k| \geq 2$: $|w| = 2\pi|k| \geq 4\pi > 2\pi$ — outside the annulus.

Hence $f(w) = \frac{1}{e^w-1}$ is **holomorphic on the annulus** $0 < |w| < 2\pi$.

**Homotopy class of the loop.** The annulus $0 < |w| < 2\pi$ is not simply connected; its fundamental group is $\mathbb{Z}$, generated by a positively oriented loop winding once around the origin. Let $n \in \mathbb{Z}$ denote the **winding number** of $C$ around the origin:
$$n = \frac{1}{2\pi i}\oint_C \frac{dw}{w}.$$

**Computing the residue at the enclosed singularity.** The only singularity of $f$ that a loop in the annulus can wind around is $w = 0$ (all others lie on or outside the outer boundary $|w| = 2\pi$, so no loop contained strictly inside the annulus can enclose them). Near $w = 0$:
$$e^w - 1 = w + \frac{w^2}{2} + \cdots = w\!\left(1 + \frac{w}{2} + \cdots\right),$$
so
$$\frac{1}{e^w - 1} = \frac{1}{w}\cdot\frac{1}{1 + w/2 + \cdots} = \frac{1}{w}\left(1 - \frac{w}{2} + \cdots\right).$$
Thus $w = 0$ is a **simple pole** with residue
$$\operatorname{Res}_{w=0}\frac{1}{e^w-1} = \lim_{w\to 0}\frac{w}{e^w-1} = 1.$$

**Applying the residue theorem.** Since $C$ is contained in the annulus and winds $n$ times around the origin (and around no other singularity), the residue theorem gives:
$$\oint_C \frac{dw}{e^w - 1} = 2\pi i \cdot n \cdot \operatorname{Res}_{w=0}\frac{1}{e^w-1} = 2\pi i \cdot n \cdot 1.$$

**Conclusion.**
$$\boxed{\oint_C \frac{dw}{e^w - 1} = 2\pi i\, n,}$$
where $n$ is the winding number of $C$ around the origin. In particular, if $C$ does not wind around the origin ($n=0$, i.e., $C$ is null-homotopic in the annulus), the integral vanishes; if $C$ winds once positively, the integral equals $2\pi i$.

### PROOF COMPLETE
DEVIN_CLI_EXITED code=0
