Looking at this problem, I need to count the number of 7-tuples $(t_1, \ldots, t_7)$ of non-negative integers with:
- $t_1 + t_2 + \cdots + t_7 = 270$
- $t_1 + t_2 + t_3 + t_4 \equiv 0 \pmod{7}$
- $t_5 + t_6 + t_7 \equiv 0 \pmod{13}$

**Setting up the partition.** Let $A = t_1 + t_2 + t_3 + t_4$ and $B = t_5 + t_6 + t_7$, so $A + B = 270$.

**Finding valid $(A, B)$ pairs via CRT.** We need $A \equiv 0 \pmod{7}$ and $B = 270 - A \equiv 0 \pmod{13}$, i.e., $A \equiv 270 \pmod{13}$.

Since $270 = 13 \cdot 20 + 10$, we need $A \equiv 10 \pmod{13}$.

By CRT ($\gcd(7,13)=1$), the system $A \equiv 0 \pmod{7}$, $A \equiv 10 \pmod{13}$ has a unique solution mod $91$. Setting $A = 7k$: $7k \equiv 10 \pmod{13}$. Since $7^{-1} \equiv 2 \pmod{13}$, we get $k \equiv 20 \equiv 7 \pmod{13}$, so $k = 13m + 7$ and $A = 91m + 49$.

With $0 \le A \le 270$: $m \in \{0, 1, 2\}$, giving:
| $m$ | $A$ | $B = 270 - A$ |
|-----|-----|---------------|
| 0 | 49 | 221 |
| 1 | 140 | 130 |
| 2 | 231 | 39 |

**Counting distributions for each pair.** By stars and bars, the number of ways to write $A$ as a sum of 4 non-negative integers is $\binom{A+3}{3}$, and $B$ as a sum of 3 non-negative integers is $\binom{B+2}{2}$.

**Term 1** ($A=49, B=221$):
$$\binom{52}{3} \cdot \binom{223}{2} = \frac{52 \cdot 51 \cdot 50}{6} \cdot \frac{223 \cdot 222}{2} = 22100 \cdot 24753 = 547{,}041{,}300$$

**Term 2** ($A=140, B=130$):
$$\binom{143}{3} \cdot \binom{132}{2} = \frac{143 \cdot 142 \cdot 141}{6} \cdot \frac{132 \cdot 131}{2} = 477{,}191 \cdot 8{,}646 = 4{,}125{,}793{,}386$$

**Term 3** ($A=231, B=39$):
$$\binom{234}{3} \cdot \binom{41}{2} = \frac{234 \cdot 233 \cdot 232}{6} \cdot \frac{41 \cdot 40}{2} = 2{,}108{,}184 \cdot 820 = 1{,}728{,}710{,}880$$

**Total:**
$$547{,}041{,}300 + 4{,}125{,}793{,}386 + 1{,}728{,}710{,}880 = \boxed{6{,}401{,}545{,}566}$$

### PROOF COMPLETE
DEVIN_CLI_EXITED code=0
