## 答案泄露自检

我已扫描问题文本，未发现任何泄露的答案、解答、解答草稿或形式化注释。继续进行求解。

## 求解

三个传感器方程为：

1. $\log_2 x + \log_4 y + \log_4 z = 2$
2. $\log_3 y + \log_9 z + \log_9 x = 2$
3. $\log_4 z + \log_{16} x + \log_{16} y = 2$

**将每个方程转换为公共底数的对数。**

**方程 1。** 使用 $\log_4(\cdot) = \frac{\log_2(\cdot)}{2}$：

$$\log_2 x + \tfrac{1}{2}\log_2 y + \tfrac{1}{2}\log_2 z = 2$$

乘以 2：$2\log_2 x + \log_2 y + \log_2 z = 4$，即

$$\log_2(x^2 yz) = 4 \implies x^2 yz = 2^4 = 16. \tag{I}$$

**方程 2。** 使用 $\log_9(\cdot) = \frac{\log_3(\cdot)}{2}$：

$$\log_3 y + \tfrac{1}{2}\log_3 z + \tfrac{1}{2}\log_3 x = 2$$

乘以 2：$\log_3 x + 2\log_3 y + \log_3 z = 4$，即

$$\log_3(xy^2 z) = 4 \implies xy^2 z = 3^4 = 81. \tag{II}$$

**方程 3。** 使用 $\log_{16}(\cdot) = \frac{\log_4(\cdot)}{2}$：

$$\log_4 z + \tfrac{1}{2}\log_4 x + \tfrac{1}{2}\log_4 y = 2$$

乘以 2：$\log_4 x + \log_4 y + 2\log_4 z = 4$，即

$$\log_4(xyz^2) = 4 \implies xyz^2 = 4^4 = 256. \tag{III}$$

**求解系统。** 将 (I)、(II)、(III) 相乘：

$$(x^2 yz)(xy^2 z)(xyz^2) = 16 \cdot 81 \cdot 256$$
$$(xyz)^4 = 2^4 \cdot 3^4 \cdot 2^8 = 2^{12}\cdot 3^4 = (2^3\cdot 3)^4 = 24^4$$

因此 $xyz = 24$。

现在除法求解各个变量：

$$x = \frac{x^2 yz}{xyz} = \frac{16}{24} = \frac{2}{3}$$

$$y = \frac{xy^2 z}{xyz} = \frac{81}{24} = \frac{27}{8}$$

$$z = \frac{xyz^2}{xyz} = \frac{256}{24} = \frac{32}{3}$$

**验证** $xyz = \tfrac{2}{3}\cdot\tfrac{27}{8}\cdot\tfrac{32}{3} = \tfrac{2\cdot 27\cdot 32}{3\cdot 8\cdot 3} = \tfrac{1728}{72} = 24.$ ✓

**验证原始方程 1：**
$\log_2\tfrac{2}{3} + \log_4\tfrac{27}{8} + \log_4\tfrac{32}{3}$
$= (1-\log_2 3) + \tfrac{1}{2}(3\log_2 3 - 3) + \tfrac{1}{2}(5-\log_2 3)$
$= 1 - \tfrac{3}{2} + \tfrac{5}{2} + (-1+\tfrac{3}{2}-\tfrac{1}{2})\log_2 3 = 2 + 0 = 2.$ ✓

**验证原始方程 2：**
$\log_3\tfrac{27}{8} + \log_9\tfrac{32}{3} + \log_9\tfrac{2}{3}$
$= (3-\log_3 8) + \tfrac{1}{2}(\log_3 32 - 1) + \tfrac{1}{2}(\log_3 2 - 1)$
$= 3 - 1 + (-\log_3 8 + \tfrac{1}{2}\log_3 64) = 2 + (-\log_3 8 + \log_3 8) = 2.$ ✓

**验证原始方程 3：**
$\log_4\tfrac{32}{3} + \log_{16}\tfrac{2}{3} + \log_{16}\tfrac{27}{8}$
$= \tfrac{1}{2}(5-\log_2 3) + \tfrac{1}{4}(1-\log_2 3) + \tfrac{1}{4}(3\log_2 3 - 3)$
$= \tfrac{5}{2} + \tfrac{1}{4} - \tfrac{3}{4} + (-\tfrac{1}{2}-\tfrac{1}{4}+\tfrac{3}{4})\log_2 3 = 2 + 0 = 2.$ ✓

**计算总和：**

$$x + y + z = \frac{2}{3} + \frac{27}{8} + \frac{32}{3} = \frac{16}{24} + \frac{81}{24} + \frac{256}{24} = \frac{353}{24}$$

## 结果

满足所有三个传感器读数的浓度为 $x = \tfrac{2}{3}$，$y = \tfrac{27}{8}$，$z = \tfrac{32}{3}$，且

$$\boxed{x + y + z = \dfrac{353}{24}}$$

### 证明完成
DEVIN_CLI_EXITED code=0
