## Solution

**Setup.** Let
$$P = -\frac{x^2 y}{(x^2+y^2)^2}, \qquad Q = \frac{x^3}{(x^2+y^2)^2}.$$
The curve $C$ is the ellipse $4x^2 + y^2 = 1$, traversed counterclockwise. The integrand is singular only at the origin $(0,0)$, which lies strictly inside $C$. Hence **Green's Theorem cannot be applied directly** to the full interior of $C$.

**Computing the curl.** For $(x,y)\neq(0,0)$:
$$\frac{\partial Q}{\partial x} = \frac{3x^2(x^2+y^2)-4x^4}{(x^2+y^2)^3} = \frac{-x^4+3x^2y^2}{(x^2+y^2)^3},$$
$$\frac{\partial P}{\partial y} = -\frac{x^2(x^2+y^2)-4x^2y^2}{(x^2+y^2)^3} = \frac{-x^4+3x^2y^2}{(x^2+y^2)^3}.$$
Therefore
$$\frac{\partial Q}{\partial x} - \frac{\partial P}{\partial y} = 0 \quad \text{for all } (x,y)\neq(0,0).$$

**Reducing to a small circle.** Let $\gamma$ be a small circle of radius $r$ centered at the origin, traversed counterclockwise, lying entirely inside $C$. Applying Green's Theorem to the annular region $D$ between $C$ (outer boundary, CCW) and $\gamma$ (inner boundary, clockwise $= -\gamma$), where the curl vanishes identically:
$$\oint_C (P\,dx+Q\,dy) - \oint_\gamma (P\,dx+Q\,dy) = \iint_D 0\,dA = 0.$$
Hence
$$\oint_C (P\,dx+Q\,dy) = \oint_\gamma (P\,dx+Q\,dy).$$

**Evaluating on the circle.** Parameterize $\gamma$: $x = r\cos\theta,\; y = r\sin\theta$, $\theta\in[0,2\pi]$, so $dx = -r\sin\theta\,d\theta$, $dy = r\cos\theta\,d\theta$, and $x^2+y^2 = r^2$. Then
$$P = -\frac{r^2\cos^2\theta\cdot r\sin\theta}{r^4} = -\frac{\cos^2\theta\sin\theta}{r}, \qquad Q = \frac{r^3\cos^3\theta}{r^4} = \frac{\cos^3\theta}{r}.$$
Thus
$$P\,dx + Q\,dy = \frac{\cos^2\theta\sin\theta}{r}\cdot r\sin\theta\,d\theta + \frac{\cos^3\theta}{r}\cdot r\cos\theta\,d\theta = \bigl(\cos^2\theta\sin^2\theta + \cos^4\theta\bigr)\,d\theta = \cos^2\theta\,d\theta.$$
Therefore
$$\oint_\gamma (P\,dx+Q\,dy) = \int_0^{2\pi}\cos^2\theta\,d\theta = \pi.$$

**Conclusion.** The value is independent of $r$ (as expected, since the curl vanishes), and

$$\boxed{\oint_{C}\left(-\frac{x^2y}{(x^2+y^2)^2}\,dx+\frac{x^3}{(x^2+y^2)^2}\,dy\right) = \pi.}$$

The singularity at the origin prevents direct application of Green's Theorem to the full elliptical region; by excising a small disk around the singularity and using the vanishing of the curl on the resulting annulus, the integral reduces to the value on any enclosing loop, which evaluates to $\pi$.

### PROOF COMPLETE
