```xml
<audit>
  <analysis_result_key>2269624</analysis_result_key>
  <problem_id>deepmath_103k_00005667</problem_id>
  <audit_status>PASS_SELECTABLE</audit_status>
  <check_results>
    <A1>PASS: dimension1_verdict is DIRECTION_ERROR, a valid value</A1>
    <A2>PASS: dimension1_explanation is non-empty and well over 50 characters</A2>
    <A3>PASS: dimension2_turning_point_type is "other", a valid value from the allowed list</A3>
    <A4>PASS: dimension2_explanation is non-empty and well over 50 characters</A4>
    <A5>PASS: ai_direction_summary is non-empty and describes the off-topic direction</A5>
    <A6>PASS: standard_solution_key_technique is non-empty and describes the Ratio Test + endpoint tests</A6>
    <B1>PASS: no XML tag leaks found in either explanation</B1>
    <B2>PASS: no template placeholder leaks found in either explanation</B2>
    <B3>PASS: both explanations are well over 50 characters</B3>
    <C1>PASS: d1=DIRECTION_ERROR and d2 has a value ("other"), consistent</C1>
    <C2>PASS: d1_exp describes the AI going in an entirely wrong direction (functional analysis vs. power series), matching DIRECTION_ERROR</C2>
    <C3>PASS: d2_exp describes standard calculus techniques (Ratio Test, endpoint tests) that do not fit number-theoretic categories, matching "other"</C3>
    <D1>PASS: d1_exp is over 100 characters and contains action verbs "explored", "engaged"</D1>
    <D2>PASS: d2_exp is over 100 characters and contains mathematical terms (Ratio Test, radius of convergence, Alternating Series Test, Limit Comparison Test)</D2>
    <D3>PASS: ai_direction_summary describes the actual off-topic direction (distribution-valued curves, Banach-Steinhaus, Schwartz kernel)</D3>
    <D4>PASS: standard_solution_key_technique specifies the Ratio Test, Alternating Series Test, and Limit Comparison Test</D4>
    <E1>UNKNOWN — check via script</E1>
  </check_results>
  <issues_found>none</issues_found>
</audit>
```

### AUDIT COMPLETE
DEVIN_CLI_EXITED code=0
```xml
<audit>
  <analysis_result_key>2269624</analysis_result_key>
  <problem_id>deepmath_103k_00005667</problem_id>
  <audit_status>PASS_SELECTABLE</audit_status>
  <check_results>
    <A1>PASS: dimension1_verdict is DIRECTION_ERROR, a valid value</A1>
    <A2>PASS: dimension1_explanation is non-empty and well over 50 characters</A2>
    <A3>PASS: dimension2_turning_point_type is "other", a valid value, and d1 is DIRECTION_ERROR so required</A3>
    <A4>PASS: dimension2_explanation is non-empty and well over 50 characters</A4>
    <A5>PASS: ai_direction_summary is non-empty and describes the off-topic direction</A5>
    <A6>PASS: standard_solution_key_technique is non-empty and describes the Ratio Test + endpoint tests</A6>
    <B1>PASS: no XML tag leaks found in either explanation</B1>
    <B2>PASS: no template placeholder leaks found</B2>
    <B3>PASS: both explanations are well over 50 characters</B3>
    <C1>PASS: d1=DIRECTION_ERROR and d2 has a value, consistent</C1>
    <C2>PASS: d1_exp describes a wrong direction (distribution theory instead of power series), matching DIRECTION_ERROR</C2>
    <C3>PASS: d2_exp describes Ratio Test/endpoint testing which is standard calculus not fitting number-theoretic categories, matching "other"</C3>
    <D1>PASS: d1_exp is over 100 chars and contains action verbs ("explored", "engaged", "never engaged")</D1>
    <D2>PASS: d2_exp is over 100 chars and contains mathematical terms (Ratio Test, radius of convergence, Alternating Series Test, Limit Comparison Test)</D2>
    <D3>PASS: ai_direction_summary describes the actual off-topic direction (weak smoothness of distribution-valued curves, Banach-Steinhaus/Schwartz kernel)</D3>
    <D4>PASS: standard_solution_key_technique describes specific techniques (Ratio Test, Alternating Series Test at x=-5, Limit Comparison Test at x=-1)</D4>
    <E1>UNKNOWN — check via script</E1>
  </check_results>
  <issues_found>none</issues_found>
</audit>
```

### AUDIT COMPLETE
DEVIN_CLI_EXITED code=0
