我来阅读文件的其余部分，以理解完整的 AI 思考过程和标准解答。
Error: Agent error: Permission denied: Permission denied: Reached overall message rate limit. Please try again later. Your limit will reset in 50 minutes. (trace ID: cec36002093f02d936f5ad3ec336fcc2): {
  "cognition.ai/errorKind": "internal",
  "cognition.ai/retryable": true
}
DEVIN_CLI_EXITED code=1
Error: Agent error: Permission denied: Permission denied: Reached overall message rate limit. Please try again later. Your limit will reset in 48 minutes. (trace ID: 6cf769f4e82b373a88db89a99e2e7c7a): {
  "cognition.ai/errorKind": "internal",
  "cognition.ai/retryable": true
}
DEVIN_CLI_EXITED code=1
Error: Agent error: Permission denied: Permission denied: Reached overall message rate limit. Please try again later. Your limit will reset in 46 minutes. (trace ID: 5d7133a2824acf18fda4b26ad79845a6): {
  "cognition.ai/errorKind": "internal",
  "cognition.ai/retryable": true
}
DEVIN_CLI_EXITED code=1
Error: Agent error: Permission denied: Permission denied: Reached overall message rate limit. Please try again later. Your limit will reset in 44 minutes. (trace ID: 827e0a580207ade4827fab0f00052252): {
  "cognition.ai/errorKind": "internal",
  "cognition.ai/retryable": true
}
DEVIN_CLI_EXITED code=1
Error: Agent error: Permission denied: Permission denied: Reached overall message rate limit. Please try again later. Your limit will reset in 42 minutes. (trace ID: 8c127b14d7107d3bc075abaae530cef6): {
  "cognition.ai/errorKind": "internal",
  "cognition.ai/retryable": true
}
DEVIN_CLI_EXITED code=1
Error: Agent error: Permission denied: Permission denied: Reached overall message rate limit. Please try again later. Your limit will reset in 40 minutes. (trace ID: af889471fd65d124e25e0f20b43a143a): {
  "cognition.ai/errorKind": "internal",
  "cognition.ai/retryable": true
}
DEVIN_CLI_EXITED code=1
Error: Agent error: Permission denied: Permission denied: Reached overall message rate limit. Please try again later. Your limit will reset in 38 minutes. (trace ID: 9471a4af052ef186517882446cda739e): {
  "cognition.ai/errorKind": "internal",
  "cognition.ai/retryable": true
}
DEVIN_CLI_EXITED code=1
Error: Agent error: Permission denied: Permission denied: Reached overall message rate limit. Please try again later. Your limit will reset in 36 minutes. (trace ID: 30a2cbf91f3242aeeb3d303f54447fe3): {
  "cognition.ai/errorKind": "internal",
  "cognition.ai/retryable": true
}
DEVIN_CLI_EXITED code=1
Error: Agent error: Permission denied: Permission denied: Reached overall message rate limit. Please try again later. Your limit will reset in 34 minutes. (trace ID: 736e0d68f3fdff9c669a9abf1cb1e503): {
  "cognition.ai/errorKind": "internal",
  "cognition.ai/retryable": true
}
DEVIN_CLI_EXITED code=1
Error: Agent error: Permission denied: Permission denied: Reached overall message rate limit. Please try again later. Your limit will reset in 32 minutes. (trace ID: 25521ef67c2f67967d094de692e0d92e): {
  "cognition.ai/errorKind": "internal",
  "cognition.ai/retryable": true
}
DEVIN_CLI_EXITED code=1
Error: Agent error: Permission denied: Permission denied: Reached overall message rate limit. Please try again later. Your limit will reset in 30 minutes. (trace ID: 1fc83671ff24bdee2f5537340a1a7c97): {
  "cognition.ai/errorKind": "internal",
  "cognition.ai/retryable": true
}
DEVIN_CLI_EXITED code=1
Error: Agent error: Permission denied: Permission denied: Reached overall message rate limit. Please try again later. Your limit will reset in 28 minutes. (trace ID: d24bc66cee55159d0d57be10000021c9): {
  "cognition.ai/errorKind": "internal",
  "cognition.ai/retryable": true
}
DEVIN_CLI_EXITED code=1
Error: Agent error: Permission denied: Permission denied: Reached overall message rate limit. Please try again later. Your limit will reset in 26 minutes. (trace ID: c9ddea5d06f3d89ffe590c1d3775594a): {
  "cognition.ai/errorKind": "internal",
  "cognition.ai/retryable": true
}
DEVIN_CLI_EXITED code=1
Error: Agent error: Permission denied: Permission denied: Reached overall message rate limit. Please try again later. Your limit will reset in 24 minutes. (trace ID: 678b0c162567c83ade19378650ed2dc4): {
  "cognition.ai/errorKind": "internal",
  "cognition.ai/retryable": true
}
DEVIN_CLI_EXITED code=1
Error: Agent error: Permission denied: Permission denied: Reached overall message rate limit. Please try again later. Your limit will reset in 22 minutes. (trace ID: f5032214925057488c8bc6729ca40446): {
  "cognition.ai/errorKind": "internal",
  "cognition.ai/retryable": true
}
DEVIN_CLI_EXITED code=1
Error: Agent error: Permission denied: Permission denied: Reached overall message rate limit. Please try again later. Your limit will reset in 20 minutes. (trace ID: 4c5edceec1ef27a860e63267c9f09529): {
  "cognition.ai/errorKind": "internal",
  "cognition.ai/retryable": true
}
DEVIN_CLI_EXITED code=1
Error: Agent error: Permission denied: Permission denied: Reached overall message rate limit. Please try again later. Your limit will reset in 18 minutes. (trace ID: 38c0e9cbe6069e90aef2fb8b1753ee22): {
  "cognition.ai/errorKind": "internal",
  "cognition.ai/retryable": true
}
DEVIN_CLI_EXITED code=1
Error: Agent error: Permission denied: Permission denied: Reached overall message rate limit. Please try again later. Your limit will reset in 16 minutes. (trace ID: 61cec77498f84a0d23e5b8f7ec030187): {
  "cognition.ai/errorKind": "internal",
  "cognition.ai/retryable": true
}
DEVIN_CLI_EXITED code=1
Error: Agent error: Permission denied: Permission denied: Reached overall message rate limit. Please try again later. Your limit will reset in 14 minutes. (trace ID: a29f295fae0f1121276ccbe4fe37fce7): {
  "cognition.ai/errorKind": "internal",
  "cognition.ai/retryable": true
}
DEVIN_CLI_EXITED code=1
Error: Agent error: Permission denied: Permission denied: Reached overall message rate limit. Please try again later. Your limit will reset in 12 minutes. (trace ID: 2e03aece1b1ce90cc24279fc20f16bea): {
  "cognition.ai/errorKind": "internal",
  "cognition.ai/retryable": true
}
DEVIN_CLI_EXITED code=1
Error: Agent error: Permission denied: Permission denied: Reached overall message rate limit. Please try again later. Your limit will reset in 10 minutes. (trace ID: f1300c5a2197c01707ae469cc408046a): {
  "cognition.ai/errorKind": "internal",
  "cognition.ai/retryable": true
}
DEVIN_CLI_EXITED code=1
Error: Agent error: Permission denied: Permission denied: Reached overall message rate limit. Please try again later. Your limit will reset in 8 minutes. (trace ID: acd7e383070fca6e50acca66f822681a): {
  "cognition.ai/errorKind": "internal",
  "cognition.ai/retryable": true
}
DEVIN_CLI_EXITED code=1
Error: Agent error: Permission denied: Permission denied: Reached overall message rate limit. Please try again later. Your limit will reset in 6 minutes. (trace ID: d5cb2ff726e834e45089f07847bedb62): {
  "cognition.ai/errorKind": "internal",
  "cognition.ai/retryable": true
}
DEVIN_CLI_EXITED code=1
Error: Agent error: Permission denied: Permission denied: Reached overall message rate limit. Please try again later. Your limit will reset in 4 minutes. (trace ID: aa5f31c4b9622570cdbfb8cb4496547b): {
  "cognition.ai/errorKind": "internal",
  "cognition.ai/retryable": true
}
DEVIN_CLI_EXITED code=1
Error: Agent error: Permission denied: Permission denied: Reached overall message rate limit. Please try again later. Your limit will reset in 2 minutes. (trace ID: 7d5d81a72878e867337e4ae2e4c07e74): {
  "cognition.ai/errorKind": "internal",
  "cognition.ai/retryable": true
}
DEVIN_CLI_EXITED code=1
Error: Agent error: Permission denied: Permission denied: Reached overall message rate limit. Please try again later. Your limit will reset in 23 seconds. (trace ID: e9e7450aabf606eaf9be8e73bc0ef2b3): {
  "cognition.ai/errorKind": "internal",
  "cognition.ai/retryable": true
}
DEVIN_CLI_EXITED code=1
```xml
<analysis>
  <problem_id>polymath_00139</problem_id>
  <dimension1_verdict>TOKEN_LIMIT</dimension1_verdict>
  <dimension1_explanation>The AI's approach is mathematically valid and on the right track: it correctly models the problem as a walk on C₄ (Z/4Z), derives that the displacement is (n₀−n₂, n₁−n₃) with the parity constraint n₀+n₂=250 and n₁+n₃=250, and sets up the correct objective of maximizing (c₀−c₂)²+(c₁−c₃)². It even computes a candidate (200√2≈282.84) and correctly recognizes this is suboptimal, then proceeds to analyze flow conservation to find tighter achievable bounds. The thinking is extremely long (~900 lines) and cuts off mid-derivation of the δ_k constraints, never reaching the final optimization that would yield the answer 380.</dimension1_explanation>
  <dimension2_turning_point_type>other</dimension2_turning_point_type>
  <dimension2_explanation>The standard solution's key turning point is the direct recognition that the turn constraint (300 right, 199 left) forces each of the two perpendicular displacement directions to satisfy a,b≥150, reducing the problem to a simple 2-variable constrained optimization: maximize a²+b² subject to a+b=500 and a,b≥150, yielding a=150, b=350, d=√145000, ⌊d⌋=380. This is a combinatorial constraint derivation followed by boundary-check optimization, not a modular arithmetic or algebraic number theory technique.</dimension2_explanation>
  <ai_direction_summary>The AI reformulated the problem as an Eulerian walk on the cycle graph C₄ with flow conservation, attempting to derive the achievable region of visit counts (c₀,c₁,c₂,c₃) from first principles via edge-flow variables and parity arguments.</ai_direction_summary>
  <standard_solution_key_technique>The standard solution directly states the constraint a,b≥150 (each perpendicular direction needs at least 150 miles due to the 300-right/199-left turn imbalance) and performs a simple boundary optimization of a²+b² under a+b=500.</standard_solution_key_technique>
  <confidence>high</confidence>
</analysis>
```

### ANALYSIS COMPLETE
DEVIN_CLI_EXITED code=0
