Error: Agent error: Permission denied: Permission denied: Reached overall message rate limit. Please try again later. Your limit will reset in 49 minutes. (trace ID: 9ebb915ddbe7b421a17d3ea8ab755a57): {
  "cognition.ai/errorKind": "internal",
  "cognition.ai/retryable": true
}
DEVIN_CLI_EXITED code=1
Error: Agent error: Permission denied: Permission denied: Reached overall message rate limit. Please try again later. Your limit will reset in 43 minutes. (trace ID: 2bd520f1412cb0fd9c5df81dea1a2585): {
  "cognition.ai/errorKind": "internal",
  "cognition.ai/retryable": true
}
DEVIN_CLI_EXITED code=1
Error: Agent error: Permission denied: Permission denied: Reached overall message rate limit. Please try again later. Your limit will reset in 37 minutes. (trace ID: ff04467c20d39280e5f72074bbbd6319): {
  "cognition.ai/errorKind": "internal",
  "cognition.ai/retryable": true
}
DEVIN_CLI_EXITED code=1
Error: Agent error: Permission denied: Permission denied: Reached overall message rate limit. Please try again later. Your limit will reset in 33 minutes. (trace ID: 6c0155a6e05720310153f5fdfcabe1fb): {
  "cognition.ai/errorKind": "internal",
  "cognition.ai/retryable": true
}
DEVIN_CLI_EXITED code=1
Error: Agent error: Permission denied: Permission denied: Reached overall message rate limit. Please try again later. Your limit will reset in 27 minutes. (trace ID: 6ca597b51ca5cf88283bf234036fb011): {
  "cognition.ai/errorKind": "internal",
  "cognition.ai/retryable": true
}
DEVIN_CLI_EXITED code=1
Error: Agent error: Permission denied: Permission denied: Reached overall message rate limit. Please try again later. Your limit will reset in 21 minutes. (trace ID: 005af94958d963c258da02b231b2d939): {
  "cognition.ai/errorKind": "internal",
  "cognition.ai/retryable": true
}
DEVIN_CLI_EXITED code=1
Error: Agent error: Permission denied: Permission denied: Reached overall message rate limit. Please try again later. Your limit will reset in 17 minutes. (trace ID: a12011464a5029f29d5155503c93235a): {
  "cognition.ai/errorKind": "internal",
  "cognition.ai/retryable": true
}
DEVIN_CLI_EXITED code=1
Error: Agent error: Permission denied: Permission denied: Reached overall message rate limit. Please try again later. Your limit will reset in 11 minutes. (trace ID: 83ed10a3d30ae3a36e34d0647d81925b): {
  "cognition.ai/errorKind": "internal",
  "cognition.ai/retryable": true
}
DEVIN_CLI_EXITED code=1
Error: Agent error: Permission denied: Permission denied: Reached overall message rate limit. Please try again later. Your limit will reset in 5 minutes. (trace ID: 52433c3b554d67123b62704a1c7a07b0): {
  "cognition.ai/errorKind": "internal",
  "cognition.ai/retryable": true
}
DEVIN_CLI_EXITED code=1
Error: Agent error: Permission denied: Permission denied: Reached overall message rate limit. Please try again later. Your limit will reset in 1 minute. (trace ID: 46198ef57c94655e1636f027b16a7779): {
  "cognition.ai/errorKind": "internal",
  "cognition.ai/retryable": true
}
DEVIN_CLI_EXITED code=1
我已经掌握了所需的所有信息。让我来分析一下：

**问题** (oda_math_460k_00013930)：椭圆 $5x^2 - ky^2 = 5$ 在 $(0, 2)$ 处有一个焦点，求 $k$。

**标准解答**：将方程重写为标准椭圆形式，识别出 $k<0$，长轴在 y 轴上，使用 $c^2 = b^2 - a^2 = 4$ 求解，得到 $k = -1$。

**AI 的思考过程**：AI 的思考过程是关于一个**完全不同的问题**——一个关于“被直径小于 1 的开集覆盖的平面”的组合几何覆盖问题。AI 从未尝试过这个椭圆问题。它花费了整个思考预算去探索平面覆盖问题中 $N$ 的各种解释，最终也没有得出结论。

这是一个极端的 DIRECTION_ERROR 情况：AI 解决了错误的问题。标准解答中的关键技术是基础圆锥曲线/解析几何（椭圆标准形式、焦点性质）——这不属于任何列出的数论转折点类别，因此是“其他”。

```xml
<analysis>
  <problem_id>oda_math_460k_00013930</problem_id>
  <dimension1_verdict>DIRECTION_ERROR</dimension1_verdict>
  <dimension1_explanation>The AI's thinking addresses an entirely different problem — a combinatorial geometry covering problem about open sets of diameter less than 1 on the plane — rather than the actual ellipse problem. The AI never attempted the ellipse problem at all; it spent its entire thinking budget exploring interpretations of an unrelated problem, so the failure is a fundamental direction error (wrong problem entirely), not a token limit issue.</dimension1_verdict>
  <dimension2_turning_point_type>other</dimension2_turning_point_type>
  <dimension2_explanation>The standard solution's key turning point is recognizing that for 5x²−ky²=5 to be an ellipse, k must be negative, then rewriting in standard form x²/1 + y²/(5/(−k)) = 1, identifying the vertical major axis from the focus (0,2), and applying c²=b²−a²=4 to solve for k. This is basic conic-section/analytic geometry, not a number-theoretic technique.</dimension2_explanation>
  <ai_direction_summary>The AI attempted a completely unrelated combinatorial geometry problem about covering the plane with open sets of diameter less than 1, never engaging with the ellipse problem it was given.</ai_direction_summary>
  <standard_solution_key_technique>Rewrite the conic equation in standard ellipse form, deduce k<0 from the ellipse condition, identify the vertical major axis from the y-axis focus, and use the focus relation c²=b²−a²=4 to solve for k=−1.</standard_solution_key_technique>
  <confidence>high</confidence>
</analysis>
```

### 分析完成
DEVIN_CLI_EXITED code=0
