## Solution

We compute the flux of $\vec{G} = (y, z, x)$ downward through the cap $S: x = c - y^2 - z^2$ lying above the plane $x = d$ (with $d < c$).

**Setup.** The cap exists where $c - y^2 - z^2 \ge d$, i.e. over the disk $D: y^2 + z^2 \le R$ where $R = c - d > 0$.

**Parameterization.** Write $\vec{r}(y,z) = (c - y^2 - z^2,\; y,\; z)$. Then
$$\vec{r}_y = (-2y, 1, 0),\qquad \vec{r}_z = (-2z, 0, 1),$$
$$\vec{r}_y \times \vec{r}_z = (1,\; 2y,\; 2z).$$
This normal has positive $x$-component, so it points in the $+x$ ("upward") direction — outward from the solid region $\{d \le x \le c-y^2-z^2\}$. The **downward** flux is therefore the negative of the flux with this normal.

**Integrand.** On the surface $x = c - y^2 - z^2$,
$$\vec{G}\cdot(\vec{r}_y\times\vec{r}_z) = (y,\,z,\,x)\cdot(1,\,2y,\,2z) = y + 2yz + 2xz = y + 2yz + 2z(c - y^2 - z^2).$$
Expanding:
$$= y + 2yz + 2cz - 2y^2 z - 2z^3.$$

**Symmetry.** The domain $D$ is the disk $y^2 + z^2 \le R$, symmetric in both $y$ and $z$. Every term above is odd in at least one of the variables:
- $y$: odd in $y$,
- $2yz$: odd in $y$ (and $z$),
- $2cz$: odd in $z$,
- $2y^2 z$: odd in $z$,
- $2z^3$: odd in $z$.

Hence each integrates to $0$ over $D$, giving the upward flux $= 0$, and therefore the downward flux $= -0 = 0$.

**Verification via divergence theorem.** $\nabla\cdot\vec{G} = \dfrac{\partial y}{\partial x} + \dfrac{\partial z}{\partial y} + \dfrac{\partial x}{\partial z} = 0$. The closed solid bounded by the cap $S$ and the disk $S_0: x = d$, $y^2+z^2\le R$ has total outward flux $0$:
$$\iint_S \vec{G}\cdot d\vec{S}\;+\;\iint_{S_0}\vec{G}\cdot d\vec{S} = 0.$$
On $S_0$ the outward normal is $(-1,0,0)$ and $\vec{G}=(y,z,d)$, so $\vec{G}\cdot(-1,0,0) = -y$, whose integral over the symmetric disk is $0$. Thus the outward flux through the cap is also $0$, confirming the downward flux is $0$.

$$\boxed{\,\iint_S \vec{G}\cdot d\vec{S}\,(\text{downward}) = 0\,}$$

### PROOF COMPLETE
DEVIN_CLI_EXITED code=0
