Error: Agent error: Permission denied: Permission denied: Reached overall message rate limit. Please try again later. Your limit will reset in 51 minutes. (trace ID: e438cae78f67a8ce5c00c9cde2884821): {
  "cognition.ai/errorKind": "internal",
  "cognition.ai/retryable": true
}
DEVIN_CLI_EXITED code=1
Error: Agent error: Permission denied: Permission denied: Reached overall message rate limit. Please try again later. Your limit will reset in 47 minutes. (trace ID: 07cbc17ad5da1f3f51095f2faeffcec3): {
  "cognition.ai/errorKind": "internal",
  "cognition.ai/retryable": true
}
DEVIN_CLI_EXITED code=1
Error: Agent error: Permission denied: Permission denied: Reached overall message rate limit. Please try again later. Your limit will reset in 41 minutes. (trace ID: ead9f65637425c12ae577fa082520f48): {
  "cognition.ai/errorKind": "internal",
  "cognition.ai/retryable": true
}
DEVIN_CLI_EXITED code=1
Error: Agent error: Permission denied: Permission denied: Reached overall message rate limit. Please try again later. Your limit will reset in 35 minutes. (trace ID: 4f73f57c2b70e6a09afb1b7653175d6a): {
  "cognition.ai/errorKind": "internal",
  "cognition.ai/retryable": true
}
DEVIN_CLI_EXITED code=1
Error: Agent error: Permission denied: Permission denied: Reached overall message rate limit. Please try again later. Your limit will reset in 31 minutes. (trace ID: c70f11984db5d6d792b2615036787433): {
  "cognition.ai/errorKind": "internal",
  "cognition.ai/retryable": true
}
DEVIN_CLI_EXITED code=1
Error: Agent error: Permission denied: Permission denied: Reached overall message rate limit. Please try again later. Your limit will reset in 25 minutes. (trace ID: 8a0513cd2f67cdb36aa67135873ea937): {
  "cognition.ai/errorKind": "internal",
  "cognition.ai/retryable": true
}
DEVIN_CLI_EXITED code=1
Error: Agent error: Permission denied: Permission denied: Reached overall message rate limit. Please try again later. Your limit will reset in 19 minutes. (trace ID: 20dd7edf09d550377615a38f584c1658): {
  "cognition.ai/errorKind": "internal",
  "cognition.ai/retryable": true
}
DEVIN_CLI_EXITED code=1
Error: Agent error: Permission denied: Permission denied: Reached overall message rate limit. Please try again later. Your limit will reset in 15 minutes. (trace ID: a6d2bfe5b1bf754f53c4b653313bf2fd): {
  "cognition.ai/errorKind": "internal",
  "cognition.ai/retryable": true
}
DEVIN_CLI_EXITED code=1
Error: Agent error: Permission denied: Permission denied: Reached overall message rate limit. Please try again later. Your limit will reset in 9 minutes. (trace ID: c2ae13ba2736b7086e207fddafac42dc): {
  "cognition.ai/errorKind": "internal",
  "cognition.ai/retryable": true
}
DEVIN_CLI_EXITED code=1
Error: Agent error: Permission denied: Permission denied: Reached overall message rate limit. Please try again later. Your limit will reset in 3 minutes. (trace ID: 1ad691d396a33c9cadfa55660a7b4a61): {
  "cognition.ai/errorKind": "internal",
  "cognition.ai/retryable": true
}
DEVIN_CLI_EXITED code=1
基于 AGENTS.md 文件，我已明确了分析任务。让我来检查一下关键输入：

- **问题** (第 1074 行): Ursula 热狗/沙拉算术问题
- **标准解答** (第 1077 行及之后): 简单的线性方程求解 (7.50 + 3s = 15 → s = 2.50)
- **AI 的思考过程** (第 23-989 行): 关于平面中红/蓝点的非交叉交替路径的冗长组合几何分析——这是一个完全不同的数学问题

AI 的思考过程与给定的问题完全无关。AI 本应解决一个简单的算术问题，却转而分析了一个深奥的组合几何问题。这是一个脱节/技术故障，而非 Ursula 问题上的数学方向错误。

```xml
<analysis>
  <problem_id>oda_math_460k_00055335</problem_id>
  <dimension1_verdict>CONNECTION_ERROR</dimension1_verdict>
  <dimension1_explanation>The AI's thinking is entirely about a different problem (noncrossing alternating paths for red/blue points in the plane, a combinatorial geometry problem) rather than the assigned Ursula hot-dog/salad arithmetic problem. There is a complete disconnect between the problem statement and the AI's reasoning, indicating a context/pipeline corruption where the wrong thinking was attached to this problem.</dimension1_explanation>
  <dimension2_turning_point_type>other</dimension2_turning_point_type>
  <dimension2_explanation>The standard solution uses simple linear equation setup (5*1.50 + 3s = 20 - 5, solving 7.50 + 3s = 15) — basic arithmetic, not any modular/number-theoretic technique. Since the AI never engaged with this problem, the turning point is moot.</dimension2_explanation>
  <ai_direction_summary>The AI's thinking went entirely into a combinatorial geometry problem about the largest constant c guaranteeing noncrossing alternating paths of length cn for n red and n blue points, exploring convex-hull, clustered, and circular configurations — none of which relate to the Ursula arithmetic problem.</ai_direction_summary>
  <standard_solution_key_technique>The standard solution sets up a simple linear equation from the total cost (hot dogs + 3*salad price = $15) and solves for the salad price, yielding $2.50.</standard_solution_key_technique>
  <confidence>high</confidence>
</analysis>
```

### 分析完成
DEVIN_CLI_EXITED code=0
