I'll solve this directly in the TUI. First, let me check for answer leaks — the problem statement contains only the problem, no solutions or hints. Proceeding to solve.

---

## Proof

**Claim:** Yes, such functions exist.

**Construction:** Take $f(x) = 1$ (constant) and $g(x) = e^{-x}$ for all $x \in [0,\infty)$.

**Verification of the hypotheses:**

1. **Range:** $f(x)=1 \in [0,\infty)$ and $g(x)=e^{-x} \in (0,1] \subset [0,\infty)$ for all $x \geq 0$. ✓

2. **Integrability of $g$:**
$$\int_0^\infty g(x)\,dx = \int_0^\infty e^{-x}\,dx = 1 < \infty. \quad \checkmark$$

**Computation of the expression:**

- **Numerator:**
$$\int_0^a f(x)\,g(x)\,dx = \int_0^a 1 \cdot e^{-x}\,dx = 1 - e^{-a}.$$

- **Denominator factors:**
$$f(a) = 1, \qquad \int_a^\infty g(x)\,dx = \int_a^\infty e^{-x}\,dx = e^{-a}.$$

- **The ratio:**
$$R(a) = \frac{1 - e^{-a}}{1 \cdot e^{-a}} = \frac{1 - e^{-a}}{e^{-a}} = e^{a} - 1.$$

**Exponential growth:** As $a \to \infty$, $R(a) = e^a - 1 \sim e^a$, which grows exponentially (rate $e^a$). More precisely, for any $c < 1$ and all sufficiently large $a$, we have $R(a) \geq e^{ca}$.

**Conclusion:** The functions $f \equiv 1$ and $g(x) = e^{-x}$ satisfy all the required conditions, and the expression $R(a) = e^a - 1$ grows exponentially in $a$. Therefore, such functions exist.

### PROOF COMPLETE
DEVIN_CLI_EXITED code=0
