让我先用Python构建乘法表并计算每个元素的阶，验证我的推理。计算验证完毕。让我再确认一下群是否交换，以及它的结构，以便给出完整理由。## 解答

### 思路

根据提示方向：**群 $G$ 是循环群当且仅当存在阶等于 $|G|$ 的元素（生成元）。** 因此我需要逐一计算 $G$ 中每个元素的阶，检查是否有元素的阶等于 $|G|=12$。

### 计算各元素的阶

$G$ 有 12 个元素。利用乘法表逐元素追踪幂次：

| 元素 | 幂序列 | 阶 |
|------|--------|-----|
| $e$ | $e$ | 1 |
| $x_9$ | $x_9 \to x_1 \to x_8 \to x_{10} \to x_3 \to e$ | **6** |
| $x_1$ | $x_1 \to x_{10} \to e$ | 3 |
| $x_8$ | $x_8 \to e$ | 2 |
| $x_{10}$ | $x_{10} \to x_1 \to e$ | 3 |
| $x_3$ | $x_3 \to x_9 \to x_1 \to x_8 \to x_{10} \to e$ | **6** |
| $x_{11}$ | $x_{11} \to e$ | 2 |
| $x_2$ | $x_2 \to x_1 \to x_5 \to x_{10} \to x_6 \to e$ | **6** |
| $x_7$ | $x_7 \to x_{10} \to x_{11} \to x_1 \to x_4 \to e$ | **6** |
| $x_5$ | $x_5 \to e$ | 2 |
| $x_4$ | $x_4 \to x_1 \to x_{11} \to x_{10} \to x_7 \to e$ | **6** |
| $x_6$ | $x_6 \to x_{10} \to x_5 \to x_1 \to x_2 \to e$ | **6** |

**阶分布**：$\{1: 1,\ 2: 3,\ 3: 2,\ 6: 6\}$

### 判定

$|G| = 12$，但 $G$ 中**最大元素阶为 6**，没有任何元素的阶等于 12。

由循环群的等价刻画：**有限群 $G$ 是循环群 $\iff$ $G$ 中存在阶为 $|G|$ 的元素。** 此条件不满足，因此 $G$ **不是循环群**。

### 进一步说明（群结构）

经计算验证，$G$ 是**交换群**（Abel 群）。其中：

- $H = \langle x_9 \rangle = \{e, x_9, x_1, x_8, x_{10}, x_3\}$，阶 6，同构于 $\mathbb{Z}_6$；
- $K = \langle x_{11} \rangle = \{e, x_{11}\}$，阶 2，同构于 $\mathbb{Z}_2$；
- $H \cap K = \{e\}$，且 $HK = G$（$|HK| = 6 \times 2 = 12 = |G|$）。

因此 $G \cong \mathbb{Z}_6 \times \mathbb{Z}_2 \cong \mathbb{Z}_2 \times \mathbb{Z}_2 \times \mathbb{Z}_3$。

由于 $\mathbb{Z}_2 \times \mathbb{Z}_2$ 不是循环群（两个 $\mathbb{Z}_2$ 的直和中没有阶 4 的元素），其与 $\mathbb{Z}_3$ 的直和 $\mathbb{Z}_2 \times \mathbb{Z}_2 \times \mathbb{Z}_3$ 也不是循环群——这从结构上也印证了判定。循环群要求分解为**两两互素**阶的循环群直和，而 $\gcd(2,2) = 2 \neq 1$，破坏了循环性。

$$\boxed{G \text{ 不是循环群。} |G|=12 \text{，但 } G \text{ 中最大元素阶为 } 6 < 12 \text{，不存在阶等于 } |G| \text{ 的生成元。}}$$

证毕。
