Error: Agent error: Permission denied: Permission denied: Reached overall message rate limit. Please try again later. Your limit will reset in 52 minutes. (trace ID: 8bd3cc1fa4f64c289832f09d2e892cb6): {
  "cognition.ai/errorKind": "internal",
  "cognition.ai/retryable": true
}
DEVIN_CLI_EXITED code=1
Error: Agent error: Permission denied: Permission denied: Reached overall message rate limit. Please try again later. Your limit will reset in 50 minutes. (trace ID: 48d77a17c3408d7d543a95b943416d91): {
  "cognition.ai/errorKind": "internal",
  "cognition.ai/retryable": true
}
DEVIN_CLI_EXITED code=1
Error: Agent error: Permission denied: Permission denied: Reached overall message rate limit. Please try again later. Your limit will reset in 48 minutes. (trace ID: ccb3176a404b0e25c41316b9ee616f01): {
  "cognition.ai/errorKind": "internal",
  "cognition.ai/retryable": true
}
DEVIN_CLI_EXITED code=1
Error: Agent error: Permission denied: Permission denied: Reached overall message rate limit. Please try again later. Your limit will reset in 44 minutes. (trace ID: 3021e916cc5cdac9c8d387d4fc6a2938): {
  "cognition.ai/errorKind": "internal",
  "cognition.ai/retryable": true
}
DEVIN_CLI_EXITED code=1
Error: Agent error: Permission denied: Permission denied: Reached overall message rate limit. Please try again later. Your limit will reset in 42 minutes. (trace ID: d62adc9b99daae8973259c79ce3d8053): {
  "cognition.ai/errorKind": "internal",
  "cognition.ai/retryable": true
}
DEVIN_CLI_EXITED code=1
Error: Agent error: Permission denied: Permission denied: Reached overall message rate limit. Please try again later. Your limit will reset in 38 minutes. (trace ID: 1271768c209acc6e64fb41b6d5248c1e): {
  "cognition.ai/errorKind": "internal",
  "cognition.ai/retryable": true
}
DEVIN_CLI_EXITED code=1
Error: Agent error: Permission denied: Permission denied: Reached overall message rate limit. Please try again later. Your limit will reset in 34 minutes. (trace ID: a448b60f1c525814e15da3e875fa3056): {
  "cognition.ai/errorKind": "internal",
  "cognition.ai/retryable": true
}
DEVIN_CLI_EXITED code=1
Error: Agent error: Permission denied: Permission denied: Reached overall message rate limit. Please try again later. Your limit will reset in 32 minutes. (trace ID: bbfb3e339817cb62746dde0fabc4fdb1): {
  "cognition.ai/errorKind": "internal",
  "cognition.ai/retryable": true
}
DEVIN_CLI_EXITED code=1
Error: Agent error: Permission denied: Permission denied: Reached overall message rate limit. Please try again later. Your limit will reset in 28 minutes. (trace ID: 7a9c579ef616ce83988cf88238c4ea58): {
  "cognition.ai/errorKind": "internal",
  "cognition.ai/retryable": true
}
DEVIN_CLI_EXITED code=1
Error: Agent error: Permission denied: Permission denied: Reached overall message rate limit. Please try again later. Your limit will reset in 26 minutes. (trace ID: a7798642a8b8616994b65faddedf2ab8): {
  "cognition.ai/errorKind": "internal",
  "cognition.ai/retryable": true
}
DEVIN_CLI_EXITED code=1
Error: Agent error: Permission denied: Permission denied: Reached overall message rate limit. Please try again later. Your limit will reset in 21 minutes. (trace ID: 153b133d82c790010559c555dafdda1a): {
  "cognition.ai/errorKind": "internal",
  "cognition.ai/retryable": true
}
DEVIN_CLI_EXITED code=1
Error: Agent error: Permission denied: Permission denied: Reached overall message rate limit. Please try again later. Your limit will reset in 18 minutes. (trace ID: 7d070b28fe9724979fa709dd66c7185d): {
  "cognition.ai/errorKind": "internal",
  "cognition.ai/retryable": true
}
DEVIN_CLI_EXITED code=1
Error: Agent error: Permission denied: Permission denied: Reached overall message rate limit. Please try again later. Your limit will reset in 15 minutes. (trace ID: 174002479689b8dcffb553f8555eb833): {
  "cognition.ai/errorKind": "internal",
  "cognition.ai/retryable": true
}
DEVIN_CLI_EXITED code=1
Error: Agent error: Permission denied: Permission denied: Reached overall message rate limit. Please try again later. Your limit will reset in 12 minutes. (trace ID: ec359b910939e76b088b33ff2ac1fd15): {
  "cognition.ai/errorKind": "internal",
  "cognition.ai/retryable": true
}
DEVIN_CLI_EXITED code=1
Error: Agent error: Permission denied: Permission denied: Reached overall message rate limit. Please try again later. Your limit will reset in 9 minutes. (trace ID: 7fc84dc17bc6e4705141482290abf1b5): {
  "cognition.ai/errorKind": "internal",
  "cognition.ai/retryable": true
}
DEVIN_CLI_EXITED code=1
Error: Agent error: Permission denied: Permission denied: Reached overall message rate limit. Please try again later. Your limit will reset in 5 minutes. (trace ID: d73d485f7371d177f5a41931fdaab925): {
  "cognition.ai/errorKind": "internal",
  "cognition.ai/retryable": true
}
DEVIN_CLI_EXITED code=1
Error: Agent error: Permission denied: Permission denied: Reached overall message rate limit. Please try again later. Your limit will reset in 2 minutes. (trace ID: 210ea80a6bc8e3aec67a951ad3a409f5): {
  "cognition.ai/errorKind": "internal",
  "cognition.ai/retryable": true
}
DEVIN_CLI_EXITED code=1
我已经阅读了完整的 AGENTS.md 文件。现在我已经掌握了进行分析所需的所有信息。该文件包含：

1. **问题**：一道关于火车在两站之间行驶的代数应用题
2. **标准答案**：使用延迟方程的正确代数解法（D=196 km, v=84 km/h）
3. **AI 的思考过程**：AI 尝试解答的过程——但这实际上是在求解一个完全不同的 PDE 问题（带有相似性假设的拉普拉斯方程 ψ = x^γ f(ζ)），而不是火车问题

这是我分析的 XML 结果：

```xml
<analysis>
  <problem_id>oda_math_460k_00054572</problem_id>
  <dimension1_verdict>DIRECTION_ERROR</dimension1_verdict>
  <dimension1_explanation>The AI's thinking went in a fundamentally wrong direction: instead of solving the train word problem (an algebra problem about distance, speed, and delay), the AI attempted to solve a completely unrelated PDE problem involving Laplace's equation with a similarity ansatz ψ = x^γ f(ζ). The AI never engaged with the train problem at all — its entire reasoning process (over 1000 lines) is devoted to hypergeometric functions, polar coordinate transformations, and harmonic polynomial solutions, none of which have any relevance to the actual problem.</dimension1_explanation>
  <dimension2_turning_point_type>other</dimension2_turning_point_type>
  <dimension2_explanation>The standard solution's key technique is setting up two algebraic delay equations (one for each day) relating distance D, speed v, stop time, and reduced speed, then solving the resulting system of two linear equations. The first day's delay equation yields D/v = 7/3, and substituting into the second day's equation yields v = 84 km/h and D = 196 km. This is basic algebraic word-problem modeling, not any specialized number-theoretic technique.</dimension2_explanation>
  <ai_direction_summary>The AI solved a completely different problem — a PDE/Laplace equation similarity reduction problem — instead of the train algebra word problem it was given.</ai_direction_summary>
  <standard_solution_key_technique>The standard solution models the two days' delays as algebraic equations in distance D and speed v, then solves the 2×2 system by substitution to find v = 84 km/h and D = 196 km.</standard_solution_key_technique>
  <confidence>high</confidence>
</analysis>
```

### 分析完成
DEVIN_CLI_EXITED code=0
