## 解答

**问题：** 求满足 $n \leq 2021$ 的正整数 $n$，使得 $(\lfloor\sqrt{n}\rfloor^2 + 1) \mid (n^2 + 1)$。

### 设定

令 $k = \lfloor\sqrt{n}\rfloor$，则 $k^2 \leq n \leq k^2 + 2k$，因此 $n = k^2 + r$，其中 $0 \leq r \leq 2k$。由于 $n \geq 1$，我们有 $k \geq 1$；由于 $n \leq 2021$ 且 $44^2 = 1936 \leq 2021 < 2025 = 45^2$，我们有 $k \in \{1, 2, \ldots, 44\}$。

### 模归约

计算 $n^2 + 1 \pmod{k^2+1}$。由于 $k^2 \equiv -1 \pmod{k^2+1}$：

$$n^2 + 1 = (k^2+r)^2 + 1 = k^4 + 2k^2r + r^2 + 1 \equiv 1 - 2r + r^2 + 1 = (r-1)^2 + 1 \pmod{k^2+1}.$$

因此，条件等价于

$$(k^2+1) \mid \big((r-1)^2 + 1\big).$$

令 $t = r - 1$，则 $-1 \leq t \leq 2k-1$，我们需要 $(k^2+1) \mid (t^2+1)$。

### 约束除数

对于 $k \geq 1$，$t^2 + 1$ 的最大值为 $(2k-1)^2 + 1 = 4k^2 - 4k + 2$。由于 $4k^2 - 4k + 2 < 4(k^2+1) = 4k^2+4$（因为 $4k+2 > 0$），除数 $k^2+1$ 最多只能整除 $t^2+1$ 1、2 或 3 次。因此 $t^2+1 = m(k^2+1)$，其中 $m \in \{1,2,3\}$。

### 情况 $m=1$: $t^2 = k^2$, 即 $t = \pm k$

- **$t = k$:** 需要 $k \leq 2k-1$，即 $k \geq 1$ ✓。此时 $r = k+1$，$n = k^2 + k + 1$。验证 $n < (k+1)^2$：$k^2+k+1 < k^2+2k+1 \iff k > 0$ ✓。需要 $n \leq 2021$：$k^2+k+1 \leq 2021 \iff k^2+k \leq 2020$。由于 $44^2+44 = 1980 \leq 2020$ 且 $45^2+45 = 2070 > 2020$，得到 $k = 1, \ldots, 44$：**44 个值**。

- **$t = -k$:** 需要 $-k \geq -1$，即 $k \leq 1$，所以 $k = 1$。此时 $t = -1$，$r = 0$，$n = 1$。验证：$\lfloor\sqrt{1}\rfloor = 1$，$k^2+1 = 2$，$n^2+1 = 2$，$2 \mid 2$ ✓。这给出了 $n = 1$：**1 个值**（与上述情况不同，因为 $k^2+k+1=1$ 需要 $k=0$）。

### 情况 $m=2$: $t^2 = 2k^2 + 1$ (Pell 方程 $t^2 - 2k^2 = 1$)

正解 $(t, k)$ 为：$(3, 2),\; (17, 12),\; (99, 70),\; (577, 408),\; \ldots$

我们需要 $t \leq 2k-1$ 且 $n = k^2 + t + 1 \leq 2021$：

- $(3, 2)$：$t = 3 \leq 3$ ✓，$n = 4 + 4 = 8$。验证：$\lfloor\sqrt{8}\rfloor = 2$，$k^2+1 = 5$，$8^2+1 = 65 = 13 \times 5$ ✓。
- $(17, 12)$：$t = 17 \leq 23$ ✓，$n = 144 + 18 = 162$。验证：$\lfloor\sqrt{162}\rfloor = 12$，$k^2+1 = 145$，$162^2+1 = 26245 = 181 \times 145$ ✓。
- $(99, 70)$：$n = 4900 + 100 = 5000 > 2021$ ✗。

负根 $t = -\sqrt{2k^2+1}$ 需要 $t \geq -1$，即 $k = 0$（无效）。所以：**2 个值** ($n = 8, 162$)。

### 情况 $m=3$: $t^2 = 3k^2 + 2$

模 3：$t^2 \equiv 2 \pmod{3}$。但完全平方数模 3 同余于 $0$ 或 $1$。**不可能** — 无解。

### 无重叠

- $n=1$：$k^2+k+1 = 1 \Rightarrow k = 0$，不在范围内。
- $n=8$：$k^2+k+1 = 8 \Rightarrow k^2+k-7 = 0$，判别式 $29$，非完全平方数。
- $n=162$：$k^2+k+1 = 162 \Rightarrow k^2+k-161 = 0$，判别式 $645$，非完全平方数。

### 最终统计

| 来源 | 值 | 计数 |
|---|---|---|
| $m=1$, $t=k$, $k=1,\ldots,44$ | $n = k^2+k+1$ | 44 |
| $m=1$, $t=-k$, $k=1$ | $n = 1$ | 1 |
| $m=2$, Pell 解 | $n = 8, 162$ | 2 |
| **总计** | | **47** |

### PROOF COMPLETE
DEVIN_CLI_EXITED code=0
