Looking at this problem, I need to find the minimum total number of hat turns across all 1000 elves.

**Key Observation: Opposite States Requirement**

When elf A tells elf B "Your hat is red on the outside," at that moment:
- If A is blue-outside (truth-teller), the statement must be true, so B is red-outside.
- If A is red-outside (liar), the statement must be false, so B is blue-outside.

In both cases, A and B must have **opposite** outside colors at the moment of speaking. Since A→B and B→A can occur simultaneously (both are consistent when states are opposite), every unordered pair {A, B} needs at least one moment where they have opposite states.

**Reformulation as Binary Vectors**

The turn times of all elves partition the day into $L$ intervals (where $L = m+1$ and $m$ is the number of distinct turn times). In each interval, every elf has a fixed state (red or blue outside). Each elf's behavior over the day is a **binary vector of length $L$**, where the number of hat turns for that elf equals the number of transitions (0→1 or 1→0) in its vector.

**Necessary and Sufficient Condition:** All 1000 elves must have **distinct** state vectors. (If two elves share the same vector, they are never in opposite states, so they can never communicate.) Conversely, if all vectors are distinct, every pair differs in some interval, giving them an opposite-state moment to communicate.

**Lower Bound**

Among all binary vectors of any length, exactly **2** have zero transitions (the all-0 vector and the all-1 vector). Therefore, at least $1000 - 2 = 998$ of the 1000 elves must have ≥ 1 transition. The total number of hat turns is thus at least **998**.

**Construction Achieving 998**

Set $L = 500$ (i.e., $m = 499$ distinct turn times $t_1 < t_2 < \cdots < t_{499}$).

- **2 elves** never turn their hats: one starts blue-outside (vector = all-1), one starts red-outside (vector = all-0). These contribute 0 turns.
- **998 elves** each turn their hat exactly once. For each $j \in \{1, \ldots, 499\}$ and each initial state $s \in \{0, 1\}$, assign one elf with initial state $s$ that flips at time $t_j$. This gives $2 \times 499 = 998$ elves, each contributing 1 turn.

**Distinctness check:** The two constant vectors are distinct from each other and from any vector with a transition. Two elves with one transition differ if they have different initial states or different flip times. Since all $(s, j)$ pairs are distinct, all 1000 vectors are distinct. ✓

**Communication scheduling:** During each interval, the elves split into two groups (blue-outside and red-outside). Every pair of elves in opposite groups can exchange the statement "Your hat is red on the outside" — the truth-teller (blue) truthfully says the listener is red, and the liar (red) falsely says the listener is red. Since every pair of vectors differs in at least one interval, every pair has at least one opportunity to communicate. ✓

**Total hat turns:** $0 + 998 = \mathbf{998}$.

### PROOF COMPLETE
DEVIN_CLI_EXITED code=0
