## Solution

We need to count ordered sequences $(a,b,c,d)$ of four distinct positive integers such that

$$\binom{\binom{a}{b}}{\binom{c}{d}} = 21.$$

Let $P = \binom{a}{b}$ (primary value) and $S = \binom{c}{d}$ (secondary value). The constraint is $\binom{P}{S} = 21$.

### Step 1: Find all $(P,S)$ with $\binom{P}{S}=21$

Since $21 = 3\times 7$, we test small values of $S$:

- $S=1$: $P = 21$ → $(P,S)=(21,1)$.
- $S=2$: $P(P-1)/2 = 21 \Rightarrow P=7$ → $(P,S)=(7,2)$.
- $S=3$: $P(P-1)(P-2)=126$; checking $P=5,6,7$ gives $60,120,210$ — no solution.
- $S\ge 3$ with $P\ge 7$: $\binom{P}{3}\ge 35 > 21$; for $P=6$, $\binom{6}{3}=20\ne 21$; for $P\le5$, values are too small. No middle solutions.

By symmetry $\binom{P}{S}=\binom{P}{P-S}$, the complete set is:
$$(P,S)\in\{(7,2),(7,5),(21,1),(21,20)\}.$$

### Step 2: Enumerate representations of each $P$ and $S$

**$P=7$:** $\binom{a}{b}=7$ gives $(a,b)\in\{(7,1),(7,6)\}$ (only $b=1$ or $b=a-1$; $b=2$ needs $a(a-1)=14$, no integer).

**$P=21$:** $\binom{a}{b}=21$ gives $(a,b)\in\{(21,1),(21,20),(7,2),(7,5)\}$ ($b=2\Rightarrow a=7$; $b=3$ needs $a(a-1)(a-2)=126$, no integer; $b=4$ gives $\binom{7}{4}=35\ne21$).

**$S=2$:** $\binom{c}{d}=2$ gives only $(c,d)=(2,1)$.

**$S=5$:** $\binom{c}{d}=5$ gives $(c,d)\in\{(5,1),(5,4)\}$.

**$S=1$:** $\binom{c}{d}=1$ with $d>0$ forces $d=c$, contradicting distinctness of $c,d$. **No valid representations.**

**$S=20$:** $\binom{c}{d}=20$ gives $(c,d)\in\{(20,1),(20,19),(6,3)\}$ (since $\binom{6}{3}=20$; $d=2$ needs $c(c-1)=40$, no integer).

### Step 3: Count valid sequences per case (all four values distinct)

**Case $(P,S)=(7,2)$:** $(a,b)\in\{(7,1),(7,6)\}$, $(c,d)=(2,1)$.
- $(7,1),(2,1)$: $b=d=1$ ✗
- $(7,6),(2,1)$: $\{7,6,2,1\}$ distinct ✓

→ **1 sequence**.

**Case $(P,S)=(7,5)$:** $(a,b)\in\{(7,1),(7,6)\}$, $(c,d)\in\{(5,1),(5,4)\}$.
- $(7,1),(5,1)$: $b=d=1$ ✗
- $(7,1),(5,4)$: $\{7,1,5,4\}$ ✓
- $(7,6),(5,1)$: $\{7,6,5,1\}$ ✓
- $(7,6),(5,4)$: $\{7,6,5,4\}$ ✓

→ **3 sequences**.

**Case $(P,S)=(21,1)$:** No valid $(c,d)$. → **0 sequences**.

**Case $(P,S)=(21,20)$:** $(a,b)\in\{(21,1),(21,20),(7,2),(7,5)\}$, $(c,d)\in\{(20,1),(20,19),(6,3)\}$.

| $(a,b)$ \ $(c,d)$ | $(20,1)$ | $(20,19)$ | $(6,3)$ |
|---|---|---|---|
| $(21,1)$ | ✗ ($1=1$) | ✓ $\{21,1,20,19\}$ | ✓ $\{21,1,6,3\}$ |
| $(21,20)$ | ✗ ($20=20$) | ✗ ($20=20$) | ✓ $\{21,20,6,3\}$ |
| $(7,2)$ | ✓ $\{7,2,20,1\}$ | ✓ $\{7,2,20,19\}$ | ✓ $\{7,2,6,3\}$ |
| $(7,5)$ | ✓ $\{7,5,20,1\}$ | ✓ $\{7,5,20,19\}$ | ✓ $\{7,5,6,3\}$ |

→ **9 sequences**.

### Step 4: Total

$$1 + 3 + 0 + 9 = \boxed{13}.$$

### PROOF COMPLETE
DEVIN_CLI_EXITED code=0
