Looking at this problem, I need to determine whether there exists a polynomial $f(x,y) \in \mathbb{Q}[x,y]$ that is a bijection $\mathbb{Q} \times \mathbb{Q} \to \mathbb{Q}$.

**Answer Leak Check**: The problem text contains no leaked answer — it is a Lean formalization of an open MathOverflow question, marked `category research open`. No solution is embedded.

---

## Analysis

### Degree 1 is impossible

If $f(x,y) = ax + by + c$ with $b \neq 0$, then for any $t \in \mathbb{Q}$, the equation $f(x,y) = t$ has infinitely many rational solutions (fix any $x$, solve for $y$). If $b = 0$, $f$ is independent of $y$, so not injective. No bijection exists.

### Degree 2 is impossible

**Key fact**: A smooth conic over $\mathbb{Q}$ with a $\mathbb{Q}$-rational point is isomorphic to $\mathbb{P}^1_{\mathbb{Q}}$ and therefore has **infinitely many** $\mathbb{Q}$-rational points. A smooth conic without a $\mathbb{Q}$-point has **zero** $\mathbb{Q}$-points.

Let $f(x,y) = ax^2 + bxy + cy^2 + dx + ey + g$. The fiber $f(x,y) = t$ is a conic. For a bijection:
- **Surjectivity** requires each fiber to have $\geq 1$ rational point.
- **Injectivity** requires each fiber to have $\leq 1$ rational point.
- So each fiber must have **exactly 1** rational point.

A smooth conic with a rational point has infinitely many — violating injectivity. A smooth conic without a rational point has zero — violating surjectivity. Therefore **every fiber must be a singular conic** with exactly one rational point (the case of two conjugate lines over a quadratic extension meeting at a rational point).

The conic $f(x,y) = t$ is singular when the discriminant vanishes:

$$\Delta(t) = \det\begin{pmatrix} a & b/2 & d/2 \\ b/2 & c & e/2 \\ d/2 & e/2 & g-t \end{pmatrix} = (g-t)\!\left(ac - \tfrac{b^2}{4}\right) - \tfrac{ae^2 - bde + cd^2}{4}$$

For **every** $t \in \mathbb{Q}$, we need $\Delta(t) = 0$. Since $\Delta(t)$ is a polynomial of degree $\leq 1$ in $t$ that vanishes identically, both coefficients must be zero:

1. $ac - b^2/4 = 0$, i.e., $b^2 = 4ac$
2. $ae^2 - bde + cd^2 = 0$

From condition (1), the quadratic part is a perfect square: $ax^2 + bxy + cy^2 = a\!\left(x + \frac{b}{2a}y\right)^2$ (assuming $a \neq 0$; the case $a=0$ is similar and easier). Substituting $u = x + \frac{b}{2a}y$:

$$f = au^2 + du + \left(e - \tfrac{db}{2a}\right)y + g$$

Condition (2) gives $a\!\left(e - \frac{db}{2a}\right)^2 = 0$, so $e = \frac{db}{2a}$, making $f = au^2 + du + g$ — **independent of $y$**. This is not injective (varying $y$ at fixed $u$ gives the same value). The case $a = 0$ forces $b = 0$, reducing to $f = cy^2 + dx + ey + g$, which is linear in $x$ and hence not injective.

**Conclusion**: No degree-2 polynomial gives a bijection. $\square$

### Degrees $\geq 3$: Open

The generic fiber of a degree-$d$ polynomial is a smooth curve of genus $g = \frac{(d-1)(d-2)}{2}$:

- **$d = 3$ (genus 1)**: Smooth fibers are elliptic curves, which can have any finite number of rational points (including 1, if the Mordell-Weil rank is 0 and torsion is trivial). Singular fibers can also have exactly 1 rational point. Having exactly 1 rational point per fiber is not geometrically impossible.

- **$d \geq 4$ (genus $\geq 3$)**: By Faltings' theorem, each smooth fiber has **finitely many** rational points. Having exactly 1 is possible in principle. No known argument forces any fiber to have $\geq 2$ points or 0 points.

The genus-0 argument that cleanly rules out degrees 1 and 2 (smooth genus-0 curves with a rational point have infinitely many) **does not extend** to genus $\geq 1$, where finite rational point counts — including 1 — are possible.

No construction of such a polynomial is known, and no proof of nonexistence (beyond degree 2) is known. This is a recognized open problem (MathOverflow 21003, tagged `category research open` in the Formal Conjectures project).

---

## Conclusion

I can prove that no polynomial of degree $\leq 2$ yields a bijection $\mathbb{Q}^2 \to \mathbb{Q}$, but the problem for degree $\geq 3$ is a genuine open problem in mathematics. I cannot resolve it.

### I CANNOT SOLVE THIS
DEVIN_CLI_EXITED code=0
