I'll solve this directly in the TUI as required. No tools needed — this is pure mathematical reasoning.

---

## Fourier Transform of $e^{-\pi\cos x}$

**Convention.** I use the Fourier transform
$$\widehat{f}(\omega)=\int_{-\infty}^{\infty}f(x)\,e^{-i\omega x}\,dx,$$
so that $e^{inx}\mapsto 2\pi\,\delta(\omega-n)$.

### Step 1. The function is periodic

Since $\cos x$ has period $2\pi$, so does $f(x)=e^{-\pi\cos x}$. A periodic function's Fourier transform is a distribution supported on the integer frequencies, so we first compute its Fourier series.

### Step 2. Fourier coefficients via the Jacobi–Anger expansion

The classical identity (generating function of the modified Bessel functions) states that for all complex $z$,
$$e^{z\cos\theta}=\sum_{n=-\infty}^{\infty}I_n(z)\,e^{in\theta},\qquad I_n(z)=\frac{1}{2\pi}\int_{-\pi}^{\pi}e^{z\cos\theta}\,e^{-in\theta}\,d\theta,$$
where $I_n$ is the modified Bessel function of the first kind of order $n$. This follows from expanding $e^{z\cos\theta}=e^{z(e^{i\theta}+e^{-i\theta})/2}$ and using the series $e^{(z/2)t}=\sum_{k}(z/2)^k t^k/k!$ to collect the coefficient of $e^{in\theta}$ (terms with $k$ powers of $e^{i\theta}$ and $k-n$ powers of $e^{-i\theta}$), giving $I_n(z)=\sum_{k=0}^{\infty}\frac{(z/2)^{2k+n}}{k!(k+n)!}$ for $n\ge 0$, and $I_{-n}(z)=I_n(z)$.

Setting $z=-\pi$:
$$e^{-\pi\cos x}=\sum_{n=-\infty}^{\infty}I_n(-\pi)\,e^{inx}.$$

### Step 3. Simplify $I_n(-\pi)$

For integer order, $I_n(-z)=(-1)^n I_n(z)$ (immediate from the power series, since every exponent $2k+n$ carries the same parity as $n$). Hence
$$I_n(-\pi)=(-1)^n I_n(\pi),$$
and the Fourier series is
$$\boxed{\,e^{-\pi\cos x}=\sum_{n=-\infty}^{\infty}(-1)^n I_n(\pi)\,e^{inx}\,}.$$

### Step 4. Take the Fourier transform

Applying $\mathcal{F}$ term-by-term (valid in the distributional sense, the series converging absolutely since $|I_n(\pi)|\sim \frac{1}{\sqrt{2\pi n}}(\frac{e\pi}{2n})^n$ decays super-exponentially for large $|n|$):
$$\widehat{f}(\omega)=\sum_{n=-\infty}^{\infty}(-1)^n I_n(\pi)\cdot 2\pi\,\delta(\omega-n).$$

### Closed form

$$\boxed{\;\widehat{f}(\omega)=2\pi\sum_{n=-\infty}^{\infty}(-1)^n\,I_n(\pi)\,\delta(\omega-n)\;}$$

where $I_n$ is the modified Bessel function of the first kind, $I_n(\pi)=\sum_{k=0}^{\infty}\frac{(\pi/2)^{2k+n}}{k!\,(k+n)!}$ (with $I_{-n}=I_n$), and $\delta$ is the Dirac delta.

**Equivalently**, the Fourier coefficients of $e^{-\pi\cos x}$ are $c_n=(-1)^n I_n(\pi)$, and the transform is a Dirac comb at integer frequencies weighted by $2\pi\,c_n$.

### Verification (sanity check)

Symmetry: $f$ is even, so $c_{-n}=c_n$. Indeed $(-1)^{-n}I_{-n}(\pi)=(-1)^n I_n(\pi)$. ✓

Real-valued: $c_{-n}=c_n$ makes the series $\sum c_n e^{inx}=c_0+2\sum_{n\ge1}c_n\cos(nx)$ real. ✓

Value at $x=0$: $e^{-\pi}=\sum_n(-1)^n I_n(\pi)=I_0(\pi)+2\sum_{n\ge1}(-1)^n I_n(\pi)$. This is the standard identity $e^{-\pi}=I_0(\pi)+2\sum_{n=1}^{\infty}(-1)^n I_n(\pi)$, consistent with $e^{z\cos 0}=e^z$ at $z=-\pi$. ✓

### PROOF COMPLETE
DEVIN_CLI_EXITED code=0
