I'll solve this functional equation directly. Let me first check for answer leaks — the problem text is clean (no solutions, hints, or formalization notes). Proceeding to solve.

## Solution

**Setup.** Let $P(x,y)$ denote the assertion $g(g(x)+y^2+1)+2y = x+(g(y+1))^2$.

**Step 1: A key identity and bijectivity.** Setting $y=0$:
$$g(g(x)+1) = x + (g(1))^2. \tag{1}$$
Let $c = (g(1))^2 \ge 0$. The right side ranges over all of $\mathbb{R}$ as $x$ varies, so $g$ is **surjective**. If $g(u)=g(v)$, then $g(g(u)+1)=g(g(v)+1)$, giving $u+c=v+c$ by (1); so $g$ is **injective**. Hence $g$ is bijective, with inverse $g^{-1}(t) = g(t-c)+1$ (from (1)).

**Step 2: Two dual shift relations.** Apply $g^{-1}$ to $P(x,y)$. Since $g(g(x)+y^2+1) = x+(g(y+1))^2-2y$, we get
$$g(x)+y^2+1 = g^{-1}\!\big(x+(g(y+1))^2-2y\big) = g\!\big(x+(g(y+1))^2-2y-c\big)+1.$$
Setting $h(y) := (g(y+1))^2-2y-c$, this gives
$$\boxed{g(x+h(y)) = g(x)+y^2.} \tag{B}$$
Note $h(0)=c-c=0$. Now rewrite the original using $(g(y+1))^2-2y = h(y)+c$:
$$g(g(x)+y^2+1) = x+h(y)+c. \tag{A}$$
Apply $g^{-1}$ to (A): $g(x)+y^2+1 = g(x+h(y))+1$, recovering (B). Alternatively, apply (B) with $u=g(x)+1$:
$$g(g(x)+1+h(y)) = g(g(x)+1)+y^2 = (x+c)+y^2. \tag{C}$$
Applying $g^{-1}$ to (C) and using $g^{-1}(t)=g(t-c)+1$:
$$g(x)+1+h(y) = g(x+y^2)+1, \quad\text{i.e.,}\quad \boxed{g(x+y^2)=g(x)+h(y).} \tag{D}$$

**Step 3: $g$ is affine via an additive function.** Since $y^2$ ranges over all of $\mathbb{R}_{\ge 0}$, relation (D) says: for all $x\in\mathbb{R}$ and all $t\ge 0$ (writing $t=y^2$, using $h(y)=h(-y)$ from (B)+injectivity),
$$g(x+t) = g(x) + \psi(t), \quad \text{where } \psi(t):=h(\sqrt{t}).$$
So $g(x+t)-g(x)$ depends only on $t\ge 0$. In particular $\psi$ is **additive on $\mathbb{R}_{\ge 0}$**: $\psi(s+t)=\psi(s)+\psi(t)$, and $\psi(s-t)=\psi(s)-\psi(t)$ for $s\ge t\ge 0$.

Let $a=g(0)$. Then $g(x)=a+\psi(x)$ for $x\ge 0$, and $g(x)=a-\psi(-x)$ for $x\le 0$. Define $\Psi:\mathbb{R}\to\mathbb{R}$ by $\Psi(x)=\psi(x)$ for $x\ge 0$ and $\Psi(x)=-\psi(-x)$ for $x<0$. A case check (using $\psi(s-t)=\psi(s)-\psi(t)$ for $s\ge t\ge 0$) shows **$\Psi$ is additive on all of $\mathbb{R}$**, and
$$g(x) = a + \Psi(x) \quad \forall x. \tag{E}$$
Since $g$ is bijective, so is $\Psi$.

**Step 4: $\Psi$ is an involution.** Substitute (E) into $P(x,y)$. Using additivity of $\Psi$:
$$\text{LHS} = a+\Psi(a)+\Psi(\Psi(x))+\Psi(y^2)+\Psi(1)+2y,$$
$$\text{RHS} = x+\big(a+\Psi(y)+\Psi(1)\big)^2.$$
Separating the $x$-dependent and $y$-dependent parts: $\Psi(\Psi(x))-x$ is constant. Evaluating at $x=0$ gives $\Psi(\Psi(0))=0$, so the constant is $0$:
$$\Psi(\Psi(x))=x. \tag{F}$$
Thus $\Psi$ is an additive involution. Decompose $\mathbb{R}=V_+\oplus V_-$ where $V_+=\{x:\Psi(x)=x\}$, $V_-=\{x:\Psi(x)=-x\}$ (eigenspaces over $\mathbb{Q}$).

**Step 5: Ruling out $V_-=\mathbb{R}$ and forcing $\Psi=\mathrm{id}$.** The remaining $y$-equation is, with $d:=a+\Psi(1)$ and $\gamma:=a+\Psi(a)+\Psi(1)$:
$$(\Psi(y))^2 - \Psi(y^2) + 2d\,\Psi(y) - 2y + d^2-\gamma = 0. \tag{$*$}$$

- **If $V_+=\{0\}$**: then $\Psi=-\mathrm{id}$, i.e. $g(x)=a-x$. Substituting: LHS of $P$ $= x-(y-1)^2$, RHS $= x+(a-y-1)^2$. This forces $-(y-1)^2=(a-y-1)^2$ for all $y$, impossible (LHS$\le 0$, RHS$\ge 0$, not both identically $0$). So $V_+\neq\{0\}$.

- For $y\in V_+$, applying $(*)$ to $y$ and $-y$ (both in $V_+$, same $y^2$) yields $4(d-1)y=0$ for all $y\in V_+$. Since $V_+\neq\{0\}$: **$d=1$**.

- For $y\in V_-$, applying $(*)$ to $y$ and $-y$ yields $4(d+1)y=0$ for all $y\in V_-$. Since $d=1$ gives $d+1=2\neq 0$: **$V_-=\{0\}$**.

Therefore $\mathbb{R}=V_+$, i.e. **$\Psi=\mathrm{id}$**, and $g(x)=x+a$.

**Step 6: Pinning down $a$.** With $g(x)=x+a$:
$$\text{LHS}=g(x+a+y^2+1)+2y = x+y^2+1+2a+2y = x+(y+1)^2+2a,$$
$$\text{RHS}=x+(y+1+a)^2 = x+(y+1)^2+2a(y+1)+a^2.$$
Equating: $2a=2a(y+1)+a^2$ for all $y$. The coefficient of $y$ forces $a=0$; then $0=0$. ✓

**Conclusion.** The unique solution is
$$\boxed{g(x)=x}.$$

A direct verification: $g(g(x)+y^2+1)+2y = (x+y^2+1)+2y = x+(y+1)^2 = x+(g(y+1))^2$. ✓

### PROOF COMPLETE
DEVIN_CLI_EXITED code=0
