Error: Agent error: Permission denied: Permission denied: Reached overall message rate limit. Please try again later. Your limit will reset in 24 minutes. (trace ID: 5602d4b1da90e280932c87705cabdc27): {
  "cognition.ai/errorKind": "internal",
  "cognition.ai/retryable": true
}
```xml
<audit>
  <analysis_result_key>2271154</analysis_result_key>
  <problem_id>deepmath_103k_00009726</problem_id>
  <audit_status>FAIL_CONTENT_CORRUPT</audit_status>
  <check_results>
    <A1>PASS: dimension1_verdict is DIRECTION_ERROR, a valid value</A1>
    <A2>PASS: dimension1_explanation is non-empty and well over 50 characters</A2>
    <A3>PASS: dimension2_turning_point_type is "other", a valid value</A3>
    <A4>PASS: dimension2_explanation content is present and over 50 characters (though duplicated/corrupted)</A4>
    <A5>PASS: ai_direction_summary is non-empty and describes the off-track direction</A5>
    <A6>PASS: standard_solution_key_technique is non-empty and describes the Leibniz rule technique</A6>
    <B1>FAIL: dimension2_explanation contains a mismatched XML closing tag &lt;/dimension2_turning_point_type&gt; and a second &lt;dimension2_explanation&gt; opening tag, indicating structural corruption</B1>
    <B2>PASS: no template placeholder leaks ("1-3 sentences", "ONE_OF:", etc.) detected</B2>
    <B3>PASS: both explanations are well over 50 characters</B3>
    <C1>PASS: d1=DIRECTION_ERROR and d2 has a value, consistent</C1>
    <C2>PASS: d1_exp describes the AI addressing a completely different problem, matching DIRECTION_ERROR label</C2>
    <C3>PASS: d2=other and d2_exp describes a calculus technique (Leibniz rule), which correctly does not match any number-theoretic category, so "other" is appropriate</C3>
    <D1>FAIL: d1_explanation is over 100 chars but contains none of the required action verbs (identified, missed, explored, used, went, attempted, tried, failed, overlooked, ignored)</D1>
    <D2>PASS: d2_explanation is over 100 chars and contains mathematical terms (Leibniz rule, integral, derivative, inverse function)</D2>
    <D3>PASS: ai_direction_summary describes the actual direction taken (enumerating rationals with finite quadratic variation), not just "the AI failed"</D3>
    <D4>PASS: standard_solution_key_technique describes the specific technique (inverse function derivative formula + Leibniz rule, evaluating f'(1)=1/sqrt(5))</D4>
    <E1>UNKNOWN — check via script</E1>
  </check_results>
  <issues_found>XML tag leak in dimension2_explanation (mismatched closing tag &lt;/dimension2_turning_point_type&gt; and duplicated &lt;dimension2_explanation&gt; opening tag), missing required action verb in dimension1_explanation (D1)</issues_found>
</audit>
```

### AUDIT COMPLETE
DEVIN_CLI_EXITED code=0
