## Proof

Let $C \subset [0,1]$ denote the Cantor (middle-third) set, and let $\chi_C : [0,1] \to \{0,1\}$ be its characteristic function. We show that $\chi_C$ is Riemann integrable on $[0,1]$ and that

$$\int_0^1 \chi_C(x)\,dx = 0.$$

### Step 1. Construction and total length of removed intervals

The Cantor set is built by iteratively removing open middle thirds. Let $C_0 = [0,1]$. At stage $n \geq 1$ we remove $2^{n-1}$ open intervals, each of length $3^{-n}$. The total length removed up to and including stage $n$ is

$$L_n = \sum_{k=1}^{n} 2^{k-1}\cdot 3^{-k} = \frac{1}{3}\sum_{k=0}^{n-1}\left(\frac{2}{3}\right)^k = \frac{1}{3}\cdot\frac{1-(2/3)^n}{1-2/3} = 1 - \left(\frac{2}{3}\right)^n.$$

The Cantor set is $C = \bigcap_{n=0}^{\infty} C_n$, the set of points never removed. The (Lebesgue) measure of the complement of $C$ in $[0,1]$ is

$$\lambda([0,1]\setminus C) = \lim_{n\to\infty} L_n = 1,$$

so $\lambda(C) = 1 - 1 = 0$. The Cantor set has **Lebesgue measure zero**.

### Step 2. The set of discontinuities of $\chi_C$

The function $\chi_C$ takes the value $1$ on $C$ and $0$ on $[0,1]\setminus C$.

- At any point $x \in [0,1]\setminus C$: the complement is a union of open intervals, so $x$ lies in some open interval on which $\chi_C \equiv 0$; hence $\chi_C$ is **continuous** at $x$.
- At any point $x \in C$: every neighborhood of $x$ contains points of $[0,1]\setminus C$ (the removed intervals are dense in $[0,1]$), where $\chi_C = 0$, while $\chi_C(x)=1$. Hence $\chi_C$ is **discontinuous** at $x$.

Therefore the set of discontinuities of $\chi_C$ is exactly $C$, which has Lebesgue measure zero.

### Step 3. Riemann integrability (Lebesgue's criterion)

By **Lebesgue's criterion for Riemann integrability**, a bounded function on a compact interval is Riemann integrable if and only if its set of discontinuities has Lebesgue measure zero. Since $\chi_C$ is bounded ($0 \le \chi_C \le 1$) and its discontinuity set $C$ has measure zero, $\chi_C$ is **Riemann integrable** on $[0,1]$.

### Step 4. Value of the integral

For each stage $n$, the set $C_n$ consists of $2^n$ closed intervals each of length $3^{-n}$, so the total length (Lebesgue measure) of $C_n$ is

$$\lambda(C_n) = 2^n \cdot 3^{-n} = \left(\frac{2}{3}\right)^n \xrightarrow{n\to\infty} 0.$$

Consider the upper Darboux sums. For any partition $P_n$ adapted to stage $n$ (the endpoints of the $2^n$ constituent intervals of $C_n$ together with the endpoints of all removed intervals), on every subinterval lying inside a removed gap the supremum of $\chi_C$ is $0$, and on every subinterval lying inside one of the $2^n$ intervals of $C_n$ the supremum is at most $1$. Hence

$$U(\chi_C, P_n) \le \lambda(C_n) = \left(\frac{2}{3}\right)^n.$$

Since the lower sums satisfy $L(\chi_C, P_n) \ge 0$ trivially (as $\chi_C \ge 0$), and the upper sums tend to $0$, the upper and lower integrals coincide:

$$\underline{\int_0^1}\chi_C\,dx = \overline{\int_0^1}\chi_C\,dx = 0.$$

Therefore

$$\boxed{\int_0^1 \chi_C(x)\,dx = 0.}$$

### PROOF COMPLETE
DEVIN_CLI_EXITED code=0
