Looking at this problem, I need to count the maximum number of distinct languages recognizable by 6-state unary DFAs.

## Proof

**Setup.** Identify each string in Γ with its length $n \in \mathbb{N}_0$. For a DFA $D = (F, q_0, \delta)$, the language is $F_D = \{n \in \mathbb{N}_0 : \delta^n(q_0) \in F\}$, where $\delta^0(q_0) = q_0$.

**Orbit structure.** The sequence $q_0, \delta(q_0), \delta^2(q_0), \ldots$ is eventually periodic. Let the orbit have tail length $t$ and cycle length $c$, so the states $s_0 = q_0, s_1, \ldots, s_{t+c-1}$ are distinct, $s_{t+c} = s_t$, and $t + c \leq 6$ (the orbit visits at most 6 distinct states). The language is:
$$F_D = \{n < t : s_n \in F\} \cup \{n \geq t : s_{(n-t) \bmod c} \in F\}$$
This is an ultimately periodic subset of $\mathbb{N}_0$ with period $c$ after tail $t$.

**Minimal representation.** Every ultimately periodic set $S$ has a unique minimal representation $(t^*, c^*, A^*, B^*)$ where $c^*$ is the minimal period, $t^*$ is the minimal tail for that period, $A^* = S \cap \{0,\ldots,t^*-1\}$, and $B^* = \{j \in \{0,\ldots,c^*-1\} : t^*+j \in S\}$.

**Realizability criterion.** $S$ is realizable by a 6-state unary DFA **iff** $t^* + c^* \leq 6$:
- *(⟸)* If $t^* + c^* \leq 6$, construct a DFA with $t^*$ tail states and $c^*$ cycle states, setting $F$ to match $A^*$ and $B^*$.
- *(⟹)* If realizable, the orbit has parameters $(t, c)$ with $t + c \leq 6$. Since $t^* \leq t$ and $c^* \mid c$ (so $c^* \leq c$), we get $t^* + c^* \leq t + c \leq 6$.

**Counting sets with minimal period $c$ and minimal tail $t$.** Let $P(c)$ = number of subsets $B \subseteq \{0,\ldots,c-1\}$ with minimal period $c$ (not invariant under shift by any proper divisor of $c$). By Möbius inversion:
$$P(c) = \sum_{d \mid c} \mu(d) \cdot 2^{c/d}$$

For fixed $(t, c)$ with $t \geq 1$: the minimal-period condition gives $P(c)$ choices for $B$; the minimal-tail condition requires $(t{-}1 \in A) \neq (c{-}1 \in B)$, fixing one element of $A$; the remaining $t-1$ elements of $A$ are free, giving $N(t,c) = P(c) \cdot 2^{t-1}$.

For $t = 0$: $N(0,c) = P(c)$ (no tail condition).

**Summing over valid $t$ for each $c$** (where $t$ ranges from $0$ to $6-c$):
$$\sum_{t=0}^{6-c} N(t,c) = P(c)\cdot\bigl(1 + 1 + 2 + 4 + \cdots + 2^{5-c}\bigr) = P(c) \cdot 2^{6-c}$$

**Computing $P(c)$:**
| $c$ | $P(c) = \sum_{d\mid c} \mu(d)\cdot 2^{c/d}$ | Value |
|-----|----------------------------------------------|-------|
| 1 | $2$ | 2 |
| 2 | $4 - 2$ | 2 |
| 3 | $8 - 2$ | 6 |
| 4 | $16 - 4$ | 12 |
| 5 | $32 - 2$ | 30 |
| 6 | $64 - 8 - 4 + 2$ | 54 |

**Final total:**
$$\sum_{c=1}^{6} P(c) \cdot 2^{6-c} = 2\cdot32 + 2\cdot16 + 6\cdot8 + 12\cdot4 + 30\cdot2 + 54\cdot1$$
$$= 64 + 32 + 48 + 48 + 60 + 54 = \boxed{306}$$

The maximum size of a diverse set is $\mathbf{306}$.

### PROOF COMPLETE
DEVIN_CLI_EXITED code=0
