```xml
<audit>
  <analysis_result_key>2270214</analysis_result_key>
  <problem_id>oda_math_460k_00050494</problem_id>
  <audit_status>PASS_SELECTABLE</audit_status>
  <check_results>
    <A1>PASS: dimension1_verdict is "DIRECTION_ERROR", a valid enum value.</A1>
    <A2>PASS: dimension1_explanation is non-empty and well over 50 characters.</A2>
    <A3>PASS: dimension2_turning_point_type is "other", a valid enum value (d1=DIRECTION_ERROR requires d2).</A3>
    <A4>PASS: dimension2_explanation is non-empty and well over 50 characters.</A4>
    <A5>PASS: ai_direction_summary is non-empty and describes the AI's actual direction.</A5>
    <A6>PASS: standard_solution_key_technique is non-empty and describes the technique.</A6>
    <B1>PASS: No XML tag leaks (</dimension or <dimension) found in either explanation.</B1>
    <B2>PASS: No template placeholder leaks ("1-3 sentences", "ONE_OF:", etc.) found.</B2>
    <B3>PASS: Both explanations are well over 50 characters.</B3>
    <C1>PASS: d1=DIRECTION_ERROR and d2="other" is present, consistent with the rule.</C1>
    <C2>PASS: d1_exp describes the AI going in a completely wrong direction (unrelated problem), matching DIRECTION_ERROR.</C2>
    <C3>PASS: d2_exp describes standard polygon geometry formulas with no number-theoretic turning point, matching "other".</C3>
    <D1>PASS: d1_exp is over 100 chars and contains action verbs ("engaged", "hallucinated", "routed").</D1>
    <D2>PASS: d2_exp is over 100 chars and contains mathematical terms (interior angle formula, diagonal count, quadratic equations).</D2>
    <D3>PASS: ai_direction_summary describes the specific direction the AI took (fantastic intervals for polynomials with no real roots).</D3>
    <D4>PASS: standard_solution_key_technique describes specific techniques (polygon formulas, linear/quadratic equations yielding n=12 and n=7).</D4>
    <E1>UNKNOWN — check via script</E1>
  </check_results>
  <issues_found>none</issues_found>
</audit>
```

### AUDIT COMPLETE
DEVIN_CLI_EXITED code=0
