# Proof: The chromatic number is still 2 when $X$ is infinite

## Setup

Let $G = (V, E)$ where $V = \mathcal{P}(X)$ and $\{a, b\} \in E$ iff $|a \triangle b| = 1$ (symmetric difference is a singleton). Equivalently, $a$ and $b$ are adjacent iff they differ in exactly one element of $X$: either $b = a \cup \{x\}$ for some $x \notin a$, or $b = a \setminus \{x\}$ for some $x \in a$.

## Key Lemma: Every closed walk has even length

**Claim.** In $G$, every closed walk has even length, regardless of whether $X$ is finite or infinite.

**Proof of Claim.** Consider a closed walk $a_0, a_1, \dots, a_n = a_0$ of length $n$. At each step $i$, the transition from $a_{i-1}$ to $a_i$ toggles exactly one element $x_i \in X$ (adds it if absent, removes it if present). Since the walk is closed ($a_n = a_0$), every element of $X$ must be toggled an **even** number of times — otherwise the set would differ from $a_0$ at that element.

Now, only **finitely many** distinct elements appear among $x_1, \dots, x_n$ (at most $n$ of them). Call this finite set $F$. For each $x \in F$, let $t(x)$ be the number of times $x$ is toggled; we have $t(x)$ even for all $x \in F$, and $t(x) = 0$ for $x \notin F$. Therefore:
$$n = \sum_{i=1}^{n} 1 = \sum_{x \in F} t(x).$$
This is a sum of finitely many even numbers, hence **even**. $\square$

**Crucial observation:** The finiteness of the walk length $n$ ensures only finitely many elements of $X$ are involved, so the sum is finite regardless of $|X|$. This is where the argument works for infinite $X$ just as well as for finite $X$.

## The graph is bipartite

A graph is bipartite if and only if it contains no odd cycle. Every odd cycle is an odd closed walk, but we have shown **all** closed walks have even length. Therefore $G$ has no odd cycle, so $G$ is bipartite.

*(Explicit 2-coloring:)* The connected components of $G$ are the equivalence classes under $a \sim b \iff |a \triangle b| < \infty$ (two sets are connected by a path iff their symmetric difference is finite). Within each component, fix a representative $r$ and define:
$$\chi(a) = |a \triangle r| \bmod 2.$$
This is well-defined since $a \triangle r$ is finite. If $\{a, b\} \in E$, then $b \triangle r = (a \triangle r) \triangle \{x\}$ for some singleton $\{x\}$, so $|b \triangle r| = |a \triangle r| \pm 1$, giving opposite parities. Hence $\chi(a) \neq \chi(b)$, confirming a valid 2-coloring.

## Chromatic number is exactly 2

- **Lower bound ($\chi \geq 2$):** Since $X \neq \emptyset$, pick $x \in X$. Then $\emptyset$ and $\{x\}$ are adjacent (their symmetric difference is $\{x\}$, a singleton). So $G$ has at least one edge, requiring at least 2 colors.

- **Upper bound ($\chi \leq 2$):** $G$ is bipartite, as shown above.

Therefore $\chi(G) = 2$.

## Conclusion

The graph on $\mathcal{P}(X)$ with edges defined by singleton symmetric difference **still has chromatic number 2 when $X$ is infinite**. The essential reason is that any closed walk involves only finitely many elements of $X$ (bounded by the walk length), so the parity argument from the finite case carries over verbatim — each element must be toggled an even number of times, and a finite sum of even numbers is even.

### PROOF COMPLETE
DEVIN_CLI_EXITED code=0
