## 解答

**Dedekind 判别式定理 (Dedekind's Discriminant Theorem)** 给出了素理想在数域的整数环中如何分解的判别准则。

**定理陈述**：设 $K$ 为数域，$T$ 为其代数整数环，$p$ 为素数，$(p)T = P_1^{e_1} \cdots P_g^{e_g}$ 为 $(p)T$ 在 $T$ 中的素理想分解。则

$$p \mid D_K \iff \text{存在某个 } j \text{ 使得 } e_j > 1.$$

即：素数 $p$ **分歧**（ramified）于 $K$ 中（即某个 $e_j > 1$）当且仅当 $p$ 整除域判别式 $D_K$。

---

### 证明

**记号与准备**。设 $n = [K:\mathbb{Q}]$，$D_K = \Delta(T/\mathbb{Z})$ 为 $T$ 作为 $\mathbb{Z}$-模的判别式。对素数 $p$，记 $T_p = T \otimes_{\mathbb{Z}} \mathbb{Z}_p$（$T$ 在 $p$ 处的完备化），$\mathcal{O}_{K_p}$ 为 $K \otimes \mathbb{Q}_p$ 的整数环。由中国剩余定理，

$$(p)T = \prod_{j=1}^{g} P_j^{e_j} \implies T/(p)T \cong \prod_{j=1}^{g} T/P_j^{e_j},$$

且 $T_p \cong \prod_{j=1}^{g} \mathcal{O}_{K_{P_j}}$，其中 $K_{P_j}$ 是 $K$ 在 $P_j$ 处的 $p$-adic 完备化，$\mathcal{O}_{K_{P_j}}$ 为其整数环，极大理想为 $\mathfrak{m}_j$，且 $e_j = e(\mathfrak{m}_j / p)$ 为分歧指数。

**判别式的局部化**。判别式模 $p$ 的整除性是局部性质：

$$p \mid D_K \iff D_K \in p\mathbb{Z} \iff \Delta(T_p / \mathbb{Z}_p) \in p\mathbb{Z}_p.$$

由 $T_p \cong \prod_j \mathcal{O}_{K_{P_j}}$，判别式为局部判别式的乘积（判别式在直积下乘性）：

$$\Delta(T_p/\mathbb{Z}_p) = \prod_{j=1}^{g} \Delta(\mathcal{O}_{K_{P_j}}/\mathbb{Z}_p).$$

**关键引理**：对每个局部扩张 $\mathcal{O}_{K_{P_j}}/\mathbb{Z}_p$，其判别式 $\Delta_j$ 满足

$$v_p(\Delta_j) \geq e_j - 1 \geq 0,$$

且 $v_p(\Delta_j) \geq 1 \iff e_j > 1$（即 $\mathcal{O}_{K_{P_j}}/\mathbb{Z}_p$ 非非分歧 $\iff e_j > 1$）。

*引理证明*：取 $\pi_j$ 为 $\mathcal{O}_{K_{P_j}}$ 的极大理想 $\mathfrak{m}_j$ 的生成元。则 $p = u \cdot \pi_j^{e_j}$（$u$ 为单位）。$\mathcal{O}_{K_{P_j}}$ 作为 $\mathbb{Z}_p$-模有基 $\{1, \pi_j, \ldots, \pi_j^{e_j-1}\}$（当 $K_{P_j}/\mathbb{Q}_p$ 为全分歧时；一般情形用整基 $\{\alpha_i\}$，其判别式为 $\det(\sigma_i(\alpha_k))^2$ 的范数形式）。更直接地，局部判别式的赋值 $v_p(\Delta_j) = \sum_{i \geq 0}(|G_i| - 1)$，其中 $G_i$ 为第 $i$ 个分歧群（Serre, *Local Fields*, Ch. VI, §2, Prop. 13 的公式 $v_K(\mathfrak{d}_{L/K}) = \sum_{i\geq 0}(|G_i|-1)$，再换算到 $v_p$）。由于 $G_0$ 为惯性群，$|G_0| = e_j f_j$ 中惯性部分，而 $e_j > 1$ 时 $G_0$ 非平凡（至少含惯性子群），故 $|G_0| \geq 2$，从而 $v_p(\Delta_j) \geq 1$。反之 $e_j = 1$ 时该素理想非分歧，$G_i$ 对所有 $i\geq 0$ 平凡，$v_p(\Delta_j) = 0$。因此

$$v_p(\Delta_j) \geq 1 \iff e_j > 1.$$

**合成**。综合以上：

$$p \mid D_K \iff v_p\!\left(\prod_{j=1}^{g} \Delta_j\right) \geq 1 \iff \exists\, j,\ v_p(\Delta_j) \geq 1 \iff \exists\, j,\ e_j > 1.$$

第一个 $\iff$ 用判别式的局部乘积分解；第二个 $\iff$ 用赋值的可加性（乘积的赋值等于赋值之和，故至少为 1 当且仅当某因子至少为 1）；第三个 $\iff$ 用上述引理。

**结论**：存在某个 $j$ 使 $e_j > 1$（即 $p$ 在 $K$ 中分歧）当且仅当 $p \mid D_K$。换言之，分歧素数恰是整除域判别式 $D_K$ 的素数。

### PROOF COMPLETE
DEVIN_CLI_EXITED code=0
