I'll solve this problem directly. Let me first check for answer leaks — the problem text contains no solutions, solution sketches, or embedded answers. Proceeding.

**Interpretation note:** The function $g(t)$ is defined but the question asks about an arbitrary measurable $A$. If $A$ were restricted to $[0,t]$, taking $f(x)=e^{2\pi i n x}$ would make $\max_t g(t)/\int|f| \to 0$, giving the trivial answer $k=0$. So the meaningful interpretation is: $A$ is an arbitrary measurable subset, and we seek the largest $k$ such that **for every** integrable $f$, some measurable $A$ satisfies $|\int_A f|\geq k\int_0^1|f|$.

---

## Proof that $k = \dfrac{1}{\pi}$

Write $f(x)=|f(x)|\,e^{i\theta(x)}$ (with $\theta$ defined where $f\neq 0$, arbitrary elsewhere).

### Key identity

For any measurable $A$,
$$\left|\int_A f\right|=\max_{\phi\in[0,2\pi)}\Re\!\left(e^{-i\phi}\int_A f\right)=\max_{\phi}\int_A |f(x)|\cos\!\bigl(\theta(x)-\phi\bigr)\,dx.$$
Hence
$$\max_{A}\left|\int_A f\right|=\max_{A}\max_{\phi}\int_A|f|\cos(\theta-\phi)=\max_{\phi}\max_{A}\int_A|f|\cos(\theta-\phi).$$
For fixed $\phi$, the inner maximum over $A$ is attained by $A_\phi:=\{x:\cos(\theta(x)-\phi)\ge 0\}$, giving
$$\max_{A}\left|\int_A f\right|=\max_{\phi}\;H(\phi),\qquad H(\phi):=\int_0^1|f(x)|\,\max\!\bigl(0,\cos(\theta(x)-\phi)\bigr)\,dx.$$

### Lower bound: $\max_A|\int_A f|\ge \tfrac1\pi\int|f|$

Average $H$ over $\phi$. Using $\frac{1}{2\pi}\int_0^{2\pi}\max(0,\cos\alpha)\,d\alpha=\frac{1}{2\pi}\cdot 2=\frac1\pi$,
$$\frac1{2\pi}\int_0^{2\pi}H(\phi)\,d\phi=\int_0^1|f(x)|\underbrace{\frac1{2\pi}\int_0^{2\pi}\max(0,\cos(\theta-\phi))\,d\phi}_{=\,1/\pi}\,dx=\frac1\pi\int_0^1|f|.$$
Therefore $\max_\phi H(\phi)\ge \frac1\pi\int|f|$, i.e. there exists $A$ with $|\int_A f|\ge \frac1\pi\int|f|$.

### Upper bound: the constant $\tfrac1\pi$ is sharp

Take $f(x)=e^{2\pi i x}$ on $[0,1]$. Then $|f|\equiv 1$ and $\int|f|=1$, with $\theta(x)=2\pi x$ uniformly distributed. For this $f$,
$$H(\phi)=\int_0^1\max\!\bigl(0,\cos(2\pi x-\phi)\bigr)\,dx=\frac1{2\pi}\int_0^{2\pi}\max(0,\cos u)\,du=\frac1\pi,$$
**independent** of $\phi$. Thus $\max_A|\int_A f|=\max_\phi H(\phi)=\frac1\pi$.

So for this particular $f$, no measurable $A$ achieves $|\int_A f|>\frac1\pi\int|f|$. Consequently no $k>\frac1\pi$ can work universally.

### Conclusion

The largest universal constant is
$$\boxed{k=\dfrac{1}{\pi}}.$$

### PROOF COMPLETE
DEVIN_CLI_EXITED code=0
