Looking at this problem, I need to count sequences of 9 distinct dishes (6 solo: A₁,A₂,B₁,B₂,C₁,C₂ and 3 duets: AB,AC,BC) where no chef works on consecutive courses.

## Setting Up the Structure

Each dish has a chef-set: solos have {A},{B},{C}; duets have {A,B},{A,C},{B,C}. Two dishes can be adjacent only if their chef-sets are **disjoint**.

**Key adjacency rules:**
- Different-type solos are always compatible (a-b, a-c, b-c ✓)
- Same-type solos are incompatible (a-a ✗)
- **Each duet is compatible with exactly ONE solo type**: AB↔C only, AC↔B only, BC↔A only
- **No two duets are compatible** with each other

## The Critical Reduction

**Any valid 9-dish sequence, with duets removed, yields a 6-solo sequence.** In this solo sequence, consecutive same-type solos were separated by a duet in the original sequence; consecutive different-type solos were directly adjacent.

Conversely, I can build valid sequences by: (1) choosing a solo sequence, (2) inserting duets between same-type consecutive pairs (forced: a-a gets BC, b-b gets AC, c-c gets AB), and (3) placing remaining duets at endpoints next to their compatible solo type.

Let p_a, p_b, p_c ∈ {0,1} indicate whether same-type pairs exist. Endpoint duets needed: e = 3 - (p_a+p_b+p_c), requiring e ≤ 2, so **p_a+p_b+p_c ≥ 1**.

## Counting Solo Sequences

Among all 90 permutations of {a,a,b,b,c,c}:
- **0 same-type pairs:** 30 sequences → e=3, impossible → **0 valid**
- **1 pair:** 36 sequences → e=2, need both endpoints to match the two missing duet types
- **2 pairs:** 18 sequences → e=1, need one endpoint matching the missing duet type
- **3 pairs:** 6 sequences → e=0, all duets interior → **6 type sequences**

### Case: 3 pairs (e=0)
The 6 arrangements of blocks {aa,bb,cc} each give one valid type sequence (e.g., a-BC-a-b-AC-b-c-AB-c). All junctions are between different solo types ✓. **6 type sequences.**

### Case: 2 pairs (e=1)
By symmetry, 3 subcases × 6 sequences each. For subcase (p_a=1, p_b=1, p_c=0), endpoint duet AB needs a c-endpoint. Enumerating the 6 valid solo sequences:
- aa-c-bb-c → 1 c-endpoint; bb-c-aa-c → 1; c-aa-bb-c → 2; c-aa-c-bb → 1; c-bb-aa-c → 2; c-bb-c-aa → 1

Total: 8 per subcase × 3 = **24 type sequences.**

### Case: 1 pair (e=2)
By symmetry, 3 subcases × 12 sequences each. For subcase (p_a=1, p_b=0, p_c=0), endpoint duets AB(needs c) and AC(needs b) require endpoints {b,c}. Enumerating arrangements of {aa,b,b,c,c} with bb,cc non-adjacent and {b,c} endpoints:

Found exactly 6 such sequences (verified by systematic enumeration across all positions of the aa block):
- b-aa-c-b-c, c-aa-b-c-b, b-c-aa-b-c, c-b-aa-c-b, b-c-b-aa-c, c-b-c-aa-b

Total: 6 per subcase × 3 = **18 type sequences.**

## Final Count

**Type sequences:** 6 + 24 + 18 = **48**

**Specific dish assignments:** Each type sequence has 2 a-positions (A₁,A₂: 2! ways), 2 b-positions (2! ways), 2 c-positions (2! ways), and 3 unique duets (1 way) → factor of 2×2×2 = **8**

**Total sequences = 48 × 8 = 384**

### PROOF COMPLETE
DEVIN_CLI_EXITED code=0
