## Solution

**Setup.** For each $n \in \{1,\dots,999\}$, write $d=\gcd(n,1000)$, so $n/1000 = m/b$ in lowest terms with $b=1000/d$ and $m=n/d$. The conditions are: $b\mid 1000$, $b\ge 2$, $1\le m\le b-1$, $\gcd(m,b)=1$. The Priority Value is
$$s = m+b.$$
Conversely, every pair $(b,m)$ with $b\mid 1000$, $b\ge 2$, $1\le m\le b-1$, $\gcd(m,b)=1$ is realized by $n=m\cdot(1000/b)<1000$. So the inventory is exactly
$$\mathcal{S}=\{m+b : b\mid 1000,\ b\ge 2,\ 1\le m\le b-1,\ \gcd(m,b)=1\}.$$

Since $1000=2^3\!\cdot 5^3$, its divisors are $\{1,2,4,5,8,10,20,25,40,50,100,125,200,250,500,1000\}$, giving $b\in\{2,4,5,8,10,20,25,40,50,100,125,200,250,500,1000\}$.

**Reformulation.** A value $s$ is achievable iff there exists $b\mid 1000$, $b\ge 2$, with $b+1\le s\le 2b-1$ and $\gcd(s,b)=1$ (using $\gcd(m,b)=\gcd(s-b,b)=\gcd(s,b)$). Equivalently $b\in\bigl[\tfrac{s+1}{2},\,s-1\bigr]$, $b\mid 1000$, $\gcd(s,b)=1$. The range is $s\in[3,1999]$ (min: $b=2,m=1\Rightarrow s=3$; max: $b=1000,m=999\Rightarrow s=1999$).

**Key observation.** A divisor $b$ of $1000$ is coprime to $s$ only if $b$ avoids the prime factors $2$ and/or $5$ that divide $s$:
- If $2\mid s$: $b$ must be odd $\Rightarrow b\in\{1,5,25,125\}$, so $b\in\{5,25,125\}$.
- If $5\mid s$: $b$ must avoid factor $5$ $\Rightarrow b\in\{1,2,4,8\}$, so $b\in\{2,4,8\}$.
- If $10\mid s$: $b$ must avoid both $\Rightarrow$ only $b=1$, impossible. **All multiples of $10$ are unachievable.**

**Case 1: $\gcd(s,10)=1$ (coprime to 10).** Every divisor of $1000$ is coprime to $s$. One checks (using the divisor chain $2,4,5,8,10,20,25,40,50,100,125,200,250,500,1000$) that for every $s\in[3,1999]$ with $\gcd(s,10)=1$, some divisor lands in $[\tfrac{s+1}{2},s-1]$. So **all such $s$ are achievable**. Count in $[3,1999]$: $1999-999-399+199-1 = 799$.

**Case 2: $s$ even, $5\nmid s$.** Only $b\in\{5,25,125\}$ can work:
- $b=5$: $s\in[6,9]$ → $\{6,8\}$, count $2$.
- $b=25$: $s\in[26,49]$ → even, $5\nmid s$: $12$ evens minus $\{30,40\}$ = $10$.
- $b=125$: $s\in[126,249]$ → $62$ evens minus $12$ multiples of $10$ = $50$.

Achievable count: $2+10+50=62$. (All other even $5\nmid s$ values—e.g. $12,14,16,18,22,24$, and everything $\ge 250$—fail since no odd divisor reaches the interval.)

**Case 3: $s$ odd, $5\mid s$.** Only $b\in\{2,4,8\}$:
- $b=4$: $s=5$; $b=8$: $s=15$. (For $s\ge 25$, the interval $[\tfrac{s+1}{2},s-1]$ contains only divisors divisible by $5$, e.g. $20,25,40,\dots$, none coprime to $s$.)

Achievable: $\{5,15\}$, count $2$.

**Case 4: $10\mid s$.** All unachievable, count $0$.

**Total.**
$$|\mathcal{S}| = 799\,(\text{Case 1}) + 62\,(\text{Case 2}) + 2\,(\text{Case 3}) + 0\,(\text{Case 4}) = \boxed{863}.$$

### PROOF COMPLETE
DEVIN_CLI_EXITED code=0
