## Solution

**Setup.** The parabola $X = V(y - x^2) \subset \mathbb{A}^2_k$ has coordinate ring
$$A(X) = k[x,y]/(y - x^2).$$
Since $y \equiv x^2 \pmod{(y-x^2)}$, the map $k[x] \to A(X)$, $x \mapsto \bar{x}$, $y \mapsto \bar{x}^2$ is an isomorphism, so $A(X) \cong k[x]$.

**The maximal ideal.** The origin is the point $(0,0) \in X$. The maximal ideal of $A(X)$ corresponding to the origin is
$$\mathfrak{m}_{X,0} = \{f \in A(X) : f(0,0) = 0\}.$$
Under the isomorphism $A(X) \cong k[x]$, evaluation at $(0,0)$ becomes evaluation at $x = 0$, so
$$\mathfrak{m}_{X,0} = (x) \subset k[x].$$
Concretely, in $A(X)$ this is the ideal $(\bar{x}, \bar{y})$, but since $\bar{y} = \bar{x}^2$, this ideal is generated by $\bar{x}$ alone: $\mathfrak{m}_{X,0} = (\bar{x})$.

**The square of the maximal ideal.**
$$\mathfrak{m}_{X,0}^2 = (\bar{x})^2 = (\bar{x}^2) = (\bar{y}).$$

**The quotient.** As a $k$-vector space,
$$\mathfrak{m}_{X,0}/\mathfrak{m}_{X,0}^2 = (\bar{x})/(\bar{x}^2).$$
Every element of $(\bar{x})$ is of the form $a\bar{x} + (\text{higher order})$, and modding out $(\bar{x}^2)$ kills all terms of degree $\geq 2$ in $\bar{x}$. Thus the quotient is spanned by the single class $\bar{x} + \mathfrak{m}_{X,0}^2$. Since $\bar{y} = \bar{x}^2 \in \mathfrak{m}_{X,0}^2$, the class of $\bar{y}$ vanishes in the quotient. Therefore
$$\mathfrak{m}_{X,0}/\mathfrak{m}_{X,0}^2 \cong k,$$
a **1-dimensional** $k$-vector space with basis $\{\bar{x} \bmod \mathfrak{m}_{X,0}^2\}$.

**The dual (Zariski tangent space).** By definition,
$$T_0 X = (\mathfrak{m}_{X,0}/\mathfrak{m}_{X,0}^2)^{*}.$$
Since $\mathfrak{m}_{X,0}/\mathfrak{m}_{X,0}^2 \cong k$ is 1-dimensional, its dual is also 1-dimensional:
$$T_0 X \cong k.$$

A basis vector of $T_0 X$ is the linear functional $\varphi$ determined by $\varphi(\bar{x} \bmod \mathfrak{m}_{X,0}^2) = 1$ (and $\varphi$ vanishes on $\bar{y} \bmod \mathfrak{m}_{X,0}^2$ since that class is zero). Concretely, $\varphi$ is the directional derivative along the $x$-axis: $\varphi(f) = \frac{\partial f}{\partial x}\big|_{(0,0)}$ restricted to $\mathfrak{m}_{X,0}$, which is well-defined on the quotient because it annihilates $\mathfrak{m}_{X,0}^2$.

**Conclusion.**
$$\boxed{\mathfrak{m}_{X,0}/\mathfrak{m}_{X,0}^2 \cong k, \qquad T_0 X \cong k}$$
The Zariski tangent space of the parabola at the origin is 1-dimensional, consistent with $X$ being a smooth curve (the origin is a nonsingular point of $X$).

### PROOF COMPLETE
DEVIN_CLI_EXITED code=0
