Looking at this problem, I need to find the minimum achievable value of $M$ (the common number of times every pair of students meets) for each $n$ from 3 to 23, then sum these minima.

## Setup

There are $n$ students. Student $i$ hosts one celebration, inviting a set $S_i$ of classmates with $1 \le |S_i| \le n-2$. Define $T_i = \{i\} \cup S_i$, so $2 \le |T_i| \le n-1$ and $i \in T_i$.

At celebration $i$, the pairs that meet are exactly all pairs within $T_i$ (birthday person meets all guests; guests meet each other). So the number of times pair $\{a,b\}$ meets is:
$$M_{ab} = \#\{i : a, b \in T_i\}$$

We need $M_{ab} = M$ for all pairs, and seek $\min S_n$ where $S_n$ is the set of achievable $M$ values.

## Construction achieving $M = 1$ for all $n \ge 3$

**Claim:** For every $n \ge 3$, there exists a valid configuration with $M = 1$.

**Construction:** Define the sets $T_i$ as follows:
- $T_1 = \{1, 2, 3, \ldots, n-1\}$ (student 1 invites all classmates except student $n$)
- $T_i = \{i, n\}$ for $i = 2, 3, \ldots, n-1$ (student $i$ invites only student $n$)
- $T_n = \{1, n\}$ (student $n$ invites only student 1)

**Verification of constraints:**
- $|T_1| = n-1$, so $|S_1| = n-2$. Since $n \ge 3$, we have $n-2 \ge 1$ (at least one guest) and $n-2 < n-1$ (not all classmates). ✓
- $|T_i| = 2$ for $i \ge 2$, so $|S_i| = 1 \ge 1$ and $1 \le n-2$ for $n \ge 3$. ✓
- $i \in T_i$ for all $i$. ✓

**Verification that every pair meets exactly once:**
- Pairs $\{a, b\}$ with $a, b \in \{1, \ldots, n-1\}$: covered only by $T_1$ (since no other $T_i$ with $i \ge 2$ contains two elements from $\{1, \ldots, n-1\}$ except via $n$). ✓
- Pair $\{i, n\}$ for $i \in \{2, \ldots, n-1\}$: covered only by $T_i = \{i, n\}$. ✓
- Pair $\{1, n\}$: covered only by $T_n = \{1, n\}$. ✓

Total pairs covered: $\binom{n-1}{2} + (n-2) + 1 = \frac{(n-1)(n-2)}{2} + (n-1) = \frac{(n-1)n}{2} = \binom{n}{2}$. ✓

Every pair is covered exactly once, so $M = 1$.

## Lower bound: $M \ge 1$

Since each $|T_i| \ge 2$, each celebration creates at least one meeting. If all pairs meet the same number $M$ of times, then $M \ge 1$ (as at least one pair meets, so all must meet at least once). More precisely: the total number of pair-meetings is $\sum_i \binom{|T_i|}{2} \ge n \cdot 1 = n > 0$, so $M \cdot \binom{n}{2} > 0$, giving $M \ge 1$.

## Conclusion

For every $n \ge 3$:
- $M = 1$ is achievable (by the construction above).
- $M \ge 1$ is necessary.

Therefore $\min S_n = 1$ for all $n \in \{3, 4, 5, \ldots, 23\}$.

The required sum is:
$$\sum_{n=3}^{23} \min S_n = \sum_{n=3}^{23} 1 = 21$$

### PROOF COMPLETE
