Looking at this problem, I need to find all real $x$ (beyond the given ones) where $p(1/x) = x^2$.

**Answer leak check:** The problem text contains no leaked answers or solution sketches. Proceeding.

---

**Proof.**

**Step 1: $p$ is an even polynomial.**

We are given $p(1/k) = k^2$ for all integers $k$ with $1 \le |k| \le n$. In particular, for each such $k$, both $1/k$ and $-1/k$ are among the evaluation points, and $p(1/k) = k^2 = p(-1/k)$. Thus the polynomial

$$h(t) := p(t) - p(-t)$$

vanishes at $t = \pm 1, \pm \tfrac{1}{2}, \ldots, \pm \tfrac{1}{n}$, which are $2n$ distinct values. Since $p$ is monic of degree $2n$, the leading terms cancel in $h$, so $\deg h \le 2n - 1$. A polynomial of degree at most $2n-1$ with $2n$ distinct roots is identically zero, so $p(t) = p(-t)$ for all $t$. Hence $p$ is even, and we can write $p(t) = r(t^2)$ for a monic polynomial $r$ of degree $n$.

**Step 2: Reformulate via $f(t) = t^2 p(t) - 1$.**

We seek $x$ with $p(1/x) = x^2$. Setting $t = 1/x$ (so $x = 1/t$), this becomes $p(t) = 1/t^2$, i.e., $t^2 p(t) - 1 = 0$. Define

$$f(t) = t^2 p(t) - 1.$$

This is a polynomial of degree $2n+2$ (monic, since $p$ is monic of degree $2n$). The given conditions yield $f(1/k) = \frac{1}{k^2}\cdot k^2 - 1 = 0$ for $k = \pm 1, \ldots, \pm n$, so $f$ has the $2n$ roots $\pm 1, \pm \frac{1}{2}, \ldots, \pm \frac{1}{n}$.

Since $p$ is even, $f(t) = t^2 p(t) - 1$ is also even, so its remaining two roots (beyond the $2n$ known) come in a pair $\pm\alpha$.

**Step 3: Reduce to a polynomial in $s = t^2$.**

Write $g(s) = s\, r(s) - 1$, a monic polynomial of degree $n+1$ in $s$. Then $f(t) = g(t^2)$. The roots of $g$ are $s = 1/k^2$ for $k=1,\ldots,n$ (from the known roots of $f$) together with $s = \alpha^2$. Therefore

$$g(s) = \prod_{k=1}^{n}\!\left(s - \tfrac{1}{k^2}\right)\!(s - \alpha^2).$$

**Step 4: Determine $\alpha^2$ from $g(0) = -1$.**

Since $g(0) = 0\cdot r(0) - 1 = -1$, evaluating the product at $s=0$:

$$g(0) = \prod_{k=1}^{n}\!\left(-\tfrac{1}{k^2}\right)\!(-\alpha^2) = (-1)^{n+1}\,\alpha^2\prod_{k=1}^{n}\frac{1}{k^2} = (-1)^{n+1}\frac{\alpha^2}{(n!)^2}.$$

Setting this equal to $-1$:

$$(-1)^{n+1}\frac{\alpha^2}{(n!)^2} = -1 \implies \alpha^2 = (-1)^{n}\,(n!)^2.$$

Since $n$ is **even**, $(-1)^n = 1$, so $\alpha^2 = (n!)^2 > 0$, giving $\alpha = \pm\, n!$ (both real).

**Step 5: Convert back to $x$.**

The two additional roots of $f(t)=0$ are $t = \pm\, n!$, corresponding to $x = 1/t = \pm\,\frac{1}{n!}$.

**Verification ($n=2$).** Then $p(t)=t^4+bt^2+c$ with $p(1)=1, p(1/2)=4$ giving $b=-21/4, c=21/4$. Solving $p(1/x)=x^2$ yields $x^2\in\{1,4,1/4\}$, so $x=\pm 1, \pm 2, \pm 1/2$. Since $2!=2$, the extra solutions are $\pm 1/2$. ✓

---

The other real numbers $x$ for which $p(1/x) = x^2$ are $\boxed{\pm \dfrac{1}{n!}}$.

### PROOF COMPLETE
DEVIN_CLI_EXITED code=0
