## Proof

Let $S_n = X_1 + X_2 + \cdots + X_n$ be a simple symmetric random walk, where the $X_k$ are i.i.d. with $\mathbb{P}(X_k = 1) = \mathbb{P}(X_k = -1) = \tfrac{1}{2}$.

**Step 1: Compute the characteristic function exactly.**

By independence of the increments,

$$
\mathbb{E}\!\left[e^{i\theta S_n/n}\right]
= \prod_{k=1}^{n} \mathbb{E}\!\left[e^{i\theta X_k/n}\right]
= \left(\mathbb{E}\!\left[e^{i\theta X_1/n}\right]\right)^{n}.
$$

For a single step,

$$
\mathbb{E}\!\left[e^{i\theta X_1/n}\right]
= \tfrac{1}{2}e^{i\theta/n} + \tfrac{1}{2}e^{-i\theta/n}
= \cos\!\left(\tfrac{\theta}{n}\right).
$$

Hence

$$
\mathbb{E}\!\left[e^{i\theta S_n/n}\right] = \cos^{n}\!\left(\tfrac{\theta}{n}\right).
$$

**Step 2: Take the limit $n \to \infty$.**

Using the Taylor expansion $\cos x = 1 - \tfrac{x^2}{2} + O(x^4)$ as $x \to 0$,

$$
\cos\!\left(\tfrac{\theta}{n}\right) = 1 - \frac{\theta^{2}}{2n^{2}} + O\!\left(\tfrac{1}{n^{4}}\right).
$$

Therefore

$$
\cos^{n}\!\left(\tfrac{\theta}{n}\right)
= \left(1 - \frac{\theta^{2}}{2n^{2}} + O\!\left(\tfrac{1}{n^{4}}\right)\right)^{n}.
$$

Taking logarithms,

$$
\log \cos^{n}\!\left(\tfrac{\theta}{n}\right)
= n \log\!\left(1 - \frac{\theta^{2}}{2n^{2}} + O\!\left(\tfrac{1}{n^{4}}\right)\right)
= n\!\left(-\frac{\theta^{2}}{2n^{2}} + O\!\left(\tfrac{1}{n^{4}}\right)\right)
= -\frac{\theta^{2}}{2n} + O\!\left(\tfrac{1}{n^{3}}\right) \xrightarrow{n\to\infty} 0.
$$

By continuity of the exponential,

$$
\lim_{n\to\infty} \cos^{n}\!\left(\tfrac{\theta}{n}\right) = e^{0} = 1.
$$

**Step 3: Consistency check via the Law of Large Numbers.**

Since $\mathbb{E}[X_1] = 0$, the strong law of large numbers gives $\tfrac{S_n}{n} \to 0$ almost surely. The map $x \mapsto e^{i\theta x}$ is continuous and bounded (with $|e^{i\theta x}| = 1$), so by dominated convergence,

$$
\lim_{n\to\infty} \mathbb{E}\!\left[e^{i\theta S_n/n}\right] = \mathbb{E}\!\left[\lim_{n\to\infty} e^{i\theta S_n/n}\right] = \mathbb{E}[e^{0}] = 1,
$$

confirming the direct computation.

**Conclusion.** For every $\theta \in \mathbb{R}$,

$$
\boxed{\lim_{n\to\infty} \mathbb{E}\!\left[e^{i\theta S_n/n}\right] = 1.}
$$

### PROOF COMPLETE
DEVIN_CLI_EXITED code=0
