I'll work through this problem directly, checking each group axiom.

## Proof

**Setup.** Let $G = \{f:[0,1]\to(0,\infty) \text{ measurable},\ \int_0^1 f\,d\mu=1\}$, with operation $(f\odot g)(x) = f\!\left(\int_0^x g(y)\,dy\right)g(x)$. For $f\in G$, write $F(x)=\int_0^x f(y)\,dy$. Since $f>0$ pointwise, $F$ is strictly increasing, absolutely continuous, with $F(0)=0$, $F(1)=1$, hence a bijection $[0,1]\to[0,1]$ with continuous inverse $F^{-1}$.

---

**Closure.** Let $f,g\in G$ and set $G(x)=\int_0^x g$. Then $G:[0,1]\to[0,1]$ is strictly increasing and absolutely continuous. The function $f\odot g = (f\circ G)\cdot g$ is measurable (composition of measurable with continuous, times measurable) and positive. For the integral, use the change of variables $u=G(x)$, $du=g(x)\,dx$:

$$\int_0^1 (f\odot g)(x)\,dx = \int_0^1 f(G(x))\,g(x)\,dx = \int_0^1 f(u)\,du = 1.$$

So $f\odot g\in G$. ✓

---

**Identity.** Let $\mathbf{1}$ denote the constant function $1\in G$.

- $(f\odot \mathbf{1})(x) = f\!\left(\int_0^x 1\,dy\right)\cdot 1 = f(x)$. ✓
- $(\mathbf{1}\odot f)(x) = 1\!\left(\int_0^x f\right)\cdot f(x) = f(x)$. ✓

So $\mathbf{1}$ is a two-sided identity.

---

**Associativity.** Let $f,g,h\in G$ and write $G(x)=\int_0^x g$, $H(x)=\int_0^x h$.

*Left side:* $(f\odot g)(x)=f(G(x))\,g(x)$, so
$$((f\odot g)\odot h)(x) = (f\odot g)(H(x))\,h(x) = f(G(H(x)))\,g(H(x))\,h(x).$$

*Right side:* $(g\odot h)(x)=g(H(x))\,h(x)$. Its cumulative integral is
$$\int_0^x g(H(y))\,h(y)\,dy \overset{u=H(y)}{=} \int_0^{H(x)} g(u)\,du = G(H(x)).$$
Therefore
$$(f\odot(g\odot h))(x) = f(G(H(x)))\,(g\odot h)(x) = f(G(H(x)))\,g(H(x))\,h(x).$$

Both sides agree. ✓

---

**Inverse.** Define $f^{\dagger}(x) = \dfrac{1}{f(F^{-1}(x))}$.

*Membership in $G$:* Positivity is clear. Measurability: $F^{-1}$ is continuous and $f$ is measurable, so $f\circ F^{-1}$ is measurable and so is its reciprocal. For the integral, substitute $u=F^{-1}(x)$, $dx=f(u)\,du$:
$$\int_0^1 f^{\dagger}(x)\,dx = \int_0^1 \frac{1}{f(F^{-1}(x))}\,dx = \int_0^1 \frac{f(u)}{f(u)}\,du = 1.$$

*Right inverse:* Using $\int_0^x f^{\dagger}(y)\,dy \overset{u=F^{-1}(y)}{=} \int_0^{F^{-1}(x)}\frac{f(u)}{f(u)}\,du = F^{-1}(x)$,
$$(f\odot f^{\dagger})(x) = f(F^{-1}(x))\cdot\frac{1}{f(F^{-1}(x))} = 1.$$

*Left inverse:*
$$(f^{\dagger}\odot f)(x) = f^{\dagger}(F(x))\,f(x) = \frac{1}{f(F^{-1}(F(x)))}\,f(x) = \frac{f(x)}{f(x)} = 1.$$

So $f^{\dagger}$ is a two-sided inverse of $f$. ✓

---

**Conclusion.** All four group axioms—closure, identity, associativity, and inverses—are satisfied. The operation $\odot$ with identity $\mathbf{1}$ and inverse $f^{\dagger}(x)=1/f(F^{-1}(x))$ **does** define a group law on $G$.

### PROOF COMPLETE
DEVIN_CLI_EXITED code=0
