Looking at this problem, I need to find the maximum geodesic distance on the surface of a closed cylinder (lateral surface + two flat circular ends).

**Answer leak check:** The problem text contains no leaked solutions, answer values, or proof sketches. Proceeding to solve.

## Setting up the cylinder

The tank is a cylinder with height $h = 15$ and volume $V = \frac{960}{\pi}$.

$$V = \pi r^2 h = \pi r^2 \cdot 15 = \frac{960}{\pi} \implies r^2 = \frac{960}{15\pi^2} = \frac{64}{\pi^2} \implies r = \frac{8}{\pi}.$$

The circumference is $2\pi r = 16$.

## Structure of the surface

The surface $S$ has three parts: the **bottom disk** ($z=0$), the **top disk** ($z=15$), and the **lateral surface**. The disks connect to the lateral surface only along the two **rims** (bottom rim at $z=0$, top rim at $z=15$). Any path from the bottom disk to the top disk **must** pass through both rims.

## Key geodesic distances

**Both points on the lateral surface.** Unrolling the lateral surface gives a rectangle of width $2\pi r = 16$ and height $15$, with periodic horizontal boundary. The geodesic distance between two points is $\min_k \sqrt{(\Delta x + 16k)^2 + \Delta y^2}$. This is maximized when $\Delta x = 8$ (half-width) and $\Delta y = 15$ (full height), giving $\sqrt{64 + 225} = \sqrt{289} = 17$. Paths through the disks are longer (e.g., $2r + 15 \approx 20.09 > 17$), so the lateral geodesic dominates. **Max on lateral surface: $17$.**

**Both points on the same disk.** The geodesic is the straight-line (chord) distance on the flat disk, at most the diameter $2r = \frac{16}{\pi} \approx 5.09$. Small.

**One point on a disk, one on the lateral surface.** For $P$ at the center of the bottom disk and $Q$ on the lateral surface at height $z$: the geodesic is $r + z$ (go radially to the rim at the same angle, then straight up). Maximum at $z = 15$: $r + 15 \approx 17.55$.

**One point on each disk (the critical case).** Let $P$ be on the bottom disk at distance $d_1$ from center (angle $0$), and $Q$ on the top disk at distance $d_2$ from center (angle $\varphi$). Any path must traverse: bottom disk $\to$ bottom rim $\to$ lateral $\to$ top rim $\to$ top disk. Three natural path types:

1. **Radial on both disks, lateral covers angle $\varphi$:** $(r - d_1) + \sqrt{r^2\varphi^2 + 225} + (r - d_2)$
2. **Radial on bottom (angle $0$), lateral straight up, across top disk to angle $\varphi$:** $(r - d_1) + 15 + \sqrt{r^2 + d_2^2 - 2rd_2\cos\varphi}$
3. **Across bottom disk to angle $\varphi$, lateral straight up, radial on top:** $\sqrt{r^2 + d_1^2 - 2rd_1\cos\varphi} + 15 + (r - d_2)$

The geodesic is the **minimum** of these. To **maximize** this minimum, we want all three options to be as large as possible simultaneously.

**At the centers ($d_1 = d_2 = 0$), for any angle $\varphi$:**
- Option 1: $2r + \sqrt{r^2\varphi^2 + 225} \geq 2r + 15$
- Option 2: $2r + 15$
- Option 3: $2r + 15$

So the geodesic $= \min(2r + \sqrt{r^2\varphi^2 + 225},\; 2r + 15) = 2r + 15$, since $\sqrt{r^2\varphi^2 + 225} \geq 15$.

**Can we do better with $d_1, d_2 > 0$?** Consider $d_1 = d_2 = d$ with $\varphi = \pi$ (opposite sides):
- Option 1: $2r - 2d + 17$
- Options 2, 3: $2r + 15$

Geodesic $= \min(2r - 2d + 17,\; 2r + 15)$. For $d < 1$: this equals $2r + 15$. For $d > 1$: option 1 drops below $2r + 15$, so the geodesic **decreases**. For $d_1 \neq d_2$, one of options 2 or 3 immediately drops below $2r + 15$. So **no configuration beats $2r + 15$**.

## Verifying $2r + 15$ is achievable and is the geodesic

For $P$ = center of bottom disk and $Q$ = center of top disk: any path must travel at least $r$ (center to rim on bottom), at least $15$ (bottom rim to top rim on lateral), and at least $r$ (top rim to center). These lower bounds are achieved simultaneously by going radially to the rim at any fixed angle, straight up, and radially inward. So the geodesic is exactly:

$$r + 15 + r = 2r + 15 = \frac{16}{\pi} + 15.$$

## Confirming this is the global maximum

We have established:
- Lateral-to-lateral: max $17$
- Disk-to-lateral: max $r + 15 \approx 17.55$
- Same-disk: max $2r \approx 5.09$
- Cross-disk: max $2r + 15 \approx 20.09$

Since $2r + 15 = \frac{16}{\pi} + 15 \approx 20.09 > 17 > r + 15$, the cross-disk case with both points at the centers of the two flat ends gives the global maximum.

## Result

The maximum distance is:

$$\boxed{15 + \frac{16}{\pi}}$$

meters, achieved by placing the two endpoints at the centers of the two flat circular ends of the tank.

### PROOF COMPLETE
