Looking at this problem, I need to find all $n \in \{5, 6, \dots, 100\}$ such that no partition $n = a+b+c+d$ (positive integers) admits a pairing with equal products.

## Key Structural Observation

**Claim:** $n$ is "violable" (not Inviolable) if and only if $n$ is composite.

### Proof of the Claim

**($\Rightarrow$) Violable $\Rightarrow$ composite:**

Suppose there exist positive integers $a, b, c, d$ with $a+b+c+d = n$ and $ab = cd$. From $ab = cd$, we get $\frac{a}{c} = \frac{d}{b}$. Write this ratio as $\frac{p}{q}$ in lowest terms ($\gcd(p,q)=1$, $p,q \geq 1$). Then:

- $a = \frac{p}{q}c$, so $q \mid c$. Set $c = qc_1$, giving $a = pc_1$.
- $d = \frac{p}{q}b$, so $q \mid b$. Set $b = qb_1$, giving $d = pb_1$.

Now compute:
$$n = a + b + c + d = pc_1 + qb_1 + qc_1 + pb_1 = (p+q)(c_1 + b_1)$$

Since $p, q \geq 1$, we have $p+q \geq 2$. Since $c_1, b_1 \geq 1$, we have $c_1+b_1 \geq 2$. Therefore $n$ is a product of two integers each $\geq 2$, i.e., **$n$ is composite**.

**($\Leftarrow$) Composite $\Rightarrow$ violable:**

If $n = mk$ with $m, k \geq 2$, set:
$$a = (m-1)(k-1),\quad b = 1,\quad c = k-1,\quad d = m-1$$

All four are $\geq 1$. Check:
- $ab = (m-1)(k-1)\cdot 1 = (m-1)(k-1)$
- $cd = (k-1)(m-1) = (m-1)(k-1)$

So $ab = cd$ ✓. And:
$$a+b+c+d = (m-1)(k-1) + 1 + (k-1) + (m-1) = mk - m - k + 1 + m + k - 1 = mk = n \checkmark$$

**Note on pairings:** The problem considers all ways to arrange four labeled containers into two pairs. Since we check $ab \neq cd$ over *all* ordered quadruples $(a,b,c,d)$ summing to $n$, any of the three possible pairings of any unordered partition is captured by some labeling. Thus the condition is equivalent to: no four positive integers summing to $n$ can be paired into two pairs with equal products.

## Identifying $S$

Since $n$ is Inviolable $\iff$ $n$ is **not composite**, and every integer $\geq 2$ is either prime or composite, the Inviolable numbers in $\{5, \dots, 100\}$ are exactly the **primes** in that range:

$$S = \{5, 7, 11, 13, 17, 19, 23, 29, 31, 37, 41, 43, 47, 53, 59, 61, 67, 71, 73, 79, 83, 89, 97\}$$

## Verification of Key Cases

- **$n = 5$ (prime):** Only partition is $\{1,1,1,2\}$. All pairings give products $1$ and $2$ — never equal. ✓ Inviolable.
- **$n = 6$ (composite):** $6 = 2 \times 3$. Construction gives $(a,b,c,d) = (2,1,2,1)$: $ab = cd = 2$. ✓ Violable.
- **$n = 7$ (prime):** Partitions $\{1,1,1,4\}$ and $\{1,1,2,3\}$. No pairing yields equal products. ✓ Inviolable.
- **$n = 9$ (composite):** $9 = 3\times 3$. Construction gives $(4,1,2,2)$: $ab = cd = 4$. ✓ Violable.

## Computing the Sum

Grouping the 23 primes:

| Group | Sum |
|-------|-----|
| $5+7+11+13$ | $36$ |
| $17+19+23+29$ | $88$ |
| $31+37+41+43$ | $152$ |
| $47+53+59+61$ | $220$ |
| $67+71+73+79$ | $290$ |
| $83+89+97$ | $269$ |

**Total:** $36 + 88 + 152 + 220 + 290 + 269 = \mathbf{1055}$

(Cross-check: the sum of all primes below 100 is $1060$; subtracting $2$ and $3$ gives $1060 - 5 = 1055$. ✓)

## Answer

$$\sum_{n \in S} n = \boxed{1055}$$

### PROOF COMPLETE
DEVIN_CLI_EXITED code=0
