Looking at this problem, I need to compare the standard solution's approach with the AI's thinking.

**Key observations:**

1. **The AI actually found the correct answer (2 - √3)** through its own analysis, using Ptolemy's inequality, Bretschneider's formula, and Lagrange multipliers on the constraint ellipse.

2. **The AI's approach was valid but different from the standard solution.** The standard solution uses Stewart's Theorem with case analysis (e=f=1 case, then side=1 case) and geometric constructions (moving points to boundary arcs). The AI used algebraic optimization (Bretschneider + Lagrange multipliers).

3. **The AI ran out of tokens** while still verifying that 2 - √3 is the global maximum — it was checking whether non-symmetric configurations or cases where only one side equals 1 could beat 2 - √3. The thinking cuts off mid-analysis at "c = 2cos C. Need c > 0, so C < π/2."

4. **The AI was on the right track throughout** — it found the answer through multiple independent verifications (a=b=1,c=d=t case; a=d=1,b=c=s case; Lagrange multiplier critical point analysis all confirming 2 - √3).

```xml
<analysis>
  <problem_id>polymath_00645</problem_id>
  <dimension1_verdict>TOKEN_LIMIT</dimension1_verdict>
  <dimension1_explanation>The AI was going in the right direction — it independently discovered the correct answer 2-√3 through Ptolemy's inequality, Bretschneider's formula, and Lagrange multiplier optimization on the constraint ellipse, verifying it through multiple independent approaches. It ran out of tokens while still proving that 2-√3 is the global maximum (checking whether asymmetric configurations or cases with only one side equal to 1 could yield a larger product).</dimension1_explanation>
  <dimension2_turning_point_type>other</dimension2_turning_point_type>
  <dimension2_explanation>The standard solution's key technique is Stewart's Theorem combined with case analysis (e=f=1 vs. a side=1) and geometric constructions that move interior points to boundary arcs of unit circles, reducing all cases to the e=f=1 case. This is a geometric optimization technique that doesn't fit the modular arithmetic categories.</dimension2_explanation>
  <ai_direction_summary>The AI used algebraic methods — Ptolemy's inequality, Bretschneider's formula, and Lagrange multipliers — to reduce the problem to optimizing abcd on a constraint ellipse, correctly finding the answer 2-√3.</ai_direction_summary>
  <standard_solution_key_technique>The standard solution uses Stewart's Theorem to bound the product of sides in terms of diagonal segments, then uses geometric arc constructions to reduce all cases to the diagonal-equals-1 case.</standard_solution_key_technique>
  <confidence>high</confidence>
</analysis>
```

### ANALYSIS COMPLETE
DEVIN_CLI_EXITED code=0
