Looking at this problem, I need to find all possible values of $\sum_{n\geq 1}\frac{1}{x_n}$ where $(x_n)$ is an increasing sequence of positive natural numbers and the series converges.

**Answer Leak Check:** The problem text contains no leaked solutions, answer values, or proof sketches. Proceeding to solve.

---

## Proof

**Claim:** The set of all possible values is $(0, \infty)$.

### Lower bound: $S > 0$

Since each $x_n \geq 1$, every term $\frac{1}{x_n} > 0$, so $S = \sum \frac{1}{x_n} > 0$.

### No finite upper bound

For any $M > 0$, pick $N$ with $H_N = \sum_{k=1}^N \frac{1}{k} > M$. Define $x_n = n$ for $n \leq N$, and $x_{N+k} = (N+1)\cdot 2^{k-1}$ for $k \geq 1$. This is strictly increasing, and:
$$S = H_N + \sum_{k=1}^{\infty} \frac{1}{(N+1)\cdot 2^{k-1}} = H_N + \frac{2}{N+1} > M.$$
The series converges, so arbitrarily large values are achievable.

### Every $r > 0$ is achievable (Greedy Construction)

Given any $r > 0$, construct a strictly increasing sequence $(x_k)$ of positive integers with $\sum \frac{1}{x_k} = r$.

Set $r_0 = r$, $x_0 = 0$. For $k \geq 1$:
- $x_k$ = the smallest integer $> x_{k-1}$ with $\frac{1}{x_k} < r_{k-1}$,
- $r_k = r_{k-1} - \frac{1}{x_k}$.

**Well-definedness:** Since $r_{k-1} > 0$ (shown below), sufficiently large integers $n > x_{k-1}$ satisfy $\frac{1}{n} < r_{k-1}$, so $x_k$ exists.

**Positivity of remainders:** By construction $\frac{1}{x_k} < r_{k-1}$, so $r_k = r_{k-1} - \frac{1}{x_k} > 0$. The process never terminates, giving an infinite sequence.

**Convergence $r_k \to 0$:** The sequence $(r_k)$ is decreasing and bounded below by $0$, so $r_k \to L \geq 0$. Suppose for contradiction that $L > 0$.

At each step, exactly one of two cases occurs:

- **Case A:** $x_{k-1}+1 > \frac{1}{r_{k-1}}$, so $x_k = x_{k-1}+1$.
- **Case B:** $x_{k-1}+1 \leq \frac{1}{r_{k-1}}$. Then $x_k$ is the smallest integer strictly greater than $\frac{1}{r_{k-1}}$, so $x_k \leq \frac{1}{r_{k-1}}+1$, giving:
$$\frac{1}{x_k} \geq \frac{1}{\frac{1}{r_{k-1}}+1} = \frac{r_{k-1}}{1+r_{k-1}} \geq \frac{L}{1+L} > 0.$$

In Case B, the remainder decreases by at least $\frac{L}{1+L} > 0$. Since $r_k \geq 0$ for all $k$, there are at most $\left\lfloor \frac{r(1+L)}{L} \right\rfloor$ Case B steps — **finitely many**.

After the last Case B step, all subsequent steps are Case A, meaning $x_k = x_{k-1}+1$ for all large $k$. Then:
$$r_k = r_{k_0} - \sum_{j=k_0+1}^{k} \frac{1}{x_j},$$
where $x_j$ increases by $1$ each step, so $\sum \frac{1}{x_j}$ diverges (harmonic series). This forces $r_k \to -\infty$, **contradicting** $r_k \geq 0$.

Therefore $L = 0$, i.e., $r_k \to 0$.

**The sum equals $r$:** $\sum_{k=1}^{n} \frac{1}{x_k} = r - r_n \to r - 0 = r$, and the series converges to $r$.

### Conclusion

- Every achievable sum satisfies $S > 0$ (lower bound).
- Every $r > 0$ is achievable (greedy construction).
- No $r \leq 0$ is achievable (all terms positive).

The set of all possible values is $\boxed{(0, \infty)}$.

### PROOF COMPLETE
DEVIN_CLI_EXITED code=0
