I'll solve this problem directly in my reasoning. Let me first check for answer leaks — the problem text contains no solutions, answer values, or solution sketches. Proceeding to solve.

## Problem

Find the smallest $n$ for which there exist 15 distinct elements $a_1, a_2, \ldots, a_{15} \in \{16, 17, \ldots, n\}$ such that $k \mid a_k$ for each $k = 1, \ldots, 15$.

## Proof

**Construction showing $n = 34$ suffices.**

Define:
$$a_1=17,\ a_2=34,\ a_3=33,\ a_4=32,\ a_5=25,\ a_6=18,\ a_7=21,\ a_8=16,$$
$$a_9=27,\ a_{10}=20,\ a_{11}=22,\ a_{12}=24,\ a_{13}=26,\ a_{14}=28,\ a_{15}=30.$$

All 15 values lie in $\{16,\ldots,34\}$ and are distinct. Divisibility checks:
- $1\mid17$, $2\mid34$, $3\mid33$, $4\mid32$, $5\mid25$, $6\mid18$, $7\mid21$, $8\mid16$,
- $9\mid27$, $10\mid20$, $11\mid22$, $12\mid24$, $13\mid26$, $14\mid28$, $15\mid30$. ✓

**Proof that $n = 33$ is impossible.**

We show no valid assignment exists in $\{16,\ldots,33\}$. The key observation is that several indices have **unique** multiples in this range, forcing their assignments:

| $k$ | Multiples in $[16,33]$ | Forced assignment |
|-----|------------------------|-------------------|
| 14 | $\{28\}$ (since $42>33$) | $a_{14}=28$ |
| 13 | $\{26\}$ (since $39>33$) | $a_{13}=26$ |
| 12 | $\{24\}$ (since $36>33$) | $a_{12}=24$ |
| 15 | $\{30\}$ (since $45>33$) | $a_{15}=30$ |

With $28$ taken by $k=14$, index $k=7$ has multiples $\{21, 28\}$ in $[16,33]$, so $a_7 = 21$ is forced.

Now cascade the forcing through multiples of $3$:
- $k=6$: multiples $\{18, 24, 30\}$; with $24, 30$ taken, $a_6 = 18$ forced.
- $k=9$: multiples $\{18, 27\}$; with $18$ taken, $a_9 = 27$ forced.
- $k=3$: multiples $\{18, 21, 24, 27, 30, 33\}$; with $18, 21, 24, 27, 30$ all taken, $a_3 = 33$ forced.
- $k=11$: multiples $\{22, 33\}$; with $33$ taken, $a_{11} = 22$ forced.

Now count the **even numbers** consumed. The even numbers in $[16,33]$ are:
$$16, 18, 20, 22, 24, 26, 28, 30, 32 \quad \text{(9 values)}.$$

The following indices are **forced** to use even values:
- $a_6=18,\ a_{11}=22,\ a_{12}=24,\ a_{13}=26,\ a_{14}=28,\ a_{15}=30$ — six even values consumed.

The remaining even indices $k \in \{2, 4, 8, 10\}$ each require an even multiple. Index $k=10$ has multiples $\{20, 30\}$ in $[16,33]$; since $30$ is taken, $a_{10}=20$ forced. That's a seventh even value.

Indices $k=8$ (multiples $\{16, 24, 32\}$, with $24$ taken $\Rightarrow$ $\{16, 32\}$) and $k=4$ (multiples $\{16, 20, 24, 28, 32\}$, with $20, 24, 28$ taken $\Rightarrow$ $\{16, 32\}$) must use $16$ and $32$ in some order — consuming the **eighth and ninth** even values.

Now $k=2$ requires an even multiple, but **all 9 even numbers in $[16,33]$ are already consumed**. This is a contradiction.

Therefore no valid assignment exists for $n=33$ (and hence for any $n \le 33$, since fewer values are available).

**Conclusion.** Since $n=34$ admits a valid assignment and $n=33$ does not, the smallest such $n$ is:

$$\boxed{34}$$

### PROOF COMPLETE
DEVIN_CLI_EXITED code=0
