## Solution

**Answer leak check:** The problem text contains no leaked answers, solutions, or solution sketches. Proceeding.

---

**Setup.** A non-empty subsequence $m$ of $S=(2^1,\dots,2^{1000})$ corresponds to choosing indices $1\le i_1<i_2<\cdots<i_k\le 1000$ ($k\ge1$), giving $m=(2^{i_1},\dots,2^{i_k})$. Then
$$F(m)=\sum_{j=1}^{k-1}(-1)^{j+1}(2^{i_j}-2^{i_{j+1}})^2.$$

**Key simplification.** Since $(2^{i_j}-2^{i_{j+1}})^2=2^{2i_j}+2^{2i_{j+1}}-2^{i_j+i_{j+1}+1}$,
$$F(m)=\underbrace{\sum_{j=1}^{k-1}(-1)^{j+1}2^{2i_j}}_{A}+\underbrace{\sum_{j=1}^{k-1}(-1)^{j+1}2^{2i_{j+1}}}_{B}-\underbrace{\sum_{j=1}^{k-1}(-1)^{j+1}2^{i_j+i_{j+1}+1}}_{C}.$$

For $A+B$: reindex $B$ as $\sum_{j=2}^{k}(-1)^{j}2^{2i_j}$. Combining,
$$A+B=2^{2i_1}+\sum_{j=2}^{k-1}\bigl[(-1)^{j+1}+(-1)^{j}\bigr]2^{2i_j}+(-1)^{k}2^{2i_k}=2^{2i_1}+(-1)^{k}2^{2i_k},$$
since the middle terms vanish. Thus
$$F(m)=2^{2i_1}+(-1)^{k}2^{2i_k}-\sum_{j=1}^{k-1}(-1)^{j+1}2^{i_j+i_{j+1}+1}.$$

**Summing $R=\sum_m F(m)$ over all non-empty subsequences.**

*Part 1:* $\sum_m 2^{2i_1}$. Fix $i_1=a$; the rest is any subset of $\{a+1,\dots,1000\}$, giving $2^{1000-a}$ choices:
$$\text{P1}=\sum_{a=1}^{1000}2^{2a}\cdot 2^{1000-a}=2^{1000}\sum_{a=1}^{1000}2^a=2^{2001}-2^{1001}.$$

*Part 2:* $\sum_m (-1)^k 2^{2i_k}$. Fix $i_k=b$; preceding elements form any subset of $\{1,\dots,b-1\}$ of size $t=k-1$:
$$\text{P2}=\sum_{b=1}^{1000}2^{2b}\sum_{t=0}^{b-1}\binom{b-1}{t}(-1)^{t+1}=\sum_{b=1}^{1000}2^{2b}\cdot(-1)(1-1)^{b-1}.$$
This is $0$ for $b\ge2$ and $-4$ for $b=1$. So $\text{P2}=-4$.

*Part 3:* $\sum_m\sum_{j=1}^{k-1}(-1)^{j+1}2^{i_j+i_{j+1}+1}$. Fix consecutive pair $(i_j,i_{j+1})=(a,b)$, $a<b$. The $j-1$ earlier elements are chosen from $\{1,\dots,a-1\}$ ($\binom{a-1}{j-1}$ ways); elements after $b$ are any subset of $\{b+1,\dots,1000\}$ ($2^{1000-b}$ ways). Summing over $j$:
$$\sum_{j=1}^{a}(-1)^{j+1}\binom{a-1}{j-1}=\sum_{\ell=0}^{a-1}(-1)^{\ell}\binom{a-1}{\ell}=(1-1)^{a-1},$$
which is $1$ if $a=1$ and $0$ if $a\ge2$. Hence only $a=1$ contributes:
$$\text{P3}=\sum_{b=2}^{1000}2^{1+b+1}\cdot 2^{1000-b}=\sum_{b=2}^{1000}2^{1002}=999\cdot 2^{1002}.$$

**Combining:**
$$R=(2^{2001}-2^{1001})+(-4)-999\cdot 2^{1002}=2^{2001}-2^{1001}-999\cdot 2^{1002}-4.$$

**Computing $R\bmod 1000$.** Since $1000=8\cdot125$, use CRT.

*$\bmod\;8$:* All powers $2^{2001},2^{1001},2^{1002}$ are $\equiv0\pmod8$. So $R\equiv -4\equiv 4\pmod8$.

*$\bmod\;125$:* By Euler ($\varphi(125)=100$), $2^{100}\equiv1\pmod{125}$:
- $2^{2001}\equiv2\pmod{125}$,
- $2^{1001}\equiv2\pmod{125}$,
- $2^{1002}\equiv4\pmod{125}$,
- $999\equiv -1\pmod{125}$.

So $R\equiv 2-2-(-1)(4)-4=2-2+4-4=0\pmod{125}$.

**CRT:** Find $x\equiv0\pmod{125}$ and $x\equiv4\pmod8$. Write $x=125k$; then $5k\equiv4\pmod8$, so $k\equiv5\cdot4=20\equiv4\pmod8$. Thus $x=125\cdot4=500$.

**Verification:** $500\bmod125=0$ ✓; $500\bmod8=4$ ✓.

$$R\equiv\boxed{500}\pmod{1000}.$$

### PROOF COMPLETE
DEVIN_CLI_EXITED code=0
