I'll solve this directly in the TUI. This is the classical Fagnano problem.

**Answer-leak check:** The problem statement contains only the problem ("inscribe in a given acute-angled triangle the triangle of minimum perimeter") and procedural constraints. No solution, answer, or hint is leaked. Proceeding.

---

## Proof

Let $ABC$ be acute. We seek $X\in BC$, $Y\in CA$, $Z\in AB$ minimizing the perimeter $P=XY+YZ+ZX$.

### 1. Reflection (unfolding)

Fix $X\in BC$. Let $X'$ be the reflection of $X$ across $CA$, and $X''$ the reflection of $X$ across $AB$. Since $Y\in CA$ (the mirror defining $X'$), $XY=X'Y$; since $Z\in AB$ (the mirror defining $X''$), $ZX=ZX''$. Hence
$$P = X'Y + YZ + ZX'' \ge |X'X''|,$$
with equality iff $X',Y,Z,X''$ are collinear in this order.

### 2. Computing $|X'X''|$

Both $X'$ and $X''$ lie at distance $AX$ from $A$ (each mirror passes through $A$). Moreover
$$\angle X'AX''=\angle X'AC+\angle CAB+\angle BAX''=\angle XAC+A+\angle BAX.$$
Since $X\in BC$, the ray $AX$ splits $\angle A$, so $\angle XAC+\angle BAX=A$; thus $\angle X'AX''=2A$. Therefore
$$|X'X''|=2\,AX\,\sin A.$$

### 3. Lower bound

For every inscribed triangle,
$$P\ge 2\sin A\cdot AX\ge 2\sin A\cdot h_a,$$
where $h_a$ is the altitude from $A$ (the least distance from $A$ to a point of $BC$). Equality in the second inequality forces $X=H_a$, the foot of the altitude from $A$. Using $h_a=2R\sin B\sin C$,
$$P\ge 2\sin A\cdot h_a = 4R\sin A\sin B\sin C.$$

### 4. The orthic triangle attains the bound

Take $X=H_a$, $Y=H_b$ (foot from $B$), $Z=H_c$ (foot from $C$). We verify $X',H_b,H_c,X''$ are collinear.

**Lemma (cyclic quadrilaterals of the orthic triangle).** With $H$ the orthocenter:
- $B,H_c,H,H_a$ lie on the circle with diameter $BH$ (since $\angle BH_cH=\angle BH_aH=90^\circ$);
- $C,H_a,H,H_b$ lie on the circle with diameter $CH$;
- $B,H_b,H_c,C$ lie on the circle with diameter $BC$ (since $\angle BH_bC=\angle BH_cC=90^\circ$).

Using $\angle BHA=\angle CHB-\dots$; precisely, the standard orthocenter angles give $\angle BHA=180^\circ-C$, $\angle CHA=180^\circ-B$.

From the first circle, $\angle BH_cH_a$ is supplementary to $\angle BHH_a=\angle BHA=180^\circ-C$, so
$$\angle BH_cH_a = C,\qquad\text{hence}\qquad \angle AH_cH_a=180^\circ-C.$$
From the third circle, $\angle BH_cH_b$ is supplementary to $\angle BCH_b=C$, so
$$\angle BH_cH_b=180^\circ-C,\qquad\text{hence}\qquad \angle AH_cH_b=C.$$
By the same two circles (or by symmetry), at $H_b$:
$$\angle CH_bH_a = B,\qquad \angle AH_bH_c = B.$$

**Collinearity of $H_b,H_c,X''$ (where $X''=\operatorname{refl}_{AB}(H_a)$).** Since $H_c\in AB$, reflection in $AB$ fixes $H_c$ and sends $H_a$ to $X''$ on the opposite side of $AB$, with $\angle BH_cX''=\angle BH_cH_a=C$. Now $\angle AH_cH_b=C$ with $H_b$ on the $C$-side of $AB$, while $\angle BH_cX''=C$ with $X''$ on the other side; since $H_cA$ and $H_cB$ are opposite rays, the rays $H_cH_b$ and $H_cX''$ point in opposite directions. Thus $H_b,H_c,X''$ are collinear (with $H_c$ between them).

**Collinearity of $X',H_b,H_c$ (where $X'=\operatorname{refl}_{CA}(H_a)$).** Since $H_b\in CA$, reflection in $CA$ fixes $H_b$ and sends $H_a$ to $X'$ on the opposite side of $CA$, with $\angle CH_bX'=\angle CH_bH_a=B$. Since $\angle AH_bH_c=B$ with $H_c$ on the $B$-side of $CA$, and $H_bA$, $H_bC$ are opposite rays, the rays $H_bH_c$ and $H_bX'$ are opposite. Thus $X',H_b,H_c$ are collinear.

Combining: $X',H_b,H_c,X''$ are collinear, so equality holds in Step 1, and the orthic triangle has perimeter
$$P=|X'X''|=2\sin A\cdot AH_a=2\sin A\cdot h_a=4R\sin A\sin B\sin C.$$

### 5. Uniqueness and conclusion

Equality in the lower bound requires $X=H_a$ and collinearity of $X',Y,Z,X''$. With $X=H_a$, the line $X'X''$ meets $CA$ and $AB$ in unique points, which we have just shown to be $H_b$ and $H_c$. Hence the minimizer is unique.

The inscribed triangle of minimum perimeter is the **orthic triangle** (the triangle formed by the feet of the three altitudes), and the minimum perimeter equals $\boxed{4R\sin A\sin B\sin C}$.

### PROOF COMPLETE
DEVIN_CLI_EXITED code=0
