Yes. I'll exhibit a differentiable function whose derivative is unbounded, hence not Riemann integrable.

---

**Theorem.** There exists a differentiable function $F:[a,b]\to\mathbb{R}$ such that $F'$ is not Riemann integrable on $[a,b]$.

**Proof.** Take $[a,b]=[-1,1]$ and define

$$
F(x)=\begin{cases} x^{2}\sin(1/x^{2}), & x\neq 0,\\[4pt] 0, & x=0.\end{cases}
$$

**Step 1: $F$ is differentiable on $[-1,1]$.**

For $x\neq 0$, $F$ is a composition of differentiable functions, so

$$
F'(x)=2x\sin(1/x^{2})+x^{2}\cos(1/x^{2})\cdot(-2/x^{3})=2x\sin(1/x^{2})-\frac{2}{x}\cos(1/x^{2}).
$$

At $x=0$, using the definition of the derivative:

$$
F'(0)=\lim_{h\to 0}\frac{F(h)-F(0)}{h}=\lim_{h\to 0}\frac{h^{2}\sin(1/h^{2})}{h}=\lim_{h\to 0}h\sin(1/h^{2})=0,
$$

since $|h\sin(1/h^{2})|\le |h|\to 0$. Thus $F$ is differentiable at every point of $[-1,1]$ (with one-sided derivatives at the endpoints, where the same computation applies by continuity of the formula).

**Step 2: $F'$ is unbounded on $[-1,1]$.**

Consider the sequence $x_{n}=1/\sqrt{2\pi n}$ for $n\ge 1$. Then $1/x_{n}^{2}=2\pi n$, so $\cos(1/x_{n}^{2})=\cos(2\pi n)=1$ and $\sin(1/x_{n}^{2})=0$. Hence

$$
F'(x_{n})=2x_{n}\cdot 0-\frac{2}{x_{n}}\cdot 1=-\frac{2}{x_{n}}=-2\sqrt{2\pi n}\to -\infty.
$$

So $F'$ is unbounded below (and similarly unbounded above along $x_{n}'=1/\sqrt{(2n+1)\pi}$ where $\cos(1/x_{n}'^{2})=-1$).

**Step 3: $F'$ is not Riemann integrable.**

Every Riemann integrable function on a closed bounded interval must be **bounded**. This is because Riemann sums are finite linear combinations of function values, and an unbounded function has upper and lower Darboux sums that differ by an arbitrarily large amount on any partition containing a subinterval where the function is unbounded—formally, the upper sum is $+\infty$ (or lower sum $-\infty$), so the upper and lower integrals cannot coincide.

Since $F'$ is unbounded on $[-1,1]$, it is not Riemann integrable. $\blacksquare$

**Remark.** The mechanism is that differentiability of $F$ forces $F'$ to satisfy the *Darboux (intermediate value) property*, but imposes **no boundedness or continuity requirement**. The function $x^{2}\sin(1/x^{2})$ exploits this: the $x^{2}$ factor makes $F$ itself continuous and differentiable at the origin, while the $1/x^{2}$ inside the oscillation makes the derivative blow up. (One can also construct *bounded* derivatives that are not Riemann integrable—Volterra's example—whose discontinuity set has positive measure, but the unbounded construction above is the simplest witness.)

### PROOF COMPLETE
DEVIN_CLI_EXITED code=0
