Error: Agent error: Permission denied: Permission denied: Reached overall message rate limit. Please try again later. Your limit will reset in 2 minutes. (trace ID: b48d52f6404465dcdd8753bbf1af49bb): {
  "cognition.ai/errorKind": "internal",
  "cognition.ai/retryable": true
}
DEVIN_CLI_EXITED code=1
Error: Agent error: Permission denied: Permission denied: Reached overall message rate limit. Please try again later. Your limit will reset in 3 minutes. (trace ID: 6d3154647755f5a6b948b7a7b87fbc55): {
  "cognition.ai/errorKind": "internal",
  "cognition.ai/retryable": true
}
```xml
<audit>
  <analysis_result_key>2272750</analysis_result_key>
  <problem_id>polymath_00652</problem_id>
  <audit_status>FAIL_CONTENT_CORRUPT</audit_status>
  <check_results>
    <A1>PASS: dimension1_verdict is TOKEN_LIMIT, a valid value.</A1>
    <A2>PASS: dimension1_explanation is non-empty and well over 50 characters.</A2>
    <A3>PASS: dimension2_turning_point_type is "other", a valid enum value.</A3>
    <A4>PASS: dimension2_explanation is non-empty and well over 50 characters.</A4>
    <A5>PASS: ai_direction_summary is non-empty.</A5>
    <A6>PASS: standard_solution_key_technique is non-empty.</A6>
    <B1>FAIL: dimension2_explanation contains an XML tag leak — the string "</dimension2_turning_point_type>" appears embedded in the explanation text, and a stray "<dimension2_explanation>" tag also appears, indicating corrupted/mis-parsed field boundaries.</B1>
    <B2>PASS: no template placeholder leaks ("1-3 sentences", "ONE_OF:", etc.) detected.</B2>
    <B3>PASS: both dimension1_explanation and dimension2_explanation exceed 50 characters.</B3>
    <C1>PASS: d1=TOKEN_LIMIT and d2 has a value ("other"), consistent with the rule that d2 should be present when d1 is TOKEN_LIMIT.</C1>
    <C2>PASS: dimension1_explanation describes the thinking being cut off before completing the summation, which matches the TOKEN_LIMIT verdict.</C2>
    <C3>PASS: dimension2_turning_point_type is "other" and the explanation describes recurrence-solving and Taylor series recognition (not modular arithmetic), which semantically fits the "other" label.</C3>
    <D1>N/A — d1 is TOKEN_LIMIT</D1>
    <D2>N/A — d1 is TOKEN_LIMIT</D2>
    <D3>N/A — d1 is TOKEN_LIMIT</D3>
    <D4>N/A — d1 is TOKEN_LIMIT</D4>
    <E1>UNKNOWN — check via script</E1>
  </check_results>
  <issues_found>XML tag leak in dimension2_explanation: stray "</dimension2_turning_point_type>" closing tag embedded in content and a duplicate "<dimension2_explanation>" opening tag, indicating the analysis result fields were mis-parsed or corrupted during generation/serialization.</issues_found>
</audit>
```

### AUDIT COMPLETE
DEVIN_CLI_EXITED code=0
