No answer leak detected — the problem asks to *verify whether* the limit equals $1/2$, which is a question, not a stated answer.

## Proof

**Setup.** Since $X_1, \dots, X_n \stackrel{\text{iid}}{\sim} \text{Poisson}(1)$, by the closure of the Poisson family under convolution,
$$S_n = X_1 + \cdots + X_n \sim \text{Poisson}(n),$$
so $\mathbb{E}[S_n] = n$ and $\operatorname{Var}(S_n) = n$.

---

### Step 1. The limit is $1/2$ (direct CLT)

Define the standardized sum
$$Z_n = \frac{S_n - n}{\sqrt{n}}.$$
Since the $X_i$ are iid with mean $1$ and variance $1$, the classical Central Limit Theorem gives
$$Z_n \xrightarrow{d} \mathcal{N}(0,1).$$

Now observe that, because $n$ is an integer and $S_n$ is integer-valued,
$$\{S_n \leq n\} = \{Z_n \leq 0\} \quad \text{exactly.}$$

Since $x = 0$ is a continuity point of the standard normal CDF $\Phi$, convergence in distribution yields
$$\lim_{n\to\infty} \mathbb{P}\{S_n \leq n\} = \lim_{n\to\infty} \mathbb{P}\{Z_n \leq 0\} = \Phi(0) = \frac{1}{2}.$$

Therefore
$$\boxed{\lim_{n\to\infty} \mathbb{P}\{S_n \leq n\} = \frac{1}{2} = \mathbb{P}\{\mathcal{N}(0,1) \leq 0\}.}$$

The convergence **is** to $\mathbb{P}\{\mathcal{N}(0,1) \leq 0\} = 1/2$, confirming the candidate value.

---

### Step 2. Asymptotic behavior — the convergence is from above, at rate $O(n^{-1/2})$

The limit being $1/2$ is only the leading term. The finer behavior requires the **Edgeworth expansion**, and crucially a **continuity correction** because $S_n$ is lattice-valued.

**Edgeworth expansion.** For $X_i \sim \text{Poisson}(1)$, all cumulants equal $1$: $\kappa_r = 1$ for all $r \geq 1$. In particular the standardized third cumulant is $\lambda_3 = \kappa_3/\sigma^3 = 1$. The one-term Edgeworth expansion for the CDF of $Z_n$ is
$$\mathbb{P}\{Z_n \leq x\} = \Phi(x) - \frac{\lambda_3}{6\sqrt{n}}(x^2 - 1)\,\phi(x) + O(n^{-1}) = \Phi(x) - \frac{1}{6\sqrt{n}}(x^2-1)\phi(x) + O(n^{-1}),$$
where $\phi$ is the standard normal density.

**Continuity correction.** Since $S_n$ takes values in $\{0,1,2,\dots\}$, the event $\{S_n \leq n\}$ corresponds (in the continuous approximation) to the threshold $n + \tfrac{1}{2}$ rather than $n$. Thus we evaluate at
$$x_n = \frac{(n+\tfrac{1}{2}) - n}{\sqrt{n}} = \frac{1}{2\sqrt{n}}.$$

**Combining.** We compute each piece to order $n^{-1/2}$:
$$\Phi\!\left(\frac{1}{2\sqrt{n}}\right) = \frac{1}{2} + \frac{1}{2\sqrt{n}}\,\phi(0) + O(n^{-1}) = \frac{1}{2} + \frac{1}{2\sqrt{2\pi n}} + O(n^{-1}),$$
and
$$-\frac{1}{6\sqrt{n}}\!\left(\frac{1}{4n}-1\right)\phi\!\left(\frac{1}{2\sqrt{n}}\right) = -\frac{1}{6\sqrt{n}}(-1)\,\phi(0) + O(n^{-1}) = \frac{1}{6\sqrt{2\pi n}} + O(n^{-1}).$$

Adding,
$$\mathbb{P}\{S_n \leq n\} = \frac{1}{2} + \frac{1}{\sqrt{2\pi n}}\!\left(\frac{1}{2}+\frac{1}{6}\right) + O(n^{-1}) = \frac{1}{2} + \frac{2}{3\sqrt{2\pi n}} + O(n^{-1}).$$

---

### Step 3. Interpretation

- **The limit is $1/2$**, agreeing with $\mathbb{P}\{\mathcal{N}(0,1)\leq 0\}$, as the CLT predicts.
- **The convergence is from above**: the correction $\frac{2}{3\sqrt{2\pi n}} > 0$, so $\mathbb{P}\{S_n \leq n\} > 1/2$ for all large $n$. This reflects the **positive skewness** of the Poisson distribution ($\lambda_3 = 1 > 0$): the mass of $\text{Poisson}(n)$ is slightly shifted left of its mean, so the probability of being at most the mean exceeds $1/2$.
- **The rate is $O(n^{-1/2})$**, not $O(n^{-1})$ — this is the hallmark of a lattice distribution where the continuity correction contributes at the same order as the skewness term. Both terms are $O(n^{-1/2})$ and combine to give the coefficient $\frac{2}{3\sqrt{2\pi}}$.
- A **naive plug-in** CLT ($\mathbb{P}\{Z_n \leq 0\} \approx \Phi(0) = 1/2$) correctly identifies the limit but misses the $O(n^{-1/2})$ correction entirely; the Edgeworth expansion with continuity correction is needed to capture the approach rate.

**Numerical check.** For $n=100$: the expansion gives $0.5 + \frac{2}{3\sqrt{200\pi}} \approx 0.5266$, matching the known value $\mathbb{P}\{\text{Poisson}(100)\leq 100\}\approx 0.5265$.

### PROOF COMPLETE
DEVIN_CLI_EXITED code=0
