Error: Agent error: Permission denied: Permission denied: Reached overall message rate limit. Please try again later. Your limit will reset in 50 minutes. (trace ID: a24791234963d03255423492e48b8069): {
  "cognition.ai/errorKind": "internal",
  "cognition.ai/retryable": true
}
DEVIN_CLI_EXITED code=1
Error: Agent error: Permission denied: Permission denied: Reached overall message rate limit. Please try again later. Your limit will reset in 46 minutes. (trace ID: 54d7f5e3858ada9926fbe635e0ae2ec7): {
  "cognition.ai/errorKind": "internal",
  "cognition.ai/retryable": true
}
DEVIN_CLI_EXITED code=1
Error: Agent error: Permission denied: Permission denied: Reached overall message rate limit. Please try again later. Your limit will reset in 40 minutes. (trace ID: 0c8570024ed0b3cfeeffa70f8ec1e90e): {
  "cognition.ai/errorKind": "internal",
  "cognition.ai/retryable": true
}
DEVIN_CLI_EXITED code=1
Error: Agent error: Permission denied: Permission denied: Reached overall message rate limit. Please try again later. Your limit will reset in 35 minutes. (trace ID: 378a5bfe6f5f6e5b6a11614a0973af83): {
  "cognition.ai/errorKind": "internal",
  "cognition.ai/retryable": true
}
DEVIN_CLI_EXITED code=1
Error: Agent error: Permission denied: Permission denied: Reached overall message rate limit. Please try again later. Your limit will reset in 30 minutes. (trace ID: 67f30df16b9d5c1aa0a7ee8d5d2562de): {
  "cognition.ai/errorKind": "internal",
  "cognition.ai/retryable": true
}
DEVIN_CLI_EXITED code=1
Error: Agent error: Permission denied: Permission denied: Reached overall message rate limit. Please try again later. Your limit will reset in 24 minutes. (trace ID: 702d89f39f2ba7c0ed77fe1fb7461647): {
  "cognition.ai/errorKind": "internal",
  "cognition.ai/retryable": true
}
DEVIN_CLI_EXITED code=1
Error: Agent error: Permission denied: Permission denied: Reached overall message rate limit. Please try again later. Your limit will reset in 18 minutes. (trace ID: b361ce6b5071d1d9ee951e7ddc0e01a7): {
  "cognition.ai/errorKind": "internal",
  "cognition.ai/retryable": true
}
DEVIN_CLI_EXITED code=1
Error: Agent error: Permission denied: Permission denied: Reached overall message rate limit. Please try again later. Your limit will reset in 14 minutes. (trace ID: a13ce6cec0d0017bc4537c1361fa37c4): {
  "cognition.ai/errorKind": "internal",
  "cognition.ai/retryable": true
}
DEVIN_CLI_EXITED code=1
Error: Agent error: Permission denied: Permission denied: Reached overall message rate limit. Please try again later. Your limit will reset in 8 minutes. (trace ID: 0dcf642823ab793cf4e89be028bb0453): {
  "cognition.ai/errorKind": "internal",
  "cognition.ai/retryable": true
}
DEVIN_CLI_EXITED code=1
Error: Agent error: Permission denied: Permission denied: Reached overall message rate limit. Please try again later. Your limit will reset in 2 minutes. (trace ID: 1be58439fb249d9bc92a33fbffff96eb): {
  "cognition.ai/errorKind": "internal",
  "cognition.ai/retryable": true
}
DEVIN_CLI_EXITED code=1
现在我已经掌握了所需的所有信息。让我通过比较标准解答与 AI 的思考过程来分析此次失败的原因。

**问题**：找出 $k$ 的最大值，使得对于任意具有 2016 个顶点和 $k$ 条边的连通图，都存在一个独立集，移除该集合后会使图变得不连通。

**标准解答的关键技巧**：在 $n$ 上进行归纳，使用更强的引理（关于 2-连通图），并采用**顶点合并**——当 $v_0$ 在三角形 $v_0, v_1, v_2$ 中时，将 $v_0$ 和 $v_1$ 合并为一个顶点，从而将问题归约到更小的图。结合对合并后的图是否为 2-连通进行案例分析，并在非 2-连通的情况下对 2-连通分量进行分解。

**AI 的思考**：
- 正确重构了问题
- 正确发现答案为 $2n - 4 = 4028$
- 正确确定了极值构造（分裂图：2 个顶点的团 + $n-2$ 个顶点的独立集，全连接，$2n-3$ 条边）
- 验证了 $n = 3, 4, 5, 6$ 的小规模案例
- 试图通过**对通用顶点进行案例分析**（$u \geq 2$, $u = 1$, $u = 0$）来证明下界
- 成功处理了 $u \geq 2$ 和 $u = 1$ 的情况
- 在 **$u = 0$ 且 $\delta \geq 3$** 的情况上卡壳——承认“度数为 2 的论证并不总是奏效”
- 思考过程在检查 6 顶点上的棱柱图时中断，句子说到一半停止

AI 处于正确的轨道上（答案正确，极值构造正确），但在尝试使用与标准解答不同的证明策略时耗尽了 token。标准解答的归纳+合并方法巧妙地避开了 AI 陷入的 $u = 0$ 情况。

```xml
<analysis>
  <problem_id>polymath_00012</problem_id>
  <dimension1_verdict>TOKEN_LIMIT</dimension1_verdict>
  <dimension1_explanation>The AI correctly identified the answer (2n-4 = 4028) and the extremal construction (split graph with clique size 2 and independent set size n-2, giving 2n-3 edges as the minimum "hard" graph). It was actively working on proving the matching lower bound — the hard part of the problem — when its thinking was cut off mid-sentence while examining the prism graph on 6 vertices. The failure is about running out of tokens, not about a wrong direction.</dimension1_explanation>
  <dimension2_turning_point_type>other</dimension2_turning_point_type>
  <dimension2_explanation>The standard solution's key technique is induction on n with a strengthened lemma for 2-connected graphs, using vertex merging (contracting two vertices of a triangle into one) to reduce to a smaller graph, then case-analyzing whether the merged graph is 2-connected. This is a structural graph-theoretic induction technique, not modular arithmetic.</dimension2_explanation>
  <ai_direction_summary>The AI attempted a direct proof by contradiction using case analysis on the number of universal vertices (u≥2, u=1, u=0), successfully handling the first two cases but getting stuck on the u=0 case with minimum degree ≥3.</ai_direction_summary>
  <standard_solution_key_technique>Induction on n with vertex merging in triangles, reducing the 2-connected case to a smaller graph and decomposing into 2-connected components when the merged graph is not 2-connected.</standard_solution_key_technique>
  <confidence>high</confidence>
</analysis>
```

### 分析完成
DEVIN_CLI_EXITED code=0
