Looking at this problem, I need to show that a UFD whose fraction field is $\mathbb{R}$ must itself be $\mathbb{R}$.

**Answer leak check:** The problem text contains only the statement to prove — no solutions, sketches, or leaked answers. Proceeding.

---

## Proof

Let $R$ be a UFD and let $K = \operatorname{Frac}(R) \cong \mathbb{R}$.

**Step 1: $R$ has characteristic 0.**

Since $K \cong \mathbb{R}$ has characteristic 0, so does $R$. Thus $\mathbb{Z} \hookrightarrow R$ and $\mathbb{Q} \hookrightarrow K$.

**Step 2: It suffices to show $R$ is a field.**

If $R$ is a field, then $R = \operatorname{Frac}(R) = K \cong \mathbb{R}$, and we are done.

**Step 3: $R$ has no irreducible elements.**

Suppose for contradiction that $p \in R$ is irreducible. Since $R$ is a UFD, $p$ is prime. The image of $p$ in $K \cong \mathbb{R}$ is a nonzero real number $r$.

- If $r > 0$: Since every positive real is a square, there exists $s \in \mathbb{R}$ with $s^2 = r$. Under the isomorphism $K \cong \mathbb{R}$, write $s = a/b$ with $a, b \in R$, $b \neq 0$, and $a, b$ sharing no common irreducible factor (possible in a UFD by canceling common factors). Then in $K$:
$$p = \frac{a^2}{b^2}, \quad \text{i.e., } p\,b^2 = a^2.$$
Since $p$ is prime and $p \mid a^2$, we get $p \mid a$; write $a = pc$. Substituting: $b^2 = p\,c^2$, so $p \mid b^2$, hence $p \mid b$. But $p \mid a$ and $p \mid b$ contradicts that $a, b$ share no common irreducible factor.

- If $r < 0$: Then $-r > 0$, so $-r = t^2$ for some $t \in \mathbb{R}$. The element $-p \in R$ is also irreducible (it is an associate of $p$, since $-1$ is a unit) and its image $-r > 0$ is a square. Writing $t = a/b$ with $a, b$ sharing no common irreducible factor:
$$-p = \frac{a^2}{b^2}, \quad \text{i.e., } a^2 = -p\,b^2.$$
Since $-p$ is an associate of $p$, we have $p \mid a^2$, hence $p \mid a$; write $a = pc$. Then $p^2 c^2 = -p\,b^2$, so $p\,c^2 = -b^2$, giving $p \mid b^2$, hence $p \mid b$. Again this contradicts $a, b$ sharing no common irreducible factor.

In both cases we reach a contradiction. Therefore $R$ has no irreducible elements.

**Step 4: $R$ is a field.**

In a UFD, every nonzero non-unit factors into a product of irreducibles. Since $R$ has no irreducibles, there are no nonzero non-units. Thus every nonzero element of $R$ is a unit, so $R$ is a field.

**Conclusion.** Since $R$ is a field, $R = \operatorname{Frac}(R) \cong \mathbb{R}$. $\blacksquare$

### PROOF COMPLETE
