```xml
<audit>
  <analysis_result_key>2270611</analysis_result_key>
  <problem_id>deepmath_103k_00000361</problem_id>
  <audit_status>FAIL_INCOMPLETE</audit_status>
  <check_results>
    <A1>PASS: dimension1_verdict is DIRECTION_ERROR, a valid value.</A1>
    <A2>PASS: dimension1_explanation is non-empty and well over 50 characters.</A2>
    <A3>FAIL: dimension2_turning_point_type is null, but d1=DIRECTION_ERROR requires it to be non-empty and one of the valid categories.</A3>
    <A4>PASS: dimension2_explanation is non-empty and well over 50 characters.</A4>
    <A5>PASS: ai_direction_summary is non-empty and describes the AI's actual direction.</A5>
    <A6>PASS: standard_solution_key_technique is non-empty and describes a specific technique.</A6>
    <B1>PASS: no XML tag leaks found in either explanation.</B1>
    <B2>PASS: no template placeholder leaks found in either explanation.</B2>
    <B3>PASS: both explanations are well over 50 characters.</B3>
    <C1>FAIL: d1=DIRECTION_ERROR requires d2 to have a value, but dimension2_turning_point_type is null.</C1>
    <C2>PASS: d1_exp describes the AI solving an entirely different problem (geometric group theory), consistent with DIRECTION_ERROR.</C2>
    <C3>FAIL: dimension2_turning_point_type is null, so consistency with d2_exp cannot be established; d2_exp itself notes the technique does not fit any listed category.</C3>
    <D1>FAIL: d1_explanation exceeds 100 characters but contains none of the required action verbs in exact form (has "exploring"/"uses" but not "explored"/"used").</D1>
    <D2>PASS: d2_explanation exceeds 100 characters and contains mathematical terms (gradient, level set, partial derivatives).</D2>
    <D3>PASS: ai_direction_summary concretely describes the AI's direction (geometric group theory, commutator word lengths, free groups).</D3>
    <D4>PASS: standard_solution_key_technique describes the specific technique (gradient of level-set function, parallelism with e_n).</D4>
    <E1>UNKNOWN — check via script</E1>
  </check_results>
  <issues_found>dimension2_turning_point_type is null despite d1=DIRECTION_ERROR (A3, C1 fail), d2_exp self-reports that the technique fits no listed category, D1 missing exact action verb</issues_found>
</audit>
```

### AUDIT COMPLETE
DEVIN_CLI_EXITED code=0
