```xml
<audit>
  <analysis_result_key>2269912</analysis_result_key>
  <problem_id>deepmath_103k_00011635</problem_id>
  <audit_status>PASS_SELECTABLE</audit_status>
  <check_results>
    <A1>PASS: dimension1_verdict is "DIRECTION_ERROR", which is a valid value in the allowed set.</A1>
    <A2>PASS: dimension1_explanation is non-empty and well over 50 characters, describing the wrong-direction failure in detail.</A2>
    <A3>PASS: dimension2_turning_point_type is "other", which is a valid value in the allowed set, and is required since d1=DIRECTION_ERROR.</A3>
    <A4>PASS: dimension2_explanation is non-empty and well over 50 characters, describing the hypergraph hitting-set contradiction technique.</A4>
    <A5>PASS: ai_direction_summary is non-empty and describes the differential topology direction the AI actually took.</A5>
    <A6>PASS: standard_solution_key_technique is non-empty and describes the finite hitting set + proof by contradiction technique.</A6>
    <B1>PASS: Neither explanation contains XML tag leaks like "</dimension" or "<dimension".</B1>
    <B2>PASS: Neither explanation contains template placeholder leaks like "1-3 sentences" or "ONE_OF:".</B2>
    <B3>PASS: Both explanations are well over 50 characters in length.</B3>
    <C1>PASS: d1=DIRECTION_ERROR requires d2 to have a value, and d2="other" with a non-empty explanation is present.</C1>
    <C2>PASS: dimension1_explanation describes the AI exploring an entirely unrelated area (differential topology) instead of the actual finite-sets problem, which semantically matches the DIRECTION_ERROR label.</C2>
    <C3>PASS: dimension2_explanation describes a combinatorial compactness/hypergraph hitting-set argument that does not fit the number-theoretic categories, which semantically matches the "other" turning point label.</C3>
    <D1>PASS: dimension1_explanation is over 100 characters and contains action verbs "explored", "considered" (via "never considered").</D1>
    <D2>PASS: dimension2_explanation is over 100 characters and contains mathematical terms such as "hypergraph hitting-set", "proof by contradiction", "pairwise disjoint", "finiteness hypothesis".</D2>
    <D3>PASS: ai_direction_summary describes the specific direction taken (differential topology / Riemannian geometry on exotic 4-spheres), not just "the AI failed".</D3>
    <D4>PASS: standard_solution_key_technique describes the specific technique (finite hitting set for hypergraph of pairwise intersections + proof by contradiction), not a generic "clever method".</D4>
    <E1>UNKNOWN — check via script</E1>
  </check_results>
  <issues_found>none</issues_found>
</audit>
```

### AUDIT COMPLETE
DEVIN_CLI_EXITED code=0
```xml
<audit>
  <analysis_result_key>2269912</analysis_result_key>
  <problem_id>deepmath_103k_00011635</problem_id>
  <audit_status>PASS_SELECTABLE</audit_status>
  <check_results>
    <A1>PASS: dimension1_verdict is DIRECTION_ERROR, a valid value.</A1>
    <A2>PASS: dimension1_explanation is non-empty and well over 50 characters.</A2>
    <A3>PASS: dimension2_turning_point_type is "other", a valid enum value.</A3>
    <A4>PASS: dimension2_explanation is non-empty and well over 50 characters.</A4>
    <A5>PASS: ai_direction_summary is non-empty and describes the AI's direction.</A5>
    <A6>PASS: standard_solution_key_technique is non-empty and describes the technique.</A6>
    <B1>PASS: No XML tag leaks found in either explanation.</B1>
    <B2>PASS: No template placeholder leaks found in either explanation.</B2>
    <B3>PASS: Both explanations are well over 50 characters.</B3>
    <C1>PASS: d1=DIRECTION_ERROR and d2 has a value ("other"), consistent.</C1>
    <C2>PASS: d1_exp describes a wrong direction (differential topology vs. combinatorics), matching DIRECTION_ERROR.</C2>
    <C3>PASS: d2_exp describes a combinatorial compactness/hitting-set argument, matching "other" since it does not fit number-theoretic categories.</C3>
    <D1>PASS: d1_exp is over 100 characters and contains action verbs "explored", "considered".</D1>
    <D2>PASS: d2_exp is over 100 characters and contains mathematical terms (hypergraph, hitting-set, contradiction, compactness).</D2>
    <D3>PASS: ai_direction_summary describes the specific direction taken (differential topology/Riemannian geometry on exotic 4-spheres).</D3>
    <D4>PASS: standard_solution_key_technique describes the specific technique (finite hitting set + proof by contradiction on disjoint intersections).</D4>
    <E1>UNKNOWN — check via script</E1>
  </check_results>
  <issues_found>none</issues_found>
</audit>
```

### AUDIT COMPLETE
DEVIN_CLI_EXITED code=0
