Error: Agent error: Permission denied: Permission denied: Reached overall message rate limit. Please try again later. Your limit will reset in 17 minutes. (trace ID: 7e30ce59ac30fa7c95da7664c28c7db5): {
  "cognition.ai/errorKind": "internal",
  "cognition.ai/retryable": true
}
DEVIN_CLI_EXITED code=1
```xml
<audit>
  <analysis_result_key>2271689</analysis_result_key>
  <problem_id>oda_math_460k_00001972</problem_id>
  <audit_status>PASS_SELECTABLE</audit_status>
  <check_results>
    <A1>PASS: dimension1_verdict is DIRECTION_ERROR, a valid value.</A1>
    <A2>PASS: dimension1_explanation is non-empty and well over 50 characters.</A2>
    <A3>PASS: dimension2_turning_point_type is "other", a valid value in the allowed list.</A3>
    <A4>PASS: dimension2_explanation is non-empty and over 50 characters.</A4>
    <A5>PASS: ai_direction_summary is non-empty and describes the AI's actual direction.</A5>
    <A6>PASS: standard_solution_key_technique is non-empty and describes the factoring technique.</A6>
    <B1>PASS: No XML tag leaks (</dimension or <dimension) found in either explanation.</B1>
    <B2>PASS: No template placeholder leaks ("1-3 sentences", "ONE_OF:", "Your 1-3 sentence") found.</B2>
    <B3>PASS: Both explanations are well over 50 characters.</B3>
    <C1>PASS: d1=DIRECTION_ERROR and d2 has a value ("other"), consistent with the rule.</C1>
    <C2>PASS: d1_exp describes the AI going in a completely wrong direction (model theory vs. quadratic inequality), matching DIRECTION_ERROR.</C2>
    <C3>PASS: d2_exp describes basic algebraic factoring and interval sign analysis, which correctly matches "other" since no listed number-theoretic category applies.</C3>
    <D1>PASS: d1_exp is over 100 characters and contains action verbs ("went", "engaged").</D1>
    <D2>PASS: d2_exp is over 100 characters and contains mathematical terms (factoring, interval sign analysis, quadratic).</D2>
    <D3>PASS: ai_direction_summary describes the specific direction the AI took (model theory, OTT, Vaught's theorem), not just "the AI failed".</D3>
    <D4>PASS: standard_solution_key_technique describes the specific technique (factoring x(x-4)<0, critical points, interval sign testing).</D4>
    <E1>UNKNOWN — check via script</E1>
  </check_results>
  <issues_found>none</issues_found>
</audit>
```

### AUDIT COMPLETE
DEVIN_CLI_EXITED code=0
