I'll solve this directly in the TUI using the Friendship Theorem (Erdős–Rényi–Sós). Let me reason through it carefully.

**Answer-leak check:** The problem statement contains only the problem, no solutions or hints. Proceeding.

---

## Proof

Model the 2009 people as vertices of a graph $G$ on $n=2009$ vertices, where an edge means "friends." The condition is: **every two distinct vertices have exactly one common neighbor.**

We use the **Friendship Theorem** (Erdős–Rényi–Sós, 1966): *A finite graph in which every two distinct vertices have exactly one common neighbor is a windmill graph* — a collection of triangles all sharing one common vertex. We prove it in three steps.

### Step 1: A lemma — non-adjacent vertices have equal degree

Let $a,b$ be non-adjacent with unique common neighbor $c$. Define $\varphi:N(a)\to N(b)$ by: for $w\in N(a)$, let $\varphi(w)$ be the unique common neighbor of the pair $(w,b)$; note $\varphi(w)\in N(b)$.

*Injectivity:* If $\varphi(w_1)=\varphi(w_2)=z$ with $w_1\ne w_2$, then $z$ is adjacent to both $w_1,w_2$, and $a$ is adjacent to both $w_1,w_2$ (since $w_1,w_2\in N(a)$). So $w_1,w_2$ have common neighbors $a$ and $z$. If $a\ne z$, that's two common neighbors — contradiction. If $a=z$, then $a\in N(b)$, i.e. $a$ adjacent to $b$, contradicting non-adjacency. So $w_1=w_2$.

Thus $|N(a)|\le |N(b)|$; by symmetry $|N(b)|\le |N(a)|$. Hence $d(a)=d(b)$. $\square$

### Step 2: If $G$ is regular, then $G$ is a single triangle

Suppose $G$ is $k$-regular. Counting length-2 paths: each pair has exactly one common neighbor, so $\sum_v \binom{d(v)}{2}=\binom{n}{2}$, giving $n\binom{k}{2}=\binom{n}{2}$, i.e. $k(k-1)=n-1$.

The adjacency matrix satisfies $A^2 = J+(k-1)I$ (off-diagonal entries $1$, diagonal $k$). So $A$ has eigenvalue $k$ (from $\mathbf{1}$) and all other eigenvalues $\lambda$ satisfy $\lambda^2=k-1$, i.e. $\lambda=\pm\sqrt{k-1}$. Let $r=\sqrt{k-1}$, with multiplicities $a,b$ for $+r,-r$ ($a+b=n-1$). Since $\operatorname{tr}A=0$:
$$k+(a-b)r=0 \implies a-b = -\frac{k}{\sqrt{k-1}}.$$
For $a-b\in\mathbb{Z}$, $\sqrt{k-1}$ must be rational, so $k-1=s^2$, $k=s^2+1$, and $a-b=-(s^2+1)/s$. Integrality forces $s\mid 1$, so $s=1$, $k=2$, $n=k(k-1)+1=3$. This is the triangle $K_3$.

### Step 3: If $G$ is not regular, a universal vertex exists

Assume $G$ is not regular and has **no** universal vertex. Let $\Delta$ be the maximum degree ($\Delta<n-1$), and pick $x$ with $d(x)=\Delta$. Since $x$ is not universal, some $y$ is non-adjacent to $x$; by Step 1, $d(y)=\Delta$. Let $c$ be the unique common neighbor of $x,y$.

- Every **non-neighbor** of $x$ is non-adjacent to $x$, so has degree $\Delta$ (Step 1).
- Every **neighbor** $w\ne c$ of $x$: $w$ is not adjacent to $y$ (else $x,y$ would have common neighbors $c$ and $w$), so $w$ is non-adjacent to $y$, giving $d(w)=d(y)=\Delta$ (Step 1).

So **every vertex except possibly $c$ has degree $\Delta$**. Let $d(c)=\delta$.

- If $\delta=\Delta$: $G$ is regular — contradicts non-regularity.
- If $\delta<\Delta$: since $\Delta<n-1$, $c$ is not universal, so some $z\ne c$ is non-adjacent to $c$. By Step 1, $d(z)=d(c)=\delta<\Delta$, but $z\ne c$ has degree $\Delta$ — contradiction.
- $\delta>\Delta$ is impossible ($\Delta$ is the maximum).

All cases contradict, so a **universal vertex** $u$ (degree $n-1$) exists.

### Step 4: Universal vertex $\Rightarrow$ windmill graph

Let $u$ be universal. For any $a\ne u$, the pair $(a,u)$ has exactly one common friend: $N(a)\cap N(u)=N(a)\setminus\{u\}$ must have size $1$. So $a$ has exactly one neighbor other than $u$; call it $a'$. Then $a'$ also has $u$ and $a$ as its only neighbors (by the same argument), so $\{a,a'\}$ is a matched pair, and $\{u,a,a'\}$ forms a triangle. No two such pairs can share a non-$u$ vertex (else two non-$u$ vertices would share common neighbors $u$ and that vertex). Thus the $n-1$ non-$u$ vertices pair into $(n-1)/2$ disjoint edges, giving $(n-1)/2$ triangles sharing $u$.

### Computation for $n=2009$

The windmill has $(2009-1)/2=1004$ triangles. The central vertex $u$ has degree $2008$; every other vertex has degree $2$. The Friendship Theorem shows this is the **unique** graph satisfying the condition, so the difference is uniquely determined:

$$2008 - 2 = \boxed{2006}.$$

### PROOF COMPLETE
DEVIN_CLI_EXITED code=0
