## Proof

Consider $f(z) = \dfrac{z^3}{1-z^2}$ as a holomorphic map $f: \mathbb{P}^1 \to \mathbb{P}^1$. Its degree is $d = \max(\deg \text{num}, \deg \text{den}) = 3$.

### Finding the ramification points

A point $P$ is a ramification point when the ramification index $e_P > 1$, equivalently (at non-pole finite points) when $f'(P)=0$ with the appropriate multiplicity, and at poles/infinity we check the local degree directly.

**Derivative.**
$$f'(z) = \frac{3z^2(1-z^2)-z^3(-2z)}{(1-z^2)^2} = \frac{3z^2-z^4}{(1-z^2)^2} = \frac{z^2(3-z^2)}{(1-z^2)^2}.$$

The zeros of $f'$ (away from poles $z=\pm1$) come from $z^2(3-z^2)=0$, giving $z=0$ and $z=\pm\sqrt{3}$.

**At $z=0$.** $f(z)=\dfrac{z^3}{1-z^2}=z^3(1+z^2+z^4+\cdots)=z^3+z^5+\cdots$. Locally $f$ looks like $z\mapsto z^3$, so $e_0=3$ and the ramification order is $e_0-1=2$.

**At $z=\sqrt{3}$.** Near $z=\sqrt{3}$, the factor $z^2\approx 3\neq 0$ and $(1-z^2)^2\approx 4\neq 0$, while $3-z^2=-(z-\sqrt3)(z+\sqrt3)$ has a simple zero. Hence $f'$ has a simple zero, so $e_{\sqrt3}=2$ and the order is $1$.

**At $z=-\sqrt{3}$.** By the same argument (symmetry $f(-z)=-f(z)$), $e_{-\sqrt3}=2$ and the order is $1$.

**At the poles $z=\pm1$.** Since $1-z^2=(1-z)(1+z)$, each of $z=1$ and $z=-1$ is a simple pole. A simple pole has local degree $1$, so $e=1$: **no ramification**.

**At $z=\infty$.** Set $w=1/z$:
$$f(1/w)=\frac{1/w^3}{1-1/w^2}=\frac{1}{w(w^2-1)}=-\frac{1}{w}(1+w^2+\cdots).$$
This is a simple pole at $w=0$, so $e_\infty=1$: **no ramification**.

### a) Sum of the orders of all ramification points

The ramification points and their orders $(e_P-1)$ are:

| $P$ | $e_P$ | $e_P-1$ |
|---|---|---|
| $0$ | $3$ | $2$ |
| $\sqrt{3}$ | $2$ | $1$ |
| $-\sqrt{3}$ | $2$ | $1$ |

$$\sum_{P}(e_P-1)=2+1+1=\boxed{4}.$$

### b) Riemann–Hurwitz evaluation

The genus of the Riemann sphere is $g=0$. The Riemann–Hurwitz formula for $f:\mathbb{P}^1\to\mathbb{P}^1$ of degree $d=3$ reads
$$2g_X-2 = d(2g_Y-2)+\sum_P(e_P-1),$$
i.e. $-2 = 3(-2)+\sum_P(e_P-1)$, giving $\sum_P(e_P-1)=4$, consistent with part (a).

Therefore
$$2g-2+\sum_P(e_P-1)=2(0)-2+4=-2+4=\boxed{2}.$$

### PROOF COMPLETE
DEVIN_CLI_EXITED code=0
