## Answer Leak Self-Check

I have examined the problem text. It contains only the problem statement with no leaked solutions, answer values, solution sketches, or formalization notes. Proceeding to solve.

## Proof

**Claim:** Yes, $|\operatorname{Gal}(F(u)/F)|$ equals the number of distinct roots of $p(x)$ in $F(u)$.

**Setup.** Let $p(x)\in F[x]$ be the minimal (monic irreducible) polynomial of $u$ over $F$, and let $n=\deg p=[F(u):F]$. Denote
$$R=\{v\in F(u):p(v)=0\}$$
the set of distinct roots of $p$ lying in $F(u)$, and $G=\operatorname{Gal}(F(u)/F)$ the group of $F$-automorphisms of $F(u)$.

**Step 1: A canonical injection $G\hookrightarrow R$.**

For any $\sigma\in G$, since $\sigma$ fixes $F$ pointwise,
$$p(\sigma(u))=\sigma(p(u))=\sigma(0)=0,$$
so $\sigma(u)\in R$. Define $\Phi:G\to R$ by $\Phi(\sigma)=\sigma(u)$. This is injective: if $\sigma(u)=\tau(u)$, then $\sigma$ and $\tau$ agree on $F$ (both fix it) and on $u$, hence on all of $F(u)=F[u]$ (every element is a polynomial in $u$ over $F$), so $\sigma=\tau$. Thus
$$|G|\le|R|.$$

**Step 2: A canonical surjection $R\twoheadrightarrow G$ (hence bijection).**

Let $v\in R$, i.e., $v\in F(u)$ with $p(v)=0$. Since $p$ is irreducible and $p(u)=p(v)=0$, the universal property of the quotient $F[x]/(p)\cong F(u)$ yields a unique $F$-algebra homomorphism
$$\varphi_v:F(u)\to F(u),\qquad u\mapsto v.$$
Concretely, $\varphi_v(f(u))=f(v)$ for every $f\in F[x]$; this is well-defined because $p\mid(f-g)$ implies $p(v)\mid$... more directly: if $f(u)=g(u)$ then $(f-g)(u)=0$, so $p\mid(f-g)$, hence $(f-g)(v)=0$, i.e., $f(v)=g(v)$.

Being a field homomorphism, $\varphi_v$ is injective. As an $F$-linear map of the finite-dimensional $F$-vector space $F(u)$ (dimension $n$), injectivity forces surjectivity. Hence $\varphi_v\in G$, and $\Phi(\varphi_v)=\varphi_v(u)=v$.

Therefore $\Phi$ is surjective, and consequently a bijection.

**Conclusion.**

$$|\operatorname{Gal}(F(u)/F)|=|R|=\text{the number of distinct roots of }p(x)\text{ in }F(u).$$

**Remark on the relationship to the full splitting field.** This equality is consistent with, but distinct from, the classical bound $|\operatorname{Gal}(F(u)/F)|\le[F(u):F]=\deg p$. The gap between $\deg p$ and $|R|$ is exactly the roots of $p$ that do **not** lie in $F(u)$; when $F(u)/F$ is normal (so $p$ splits completely in $F(u)$) and separable, $|R|=\deg p$ and the extension is Galois with $|\operatorname{Gal}(F(u)/F)|=\deg p$. In general, $F(u)$ need not contain all conjugates of $u$, yet it always contains exactly as many of them as there are $F$-automorphisms — which is the content of the identity proved above.

### PROOF COMPLETE
DEVIN_CLI_EXITED code=0
