## Answer-Leak Check

The problem text contains only the statement to be proved — no solution, sketch, or formalization notes. No leak detected. Proceeding.

## Proof

Let

$$
F(x,y,z)=\frac{x}{y+z+1}+\frac{y}{z+x+1}+\frac{z}{x+y+1}-\Big(1+(1-x)(1-y)(1-z)\Big).
$$

We must show $F\le 0$ on $[0,1]^3$.

**Key observation (convexity in each variable).** Fix $y,z\in[0,1]$ and view $F$ as a function of $x$. Since $(1-x)(1-y)(1-z)=(1-y)(1-z)-x(1-y)(1-z)$,

$$
F(x)=\frac{x}{y+z+1}+\frac{y}{z+x+1}+\frac{z}{x+y+1}-1-(1-y)(1-z)+x(1-y)(1-z).
$$

The first, fifth, and sixth terms are linear in $x$, while

$$
\frac{\partial^2}{\partial x^2}\!\left(\frac{y}{z+x+1}\right)=\frac{2y}{(z+x+1)^3}\ge 0,\qquad
\frac{\partial^2}{\partial x^2}\!\left(\frac{z}{x+y+1}\right)=\frac{2z}{(x+y+1)^3}\ge 0.
$$

Hence $F(\cdot,y,z)$ is **convex** in $x$, so its maximum on $[0,1]$ is attained at an endpoint:

$$
F(x,y,z)\le \max\{F(0,y,z),\,F(1,y,z)\}.
$$

It therefore suffices to prove $F(0,y,z)\le 0$ and $F(1,y,z)\le 0$ for all $y,z\in[0,1]$.

---

**Case 1: $x=0$.** We need

$$
\frac{y}{z+1}+\frac{z}{y+1}\le 1+(1-y)(1-z)=2-y-z+yz.
$$

Set $G(y,z)=\dfrac{y}{z+1}+\dfrac{z}{y+1}-2+y+z-yz$. As a function of $y$,

$$
\frac{\partial^2 G}{\partial y^2}=\frac{2z}{(y+1)^3}\ge 0,
$$

so $G$ is convex in $y$; its maximum on $[0,1]$ is at $y=0$ or $y=1$.

- $G(0,z)=z-2+z=2z-2\le 0$ since $z\le 1$.
- $G(1,z)=\dfrac{1}{z+1}+\dfrac{z}{2}-1=:h(z)$.

Now $h''(z)=\dfrac{2}{(z+1)^3}>0$, so $h$ is convex in $z$; its maximum on $[0,1]$ is at an endpoint: $h(0)=1-1=0$, $h(1)=\tfrac12+\tfrac12-1=0$. Thus $h(z)\le 0$.

So $F(0,y,z)\le 0$.

---

**Case 2: $x=1$.** We need

$$
\frac{1}{y+z+1}+\frac{y}{z+2}+\frac{z}{y+2}\le 1.
$$

Set $H(y,z)=\dfrac{1}{y+z+1}+\dfrac{y}{z+2}+\dfrac{z}{y+2}-1$. As a function of $y$,

$$
\frac{\partial^2 H}{\partial y^2}=\frac{2}{(y+z+1)^3}+\frac{2z}{(y+2)^3}\ge 0,
$$

so $H$ is convex in $y$; maximum at $y=0$ or $y=1$.

- $H(0,z)=\dfrac{1}{z+1}+\dfrac{z}{2}-1=h(z)\le 0$ (from Case 1).
- $H(1,z)=\dfrac{1}{z+2}+\dfrac{1}{z+2}+\dfrac{z}{3}-1=\dfrac{2}{z+2}+\dfrac{z}{3}-1=:k(z)$.

Now $k''(z)=\dfrac{4}{(z+2)^3}>0$, so $k$ is convex in $z$; maximum at an endpoint: $k(0)=1-1=0$, $k(1)=\tfrac23+\tfrac13-1=0$. Thus $k(z)\le 0$.

So $F(1,y,z)\le 0$.

---

**Conclusion.** By convexity in $x$, $F(x,y,z)\le\max\{F(0,y,z),F(1,y,z)\}\le 0$ for all $x,y,z\in[0,1]$. Therefore

$$
\frac{x}{y+z+1}+\frac{y}{z+x+1}+\frac{z}{x+y+1}\le 1+(1-x)(1-y)(1-z),
$$

as required. (Equality holds, for instance, at every vertex of $[0,1]^3$ except $(0,0,0)$.)

### PROOF COMPLETE
