Looking at this problem, I need to determine the number of isolated (convex) subgroups of a value group of rank $n$.

## Proof

**Definitions.** A *value group* is an ordered abelian group $\Gamma$. A subgroup $\Delta \leq \Gamma$ is *isolated* (equivalently, *convex*) if for all $\gamma \in \Delta$ and all $\delta \in \Gamma$ with $0 \leq \delta \leq \gamma$, we have $\delta \in \Delta$. The *rank* of $\Gamma$ is the length of the chain of its isolated subgroups: if
$$\{0\} = \Gamma_0 \subsetneq \Gamma_1 \subsetneq \cdots \subsetneq \Gamma_n = \Gamma,$$
then the rank is $n$ (the number of strict inclusions).

**Step 1: The isolated subgroups form a totally ordered chain under inclusion.**

Let $\Delta_1, \Delta_2$ be two isolated subgroups of $\Gamma$. We show $\Delta_1 \subseteq \Delta_2$ or $\Delta_2 \subseteq \Delta_1$.

Suppose $\Delta_1 \not\subseteq \Delta_2$. Pick $\alpha \in \Delta_1 \setminus \Delta_2$ with $\alpha > 0$ (replacing $\alpha$ by $-\alpha$ if necessary). We claim $\Delta_2 \subseteq \Delta_1$.

For any $\beta \in \Delta_2$ with $\beta > 0$: if $\beta \geq \alpha$, then $0 < \alpha \leq \beta$ with $\beta \in \Delta_2$ implies $\alpha \in \Delta_2$ (convexity of $\Delta_2$), contradicting $\alpha \notin \Delta_2$. Hence $\beta < \alpha$. Then $0 < \beta < \alpha$ with $\alpha \in \Delta_1$ implies $\beta \in \Delta_1$ (convexity of $\Delta_1$). For $\beta < 0$, we have $-\beta > 0$ and $-\beta \in \Delta_2$, so $-\beta \in \Delta_1$, hence $\beta \in \Delta_1$. For $\beta = 0$, trivially $\beta \in \Delta_1$.

Thus $\Delta_2 \subseteq \Delta_1$. $\square$

**Step 2: Count the isolated subgroups.**

By definition of rank $n$, the complete chain of isolated subgroups is:
$$\{0\} = \Gamma_0 \subsetneq \Gamma_1 \subsetneq \Gamma_2 \subsetneq \cdots \subsetneq \Gamma_n = \Gamma.$$

This chain contains exactly $n + 1$ subgroups: $\Gamma_0, \Gamma_1, \ldots, \Gamma_n$. By Step 1, every isolated subgroup must appear in this chain (since any two are comparable), so these are *all* the isolated subgroups.

**Verification with examples:**
- **Rank 1** ($\mathbb{Z}$ with usual order, archimedean): isolated subgroups are $\{0\}$ and $\mathbb{Z}$, giving $2 = 1+1$. ✓
- **Rank 2** ($\mathbb{Z} \times \mathbb{Z}$ lexicographic): isolated subgroups are $\{(0,0)\}$, $\{0\}\times\mathbb{Z}$, and $\mathbb{Z}\times\mathbb{Z}$, giving $3 = 2+1$. ✓
- **Rank 3** ($\mathbb{Z}^3$ lexicographic): four convex subgroups, $4 = 3+1$. ✓

**Conclusion.** The number of isolated subgroups of a value group with rank $n$ is:

$$\boxed{n+1}$$

### PROOF COMPLETE
DEVIN_CLI_EXITED code=0
