```xml
<audit>
  <analysis_result_key>2270388</analysis_result_key>
  <problem_id>oda_math_460k_00055319</problem_id>
  <audit_status>PASS</audit_status>
  <check_results>
    <A1>PASS: dimension1_verdict is CONNECTION_ERROR, a valid value</A1>
    <A2>PASS: dimension1_explanation is non-empty and well over 50 characters</A2>
    <A3>PASS: d2 is provided as "other", a valid enum value (condition relaxed since d1=CONNECTION_ERROR)</A3>
    <A4>PASS: dimension2_explanation is non-empty and well over 50 characters</A4>
    <A5>PASS: ai_direction_summary is non-empty and describes the topology direction</A5>
    <A6>PASS: standard_solution_key_technique is non-empty and describes the linear algebra method</A6>
    <B1>PASS: no XML tag leaks in either explanation</B1>
    <B2>PASS: no template placeholder leaks in either explanation</B2>
    <B3>PASS: both explanations exceed 50 characters</B3>
    <C1>PASS: d1=CONNECTION_ERROR permits d2 to be null; d2 having a value is acceptable</C1>
    <C2>PASS: d1_exp describes the AI working on an unrelated topology problem, consistent with CONNECTION_ERROR</C2>
    <C3>PASS: d2=other and d2_exp describes elementary linear algebra, which correctly falls under "other" rather than any modular-arithmetic category</C3>
    <D1>N/A — d1 is CONNECTION_ERROR/TOKEN_LIMIT</D1>
    <D2>N/A — d1 is CONNECTION_ERROR/TOKEN_LIMIT</D2>
    <D3>N/A — d1 is CONNECTION_ERROR/TOKEN_LIMIT</D3>
    <D4>N/A — d1 is CONNECTION_ERROR/TOKEN_LIMIT</D4>
    <E1>UNKNOWN — check via script</E1>
  </check_results>
  <issues_found>none</issues_found>
</audit>
```

### AUDIT COMPLETE
DEVIN_CLI_EXITED code=0
