I'll solve this directly. First, checking the problem text for any leaked answers — the problem is stated cleanly with no solutions, sketches, or formalization notes embedded. No leak detected.

## Solution

We compute the operator norm $\|A\| = \sup_{\|f\|_{L^1[1,2]} \leq 1} \|Af\|_{L^1[0,1]}$.

**Upper bound.** For $f \in L^1[1,2]$ with $\|f\|_1 \leq 1$:

$$\|Af\|_{L^1[0,1]} = \int_0^1 \left|\int_1^2 \frac{f(t)}{x+t}\,dt\right|dx \leq \int_0^1\int_1^2 \frac{|f(t)|}{x+t}\,dt\,dx.$$

By Tonelli (the integrand is non-negative after taking $|f|$):

$$\|Af\|_{L^1[0,1]} \leq \int_1^2 |f(t)|\left(\int_0^1 \frac{dx}{x+t}\right)dt = \int_1^2 |f(t)|\,\ln\!\frac{1+t}{t}\,dt.$$

The weight $g(t) = \ln\frac{1+t}{t} = \ln(1+1/t)$ is decreasing on $[1,2]$, so $g(t) \leq g(1) = \ln 2$. Hence

$$\|Af\|_{L^1[0,1]} \leq \ln 2 \int_1^2 |f(t)|\,dt = \ln 2 \cdot \|f\|_1 \leq \ln 2.$$

This gives $\|A\| \leq \ln 2$.

**Lower bound (attainment via approximation).** Take $f_n(t) = n\,\mathbf{1}_{[1,\,1+1/n]}(t)$, so $\|f_n\|_1 = 1$. Then

$$Af_n(x) = n\int_1^{1+1/n}\frac{dt}{x+t} = n\ln\frac{x+1+1/n}{x+1} = n\ln\!\left(1+\frac{1}{n(x+1)}\right).$$

As $n\to\infty$, using $\ln(1+u) \sim u$ with $u = \frac{1}{n(x+1)}\to 0$:

$$n\ln\!\left(1+\frac{1}{n(x+1)}\right) \longrightarrow \frac{1}{x+1}, \qquad x\in[0,1].$$

Moreover the integrand is bounded: $n\ln(1+\tfrac{1}{n(x+1)}) \leq \tfrac{1}{x+1} \leq 1$ (using $\ln(1+u)\leq u$). By dominated convergence,

$$\|Af_n\|_{L^1[0,1]} = \int_0^1 n\ln\!\left(1+\frac{1}{n(x+1)}\right)dx \longrightarrow \int_0^1 \frac{dx}{x+1} = \ln 2.$$

Therefore $\|A\| \geq \lim_{n\to\infty}\|Af_n\| = \ln 2$.

**Conclusion.** Combining both bounds,

$$\boxed{\|A\| = \ln 2.}$$

### PROOF COMPLETE
