Looking at this problem, I need to find when F(n,2) (the number of permutations π of {1,...,n} with |π(i)−i| ≤ 2 for all i) is odd, for n ∈ {1,...,200}.

## Key Observation: Parity via Determinant

F(n,2) is the **permanent** of the n×n matrix A_n where (A_n)_{ij} = 1 iff |i−j| ≤ 2. Over GF(2), the permanent equals the determinant (since sign(π) ≡ 1 mod 2). So:

**F(n,2) is odd ⟺ det(A_n) ≢ 0 (mod 2) ⟺ A_n has trivial kernel over GF(2).**

## Finding the Kernel

A vector x is in the kernel iff for each i: x_{i−2}+x_{i−1}+x_i+x_{i+1}+x_{i+2} = 0 (with out-of-range terms = 0).

**Interior recurrence** (for 3 ≤ i ≤ n−2): x_{i+2} = x_{i−2}+x_{i−1}+x_i+x_{i+1}, with characteristic polynomial p(λ) = λ⁴+λ³+λ²+λ+1.

Over GF(2): λ⁵+1 = (λ+1)·p(λ), so λ⁵ ≡ 1 (mod p(λ)). Since p is irreducible over GF(2) (the primitive 5th roots of unity live in GF(16)), **every solution is periodic with period 5**.

**Boundary conditions:**
- i=1: x₁+x₂+x₃ = 0, so x₃ = x₁+x₂
- i=2: x₁+x₂+x₃+x₄ = 0, so x₄ = 0
- i=n−1: x_{n−3}+x_{n−2}+x_{n−1}+x_n = 0
- i=n: x_{n−2}+x_{n−1}+x_n = 0

Setting a = x₁, b = x₂, the period-5 pattern is **(a, b, a+b, 0, 0)** repeating:
| i mod 5 | 1 | 2 | 3 | 4 | 0 |
|---|---|---|---|---|---|
| x_i | a | b | a+b | 0 | 0 |

## Case Analysis on n mod 5

Applying the right boundary conditions x_{n−3} = 0 and x_{n−2}+x_{n−1}+x_n = 0:

- **n ≡ 0:** x_{n−3}=b → b=0; sum = (a+b)+0+0 = a+b → a=b. Forces a=b=0. **nullity = 0** ✓
- **n ≡ 1:** x_{n−3}=a+b → a=b; sum = 0+0+a → a=0. Forces trivial. **nullity = 0** ✓
- **n ≡ 2:** x_{n−3}=0 (auto); sum = 0+a+b → a=b. One free parameter. **nullity = 1**
- **n ≡ 3:** x_{n−3}=0 (auto); sum = a+b+(a+b) = 0 (auto). Two free parameters. **nullity = 2**
- **n ≡ 4:** x_{n−3}=a → a=0; sum = b+(a+b)+0 = a → a=0 (same). One free parameter. **nullity = 1**

## Verification of Small Cases

- n=1: det[1]=1 (odd), 1≡1 mod 5 ✓
- n=2: det[[1,1],[1,1]]=0 (even), 2≡2 mod 5 ✓
- n=3: all-1's matrix, rank 1, det=0 (even), 3≡3 mod 5 ✓
- n=4: rows 2,3 of A_4 are identical, det=0 (even), 4≡4 mod 5 ✓
- n=5: row reduction gives full rank, det=1 (odd), 5≡0 mod 5 ✓
- n=6: verified full rank via elimination, det=1 (odd), 6≡1 mod 5 ✓
- n=7: kernel vector (1,1,0,0,0,1,1) confirmed, det=0 (even), 7≡2 mod 5 ✓

## Conclusion

**F(n,2) is odd if and only if n ≡ 0 or 1 (mod 5).**

## Counting n ∈ {1, 2, ..., 200}

- n ≡ 0 (mod 5): {5, 10, 15, ..., 200} → **40 values**
- n ≡ 1 (mod 5): {1, 6, 11, ..., 196} → **40 values**

**Total = 40 + 40 = 80**

### PROOF COMPLETE
DEVIN_CLI_EXITED code=0
