I'll solve this directly in the TUI as instructed by the AGENTS.md constraints.

---

## Proof: Generalization of the Barycentric Integral Formula from Triangles to Tetrahedra

### 1. The 2D case (recap)

For a triangle $T \subset \mathbb{R}^2$ with vertices $a_1, a_2, a_3$ and area $|T|$, the barycentric coordinates $\lambda_1, \lambda_2, \lambda_3$ satisfy $\lambda_i \geq 0$ and $\lambda_1 + \lambda_2 + \lambda_3 = 1$. The classical formula is

$$\int_T \lambda_1^m \lambda_2^n \lambda_3^p \, dxdy = 2|T| \cdot \frac{m!\, n!\, p!}{(m+n+p+2)!}.$$

**Derivation sketch (2D).** Map $T$ to the *reference triangle* $\widehat{T} = \{(\xi_1, \xi_2) : \xi_1 \geq 0,\ \xi_2 \geq 0,\ \xi_1+\xi_2 \leq 1\}$ via an affine map $x = a_3 + \xi_1(a_1 - a_3) + \xi_2(a_2 - a_3)$. Under this map the barycentric coordinates become $\lambda_1 = \xi_1$, $\lambda_2 = \xi_2$, $\lambda_3 = 1 - \xi_1 - \xi_2$, and the Jacobian is the constant $|J| = 2|T|$ (the area of $\widehat{T}$ is $1/2$, so the ratio gives $2|T|$). The integral reduces to

$$2|T| \int_0^1 \int_0^{1-\xi_1} \xi_1^m \xi_2^n (1-\xi_1-\xi_2)^p \, d\xi_2\, d\xi_1.$$

Integrating first over $\xi_2$ via the substitution $\xi_2 = (1-\xi_1) t$ (so $d\xi_2 = (1-\xi_1)dt$) gives a Beta integral:

$$\int_0^{1-\xi_1} \xi_2^n (1-\xi_1-\xi_2)^p d\xi_2 = (1-\xi_1)^{n+p+1} \int_0^1 t^n(1-t)^p dt = (1-\xi_1)^{n+p+1} \frac{n!\,p!}{(n+p+1)!}.$$

The remaining $\xi_1$-integral is $\int_0^1 \xi_1^m (1-\xi_1)^{n+p+1} d\xi_1 = \frac{m!\,(n+p+1)!}{(m+n+p+2)!}$, another Beta integral. Multiplying,

$$2|T| \cdot \frac{n!\,p!}{(n+p+1)!} \cdot \frac{m!\,(n+p+1)!}{(m+n+p+2)!} = 2|T| \cdot \frac{m!\,n!\,p!}{(m+n+p+2)!}.$$

The key ingredients are: (i) an affine map to a reference simplex with constant Jacobian $= d! \cdot |T|$ (here $d=2$), (ii) barycentric coordinates becoming the natural simplex coordinates, and (iii) iterated Beta-integral reductions.

---

### 2. The 3D case

Let $T \subset \mathbb{R}^3$ be a tetrahedron with vertices $a_1, a_2, a_3, a_4$ and volume $|T|$. Let $\zeta_1, \zeta_2, \zeta_3, \zeta_4$ be its barycentric coordinates ($\zeta_i \geq 0$, $\sum \zeta_i = 1$). We prove

$$\int_T \zeta_1^m \zeta_2^n \zeta_3^p \zeta_4^q \, dxdydz = 6|T| \cdot \frac{m!\,n!\,p!\,q!}{(m+n+p+q+3)!}.$$

**Step 1 — Affine map to the reference tetrahedron.** Define the reference tetrahedron

$$\widehat{T} = \{(\xi_1, \xi_2, \xi_3) : \xi_1 \geq 0,\ \xi_2 \geq 0,\ \xi_3 \geq 0,\ \xi_1+\xi_2+\xi_3 \leq 1\}.$$

The affine map $x = a_4 + \xi_1(a_1 - a_4) + \xi_2(a_2 - a_4) + \xi_3(a_3 - a_4)$ sends $\widehat{T}$ onto $T$. Under it,

$$\zeta_1 = \xi_1,\quad \zeta_2 = \xi_2,\quad \zeta_3 = \xi_3,\quad \zeta_4 = 1 - \xi_1 - \xi_2 - \xi_3.$$

The Jacobian determinant is constant; since $\text{vol}(\widehat{T}) = 1/6$ and the map sends $\widehat{T}$ to $T$, we have $|J| = |T|/(1/6) = 6|T|$. Hence

$$\int_T \zeta_1^m \zeta_2^n \zeta_3^p \zeta_4^q \, dxdydz = 6|T| \int_{\widehat{T}} \xi_1^m \xi_2^n \xi_3^p (1-\xi_1-\xi_2-\xi_3)^q \, d\xi_1 d\xi_2 d\xi_3.$$

**Step 2 — First reduction (integrate over $\xi_3$).** Fix $\xi_1, \xi_2$ with $\xi_1+\xi_2 \leq 1$. Substitute $\xi_3 = (1-\xi_1-\xi_2)\,t$, $d\xi_3 = (1-\xi_1-\xi_2)\,dt$:

$$\int_0^{1-\xi_1-\xi_2} \xi_3^p (1-\xi_1-\xi_2-\xi_3)^q d\xi_3 = (1-\xi_1-\xi_2)^{p+q+1} \int_0^1 t^p(1-t)^q dt = (1-\xi_1-\xi_2)^{p+q+1} \frac{p!\,q!}{(p+q+1)!}.$$

**Step 3 — Second reduction (integrate over $\xi_2$).** Now substitute $\xi_2 = (1-\xi_1)\,s$, $d\xi_2 = (1-\xi_1)\,ds$:

$$\int_0^{1-\xi_1} \xi_2^n (1-\xi_1-\xi_2)^{p+q+1} d\xi_2 = (1-\xi_1)^{n+p+q+2} \int_0^1 s^n(1-s)^{p+q+1} ds = (1-\xi_1)^{n+p+q+2} \frac{n!\,(p+q+1)!}{(n+p+q+2)!}.$$

**Step 4 — Third reduction (integrate over $\xi_1$).** Finally,

$$\int_0^1 \xi_1^m (1-\xi_1)^{n+p+q+2} d\xi_1 = \frac{m!\,(n+p+q+2)!}{(m+n+p+q+3)!}.$$

**Step 5 — Combine.** Multiplying all factors with the prefactor $6|T|$:

$$6|T| \cdot \frac{p!\,q!}{(p+q+1)!} \cdot \frac{n!\,(p+q+1)!}{(n+p+q+2)!} \cdot \frac{m!\,(n+p+q+2)!}{(m+n+p+q+3)!} = 6|T| \cdot \frac{m!\,n!\,p!\,q!}{(m+n+p+q+3)!}.$$

The factorial towers telescope, leaving exactly the claimed formula. $\blacksquare$

---

### 3. Key similarities and differences vs. the 2D derivation

**Similarities.**

- *Affine reduction to a reference simplex.* In both dimensions the proof opens with an affine map from the reference simplex $\widehat{T} = \{\xi \geq 0,\ \sum \xi_i \leq 1\}$ to the physical element. Barycentric coordinates become the natural coordinates $\xi_i$ (plus the "leftover" $1 - \sum \xi_i$), and the Jacobian is constant.
- *Constant Jacobian equals $d!\,|T|$.* In 2D the reference triangle has area $1/2$, giving $|J| = 2|T|$; in 3D the reference tetrahedron has volume $1/6$, giving $|J| = 6|T|$. The prefactor is always $d!\,|T|$ because $\text{vol}(\widehat{T}) = 1/d!$.
- *Iterated Beta-integral (Euler) reductions.* Each integration over one coordinate, after the substitution $\xi_k = (1 - \sum_{j<k}\xi_j)\,t$, produces a factor $B(\alpha,\beta) = \frac{\alpha!\,\beta!}{(\alpha+\beta+1)!}$ and shifts the remaining power onto the "leftover" barycentric coordinate. The factorial towers telescope identically in structure.
- *Same final shape:* $d!\,|T| \cdot \frac{\prod (\text{exponent})!}{(\sum \text{exponents} + d)!}$. The "+$d$" in the denominator's factorial comes from the $d$ successive integrations each contributing a "+1" shift.

**Differences.**

- *Number of integration steps.* The 2D proof performs two nested Beta integrals (over $\xi_2$, then $\xi_1$); the 3D proof performs three (over $\xi_3$, $\xi_2$, then $\xi_1$). In general dimension $d$ one performs $d$ nested Beta reductions.
- *Number of barycentric coordinates.* 2D uses three ($\lambda_1,\lambda_2,\lambda_3$); 3D uses four ($\zeta_1,\dots,\zeta_4$). The "leftover" coordinate is $\lambda_3 = 1-\xi_1-\xi_2$ in 2D and $\zeta_4 = 1-\xi_1-\xi_2-\xi_3$ in 3D, carrying the highest-index exponent ($p$ vs. $q$).
- *Prefactor and denominator shift.* The prefactor grows from $2|T|$ to $6|T|$ (i.e., $2!$ to $3!$), and the denominator factorial shifts from $(\cdots+2)!$ to $(\cdots+3)!$, reflecting the extra dimension and the extra integration.
- *Geometric meaning of $|T|$.* In 2D $|T|$ is area; in 3D it is volume. The ratio $|T|/\text{vol}(\widehat{T})$ is what sets the Jacobian, and $\text{vol}(\widehat{T}) = 1/d!$ is the unifying reason the prefactor is $d!\,|T|$.

**Unifying statement.** For an $n$-simplex $T \subset \mathbb{R}^n$ with barycentric coordinates $\lambda_1,\dots,\lambda_{n+1}$ and $n$-volume $|T|$,

$$\int_T \prod_{i=1}^{n+1} \lambda_i^{\alpha_i}\, dx = n!\,|T| \cdot \frac{\prod_{i=1}^{n+1} \alpha_i!}{\bigl(\sum_{i=1}^{n+1}\alpha_i + n\bigr)!},$$

of which the 2D formula ($n=2$, prefactor $2|T|$, denominator $+2$) and the 3D formula ($n=3$, prefactor $6|T|$, denominator $+3$) are special cases. The derivation is identical in spirit at every dimension: affine pullback to the reference simplex (constant Jacobian $n!\,|T|$), then $n$ nested Euler Beta-integrals that telescope to the ratio of factorials.

### PROOF COMPLETE
DEVIN_CLI_EXITED code=0
