## Answer Leak Self-Check

The problem text contains only the problem statement — no solutions, solution sketches, formalization notes, or embedded answers. Proceeding to solve.

---

## Spectrum of \(A f(x) = \frac{x-1}{x-2}f(x) + f(0)\) on \(C[0,1]\)

Let \(m(x) = \frac{x-1}{x-2}\). Since \(x-2 \neq 0\) on \([0,1]\), \(m \in C[0,1]\). We compute:

- \(m(0) = \frac{-1}{-2} = \frac12,\quad m(1) = \frac{0}{-1} = 0.\)
- \(m'(x) = \frac{(x-2)-(x-1)}{(x-2)^2} = \frac{-1}{(x-2)^2} < 0,\) so \(m\) is strictly decreasing.

Hence \(m\) maps \([0,1]\) bijectively onto \([0, \tfrac12]\). The operator is

\[
A = M_m + \varphi \otimes \mathbf{1}, \qquad \varphi(f) = f(0),
\]

a rank-one perturbation of the multiplication operator \(M_m\).

We determine \(\sigma(A)\) by analyzing \(\lambda I - A\). The equation \((\lambda I - A)f = g\) reads

\[
(\lambda - m(x))\,f(x) - f(0) = g(x), \qquad x \in [0,1]. \tag{1}
\]

---

### Case 1: \(\lambda \notin [0,\tfrac12]\) (i.e. \(\lambda - m(x) \neq 0\) on \([0,1]\))

From (1): \(f(x) = \frac{g(x) + f(0)}{\lambda - m(x)}\). Evaluating at \(x = 0\) (where \(m(0)=\tfrac12\)):

\[
f(0) = \frac{g(0) + f(0)}{\lambda - \tfrac12}
\;\Longrightarrow\;
f(0)\bigl(\lambda - \tfrac32\bigr) = g(0).
\]

- **If \(\lambda \neq \tfrac32\):** \(f(0) = \frac{g(0)}{\lambda - 3/2}\) is uniquely determined, and then \(f(x) = \frac{g(x)+f(0)}{\lambda - m(x)} \in C[0,1]\) is the unique solution. So \(\lambda I - A\) is bijective, hence \(\lambda \notin \sigma(A)\).

- **If \(\lambda = \tfrac32\):** solvability requires \(g(0) = 0\); for \(g\) with \(g(0)\neq 0\) there is no solution. Hence \(\tfrac32 \in \sigma(A)\).

  **Eigenvalue check at \(\lambda = \tfrac32\):** Setting \(g=0\) in (1): \((\tfrac32 - m(x))f(x) = f(0) =: c\). Since \(\tfrac32 \notin [0,\tfrac12]\), the denominator never vanishes, giving \(f(x) = \frac{c}{\tfrac32 - m(x)}\). The boundary condition \(f(0)=c\) yields \(c = \frac{c}{\tfrac32 - \tfrac12} = \frac{c}{1} = c\), satisfied for **any** \(c\). Taking \(c \neq 0\):

  \[
  f(x) = \frac{1}{\tfrac32 - m(x)} = \frac{1}{\tfrac32 - \frac{x-1}{x-2}} = \frac{2(x-2)}{x-4} \in C[0,1],
  \]

  which is nonzero and continuous (since \(x-4 \neq 0\) on \([0,1]\)). Therefore \(\tfrac32\) is an **eigenvalue**.

This also shows \(\tfrac32\) is the **only** eigenvalue: for any \(\lambda \notin [0,\tfrac12]\) with \(\lambda \neq \tfrac32\), the homogeneous equation forces \(f(0)=0\) and then \(f \equiv 0\).

---

### Case 2: \(\lambda \in [0, \tfrac12]\)

Since \(m\) is a bijection \([0,1]\to[0,\tfrac12]\), there is a unique \(x_0 \in [0,1]\) with \(m(x_0) = \lambda\), so \(\lambda - m(x)\) vanishes (simply, since \(m'(x_0)\neq 0\) when \(x_0\in(0,1)\), and at the endpoints \(x_0=0\) or \(x_0=1\)).

**Injectivity of \(\lambda I - A\):** If \((\lambda I - A)f = 0\), then \((\lambda - m(x))f(x) = f(0) =: c\). Evaluating at \(x = x_0\): \(0 \cdot f(x_0) = c\), so \(c = 0\). Then \((\lambda - m(x))f(x) = 0\) for all \(x\), giving \(f(x)=0\) for \(x \neq x_0\), and by continuity \(f \equiv 0\). So \(\lambda I - A\) is injective — **no eigenvalues** in \([0,\tfrac12]\).

**Non-surjectivity:** A solution of (1) must satisfy \(f(x) = \frac{g(x) + f(0)}{\lambda - m(x)}\) for \(x \neq x_0\). For \(f\) to extend continuously to \(x_0\), the numerator must vanish at \(x_0\):

\[
g(x_0) + f(0) = 0 \quad\Longrightarrow\quad f(0) = -g(x_0).
\]

But even with this, \(f(x) = \frac{g(x) - g(x_0)}{\lambda - m(x)}\) near \(x_0\), and since \(\lambda - m(x)\) vanishes linearly at \(x_0\) while \(g\) is merely continuous, the quotient need not be continuous. Concretely, taking \(g \equiv 1\) gives \(g(x_0) = 1\), requiring \(f(0) = -1\), and then \(f(x) = \frac{1 - 1}{\lambda - m(x)} = 0\) for \(x \neq x_0\) — but \(f(0) = -1 \neq 0\), a contradiction. So \(g \equiv 1\) is **not** in the range, and \(\lambda I - A\) is not surjective.

Therefore every \(\lambda \in [0,\tfrac12]\) belongs to \(\sigma(A)\) (as continuous or residual spectrum — in all cases, part of the spectrum).

---

### Conclusion

Combining both cases:

\[
\boxed{\sigma(A) \;=\; \left[0,\,\tfrac12\right] \cup \left\{\tfrac32\right\}.}
\]

The point spectrum is \(\sigma_p(A) = \{\tfrac32\}\) (a single eigenvalue), and the interval \([0,\tfrac12]\) (the range of \(m\)) consists of non-eigenvalue spectral points arising from the multiplication part \(M_m\).

### PROOF COMPLETE
DEVIN_CLI_EXITED code=0
