Error: Agent error: Permission denied: Permission denied: Reached overall message rate limit. Please try again later. Your limit will reset in 11 minutes. (trace ID: 9d6f91485abcb11e836513314400f843): {
  "cognition.ai/errorKind": "internal",
  "cognition.ai/retryable": true
}
DEVIN_CLI_EXITED code=1
Error: Agent error: Permission denied: Permission denied: Reached overall message rate limit. Please try again later. Your limit will reset in 17 minutes. (trace ID: 1e6052db5d4cbb49296e9390e26d129c): {
  "cognition.ai/errorKind": "internal",
  "cognition.ai/retryable": true
}
```xml
<audit>
  <analysis_result_key>2272111</analysis_result_key>
  <problem_id>polymath_00114</problem_id>
  <audit_status>PASS</audit_status>
  <check_results>
    <A1>PASS: dimension1_verdict is TOKEN_LIMIT, a valid value in the allowed set.</A1>
    <A2>PASS: dimension1_explanation is non-empty and well over 50 characters (long, detailed paragraph).</A2>
    <A3>PASS: dimension2_turning_point_type is quadratic_residue_euler, a valid value in the allowed set (d1=TOKEN_LIMIT, d2 has a value).</A3>
    <A4>PASS: dimension2_explanation is non-empty and well over 50 characters.</A4>
    <A5>PASS: ai_direction_summary is non-empty and describes the AI's actual approach.</A5>
    <A6>PASS: standard_solution_key_technique is non-empty and describes the standard technique.</A6>
    <B1>PASS: No XML tag leaks (</dimension or <dimension) found in either explanation.</B1>
    <B2>PASS: No template placeholder leaks ("1-3 sentences", "ONE_OF:", "Your 1-3 sentence") found.</B2>
    <B3>PASS: Both explanations are well over 50 characters.</B3>
    <C1>PASS: d1=TOKEN_LIMIT, d2 has a value (quadratic_residue_euler), consistent with the rule that d2 should have a value when d1 is TOKEN_LIMIT.</C1>
    <C2>PASS: d1_exp describes truncation mid-sentence and running out of tokens before finalizing output, which matches the TOKEN_LIMIT label.</C2>
    <C3>PASS: d2_exp describes using Legendre symbols and quadratic residue analysis to identify a primitive root, which matches the quadratic_residue_euler label.</C3>
    <D1>N/A — d1 is CONNECTION_ERROR/TOKEN_LIMIT</D1>
    <D2>N/A — d1 is CONNECTION_ERROR/TOKEN_LIMIT</D2>
    <D3>N/A — d1 is CONNECTION_ERROR/TOKEN_LIMIT</D3>
    <D4>N/A — d1 is CONNECTION_ERROR/TOKEN_LIMIT</D4>
    <E1>UNKNOWN — check via script</E1>
  </check_results>
  <issues_found>none</issues_found>
</audit>
```

### AUDIT COMPLETE
DEVIN_CLI_EXITED code=0
