## Proof

**Answer: Yes.** The extension $\tilde f \colon TM \to \mathbb{R}$ defined by $\tilde f(Z) = f(Z_{\mathcal{H}})$ is smooth.

### Setup and key observations

Since $G$ acts isometrically on $(M,g)$, the action preserves the metric $g$. The vertical distribution $\mathcal{V} = \ker d\pi$ is the bundle tangent to the $G$-orbits, and the horizontal distribution $\mathcal{H} = \mathcal{V}^{\perp}$ is its $g$-orthogonal complement. Because the $G$-action is isometric, it preserves both $\mathcal{V}$ and $\mathcal{H}$; in particular, both are smooth subbundles of $TM$ (smoothness of $\mathcal{V}$ follows from the fact that the infinitesimal action gives a smooth trivialization of the orbit directions, and $\mathcal{H}$ is the smooth orthogonal complement).

### The horizontal projection is smooth

The Riemannian metric $g$ furnishes, at every $x \in M$, an orthogonal projection
$$
p_x \colon T_x M \longrightarrow \mathcal{H}_x, \qquad Z = Z_{\mathcal{H}} + Z_{\mathcal{V}} \longmapsto Z_{\mathcal{H}}.
$$
Since $\mathcal{H}$ and $\mathcal{V}$ are smooth subbundles, the map $p \colon TM \to \mathcal{H}$, $(x, Z) \mapsto (x, Z_{\mathcal{H}})$, is a smooth vector bundle morphism over $\mathrm{id}_M$. Concretely, in any local frame adapted to the splitting $TM = \mathcal{H} \oplus \mathcal{V}$, the projection is given by smooth matrix-valued functions, confirming smoothness.

### The extension is a composition of smooth maps

Define $\tilde f \colon TM \to \mathbb{R}$ by
$$
\tilde f(Z) := f(Z_{\mathcal{H}}) = (f \circ p)(Z).
$$
This is the composition
$$
TM \xrightarrow{\;p\;} \mathcal{H} \xrightarrow{\;f\;} \mathbb{R},
$$
where $p$ is smooth (as established above) and $f \colon \mathcal{H} \to \mathbb{R}$ is smooth by hypothesis. The composition of smooth maps is smooth, so $\tilde f$ is smooth on $TM$.

### The $G$-invariance is preserved (and is consistent)

The $G$-invariance of $f$ is not needed for smoothness of the extension, but it is preserved by it and is consistent with the geometric setting. Since the isometric action preserves the splitting, $(g \cdot Z)_{\mathcal{H}} = g \cdot Z_{\mathcal{H}}$ for all $g \in G$ and $Z \in TM$. Therefore
$$
\tilde f(g \cdot Z) = f\bigl((g \cdot Z)_{\mathcal{H}}\bigr) = f(g \cdot Z_{\mathcal{H}}) = f(Z_{\mathcal{H}}) = \tilde f(Z),
$$
where the third equality uses the $G$-invariance of $f$ on $\mathcal{H}$. Hence $\tilde f$ is also $G$-invariant and descends to a smooth function on $TM/G$.

### Conclusion

The extension $\tilde f(Z) = f(Z_{\mathcal{H}})$ is well-defined and smooth on all of $TM$, because it is the composition of the smooth orthogonal projection $p \colon TM \to \mathcal{H}$ with the smooth function $f \colon \mathcal{H} \to \mathbb{R}$. The $G$-invariance of $f$ guarantees that the extension is likewise $G$-invariant, ensuring compatibility with the quotient structure, but smoothness itself follows purely from the smoothness of the bundle projection and of $f$.

### PROOF COMPLETE
DEVIN_CLI_EXITED code=0
