## Solution

**Setup.** Consider a wedge of angle $\pi/\alpha$ with vertex at $z=0$, bounded by two grounded semi-infinite conducting plates along $\arg z = 0$ and $\arg z = \pi/\alpha$. A line charge of strength $q$ per unit length sits at $z=z_0$ (with $0 < \arg z_0 < \pi/\alpha$), perpendicular to the $z$-plane. The boundary condition is $\phi = 0$ on both plates.

**Step 1: Conformal map.** Apply $w = z^\alpha$. Writing $z = re^{i\theta}$ with $0 < \theta < \pi/\alpha$:
$$w = r^\alpha e^{i\alpha\theta}, \qquad 0 < \alpha\theta < \pi.$$
So the interior of the wedge maps to the **upper half $w$-plane** $\operatorname{Im} w > 0$. The two grounded plates ($\arg z = 0$ and $\arg z = \pi/\alpha$) both map to the **real axis** $\operatorname{Im} w = 0$, the boundary of the upper half-plane. The line charge at $z_0$ maps to a line charge at
$$w_0 = z_0^\alpha, \qquad \operatorname{Im} w_0 > 0.$$

**Step 2: Solve in the $w$-plane (method of images).** The problem is now: a line charge $q$ at $w_0$ in the upper half-plane with the real axis grounded. By the method of images, place an image charge $-q$ at $\bar w_0$ (the mirror image across the real axis). The complex potential (with $W = \phi + i\psi$) is
$$W(w) = -\frac{q}{2\pi\varepsilon_0}\log(w - w_0) + \frac{q}{2\pi\varepsilon_0}\log(w - \bar w_0) = \frac{q}{2\pi\varepsilon_0}\log\frac{w - \bar w_0}{w - w_0}.$$

*Verification of boundary condition in the $w$-plane:* On the real axis, $w = \bar w$, so $w - \bar w_0 = \overline{w - w_0}$, hence $\left|\frac{w-\bar w_0}{w-w_0}\right| = 1$ and $\phi = \operatorname{Re} W = \frac{q}{2\pi\varepsilon_0}\ln 1 = 0$. ✓

**Step 3: Transform back to the $z$-plane.** Substituting $w = z^\alpha$, $w_0 = z_0^\alpha$, $\bar w_0 = \bar z_0^{\,\alpha}$:

$$\boxed{W(z) = \frac{q}{2\pi\varepsilon_0}\log\frac{z^\alpha - \bar z_0^{\,\alpha}}{z^\alpha - z_0^{\,\alpha}}}$$

**Step 4: Verification of boundary conditions in the $z$-plane.**

- *Plate $\arg z = 0$:* Here $z$ is real and positive, so $z^\alpha$ is real and positive. Thus $z^\alpha - \bar z_0^{\,\alpha} = \overline{z^\alpha - z_0^{\,\alpha}}$, giving $\left|\frac{z^\alpha - \bar z_0^{\,\alpha}}{z^\alpha - z_0^{\,\alpha}}\right| = 1$, so $\phi = 0$. ✓

- *Plate $\arg z = \pi/\alpha$:* Here $z = re^{i\pi/\alpha}$, so $z^\alpha = r^\alpha e^{i\pi} = -r^\alpha$, which is real. The same argument applies: $z^\alpha - \bar z_0^{\,\alpha} = \overline{z^\alpha - z_0^{\,\alpha}}$, so $\phi = 0$. ✓

**Step 5: Singularity check.** As $z \to z_0$, $z^\alpha \to z_0^\alpha = w_0$, so the denominator $z^\alpha - z_0^\alpha \to 0$ and $W \sim -\frac{q}{2\pi\varepsilon_0}\log(z^\alpha - z_0^\alpha)$. Since $z^\alpha - z_0^\alpha \approx \alpha z_0^{\alpha-1}(z - z_0)$ near $z_0$, this gives the correct line-charge singularity $\phi \sim -\frac{q}{2\pi\varepsilon_0}\log|z - z_0|$ (the prefactor $\alpha z_0^{\alpha-1}$ contributes only a constant to $\phi$). ✓

The image term $\log(z^\alpha - \bar z_0^{\,\alpha})$ is analytic and nonzero throughout the wedge (since $\bar z_0^{\,\alpha}$ lies in the lower half $w$-plane, outside the image of the wedge), confirming no spurious singularities are introduced inside the physical domain.

**Conclusion.** The complex electrostatic potential for a line charge of strength $q$ per unit length at $z = z_0$ inside a grounded wedge of angle $\pi/\alpha$ is

$$W(z) = \frac{q}{2\pi\varepsilon_0}\log\frac{z^\alpha - \bar z_0^{\,\alpha}}{z^\alpha - z_0^{\,\alpha}},$$

obtained by mapping the wedge to the upper half-plane via $w = z^\alpha$, solving by the method of images, and transforming back.

### PROOF COMPLETE
DEVIN_CLI_EXITED code=0
