Looking at this problem, I need to evaluate $\lim_{n \to \infty} \left(\sqrt{|B_{2n}|} - \sqrt{|B_{2n+2}|}\right)$.

**Answer leak check:** The problem statement contains no solutions, hints, or answer values. Proceeding to solve.

## Proof

**Key identity.** The Bernoulli numbers satisfy the exact formula:

$$|B_{2n}| = \frac{2\,(2n)!}{(2\pi)^{2n}}\,\zeta(2n),$$

where $\zeta(2n) = \sum_{k=1}^{\infty} k^{-2n} > 1$ and $\zeta(2n) \to 1$ as $n \to \infty$.

**Step 1: $\sqrt{|B_{2n}|} \to \infty$.**

Since $\zeta(2n) \geq 1$, we have:

$$|B_{2n}| \geq \frac{2\,(2n)!}{(2\pi)^{2n}}.$$

By Stirling's lower bound $(2n)! \geq (2n/e)^{2n}$:

$$|B_{2n}| \geq 2\left(\frac{n}{\pi e}\right)^{2n}.$$

For $n \geq 9$, we have $n/(\pi e) > 1$ (since $\pi e \approx 8.54$), so $|B_{2n}| \to \infty$ and thus $\sqrt{|B_{2n}|} \to \infty$.

**Step 2: The ratio $|B_{2n+2}|/|B_{2n}| \to \infty$.**

$$\frac{|B_{2n+2}|}{|B_{2n}|} = \frac{(2n+2)!}{(2n)!}\cdot\frac{(2\pi)^{2n}}{(2\pi)^{2n+2}}\cdot\frac{\zeta(2n+2)}{\zeta(2n)} = \frac{(2n+2)(2n+1)}{4\pi^2}\cdot\frac{\zeta(2n+2)}{\zeta(2n)}.$$

Since $\zeta(2n+2)/\zeta(2n) \to 1$ and $(2n+2)(2n+1)/(4\pi^2) \sim n^2/\pi^2 \to \infty$, we conclude:

$$\frac{|B_{2n+2}|}{|B_{2n}|} \to \infty.$$

**Step 3: The limit is $-\infty$.**

Since $|B_{2n+2}|/|B_{2n}| \to \infty$, there exists $N$ such that for all $n \geq N$:

$$\frac{|B_{2n+2}|}{|B_{2n}|} > 4,$$

which gives $\sqrt{|B_{2n+2}|} > 2\sqrt{|B_{2n}|}$. Therefore:

$$\sqrt{|B_{2n}|} - \sqrt{|B_{2n+2}|} < \sqrt{|B_{2n}|} - 2\sqrt{|B_{2n}|} = -\sqrt{|B_{2n}|}.$$

Since $\sqrt{|B_{2n}|} \to \infty$ (Step 1), the right-hand side $-\sqrt{|B_{2n}|} \to -\infty$, so:

$$\sqrt{|B_{2n}|} - \sqrt{|B_{2n+2}|} \to -\infty.$$

**Numerical verification.** $|B_{14}| = 7/6$, $|B_{16}| \approx 7.09$: difference $\approx 1.08 - 2.66 = -1.58$. $|B_{20}| \approx 529.1$, $|B_{22}| \approx 6192.1$: difference $\approx 23.0 - 78.7 = -55.7$. The differences grow increasingly negative, confirming divergence to $-\infty$.

$$\boxed{\lim_{n \to \infty}\left(\sqrt{|B_{2n}|} - \sqrt{|B_{2n+2}|}\right) = -\infty}$$

### PROOF COMPLETE
DEVIN_CLI_EXITED code=0
