## Solution

We evaluate
$$L = \lim_{n \to \infty} \frac{1}{n}\sqrt[n]{\int_1^e \ln^n(1+e^{nx})\,dx}.$$

**Step 1: Simplify the logarithm.**

For $x \in [1,e]$ and $n\geq 1$,
$$\ln(1+e^{nx}) = \ln\!\big(e^{nx}(1+e^{-nx})\big) = nx + \ln(1+e^{-nx}).$$

Set $\varepsilon_n(x) := \ln(1+e^{-nx})$. Since $x\geq 1$, we have $e^{-nx}\leq e^{-n}$, and using $\ln(1+t)\leq t$,
$$0 \leq \varepsilon_n(x) \leq e^{-nx} \leq e^{-n}, \qquad x\in[1,e],$$
so $\varepsilon_n \to 0$ **uniformly** on $[1,e]$.

**Step 2: Factor out $(nx)^n$.**

$$\ln^n(1+e^{nx}) = (nx)^n\left(1+\frac{\varepsilon_n(x)}{nx}\right)^n.$$

Define $f_n(x) := \left(1+\frac{\varepsilon_n(x)}{nx}\right)^n$. Since $0\leq \frac{\varepsilon_n(x)}{nx}\leq \frac{e^{-n}}{n}$,
$$\left|f_n(x)-1\right| \leq \left(1+\frac{e^{-n}}{n}\right)^n - 1 \leq e^{e^{-n}}-1 \xrightarrow{n\to\infty} 0,$$
so $f_n\to 1$ **uniformly** on $[1,e]$.

**Step 3: Compare $I_n$ with $J_n$.**

Let
$$I_n = \int_1^e \ln^n(1+e^{nx})\,dx, \qquad J_n = \int_1^e (nx)^n\,dx = n^n\int_1^e x^n\,dx = n^n\cdot\frac{e^{n+1}-1}{n+1}.$$

Then
$$I_n = \int_1^e (nx)^n f_n(x)\,dx = J_n\cdot\frac{\int_1^e x^n f_n(x)\,dx}{\int_1^e x^n\,dx}.$$

Since $f_n\to 1$ uniformly and $\mu_n(x):=\frac{x^n}{\int_1^e t^n\,dt}$ is a probability measure on $[1,e]$,
$$\frac{\int_1^e x^n f_n(x)\,dx}{\int_1^e x^n\,dx} = \int_1^e f_n(x)\,d\mu_n(x) \xrightarrow{n\to\infty} 1.$$

Hence $I_n = J_n(1+o(1))$, and therefore $I_n^{1/n} = J_n^{1/n}\cdot(1+o(1))^{1/n} = J_n^{1/n}\cdot(1+o(1))$.

**Step 4: Compute $J_n^{1/n}/n$.**

$$\frac{J_n^{1/n}}{n} = \frac{1}{n}\left(n^n\cdot\frac{e^{n+1}-1}{n+1}\right)^{1/n} = \left(\frac{e^{n+1}-1}{n+1}\right)^{1/n}.$$

Writing $e^{n+1}-1 = e^{n+1}(1-e^{-(n+1)})$,
$$\left(\frac{e^{n+1}-1}{n+1}\right)^{1/n} = e^{(n+1)/n}\cdot(1-e^{-(n+1)})^{1/n}\cdot(n+1)^{-1/n}.$$

As $n\to\infty$:
- $e^{(n+1)/n} = e^{1+1/n}\to e$,
- $(1-e^{-(n+1)})^{1/n}\to 1$ (since the base $\to 1$ from below and the exponent $\to 0$),
- $(n+1)^{-1/n}\to 1$.

Therefore
$$\frac{J_n^{1/n}}{n}\to e.$$

**Step 5: Conclude.**

$$L = \lim_{n\to\infty}\frac{I_n^{1/n}}{n} = \lim_{n\to\infty}\frac{J_n^{1/n}}{n}\cdot(1+o(1)) = e\cdot 1 = e.$$

$$\boxed{e}$$

### PROOF COMPLETE
DEVIN_CLI_EXITED code=0
