## Proof

**Setup.** Place the unit square with $A(0,0)$, $B(1,0)$, $C(1,1)$, $D(0,1)$. The drones are:
- $K = (a, 0)$ on $AB$ (southern, $y=0$),
- $L = (1, b)$ on $BC$ (eastern, $x=1$),
- $M = (c, 1)$ on $CD$ (northern, $y=1$).

The midpoint of $KL$ is
$$
(x, y) = \left(\tfrac{a+1}{2},\, \tfrac{b}{2}\right), \quad\text{so}\quad a = 2x-1,\; b = 2y.
$$

**Finding $M$ via rotation.** Since $KLM$ is equilateral, $M$ is obtained by rotating $L$ about $K$ by $\pm 60°$. The vector $L - K = (1-a,\; b)$. Rotating by $+60°$:

$$
R_{60°}(1-a,\, b) = \left(\tfrac{1-a}{2} - \tfrac{b\sqrt{3}}{2},\; \tfrac{(1-a)\sqrt{3}}{2} + \tfrac{b}{2}\right).
$$

So
$$
M = K + R_{60°}(L-K) = \left(\tfrac{a+1}{2} - \tfrac{b\sqrt{3}}{2},\; \tfrac{(1-a)\sqrt{3}}{2} + \tfrac{b}{2}\right).
$$

**Imposing $M$ on $y = 1$:**
$$
\tfrac{(1-a)\sqrt{3}}{2} + \tfrac{b}{2} = 1 \implies b = 2 - (1-a)\sqrt{3}.
$$

(The $-60°$ rotation gives $b = 2 + (1-a)\sqrt{3} \geq 2$, outside $[0,1]$, so it is rejected.)

**Expressing $y$ in terms of $x$.** Using $a = 2x - 1$, so $1 - a = 2(1-x)$:

$$
y = \frac{b}{2} = \frac{2 - (1-a)\sqrt{3}}{2} = 1 - \frac{(1-a)\sqrt{3}}{2} = 1 - \frac{2(1-x)\sqrt{3}}{2} = 1 - (1-x)\sqrt{3}.
$$

Expanding:
$$
y = 1 - \sqrt{3} + \sqrt{3}\,x = \sqrt{3}\,x + (1 - \sqrt{3}).
$$

**Verification.** Take $x = 0.6$: $a = 0.2$, $b = 2 - 0.8\sqrt{3} \approx 0.614$, $c = 3 - 2(0.6) - \sqrt{3} \approx 0.068$. Then $K=(0.2,0)$, $L=(1, 0.614)$, $M=(0.068, 1)$:
- $|KL|^2 = 0.64 + 0.377 = 1.017$
- $|LM|^2 = 0.869 + 0.149 = 1.018$
- $|KM|^2 = 0.017 + 1 = 1.017$ ✓

And $y = 0.307 = \sqrt{3}(0.6) + 1 - \sqrt{3}$ ✓. The valid range (requiring $a,b,c \in [0,1]$) is nonempty, confirming the trajectory.

**Result.** The trajectory is $y = \sqrt{3}\,x + (1-\sqrt{3})$, giving $m = \sqrt{3}$ and $c = 1 - \sqrt{3}$. Therefore

$$
m + c = \sqrt{3} + (1 - \sqrt{3}) = 1, \qquad 3(m+c) = \boxed{3}.
$$

### PROOF COMPLETE
DEVIN_CLI_EXITED code=0
