Looking at this problem, I need to find all $n$ with $1 < n < 100$ where $f(n) = n-1$, where $f(n)$ is the smallest $m$ such that $n \mid T_m = \frac{m(m+1)}{2}$.

## Setting Up the Condition

**Requirement 1:** $n \mid T_{n-1} = \frac{n(n-1)}{2}$. This holds iff $\frac{n-1}{2}$ is an integer, i.e., **$n$ is odd**. So even $n$ are immediately excluded.

**Requirement 2:** No $m < n-1$ satisfies $n \mid T_m$.

## Characterizing Optimized $n$

**Claim:** $n$ is Optimized if and only if $n$ is an odd prime power $p^k$ ($p$ odd prime, $k \geq 1$).

### Prime powers are Optimized

For $n = p^k$ (odd prime): $n \mid T_m$ iff $2p^k \mid m(m+1)$. Since $\gcd(m, m+1) = 1$ and $p$ is odd, $p^k$ must divide exactly one of $m, m+1$. The smallest such $m$ is $m = p^k - 1$ (where $p^k \mid m+1$). So $f(p^k) = p^k - 1$. ✓

Verified: $f(3)=2$, $f(5)=4$, $f(7)=6$, $f(9)=8$, $f(11)=10$, $f(25)=24$, $f(27)=26$, $f(49)=48$, $f(81)=80$.

### Odd composites with ≥2 distinct prime factors are NOT Optimized

Let $n = ab$ with $a, b > 1$ odd, $\gcd(a,b)=1$. We need $2n \mid m(m+1)$, requiring $a \mid m$ or $a \mid (m+1)$, and $b \mid m$ or $b \mid (m+1)$.

Consider the case $a \mid m$ and $b \mid (m+1)$: by CRT, there exists a unique solution $m_0 \pmod{n}$ with $0 \leq m_0 < n$. Since $m_0 \equiv 0 \pmod{a}$ but $n-1 \equiv -1 \pmod{a}$, we have $m_0 \neq n-1$, so $m_0 \leq n-2$. Thus $f(n) \leq n-2 < n-1$.

Verified: $f(15)=5$ (since $T_5=15$), $f(21)=6$ (since $T_6=21$), $f(35)=14$, $f(45)=9$.

## Computing the Sum

The Optimized capacities are all odd prime powers $p^k$ with $1 < p^k < 100$:

**Odd primes** ($k=1$): 3, 5, 7, 11, 13, 17, 19, 23, 29, 31, 37, 41, 43, 47, 53, 59, 61, 67, 71, 73, 79, 83, 89, 97

Sum = $1060 - 2 = 1058$ (using the known sum of all primes below 100 = 1060, minus the even prime 2).

**Higher prime powers** ($k \geq 2$): $3^2=9$, $3^3=27$, $3^4=81$, $5^2=25$, $7^2=49$

(Next values $3^5=243$, $5^3=125$, $7^3=343$, $11^2=121$ all exceed 100.)

Sum = $9 + 25 + 27 + 49 + 81 = 191$.

## Final Answer

$$\text{Total} = 1058 + 191 = \boxed{1249}$$

### PROOF COMPLETE
DEVIN_CLI_EXITED code=0
