Looking at this problem, I need to find the maximum and minimum of $S = (a+b)(b+c)(c+d)(d+e)(e+a)$ subject to $a+b+c+d+e=5$ and $a,b,c,d,e \geq -1$.

**Answer Leak Check:** The problem contains no leaked solutions or answer values. Proceeding to solve.

---

## Setup

Let $x_1 = a+b,\ x_2 = b+c,\ x_3 = c+d,\ x_4 = d+e,\ x_5 = e+a$. Then $\sum x_i = 2(a+b+c+d+e) = 10$.

Since each variable $\geq -1$, each $x_i \geq -2$. The variables are recovered by:
$$a = \tfrac{x_1 - x_2 + x_3 - x_4 + x_5}{2},\quad b = \tfrac{x_1 + x_2 - x_3 + x_4 - x_5}{2},\quad \text{etc.}$$

The constraint $a,b,c,d,e \geq -1$ imposes five linear inequalities on the $x_i$.

**Key structural fact:** The number of negative factors is limited. If four factors were negative, say $x_1,x_2,x_3,x_4 < 0$, then $x_1+x_3 = 5-e < 0$ forces $e > 5$, and $x_2+x_4 = 5-a < 0$ forces $a > 5$, but then $x_1 = a+b > 4 > 0$, contradiction. Similarly, five negatives is impossible since $\sum x_i = 10 > 0$. So the number of negative factors is 0, 1, 2, or 3.

---

## Maximum $M$

**Case 0 negatives:** By AM-GM, $\prod x_i \leq (10/5)^5 = 32$, achieved at $a=b=c=d=e=1$.

**Case 2 negatives (non-adjacent):** If $x_1, x_3 < 0$ (non-adjacent), setting $a=d=-1$ to push them negative forces $x_2 = b+c$ to also approach negativity. A careful parametrization ($a=d=-1$, $b=c=p/2$, $e=7-p$) yields $S = \frac{p(p-2)^2(6-p)^2}{4}$, maximized at $p \approx 0.567$ giving $S \approx 8.6$, far below 32. All non-adjacent pairs are equivalent by symmetry.

**Case 2 negatives (adjacent):** WLOG $x_1 = a+b < 0$, $x_2 = b+c < 0$. Set $b = -1$ (pushing the shared variable to its bound). Then $x_1 = a-1$, $x_2 = c-1$, and $d+e = 6-a-c$.

The three positive factors satisfy $x_3 + x_5 = (c+d)+(e+a) = 6$ (independent of $a,c$!), and $x_4 = 7-a-c$ (with $a=c$ by symmetry). By AM-GM, $x_3 x_5 \leq 9$.

Setting $a = c = t$ with $b=-1$:
$$S = (t-1)^2 \cdot (7-2t) \cdot x_3 x_5 \leq 9(t-1)^2(7-2t).$$

Let $g(t) = 9(t-1)^2(7-2t)$. Then $g'(t) = 9(t-1)[2(7-2t) - 2(t-1)] = 9(t-1)(16-6t)$, which is negative on $[-1,1)$ (since $t-1<0$ and $16-6t>0$). So $g$ is **decreasing**, maximized at $t = -1$:

$$g(-1) = 9 \cdot 4 \cdot 9 = 324.$$

Wait — let me recheck. With $a = c = -1$, $b = -1$: $d + e = 8$, $x_3 = d-1$, $x_4 = 8$, $x_5 = e-1$, $x_3 + x_5 = 6$, $x_3 x_5 \leq 9$ at $d = e = 4$.

$$S = (-2)(-2)(3)(8)(3) = 4 \cdot 72 = 288.$$

The bound $g(-1) = 9 \cdot 4 \cdot 9 = 324$ is not tight because $x_4 = 7-2(-1) = 9 \neq 8$. Let me recompute: with $a = c = t$, $b = -1$: $d + e = 7 - 2t$, $x_4 = d+e = 7-2t$, $x_3 + x_5 = 6$, so:

$$S = (t-1)^2(7-2t) \cdot x_3 x_5 \leq 9(t-1)^2(7-2t).$$

At $t = -1$: $9 \cdot 4 \cdot 9 = 324$. But $x_3 x_5 = 9$ requires $x_3 = x_5 = 3$, i.e., $d - 1 = 3$ and $e - 1 = 3$, so $d = e = 4$, $d + e = 8 = 7 - 2(-1) = 9$? No: $7 - 2(-1) = 9 \neq 8$.

**Error caught.** Let me recompute $d + e$. With $a = c = t$, $b = -1$: $a + b + c + d + e = 2t - 1 + d + e = 5$, so $d + e = 6 - 2t$. Then $x_4 = 6 - 2t$, $x_3 + x_5 = (t+d) + (e+t) = 2t + (6-2t) = 6$. Good, $x_3 + x_5 = 6$ confirmed, and $x_4 = 6 - 2t$.

$$S = (t-1)^2(6-2t) \cdot x_3 x_5 \leq 9(t-1)^2(6-2t) = 18(t-1)^2(3-t).$$

$g(t) = 18(t-1)^2(3-t)$, $g'(t) = 18(t-1)(7-3t) < 0$ on $[-1,1)$. Maximum at $t = -1$: $g(-1) = 18 \cdot 4 \cdot 4 = 288$. ✓

This is achieved at $t = -1$ (i.e., $a = b = c = -1$) with $x_3 = x_5 = 3$ (i.e., $d = e = 4$). All variables $\geq -1$. ✓

**Verification of optimality:** Perturbing $a$ from $-1$ (increasing by $\delta$, decreasing $d$): $dS/d\delta|_0 = -180 < 0$. Perturbing $b$ from $-1$: $dS/d\delta|_0 = -420 < 0$. Perturbing $d$ from $4$ (with $d+e=8$): optimal at $d=4$ by AM-GM. All confirm $a=b=c=-1, d=e=4$ is optimal.

$$\boxed{M = 288}.$$

---

## Minimum $m$

**Case 1 negative:** WLOG $x_1 < 0$. Then $|x_1| \leq 2$ and $x_2+x_3+x_4+x_5 = 10 - x_1 \leq 12$. By AM-GM, $x_2 x_3 x_4 x_5 \leq 3^4 = 81$. So $S \geq -2 \cdot 81 = -162$, achieved at $a=b=-1, c=d=-1, e=4$ giving $(-2)(3)(3)(3)(3) = -162$.

**Case 3 negatives (non-consecutive):** If $x_1, x_3, x_5 < 0$ (every other), then $x_1 + x_3 + x_5 = 2a + b + c + d + e = a + 5 < 0$ forces $a < -5$, impossible. If $x_1, x_2, x_4 < 0$: then $x_1 + x_2 = a + 2b + c = (a+b+c) + b = (5-d-e) + b$. Since $x_4 = d+e < 0$ means $d+e < 0$, we get $a+b+c > 5$, so $x_1 + x_2 > 5 + b \geq 4 > 0$, contradiction. All non-consecutive triples are infeasible.

**Case 3 negatives (consecutive):** WLOG $x_1, x_2, x_3 < 0$. Set $b = c = -1$ (shared variables at bound). Then $x_1 = a-1$, $x_2 = -2$, $x_3 = d-1$, and $a + d + e = 7$.

The two positive factors: $x_4 = d+e$, $x_5 = e+a$, with $x_4 + x_5 = 7 + e$.

$S = -2(a-1)(d-1) \cdot x_4 \cdot x_5$.

By AM-GM on the two positives: $x_4 x_5 \leq \left(\frac{7+e}{2}\right)^2$.

For $(a-1)(d-1)$ with $a + d = 7 - e$: maximized when $a = d = \frac{7-e}{2}$, giving $\left(\frac{5-e}{2}\right)^2$.

Need $a = d < 1$ (for negativity) $\Rightarrow e > 5$; and $a = d \geq -1 \Rightarrow e \leq 9$.

$$S \leq -2 \cdot \frac{(5-e)^2}{4} \cdot \frac{(7+e)^2}{4} = -\frac{[(5-e)(7+e)]^2}{8}.$$

Let $h(e) = (5-e)(7+e) = 35 - 2e - e^2$. On $(5, 9]$, $h$ is decreasing ($h' = -2-2e < 0$), going from $0$ to $-64$. So $|h|$ is maximized at $e = 9$: $|h(9)| = |(-4)(16)| = 64$.

$$S \geq -\frac{64^2}{8} = -\frac{4096}{8} = -512.$$

Achieved at $e = 9$, $a = d = -1$, $b = c = -1$: i.e., $a = b = c = d = -1$, $e = 9$.

**Verification:** $a+b+c+d+e = -4 + 9 = 5$ ✓, all $\geq -1$ ✓.
$$S = (-2)(-2)(-2)(8)(8) = -8 \cdot 64 = -512.\ ✓$$

**Confirming this is the global minimum:** The three negative factors each have $|x_i| \leq 2$ (sum of magnitudes $\leq 6$), and by AM-GM their product satisfies $|x_1 x_2 x_3| \leq (6/3)^3 = 8$. The two positive factors sum to $16$, so $x_4 x_5 \leq 8^2 = 64$. Thus $|S| \leq 8 \cdot 64 = 512$, i.e., $S \geq -512$, and equality is achieved. ✓

$$\boxed{m = -512}.$$

---

## Result

$$M - m = 288 - (-512) = \boxed{800}.$$

### PROOF COMPLETE
DEVIN_CLI_EXITED code=0
