Looking at this problem, I need to evaluate $\lim_{n\to\infty}\sqrt{n}\prod_{k=1}^n \sin(k)$ (arguments in radians).

**Answer Leak Check:** No solutions, hints, or answer values are present in the problem statement. Proceeding.

---

## Proof

Let $P_n = \prod_{k=1}^{n}\sin(k)$. We show $\sqrt{n}\,P_n \to 0$.

### Step 1: Equidistribution

Since $\frac{1}{2\pi}$ is irrational, by **Weyl's equidistribution theorem**, the sequence $\{k \bmod 2\pi : k=1,2,3,\dots\}$ is equidistributed in $[0,2\pi)$.

### Step 2: Average of $\log|\sin x|$

The function $f(x)=\log|\sin x|$ is improper Riemann integrable on $[0,2\pi]$ (logarithmic singularities at $0,\pi$ are integrable). By equidistribution (extended to integrable functions via truncation):

$$\frac{1}{n}\sum_{k=1}^{n}\log|\sin k| \;\longrightarrow\; \frac{1}{2\pi}\int_0^{2\pi}\log|\sin x|\,dx.$$

Compute the integral. By symmetry,
$$\int_0^{2\pi}\log|\sin x|\,dx = 2\int_0^{\pi}\log\sin x\,dx.$$

The classical evaluation: let $I=\int_0^{\pi/2}\log\sin x\,dx$. Substituting $x\mapsto \tfrac{\pi}{2}-x$ gives $I=\int_0^{\pi/2}\log\cos x\,dx$. Then
$$2I=\int_0^{\pi/2}\log\!\bigl(\tfrac{1}{2}\sin 2x\bigr)\,dx=\underbrace{\int_0^{\pi/2}\log\sin 2x\,dx}_{=\,\frac12\int_0^{\pi}\log\sin u\,du\,=\,I}-\frac{\pi}{2}\log 2.$$
So $2I=I-\frac{\pi}{2}\log 2$, hence $I=-\frac{\pi}{2}\log 2$, and
$$\int_0^{\pi}\log\sin x\,dx = 2I = -\pi\log 2.$$

Therefore
$$\int_0^{2\pi}\log|\sin x|\,dx = -2\pi\log 2,$$
and
$$\frac{1}{n}\sum_{k=1}^{n}\log|\sin k| \;\longrightarrow\; -\log 2.$$

### Step 3: Exponential decay of $|P_n|$

From Step 2,
$$\sum_{k=1}^{n}\log|\sin k| = -n\log 2 + o(n),$$
so
$$\log|P_n| = -n\log 2 + o(n),\qquad |P_n| = 2^{-n}\,e^{o(n)}.$$

### Step 4: The limit

$$\sqrt{n}\,|P_n| = \sqrt{n}\cdot 2^{-n}\cdot e^{o(n)} \;\longrightarrow\; 0,$$
since $2^{-n}$ decays exponentially while $\sqrt{n}\cdot e^{o(n)}$ grows subexponentially. Concretely, for any $\varepsilon>0$, eventually $|o(n)|\le \varepsilon n$, so $\sqrt{n}\,|P_n|\le \sqrt{n}\cdot 2^{-n}\cdot e^{\varepsilon n}=\sqrt{n}\cdot e^{-(\log 2-\varepsilon)n}\to 0$ choosing $\varepsilon<\log 2$.

Since $\bigl|\sqrt{n}\,P_n\bigr|=\sqrt{n}\,|P_n|\to 0$, by the squeeze theorem

$$\boxed{\lim_{n\to\infty}\sqrt{n}\,\sin(1)\sin(2)\cdots\sin(n)=0.}$$

### PROOF COMPLETE
DEVIN_CLI_EXITED code=0
