I'll solve this step by step, setting up coordinates and computing each point.

## Setup

Place A at the origin, B along the positive x-axis:
- A = (0, 0), B = (5, 0), C = (8 cos 60°, 8 sin 60°) = (4, 4√3)

**Check BC** by Law of Cosines: BC² = 25 + 64 − 40 = 49, so BC = 7. Triangle sides: 5, 7, 8.

Semi-perimeter s = 10, Area = √(10·5·3·2) = 10√3.

## Incircle (path γ)

Inradius r = Area/s = √3. Incenter (weighted by opposite sides a=7, b=8, c=5):
I = (8·(5,0) + 5·(4,4√3))/20 = (60, 20√3)/20 = **(3, √3)**.

**Touch points** (tangent length from A is s−a = 3):
- F on AB (x-axis): foot of perpendicular from I → **F = (3, 0)**. (AF = 3 ✓)
- E on AC (line y = √3x): foot of perpendicular from I → **E = (3/2, 3√3/2)**. (AE = 3 ✓)

## Cable L₁ (through E, F)

Direction F − E = (3/2)(1, −√3), slope −√3. Equation: **√3 x + y = 3√3**.

## Midpoints (Hubs)

- M = midpoint BC = **(9/2, 2√3)**
- N = midpoint CA = **(2, 2√3)**
- P = midpoint AB = **(5/2, 0)**

## Cables L₂, L₃

- **L₂** (M to N): both have y = 2√3 → **y = 2√3** (horizontal).
- **L₃** (M to P): slope = (0 − 2√3)/(5/2 − 9/2) = √3 → **y = √3 x − 5√3/2**.

## Junctions U, V

**U = L₁ ∩ L₂**: √3 x + 2√3 = 3√3 → x = 1 → **U = (1, 2√3)**.

**V = L₁ ∩ L₃**: −√3 x + 3√3 = √3 x − 5√3/2 → 11√3/2 = 2√3 x → x = 11/4, y = √3/4 → **V = (11/4, √3/4)**.

## Buoy X (midpoint of arc B̂AC)

Circumcenter O: perpendicular bisector of AB gives x = 5/2; of AC gives **O = (5/2, 11√3/6)**, R = 7√3/3.

The midpoint of arc BC **not** containing A lies on the internal angle bisector from A (direction (cos 30°, sin 30°)). Parametrizing and intersecting the circumcircle yields t = 13√3/3, giving M_a = (13/2, 13√3/6).

The midpoint of arc B̂AC (containing A) is the **diametrically opposite** point:
X = 2O − M_a = (5 − 13/2, 22√3/6 − 13√3/6) = **(−3/2, 3√3/2)**.

**Verification**: XB = √((13/2)² + (3√3/2)²) = 7, XC = √((11/2)² + (5√3/2)²) = 7, and |X−O|² = 16 + 1/3 = 49/3 = R². ✓

## Area of △XUV

Vectors from X:
- XU = (1 − (−3/2), 2√3 − 3√3/2) = (5/2, √3/2)
- XV = (11/4 − (−3/2), √3/4 − 3√3/2) = (17/4, −5√3/4)

Area = ½|x₁y₂ − y₁x₂| = ½|(5/2)(−5√3/4) − (√3/2)(17/4)|
= ½|−25√3/8 − 17√3/8| = ½·(42√3/8) = **21√3/8**.

## Answer

The area of the triangular region XUV is:

$$\boxed{\dfrac{21\sqrt{3}}{8}}$$

### PROOF COMPLETE
DEVIN_CLI_EXITED code=0
