Looking at this problem, I need to determine whether analyticity and boundedness of G in the open upper half-plane C⁺ implies boundedness on the real line R with no poles.

**Answer Leak Check:** The problem text contains no leaked answers, solutions, or solution sketches. Proceeding to solve.

---

## Proof

**Claim:** No. Analyticity and boundedness of \(G(z)\) in \(\mathbb{C}^+\) do **not** imply that \(G(x)\) is bounded on all of \(\mathbb{R}\) with no poles.

### 1. \(G\) is not defined on \(\mathbb{R}\)

The function \(G\) is given to be analytic only on the **open** upper half-plane \(\mathbb{C}^+ = \{z : \operatorname{Im} z > 0\}\). The real line \(\mathbb{R}\) is the **boundary** of this domain, not part of it. Therefore, \(G(x)\) is not a priori defined for any \(x \in \mathbb{R}\). The question implicitly assumes an extension of \(G\) to \(\mathbb{R}\), but such an extension is not guaranteed to exist.

### 2. Boundary values exist only almost everywhere (Fatou's Theorem)

By **Fatou's theorem** for \(H^\infty\) functions on the upper half-plane, a bounded analytic function \(G\) on \(\mathbb{C}^+\) possesses **non-tangential boundary values** \(G^*(x) = \lim_{y \to 0^+} G(x + iy)\) for **almost every** \(x \in \mathbb{R}\) (with respect to Lebesgue measure), and these boundary values satisfy \(|G^*(x)| \le C\) a.e.

However, "almost everywhere" is strictly weaker than "everywhere." There exist bounded analytic functions on \(\mathbb{C}^+\) for which the non-tangential limit **fails to exist** at certain points of \(\mathbb{R}\). Therefore, we cannot conclude \(|G(x)| \le C_0\) for **all** \(x \in \mathbb{R}\).

### 3. Counterexample: Blaschke product with boundary singularity

Consider the sequence \(a_n = i/2^n \in \mathbb{C}^+\) for \(n = 1, 2, 3, \ldots\). These points satisfy the **Blaschke condition** for the upper half-plane:

\[
\sum_{n=1}^{\infty} \frac{\operatorname{Im}(a_n)}{1 + |a_n|^2} = \sum_{n=1}^{\infty} \frac{1/2^n}{1 + 1/4^n} < \sum_{n=1}^{\infty} \frac{1}{2^n} = 1 < \infty.
\]

Define the Blaschke product:

\[
B(z) = \prod_{n=1}^{\infty} \frac{|a_n^2 + 1|}{a_n^2 + 1} \cdot \frac{z - a_n}{z - \overline{a_n}}.
\]

**Properties of \(B(z)\):**

- **Analytic in \(\mathbb{C}^+\):** Each factor \(\frac{z - a_n}{z - \overline{a_n}}\) has its pole at \(\overline{a_n} = -i/2^n\), which lies in the **lower** half-plane. Thus \(B\) is analytic in \(\mathbb{C}^+\).

- **Bounded by 1 in \(\mathbb{C}^+\):** For \(z \in \mathbb{C}^+\) and \(a_n \in \mathbb{C}^+\), we have \(|z - a_n| < |z - \overline{a_n}|\) (since \(z\) is closer to \(a_n\) than to its reflection across \(\mathbb{R}\)). Each factor has modulus \(< 1\), so \(|B(z)| \le 1\) for all \(z \in \mathbb{C}^+\).

- **Singularity at \(z = 0\) on \(\mathbb{R}\):** The zeros \(a_n = i/2^n\) accumulate at the origin \(0 \in \mathbb{R}\). Since \(B\) has zeros at infinitely many points accumulating at \(0\), if \(B\) were analytic at \(0\), then by the identity theorem \(B \equiv 0\) in a neighborhood of \(0\), and hence everywhere — contradicting \(|B(z)| \to 1\) as \(\operatorname{Im} z \to \infty\). Therefore, **\(B\) has a singularity at \(z = 0\)** and cannot be analytically continued to any neighborhood of \(0\) on \(\mathbb{R}\).

This shows that \(G = B\) is analytic and bounded (\(|G| \le 1\)) in \(\mathbb{C}^+\), yet \(G\) **cannot be defined as an analytic function at \(x = 0\)** on \(\mathbb{R}\). Hence \(G(x)\) is not bounded on all of \(\mathbb{R}\) — it is not even defined everywhere on \(\mathbb{R}\).

### 4. On the "no poles" part

While \(G\) **cannot have poles** on \(\mathbb{R}\) (a pole would require \(|G(z)| \to \infty\) as \(z\) approaches the pole, contradicting \(|G(z)| \le C\) in \(\mathbb{C}^+\)), it **can** have other types of singularities on \(\mathbb{R}\):

- **Essential singularities** (the function oscillates or has no limit),
- **Natural boundary points** (no analytic continuation is possible across them),
- **Accumulation points of zeros** (as in the Blaschke product example above).

These singularities are not poles, but they still prevent \(G\) from being defined or bounded on all of \(\mathbb{R}\).

### 5. Conclusion

The implication **does not hold**. Specifically:

| Claim | True or False | Reason |
|-------|--------------|--------|
| \(G\) has no poles on \(\mathbb{R}\) | **True** | The bound \(\|G\|_\infty \le C\) prevents blow-up at any boundary point |
| \(G(x)\) is defined for all \(x \in \mathbb{R}\) | **False** | \(G\) is only defined on \(\mathbb{C}^+\); extension to \(\mathbb{R}\) is not guaranteed |
| \(\|G(x)\| \le C_0\) for all \(x \in \mathbb{R}\) | **False** | Boundary values exist only a.e. (Fatou); singularities on \(\mathbb{R}\) are possible |

The Blaschke product counterexample demonstrates a concrete function that is analytic and bounded in \(\mathbb{C}^+\) but has a singularity at a point on \(\mathbb{R}\), so it cannot be bounded on all of \(\mathbb{R}\).

**Therefore, the answer is No:** analyticity and boundedness of \(G(z)\) in \(\mathbb{C}^+\) do not imply that \(G(x)\) is bounded on \(\mathbb{R}\) (with or without poles). The function need not extend to \(\mathbb{R}\) at all, and even where non-tangential boundary values exist, they exist only almost everywhere — not at every point of \(\mathbb{R}\).

### PROOF COMPLETE
