Error: Agent error: Permission denied: Permission denied: Reached overall message rate limit. Please try again later. Your limit will reset in 14 minutes. (trace ID: 7eca27950015511fa813864b45a3bf46): {
  "cognition.ai/errorKind": "internal",
  "cognition.ai/retryable": true
}
DEVIN_CLI_EXITED code=1
Error: Agent error: Permission denied: Permission denied: Reached overall message rate limit. Please try again later. Your limit will reset in 21 minutes. (trace ID: 227b35ece55984ec16e2a3be884cb80b): {
  "cognition.ai/errorKind": "internal",
  "cognition.ai/retryable": true
}
DEVIN_CLI_EXITED code=1
```xml
<audit>
  <analysis_result_key>2271881</analysis_result_key>
  <problem_id>oda_math_460k_00064465</problem_id>
  <audit_status>PASS_SELECTABLE</audit_status>
  <check_results>
    <A1>PASS: dimension1_verdict is "DIRECTION_ERROR", a valid non-empty value.</A1>
    <A2>PASS: dimension1_explanation is non-empty and well over 50 characters.</A2>
    <A3>PASS: dimension2_turning_point_type is "other", a valid value (required since d1=DIRECTION_ERROR).</A3>
    <A4>PASS: dimension2_explanation is non-empty and well over 50 characters.</A4>
    <A5>PASS: ai_direction_summary is non-empty and describes the off-track direction.</A5>
    <A6>PASS: standard_solution_key_technique is non-empty and describes the triangle-inequality technique.</A6>
    <B1>PASS: No XML tag leaks found in either explanation.</B1>
    <B2>PASS: No template placeholder leaks found in either explanation.</B2>
    <B3>PASS: Both explanations are well over 50 characters.</B3>
    <C1>PASS: d1=DIRECTION_ERROR and d2 has a value, satisfying the logical consistency requirement.</C1>
    <C2>PASS: d1_exp describes the AI addressing an entirely different problem (topological dynamics), which matches the DIRECTION_ERROR label.</C2>
    <C3>PASS: d2_exp describes a geometric inequality condition (consecutive-sides triangle inequality), which is correctly labeled as "other" rather than a modular/number-theoretic technique.</C3>
    <D1>PASS: d1_exp is over 100 characters and contains action verbs ("engaged", "exploring").</D1>
    <D2>PASS: d2_exp is over 100 characters and contains mathematical terms (convex polygon, s_i + s_{i+1} > s_{i+2}, reflex angle).</D2>
    <D3>PASS: ai_direction_summary describes the specific off-track direction (nonminimal translations on R^n/T^n, orbit closures as finite unions of circles).</D3>
    <D4>PASS: standard_solution_key_technique describes the specific technique (consecutive-sides triangle-inequality yielding d<4, n>4, n=5).</D4>
    <E1>UNKNOWN — check via script</E1>
  </check_results>
  <issues_found>none</issues_found>
</audit>
```

### AUDIT COMPLETE
DEVIN_CLI_EXITED code=0
