I'll solve this directly in the TUI as instructed.

**Answer Leak Self-Check:** The problem text contains no leaked answers, solutions, or solution sketches. Proceeding to solve.

---

## Proof

We determine the number of isomorphism classes of countable models of the empty theory in the language $L = \{R\}$ with a single binary relation symbol $R$. A model is a pair $(M, R^M)$ where $M$ is a countable set and $R^M \subseteq M \times M$. Two models $(M, R^M)$ and $(N, R^N)$ are isomorphic if there exists a bijection $f: M \to N$ such that $(a,b) \in R^M \iff (f(a), f(b)) \in R^N$ for all $a, b \in M$.

We show the answer is $\boxed{2^{\aleph_0}}$ (the cardinality of the continuum).

### Upper bound: at most $2^{\aleph_0}$ isomorphism classes

**Countably infinite models.** Any countably infinite model can be put in bijection with $\mathbb{N}$, so its relation is a subset $R \subseteq \mathbb{N} \times \mathbb{N}$. Since $\mathbb{N} \times \mathbb{N}$ is countable, the number of such subsets is $2^{\aleph_0}$. Each isomorphism class is a collection of such structures, so the number of isomorphism classes of countably infinite models is at most $2^{\aleph_0}$.

**Finite models.** For each $n \geq 0$, a binary relation on an $n$-element set is a subset of $\{1,\dots,n\}^2$, giving at most $2^{n^2}$ relations, hence at most $2^{n^2}$ isomorphism classes (finitely many). Summing over all $n$ gives $\sum_{n=0}^{\infty} 2^{n^2} = \aleph_0$ isomorphism classes of finite models.

**Total:** at most $2^{\aleph_0} + \aleph_0 = 2^{\aleph_0}$ isomorphism classes.

### Lower bound: at least $2^{\aleph_0}$ isomorphism classes

We construct $2^{\aleph_0}$ pairwise non-isomorphic countable models. We use simple undirected cycle graphs, which are special cases of binary relations (take $R$ to be the symmetric, irreflexive edge relation).

For each subset $S \subseteq \{3, 4, 5, \dots\}$, define the graph
$$G_S = \bigsqcup_{n \in S} C_n,$$
the disjoint union of the cycle graph $C_n$ for each $n \in S$. This is a countable graph (a countable union of finite graphs, so at most countably many vertices).

**Key invariant:** In $G_S$, the connected components are exactly the cycles $\{C_n : n \in S\}$, and the length $n$ of a cycle is a graph-theoretic invariant (a connected component that is a cycle of length $n$ has exactly $n$ vertices, each of degree $2$). Therefore:
$$G_S \cong G_T \iff S = T.$$

Since there are $2^{\aleph_0}$ subsets of $\{3, 4, 5, \dots\}$, we obtain $2^{\aleph_0}$ pairwise non-isomorphic countable models of the empty theory.

### Conclusion

The number of isomorphism classes is at most $2^{\aleph_0}$ (upper bound) and at least $2^{\aleph_0}$ (lower bound). Therefore:

$$\text{Number of isomorphism classes of countable models} = 2^{\aleph_0}.$$

### PROOF COMPLETE
