Error: Agent error: Permission denied: Permission denied: Reached overall message rate limit. Please try again later. Your limit will reset in 3 minutes. (trace ID: 181ee308ae0e793a0e7c8fea685e7985): {
  "cognition.ai/errorKind": "internal",
  "cognition.ai/retryable": true
}
Error: Agent error: Permission denied: Permission denied: Reached overall message rate limit. Please try again later. Your limit will reset in 5 minutes. (trace ID: 710d27c62d70417dd08563dcafa989d9): {
  "cognition.ai/errorKind": "internal",
  "cognition.ai/retryable": true
}
DEVIN_CLI_EXITED code=1
```xml
<audit>
  <analysis_result_key>2272678</analysis_result_key>
  <problem_id>polymath_00623</problem_id>
  <audit_status>PASS_SELECTABLE</audit_status>
  <check_results>
    <A1>PASS: dimension1_verdict is DIRECTION_ERROR, a valid value.</A1>
    <A2>PASS: dimension1_explanation is non-empty and well over 50 characters.</A2>
    <A3>PASS: dimension2_turning_point_type is "other", a valid listed value.</A3>
    <A4>PASS: dimension2_explanation is non-empty and well over 50 characters.</A4>
    <A5>PASS: ai_direction_summary is non-empty and descriptive.</A5>
    <A6>PASS: standard_solution_key_technique is non-empty and specific.</A6>
    <B1>PASS: no XML tag leaks in either explanation.</B1>
    <B2>PASS: no template placeholder leaks in either explanation.</B2>
    <B3>PASS: both explanations far exceed 50 characters.</B3>
    <C1>PASS: d1=DIRECTION_ERROR and d2 has a value.</C1>
    <C2>PASS: d1_exp describes pursuing analytical number theory instead of brute-force, a wrong direction matching DIRECTION_ERROR.</C2>
    <C3>PASS: d2=other and d2_exp describes brute-force computational enumeration, which correctly does not fit the modular-arithmetic/algebraic categories, justifying "other".</C3>
    <D1>PASS: length >= 100 and contains action verbs ("went", "pursued", "assumed", "dove").</D1>
    <D2>PASS: length >= 100 and contains mathematical terms (Fermat's two-squares, nested loop, enumeration, sums).</D2>
    <D3>PASS: ai_direction_summary concretely describes the analytical number theory direction taken.</D3>
    <D4>PASS: standard_solution_key_technique specifies Fermat's two-squares theorem plus brute-force nested-loop iteration.</D4>
    <E1>UNKNOWN — check via script</E1>
  </check_results>
  <issues_found>none</issues_found>
</audit>
```

### AUDIT COMPLETE
DEVIN_CLI_EXITED code=0
