Looking at this problem, I need to determine whether an arcwise isometry that is also a local homeomorphism between length spaces must be a local isometry.

**Answer: Yes.**

**Proof.**

Let $f: X \to Y$ be an arcwise isometry and a local homeomorphism between length spaces $X$ and $Y$.

**Step 1: $f$ is 1-Lipschitz (non-expanding).**

For any $x, x' \in X$ and any path $\gamma$ in $X$ from $x$ to $x'$, the image $f \circ \gamma$ is a path in $Y$ from $f(x)$ to $f(x')$ with $L_Y(f \circ \gamma) = L_X(\gamma)$ (arcwise isometry). Taking the infimum over all such paths $\gamma$:
$$d_Y(f(x), f(x')) \leq \inf_\gamma L_Y(f \circ \gamma) = \inf_\gamma L_X(\gamma) = d_X(x, x').$$

**Step 2: $f$ is a local isometry at every point.**

Fix $x \in X$. Since $f$ is a local homeomorphism, there exists an open neighborhood $W$ of $x$ such that $f|_W: W \to f(W)$ is a homeomorphism onto an open set $f(W) \subseteq Y$.

Since $f(W)$ is open and contains $f(x)$, there exists $s > 0$ with $B_Y(f(x), s) \subseteq f(W)$.

Set $r = s/4$ and define $U = B_X(x, r) \cap W$, an open neighborhood of $x$ in $X$. Let $V = f(U)$; this is open in $Y$ since $U$ is open in $W$ and $f|_W$ is a homeomorphism.

We claim $f|_U : U \to V$ is an isometry. Take any $a, b \in U$.

*Forward inequality.* By Step 1, $d_Y(f(a), f(b)) \leq d_X(a, b)$.

*Reverse inequality.* Since $a \in U \subseteq B_X(x, r)$, we have $d_Y(f(a), f(x)) \leq d_X(a, x) < r = s/4$, and similarly for $b$. By the triangle inequality:
$$d_Y(f(a), f(b)) \leq d_X(a, b) \leq d_X(a, x) + d_X(x, b) < 2r = \frac{s}{2}.$$

Let $\epsilon > 0$ with $\epsilon < s/4$. Since $Y$ is a length space, there exists a path $\tilde{\gamma}$ in $Y$ from $f(a)$ to $f(b)$ with
$$L_Y(\tilde{\gamma}) < d_Y(f(a), f(b)) + \epsilon < \frac{s}{2} + \frac{s}{4} = \frac{3s}{4}.$$

Every point $p$ on $\tilde{\gamma}$ satisfies:
$$d_Y(p, f(x)) \leq d_Y(p, f(a)) + d_Y(f(a), f(x)) \leq L_Y(\tilde{\gamma}) + \frac{s}{4} < \frac{3s}{4} + \frac{s}{4} = s.$$

Therefore $\tilde{\gamma}$ lies entirely in $B_Y(f(x), s) \subseteq f(W)$.

Since $f|_W : W \to f(W)$ is a homeomorphism, the path $\tilde{\gamma}$ lifts to a path $\gamma = (f|_W)^{-1} \circ \tilde{\gamma}$ in $W$ starting at $a$ and ending at $b$. By the arcwise isometry property:
$$L_X(\gamma) = L_Y(\tilde{\gamma}).$$

Therefore:
$$d_X(a, b) \leq L_X(\gamma) = L_Y(\tilde{\gamma}) < d_Y(f(a), f(b)) + \epsilon.$$

Since $\epsilon > 0$ is arbitrary, $d_X(a, b) \leq d_Y(f(a), f(b))$.

Combining both inequalities yields $d_X(a, b) = d_Y(f(a), f(b))$ for all $a, b \in U$.

Thus $f|_U : U \to V$ is a distance-preserving bijection onto the open set $V \subseteq Y$, i.e., an isometry onto an open set. This proves $f$ is a local isometry at $x$. Since $x \in X$ was arbitrary, $f$ is a local isometry. $\blacksquare$

### PROOF COMPLETE
DEVIN_CLI_EXITED code=0
