Looking at this problem, I need to find the smallest positive integer $x$ such that $f(x) \ge 50\sqrt{x}$, where $f(x) = x + \sqrt{x + \sqrt{x + \sqrt{x + \cdots}}}$.

## Setting Up the Nested Radical

Let $y = \sqrt{x + \sqrt{x + \sqrt{x + \cdots}}}$. Then $y = \sqrt{x + y}$, so $y^2 = x + y$, giving $y^2 - y - x = 0$. Taking the positive root:

$$y = \frac{1 + \sqrt{1 + 4x}}{2}$$

Thus $f(x) = x + \frac{1 + \sqrt{1+4x}}{2}$.

## Reformulating the Inequality

We need $f(x) \ge 50\sqrt{x}$, i.e.,

$$x + \frac{1 + \sqrt{1+4x}}{2} \ge 50\sqrt{x}$$

Multiplying by 2:

$$2x + 1 + \sqrt{1+4x} \ge 100\sqrt{x}$$

Let $t = \sqrt{x}$ (so $x = t^2$, $t > 0$):

$$2t^2 + 1 + \sqrt{1+4t^2} \ge 100t$$

$$\sqrt{1+4t^2} \ge 100t - 2t^2 - 1$$

**Case 1:** If $100t - 2t^2 - 1 \le 0$, the inequality holds automatically (LHS $\ge 0$). This occurs when $2t^2 - 100t + 1 \ge 0$, i.e., $t \le \frac{100 - \sqrt{9992}}{4} \approx 0.01$ or $t \ge \frac{100 + \sqrt{9992}}{4} \approx 49.99$.

**Case 2:** If $100t - 2t^2 - 1 > 0$ (i.e., $t \in (0.01, 49.99)$), we square both sides:

$$1 + 4t^2 \ge (100t - 2t^2 - 1)^2 = (2t^2 - 100t + 1)^2$$

Expanding the RHS: $4t^4 - 400t^3 + 10004t^2 - 200t + 1$

So: $0 \ge 4t^4 - 400t^3 + 10000t^2 - 200t = 4t(t^3 - 100t^2 + 2500t - 50)$

Since $t > 0$, we need $g(t) = t^3 - 100t^2 + 2500t - 50 \le 0$.

## Analyzing $g(t)$

$g'(t) = 3t^2 - 200t + 2500 = 0 \implies t = \frac{200 \pm 100}{6}$, giving critical points $t = \frac{50}{3} \approx 16.67$ and $t = 50$.

- $g(0) = -50 < 0$
- $g(50/3) = \frac{500000}{27} - 50 \approx 18468 > 0$ (local max)
- $g(50) = 125000 - 250000 + 125000 - 50 = -50 < 0$ (local min)

So $g$ starts negative, crosses zero at a small root $r_1 \approx 0.02$, stays positive until $r_2$, then is negative on $[r_2, r_3]$, then positive again for $t > r_3 \approx 50$.

Combined with Case 1, the inequality holds for $t \in [0, r_1] \cup [r_2, \infty)$.

Since $r_1 \approx 0.02$ gives $x < 1$ (no positive integer), the relevant threshold is $r_2$.

## Locating $r_2$

$g(48) = 110592 - 230400 + 120000 - 50 = 142 > 0$

$g(49) = 117649 - 240100 + 122500 - 50 = -1 < 0$

So $r_2 \in (48, 49)$, meaning $x = r_2^2 \in (2304, 2401)$. The smallest integer $x$ to check is $x = 2305$ through $x = 2400$.

## Checking $x = 2400$ ($t = \sqrt{2400} = 20\sqrt{6}$)

We need: $4801 + \sqrt{9601} \ge 2000\sqrt{6}$

Both sides positive, so square:

$4801^2 + 2 \cdot 4801 \cdot \sqrt{9601} + 9601 \ge 24000000$

$23049601 + 9601 + 9602\sqrt{9601} \ge 24000000$

$9602\sqrt{9601} \ge 940798$

$\sqrt{9601} \ge \frac{940798}{9602} \approx 97.97938$

Since $98^2 = 9604$ and $\sqrt{9601} \approx 97.98469 > 97.97938$ ✓

**$x = 2400$ satisfies the inequality.**

## Checking $x = 2399$

We need: $4799 + \sqrt{9597} \ge 100\sqrt{2399}$

Squaring: $4799^2 + 2 \cdot 4799\sqrt{9597} + 9597 \ge 23990000$

$23030401 + 9597 + 9598\sqrt{9597} \ge 23990000$

$9598\sqrt{9597} \ge 950002$

$\sqrt{9597} \ge \frac{950002}{9598} \approx 98.979$

But $\sqrt{9597} < \sqrt{9604} = 98 < 98.979$. **Fails.** ✗

## Conclusion

For all integers $x$ from $1$ to $2399$, the inequality $f(x) \ge 50\sqrt{x}$ fails (since $g(\sqrt{x}) > 0$ throughout this range and the RHS is positive). At $x = 2400$, the inequality holds.

The smallest positive integer $x$ is $\boxed{2400}$.

### PROOF COMPLETE
DEVIN_CLI_EXITED code=0
