Error: Agent error: Permission denied: Permission denied: Reached overall message rate limit. Please try again later. Your limit will reset in 4 minutes. (trace ID: 1c1bca892c7fe1c89e27acba41464c0f): {
  "cognition.ai/errorKind": "internal",
  "cognition.ai/retryable": true
}
DEVIN_CLI_EXITED code=1
Error: Agent error: Permission denied: Permission denied: Reached overall message rate limit. Please try again later. Your limit will reset in 7 minutes. (trace ID: eff61f142c8428053e0e02446f7d07f8): {
  "cognition.ai/errorKind": "internal",
  "cognition.ai/retryable": true
}
DEVIN_CLI_EXITED code=1
```xml
<audit>
  <analysis_result_key>2272612</analysis_result_key>
  <problem_id>polymath_00563</problem_id>
  <audit_status>PASS</audit_status>
  <check_results>
    <A1>PASS: dimension1_verdict is TOKEN_LIMIT, a valid value.</A1>
    <A2>PASS: dimension1_explanation is non-empty and well over 50 characters, describing the AI's correct direction and truncation.</A2>
    <A3>PASS: dimension2_turning_point_type is "other", a valid enum value, and d2 has a value as required for TOKEN_LIMIT.</A3>
    <A4>PASS: dimension2_explanation is non-empty and well over 50 characters, describing symmetric approximation technique.</A4>
    <A5>PASS: ai_direction_summary is non-empty and describes the AI's corner-analysis approach.</A5>
    <A6>PASS: standard_solution_key_technique is non-empty and describes the symmetric linear approximation method.</A6>
    <B1>PASS: No XML tag leaks found in either explanation.</B1>
    <B2>PASS: No template placeholder leaks found in either explanation.</B2>
    <B3>PASS: Both explanations are well over 50 characters.</B3>
    <C1>PASS: d1=TOKEN_LIMIT and d2 has a value, satisfying the consistency rule.</C1>
    <C2>PASS: dimension1_explanation describes a token-limit cutoff (truncation mid-sentence) consistent with the TOKEN_LIMIT verdict.</C2>
    <C3>PASS: dimension2_explanation describes symmetric function approximation and minimax over continuous functions, which matches the "other" turning point type (no modular/number-theoretic technique).</C3>
    <D1>N/A — d1 is CONNECTION_ERROR/TOKEN_LIMIT</D1>
    <D2>N/A — d1 is CONNECTION_ERROR/TOKEN_LIMIT</D2>
    <D3>N/A — d1 is CONNECTION_ERROR/TOKEN_LIMIT</D3>
    <D4>N/A — d1 is CONNECTION_ERROR/TOKEN_LIMIT</D4>
    <E1>UNKNOWN — check via script</E1>
  </check_results>
  <issues_found>none</issues_found>
</audit>
```

### AUDIT COMPLETE
DEVIN_CLI_EXITED code=0
