Looking at this problem, I need to determine the probability that eventually every sufficiently large even number belongs to the sumset $C + C$.

**Setup.** $C \subseteq \mathbb{N}\setminus\{1,2\}$ with each $n \geq 3$ included independently with probability $\frac{1}{\ln n}$. We want $P(\exists N : \forall n > N,\; 2n \in C+C)$.

**Key idea.** For each large even number $2n$, construct many "independent" representations using distinct elements, bound $P(2n \notin C+C)$, show the sum converges, and apply the first Borel–Cantelli lemma (which requires no independence assumption).

---

**Proof.**

**Step 1: Independent representations of $2n$.**

For $n \geq 7$, consider the pairs $(n-k,\; n+k)$ for $k = 1, 2, \ldots, K$ where $K = \lfloor (n-3)/2 \rfloor$.

- Each pair sums to $2n$.
- All $2K$ numbers $\{n-k, n+k : 1 \leq k \leq K\}$ are distinct: $n-k_1 = n-k_2 \Rightarrow k_1=k_2$; $n+k_1=n+k_2 \Rightarrow k_1=k_2$; $n-k_1 = n+k_2 \Rightarrow k_1 = -k_2$, impossible for positive $k$.
- Each number is $\geq 3$: $n - k \geq n - K \geq n - (n-3)/2 = (n+3)/2 \geq 5$, and $n+k \geq n+1 \geq 8$.

Since all $2K$ numbers are distinct elements of $\mathbb{N}\setminus\{1,2\}$, the events $A_k := \{n-k \in C \text{ and } n+k \in C\}$ for $k=1,\ldots,K$ are mutually independent, with
$$P(A_k) = \frac{1}{\ln(n-k)\cdot \ln(n+k)}.$$

**Step 2: Upper bound on $P(2n \notin C+C)$.**

Since $\{2n \in C+C\} \supseteq \{A_1 \cup \cdots \cup A_K\}$, we have
$$P(2n \notin C+C) \leq \prod_{k=1}^{K}\left(1 - \frac{1}{\ln(n-k)\cdot\ln(n+k)}\right).$$

For $k \leq K \leq (n-3)/2$: we have $n-k \leq n$ so $\ln(n-k) \leq \ln n$, and $n+k \leq n + (n-3)/2 < 3n/2$ so $\ln(n+k) \leq \ln n + \ln(3/2)$. For $n \geq 5$, $\ln(3/2) < \ln n$, giving $\ln(n+k) \leq 2\ln n$. Thus
$$\ln(n-k)\cdot\ln(n+k) \leq 2(\ln n)^2, \qquad P(A_k) \geq \frac{1}{2(\ln n)^2}.$$

Therefore, using $1 - x \leq e^{-x}$ and $K \geq n/4$ (for $n \geq 7$):
$$P(2n \notin C+C) \leq \left(1 - \frac{1}{2(\ln n)^2}\right)^{n/4} \leq \exp\!\left(-\frac{n}{8(\ln n)^2}\right).$$

**Step 3: The sum converges.**

Since $\frac{n}{(\ln n)^3} \to \infty$, for all sufficiently large $n$ we have $\frac{n}{8(\ln n)^2} \geq 2\ln n$, hence
$$P(2n \notin C+C) \leq e^{-2\ln n} = \frac{1}{n^2}.$$

Thus
$$\sum_{n=7}^{\infty} P(2n \notin C+C) \leq \sum_{n=7}^{\infty} \frac{1}{n^2} < \infty.$$

**Step 4: Borel–Cantelli.**

By the **first Borel–Cantelli lemma** (which does not require independence of the events $\{2n \notin C+C\}$):
$$P\bigl(2n \notin C+C \text{ infinitely often}\bigr) = 0.$$

Equivalently, with probability $1$, only finitely many $n$ satisfy $2n \notin C+C$. That is, almost surely there exists $N \in \mathbb{N}$ such that for all $n > N$, $2n \in C+C$.

---

**Conclusion.** The probability is $\boxed{1}$.

### PROOF COMPLETE
DEVIN_CLI_EXITED code=0
