Error: Agent error: Permission denied: Permission denied: Reached overall message rate limit. Please try again later. Your limit will reset in 44 minutes. (trace ID: a24e2a47053b46fb2511fefa90599928): {
  "cognition.ai/errorKind": "internal",
  "cognition.ai/retryable": true
}
DEVIN_CLI_EXITED code=1
Error: Agent error: Permission denied: Permission denied: Reached overall message rate limit. Please try again later. Your limit will reset in 40 minutes. (trace ID: 0f59ed9e1829f0350db6933fd02e0b07): {
  "cognition.ai/errorKind": "internal",
  "cognition.ai/retryable": true
}
DEVIN_CLI_EXITED code=1
Error: Agent error: Permission denied: Permission denied: Reached overall message rate limit. Please try again later. Your limit will reset in 34 minutes. (trace ID: 44eabe9e7f1b8813b05b2b17e1a43e32): {
  "cognition.ai/errorKind": "internal",
  "cognition.ai/retryable": true
}
DEVIN_CLI_EXITED code=1
Error: Agent error: Permission denied: Permission denied: Reached overall message rate limit. Please try again later. Your limit will reset in 30 minutes. (trace ID: d6320070c185bbf75297ac9f48c888ef): {
  "cognition.ai/errorKind": "internal",
  "cognition.ai/retryable": true
}
DEVIN_CLI_EXITED code=1
Error: Agent error: Permission denied: Permission denied: Reached overall message rate limit. Please try again later. Your limit will reset in 24 minutes. (trace ID: 461fe18281a360f6d173943dc4b96e82): {
  "cognition.ai/errorKind": "internal",
  "cognition.ai/retryable": true
}
DEVIN_CLI_EXITED code=1
Error: Agent error: Permission denied: Permission denied: Reached overall message rate limit. Please try again later. Your limit will reset in 18 minutes. (trace ID: ad71204839290d319ad0756cfc5a26a6): {
  "cognition.ai/errorKind": "internal",
  "cognition.ai/retryable": true
}
DEVIN_CLI_EXITED code=1
Error: Agent error: Permission denied: Permission denied: Reached overall message rate limit. Please try again later. Your limit will reset in 14 minutes. (trace ID: 56e3c19bc328e58b9052549d4f0fbe42): {
  "cognition.ai/errorKind": "internal",
  "cognition.ai/retryable": true
}
DEVIN_CLI_EXITED code=1
Error: Agent error: Permission denied: Permission denied: Reached overall message rate limit. Please try again later. Your limit will reset in 8 minutes. (trace ID: be3472a0a446a3f9ee69e3d374b60e58): {
  "cognition.ai/errorKind": "internal",
  "cognition.ai/retryable": true
}
DEVIN_CLI_EXITED code=1
Error: Agent error: Permission denied: Permission denied: Reached overall message rate limit. Please try again later. Your limit will reset in 2 minutes. (trace ID: 137669e511db956d03138cc811c0f415): {
  "cognition.ai/errorKind": "internal",
  "cognition.ai/retryable": true
}
DEVIN_CLI_EXITED code=1
我已经阅读了 AGENTS.md，其中包含了问题、标准解答和 AI 的思考过程。让我来分析一下。

AI 使用了复数方法（暴力计算），而标准解答使用的是位似变换 + 西姆松定理（一种优美的几何方法）。AI 实际上正确地推导出了 OH = 2R，但在最后一步对答案格式的理解上失败了——它选择了 k=2, n=4 (n+k=6)，而不是正确的 k=1, n=2 (n+k=3)。

```xml
<analysis>
  <problem_id>polymath_00984</problem_id>
  <dimension1_verdict>PARTIAL_PROGRESS</dimension1_verdict>
  <dimension1_explanation>The AI took a completely different but valid approach (complex numbers on the unit circle) from the standard solution (homothety + Simson's theorem), yet successfully derived the correct key result OH = 2R. However, it failed at the final interpretation step: it agonized over whether to write OH = 2R (k=1, n=2, n+k=3) or OH² = 4R² (k=2, n=4, n+k=6), and incorrectly chose the squared form, yielding the wrong final answer n+k=6 instead of the correct n+k=3.</dimension1_explanation>
  <dimension2_turning_point_type>other</dimension2_turning_point_type>
  <dimension2_explanation>The standard solution's key turning point is a geometric transformation: applying the homothety centered at the centroid G with ratio -1/2 to map the problem to the anticomplementary triangle A'B'C', then invoking Simson's theorem to convert collinearity of projections into the condition that O lies on the circumcircle of A'B'C' (center H, radius 2R), immediately giving OH = 2R. This is a synthetic geometry technique, not a number-theoretic one.</dimension2_turning_point_type>
  <dimension2_explanation>The standard solution's key technique is the homothety centered at the centroid with ratio -1/2, which maps the reflections D,E,F to projections D',E',F' of O onto the sides of the anticomplementary triangle, reducing the problem to Simson's theorem and yielding OH = 2R directly.</dimension2_explanation>
  <ai_direction_summary>The AI used a brute-force complex-number approach on the unit circle, deriving the collinearity condition (a+b)(a+c)(b+c) = 3abc, converting it to cos A cos B cos C = -3/8, and applying Euler's formula OH² = R²(1 - 8cos A cos B cos C) to get OH = 2R.</ai_direction_summary>
  <standard_solution_key_technique>The standard solution uses a homothety centered at the centroid with ratio -1/2 to transform the reflections into projections, then applies Simson's theorem to conclude O lies on the circumcircle of the anticomplementary triangle, giving OH = 2R and thus n=2, k=1, n+k=3.</standard_solution_key_technique>
  <confidence>high</confidence>
</analysis>
```

### 分析完成
DEVIN_CLI_EXITED code=0
