Looking at this problem, I need to find the largest constant $C$ such that the inequality holds for all $n$ and all reals $a_i, b_i$ (cyclic indices mod $n$).

**Answer: $C = \pi$.**

## Proof

**Step 1: Simplify both sides.**

Let $L = \sum_{i=1}^n (a_i^2 + b_i^2 - a_i a_{i+1} - b_i b_{i+1})$ and $R = \sum_{i=1}^n a_i(b_{i+1} - b_{i-1})$.

For the left side, using $\sum_i (a_i - a_{i+1})^2 = 2\sum_i (a_i^2 - a_i a_{i+1})$:

$$L = \tfrac{1}{2}\sum_{i=1}^n (a_i - a_{i+1})^2 + \tfrac{1}{2}\sum_{i=1}^n (b_i - b_{i+1})^2 \ge 0.$$

For the right side, shifting the index in the second sum:

$$R = \sum_i a_i b_{i+1} - \sum_i a_i b_{i-1} = \sum_i a_i b_{i+1} - \sum_i a_{i+1} b_i = \sum_i (a_i b_{i+1} - a_{i+1} b_i).$$

**Step 2: Symmetry observation.** Substituting $b \to -b$ leaves $L$ unchanged and sends $R \to -R$. So if $C$ is valid, so is $-C$. The largest valid $C$ equals $C^* = \inf_{n,\, a,\, b:\, R>0} \frac{nL}{R}$.

**Step 3: Trivial cases.** For $n=1$: $L=0, R=0$. For $n=2$: $R = 0$ since $b_{i+1}=b_{i-1}$. Both are automatically satisfied for any $C \ge 0$.

**Step 4: Fourier analysis for $n \ge 3$.** Set $\omega = e^{2\pi i/n}$ and use the unitary DFT: $a_j = \frac{1}{\sqrt{n}}\sum_k \hat{a}_k \omega^{jk}$, with Parseval $\sum_j a_j^2 = \sum_k |\hat{a}_k|^2$. For real sequences, $\hat{a}_{n-k} = \overline{\hat{a}_k}$.

*Left side:* $a_{j+1} - a_j = \frac{1}{\sqrt{n}}\sum_k \hat{a}_k(\omega^k - 1)\omega^{jk}$, so

$$\sum_j |a_{j+1}-a_j|^2 = \sum_k |\hat{a}_k|^2 |\omega^k-1|^2 = \sum_k 4\sin^2\!\left(\tfrac{\pi k}{n}\right)|\hat{a}_k|^2.$$

Pairing conjugate modes ($k$ and $n-k$), and noting the $k=0$ term vanishes:

$$L = \sum_{k=1}^{\lfloor(n-1)/2\rfloor} 4\sin^2\!\left(\tfrac{\pi k}{n}\right)\!\left(|\hat{a}_k|^2 + |\hat{b}_k|^2\right) + \bigl[\text{nonneg. } k\!=\!n/2 \text{ term if } n \text{ even}\bigr].$$

*Right side:* A direct computation gives

$$\sum_j a_j b_{j+1} = \sum_k \hat{a}_k \overline{\hat{b}_k}\,\omega^{-k}, \qquad \sum_j a_{j+1} b_j = \sum_k \hat{a}_k \overline{\hat{b}_k}\,\omega^{k},$$

so $R = \sum_k \hat{a}_k\overline{\hat{b}_k}(\omega^{-k}-\omega^k) = \sum_k \hat{a}_k\overline{\hat{b}_k}\bigl(-2i\sin\tfrac{2\pi k}{n}\bigr)$. Pairing conjugate modes (and noting $\sin(\pi)=0$ kills the $k=n/2$ term):

$$R = \sum_{k=1}^{\lfloor(n-1)/2\rfloor} 4\sin\!\left(\tfrac{2\pi k}{n}\right) \operatorname{Im}\!\left(\hat{a}_k\overline{\hat{b}_k}\right).$$

**Step 5: Per-mode bound.** For each mode $k$, set $u = \hat{a}_k$, $v = \hat{b}_k$. By $|\operatorname{Im}(u\bar v)| \le |u||v| \le \frac{|u|^2+|v|^2}{2}$ (AM-GM):

$$\frac{|R_k|}{L_k} \le \frac{4\sin(2\pi k/n)\cdot \frac{|u|^2+|v|^2}{2}}{4\sin^2(\pi k/n)(|u|^2+|v|^2)} = \frac{\sin(2\pi k/n)}{2\sin^2(\pi k/n)} = \cot\!\left(\tfrac{\pi k}{n}\right).$$

Since $L = \sum_k L_k + [\text{extra}]$ and $R = \sum_k R_k$:

$$\frac{|R|}{L} \le \frac{\sum_k |R_k|}{\sum_k L_k} \le \max_k \cot\!\left(\tfrac{\pi k}{n}\right) = \cot\!\left(\tfrac{\pi}{n}\right),$$

using that $\cot$ is decreasing on $(0, \pi/2)$ and $k=1$ gives the smallest argument. Equality in the per-mode bound is achieved when $|u|=|v|$ and $\operatorname{Im}(u\bar v) = |u|^2$ (e.g., $u=1, v=-i$), and using only mode $k=1$ achieves the overall bound. Therefore:

$$\frac{nL}{|R|} \ge n\tan\!\left(\tfrac{\pi}{n}\right) \quad \text{for all } n \ge 3,$$

with equality achievable (using only mode $k=1$ with $u=1, v=-i$).

**Step 6: $C = \pi$ works.** For $n \ge 3$, $\pi/n \in (0, \pi/3] \subset (0, \pi/2)$, and the classical inequality $\tan x > x$ for $x \in (0, \pi/2)$ gives:

$$n\tan\!\left(\tfrac{\pi}{n}\right) > n \cdot \frac{\pi}{n} = \pi.$$

So for $R > 0$: $\frac{nL}{R} \ge n\tan(\pi/n) > \pi$, i.e., $L > \frac{\pi}{n}R$. For $R \le 0$: $\frac{\pi}{n}R \le 0 \le L$. For $n = 1, 2$: $R = 0$, so $L \ge 0 = \frac{\pi}{n}R$. Thus $C = \pi$ satisfies the inequality for all $n$ and all reals.

**Step 7: Sharpness.** For any $C > \pi$, choose $n$ sufficiently large and set mode $k=1$ with $\hat{a}_1 = 1$, $\hat{b}_1 = -i$ (all other modes zero). Then:

$$\frac{nL}{R} = n\tan\!\left(\tfrac{\pi}{n}\right) \xrightarrow{n \to \infty} \pi < C,$$

so $L < \frac{C}{n}R$ for large enough $n$, violating the inequality. Hence no $C > \pi$ works.

**Conclusion.** The largest constant is $C = \pi$.

### PROOF COMPLETE
DEVIN_CLI_EXITED code=0
