The statement is **false**. I'll provide a counterexample in a discrete probability space.

## Counterexample

Let $\Omega = \mathbb{N} = \{1, 2, 3, \ldots\}$ with the discrete $\sigma$-algebra $F = 2^{\Omega}$ and probability measure
$$\mathbb{P}(\{k\}) = 2^{-k}, \qquad k = 1, 2, 3, \ldots$$
This is a valid probability measure since $\sum_{k=1}^{\infty} 2^{-k} = 1$. The space $(\Omega, F, \mathbb{P})$ is discrete.

Define the events
$$A_n = \{\, k \in \mathbb{N} : n \leq 2^{k} \,\} = \{\, k : k \geq \lceil \log_2 n \rceil \,\}, \qquad n = 1, 2, 3, \ldots$$

### Step 1: $\mathbb{P}(\limsup A_n) = 0$

A point $k \in \Omega$ belongs to $A_n$ if and only if $n \leq 2^{k}$. Therefore $k$ belongs to exactly the events $A_1, A_2, \ldots, A_{2^{k}}$ — a **finite** collection. Since every point of $\Omega$ belongs to only finitely many of the $A_n$,

$$\limsup_{n \to \infty} A_n = \bigcap_{N=1}^{\infty} \bigcup_{n \geq N} A_n = \varnothing.$$

Hence $\mathbb{P}(\limsup A_n) = \mathbb{P}(\varnothing) = 0$.

### Step 2: $\sum_{n=1}^{\infty} \mathbb{P}(A_n) = \infty$

For $n$ in the range $2^{m-1} < n \leq 2^{m}$ (i.e., $\lceil \log_2 n \rceil = m$), we have
$$\mathbb{P}(A_n) = \sum_{k=m}^{\infty} 2^{-k} = 2^{-m+1}.$$
There are $2^{m-1}$ integers $n$ in this range, so their total contribution to the sum is
$$2^{m-1} \cdot 2^{-m+1} = 1.$$
Summing over all dyadic blocks ($m = 1, 2, 3, \ldots$):
$$\sum_{n=1}^{\infty} \mathbb{P}(A_n) = \sum_{m=1}^{\infty} 1 = \infty.$$

### Conclusion

We have constructed a discrete probability space and a sequence of events $(A_n)$ such that
$$\mathbb{P}\!\left(\limsup_{n \to \infty} A_n\right) = 0 \qquad \text{but} \qquad \sum_{n=1}^{\infty} \mathbb{P}(A_n) = \infty.$$

Therefore the statement is **false**.

**Remark.** The implication $\sum \mathbb{P}(A_n) < \infty \Rightarrow \mathbb{P}(\limsup A_n) = 0$ is the (first) Borel–Cantelli lemma and holds in any probability space without any independence assumption. The converse requires independence (second Borel–Cantelli); the counterexample above exploits dependence among the $A_n$ — each point is "used up" after finitely many events — which is possible even in a discrete space.

### PROOF COMPLETE
DEVIN_CLI_EXITED code=0
