Error: Agent error: Permission denied: Permission denied: Reached overall message rate limit. Please try again later. Your limit will reset in 8 minutes. (trace ID: 2e3907a50d1cb535979dd24a16de7f04): {
  "cognition.ai/errorKind": "internal",
  "cognition.ai/retryable": true
}
DEVIN_CLI_EXITED code=1
Error: Agent error: Permission denied: Permission denied: Reached overall message rate limit. Please try again later. Your limit will reset in 13 minutes. (trace ID: a51a7131926523e68e9348c238a8dd4c): {
  "cognition.ai/errorKind": "internal",
  "cognition.ai/retryable": true
}
DEVIN_CLI_EXITED code=1
Error: Agent error: Your daily usage quota has been exhausted. Visit https://app.devin.ai/settings/usage to purchase on-demand usage or turn on auto-reload. (trace ID: a7e4078f985073bd174884fd084915a5): {
  "cognition.ai/errorKind": "resource_exhausted",
  "cognition.ai/retryable": true
}
DEVIN_CLI_EXITED code=1
```xml
<audit>
  <analysis_result_key>2272307</analysis_result_key>
  <problem_id>polymath_00197</problem_id>
  <audit_status>FAIL_INCOMPLETE</audit_status>
  <check_results>
    <A1>PASS: dimension1_verdict is DIRECTION_ERROR, a valid value.</A1>
    <A2>PASS: dimension1_explanation is long and detailed, well over 50 characters.</A2>
    <A3>PASS: dimension2_turning_point_type is "other", non-empty and a valid enum value.</A3>
    <A4>FAIL: dimension2_explanation is [null], empty and below 50 characters.</A4>
    <A5>PASS: ai_direction_summary is non-empty and describes the AI's actual direction.</A5>
    <A6>PASS: standard_solution_key_technique is non-empty and describes the 2×2-block shading technique.</A6>
    <B1>PASS: dimension1_explanation contains no XML tag leaks; dimension2_explanation is null so no leak possible.</B1>
    <B2>PASS: dimension1_explanation contains no template placeholder leaks; dimension2_explanation is null.</B2>
    <B3>PASS for dimension1_explanation (well over 50 chars); FAIL for dimension2_explanation which is null — but B3 is a joint check, so FAIL: dimension2_explanation is null and below 50 characters.</B3>
    <C1>FAIL: d1=DIRECTION_ERROR requires d2 to have a value, but dimension2_explanation is null.</C1>
    <C2>PASS: dimension1_explanation describes a wrong-direction failure (enumeration + combinatorial bounds orthogonal to coloring lower bound), matching the DIRECTION_ERROR label.</C2>
    <C3>FAIL: dimension2_explanation is null, so it cannot be consistent with dimension2_turning_point_type="other".</C3>
    <D1>PASS: dimension1_explanation is well over 100 characters and contains action verbs (pursued, identified, explored, attempted).</D1>
    <D2>FAIL: dimension2_explanation is null, not operable.</D2>
    <D3>PASS: ai_direction_summary describes the actual direction (small-case enumeration + row/column-stripe + no-consecutive-ones optimization).</D3>
    <D4>PASS: standard_solution_key_technique describes the specific 2×2-block shading/coloring + parity case split + explicit lantern placement technique.</D4>
    <E1>UNKNOWN — check via script</E1>
  </check_results>
  <issues_found>dimension2_explanation is null despite d1=DIRECTION_ERROR and d2_turning_point_type="other", causing A4, B3, C1, C3, D2 to fail; the d2 explanation field was never populated.</issues_found>
</audit>
```

### AUDIT COMPLETE
DEVIN_CLI_EXITED code=0
