Looking at this problem, I need to solve the cryptarithmetic equation **WE × EYE = SCENE** where each letter is a distinct digit, and W, E, S ≠ 0.

## Proof

**Step 1: Determine possible values of E.**

The units digit of the product equals the units digit of E × E (since both WE and EYE end in E). SCENE also ends in E, so:

$$E^2 \equiv E \pmod{10} \implies E(E-1) \equiv 0 \pmod{10}$$

Testing digits 0–9: E ∈ {0, 1, 5, 6}. Since E is a leading digit (E ≠ 0), we have **E ∈ {1, 5, 6}**.

**Step 2: Eliminate E = 1.**

With E = 1, WE = 10W+1 and EYE = 101+10Y. For a five-digit product, we need WE × EYE ≥ 10000, which requires WE ≥ 61 (since max EYE = 191). Checking W ∈ {6,7,8,9}:

- 61 × 171 = 10431, 61 × 181 = 11041, 61 × 191 = 11651 — all have S = 1 = E (invalid).
- 71 × 141 = 10011, ..., 71 × 191 = 13561 — all have S = 1 = E (invalid).
- 81 × 131 = 10611, ..., 81 × 191 = 15471 — all have S = 1 = E (invalid).
- 91 × 111 = 10101, ..., 91 × 191 = 17381 — all have S = 1 = E (invalid).

Every five-digit product with E = 1 starts with 1, forcing S = 1 = E, violating distinctness. **E = 1 is eliminated.**

**Step 3: Eliminate E = 5.**

With E = 5, SCENE = S C 5 N 5 (hundreds digit = 5). I systematically checked all valid WE ∈ {15,25,35,45,65,75,85,95} and EYE ∈ {505,515,...,595} (Y ≠ 5):

- The only products with hundreds digit 5 were:
  - 45 × 545 = 24525 → S = 2, N = 2 → **S = N (invalid)**
  - 85 × 595 = 50575 → S = 5 = E → **invalid**
  - 95 × 595 = 56525 → S = 5 = E → **invalid**

**E = 5 is eliminated.**

**Step 4: Solve E = 6.**

With E = 6, SCENE = S C 6 N 6 (hundreds digit = 6, units digit = 6). WE ∈ {16,26,36,46,56,76,86,96} and EYE ∈ {606,616,626,636,646,656,676,686,696} (Y ≠ 6).

Systematically checking all combinations, the products with hundreds digit 6 are:

- **36 × 656 = 23616** → S=2, C=3, E=6, N=1, W=3 → C = W = 3 (**invalid**)
- **36 × 686 = 24696** → S=2, C=4, E=6, N=9, W=3, Y=8 → all distinct ✓
- **56 × 656 = 35616** → S=3, C=5, E=6, N=1, W=5, Y=3 → W = C = 5 and Y = S = 3 (**invalid**)
- **86 × 636 = 54696** → S=5, C=4, E=6, N=9, W=8, Y=3 → all distinct ✓

**Step 5: Verify the valid solutions.**

**Solution 1:** W=3, E=6, Y=8, S=2, C=4, N=9
- WE = 36, EYE = 686, SCENE = 24696
- 36 × 686 = 24696 ✓
- All six digits {3, 6, 8, 2, 4, 9} are distinct ✓
- Leading digits nonzero: W=3, E=6, S=2 ✓

**Solution 2:** W=8, E=6, Y=3, S=5, C=4, N=9
- WE = 86, EYE = 636, SCENE = 54696
- 86 × 636 = 54696 ✓
- All six digits {8, 6, 3, 5, 4, 9} are distinct ✓
- Leading digits nonzero: W=8, E=6, S=5 ✓

Both solutions are mathematically valid. The digit **S = 2** (from WE=36, EYE=686, SCENE=24696) or **S = 5** (from WE=86, EYE=636, SCENE=54696).

### PROOF COMPLETE
DEVIN_CLI_EXITED code=0
