Looking at this problem, I need to find the largest $C$ such that any multiset of integers $> 1$ with reciprocal sum $< C$ can be partitioned into at most $n$ groups, each with reciprocal sum $< 1$.

**Answer check:** No leaked answers in the problem statement.

## Solution

**Claim:** $C = \dfrac{n+1}{2}$.

### Upper Bound: $C \leq \frac{n+1}{2}$

Take $n+1$ copies of $2$. The reciprocal sum is $\frac{n+1}{2}$. Since each group can contain at most one copy of $2$ (as $\frac{1}{2}+\frac{1}{2}=1 \not< 1$), partitioning into groups each with sum $< 1$ requires at least $n+1$ groups. For any $C > \frac{n+1}{2}$, this multiset has sum $\frac{n+1}{2} < C$ but cannot be partitioned into $n$ groups. So $C \leq \frac{n+1}{2}$.

### Lower Bound: $C = \frac{n+1}{2}$ suffices

We prove by induction on $n$ that any multiset of integers $\geq 2$ with reciprocal sum $< \frac{n+1}{2}$ can be partitioned into at most $n$ groups, each with reciprocal sum $< 1$.

**Key Lemma:** *Given a multiset of integers $\geq 2$ with total reciprocal sum $\geq \frac{1}{2}$, there exists a subset with reciprocal sum in $[\frac{1}{2}, 1)$.*

*Proof of Lemma:* Sort items in decreasing order of size. Greedily add items to a subset $G$ until $\operatorname{sum}(G) \geq \frac{1}{2}$ (possible since total $\geq \frac{1}{2}$). Before adding the last item, the sum was $< \frac{1}{2}$. The last item has size $\leq \frac{1}{2}$ (since all integers are $\geq 2$). So the new sum satisfies $\frac{1}{2} \leq \operatorname{sum}(G) < \frac{1}{2} + \frac{1}{2} = 1$. $\square$

**Base case ($n=1$):** Sum $< 1$. The entire multiset is one group with sum $< 1$. ✓

**Inductive step:** Assume the result for $n-1$ (where $n \geq 2$). Let $M$ be a multiset with $\operatorname{sum}(M) < \frac{n+1}{2}$.

- **If $\operatorname{sum}(M) < \frac{n}{2}$:** By the inductive hypothesis with $n-1$, $M$ packs into at most $n-1 \leq n$ groups. ✓

- **If $\operatorname{sum}(M) \geq \frac{n}{2}$:** Since $n \geq 2$, we have $\operatorname{sum}(M) \geq 1 > \frac{1}{2}$. By the Lemma, there exists $G \subseteq M$ with $\operatorname{sum}(G) \in [\frac{1}{2}, 1)$. The remainder $M \setminus G$ has sum:
$$\operatorname{sum}(M \setminus G) = \operatorname{sum}(M) - \operatorname{sum}(G) < \frac{n+1}{2} - \frac{1}{2} = \frac{n}{2} = \frac{(n-1)+1}{2}.$$
By the inductive hypothesis, $M \setminus G$ packs into at most $n-1$ groups each with sum $< 1$. Together with $G$ (sum $< 1$), this gives at most $n$ groups. ✓

This completes the induction. $\square$

### Conclusion

The largest $C$ is:

$$\boxed{\dfrac{n+1}{2}}$$

### PROOF COMPLETE
DEVIN_CLI_EXITED code=0
