## 答案泄露自检

我已检查问题文本，未发现泄露的答案、解答、解题思路或形式化说明。继续解题。

## 证明

设 $I$ 为 $\mathbb{Z}$ 的一个非零理想，其包含映射为 $i: I \hookrightarrow \mathbb{Z}$。由于 $\mathbb{Z}$ 是主理想整环（PID），故对于某个 $n \neq 0$，有 $I = n\mathbb{Z}$。（条件 $\mathbb{Q} \otimes I \cong \mathbb{Q}$ 排除了 $I = 0$ 的情况。）

**标准同构。** $\mathbb{Q} \otimes_{\mathbb{Z}} \mathbb{Z}$ 与 $\mathbb{Q}$ 之间的标准同构是乘法映射：
$$\varphi_{\mathbb{Z}}: \mathbb{Q} \otimes_{\mathbb{Z}} \mathbb{Z} \to \mathbb{Q}, \qquad q \otimes m \mapsto qm.$$

同理，$\mathbb{Q} \otimes_{\mathbb{Z}} I$ 与 $\mathbb{Q}$ 之间的标准同构为：
$$\varphi_I: \mathbb{Q} \otimes_{\mathbb{Z}} I \to \mathbb{Q}, \qquad q \otimes a \mapsto qa,$$
其中 $qa$ 为 $\mathbb{Q}$ 中的乘积。这是良定义的，因为 $I \subseteq \mathbb{Z} \subseteq \mathbb{Q}$，且它是一个同构，因为对于任意 $q \in \mathbb{Q}$，我们有 $\varphi_I\!\bigl(\tfrac{q}{n} \otimes n\bigr) = q$（满射），且 $\ker \varphi_I = 0$，因为 $\mathbb{Q}$ 是 $\mathbb{Z}$ 的局部化（平坦 $\mathbb{Z}$-模），使得 $n$ 可逆。

**计算顶部化简映射。** 交换图要求：
$$f \circ \varphi_I = \varphi_{\mathbb{Z}} \circ (1 \otimes i),$$
即 $f = \varphi_{\mathbb{Z}} \circ (1 \otimes i) \circ \varphi_I^{-1}$。

让我们计算 $\varphi_I^{-1}$。对于 $q \in \mathbb{Q}$：
$$\varphi_I^{-1}(q) = \frac{q}{n} \otimes n \in \mathbb{Q} \otimes_{\mathbb{Z}} I,$$
因为 $\varphi_I\!\bigl(\tfrac{q}{n} \otimes n\bigr) = \tfrac{q}{n} \cdot n = q$。

**追踪元素。** 对于任意 $q \in \mathbb{Q}$：
1. $\varphi_I^{-1}(q) = \tfrac{q}{n} \otimes n$。
2. $(1 \otimes i)\!\bigl(\tfrac{q}{n} \otimes n\bigr) = \tfrac{q}{n} \otimes n$，现在视为 $\mathbb{Q} \otimes_{\mathbb{Z}} \mathbb{Z}$ 中的元素（包含映射 $i$ 将 $n \in I$ 映射到 $n \in \mathbb{Z}$）。
3. $\varphi_{\mathbb{Z}}\!\bigl(\tfrac{q}{n} \otimes n\bigr) = \tfrac{q}{n} \cdot n = q$。

因此：
$$f(q) = q \quad \text{对于所有 } q \in \mathbb{Q}.$$

**结论。** 使得该图交换的映射为：
$$\boxed{f = \mathrm{id}_{\mathbb{Q}}, \qquad f(q) = q \text{ 对于所有 } q \in \mathbb{Q}.}$$

**概念解释。** $\mathbb{Q}$ 是 $\mathbb{Z}$ 在 $S = \mathbb{Z}\setminus\{0\}$ 处的局部化，因此它是一个平坦 $\mathbb{Z}$-模，其中每个非零整数都变为可逆。包含映射 $i: n\mathbb{Z} \hookrightarrow \mathbb{Z}$ 在与 $\mathbb{Q}$ 做张量积后成为同构（因为 $n$ 在 $\mathbb{Q}$ 中变为单位），且在标准的乘法同构下，该同构恰好是 $\mathbb{Q}$ 上的恒等映射。

### PROOF COMPLETE
DEVIN_CLI_EXITED code=0
