Looking at this problem, I need to find α such that after 5 adjustments, the triangle becomes isosceles again, with 10α being an integer.

## Setting Up the Angle Framework

Let me place P at the origin with the angle at P being α. Let β and γ be the angles at M and N respectively, so β + γ = π - α.

**Key Geometric Insight:** When a Type-M adjustment is performed, M moves along ray PM by distance d = MN. The triangle M_i N_j M_{i+1} is isosceles (M_iN_j = M_iM_{i+1}), with angle π - β at M_i. So the base angles at N_j and M_{i+1} are each β/2. Since P, M_i, M_{i+1} are collinear, the angle at M_{i+1} in the new triangle PM_{i+1}N_j equals β/2.

This gives the elegant recurrence:
- **Type-M:** β → β/2, γ → γ + β/2
- **Type-N:** γ → γ/2, β → β + γ/2

## Binary Encoding

Setting t = β/(π−α) (so γ/(π−α) = 1−t), initially t₀ = 1/2 (isosceles). The operations become:
- **Type-M:** t → t/2 (prepend bit 0)
- **Type-N:** t → (1+t)/2 (prepend bit 1)

Starting from t₀ = 0.1₂, after 5 operations: **t₅ = N/64** where N is odd, 1 ≤ N ≤ 63.

## Isosceles Conditions

The final triangle M_kN_{5-k}P is isosceles when two sides are equal:

1. **m = n** (equal legs): requires t = 1/2 = 32/64, but 32 is **even** — impossible with 5 operations (odd count).

2. **d = m** (MN = PM): requires n/m = 2cos α. By sine rule, n/m = sin β/sin γ. Setting θ = π−α and solving sin(θt)/sin(θ(1−t)) = −2cos θ, I use the product-to-sum identity:

   2cos θ sin(θ(1−t)) = sin(θ(2−t)) − sin(θt)

   This yields **sin(θ(2−t)) = 0**, so θ(2−t) = nπ, giving t = (π−2α)/(π−α) (valid for α < 90°).

3. **d = n** (MN = PN): by symmetry, t = α/(π−α) = 1 − (π−2α)/(π−α).

Since conditions 2 and 3 are complementary (t and 1−t), I need:

$$\frac{\pi - 2\alpha}{\pi - \alpha} = \frac{N}{64} \quad \text{for some odd } N \in \{1,3,\ldots,63\}$$

## Solving for α

Substituting M = 64 − N (odd, 1 ≤ M ≤ 63):

$$\alpha = \frac{180(64-N)}{128-N} = \frac{180M}{64+M} \text{ degrees}$$

$$10\alpha = \frac{1800M}{64+M} = 1800 - \frac{115200}{64+M}$$

For 10α to be an integer, (64+M) must divide 115200. Factoring: **115200 = 2⁹ × 3² × 5²**.

Since M is odd and 64 is even, 64+M is **odd**, ranging from 65 to 127. The odd divisors of 115200 are: {1, 3, 5, 9, 15, 25, 45, 75, 225}.

The only odd divisor in [65, 127] is **75**.

So 64 + M = 75 → M = 11, N = 53 (both odd ✓), and:

$$10\alpha = 1800 - \frac{115200}{75} = 1800 - 1536 = \boxed{264}$$

## Verification

With α = 26.4°: θ = 153.6°, t = 53/64, giving β = 127.2°, γ = 26.4° = α.

The final triangle has angles P = 26.4°, M = 127.2°, N = 26.4°. Since ∠P = ∠N, the sides opposite them are equal: **MN = PM** (d = m). ✓

The corresponding sequence is M, N, M, N, N (k = 2 Type-M, 3 Type-N), which produces t₅ = 0.110101₂ = 53/64. ✓

### PROOF COMPLETE
DEVIN_CLI_EXITED code=0
