Looking at this problem, I need to find the probability that the product of two distinct locker codes is a multiple of $10{,}000{,}000 = 10^7 = 2^7 \cdot 5^7$.

## Setup

Each locker has code $C = 2^m \cdot 5^n$ with $m, n \in \{0,1,2,3,4,5\}$, giving $6 \times 6 = 36$ lockers. Two distinct lockers $(m_1, n_1)$ and $(m_2, n_2)$ are chosen. Their product is $2^{m_1+m_2} \cdot 5^{n_1+n_2}$, which is a multiple of $10^7$ iff:
- $m_1 + m_2 \geq 7$ **and** $n_1 + n_2 \geq 7$.

Total unordered pairs: $\binom{36}{2} = 630$.

## Counting via Inclusion-Exclusion

Let $A$ = pairs with $m_1+m_2 \geq 7$, $B$ = pairs with $n_1+n_2 \geq 7$. We want $|A \cap B|$.

$$|A \cap B| = 630 - |A^c| - |B^c| + |A^c \cap B^c|$$

By symmetry ($m$ and $n$ have identical ranges), $|A^c| = |B^c|$.

### Counting $|A^c|$ (pairs with $m_1 + m_2 \leq 6$)

I count ordered pairs $(m_1, m_2) \in \{0,...,5\}^2$ with $m_1 + m_2 \leq 6$:
- $m_1=0$: 6 values; $m_1=1$: 6; $m_1=2$: 5; $m_1=3$: 4; $m_1=4$: 3; $m_1=5$: 2 → **26 ordered pairs**.

Of these, $m_1 = m_2$ occurs for $m_1 \in \{0,1,2,3\}$ → **4 diagonal pairs**, and **22 off-diagonal pairs**.

For each ordered $(m_1, m_2)$ pair, the number of ordered locker pairs is:
- Diagonal ($m_1=m_2$): $6 \times 5 = 30$ (distinct $n$-values)
- Off-diagonal: $6 \times 6 = 36$ (any $n$-values)

Ordered locker pairs in $A^c$: $4 \times 30 + 22 \times 36 = 120 + 792 = 912$.
Unordered: $|A^c| = 912/2 = \mathbf{456}$.

### Counting $|A^c \cap B^c|$ (pairs with $m_1+m_2 \leq 6$ **and** $n_1+n_2 \leq 6$)

Ordered pairs of (possibly identical) points satisfying both: $26 \times 26 = 676$.

Subtract cases where both points coincide ($m_1=m_2$ and $n_1=n_2$): need $2m_1 \leq 6$ and $2n_1 \leq 6$, so $m_1, n_1 \in \{0,1,2,3\}$ → $4 \times 4 = 16$.

Ordered pairs of **distinct** points: $676 - 16 = 660$.
Unordered: $|A^c \cap B^c| = 660/2 = \mathbf{330}$.

### Final count

$$|A \cap B| = 630 - 456 - 456 + 330 = \mathbf{48}$$

## Verification (direct count)

Ordered $(m_1, m_2)$ with $m_1+m_2 \geq 7$: $36 - 26 = 10$. Same for $n$: 10.
Ordered distinct points with both conditions: $10 \times 10 - (2 \times 2) = 100 - 4 = 96$ (the 4 same-point cases have $m_1=m_2 \in \{4,5\}$, $n_1=n_2 \in \{4,5\}$).
Unordered: $96/2 = 48$. ✓ **Confirmed.**

## Result

$$\text{Probability} = \frac{48}{630} = \frac{8}{105}, \quad \gcd(8, 105) = 1$$

$$a + b = 8 + 105 = \boxed{113}$$

### PROOF COMPLETE
DEVIN_CLI_EXITED code=0
