Looking at this problem, I need to analyze a Swiss-system tournament with $2^n + 6$ athletes.

## Setting Up the Recurrence

Let $a_k(j)$ = number of athletes with $j$ points after round $k$. Initially $a_0(0) = 2^n+6$.

In each round, athletes at each point level $j$ are paired. If $a_{k-1}(j)$ is even, all play; if odd, one skips (a "bye"). Each match produces one winner (moves to $j+1$) and one loser (stays at $j$). The bye stays at $j$.

This gives the recurrence:
$$a_k(j) = \left\lceil \frac{a_{k-1}(j)}{2} \right\rceil + \left\lfloor \frac{a_{k-1}(j-1)}{2} \right\rfloor$$

## Decomposing into Ideal + Deviation

**Ideal case ($2^n$ players):** Since $2^n$ is a power of 2, every level always has an even count (no byes ever occur). The distribution after round $k$ is exactly:
$$c_k(j) = \binom{k}{j} \cdot 2^{n-k}$$

**Deviation:** Write $a_k(j) = c_k(j) + b_k(j)$, where $b_0(0) = 6$ and $b_0(j)=0$ for $j>0$.

**Key independence:** Since $n \geq 8$ and $k \leq 7$, we have $n - k + 1 \geq 2$, so $c_{k-1}(j) = \binom{k-1}{j} \cdot 2^{n-k+1}$ is **always even**. Therefore:
$$\left\lceil \frac{c_{k-1}(j) + b_{k-1}(j)}{2} \right\rceil = \frac{c_{k-1}(j)}{2} + \left\lceil \frac{b_{k-1}(j)}{2} \right\rceil, \quad \left\lfloor \frac{c_{k-1}(j-1) + b_{k-1}(j-1)}{2} \right\rfloor = \frac{c_{k-1}(j-1)}{2} + \left\lfloor \frac{b_{k-1}(j-1)}{2} \right\rfloor$$

This yields:
$$b_k(j) = \left\lceil \frac{b_{k-1}(j)}{2} \right\rceil + \left\lfloor \frac{b_{k-1}(j-1)}{2} \right\rfloor$$

The 6 extra players evolve as their **own independent mini Swiss tournament** with the same recurrence, starting from 6 players at 0 points.

## Tracing the 6-Player Mini-Tournament Through 7 Rounds

| Round | $j=0$ | $j=1$ | $j=2$ | $j=3$ | $j=4$ | $j=5$ | $j=6$ | $j=7$ | Sum |
|-------|-------|-------|-------|-------|-------|-------|-------|-------|-----|
| 0 | 6 | | | | | | | | 6 |
| 1 | 3 | 3 | | | | | | | 6 |
| 2 | 2 | 3 | 1 | | | | | | 6 |
| 3 | 1 | 3 | 2 | 0 | | | | | 6 |
| 4 | 1 | 2 | 2 | 1 | 0 | | | | 6 |
| 5 | 1 | 1 | 2 | 2 | 0 | 0 | | | 6 |
| 6 | 1 | 1 | 1 | 2 | 1 | 0 | 0 | | 6 |
| 7 | 1 | 1 | 1 | 1 | **2** | 0 | 0 | 0 | 6 |

Each row sums to 6, confirming conservation. After round 7: $b_7(4) = 2$.

## Final Answer

The number of athletes with 4 points after the seventh round is:

$$a_7(4) = \binom{7}{4} \cdot 2^{n-7} + b_7(4) = 35 \cdot 2^{n-7} + 2$$

**The answer is $35 \cdot 2^{n-7} + 2$.**

### PROOF COMPLETE
DEVIN_CLI_EXITED code=0
