**Answer Leak Self-Check:** The problem statement contains no leaked solutions, answer values, or proof sketches. Proceeding to solve.

---

## Proof

Define the cumulative function
$$F(t) := \int_0^t f(x)\,dx, \qquad 0 \le t \le 1.$$

Since $f \in L^1([0,1])$, the function $F$ is absolutely continuous on $[0,1]$.

**Step 1. $F$ is identically zero.**

By hypothesis, for every $0 \le a \le b \le 1$,
$$\int_a^b f(x)\,dx = 0.$$
Taking $a = 0$ and $b = t$ gives
$$F(t) = \int_0^t f(x)\,dx = 0 \qquad \text{for every } t \in [0,1].$$
Thus $F \equiv 0$ on $[0,1]$.

**Step 2. $f = 0$ almost everywhere.**

By the **Lebesgue differentiation theorem** (equivalently, the fundamental theorem of calculus for the Lebesgue integral), an absolutely continuous function $F$ satisfies
$$F'(t) = f(t) \qquad \text{for almost every } t \in [0,1].$$
Since $F \equiv 0$, we have $F'(t) = 0$ for every $t$, and therefore
$$f(t) = 0 \qquad \text{for almost every } t \in [0,1].$$

**Step 3. The integral over any measurable set vanishes.**

Let $A \subseteq [0,1]$ be measurable. Since $f = 0$ a.e., the restriction $f \cdot \mathbf{1}_A = 0$ a.e. as well. As $f$ is integrable and $\mathbf{1}_A$ is bounded and measurable, the product $f \cdot \mathbf{1}_A$ is integrable, and a function that is zero almost everywhere has integral zero:
$$\int_A f(x)\,dx = \int_{[0,1]} f(x)\,\mathbf{1}_A(x)\,dx = \int_{[0,1]} 0\,dx = 0.$$

This holds for every measurable subset $A$ of $[0,1]$, completing the proof. $\blacksquare$

### PROOF COMPLETE
DEVIN_CLI_EXITED code=0
