```xml
<audit>
  <analysis_result_key>2269621</analysis_result_key>
  <problem_id>deepmath_103k_00008973</problem_id>
  <audit_status>PASS_SELECTABLE</audit_status>
  <check_results>
    <A1>PASS: dimension1_verdict is DIRECTION_ERROR, a valid value.</A1>
    <A2>PASS: dimension1_explanation is non-empty and well over 50 characters.</A2>
    <A3>PASS: dimension2_turning_point_type is "other", a valid value, and d1 is DIRECTION_ERROR so a value is required.</A3>
    <A4>PASS: dimension2_explanation is non-empty and well over 50 characters.</A4>
    <A5>PASS: ai_direction_summary is non-empty and describes the AI's actual direction.</A5>
    <A6>PASS: standard_solution_key_technique is non-empty and describes a specific technique.</A6>
    <B1>PASS: No XML tag leaks found in either explanation.</B1>
    <B2>PASS: No template placeholder leaks found in either explanation.</B2>
    <B3>PASS: Both explanations are well over 50 characters.</B3>
    <C1>PASS: d1=DIRECTION_ERROR and d2 has a value ("other"), consistent with the rule.</C1>
    <C2>PASS: d1_exp describes the AI going in a completely wrong direction (algebraic geometry instead of IFT), matching the DIRECTION_ERROR label.</C2>
    <C3>PASS: d2_exp describes the Implicit Function Theorem technique and explicitly notes none of the number-theoretic categories apply, matching the "other" label.</C3>
    <D1>PASS: d1_exp is over 100 characters and contains action verbs ("addresses", "engaged", "fixated").</D1>
    <D2>PASS: d2_exp is over 100 characters and contains mathematical terms (Implicit Function Theorem, partial derivatives, power series).</D2>
    <D3>PASS: ai_direction_summary describes the specific direction the AI took (algebraic geometry / log Fano analysis), not just "the AI failed".</D3>
    <D4>PASS: standard_solution_key_technique describes the specific IFT technique with the concrete function F(x,y) and computation, not a generic statement.</D4>
    <E1>UNKNOWN — check via script</E1>
  </check_results>
  <issues_found>none</issues_found>
</audit>
```

### AUDIT COMPLETE
DEVIN_CLI_EXITED code=0
```xml
<audit>
  <analysis_result_key>2269621</analysis_result_key>
  <problem_id>deepmath_103k_00008973</problem_id>
  <audit_status>PASS_SELECTABLE</audit_status>
  <check_results>
    <A1>PASS: dimension1_verdict is DIRECTION_ERROR, which is a valid value.</A1>
    <A2>PASS: dimension1_explanation is non-empty and well over 50 characters.</A2>
    <A3>PASS: dimension2_turning_point_type is "other", which is a valid value in the allowed list.</A3>
    <A4>PASS: dimension2_explanation is non-empty and well over 50 characters.</A4>
    <A5>PASS: ai_direction_summary is non-empty and describes the AI's actual direction.</A5>
    <A6>PASS: standard_solution_key_technique is non-empty and describes a specific technique.</A6>
    <B1>PASS: No XML tag leaks found in either explanation.</B1>
    <B2>PASS: No template placeholder leaks found in either explanation.</B2>
    <B3>PASS: Both explanations are well over 50 characters.</B3>
    <C1>PASS: d1=DIRECTION_ERROR and d2 has a value ("other"), consistent with the rule.</C1>
    <C2>PASS: d1_exp describes the AI addressing a completely different problem (algebraic geometry instead of the IFT problem), which matches the DIRECTION_ERROR label.</C2>
    <C3>PASS: d2_exp describes the Implicit Function Theorem technique and explicitly states none of the number-theoretic categories apply, which is consistent with d2="other".</C3>
    <D1>PASS: d1_exp is over 100 characters and contains action verbs "addresses", "engaged", "received", "fixated".</D1>
    <D2>PASS: d2_exp is over 100 characters and contains mathematical terms (Implicit Function Theorem, F(x,y), partial derivatives, power series).</D2>
    <D3>PASS: ai_direction_summary describes the specific direction the AI took (algebraic geometry / log Fano varieties), not just "the AI failed".</D3>
    <D4>PASS: standard_solution_key_technique describes the specific IFT technique applied to F(x,y) at (0,1), not a generic "clever method".</D4>
    <E1>UNKNOWN — check via script</E1>
  </check_results>
  <issues_found>none</issues_found>
</audit>
```

### AUDIT COMPLETE
DEVIN_CLI_EXITED code=0
