Error: Agent error: Permission denied: Permission denied: Reached overall message rate limit. Please try again later. Your limit will reset in 10 minutes. (trace ID: 1e6f08c3876d8bc43d45ca2295fb77ad): {
  "cognition.ai/errorKind": "internal",
  "cognition.ai/retryable": true
}
DEVIN_CLI_EXITED code=1
Error: Agent error: Permission denied: Permission denied: Reached overall message rate limit. Please try again later. Your limit will reset in 16 minutes. (trace ID: de91d7de9563448d8d98ec2dd1d5a4e7): {
  "cognition.ai/errorKind": "internal",
  "cognition.ai/retryable": true
}
DEVIN_CLI_EXITED code=1
Error: Agent error: Your daily usage quota has been exhausted. Visit https://app.devin.ai/settings/usage to purchase on-demand usage or turn on auto-reload. (trace ID: 76f40153570ec4172958e1ef59eefd1e): {
  "cognition.ai/errorKind": "resource_exhausted",
  "cognition.ai/retryable": true
}
DEVIN_CLI_EXITED code=1
```xml
<audit>
  <analysis_result_key>2272171</analysis_result_key>
  <problem_id>polymath_00161</problem_id>
  <audit_status>FAIL_CONTENT_CORRUPT</audit_status>
  <check_results>
    <A1>PASS: dimension1_verdict is PARTIAL_PROGRESS, a valid enum value.</A1>
    <A2>PASS: dimension1_explanation is non-empty and well over 50 characters.</A2>
    <A3>PASS: dimension2_turning_point_type is "other", a valid value, and d1=PARTIAL_PROGRESS requires it.</A3>
    <A4>PASS: dimension2_explanation is non-empty and well over 50 characters.</A4>
    <A5>PASS: ai_direction_summary is non-empty and describes the AI's actual direction.</A5>
    <A6>PASS: standard_solution_key_technique is non-empty and describes a specific technique.</A6>
    <B1>FAIL: dimension2_explanation contains XML tag leaks — the string "</dimension2_turning_point_type>" is embedded at the end of the first rendering and "<dimension2_explanation>" appears as a stray opening tag, indicating malformed/corrupted XML serialization.</B1>
    <B2>PASS: no template placeholder leaks such as "1-3 sentences" or "ONE_OF:" found in either explanation.</B2>
    <B3>PASS: both dimension1_explanation and dimension2_explanation are well over 50 characters.</B3>
    <C1>PASS: d1=PARTIAL_PROGRESS and d2 has a non-empty value, satisfying the logical consistency requirement.</C1>
    <C2>PASS: dimension1_explanation describes partial progress (valid DP setup but missed the key combinatorial insight and spiraled into brute force), consistent with the PARTIAL_PROGRESS verdict.</C2>
    <C3>PASS: dimension2_turning_point_type is "other" and dimension2_explanation describes a WLOG + counting + adversarial-construction technique that is not modular arithmetic or finite-field based, semantically matching "other".</C3>
    <D1>PASS: dimension1_explanation is over 100 characters and contains action verb "missed" (also "spiraled").</D1>
    <D2>PASS: dimension2_explanation is over 100 characters and contains mathematical terms such as "combinatorial counting argument", "floor(B/2)", and "WLOG".</D2>
    <D3>PASS: ai_direction_summary concretely describes the AI's actual direction (minimax DP formulation + brute-force enumeration of n=1..7 and pattern-fitting), not just "the AI failed".</D3>
    <D4>PASS: standard_solution_key_technique describes the specific technique (WLOG majority-color counting argument + explicit pair-based adversarial construction for tightness at 507), not a generic placeholder.</D4>
    <E1>UNKNOWN — check via script</E1>
  </check_results>
  <issues_found>XML tag leak in dimension2_explanation: stray "</dimension2_turning_point_type>" closing tag and "<dimension2_explanation>" opening tag embedded in the field content, indicating corrupted XML serialization of the analysis result.</issues_found>
</audit>
```
### AUDIT COMPLETE
DEVIN_CLI_EXITED code=0
