Looking at this problem, I need to compute $\int_{S^{n-1}} \frac{d\sigma(y)}{|x-y|^n}$ for $x$ in the open unit ball $B \subset \mathbb{R}^n$.

**Answer leak check:** The problem contains no leaked answers or solution sketches. Proceeding.

Let me work through this using potential theory — specifically Green's representation formula and the shell theorem.

---

## Proof

Let $\omega_n = |S^{n-1}| = \frac{2\pi^{n/2}}{\Gamma(n/2)}$. We prove that for all $x \in B$ and all $n \geq 2$:

$$\int_{S^{n-1}} \frac{d\sigma(y)}{|x-y|^n} = \frac{\omega_n}{1 - |x|^2}.$$

The case $n=1$ is verified directly at the end.

### Step 1: An algebraic identity

For $|y| = 1$, we have $|x-y|^2 = |x|^2 + 1 - 2x \cdot y$, so $x \cdot y = \frac{|x|^2 + 1 - |x-y|^2}{2}$. Therefore:

$$1 - x \cdot y = \frac{1 - |x|^2 + |x-y|^2}{2}.$$

Dividing both sides by $|x-y|^n$:

$$\frac{1 - x \cdot y}{|x-y|^n} = \frac{1 - |x|^2}{2\,|x-y|^n} + \frac{1}{2\,|x-y|^{n-2}}.$$

Rearranging:

$$\frac{1 - |x|^2}{|x-y|^n} = 2\,\frac{1 - x \cdot y}{|x-y|^n} - \frac{1}{|x-y|^{n-2}}. \tag{$\star$}$$

### Step 2: Evaluating $\int_{S^{n-1}} \frac{1 - x \cdot y}{|x-y|^n}\,d\sigma(y)$ via Green's representation

Let $\Phi$ be the fundamental solution of Laplace's equation in $\mathbb{R}^n$:
- For $n \geq 3$: $\Phi(z) = \frac{1}{(n-2)\,\omega_n}\,|z|^{2-n}$.
- For $n = 2$: $\Phi(z) = -\frac{1}{2\pi}\log|z|$.

In both cases, $\Delta \Phi = -\delta_0$ and one computes the outward normal derivative on $S^{n-1}$ (with $\nu = y$):

$$\frac{\partial \Phi}{\partial \nu_y}(x - y) = -\frac{1}{\omega_n}\,\frac{1 - x \cdot y}{|x-y|^n}.$$

**Verification:** For $n \geq 3$, $\nabla_z \Phi(z) = -\frac{1}{\omega_n}\frac{z}{|z|^n}$, so $\nabla_y \Phi(x-y) = \frac{1}{\omega_n}\frac{x-y}{|x-y|^n}$, and $\frac{\partial \Phi}{\partial \nu_y} = \frac{(x-y)\cdot y}{\omega_n |x-y|^n} = \frac{x\cdot y - 1}{\omega_n |x-y|^n}$. The case $n=2$ gives the same formula.

Now apply **Green's representation formula** to the harmonic function $u \equiv 1$ in $B$:

$$u(x) = \int_{S^{n-1}} \left[\Phi(x-y)\,\frac{\partial u}{\partial \nu}(y) - u(y)\,\frac{\partial \Phi}{\partial \nu_y}(x-y)\right] d\sigma(y), \quad x \in B.$$

Since $u \equiv 1$, we have $\frac{\partial u}{\partial \nu} = 0$, so:

$$1 = -\int_{S^{n-1}} \frac{\partial \Phi}{\partial \nu_y}(x-y)\,d\sigma(y) = \frac{1}{\omega_n}\int_{S^{n-1}} \frac{1 - x \cdot y}{|x-y|^n}\,d\sigma(y).$$

Therefore:

$$\boxed{\int_{S^{n-1}} \frac{1 - x \cdot y}{|x-y|^n}\,d\sigma(y) = \omega_n.} \tag{A}$$

### Step 3: Evaluating $\int_{S^{n-1}} \frac{d\sigma(y)}{|x-y|^{n-2}}$ via the shell theorem

Define $v(x) = \int_{S^{n-1}} \frac{d\sigma(y)}{|x-y|^{n-2}}$ for $x \in B$.

- **For $n = 2$:** $|x-y|^{n-2} = |x-y|^0 = 1$, so $v(x) = \int_{S^1} d\sigma = \omega_2 = 2\pi$ trivially.

- **For $n \geq 3$:** The kernel $|x-y|^{2-n}$ is harmonic in $x$ for $x \neq y$. Since $x \in B$ and $y \in S^{n-1}$, we have $x \neq y$, so $v$ is harmonic in $B$. By rotational symmetry of the sphere and the measure, $v(x) = g(|x|)$ for some function $g$. A radial harmonic function satisfies $g''(r) + \frac{n-1}{r}\,g'(r) = 0$, whose general solution is $g(r) = A + B\,r^{2-n}$. Since $v$ is bounded at $r = 0$ (the integral is finite at $x = 0$), we must have $B = 0$, so $g$ is constant. Evaluating at $x = 0$: $v(0) = \int_{S^{n-1}} \frac{d\sigma(y)}{|y|^{n-2}} = \int_{S^{n-1}} d\sigma(y) = \omega_n$ (since $|y| = 1$ on $S^{n-1}$).

In all cases:

$$\boxed{\int_{S^{n-1}} \frac{d\sigma(y)}{|x-y|^{n-2}} = \omega_n.} \tag{B}$$

### Step 4: Combining

Integrate identity $(\star)$ over $S^{n-1}$:

$$(1 - |x|^2)\int_{S^{n-1}} \frac{d\sigma(y)}{|x-y|^n} = 2\int_{S^{n-1}} \frac{1 - x \cdot y}{|x-y|^n}\,d\sigma(y) - \int_{S^{n-1}} \frac{d\sigma(y)}{|x-y|^{n-2}}.$$

Applying (A) and (B):

$$(1 - |x|^2)\int_{S^{n-1}} \frac{d\sigma(y)}{|x-y|^n} = 2\,\omega_n - \omega_n = \omega_n.$$

Since $x \in B$ implies $|x| < 1$, we can divide by $1 - |x|^2$:

$$\int_{S^{n-1}} \frac{d\sigma(y)}{|x-y|^n} = \frac{\omega_n}{1 - |x|^2} = \frac{|S^{n-1}|}{1 - |x|^2}.$$

### Verification for $n = 1$

$S^0 = \{-1, +1\}$ and $|S^0| = 2$. For $x \in (-1,1)$:

$$\int_{S^0} \frac{d\sigma(y)}{|x-y|^1} = \frac{1}{|x-1|} + \frac{1}{|x+1|} = \frac{1}{1-x} + \frac{1}{1+x} = \frac{2}{1-x^2} = \frac{|S^0|}{1-|x|^2}. \quad \checkmark$$

### Conclusion

For all $n \geq 1$ and all $x$ in the open unit ball $B \subset \mathbb{R}^n$:

$$\int_{S^{n-1}} \frac{d\sigma(y)}{|x-y|^n} = \frac{|S^{n-1}|}{1 - |x|^2} = \frac{2\pi^{n/2}}{\Gamma(n/2)\,(1 - |x|^2)}.$$

### PROOF COMPLETE
DEVIN_CLI_EXITED code=0
