这是 IMO 1989 Problem 6。让我先思考一下，然后用计算验证。

**题目**：$\{1,2,\ldots,2n\}$ 的排列 $\{x_1,\ldots,x_{2n}\}$ 具有 property $T$，若存在 $i$ 使 $|x_i - x_{i+1}| = n$。证明：对每个 $n$，有 property $T$ 的排列比没有的多。

**思路**：差为 $n$ 的数对恰好是 $\{k, k+n\}$，$k=1,\ldots,n$，共 $n$ 对。property $T$ 等价于至少有一对"互补对"在排列中相邻。用容斥原理。

让我先计算验证小情形，再写完整证明。计算验证通过。现在验证证明的关键步骤：所有验证通过。现在写完整证明。

---

## 证明

**记号。** 对 $k = 1, 2, \ldots, n$，称 $\{k, k+n\}$ 为一个**互补对**（因为 $|(k+n) - k| = n$）。注意差为 $n$ 的数对恰好是这 $n$ 对。设 $A_k$ 为排列中互补对 $\{k, k+n\}$ 相邻（两种顺序均可）的排列集合。则 property $T$ 的排列集合为

$$\mathcal{T} = A_1 \cup A_2 \cup \cdots \cup A_n.$$

**第一步：容斥。** 若 $j$ 个互补对各自相邻，将每个对视为一个"块"（每块有 2 种内部顺序），则 $2n$ 个元素化为 $2n - j$ 个对象，故

$$|A_{k_1} \cap \cdots \cap A_{k_j}| = 2^j \cdot (2n - j)!.$$

由容斥原理：

$$|\mathcal{T}| = \sum_{j=1}^{n} (-1)^{j+1} \binom{n}{j} 2^j (2n - j)!.$$

**第二步：归一化。** 记 $(2n)_j = (2n)(2n-1)\cdots(2n-j+1)$ 为下降阶乘。令

$$a_j = \binom{n}{j} \frac{2^j}{(2n)_j}, \qquad j = 1, \ldots, n.$$

则 $|\mathcal{T}| = (2n)! \sum_{j=1}^{n} (-1)^{j+1} a_j$。我们需证 $\sum_{j=1}^{n} (-1)^{j+1} a_j > \dfrac{1}{2}$。

**第三步：$a_j$ 严格递减。** 对 $1 \leq j \leq n-1$，

$$\frac{a_{j+1}}{a_j} = \frac{n - j}{j + 1} \cdot \frac{2}{2n - j} = \frac{2(n-j)}{(j+1)(2n-j)}.$$

此比值 $< 1$ 当且仅当 $2(n-j) < (j+1)(2n-j)$，即 $0 < j(2n - j + 1)$，对 $1 \leq j \leq n-1$ 显然成立（因 $2n - j + 1 \geq n + 2 > 0$）。故

$$a_1 > a_2 > \cdots > a_n > 0.$$

**第四步：交错级数下界。** 对各项严格递减的有限交错和 $\sum_{j=1}^{n} (-1)^{j+1} a_j$，将其按相邻两项配对：

- 若 $n$ 为偶数：$\sum = (a_1 - a_2) + (a_3 - a_4) + \cdots + (a_{n-1} - a_n) \geq a_1 - a_2$，因每括号 $\geq 0$。
- 若 $n$ 为奇数：$\sum = (a_1 - a_2) + (a_3 - a_4) + \cdots + (a_{n-2} - a_{n-1}) + a_n \geq a_1 - a_2$，因每括号 $\geq 0$ 且 $a_n > 0$。

故 $\sum_{j=1}^{n} (-1)^{j+1} a_j \geq a_1 - a_2$。

**第五步：计算 $a_1 - a_2$。**

$$a_1 = \frac{n \cdot 2}{2n} = 1, \qquad a_2 = \binom{n}{2} \frac{4}{(2n)(2n-1)} = \frac{n(n-1)}{2} \cdot \frac{4}{2n(2n-1)} = \frac{n-1}{2n-1}.$$

$$a_1 - a_2 = 1 - \frac{n-1}{2n-1} = \frac{n}{2n-1}.$$

**第六步：结论。** 对一切 $n \geq 1$，

$$\frac{n}{2n-1} > \frac{1}{2} \quad \Longleftrightarrow \quad 2n > 2n - 1,$$

恒成立。因此

$$|\mathcal{T}| = (2n)! \sum_{j=1}^{n} (-1)^{j+1} a_j \geq (2n)! \cdot \frac{n}{2n-1} > \frac{(2n)!}{2}.$$

即有 property $T$ 的排列数严格超过总排列数的一半，从而多于无 property $T$ 的排列数。$\blacksquare$

**证毕。**

---

**证明要点回顾**：
1. property $T$ $\Leftrightarrow$ 至少一个互补对 $\{k,k+n\}$ 相邻，用容斥原理计数。
2. 容斥各项归一化为 $a_j = \binom{n}{j}\frac{2^j}{(2n)_j}$，证明 $a_j$ 严格递减。
3. 交错级数配对求和，下界 $a_1 - a_2 = \frac{n}{2n-1} > \frac{1}{2}$（对一切 $n$ 成立）。
4. 故 $|\mathcal{T}| > (2n)!/2$。
