I'll solve this problem directly using coordinate geometry.

## Proof

**Setup.** Let $(O_1)$ be the unit circle centered at the origin. By a rotation we may place $A=(\cos\theta,\sin\theta)$ and $B=(\cos\theta,-\sin\theta)$, symmetric about the $x$-axis (with $\sin\theta\neq 0$ and $\cos\theta\neq 0$).

**The point $O$.** The tangent to the unit circle at $(\cos\theta,\pm\sin\theta)$ is $x\cos\theta \pm y\sin\theta = 1$. Intersecting gives $y=0$ and $x = \sec\theta$, so
$$O = (\sec\theta,\, 0).$$

**The circle $(O_2)$.** Since $(O_2)$ passes through $A$ and $B$, which are symmetric about the $x$-axis, its center lies on the $x$-axis: $(h,0)$ for some $h$. Its radius satisfies $R^2 = (\cos\theta-h)^2+\sin^2\theta = 1-2h\cos\theta+h^2$.

**The point $I$.** Let $I=(\cos\varphi,\sin\varphi)$ on $(O_1)$, outside $(O_2)$.

**Finding $C$.** Parametrize line $IA$ by $P(t) = I + t(A-I)$, so $P(1)=A$. Substituting into $(x-h)^2+y^2=R^2$ yields a quadratic in $t$ with $t=1$ as one root. The other root is
$$t_C = \frac{h(\cos\theta-\cos\varphi)}{1-\cos(\theta-\varphi)}.$$
Hence $C = I + t_C(A-I)$.

**Finding $D$.** Parametrize line $IB$ by $Q(s) = I + s(B-I)$, so $Q(1)=B$. Substituting into $(O_2)$ gives a quadratic with $s=1$ as one root; the other is
$$s_D = \frac{h(\cos\theta-\cos\varphi)}{1-\cos(\theta+\varphi)}.$$
Hence $D = I + s_D(B-I)$.

**The midpoint $M$.** Writing $p = \cos\theta-\cos\varphi$, $A_1 = 1-\cos(\theta-\varphi)$, $A_2 = 1-\cos(\theta+\varphi)$:
$$M - I = \frac{1}{2}\bigl[(t_C+s_D)(A-I) + t_C\cdot 0 \bigr] + \frac{1}{2}\bigl[\,\cdots\,\bigr].$$
Concretely,
$$M_x - \cos\varphi = \tfrac{1}{2}(t_C+s_D)\,p, \qquad M_y - \sin\varphi = \tfrac{1}{2}\bigl[t_C(\sin\theta-\sin\varphi) - s_D(\sin\theta+\sin\varphi)\bigr].$$

**Key computations.** Using $t_C = hp/A_1$, $s_D = hp/A_2$:
$$t_C + s_D = \frac{hp(A_1+A_2)}{A_1 A_2} = \frac{2hp(1-\cos\theta\cos\varphi)}{A_1 A_2},$$
since $A_1+A_2 = 2-2\cos\theta\cos\varphi$.

For the $y$-numerator $N_y = t_C(\sin\theta-\sin\varphi)-s_D(\sin\theta+\sin\varphi)$:
$$N_y = \frac{hp}{A_1 A_2}\Big[(\sin\theta-\sin\varphi)A_2 - (\sin\theta+\sin\varphi)A_1\Big].$$
Expanding the bracket:
$$(\sin\theta+\sin\varphi)\cos(\theta-\varphi) - (\sin\theta-\sin\varphi)\cos(\theta+\varphi) = 2\sin\varphi(\sin^2\theta+\cos\theta\cos\varphi),$$
so the bracket equals $-2\sin\varphi + 2\sin\varphi(\sin^2\theta+\cos\theta\cos\varphi) = 2\sin\varphi\cos\theta(\cos\varphi-\cos\theta) = -2\sin\varphi\cos\theta\cdot p$. Therefore
$$N_y = \frac{-2h\,p^2\sin\varphi\cos\theta}{A_1 A_2}, \qquad M_y - \sin\varphi = \frac{-h\,p^2\sin\varphi\cos\theta}{A_1 A_2}.$$
Likewise
$$M_x - \cos\varphi = \frac{h\,p^2(1-\cos\theta\cos\varphi)}{A_1 A_2}.$$

**Collinearity check.** The direction $O - I = (\sec\theta - \cos\varphi,\, -\sin\varphi) = \left(\frac{1-\cos\theta\cos\varphi}{\cos\theta},\, -\sin\varphi\right)$. We verify
$$\frac{M_x - \cos\varphi}{\sec\theta - \cos\varphi} = \frac{h\,p^2(1-\cos\theta\cos\varphi)/(A_1 A_2)}{(1-\cos\theta\cos\varphi)/\cos\theta} = \frac{h\,p^2\cos\theta}{A_1 A_2},$$
$$\frac{M_y - \sin\varphi}{-\sin\varphi} = \frac{-h\,p^2\sin\varphi\cos\theta/(A_1 A_2)}{-\sin\varphi} = \frac{h\,p^2\cos\theta}{A_1 A_2}.$$
The two ratios are **equal**, so $M-I$ is parallel to $O-I$; since both pass through $I$, the points $I, M, O$ are collinear.

The degenerate cases ($\sin\varphi = 0$: $I$ on the $x$-axis, then $C,D$ are symmetric about it and $M$ lies on it together with $I,O$; $\cos\theta=0$: tangents parallel, $O$ at infinity — excluded by hypothesis) are handled directly.

### PROOF COMPLETE
DEVIN_CLI_EXITED code=0
