先进行答案泄露自查：题目文本仅包含问题陈述和求解约束，没有泄露答案、证明概要或形式化笔记。可以安全地进行求解。

---

**问题。** 给定实数 $a,b,c$ 满足 $a+b+c=1$ 且 $ab+bc+ca>0$，求
$$P=\frac{2}{|a-b|}+\frac{2}{|b-c|}+\frac{2}{|c-a|}+\frac{5}{\sqrt{ab+bc+ca}}.$$

**答案。** 最小值为 $\boxed{10\sqrt6}$。

---

**证明。**

设 $q=ab+bc+ca>0$ 且 $s=a+b+c=1$。利用恒等式
$$(a-b)^2+(b-c)^2+(c-a)^2=2\bigl((a+b+c)^2-3(ab+bc+ca)\bigr)=2(1-3q),$$
我们得到 $0<q\le \tfrac13$（当 $q=\tfrac13$ 时，所有差均为 $0$，此时 $P$ 无定义，因此实际上 $0<q<\tfrac13$）。

设 $x=|a-b|,\ y=|b-c|,\ z=|c-a|$。对于直线上的三个实数，最大的成对距离等于另外两个距离之和；重新标记后，我们可以假设 $z=x+y$（且 $x,y>0$，因为 $P$ 要求所有差非零）。那么
$$x^2+y^2+z^2=x^2+y^2+(x+y)^2=2(x^2+y^2+xy),$$
所以 $2(1-3q)=2(x^2+y^2+xy)$，即
$$q=\frac{1-x^2-y^2-xy}{3}, \qquad S:=x^2+y^2+xy<1.$$
因此
$$P=\underbrace{\Bigl(\frac2x+\frac2y+\frac2{x+y}\Bigr)}_{=:\,A}+\frac{5\sqrt3}{\sqrt{\,1-S\,}}.$$

**关键引理。** 对于所有 $x,y>0$，令 $S=x^2+y^2+xy$，有
$$A^2\,S=\Bigl(\frac2x+\frac2y+\frac2{x+y}\Bigr)^2(x^2+y^2+xy)\;\ge\;75,$$
当且仅当 $x=y$ 时等号成立。

*引理的证明。* 令 $y=kx$（$k>0$）。则
$$A^2S=\Bigl(2+\frac2k+\frac2{1+k}\Bigr)^2(1+k^2+k)=:\,g(k).$$
通过直接展开（利用 $\frac2x+\frac2y+\frac2{x+y}=\frac{2(k^2+3k+1)}{k(1+k)}\cdot\frac1x$ 并消去 $x$）：
$$g(k)=\frac{4(k^2+3k+1)^2(k^2+k+1)}{k^2(1+k)^2}.$$
计算 $g(k)-75$，通分后得到分子
$$N=4(k^2+3k+1)^2(k^2+k+1)-75k^2(1+k)^2.$$
展开可得 $N=4k^6+28k^5-3k^4-58k^3-3k^2+28k+4$，它因式分解为
$$N=(k-1)^2\bigl(4k^4+36k^3+65k^2+36k+4\bigr).$$
对于 $k>0$，四次因式严格为正（所有系数均为正）。因此 $N\ge0$，当且仅当 $k=1$ 时等号成立，即 $x=y$。引理得证。$\square$

由引理得，$A\ge \dfrac{5\sqrt3}{\sqrt S}$（因为 $A>0$，$S>0$）。因此
$$P\ge \frac{5\sqrt3}{\sqrt S}+\frac{5\sqrt3}{\sqrt{1-S}}=5\sqrt3\Bigl(S^{-1/2}+(1-S)^{-1/2}\Bigr),\qquad 0<S<1.$$
函数 $\phi(S)=S^{-1/2}+(1-S)^{-1/2}$ 在 $(0,1)$ 上严格凸，且 $\phi'(S)=-\tfrac12S^{-3/2}+\tfrac12(1-S)^{-3/2}=0$ 恰好在 $S=\tfrac12$ 处成立。因此
$$\phi(S)\ge\phi\Bigl(\tfrac12\Bigr)=\sqrt2+\sqrt2=2\sqrt2,$$
当且仅当 $S=\tfrac12$ 时等号成立。结合这两个界限：
$$P\ge 5\sqrt3\cdot 2\sqrt2=10\sqrt6.$$

**取等条件。** 取等需要同时满足 $x=y$（引理）和 $S=\tfrac12$（凸性界限）。当 $x=y$ 时，$S=3x^2$，所以 $x=y=\tfrac1{\sqrt6}$，$z=\tfrac2{\sqrt6}$。这可以通过以下取值实现：
$$a=\tfrac13+\tfrac1{\sqrt6},\qquad b=\tfrac13,\qquad c=\tfrac33-\tfrac1{\sqrt6},$$
满足 $a+b+c=1$ 且 $q=ab+bc+ca=\tfrac13-\tfrac16=\tfrac16>0$。直接计算可得 $A=5\sqrt6$ 且 $\tfrac{5\sqrt3}{\sqrt{1/2}}=5\sqrt6$，因此 $P=10\sqrt6$。

因此，$P$ 的最小值为 $\boxed{10\sqrt6}$。

### PROOF COMPLETE
DEVIN_CLI_EXITED code=0
