# Cohen's Theorem

**Theorem (Cohen, 1950).** *A commutative ring $R$ is Noetherian if and only if every prime ideal of $R$ is finitely generated.*

The forward direction is immediate: a Noetherian ring has all ideals finitely generated, hence in particular all prime ideals. We prove the converse.

---

## Proof

Assume every prime ideal of $R$ is finitely generated. Suppose, for contradiction, that $R$ is **not** Noetherian. Then there exists an ideal that is not finitely generated. Let

$$\mathcal{S} = \{I \trianglelefteq R : I \text{ is not finitely generated}\}.$$

By assumption $\mathcal{S} \neq \emptyset$, ordered by inclusion.

**Step 1: $\mathcal{S}$ is closed under chains (Zorn's lemma applies).**

Let $(I_\alpha)_{\alpha}$ be a totally ordered chain in $\mathcal{S}$ and set $I = \bigcup_\alpha I_\alpha$. We claim $I \in \mathcal{S}$. Suppose instead that $I$ is finitely generated, say $I = (a_1, \dots, a_n)$. Each $a_i$ lies in some $I_{\alpha_i}$; since the chain is totally ordered, there is an index $\beta$ with $I_{\alpha_i} \subseteq I_\beta$ for all $i$. Then

$$I = (a_1,\dots,a_n) \subseteq I_\beta \subseteq I,$$

so $I_\beta = I = (a_1,\dots,a_n)$ is finitely generated — contradicting $I_\beta \in \mathcal{S}$. Hence $I \in \mathcal{S}$.

By Zorn's lemma, $\mathcal{S}$ possesses a **maximal element** $P$.

**Step 2: $P$ is a prime ideal.**

Since $P \in \mathcal{S}$, $P$ is not finitely generated; in particular $P \neq R$ (as $R = (1)$). We show $P$ is prime.

Suppose $a, b \in R$ with $ab \in P$ but $a \notin P$ and $b \notin P$. We derive a contradiction by showing $P$ is finitely generated.

Because $a \notin P$, the ideal $P + (a)$ strictly contains $P$, so by maximality of $P$ in $\mathcal{S}$ it is finitely generated. Write

$$P + (a) = (a,\, p_1, \dots, p_m), \qquad p_i \in P.$$

Consider the colon ideal

$$P : a \;=\; \{r \in R : ra \in P\}.$$

Since $ab \in P$ we have $b \in P : a$, and since $b \notin P$ we get $P \subsetneq P : a$. By maximality of $P$ in $\mathcal{S}$, the ideal $P : a$ is finitely generated. Write

$$P : a = (q_1, \dots, q_n).$$

**Step 3: $P$ is generated by $\{a q_1, \dots, a q_n, p_1, \dots, p_m\}$.**

*Reverse inclusion.* Each $p_i \in P$, and each $a q_j \in P$ (because $q_j \in P : a$ means $a q_j \in P$). Hence

$$(a q_1, \dots, a q_n,\, p_1, \dots, p_m) \subseteq P.$$

*Forward inclusion.* Let $x \in P \subseteq P + (a) = (a, p_1, \dots, p_m)$, so

$$x = r a + \sum_{i=1}^{m} s_i\, p_i \qquad (r, s_i \in R).$$

Then $r a = x - \sum s_i p_i \in P$, so $r \in P : a = (q_1, \dots, q_n)$. Write $r = \sum_{j=1}^{n} t_j\, q_j$. Substituting,

$$x = \sum_{j=1}^{n} t_j\, (a q_j) + \sum_{i=1}^{m} s_i\, p_i \;\in\; (a q_1, \dots, a q_n,\, p_1, \dots, p_m).$$

Thus $P = (a q_1, \dots, a q_n,\, p_1, \dots, p_m)$ is **finitely generated** — contradicting $P \in \mathcal{S}$.

This contradiction shows $P$ is prime. But by hypothesis every prime ideal is finitely generated, again contradicting $P \in \mathcal{S}$.

**Conclusion.** The assumption $\mathcal{S} \neq \emptyset$ is impossible, so every ideal of $R$ is finitely generated. Therefore $R$ is Noetherian. $\blacksquare$

### PROOF COMPLETE
