# Solution

## Answer Leak Self-Check

The problem text contains no leaked answers, solution sketches, or formalization notes. Proceeding to solve.

## Setup

Let $a=f(1), b=f(4), c=f(9), d=f(16), e=f(25)$. These are five distinct values from $\{1,\dots,100\}$. Since the permutation is uniform and these five positions are symmetric, the **relative ordering** of $(a,b,c,d,e)$ is uniform over all $5! = 120$ permutations of ranks $\{1,2,3,4,5\}$ (rank 5 = largest).

The given conditions are:
- $a > b$ (i.e., $f(1)>f(4)$)
- $c > d$ (i.e., $f(9)>f(16)$)

The target event is $a > d > e$ (i.e., $f(1)>f(16)>f(25)$).

So we need
$$P(a>d>e \mid a>b,\; c>d) = \frac{N}{D}$$
where $D = \#\{\text{rank orderings with } a>b, c>d\}$ and $N = \#\{\text{rank orderings with } a>b, c>d, a>d>e\}$.

## Denominator

The pairs $\{a,b\}$ and $\{c,d\}$ are disjoint, so the events $a>b$ and $c>d$ are independent, each with probability $1/2$:
$$D = \frac{120}{4} = 30.$$

## Numerator

We count rank assignments (a permutation of $\{1,2,3,4,5\}$) satisfying $a>b$, $c>d$, $a>d>e$.

**Case $d=2$:** Then $e=1$ (must be below $d$). The values $a,b,c$ fill ranks $\{3,4,5\}$. We need $a>b$; $c>d=2$ is automatic. Among the $3!=6$ arrangements, exactly half have $a>b$: **3**.

**Case $d=3$:** Then $e\in\{1,2\}$, and $a,c\in\{4,5\}$ (both must exceed $d$), with $b$ taking the remaining slot in $\{1,2\}$. The constraint $a>b$ is automatic (since $a\ge 4 > b\le 2$), and $c>d=3$ is automatic. Choices: $2$ ways to place $(a,c)$ in $\{4,5\}$ × $2$ ways to place $(e,b)$ in $\{1,2\}$ = **4**.

**Case $d=4$:** Both $a$ and $c$ must have rank $>4$, i.e., rank $5$ — impossible for two distinct elements. **0**.

**Cases $d=1$ or $d=5$:** $d=1$ leaves no room for $e<d$; $d=5$ leaves no room for $a>d$. **0** each.

$$N = 3 + 4 + 0 = 7.$$

## Result

$$P = \frac{7}{30}, \qquad \gcd(7,30)=1.$$

So $m=7$, $n=30$, and
$$100m + n = 700 + 30 = \boxed{730}.$$

### PROOF COMPLETE
DEVIN_CLI_EXITED code=0
