# Solution

**Answer: 1 (the monkey types the complete works of Shakespeare in binary with probability 1).**

## Setup

The complete works of Shakespeare is a finite text. Encoded in binary (under any fixed encoding such as ASCII or UTF-8), it becomes a fixed, finite binary string $S$ of some length $N$. The value of $N$ is enormous but **finite** — this is the only fact that matters.

The monkey produces an infinite sequence of independent, identically distributed random bits
$$X_1, X_2, X_3, \ldots$$
where each $X_i$ is uniformly distributed on $\{0,1\}$, independently of all the others.

We must show
$$P\!\bigl(\exists\, k \ge 1 \;:\; X_k X_{k+1}\cdots X_{k+N-1} = S\bigr) = 1.$$

## Proof

Partition the infinite bit stream into **non-overlapping blocks** of length $N$:
$$B_i = (X_{(i-1)N+1},\, X_{(i-1)N+2},\, \ldots,\, X_{iN}), \qquad i = 1, 2, 3, \ldots$$

Because the bits $X_1, X_2, \ldots$ are independent and uniformly distributed, the blocks $B_1, B_2, B_3, \ldots$ are **independent**, and each block is uniformly distributed over all $2^N$ binary strings of length $N$.

Define the event $E_i = \{B_i = S\}$. Then:

- The events $E_1, E_2, E_3, \ldots$ are **independent** (because the blocks are independent).
- Each has the same probability $p = P(E_i) = \dfrac{1}{2^N} > 0$.

The probability that **none** of the first $m$ blocks equals $S$ is
$$P(E_1^c \cap E_2^c \cap \cdots \cap E_m^c) = (1-p)^m,$$
using independence.

Letting $m \to \infty$ and using continuity from above of probability measures,
$$P\!\bigl(\text{no block } B_i \text{ ever equals } S\bigr) = \lim_{m\to\infty}(1-p)^m = 0,$$
since $0 < 1-p < 1$.

Therefore
$$P\!\bigl(\text{some block } B_i \text{ equals } S\bigr) = 1.$$

Now observe the inclusion of events:
$$\{\text{some block } B_i = S\} \;\subseteq\; \{S \text{ appears as a contiguous substring somewhere}\}.$$
A matching block is, by construction, a contiguous substring of the original stream. Hence
$$P\bigl(S \text{ appears somewhere}\bigr) \;\ge\; P\bigl(\text{some block } B_i = S\bigr) \;=\; 1.$$

Since probabilities are at most $1$,
$$\boxed{P\bigl(S \text{ appears somewhere}\bigr) = 1.}$$

## Remarks

- The argument only requires that $S$ be **finite** and that each bit be chosen independently with **strictly positive probability** for both symbols. The astronomical size of $N$ affects the *expected waiting time* (roughly $2^N$ blocks), but not the limiting probability, which is exactly $1$.
- This is the **infinite monkey theorem**: any finite target string appears almost surely in an infinite sequence of fair coin flips. The non-overlapping-blocks trick is what makes the independence clean — overlapping windows are dependent, but we do not need them; restricting to non-overlapping blocks only *lowers* the chance of success, yet that lowered chance is still $1$.

### PROOF COMPLETE
DEVIN_CLI_EXITED code=0
