## Answer

**No**, we cannot conclude that $u = 0$ everywhere in $\Omega$.

### Counterexample

Let $\Omega = B(0,1) \subset \mathbb{R}^2$ be the open unit disk, $x_0 = 0$, and define in polar coordinates $(r,\theta)$:

$$u(r,\theta) = \left(r - \frac{1}{r}\right)\cos\theta.$$

Equivalently, in Cartesian coordinates with $r = \sqrt{x^2+y^2}$:

$$u(x,y) = \frac{x\,(r^2 - 1)}{r} = \frac{x\,(x^2+y^2-1)}{\sqrt{x^2+y^2}}.$$

### Verification of all hypotheses

**1. $u \in C^2(\Omega\setminus\{x_0\})$:** Away from the origin $r > 0$, so $u$ is a smooth (in fact real-analytic) function. ✓

**2. $\Delta u = 0$ in $\Omega\setminus\{x_0\}$:** Computing in polar coordinates, $\Delta u = u_{rr} + \frac{1}{r}u_r + \frac{1}{r^2}u_{\theta\theta}$:

$$u_r = \left(1 + \frac{1}{r^2}\right)\cos\theta, \quad u_{rr} = -\frac{2}{r^3}\cos\theta, \quad u_{\theta\theta} = -\left(r - \frac{1}{r}\right)\cos\theta.$$

Therefore:

$$\Delta u = -\frac{2}{r^3}\cos\theta + \frac{1}{r}\left(1+\frac{1}{r^2}\right)\cos\theta + \frac{1}{r^2}\left[-\left(r-\frac{1}{r}\right)\right]\cos\theta$$

$$= \cos\theta\left[-\frac{2}{r^3} + \frac{1}{r} + \frac{1}{r^3} - \frac{1}{r} + \frac{1}{r^3}\right] = \cos\theta \cdot 0 = 0. \quad\checkmark$$

**3. $u = 0$ on $\partial\Omega$:** On the boundary $r = 1$:

$$u(1,\theta) = (1 - 1)\cos\theta = 0 \quad \text{for all } \theta. \quad\checkmark$$

### Existence of an interior zero with $u \not\equiv 0$

Take $y = (0, \tfrac{1}{2})$, i.e., $r = \tfrac{1}{2}$, $\theta = \tfrac{\pi}{2}$:

$$u(y) = \left(\frac{1}{2} - 2\right)\cos\frac{\pi}{2} = \left(-\frac{3}{2}\right)\cdot 0 = 0. \quad\checkmark$$

Yet $u$ is **not** identically zero. For instance, at the point $(\tfrac{1}{2}, 0)$, i.e., $r = \tfrac{1}{2}$, $\theta = 0$:

$$u\!\left(\tfrac{1}{2}, 0\right) = \left(\frac{1}{2} - 2\right)\cos 0 = -\frac{3}{2} \neq 0.$$

### Why the maximum principle does not force $u \equiv 0$

The strong maximum principle states that a harmonic function on a connected domain $\Omega\setminus\{x_0\}$ that attains its maximum or minimum in the interior must be constant. However, this principle (in the form that would force $u\equiv 0$ from $u=0$ on $\partial\Omega$) requires $u$ to be **bounded** and continuous on $\overline{\Omega\setminus\{x_0\}}$, or at least bounded from above/below.

Our function $u$ is **unbounded** near $x_0 = 0$:

$$u(r,\theta) \sim -\frac{\cos\theta}{r} \to \pm\infty \quad \text{as } r \to 0.$$

Since $u$ blows up to $+\infty$ in some directions and $-\infty$ in others near the singularity, it is neither bounded above nor below. The maximum principle cannot be applied, and $u$ is free to change sign—vanishing at some interior points without being identically zero.

### Conclusion

The existence of a point $y \in \Omega\setminus\{x_0\}$ with $u(y) = 0$ does **not** imply $u \equiv 0$ in $\Omega$. The singularity at $x_0$ allows nontrivial harmonic functions with zero boundary data that change sign in the interior.

### PROOF COMPLETE
DEVIN_CLI_EXITED code=0
