Looking at this problem, I need to determine whether the convergence of $\sum \frac{1}{\log(a_n)}$ (with $a_n$ unbounded and non-decreasing) implies the convergence of $\sum \frac{2^n}{a_n}$.

## Answer Leak Check

The problem statement contains no leaked answers, solutions, or solution sketches. Proceeding to solve.

## Proof

**The statement is TRUE.**

Let $b_n = \log(a_n)$. Since $a_n$ is non-decreasing and unbounded, $b_n$ is non-decreasing with $b_n \to \infty$. The hypothesis becomes $\sum \frac{1}{b_n} < \infty$, and we must show $\sum \frac{2^n}{a_n} = \sum 2^n e^{-b_n} < \infty$.

**Step 1: Cauchy Condensation.** Since $\frac{1}{b_n}$ is non-negative and non-increasing (as $b_n$ is non-decreasing), the Cauchy condensation test gives:
$$\sum_{n=1}^{\infty} \frac{1}{b_n} < \infty \iff \sum_{k=0}^{\infty} \frac{2^k}{b_{2^k}} < \infty.$$
So $\sum_k \frac{2^k}{b_{2^k}} < \infty$, which implies $\frac{2^k}{b_{2^k}} \to 0$, i.e., $\frac{b_{2^k}}{2^k} \to \infty$.

**Step 2: Dyadic block decomposition.** Split the target series into dyadic blocks:
$$\sum_{n=1}^{\infty} 2^n e^{-b_n} = \sum_{k=0}^{\infty} \sum_{n=2^k}^{2^{k+1}-1} 2^n e^{-b_n}.$$

Since $b_n$ is non-decreasing, for $n \in [2^k, 2^{k+1}-1]$ we have $b_n \geq b_{2^k}$, hence $e^{-b_n} \leq e^{-b_{2^k}}$. Therefore:
$$\sum_{n=2^k}^{2^{k+1}-1} 2^n e^{-b_n} \leq e^{-b_{2^k}} \sum_{n=2^k}^{2^{k+1}-1} 2^n = e^{-b_{2^k}}\left(2^{2^{k+1}} - 2^{2^k}\right) \leq e^{2^{k+1}\log 2 - b_{2^k}}.$$

So $\sum_n 2^n e^{-b_n} \leq \sum_k e^{2^{k+1}\log 2 - b_{2^k}}$.

**Step 3: Bounding the block sum.** Since $b_{2^k}/2^k \to \infty$, for all sufficiently large $k$ we have $b_{2^k} \geq 2 \cdot 2^{k+1}\log 2$, which gives $b_{2^k} - 2^{k+1}\log 2 \geq b_{2^k}/2$. For such $k$:
$$e^{2^{k+1}\log 2 - b_{2^k}} = e^{-(b_{2^k} - 2^{k+1}\log 2)} \leq e^{-b_{2^k}/2}.$$

Using the inequality $e^x \geq x^m/m!$ (from the Taylor series), i.e., $e^{-x} \leq m!/x^m$ for $x > 0$, with $m = 2$ and $x = b_{2^k}/2$:
$$e^{-b_{2^k}/2} \leq \frac{2}{(b_{2^k}/2)^2} = \frac{8}{b_{2^k}^2}.$$

**Step 4: Final convergence.** Since $b_{2^k}/2^k \to \infty$, for large $k$ we have $b_{2^k} \geq 2^{k+1}$, so:
$$\frac{1}{b_{2^k}^2} \leq \frac{1}{2^{2(k+1)}} = \frac{1}{4^{k+1}}.$$

Therefore:
$$\sum_k e^{2^{k+1}\log 2 - b_{2^k}} \leq C + 8\sum_k \frac{1}{b_{2^k}^2} \leq C + 8\sum_k \frac{1}{4^{k+1}} < \infty,$$

where $C$ accounts for the finitely many small $k$. This gives $\sum_n 2^n e^{-b_n} < \infty$, i.e., $\sum \frac{2^n}{a_n}$ converges. $\blacksquare$

### PROOF COMPLETE
DEVIN_CLI_EXITED code=0
