Looking at this problem, I need to find the length of a line segment AB tangent to two circles (radii 1 and 3) that are both tangent to two rays from origin O, given that the tangency point P of the smaller circle on wall OA satisfies OP = 3.

## Setting Up Coordinates

Let the angle between walls OA and OQ be 2α, with the bisector along the x-axis and O at the origin.

- Wall OA: direction (cos α, sin α)
- Wall OQ: direction (cos α, −sin α)

A circle tangent to both walls has its center on the bisector at distance d from O, with radius r = d·sin α. The tangency point with a wall is at distance d·cos α = r·cot α from O.

## Finding the Angle

For the smaller circle (r = 1), the tangency point P satisfies:
$$OP = 1 \cdot \cot\alpha = 3 \implies \cot\alpha = 3 \implies \sin\alpha = \frac{1}{\sqrt{10}},\quad \cos\alpha = \frac{3}{\sqrt{10}}$$

So $\cos(2\alpha) = \cos^2\alpha - \sin^2\alpha = \frac{9}{10} - \frac{1}{10} = \frac{4}{5}$.

## Circle Centers

- Smaller circle (r₁ = 1): center C₁ at $d_1 = \frac{1}{\sin\alpha} = \sqrt{10}$, closer to O.
- Larger circle (r₂ = 3): center C₂ at $d_2 = \frac{3}{\sin\alpha} = 3\sqrt{10}$, farther from O.

## The Tangent Line AB

The line AB (equation $px + qy = c$) is tangent to both circles. Since the smaller circle is between O and AB, and the larger circle is beyond AB, AB is an **internal common tangent**:

- Smaller circle (O-side): $c - p\,d_1 = d_1 \sin\alpha\,\sqrt{p^2+q^2}$
- Larger circle (far side): $p\,d_2 - c = d_2 \sin\alpha\,\sqrt{p^2+q^2}$

Substituting $d_1 = \sqrt{10}$, $d_2 = 3\sqrt{10}$ and eliminating $c$:

$$\sqrt{10}\left(p + \sin\alpha\,\sqrt{p^2+q^2}\right) = 3\sqrt{10}\left(p - \sin\alpha\,\sqrt{p^2+q^2}\right)$$

$$p + \frac{1}{\sqrt{10}}\sqrt{p^2+q^2} = 3p - \frac{3}{\sqrt{10}}\sqrt{p^2+q^2}$$

$$\frac{4}{\sqrt{10}}\sqrt{p^2+q^2} = 2p \implies p = \frac{2}{\sqrt{10}}\sqrt{p^2+q^2}$$

Squaring: $p^2 = \frac{4}{10}(p^2+q^2) \implies 3p^2 = 2q^2 \implies q = p\sqrt{\tfrac{3}{2}}$.

Then $c = d_1\!\left(p + \sin\alpha\,\sqrt{p^2+q^2}\right) = \sqrt{10}\cdot\frac{3p}{2} = \frac{3\sqrt{10}}{2}\,p$.

## Computing OA and OB

Point A on wall OA at parameter $t$: $A = t(\cos\alpha, \sin\alpha)$. Substituting into the line:

$$t = \frac{c\sqrt{10}}{3p + q} = \frac{15p}{p(3 + \sqrt{3/2})} = \frac{30}{6 + \sqrt{6}} = 6 - \sqrt{6}$$

Point B on wall OQ at parameter $s$:

$$s = \frac{c\sqrt{10}}{3p - q} = \frac{15p}{p(3 - \sqrt{3/2})} = \frac{30}{6 - \sqrt{6}} = 6 + \sqrt{6}$$

## Law of Cosines

$$AB^2 = OA^2 + OB^2 - 2\cdot OA\cdot OB\cdot\cos(2\alpha)$$

$$= (6-\sqrt{6})^2 + (6+\sqrt{6})^2 - 2(6-\sqrt{6})(6+\sqrt{6})\cdot\frac{4}{5}$$

$$= (42 - 12\sqrt{6}) + (42 + 12\sqrt{6}) - 2\cdot 30 \cdot \frac{4}{5}$$

$$= 84 - 48 = 36$$

$$\boxed{AB = 6}$$

### PROOF COMPLETE
DEVIN_CLI_EXITED code=0
