# 计算 $o(\mathbb{R})$ — 实数轴上的开子集数量

## 定理

实数轴 $\mathbb{R}$ 的开子集数量为 $o(\mathbb{R}) = \mathfrak{c} = 2^{\aleph_0}$，其中 $\mathfrak{c}$ 是连续统的基数。

## 证明

我们将通过证明两个不等式来确定 $o(\mathbb{R})$：$o(\mathbb{R}) \geq \mathfrak{c}$ 且 $o(\mathbb{R}) \leq \mathfrak{c}$。

### 下界：$o(\mathbb{R}) \geq \mathfrak{c}$

对于每个 $a \in \mathbb{R}$，集合 $U_a = (-\infty, a)$ 是 $\mathbb{R}$ 的一个开子集。映射 $a \mapsto U_a$ 是单射的，因为若 $a \neq b$，则 $U_a \neq U_b$（例如，如果 $a < b$，则 $a \in U_b \setminus U_a$）。因此，$\mathbb{R}$ 中至少存在 $\mathfrak{c}$ 个不同的开子集。

### 上界：$o(\mathbb{R}) \leq \mathfrak{c}$

**步骤 1：结构定理。** $\mathbb{R}$ 的每个开子集 $U$ 都可以唯一地表示为至多可数个两两不相交的开区间的并集——即 $U$ 的连通分支。具体来说，$U = \bigsqcup_{n \in S} I_n$，其中 $S \subseteq \mathbb{N}$ 且每个 $I_n$ 是 $U$ 的一个连通分支。

*至多可数性的证明。* $U$ 的每个连通分支 $I_n$ 是一个非空开区间，因此包含一个有理数。由于分支两两不相交，我们可以为每个分支分配一个不同的有理数。这给出了一个从分支集合到 $\mathbb{Q}$ 的单射，因此至多有可数个分支。

**步骤 2：每个分支由至多两个广义实数决定。** 每个连通分支是以下之一：
- $(a, b)$，其中 $a, b \in \mathbb{R}$ 且 $a < b$，
- $(-\infty, b)$，其中 $b \in \mathbb{R}$，
- $(a, \infty)$，其中 $a \in \mathbb{R}$，
- $(-\infty, \infty) = \mathbb{R}$。

在每种情况下，该分支由至多两个广义实数 $\bar{\mathbb{R}} = \mathbb{R} \cup \{-\infty, +\infty\}$ 中的元素决定。由于 $|\bar{\mathbb{R}}| = \mathfrak{c}$，可能的分支集合的基数至多为 $\mathfrak{c}^2 = \mathfrak{c}$。

**步骤 3：计算开集的数量。** 开集 $U$ 由其可数个分支的序列决定。从大小为 $\mathfrak{c}$ 的集合中选取的可数序列的集合的基数为：

$$\mathfrak{c}^{\aleph_0} = \left(2^{\aleph_0}\right)^{\aleph_0} = 2^{\aleph_0 \cdot \aleph_0} = 2^{\aleph_0} = \mathfrak{c},$$

这里我们使用了 $\aleph_0 \cdot \aleph_0 = \aleph_0$（可数基数的乘法）。因此，开子集的数量至多为 $\mathfrak{c}$。

### 结论

结合这两个不等式：

$$\mathfrak{c} \leq o(\mathbb{R}) \leq \mathfrak{c},$$

我们得出 $o(\mathbb{R}) = \mathfrak{c} = 2^{\aleph_0}$。$\blacksquare$

### PROOF COMPLETE
DEVIN_CLI_EXITED code=0
