I'll solve this Neumann problem for the exterior of the unit disk directly.

**Answer Leak Check:** The problem text contains only the problem statement — no solution, answer, or proof sketch. Proceeding to solve.

---

## Solution

We solve Laplace's equation in the exterior domain $r > 1$ (outside the unit disk) with Neumann data $u_r(1,\theta) = f(\theta)$ and the requirement that $u$ remains bounded as $r \to \infty$.

### Separation of Variables

Set $u(r,\theta) = R(r)\,\Theta(\theta)$. Substituting into
$$u_{rr} + \tfrac{1}{r}\,u_r + \tfrac{1}{r^2}\,u_{\theta\theta} = 0$$
and separating:

**Angular equation:** $\Theta'' + n^2\Theta = 0$, giving $\Theta_n(\theta) = \cos(n\theta),\;\sin(n\theta)$ for $n = 0,1,2,\dots$ (with $2\pi$-periodicity enforced).

**Radial equation (Euler type):** $r^2 R'' + rR' - n^2 R = 0$.
- For $n \ge 1$: $R_n(r) = C_n\,r^n + D_n\,r^{-n}$.
- For $n = 0$: $R_0(r) = C_0 + D_0 \ln r$.

### Applying the Boundedness Condition ($r \to \infty$)

As $r \to \infty$: $r^n \to \infty$ (for $n \ge 1$) and $\ln r \to \infty$. To keep $u$ bounded we discard these, retaining only $r^{-n}$ ($n \ge 1$) and the constant. The general bounded solution is:

$$\boxed{u(r,\theta) = a_0 + \sum_{n=1}^{\infty} \frac{1}{r^n}\Big(a_n \cos(n\theta) + b_n \sin(n\theta)\Big), \qquad r > 1.}$$

### Applying the Neumann Condition $u_r(1,\theta) = f(\theta)$

Differentiating:
$$u_r(r,\theta) = \sum_{n=1}^{\infty} \frac{-n}{r^{n+1}}\Big(a_n \cos(n\theta) + b_n \sin(n\theta)\Big).$$

At $r = 1$:
$$f(\theta) = u_r(1,\theta) = \sum_{n=1}^{\infty} \big(-n\,a_n\big)\cos(n\theta) + \big(-n\,b_n\big)\sin(n\theta). \tag{$\ast$}$$

This is the Fourier series of $f(\theta)$ **with zero constant term**. Therefore a necessary condition for solvability is:

$$\int_{-\pi}^{\pi} f(\theta)\,d\theta = 0. \tag{solvability condition}$$

This is the standard compatibility condition for the Neumann problem (the integral of the normal derivative over the boundary must vanish — a consequence of the divergence theorem applied to $\Delta u = 0$).

### Determining the Coefficients

Assuming the solvability condition holds, we match coefficients in $(\ast)$ using the Fourier formulas. Writing $f(\theta) = \sum_{n=1}^{\infty}\big(\alpha_n \cos(n\theta) + \beta_n \sin(n\theta)\big)$ where

$$\alpha_n = \frac{1}{\pi}\int_{-\pi}^{\pi} f(\varphi)\cos(n\varphi)\,d\varphi, \qquad \beta_n = \frac{1}{\pi}\int_{-\pi}^{\pi} f(\varphi)\sin(n\varphi)\,d\varphi,$$

we get $-n\,a_n = \alpha_n$ and $-n\,b_n = \beta_n$, hence:

$$a_n = -\frac{1}{n\pi}\int_{-\pi}^{\pi} f(\varphi)\cos(n\varphi)\,d\varphi, \qquad b_n = -\frac{1}{n\pi}\int_{-\pi}^{\pi} f(\varphi)\sin(n\varphi)\,d\varphi, \qquad n \ge 1.$$

The constant $a_0$ is **arbitrary** — the solution is determined up to an additive constant, as expected for any Neumann problem.

### Final Solution

Provided $\displaystyle\int_{-\pi}^{\pi} f(\theta)\,d\theta = 0$, the solution is:

$$u(r,\theta) = a_0 - \sum_{n=1}^{\infty} \frac{1}{n\,r^n}\left[\left(\frac{1}{\pi}\int_{-\pi}^{\pi} f(\varphi)\cos(n\varphi)\,d\varphi\right)\cos(n\theta) + \left(\frac{1}{\pi}\int_{-\pi}^{\pi} f(\varphi)\sin(n\varphi)\,d\varphi\right)\sin(n\theta)\right],$$

where $a_0$ is an arbitrary constant. Using the identity $\cos(n\varphi)\cos(n\theta)+\sin(n\varphi)\sin(n\theta)=\cos n(\varphi-\theta)$, this can be written compactly as:

$$\boxed{u(r,\theta) = a_0 - \frac{1}{\pi}\sum_{n=1}^{\infty} \frac{1}{n\,r^n}\int_{-\pi}^{\pi} f(\varphi)\,\cos\big(n(\varphi-\theta)\big)\,d\varphi, \qquad r > 1,}$$

with $a_0$ arbitrary, valid when $\int_{-\pi}^{\pi} f(\varphi)\,d\varphi = 0$.

### Verification

1. **Harmonicity:** Each term $r^{-n}\cos(n\theta)$ and $r^{-n}\sin(n\theta)$ is harmonic in $r>1$ (being the real/imaginary part of $z^{-n}$, which is analytic for $|z|>0$). The series converges for $r > 1$ together with its derivatives, so $u$ is harmonic.

2. **Neumann condition:** Differentiating term-by-term at $r=1$ recovers exactly the Fourier series of $f$ (with zero mean), giving $u_r(1,\theta) = f(\theta)$.

3. **Boundedness at infinity:** Every term $r^{-n} \to 0$ as $r \to \infty$, so $u(r,\theta) \to a_0$, hence $u$ remains bounded.

4. **Solvability condition is necessary:** If $\int_{-\pi}^{\pi} f \neq 0$, then $(\ast)$ cannot hold since the left side has zero mean while the right side has nonzero mean — a contradiction. The condition is also sufficient, as the construction above shows.

### PROOF COMPLETE
DEVIN_CLI_EXITED code=0
