Looking at this problem, I need to evaluate $\iint_R y^{-N(x)}\,dA$ where $R=[0,1]^2$ and $N(x)$ is the position of the first $0$ in the decimal expansion of $x$.

**Answer-leak check:** The problem statement contains only examples (no solution, no proof sketch, no embedded answer). No leak detected. Proceeding to solve.

---

## Proof

**Step 1: Distribution of $N(x)$.**

For $x \in [0,1]$, write $x = 0.d_1 d_2 d_3 \ldots$ using the expansion ending in zeroes (the convention specified). Then $N(x) = n$ iff $d_1, \ldots, d_{n-1} \in \{1,\ldots,9\}$ and $d_n = 0$. The set of $x$ with two decimal expansions is countable (rationals of the form $k/10^m$), hence measure zero, so the convention is irrelevant for Lebesgue measure.

Thus:
$$\mu(\{x : N(x) = n\}) = \left(\frac{9}{10}\right)^{n-1} \cdot \frac{1}{10}, \quad n \geq 1,$$
and $\mu(\{x : N(x) = \infty\}) = \lim_{n\to\infty}(9/10)^n = 0$.

**Step 2: The integral diverges — first order of integration.**

Since $f(x,y) = y^{-N(x)} \geq 0$ on $R$, Tonelli's theorem gives:
$$\iint_R y^{-N(x)}\,dA = \int_0^1 \left(\int_0^1 y^{-N(x)}\,dy\right) dx.$$

Consider $A = \{x \in [0,1] : N(x) = 1\}$, the set where the first decimal digit is $0$. This is $A = [0, 1/10)$ (up to countably many boundary points), so $\mu(A) = 1/10 > 0$.

For every $x \in A$, $N(x)=1$, so the inner integral is:
$$\int_0^1 y^{-1}\,dy = \lim_{\varepsilon \to 0^+} \ln y\Big|_\varepsilon^1 = +\infty.$$

Since the inner integral is $+\infty$ on a set of positive measure:
$$\iint_R y^{-N(x)}\,dA = +\infty.$$

**Step 3: Verification via the other order of integration.**

For fixed $y \in (0,1)$, using the distribution from Step 1:
$$\int_0^1 y^{-N(x)}\,dx = \sum_{n=1}^{\infty} y^{-n}\cdot\frac{9^{n-1}}{10^n} = \frac{1}{10y}\sum_{k=0}^{\infty}\left(\frac{9}{10y}\right)^k.$$

This geometric series converges iff $\frac{9}{10y} < 1$, i.e., $y > \frac{9}{10}$, in which case it equals $\frac{1}{10y - 9}$. For $y \leq \frac{9}{10}$, the series diverges to $+\infty$.

Since the set $(0, 9/10]$ has measure $9/10 > 0$, the inner integral is $+\infty$ on a set of positive measure, confirming:
$$\int_0^1\left(\int_0^1 y^{-N(x)}\,dx\right)dy = +\infty.$$

Both iterated integrals equal $+\infty$, consistent with Tonelli's theorem.

**Conclusion.** The integral $\iint_R y^{-N(x)}\,dA = +\infty$.

### PROOF COMPLETE
DEVIN_CLI_EXITED code=0
