Looking at this problem, I need to find all real polynomials $P$ satisfying the given functional equation on the surface $2xyz = x+y+z$, then sum $P(1)$ over those with $P(0)=3$.

**Answer-leak check:** The problem text contains no solutions, sketches, or answer values. Proceeding.

---

## Step 1: $P$ must be even

Take $y = -x + \epsilon$ and solve the constraint for $z$:
$$z = \frac{\epsilon}{-2x^2 + 2x\epsilon - 1} \to 0 \quad \text{as } \epsilon \to 0.$$

Expanding the LHS $\frac{P(x)}{yz}+\frac{P(y)}{zx}+\frac{P(z)}{xy}$, the first two terms combine to produce a leading $\frac{(2x^2+1)(P(x)-P(-x))}{x\epsilon}$ term. The third term $\frac{P(z)}{xy}$ stays bounded, and the RHS $P(x-y)+P(y-z)+P(z-x) \to P(2x)+2P(-x)$ is also bounded. Since no term can cancel a $1/\epsilon$ divergence, we need $P(x)=P(-x)$ for all $x\neq 0$, hence **$P$ is even**.

## Step 2: Derive a one-variable identity

With $P$ even, the next-order expansion of the same limit gives (after careful computation of all $O(1)$ terms):

$$\frac{(2x^2+1)}{x^2}P(x) + \frac{(2x^2+1)}{x}P'(x) - \frac{P(0)}{x^2} = P(2x) + 2P(x).$$

Multiplying by $x^2$ and simplifying:

$$\boxed{P(x) + x(2x^2+1)P'(x) - P(0) = x^2 P(2x)} \tag{$\star$}$$

## Step 3: Solve the recurrence

Write $P(t) = \sum_{k=0}^{n} a_{2k}\, t^{2k}$ (even polynomial), with $a_0 = P(0)$.

Substituting into $(\star)$ and matching coefficients of $x^{2m}$:

- **$m=1$:** $3a_2 = a_0$, so $a_2 = \frac{a_0}{3}$.
- **$m \geq 2$:** $(2m+1)\,a_{2m} + 4(m-1)\,a_{2m-2} = 4^{m-1}\,a_{2m-2}$, giving
$$a_{2m} = \frac{4^{m-1} - 4(m-1)}{2m+1}\,a_{2m-2}.$$

For $P$ to be a **polynomial** (finite degree), the recurrence must terminate. Setting the numerator to zero: $4^{m-1} = 4(m-1)$, i.e., $4^{m-2} = m-1$. This holds only at $m=2$ ($4^0 = 1$). So $a_4 = 0$, which forces all higher coefficients to vanish.

If $a_0 = 0$, then $a_2 = 0$ and everything is zero ($P \equiv 0$). If $a_0 \neq 0$:

$$P(t) = a_0\left(1 + \frac{t^2}{3}\right).$$

## Step 4: Verify sufficiency

Let $P(t) = c(1 + t^2/3)$. Using $s = x+y+z = 2q$ (where $q = xyz$) and $p = xy+yz+zx$:

- **LHS** $= c\!\left[\frac{s}{q} + \frac{x^3+y^3+z^3}{3q}\right] = c\!\left[2 + \frac{8q^2 - 6p + 3}{3}\right] = \frac{c(8q^2 - 6p + 9)}{3}$.

- **RHS** $= c\!\left[3 + \frac{(x-y)^2+(y-z)^2+(z-x)^2}{3}\right] = c\!\left[3 + \frac{8q^2-6p}{3}\right] = \frac{c(8q^2-6p+9)}{3}$.

LHS = RHS. ✓ (The identity $x^3+y^3+z^3 = s^3-3ps+3q = 8q^3-6pq+3q$ and $(x-y)^2+(y-z)^2+(z-x)^2 = 2(s^2-2p)-2p = 8q^2-6p$ are used.)

**Spot-checks:**
- $x=y=z=\sqrt{3/2}$: LHS $= 9$, RHS $= 9$. ✓
- $x=1, y=1, z=2$: LHS $= 2+2+7=11$, RHS $= 3+4+4=11$. ✓

## Step 5: Compute $S$

The complete solution set is $P(t) = c\!\left(1 + \frac{t^2}{3}\right)$ for $c \in \mathbb{R}$.

The condition $P(0) = 3$ gives $c = 3$, so $P(t) = 3 + t^2$.

There is exactly **one** such polynomial, and $P(1) = 3 + 1 = 4$.

$$S = \boxed{4}$$

### PROOF COMPLETE
DEVIN_CLI_EXITED code=0
