I'll solve this problem directly in my reasoning. Let me work through it carefully.

## Solution

**Answer Leak Check:** The problem contains no leaked answers or solution sketches. Proceeding.

### Step 1: Analyze the equation $a^p + b^p = p^c$

**Parity/divisibility setup.** Suppose $p \mid a$ and $p \mid b$. Write $a = p^\alpha a'$, $b = p^\beta b'$ with $p \nmid a', p \nmid b'$, WLOG $\alpha \le \beta$. Then
$$a^p + b^p = p^{p\alpha}\bigl(a'^p + p^{p(\beta-\alpha)}b'^p\bigr) = p^c.$$
If $\alpha < \beta$, then $a'^p + p^{p(\beta-\alpha)}b'^p \equiv a'^p \pmod{p}$, which is nonzero mod $p$ (since $p \nmid a'$), forcing $c = p\alpha$ and $a'^p + p^{p(\beta-\alpha)}b'^p = 1$, impossible since $a' \ge 1$. So $\alpha = \beta$, and we reduce to $a'^p + b'^p = p^{c - p\alpha}$ with $p \nmid a', p \nmid b'$.

If exactly one of $a, b$ is divisible by $p$ (say $p \mid a$, $p \nmid b$), then $a^p + b^p \equiv b \pmod{p}$ (Fermat), which is nonzero, contradicting $p \mid p^c$. So **either both are divisible by $p$ or neither is**. The both-divisible case reduces to the neither-divisible case via the $\alpha = \beta$ scaling above.

### Step 2: Case $p \nmid a$, $p \nmid b$ (odd prime $p$)

By Fermat, $a^p + b^p \equiv a + b \pmod{p}$, so $p \mid (a+b)$. Since $a+b \mid p^c$, we get $a + b = p^j$ for some $j \ge 1$.

Factor: $a^p + b^p = (a+b) \cdot Q(a,b)$ where $Q = a^{p-1} - a^{p-2}b + \cdots + b^{p-1}$. Since $Q \mid p^c$, we need $Q = p^{c-j}$.

Computing $Q \pmod{a+b}$: substituting $b \equiv -a$ gives $Q \equiv p \cdot a^{p-1} \pmod{a+b}$. By the **Lifting the Exponent Lemma** (odd prime $p$, $p \mid a+b$, $p \nmid a,b$):
$$v_p(a^p + b^p) = v_p(a+b) + v_p(p) = j + 1.$$
So $c = j+1$ and $Q = p^{c-j} = p$. **We need $Q(a,b) = p$ exactly.**

### Step 3: When is $Q(a,b) = p$?

For $a + b = p^j$ with $a \neq b$ (since $a = b$ gives $2a = p^j$, impossible for odd $p$), $Q$ is minimized when $a, b$ are closest. A lower bound: $Q = \frac{a^p + b^p}{a+b} \ge \frac{(a+b)^p / 2^{p-1}}{a+b} = \frac{(a+b)^{p-1}}{2^{p-1}} = \left(\frac{p^j}{2}\right)^{p-1}$.

- **$p = 3$:** For $j = 1$, $a + b = 3$, so $(a,b) = (1,2)$ or $(2,1)$. $Q = 1 - 2 + 4 = 3 = p$. ✓  
  For $j \ge 2$: $a + b = 3^j \ge 9$, min $Q \ge (9/2)^2 = 20.25 > 3$. No solution.

- **$p = 5$:** For $j = 1$, $a + b = 5$, min $Q$ at $(2,3)$: $Q = 16 - 24 + 36 - 54 + 81 = 55 > 5$. No solution. Larger $j$ only increases $Q$.

- **$p \ge 5$:** $\left(\frac{p}{2}\right)^{p-1} \ge \left(\frac{5}{2}\right)^4 = 39.06 > 5 \ge p$... more precisely $(p/2)^{p-1} > p$ for all $p \ge 5$. No solutions.

### Step 4: Collect all solutions

**$p = 2$:** $a^2 + b^2 = 2^c$. Both $a, b$ must have the same parity. If both odd: $a^2 + b^2 \equiv 2 \pmod{4}$, so $c = 1$, $a = b = 1$. If both even, divide by 4 and descend. All solutions: $a = b = 2^k$, $c = 2k+1$. Constraint $a \le 100$: $2^k \le 100 \Rightarrow k \le 6$ ($k = 0,1,\ldots,6$).

$$p \cdot c = 2(2k+1) \in \{2, 6, 10, 14, 18, 22, 26\}.$$

**$p = 3$:** Base solution $(a', b') = (1, 2)$ or $(2, 1)$ with $a'+b' = 3$, $c' = 2$. Scaling by $3^\alpha$: $(a, b) = (3^\alpha, 2 \cdot 3^\alpha)$ or swapped, $c = 3\alpha + 2$. Constraint $\max(a,b) \le 100$: $2 \cdot 3^\alpha \le 100 \Rightarrow 3^\alpha \le 50 \Rightarrow \alpha \le 3$ ($\alpha = 0,1,2,3$).

$$p \cdot c = 3(3\alpha + 2) \in \{6, 15, 24, 33\}.$$

**$p \ge 5$:** No solutions.

### Step 5: Compute $S$ and its sum

$$S = \{2, 6, 10, 14, 18, 22, 26\} \cup \{6, 15, 24, 33\} = \{2, 6, 10, 14, 15, 18, 22, 24, 26, 33\}.$$

$$\sum_{s \in S} s = 2 + 6 + 10 + 14 + 15 + 18 + 22 + 24 + 26 + 33 = \boxed{170}.$$

### PROOF COMPLETE
DEVIN_CLI_EXITED code=0
