Error: Agent error: Permission denied: Permission denied: Reached overall message rate limit. Please try again later. Your limit will reset in 1 minute. (trace ID: 639da436eba9066f6797ced42fbb7a8d): {
  "cognition.ai/errorKind": "internal",
  "cognition.ai/retryable": true
}
DEVIN_CLI_EXITED code=1
Error: Agent error: Permission denied: Permission denied: Reached overall message rate limit. Please try again later. Your limit will reset in 2 minutes. (trace ID: a1212d3fd4edb7c3408910bdcbef8523): {
  "cognition.ai/errorKind": "internal",
  "cognition.ai/retryable": true
}
```xml
<audit>
  <analysis_result_key>2272780</analysis_result_key>
  <problem_id>polymath_00680</problem_id>
  <audit_status>PASS_NOT_SELECTABLE</audit_status>
  <check_results>
    <A1>PASS: dimension1_verdict is DIRECTION_ERROR, a valid value.</A1>
    <A2>PASS: dimension1_explanation is non-empty and well over 50 characters.</A2>
    <A3>PASS: dimension2_turning_point_type is "other", a valid value, and d1 is DIRECTION_ERROR so a value is required.</A3>
    <A4>PASS: dimension2_explanation is non-empty and well over 50 characters.</A4>
    <A5>PASS: ai_direction_summary is non-empty and describes the AI's actual approach.</A5>
    <A6>PASS: standard_solution_key_technique is non-empty and describes the standard method.</A6>
    <B1>PASS: No XML tag leaks found in either explanation.</B1>
    <B2>PASS: No template placeholder leaks found in either explanation.</B2>
    <B3>PASS: Both explanations are well over 50 characters.</B3>
    <C1>PASS: d1=DIRECTION_ERROR and d2 has a value, consistent.</C1>
    <C2>PASS: d1_explanation describes a wrong direction (corner-triangle decomposition + inversion/projective approach instead of O-centered decomposition), matching the DIRECTION_ERROR label.</C2>
    <C3>PASS: d2_explanation describes a geometric turning point (inscribed-angle + spiral similarity) that does not fit any listed number-theoretic category, so "other" is semantically appropriate.</C3>
    <D1>FAIL: Length is over 100 characters, but none of the listed action verbs (identified, missed, explored, used, went, attempted, tried, failed, overlooked, ignored) appear literally in the text; it uses "pursued", "decomposed", "considered" instead.</D1>
    <D2>PASS: Length is over 100 characters and contains mathematical terms (inscribed-angle, spiral similarity, ∠, diametrically opposite).</D2>
    <D3>PASS: ai_direction_summary describes the concrete direction the AI took (coordinates, corner triangles, inversion, composition-of-projectivities, numerical sampling).</D3>
    <D4>PASS: standard_solution_key_technique describes the specific technique (O-vertex triangle decomposition, inscribed-angle theorem, spiral similarity, diametrically opposite choice) and gives the final area formula.</D4>
    <E1>UNKNOWN — check via script</E1>
  </check_results>
  <issues_found>D1 action-verb check fails: none of the specified verbs (identified, missed, explored, used, went, attempted, tried, failed, overlooked, ignored) appear literally in dimension1_explanation, though the text is otherwise operable and descriptive.</issues_found>
</audit>
```
### AUDIT COMPLETE
DEVIN_CLI_EXITED code=0
