Looking at the problem, I need to determine whether small Hausdorff distance between two disjoint k-dimensional sets implies their k-dimensional measures are close.

**Answer Leak Check:** The problem text contains no leaked solutions, answer values, or proof sketches. Proceeding to solve.

---

## Proof

**Claim:** No. In general, $d_H(A,B) < \epsilon$ does **not** imply $|\mu_k(A) - \mu_k(B)| < \epsilon$.

We provide an explicit counterexample with $n = 2$, $k = 1$.

### Construction

Let $\epsilon > 0$ be given. Set $\delta = \epsilon/6$.

Define:
$$A = \{(x, 0) : 0 \le x \le 1\} \subset \mathbb{R}^2,$$
the unit line segment on the $x$-axis, with $\mu_1(A) = 1$.

Define, for a parameter $M > 0$ to be chosen:
$$B = \{(x,\; 2\delta + \delta\sin(Mx)) : 0 \le x \le 1\} \subset \mathbb{R}^2.$$

$B$ is the graph of the smooth function $f(x) = 2\delta + \delta\sin(Mx)$, hence a smooth 1-dimensional curve with finite length.

### Disjointness

Every point of $A$ has $y$-coordinate $0$. Every point of $B$ has $y$-coordinate $2\delta + \delta\sin(Mx) \in [\delta, 3\delta]$, which is strictly positive. Therefore $A \cap B = \emptyset$.

### Hausdorff Distance

For any $(x, 0) \in A$, the point $(x, 2\delta + \delta\sin(Mx)) \in B$ is at distance $2\delta + \delta\sin(Mx) \le 3\delta$.

Conversely, for any $(x, 2\delta + \delta\sin(Mx)) \in B$, the point $(x, 0) \in A$ is at distance $2\delta + \delta\sin(Mx) \le 3\delta$.

Therefore:
$$d_H(A, B) \le 3\delta = \frac{\epsilon}{2} < \epsilon.$$

### Measure of $B$

The 1-dimensional measure (arc length) of $B$ is:
$$\mu_1(B) = \int_0^1 \sqrt{1 + (f'(x))^2}\, dx = \int_0^1 \sqrt{1 + \delta^2 M^2 \cos^2(Mx)}\, dx.$$

Using the lower bound $\sqrt{1 + t^2} \ge |t|$:
$$\mu_1(B) \ge \int_0^1 \delta M\,|\cos(Mx)|\, dx = \delta M \int_0^1 |\cos(Mx)|\, dx.$$

Substituting $u = Mx$:
$$\int_0^1 |\cos(Mx)|\, dx = \frac{1}{M}\int_0^M |\cos(u)|\, du.$$

For $M \ge \pi$, the integral $\int_0^M |\cos(u)|\, du \ge 2\left(\frac{M}{\pi} - 1\right)$ (since $|\cos|$ has period $\pi$ and $\int_0^\pi |\cos(u)|\,du = 2$). Therefore:
$$\mu_1(B) \ge \delta M \cdot \frac{1}{M} \cdot 2\left(\frac{M}{\pi} - 1\right) = 2\delta\left(\frac{M}{\pi} - 1\right) = \frac{2\delta M}{\pi} - 2\delta.$$

As $M \to \infty$, this lower bound tends to $+\infty$. Hence we can choose $M$ sufficiently large so that:
$$\mu_1(B) > 1 + \epsilon.$$

### Contradiction with the Claimed Implication

With this choice of $M$:
- $d_H(A, B) < \epsilon$ (established above),
- $|\mu_1(A) - \mu_1(B)| = \mu_1(B) - \mu_1(A) = \mu_1(B) - 1 > \epsilon$.

Thus we have two disjoint, measurable, 1-dimensional subsets of $\mathbb{R}^2$ with finite 1-dimensional measure, satisfying $d_H(A,B) < \epsilon$, yet $|\mu_1(A) - \mu_1(B)| > \epsilon$.

### Conclusion

The Hausdorff distance controls only the **positional** proximity of two sets—it measures the worst-case nearest-neighbor distance. It does **not** control the $k$-dimensional measure. When $k < n$, a $k$-dimensional set can oscillate wildly within an $\epsilon$-neighborhood of another set, accumulating arbitrarily large $k$-dimensional measure while remaining Hausdorff-close. Therefore, $d_H(A,B) < \epsilon$ does **not** imply $|\mu_k(A) - \mu_k(B)| < \epsilon$ in general.

### PROOF COMPLETE
