Looking at this problem, I need to find the maximum of $\sum_{i=1}^{n} \lfloor 1200/a_i \rfloor$ where $a_i$ are distinct integers in $\{1, 2, \ldots, 1199\}$ and $\text{lcm}(a_i, a_j) > 1200$ for all $i \neq j$.

## Key Reformulation

For each frequency $a$, define the set of its multiples up to 1200:
$$M(a) = \{a, 2a, 3a, \ldots, \lfloor 1200/a \rfloor \cdot a\} \subseteq \{1, 2, \ldots, 1200\}.$$

Note that $|M(a)| = \lfloor 1200/a \rfloor$, which is exactly the number of delivery slots assigned to drone $a$.

**Critical observation:** For two distinct frequencies $a$ and $b$, the sets $M(a)$ and $M(b)$ share a common element if and only if there exists a positive integer $m \le 1200$ that is a multiple of both $a$ and $b$. The smallest such $m$ is $\text{lcm}(a, b)$. Therefore:

$$M(a) \cap M(b) \neq \emptyset \iff \text{lcm}(a, b) \le 1200.$$

The safety condition $\text{lcm}(a_i, a_j) > 1200$ for all $i \neq j$ is thus **equivalent** to requiring that the sets $M(a_1), M(a_2), \ldots, M(a_n)$ are **pairwise disjoint**.

## Upper Bound

Since each $M(a_i) \subseteq \{1, 2, \ldots, 1200\}$ and the sets are pairwise disjoint:

$$\sum_{i=1}^{n} \lfloor 1200/a_i \rfloor = \sum_{i=1}^{n} |M(a_i)| = \left|\bigcup_{i=1}^{n} M(a_i)\right| \le |\{1, 2, \ldots, 1200\}| = 1200.$$

## Achieving the Bound

Take $n = 1$ with $a_1 = 1$:
- **Frequency constraint:** $1 \le 1 < 1200$. ✓
- **Safety condition:** Vacuously satisfied (only one drone, no pairs to check). ✓
- **Total delivery slots:** $\lfloor 1200/1 \rfloor = 1200$.

Here $M(1) = \{1, 2, \ldots, 1200\}$, which is the entire ground set, achieving the upper bound exactly.

## Conclusion

The total sum of delivery slots equals the size of a union of pairwise disjoint subsets of $\{1, \ldots, 1200\}$, so it can never exceed 1200. This bound is achieved by the configuration $n = 1$, $a_1 = 1$.

$$\boxed{1200}$$

### PROOF COMPLETE
DEVIN_CLI_EXITED code=0
