Looking at this problem, I need to count tuples $(a_1, \ldots, a_{2011})$ with $1 \le a_i \le 2011^2$ that are realizable by an integer-valued polynomial $f$ of degree 4019 satisfying the given periodicity and congruence conditions.

**Setup.** Let $p = 2011$ (prime), $q = p^2$, $d = 4019 = 2p - 3$.

**Periodicity (Condition 3).** The condition $q \mid f(n+p) - f(n)$ for all $n$ means $f(n) \pmod{q}$ is periodic with period $p$. Thus $(f(1), \ldots, f(p)) \pmod{q}$ is a rearrangement of $(f(0), \ldots, f(p-1)) \pmod{q}$.

**Binomial basis.** Write $f(n) = \sum_{k=0}^{d} c_k \binom{n}{k}$ with $c_k \in \mathbb{Z}$.

**Key observation.** For $n \in \{0, \ldots, p-1\}$ and $k > n$, $\binom{n}{k} = 0$. So $f(n) = \sum_{k=0}^{n} c_k \binom{n}{k}$ depends only on $c_0, \ldots, c_{p-1}$ (the "low" coefficients). The map $(c_0, \ldots, c_{p-1}) \to (f(0), \ldots, f(p-1))$ is triangular with 1's on the diagonal, hence a bijection mod $q$.

**Deriving constraints from periodicity.** Using Vandermonde: $f(n+p) - f(n) = \sum_{j=1}^{p} \binom{p}{j} \sum_{i} c_{i+j} \binom{n}{i}$. Since $v_p\!\binom{p}{j} = 1$ for $1 \le j \le p-1$ and $\binom{p}{p} = 1$:

- **Mod $p$ condition:** The $j = p$ term gives $\sum_{i=0}^{d-p} c_{i+p}\binom{n}{i} \equiv 0 \pmod{p}$ for all $n$. Since $d - p = p - 3 < p$, by the triangular basis property this forces $c_k \equiv 0 \pmod{p}$ for $k = p, \ldots, 2p-3$.

- **Mod $p^2$ condition:** Writing $c_k = p\,c'_k$ for $k \ge p$, and $\binom{p}{j} = p\,\alpha_j$ with $\alpha_j \not\equiv 0 \pmod{p}$, the condition $f(n+p)-f(n) \equiv 0 \pmod{p^2}$ reduces to (dividing by $p$): a polynomial in $n$ that must be $\equiv 0 \pmod{p}$ for all $n$. By Lucas' theorem, $\binom{n}{i} \equiv 0 \pmod{p}$ for $n < p, i \ge p$, so only coefficients of $\binom{n}{i}$ for $i < p$ matter.

Collecting coefficients of $\binom{n}{i}$ for $i = 0, \ldots, p-1$:

- **For $i = p-2$:** Only $\alpha_1 c_{p-1}$ survives (all other terms involve high coefficients $\equiv 0 \pmod{p}$). Since $\alpha_1 = 1$, this gives $\boxed{c_{p-1} \equiv 0 \pmod{p}}$.

- **For $i = p-1$:** All terms involve high coefficients, automatically $\equiv 0 \pmod{p}$. No constraint.

- **For $0 \le i \le p-3$:** Gives $c'_{i+p} \equiv -\sum_{j=1}^{p-i-1} \alpha_j c_{i+j} \pmod{p}$, determining high coefficients mod $p$ in terms of low coefficients. These are constraints on high coefficients, always satisfiable.

**Counting achievable tuples.** The low coefficients $c_0, \ldots, c_{p-1}$ determine $(f(0), \ldots, f(p-1)) \pmod{q}$ bijectively. The only constraint on low coefficients is $c_{p-1} \equiv 0 \pmod{p}$.

- $c_0, \ldots, c_{p-2}$: free mod $p^2$ → $p^2$ choices each, $p-1$ coefficients
- $c_{p-1}$: must be $\equiv 0 \pmod{p}$ → $p$ choices mod $p^2$

High coefficients don't affect values at $\{0, \ldots, p-1\}$ and their constraints are always satisfiable. The degree-exactly-$4019$ requirement is always achievable since $c_{2p-3} = p\,c'_{2p-3}$ with $c'_{2p-3} \pmod{p}$ determined but freely chosen beyond that (can always pick nonzero).

$$N = p^{2(p-1)} \cdot p = p^{2p-1} = 2011^{4021}$$

**Computing $N \bmod 1000$.** Since $2011 \equiv 11 \pmod{1000}$, we need $11^{4021} \pmod{1000}$.

**Mod 8:** $11 \equiv 3$, $3^2 \equiv 1$, $4021$ odd → $11^{4021} \equiv 3 \pmod{8}$.

**Mod 125:** $\phi(125) = 100$, $4021 \equiv 21 \pmod{100}$, so $11^{4021} \equiv 11^{21} \pmod{125}$.

Computing $11^{21} \pmod{125}$:
- $11^2 \equiv -4$
- $11^4 \equiv 16$
- $11^8 \equiv 256 \equiv 6$
- $11^{16} \equiv 36$
- $11^{21} = 11^{16} \cdot 11^4 \cdot 11 \equiv 36 \cdot 16 \cdot 11 = 576 \cdot 11 \equiv 76 \cdot 11 = 836 \equiv 86 \pmod{125}$

**CRT:** $x \equiv 3 \pmod{8}$, $x \equiv 86 \pmod{125}$.
$x = 86 + 125k$. Then $6 + 5k \equiv 3 \pmod{8}$, so $k \equiv 1 \pmod{8}$.
$x = 86 + 125 = 211$.

**Verification with small case ($p=3$, $d=3$):** Constraints give $c_2 \equiv 0 \pmod{3}$, $c_3 \equiv 0 \pmod{3}$, $c'_3 \equiv -c_1 \pmod{3}$. Free parameters: $c_0$ (9 choices), $c_1$ (9 choices), $c_2$ (3 choices) → $243 = 3^5 = 3^{2\cdot3-1}$. ✓

The remainder when $N$ is divided by 1000 is $\boxed{211}$.

### PROOF COMPLETE
DEVIN_CLI_EXITED code=0
