## Solution

**Closed form.** The recurrence $a_{n+2}=4a_{n+1}+5a_n+20$ has characteristic roots $r=5,-1$ (from $r^2-4r-5=0$). A constant particular solution $c$ gives $c=9c+20$, so $c=-5/2$. Thus
$$a_n = A\cdot 5^n + B\cdot(-1)^n - \tfrac{5}{2}.$$
Using $a_0=20,\, a_1=100$: $A+B=45/2$, $5A-B=205/2$, giving $A=125/6$, $B=5/3$. Hence
$$a_n = \tfrac{5}{6}\bigl(5^{n+2}+2(-1)^n-3\bigr).$$
(Check: $a_0=\frac{5}{6}(25+2-3)=20$ ✓; $a_1=\frac{5}{6}(125-2-3)=100$ ✓.)

**The divisibility condition.** We compute
$$a_{n+h}-a_n = \tfrac{5}{6}\Bigl[5^{n+2}(5^h-1)+2(-1)^n\bigl((-1)^h-1\bigr)\Bigr] = \tfrac{5}{6}\,X_n.$$
Since $a_{n+h}-a_n\in\mathbb Z$ and $\gcd(5,6)=1$, writing $Y=\frac{5}{6}X_n$, the condition $1998\mid Y$ with $6Y=5X_n$ forces $5\mid Y$, so $X_n=6(Y/5)$ and $1998\mid Y\iff 11988\mid X_n$ (using $\gcd(5,1998)=1$). Thus we need
$$11988 \mid X_n \quad\text{for all } n\ge 0,\qquad 11988 = 1998\cdot 6 = 2^2\cdot 3^4\cdot 37.$$

**Odd $h$ is impossible.** If $h$ is odd, $(-1)^h-1=-2$, so $X_n=5^{n+2}(5^h-1)-4(-1)^n$. Then
$$X_1 - 5X_0 = \bigl[125(5^h-1)+4\bigr]-5\bigl[25(5^h-1)-4\bigr]=24.$$
If $11988\mid X_0$ and $11988\mid X_1$, then $11988\mid 24$, impossible since $11988>24$. So **$h$ must be even**.

**Even $h$.** When $h$ is even, $(-1)^h-1=0$, so $X_n=5^{n+2}(5^h-1)$. Since $\gcd(5,11988)=1$, the condition becomes
$$11988 \mid 5^h-1.$$
The smallest such $h$ is the multiplicative order of $5$ modulo $11988=4\cdot 81\cdot 37$, which is $\operatorname{lcm}(\operatorname{ord}_4(5),\operatorname{ord}_{81}(5),\operatorname{ord}_{37}(5))$.

- **Mod 4:** $5\equiv 1\pmod 4$, so $\operatorname{ord}=1$.
- **Mod 81:** $\varphi(81)=54$. Computing: $5^9\equiv 53$, $5^{18}\equiv 55$, $5^{27}\equiv -1\pmod{81}$, so $5^{54}\equiv 1$. Checking all proper divisors of $54$ (none give $1$; in particular $5^{27}\equiv -1$, $5^{18}\equiv 55$, $5^9\equiv 53$), the order is **$54$**.
- **Mod 37:** $\varphi(37)=36$. Computing: $5^9\equiv 6$, $5^{12}\equiv 10$, $5^{18}\equiv -1\pmod{37}$, so $5^{36}\equiv 1$. Checking proper divisors ($5^{18}\equiv -1$, $5^{12}\equiv 10$, $5^9\equiv 6$, $5^6\equiv 11$, $5^4\equiv -4$), the order is **$36$**.

Therefore
$$\operatorname{ord}_{11988}(5)=\operatorname{lcm}(1,54,36)=\operatorname{lcm}(54,36)=108.$$

Since $108$ is even, it satisfies the evenness requirement, and it is the smallest positive integer with $5^h\equiv 1\pmod{11988}$.

**Answer:** $\boxed{108}$.

### PROOF COMPLETE
DEVIN_CLI_EXITED code=0
