Error: Agent error: Permission denied: Permission denied: Reached overall message rate limit. Please try again later. Your limit will reset in 51 minutes. (trace ID: b6495dfb219d51634b7fc8bdd908ff4c): {
  "cognition.ai/errorKind": "internal",
  "cognition.ai/retryable": true
}
DEVIN_CLI_EXITED code=1
Error: Agent error: Permission denied: Permission denied: Reached overall message rate limit. Please try again later. Your limit will reset in 49 minutes. (trace ID: 3c78ee271c28a3596fafa84dc5015f2d): {
  "cognition.ai/errorKind": "internal",
  "cognition.ai/retryable": true
}
DEVIN_CLI_EXITED code=1
Error: Agent error: Permission denied: Permission denied: Reached overall message rate limit. Please try again later. Your limit will reset in 47 minutes. (trace ID: 1952d252c99fb06051f5c336a4ebe8b1): {
  "cognition.ai/errorKind": "internal",
  "cognition.ai/retryable": true
}
DEVIN_CLI_EXITED code=1
Error: Agent error: Permission denied: Permission denied: Reached overall message rate limit. Please try again later. Your limit will reset in 45 minutes. (trace ID: 3bd4850ffe5e857b83cda7c7ea5e999e): {
  "cognition.ai/errorKind": "internal",
  "cognition.ai/retryable": true
}
DEVIN_CLI_EXITED code=1
Error: Agent error: Permission denied: Permission denied: Reached overall message rate limit. Please try again later. Your limit will reset in 43 minutes. (trace ID: 1ecf550179c5cc6ac958cb4bbed1472f): {
  "cognition.ai/errorKind": "internal",
  "cognition.ai/retryable": true
}
DEVIN_CLI_EXITED code=1
Error: Agent error: Permission denied: Permission denied: Reached overall message rate limit. Please try again later. Your limit will reset in 41 minutes. (trace ID: 3433d7f8d203e5ee8e4c821cb7c7e7f3): {
  "cognition.ai/errorKind": "internal",
  "cognition.ai/retryable": true
}
DEVIN_CLI_EXITED code=1
Error: Agent error: Permission denied: Permission denied: Reached overall message rate limit. Please try again later. Your limit will reset in 39 minutes. (trace ID: 6684606ce0df4345bd0bfbb131b4662f): {
  "cognition.ai/errorKind": "internal",
  "cognition.ai/retryable": true
}
DEVIN_CLI_EXITED code=1
Error: Agent error: Permission denied: Permission denied: Reached overall message rate limit. Please try again later. Your limit will reset in 35 minutes. (trace ID: 2c4b753345bd05bf8462287a326b29f3): {
  "cognition.ai/errorKind": "internal",
  "cognition.ai/retryable": true
}
DEVIN_CLI_EXITED code=1
Error: Agent error: Permission denied: Permission denied: Reached overall message rate limit. Please try again later. Your limit will reset in 33 minutes. (trace ID: f3f97947021b72f97646c7978c2fbaa1): {
  "cognition.ai/errorKind": "internal",
  "cognition.ai/retryable": true
}
DEVIN_CLI_EXITED code=1
Error: Agent error: Permission denied: Permission denied: Reached overall message rate limit. Please try again later. Your limit will reset in 31 minutes. (trace ID: 67678b0ab211db2bc1b3970d09430b74): {
  "cognition.ai/errorKind": "internal",
  "cognition.ai/retryable": true
}
DEVIN_CLI_EXITED code=1
Error: Agent error: Permission denied: Permission denied: Reached overall message rate limit. Please try again later. Your limit will reset in 29 minutes. (trace ID: ebb78ced76f01cf43611ee239dcec71c): {
  "cognition.ai/errorKind": "internal",
  "cognition.ai/retryable": true
}
DEVIN_CLI_EXITED code=1
Error: Agent error: Permission denied: Permission denied: Reached overall message rate limit. Please try again later. Your limit will reset in 27 minutes. (trace ID: ba1561ec4b44a27bf05623a2d4d1449a): {
  "cognition.ai/errorKind": "internal",
  "cognition.ai/retryable": true
}
DEVIN_CLI_EXITED code=1
Error: Agent error: Permission denied: Permission denied: Reached overall message rate limit. Please try again later. Your limit will reset in 25 minutes. (trace ID: 53ea5091214d62ade4f5cbc68bbc2627): {
  "cognition.ai/errorKind": "internal",
  "cognition.ai/retryable": true
}
DEVIN_CLI_EXITED code=1
Error: Agent error: Permission denied: Permission denied: Reached overall message rate limit. Please try again later. Your limit will reset in 23 minutes. (trace ID: dbc071c7b04f0b3c39e56f7f8478cbc6): {
  "cognition.ai/errorKind": "internal",
  "cognition.ai/retryable": true
}
DEVIN_CLI_EXITED code=1
Error: Agent error: Permission denied: Permission denied: Reached overall message rate limit. Please try again later. Your limit will reset in 19 minutes. (trace ID: a3ebeaa0e64b8f10e59bb97c00859832): {
  "cognition.ai/errorKind": "internal",
  "cognition.ai/retryable": true
}
DEVIN_CLI_EXITED code=1
Error: Agent error: Permission denied: Permission denied: Reached overall message rate limit. Please try again later. Your limit will reset in 17 minutes. (trace ID: 89f3a4e77439b1da3539a056148e5ff6): {
  "cognition.ai/errorKind": "internal",
  "cognition.ai/retryable": true
}
DEVIN_CLI_EXITED code=1
Error: Agent error: Permission denied: Permission denied: Reached overall message rate limit. Please try again later. Your limit will reset in 15 minutes. (trace ID: ab3fc08c5073428c03c6cdd7de656a34): {
  "cognition.ai/errorKind": "internal",
  "cognition.ai/retryable": true
}
DEVIN_CLI_EXITED code=1
Error: Agent error: Permission denied: Permission denied: Reached overall message rate limit. Please try again later. Your limit will reset in 13 minutes. (trace ID: d8dc8945eca5f5fcf2f7cfddd8255daf): {
  "cognition.ai/errorKind": "internal",
  "cognition.ai/retryable": true
}
DEVIN_CLI_EXITED code=1
Error: Agent error: Permission denied: Permission denied: Reached overall message rate limit. Please try again later. Your limit will reset in 11 minutes. (trace ID: 8ffc27b8a013dabdd06995b89a988d1f): {
  "cognition.ai/errorKind": "internal",
  "cognition.ai/retryable": true
}
DEVIN_CLI_EXITED code=1
Error: Agent error: Permission denied: Permission denied: Reached overall message rate limit. Please try again later. Your limit will reset in 9 minutes. (trace ID: 6c5bc76b7b05dddfd2032a66d4efc0d6): {
  "cognition.ai/errorKind": "internal",
  "cognition.ai/retryable": true
}
DEVIN_CLI_EXITED code=1
Error: Agent error: Permission denied: Permission denied: Reached overall message rate limit. Please try again later. Your limit will reset in 7 minutes. (trace ID: 6033aea68e8fb0980fce5ea452827633): {
  "cognition.ai/errorKind": "internal",
  "cognition.ai/retryable": true
}
DEVIN_CLI_EXITED code=1
Error: Agent error: Permission denied: Permission denied: Reached overall message rate limit. Please try again later. Your limit will reset in 3 minutes. (trace ID: ddeb9d077707e5d0ab9a1f9a5d036740): {
  "cognition.ai/errorKind": "internal",
  "cognition.ai/retryable": true
}
DEVIN_CLI_EXITED code=1
Error: Agent error: Permission denied: Permission denied: Reached overall message rate limit. Please try again later. Your limit will reset in 1 minute. (trace ID: 26a09ec7de779a2da19bb7a02cdd60e6): {
  "cognition.ai/errorKind": "internal",
  "cognition.ai/retryable": true
}
DEVIN_CLI_EXITED code=1
```xml
<analysis>
  <problem_id>polymath_00612</problem_id>
  <dimension1_verdict>DIRECTION_ERROR</dimension1_verdict>
  <dimension1_explanation>The AI's thinking went in a fundamentally wrong direction. It spent extensive effort on a transition-variable framework (h, v), dual-function transformations (g = f ⊕ (i+j mod 2)), small-case enumeration (n=4,5,6), and domain-wall/topological-obstruction reasoning, but never considered the standard solution's key approach of counting grid separators and applying a parity argument to N. The AI was exploring constructions and local constraints rather than the global counting invariant that solves the problem.</dimension1_explanation>
  <dimension2_turning_point_type>other</dimension2_turning_point_type>
  <dimension2_explanation>The standard solution's key turning point is a global counting/parity argument: define N as the number of interior grid segments separating differently colored cells, derive N = (n-1)² + C - M by noting "other" squares contribute 2 separators and checkerboard squares contribute 4, then observe N must be even (each row/column starts and ends black, forcing an even number of color changes). With M=0 and (n-1)²=99² odd, C must be odd and thus ≥ 1. This is a separator-counting parity invariant, not modular-arithmetic grouping in the listed sense.</dimension2_turning_point_type>
  <ai_direction_summary>The AI explored transition variables, a self-dual checkerboard transformation, small-case enumeration, and domain-wall/topological-obstruction arguments to find constructions minimizing checkerboard squares, never arriving at the global separator-counting parity invariant.</ai_direction_summary>
  <standard_solution_key_technique>Count the total number N of grid segments separating differently colored cells, express N = (n-1)² + C - M via per-square separator counts, and use the parity constraint (N even because every row/column has black endpoints) to force C ≥ 1 when M=0 and (n-1)² is odd.</standard_solution_key_technique>
  <confidence>high</confidence>
</analysis>
```

### ANALYSIS COMPLETE
DEVIN_CLI_EXITED code=0
