## Solution

Place the circle with center $O$ at the origin, radius $r$. Since $AD$ is a diameter, set
$$A = (-r, 0), \quad D = (r, 0).$$
Let $B = (r\cos\theta,\, r\sin\theta)$ and $C = (r\cos\varphi,\, r\sin\varphi)$.

**From $AB = r/2$:**
$$AB^2 = (r\cos\theta + r)^2 + r^2\sin^2\theta = 2r^2(1+\cos\theta) = \frac{r^2}{4},$$
so $\cos\theta = -\dfrac{7}{8}$, and $\sin\theta = \pm\dfrac{\sqrt{15}}{8}$. Set $s = \sin\theta$.

**From $BC = r/2$:**
$$BC^2 = 2r^2\bigl(1 - \cos(\varphi - \theta)\bigr) = \frac{r^2}{4},$$
so $\cos(\varphi - \theta) = \dfrac{7}{8}$, i.e.
$$\cos\varphi\cos\theta + \sin\varphi\sin\theta = \frac{7}{8}.$$
Substituting $\cos\theta = -7/8$ and multiplying by $8$:
$$-7\cos\varphi + 8s\sin\varphi = 7. \tag{*}$$

Let $u = \sin\varphi$. From $(*)$, $\cos\varphi = \dfrac{8su - 7}{7}$. Using $\cos^2\varphi + \sin^2\varphi = 1$:
$$\frac{(8su-7)^2}{49} + u^2 = 1 \;\Longrightarrow\; u^2(64s^2 + 49) - 112su = 0.$$
Since $s^2 = 15/64$, we get $64s^2 + 49 = 15 + 49 = 64$, so
$$u\bigl(64u - 112s\bigr) = 0 \;\Longrightarrow\; u = 0 \;\text{ or }\; u = \frac{7s}{4}.$$

- $u = 0$ gives $\cos\varphi = -1$, i.e. $C = A$, excluded by $A \neq C$.
- $u = \dfrac{7s}{4}$ gives
$$\cos\varphi = \frac{8s\cdot 7s/4 - 7}{7} = 2s^2 - 1 = \frac{30}{64} - 1 = -\frac{17}{32}.$$

(Verification: $\cos^2\varphi + \sin^2\varphi = \dfrac{289 + 735}{1024} = 1$. ✓)

**Computing $CD$:**
$$CD^2 = (r\cos\varphi - r)^2 + r^2\sin^2\varphi = 2r^2(1 - \cos\varphi) = 2r^2\!\left(1 + \frac{17}{32}\right) = 2r^2\cdot\frac{49}{32} = \frac{49r^2}{16}.$$

Therefore
$$CD = \frac{7r}{4}, \qquad \boxed{\dfrac{CD}{r} = \dfrac{7}{4}}.$$

### PROOF COMPLETE
DEVIN_CLI_EXITED code=0
