## 答案泄露自检

我已检查问题文本，未发现任何泄露的答案、解答草图或形式化说明。该问题是一个纯粹的验证任务，未包含任何提示。现进行解答。

---

## 证明

**断言。** 对应于 $n$-单纯形 Delzant 多胞体的环面簇（toric variety）确实是 $\mathbb{P}^n$。

我们分三步进行证明：(1) 任何 Delzant 单纯形在格等价（lattice equivalence）意义下同构于标准单纯形；(2) 标准单纯形的正规扇（normal fan）是 $\mathbb{P}^n$ 的扇；(3) 因此，任何 $n$-单纯形 Delzant 多胞体的环面簇同构于 $\mathbb{P}^n$。

---

### 第一步：任何 Delzant 单纯形在格等价意义下同构于标准单纯形

设 $P \subset \mathbb{R}^n$ 是一个 Delzant 单纯形，其顶点为 $v_0, v_1, \ldots, v_n$。**Delzant 条件**要求在每个顶点 $v_i$ 处，从 $v_i$ 出发的边方向构成格 $N \cong \mathbb{Z}^n$ 的一个 $\mathbb{Z}$-基。

考虑顶点 $v_0$。从 $v_0$ 出发的边方向为 $w_i = v_i - v_0$，其中 $i = 1, \ldots, n$。根据 Delzant 条件，$\{w_1, \ldots, w_n\}$ 是 $N$ 的一个 $\mathbb{Z}$-基。因此，以 $v_0$ 为原点、以 $w_i$ 为基底的线性变换 $A$ 是 $\text{GL}(n, \mathbb{Z})$ 中的元素。

在变换 $x \mapsto A^{-1}(x - v_0)$ 下，单纯形 $P$ 映射到一个顶点为 $0, e_1, \ldots, e_n$ 的单纯形 $P'$，其中 $e_i$ 是标准基向量。这是一个格等价变换（仿射变换 $x \mapsto A^{-1}x - A^{-1}v_0$，其线性部分在 $\text{GL}(n,\mathbb{Z})$ 中，平移部分在 $N_\mathbb{R}$ 中）。

因此，$P'$ 正是**标准 $n$-单纯形**：
$$\Delta_n = \Big\{x \in \mathbb{R}^n_{\geq 0} : \sum_{i=1}^n x_i \leq 1\Big\}.$$

由于格等价的 Delzant 多胞体产生同构的环面簇，只需确定 $X_{\Delta_n}$ 即可。

---

### 第二步：$\Delta_n$ 的正规扇是 $\mathbb{P}^n$ 的扇

标准单纯形 $\Delta_n$ 具有 $n+1$ 个面：

| 面 | 定义不等式 | 内法向量 $u_i \in N$ |
|-----|--------------------------|--------------------------|
| $F_0$ | $\sum x_i \leq 1$ | $u_0 = (-1, -1, \ldots, -1)$ |
| $F_1$ | $x_1 \geq 0$ | $u_1 = e_1$ |
| $\vdots$ | $\vdots$ | $\vdots$ |
| $F_n$ | $x_n \geq 0$ | $u_n = e_n$ |

注意 $u_0 + u_1 + \cdots + u_n = 0$，即射线满足单一线性关系 $\sum_{i=0}^n u_i = 0$。

**$\Delta_n$ 的正规扇** $\Sigma_{\Delta_n}$ 的极大锥（maximal cones）对应于 $\Delta_n$ 的顶点。在顶点 $v$ 处，对应的锥由包含 $v$ 的面的内法向量生成：

- **顶点 $0$**：包含在 $F_1, \ldots, F_n$ 中。锥 $\sigma_0 = \langle u_1, \ldots, u_n \rangle = \langle e_1, \ldots, e_n \rangle$。
- **顶点 $e_k$** ($k = 1, \ldots, n$)：包含在 $F_0$ 和所有 $F_j$（$j \neq k$）中。锥 $\sigma_{e_k} = \langle u_0, u_1, \ldots, \widehat{u_k}, \ldots, u_n \rangle$。

因此 $\Sigma_{\Delta_n}$ 的极大锥恰好是由射线 $\{u_0, u_1, \ldots, u_n\}$ 中任意 $n$ 条生成的锥，即所有 $\langle u_{i_1}, \ldots, u_{i_n} \rangle$，其中 $\{i_1, \ldots, i_n\} \subseteq \{0, 1, \ldots, n\}$ 且 $|\{i_1, \ldots, i_n\}| = n$。共有 $\binom{n+1}{n} = n+1$ 个极大锥。

**这正是 $\mathbb{P}^n$ 的标准扇。** $\mathbb{P}^n$ 的扇由 $n+1$ 条射线 $\rho_0, \rho_1, \ldots, \rho_n$ 生成，其射线生成元满足 $v_0 + v_1 + \cdots + v_n = 0$，且极大锥为 $\sigma_i = \langle v_0, \ldots, \widehat{v_i}, \ldots, v_n \rangle$。令 $v_i = u_i$ 即可得到完全相同的扇。

---

### 第三步：结论

由 Delzant 构造，Delzant 多胞体 $P$ 的环面簇 $X_P$ 是正规扇 $\Sigma_P$ 的环面簇 $X_{\Sigma_P}$。根据第一步，任何 Delzant 单纯形在格等价意义下同构于 $\Delta_n$，因此其正规扇同构于 $\Sigma_{\Delta_n}$。根据第二步，$\Sigma_{\Delta_n}$ 是 $\mathbb{P}^n$ 的扇。因此：

$$X_P \;\cong\; X_{\Sigma_{\Delta_n}} \;\cong\; \mathbb{P}^n.$$

---

### 独立验证（通过 Picard 数）

我们可以通过 Picard 数进行验证。对于光滑完备环面簇 $X_\Sigma$，其 Picard 数为：
$$\rho(X_\Sigma) = \#\{\text{射线}\} - n.$$

对于 Delzant 单纯形，正规扇有 $n+1$ 条射线（每个面一条），因此：
$$\rho = (n+1) - n = 1.$$

**定理（Kleinschmidt, / Del Pezzo–type 分类）。** Picard 数为 1 的光滑完备环面簇同构于 $\mathbb{P}^n$。

*证明 sketch。* 光滑完备环面簇由其扇决定。当 $\rho = 1$ 时，恰好有 $n+1$ 条射线，满足单一关系 $\sum v_i = 0$。任何两组这样的射线生成元都通过 $\text{GL}(n, \mathbb{Z})$ 中的唯一元素相关联（因为任意 $n$ 个生成元构成一个 $\mathbb{Z}$-基，由 Delzant 条件保证），因此该扇在同构意义下唯一。由于 $\mathbb{P}^n$ 的扇是这样一个例子，因此 $\rho = 1$ 的唯一光滑完备环面簇就是 $\mathbb{P}^n$。$\square$

这证实了我们的结论：**对应于 $n$-单纯形 Delzant 多胞体的环面簇是 $\mathbb{P}^n$。**

---

### 总结

1. **任何 Delzant 单纯形在格等价意义下同构于标准单纯形 $\Delta_n$**（Delzant 条件迫使边方向在每个顶点处构成 $\mathbb{Z}$-基，从而产生格等价）。
2. **$\Delta_n$ 的正规扇是 $\mathbb{P}^n$ 的扇**（$n+1$ 条射线满足 $\sum u_i = 0$，极大锥为所有 $n$-子集锥）。
3. **环面簇在同构意义下唯一**（格等价的多胞体产生同构的环面簇）。

因此，对应于 $n$-单纯形 Delzant 多胞体的环面簇是 $\mathbb{P}^n$。$\blacksquare$

### PROOF COMPLETE
DEVIN_CLI_EXITED code=0
