I'll solve this directly in my reasoning and output the proof.

**Answer leak check:** The problem text contains no leaked answers, solutions, or solution sketches. Proceeding to solve.

## Proof

**Step 1: Factor $x^5 - 1$ over $\mathbb{F}_{13}$.**

$$x^5 - 1 = (x-1)\Phi_5(x), \quad \Phi_5(x) = x^4+x^3+x^2+x+1.$$

$\Phi_5(x)$ is irreducible over $\mathbb{F}_q$ iff $q$ is a primitive root mod $5$. Since $13 \equiv 3 \pmod{5}$ and $3^1\equiv3, 3^2\equiv4, 3^3\equiv2, 3^4\equiv1 \pmod{5}$, the order of $13$ mod $5$ is $4$, so $13$ is a primitive root mod $5$. Thus $\Phi_5(x)$ is irreducible of degree $4$ over $\mathbb{F}_{13}$.

Since $\gcd(5,13)=1$, $x^5-1$ is squarefree. Therefore every matrix $A$ with $A^5=I$ is **semisimple** (diagonalizable over $\overline{\mathbb{F}_{13}}$), and its elementary divisors are drawn from $\{x-1,\,\Phi_5(x)\}$, each used at most once per companion block.

**Step 2: Enumerate conjugacy classes.**

A $5\times 5$ matrix with $A^5=I$ has a rational canonical form that is a direct sum of companion matrices of elementary divisors from $\{x-1, \Phi_5(x)\}$, with total degree $5$. If $a$ = number of $(x-1)$ blocks and $b$ = number of $\Phi_5(x)$ blocks, then
$$a\cdot 1 + b\cdot 4 = 5.$$
The only nonneg integer solutions are:
- $(a,b)=(5,0)$: $A=I$.
- $(a,b)=(1,1)$: one $1\times1$ block $[1]$ and one $4\times4$ companion block $C(\Phi_5)$.

**Step 3: Count matrices in each class.**

The number of matrices in a conjugacy class is $|\mathrm{GL}_5(\mathbb{F}_{13})|\,/\,|\mathrm{Cent}(A)|$.

**Case 1: $A=I$.** The centralizer is all of $\mathrm{GL}_5$, so the count is $1$.

**Case 2: $A\sim \mathrm{diag}(1,\, C(\Phi_5))$.** Since $x-1$ and $\Phi_5(x)$ are coprime, the centralizer is
$$\mathrm{GL}_1(\mathbb{F}_{13})\times \mathrm{GL}_1(\mathbb{F}_{13^4}) = (\mathbb{F}_{13}^\times)\times(\mathbb{F}_{13^4}^\times),$$
so $|\mathrm{Cent}(A)| = (13-1)(13^4-1)$.

Now
$$|\mathrm{GL}_5(\mathbb{F}_{13})| = \prod_{i=0}^{4}(13^5-13^i)=13^{10}\prod_{j=1}^{5}(13^j-1).$$

Thus the count for Case 2 is:
$$\frac{13^{10}\,(13-1)(13^2-1)(13^3-1)(13^4-1)(13^5-1)}{(13-1)(13^4-1)} = 13^{10}(13^2-1)(13^3-1)(13^5-1).$$

**Step 4: Total count.**

$$N = 1 + 13^{10}(13^2-1)(13^3-1)(13^5-1).$$

**Step 5: Numerical evaluation.**

- $13^{10} = 137{,}858{,}491{,}849$
- $13^2-1 = 168$
- $13^3-1 = 2{,}196$
- $13^5-1 = 371{,}292$
- $168 \times 2{,}196 = 368{,}928$
- $368{,}928 \times 371{,}292 = 136{,}980{,}014{,}976$
- $137{,}858{,}491{,}849 \times 136{,}980{,}014{,}976 = 18{,}883{,}858{,}278{,}044{,}793{,}930{,}624$

$$\boxed{N = 1 + 13^{10}(13^2-1)(13^3-1)(13^5-1) = 18{,}883{,}858{,}278{,}044{,}793{,}930{,}625}$$

### PROOF COMPLETE
DEVIN_CLI_EXITED code=0
