## Answer

**No**, it does not follow. The condition $|\int f_n - \int f| \to 0$ controls only the difference of the integrals, which is subject to cancellation; it gives no control over $\int |f_n - f|$. Here is a counterexample.

---

### Counterexample

Work on the measure space $([0,1], \mathcal{L}, m)$ with Lebesgue measure. Define

$$f(x) = 0, \qquad f_n(x) = \sin(2\pi n x), \qquad g(x) = 1.$$

**Verification of the DCT hypotheses (except pointwise convergence).**

1. **Measurability.** Each $f_n$ is continuous, hence measurable; $f$ and $g$ are measurable.
2. **Domination.** $|f_n(x)| = |\sin(2\pi n x)| \le 1 = g(x)$ for all $x \in [0,1]$ and all $n$, and $g \equiv 1$ is integrable on $[0,1]$ since $\int_0^1 g = 1 < \infty$.
3. **Integrability of $f$.** $f \equiv 0$ is integrable.

We do **not** assume $f_n \to f$ pointwise, and indeed $\sin(2\pi n x)$ fails to converge for (Lebesgue-)almost every $x \in (0,1)$.

**The integral-difference condition holds.** For every $n$,

$$\int_0^1 f_n\,dm = \int_0^1 \sin(2\pi n x)\,dx = 0, \qquad \int_0^1 f\,dm = 0,$$

so

$$\left|\int f_n\,dm - \int f\,dm\right| = 0 \longrightarrow 0.$$

**Yet $\int |f_n - f| \not\to 0$.** We compute, via the substitution $u = 2\pi n x$:

$$\int_0^1 |f_n - f|\,dm = \int_0^1 |\sin(2\pi n x)|\,dx = \frac{1}{2\pi n}\int_0^{2\pi n}|\sin u|\,du = \frac{1}{2\pi n}\cdot n\int_0^{2\pi}|\sin u|\,du = \frac{1}{2\pi}\cdot 4 = \frac{2}{\pi}.$$

(Here $\int_0^{2\pi}|\sin u|\,du = 4$, since $|\sin|$ has period $\pi$ and $\int_0^{\pi}\sin u\,du = 2$.) Thus for every $n$,

$$\int_0^1 |f_n - f|\,dm = \frac{2}{\pi} > 0,$$

which is constant and in particular does **not** tend to $0$.

---

### Conclusion

The hypotheses of the dominated convergence theorem (minus pointwise convergence), together with $|\int f_n - \int f| \to 0$, are **not** sufficient to guarantee $\int |f_n - f| \to 0$. The obstruction is cancellation: the $f_n$ can oscillate so that their integrals agree with $\int f$ while remaining far from $f$ in $L^1$-norm. The sequence $f_n(x) = \sin(2\pi n x)$ on $[0,1]$ with $f \equiv 0$ and dominator $g \equiv 1$ is an explicit counterexample.

### PROOF COMPLETE
DEVIN_CLI_EXITED code=0
