Looking at this problem, I need to find the maximum of $\int_0^1 |f'(x)|^2 |f(x)| \frac{1}{\sqrt{x}}\,dx$ subject to $f(0)=0$ and $\int_0^1 |f'(x)|^2\,dx \le 1$.

## Proof

**Setup.** Let $g(x) = f'(x)$, so $f(x) = \int_0^x g(t)\,dt$. The constraint is $\int_0^1 g^2 \le 1$. Since the objective is increasing in $|g|$ and $|f|$, we may assume $g \ge 0$ (hence $f \ge 0$) and drop absolute values. We maximize
$$I = \int_0^1 g(x)^2\, \frac{f(x)}{\sqrt{x}}\,dx, \qquad f(x)=\int_0^x g(t)\,dt.$$

**Key inequality.** By Cauchy–Schwarz applied to $f(x) = \int_0^x g(t)\cdot 1\,dt$:
$$f(x) \le \left(\int_0^x g(t)^2\,dt\right)^{1/2}\!\cdot \sqrt{x}.$$

Therefore
$$\frac{f(x)}{\sqrt{x}} \le \left(\int_0^x g(t)^2\,dt\right)^{1/2}.$$

**Substitution.** Define $u(x) = \int_0^x g(t)^2\,dt$, so $u'(x) = g(x)^2$, $u(0)=0$, and $u(1) \le 1$. Then:
$$I \le \int_0^1 g(x)^2 \sqrt{u(x)}\,dx = \int_0^1 u'(x)\,\sqrt{u(x)}\,dx = \int_0^1 \sqrt{u}\,du = \frac{2}{3}\,u(1)^{3/2} \le \frac{2}{3}.$$

**Equality analysis.** Equality requires:
1. *Cauchy–Schwarz equality:* $g(t) \propto 1$ on $[0,x]$ for every $x$, i.e., $g$ is constant on $[0,1]$.
2. *Constraint tightness:* $u(1) = \int_0^1 g^2 = 1$.

Taking $g \equiv 1$ (so $c^2 = 1$), we get $f(x) = x$ and:
$$I = \int_0^1 1^2 \cdot \frac{x}{\sqrt{x}}\,dx = \int_0^1 \sqrt{x}\,dx = \frac{2}{3}.$$

Both conditions are satisfied, so the bound $\frac{2}{3}$ is achieved.

## Answer

The maximum value is $\boxed{\dfrac{2}{3}}$.

### PROOF COMPLETE
DEVIN_CLI_EXITED code=0
