Looking at this problem, I need to determine whether condition (2) implies condition (1) in the definition of subintegral extensions.

**Answer-leak check:** The problem text contains no leaked solutions or proof sketches. Proceeding.

---

Recall the standard definition (Swan): An extension $A \subseteq B$ is **subintegral** if (1) $\operatorname{Spec}(B) \to \operatorname{Spec}(A)$ is bijective, and (2) for every prime $\mathfrak{p}$ of $A$ and every prime $\mathfrak{q}$ of $B$ lying over $\mathfrak{p}$, the induced map on residue fields $\kappa(\mathfrak{p}) \to \kappa(\mathfrak{q})$ is an isomorphism.

**Claim:** Condition (2) does **not** imply condition (1).

**Counterexample.** Let $k$ be a field and consider the diagonal embedding
$$\varphi: k \hookrightarrow k \times k, \quad a \mapsto (a, a).$$
This is an injective ring homomorphism, so $k$ is a subring of $k \times k$.

**Integrality.** Every element $(a, b) \in k \times k$ satisfies the monic polynomial $t^2 - (a+b)t + ab \in k[t]$ (with coefficients embedded via $\varphi$). Verifying:
$$(a,b)^2 - (a+b)(a,b) + (ab)(1,1) = (a^2, b^2) - (a(a+b),\, b(a+b)) + (ab, ab) = (0, 0).$$
So $k \times k$ is integral over $k$.

**Condition (1) fails.** We have $\operatorname{Spec}(k) = \{(0)\}$ (one point), while
$$\operatorname{Spec}(k \times k) = \{\,\mathfrak{q}_1 = k \times 0,\;\; \mathfrak{q}_2 = 0 \times k\,\}$$
(two points). Both $\mathfrak{q}_1$ and $\mathfrak{q}_2$ contract to $(0)$ in $k$, so the map $\operatorname{Spec}(k \times k) \to \operatorname{Spec}(k)$ is 2-to-1, hence **not bijective**.

**Condition (2) holds.** The unique prime of $k$ is $(0)$, with $\kappa((0)) = k$. The two primes of $k \times k$ over $(0)$ have residue fields:
- $\kappa(\mathfrak{q}_1) = (k \times k)/(k \times 0) \cong k$, via $(a,b) \mapsto b$.
- $\kappa(\mathfrak{q}_2) = (k \times k)/(0 \times k) \cong k$, via $(a,b) \mapsto a$.

The induced map $\kappa((0)) = k \to \kappa(\mathfrak{q}_1) \cong k$ sends $a \mapsto (a,a) \mapsto a$ (the identity), and similarly $k \to \kappa(\mathfrak{q}_2) \cong k$ sends $a \mapsto (a,a) \mapsto a$ (the identity). Both are isomorphisms. ✓

**Conclusion.** The extension $k \hookrightarrow k \times k$ satisfies condition (2) (all residue field extensions are isomorphisms) and is integral, yet condition (1) fails (the spectrum map is not bijective). Therefore, condition (2) does **not** imply condition (1).

The essential reason is that condition (2) controls the residue fields at primes lying over $\mathfrak{p}$ but places no restriction on the **number** of such primes. The fiber $\operatorname{Spec}(B \otimes_A \kappa(\mathfrak{p}))$ can be a disjoint union of copies of $\operatorname{Spec}(\kappa(\mathfrak{p}))$ — each component having the correct residue field — without being a single point.

### PROOF COMPLETE
DEVIN_CLI_EXITED code=0
