```xml
<audit>
  <analysis_result_key>2290048</analysis_result_key>
  <problem_id>omni_math_003830</problem_id>
  <audit_status>PASS</audit_status>
  <check_results>
    <A1>PASS: dimension1_verdict is CONNECTION_ERROR, a valid value.</A1>
    <A2>PASS: dimension1_explanation is non-empty and well over 50 characters, describing a wrong-problem technical failure.</A2>
    <A3>PASS: dimension2_turning_point_type is "other", a valid enum value; provided even though d1=CONNECTION_ERROR allows null.</A3>
    <A4>PASS: dimension2_explanation is non-empty and well over 50 characters.</A4>
    <A5>PASS: ai_direction_summary is non-empty and describes the unrelated combinatorial game theory direction.</A5>
    <A6>PASS: standard_solution_key_technique is non-empty, describing mod 2 divisibility check.</A6>
    <B1>PASS: No XML tag leaks found in either explanation.</B1>
    <B2>PASS: No template placeholder leaks found in either explanation.</B2>
    <B3>PASS: Both explanations are well over 50 characters.</B3>
    <C1>PASS: d1=CONNECTION_ERROR permits d2 to be null; d2 is provided, which is acceptable.</C1>
    <C2>PASS: d1_exp describes a technical failure where wrong problem content was processed, consistent with the CONNECTION_ERROR label.</C2>
    <C3>PASS: d2_exp notes "Not applicable since CONNECTION_ERROR" and describes the standard solution's mod 2 technique, consistent with d2_type "other".</C3>
    <D1>N/A — d1 is CONNECTION_ERROR/TOKEN_LIMIT</D1>
    <D2>N/A — d1 is CONNECTION_ERROR/TOKEN_LIMIT</D2>
    <D3>N/A — d1 is CONNECTION_ERROR/TOKEN_LIMIT</D3>
    <D4>N/A — d1 is CONNECTION_ERROR/TOKEN_LIMIT</D4>
    <E1>UNKNOWN — check via script</E1>
  </check_results>
  <issues_found>none</issues_found>
</audit>
```

### AUDIT COMPLETE
DEVIN_CLI_EXITED code=0
