## Proof

**Setup.** Place the semicircle with diameter $AB = d$ on a circle of radius $R = d/2$, center $O$ at the origin, with $A$ at angle $\pi$ and $B$ at angle $0$. Points $C, D$ lie on the upper semicircle in order $B, C, D, A$, at angles $\alpha, \beta$ respectively with $0 < \alpha < \beta < \pi$.

**Chord length formula.** The chord between points at angles $\theta_1, \theta_2$ has length $2R\sin\!\left(\frac{|\theta_1-\theta_2|}{2}\right) = d\sin\!\left(\frac{|\theta_1-\theta_2|}{2}\right)$.

The three conditions give:
$$\sin\!\left(\tfrac{\alpha}{2}\right) = \frac{a}{d}, \qquad \sin\!\left(\tfrac{\beta-\alpha}{2}\right) = \frac{a}{d}, \qquad \sin\!\left(\tfrac{\pi-\beta}{2}\right) = \frac{b}{d}.$$

The last equation simplifies to $\cos\!\left(\frac{\beta}{2}\right) = \frac{b}{d}$.

**Key deduction.** Set $u = \frac{\alpha}{2}$ and $w = \frac{\beta-\alpha}{2}$. Both lie in $(0, \pi/2)$ and satisfy $\sin u = \sin w = \frac{a}{d}$. Since $\sin$ is injective on $(0, \pi/2)$, we get $u = w$, hence $\beta = 2\alpha$ and $\frac{\beta}{2} = 2u$.

**Algebraic relation.** Using $\cos(2u) = 1 - 2\sin^2 u$:
$$\frac{b}{d} = \cos(2u) = 1 - \frac{2a^2}{d^2} = \frac{d^2 - 2a^2}{d^2},$$
so $bd = d^2 - 2a^2$, i.e.,
$$d(d - b) = 2a^2. \tag{$\star$}$$

**Geometric constraints.** Since $0 < \beta = 2\alpha < \pi$, we need $\alpha < \pi/2$, i.e., $u < \pi/4$, giving $\frac{a}{d} < \frac{\sqrt{2}}{2}$, i.e., $a < \frac{d}{\sqrt{2}}$. Also $b < d$ and $b > 0$.

**Search for minimum $d$.** From ($\star$), $b = d - \frac{2a^2}{d}$, so $d \mid 2a^2$. We need $a, b, d$ **distinct** positive integers with $a < d/\sqrt{2}$ and $0 < b < d$.

| $d$ | condition $d \mid 2a^2$ | valid $a$ (with $a < d/\sqrt{2}$) | $b = (d^2-2a^2)/d$ | distinct? |
|-----|--------------------------|-----------------------------------|---------------------|-----------|
| 2 | always | $a=1$ | $b=1$ | $a=b$: **no** |
| 3 | $3 \mid a$ | none ($a=3$ too large) | — | — |
| 4 | $2 \mid a$ | $a=2$ | $b=2$ | $a=b$: **no** |
| 5 | $5 \mid a$ | none ($a=5$ too large) | — | — |
| 6 | $3 \mid a$ | $a=3$ | $b=3$ | $a=b$: **no** |
| 7 | $7 \mid a$ | none ($a=7$ too large) | — | — |
| **8** | $8 \mid 2a^2$, i.e., $2 \mid a$ | $a=2$ | $b = (64-8)/8 = 7$ | $2, 7, 8$ **all distinct: yes** |

**Verification for $d=8$, $a=2$, $b=7$:**
- $\sin u = 2/8 = 1/4$, so $u = \arcsin(1/4) \approx 14.48° < 45°$. ✓
- $\cos(2u) = 1 - 2(1/4)^2 = 1 - 1/8 = 7/8 = b/d$. ✓
- $BC = 8\sin u = 2 = a$. ✓
- $CD = 8\sin u = 2 = a$. ✓
- $DA = 8\cos(2u) = 7 = b$. ✓
- $a=2, b=7, d=8$ are distinct positive integers. ✓

No $d < 8$ yields distinct $a, b, d$, and $d = 8$ works.

The minimum possible value of $d$ is $\boxed{8}$.

### PROOF COMPLETE
DEVIN_CLI_EXITED code=0
