## Answer Leak Self-Check

The problem text contains only the problem statement — no solution sketch, no embedded answers, no Lean formalization revealing the answer. Proceeding to solve.

---

## Proof

### 1. Reduction to a first-order periodic system

Set $y_1 = u$, $y_2 = u'$. Then
$$
-u'' + q(x)u = \lambda u \quad\Longleftrightarrow\quad u'' = (q(x)-\lambda)u,
$$
so the scalar equation is equivalent to the first-order system
$$
\frac{d}{dx}\begin{pmatrix} y_1 \\ y_2 \end{pmatrix}
= A(x,\lambda)\begin{pmatrix} y_1 \\ y_2 \end{pmatrix},
\qquad
A(x,\lambda) = \begin{pmatrix} 0 & 1 \\ q(x)-\lambda & 0 \end{pmatrix}.
$$
Since $q$ is continuous and $1$-periodic, $A(x+1,\lambda)=A(x,\lambda)$, and $A$ is continuous in $x$. Standard ODE theory gives a unique fundamental matrix solution $\Phi(x,\lambda)$ with $\Phi(0,\lambda)=I$.

### 2. The monodromy matrix and Floquet multipliers

The **monodromy matrix** is
$$
M(\lambda) := \Phi(1,\lambda).
$$
Its eigenvalues $\rho_1(\lambda), \rho_2(\lambda)$ are, by definition, the **Floquet multipliers** of the equation.

**Determinant.** By Liouville's formula,
$$
\det M(\lambda) = \det\Phi(1,\lambda) = \exp\!\Big(\int_0^1 \operatorname{tr} A(x,\lambda)\,dx\Big).
$$
Since $\operatorname{tr} A(x,\lambda) = 0 + 0 = 0$,
$$
\det M(\lambda) = e^{0} = 1.
$$
Hence
$$
\boxed{\rho_1(\lambda)\,\rho_2(\lambda) = 1.}
$$

**Characteristic equation.** Let
$$
\Delta(\lambda) := \operatorname{tr} M(\lambda),
$$
the **Hill discriminant** (or Lyapunov function). The multipliers are the roots of
$$
\rho^2 - \Delta(\lambda)\,\rho + 1 = 0,
$$
namely
$$
\boxed{\rho_{1,2}(\lambda) = \frac{\Delta(\lambda) \pm \sqrt{\Delta(\lambda)^2 - 4}}{2}.}
$$

### 3. Floquet representation of solutions

By Floquet's theorem, every solution of the system (hence every solution of the original scalar equation) can be written as
$$
u(x) = c_1\, e^{\mu_1 x}\, p_1(x) + c_2\, e^{\mu_2 x}\, p_2(x),
$$
where $p_{1,2}$ are $1$-periodic functions and $\mu_{1,2}$ are the **Floquet exponents**, related to the multipliers by
$$
\rho_{1,2} = e^{\mu_{1,2}}.
$$
The relation $\rho_1\rho_2=1$ translates to $\mu_1 + \mu_2 \in 2\pi i\,\mathbb{Z}$; in particular $\operatorname{Re}\mu_1 + \operatorname{Re}\mu_2 = 0$.

### 4. Significance for boundedness — three regimes

The behavior of solutions is governed entirely by $|\Delta(\lambda)|$ relative to $2$.

**Regime (a): $|\Delta(\lambda)| < 2$ — stability bands.**
Then $\Delta(\lambda)^2 - 4 < 0$, so the multipliers are a complex-conjugate pair on the unit circle:
$$
\rho_{1,2} = e^{\pm i\theta(\lambda)}, \qquad \theta(\lambda) = \arccos\!\tfrac{\Delta(\lambda)}{2} \in (0,\pi).
$$
Here $|\rho_1|=|\rho_2|=1$, so $\operatorname{Re}\mu_1 = \operatorname{Re}\mu_2 = 0$. Both Floquet solutions are bounded (in fact quasi-periodic), and **every solution is bounded on $\mathbb{R}$**. The corresponding $\lambda$-values form the **stability zones** (spectral bands) of the periodic operator.

**Regime (b): $|\Delta(\lambda)| > 2$ — instability gaps.**
Then $\Delta(\lambda)^2 - 4 > 0$, so the multipliers are real and distinct with $\rho_1\rho_2=1$:
$$
\rho_1 = \rho,\quad \rho_2 = 1/\rho, \qquad |\rho| \neq 1.
$$
One of $|\rho|, |1/\rho|$ exceeds $1$, giving an exponent with positive real part. The corresponding Floquet solution grows exponentially as $x\to+\infty$ (or $-\infty$). Therefore **generic solutions are unbounded**; only the special one-dimensional subspace spanned by the decaying Floquet solution stays bounded in one direction. These $\lambda$-values form the **instability zones** (spectral gaps).

**Regime (c): $|\Delta(\lambda)| = 2$ — band edges.**
The multiplier is double: $\rho = +1$ (if $\Delta = +2$) or $\rho = -1$ (if $\Delta = -2$). Two sub-cases:
- *Semisimple case:* $M(\lambda)$ is diagonalizable, i.e. $M = \pm I$. There are two linearly independent periodic ($\rho=+1$) or anti-periodic ($\rho=-1$) solutions, and **all solutions are bounded**.
- *Non-semisimple (Jordan) case:* $M(\lambda)$ has a nontrivial Jordan block. There is one bounded (periodic/anti-periodic) solution and a second, linearly independent solution of the form $u(x) = x\,p(x) + \tilde p(x)$ with $p,\tilde p$ periodic, which **grows linearly** and is unbounded. Generic solutions are unbounded.

The band edges $\lambda$ with $|\Delta(\lambda)|=2$ are precisely the endpoints of the spectral bands/gaps of the periodic Schrödinger operator.

### 5. Summary

The Floquet multipliers of $-u''+q(x)u=\lambda u$ with $q$ continuous and $1$-periodic are the eigenvalues of the monodromy matrix $M(\lambda)=\Phi(1,\lambda)$:
$$
\rho_{1,2}(\lambda) = \frac{\Delta(\lambda)\pm\sqrt{\Delta(\lambda)^2-4}}{2}, \qquad \rho_1\rho_2 = 1,
$$
where $\Delta(\lambda)=\operatorname{tr} M(\lambda)$ is the Hill discriminant. Their significance for boundedness:

| Regime | Multipliers | Boundedness of solutions |
|---|---|---|
| $|\Delta|<2$ | $e^{\pm i\theta}$ on unit circle | All solutions bounded (stability band) |
| $|\Delta|>2$ | real $\rho, 1/\rho$, $|\rho|\neq 1$ | Generic solutions unbounded (instability gap) |
| $|\Delta|=2$ | double $\rho=\pm 1$ | All bounded if $M=\pm I$; otherwise one bounded + one linearly growing |

Thus the Floquet multipliers completely classify, via their modulus, which $\lambda$ admit only bounded solutions (bands) versus those admitting unbounded solutions (gaps), giving the band-gap structure of the periodic Schrödinger operator's spectrum.

### PROOF COMPLETE
DEVIN_CLI_EXITED code=0
