## Answer Leak Check

The problem text contains only the integral statement — no solutions, sketches, or formalization notes. No leak detected.

## Solution

We evaluate $\displaystyle \oint_{|z|=3} \frac{1}{\sin^2 z}\,dz = \oint_{|z|=3} \csc^2 z\,dz$.

**Step 1: Locate the singularities.**

$\csc^2 z$ has poles where $\sin z = 0$, i.e. at $z = n\pi$ for $n \in \mathbb{Z}$. These are double poles (since $\sin z$ has simple zeros, $\sin^2 z$ has double zeros).

**Step 2: Determine which poles lie inside $|z| = 3$.**

We need $|n\pi| < 3$, i.e. $|n| < 3/\pi \approx 0.955$. The only integer satisfying this is $n = 0$. Hence the only pole enclosed by the contour is at $z = 0$.

**Step 3: Compute the residue at $z = 0$.**

Using the well-known Laurent expansion of $\cot z$,
$$\cot z = \frac{1}{z} - \frac{z}{3} - \frac{z^3}{45} - \cdots,$$
and the identity $\csc^2 z = -\frac{d}{dz}\cot z$, we differentiate term-by-term:
$$\csc^2 z = -\frac{d}{dz}\!\left(\frac{1}{z} - \frac{z}{3} - \frac{z^3}{45} - \cdots\right) = \frac{1}{z^2} + \frac{1}{3} + \frac{z^2}{15} + \cdots.$$

Equivalently, from $\sin z = z - z^3/6 + \cdots$ we get $\sin^2 z = z^2(1 - z^2/3 + \cdots)$, so
$$\csc^2 z = \frac{1}{z^2}\cdot\frac{1}{1 - z^2/3 + \cdots} = \frac{1}{z^2} + \frac{1}{3} + \cdots.$$

In either form, the Laurent series contains only even powers of $z$: $\frac{1}{z^2} + \frac{1}{3} + \frac{z^2}{15} + \cdots$. In particular, the coefficient of $z^{-1}$ is
$$\operatorname{Res}(\csc^2 z,\, 0) = 0.$$

**Step 4: Apply the residue theorem.**

$$\oint_{|z|=3} \csc^2 z\,dz = 2\pi i \sum_{\text{poles inside}} \operatorname{Res} = 2\pi i \cdot \operatorname{Res}(\csc^2 z,\, 0) = 2\pi i \cdot 0 = 0.$$

**Conclusion.**

$$\boxed{\displaystyle \oint_{|z|=3} \frac{1}{\sin^2 z}\,dz = 0.}$$

### PROOF COMPLETE
DEVIN_CLI_EXITED code=0
