## 答案泄露自检

已扫描题目文本。未发现泄露的答案、解答或证明草图。继续进行求解。

---

## 证明

我们希望验证

$$\int_{\mathbb{R}} |x|^{3/2} e^{-x^2/t}\, dx = C\, t^{5/4}$$

其中 $t>0$，并确定常数 $C$（涉及 Gamma 函数）。

### 第一步：对称性

被积函数关于 $x$ 是偶函数（$|x|^{3/2}$ 是偶函数，$e^{-x^2/t}$ 是偶函数）。因此

$$I(t) := \int_{\mathbb{R}} |x|^{3/2} e^{-x^2/t}\, dx = 2\int_{0}^{\infty} x^{3/2} e^{-x^2/t}\, dx.$$

### 第二步：缩放——提取 $t$ 的幂次

令 $u = x/\sqrt{t}$，即 $x = \sqrt{t}\,u$，$dx = \sqrt{t}\,du$。则

$$I(t) = 2\int_{0}^{\infty} (\sqrt{t}\,u)^{3/2} e^{-u^2}\, \sqrt{t}\,du = 2\, t^{3/4}\cdot t^{1/2}\int_{0}^{\infty} u^{3/2} e^{-u^2}\, du = 2\, t^{5/4}\int_{0}^{\infty} u^{3/2} e^{-u^2}\, du.$$

这证实了 $t$ 的幂次确实是 $t^{5/4}$，因此该恒等式以

$$C = 2\int_{0}^{\infty} u^{3/2} e^{-u^2}\, du$$

的形式成立。接下来我们用 Gamma 函数来计算这个常数。

### 第三步：通过 Gamma 函数计算常数

使用标准代换 $s = u^2$，即 $u = s^{1/2}$，$du = \tfrac{1}{2}s^{-1/2}ds$：

$$\int_{0}^{\infty} u^{3/2} e^{-u^2}\, du = \int_{0}^{\infty} s^{3/4}\, e^{-s}\cdot \tfrac{1}{2} s^{-1/2}\, ds = \tfrac{1}{2}\int_{0}^{\infty} s^{1/4}\, e^{-s}\, ds = \tfrac{1}{2}\,\Gamma\!\left(\tfrac{5}{4}\right),$$

因为根据 Gamma 函数的定义，对于 $\alpha > 0$，有 $\Gamma(\alpha) = \int_{0}^{\infty} s^{\alpha-1}e^{-s}\,ds$，这里 $\alpha - 1 = 1/4$，所以 $\alpha = 5/4$。

因此

$$C = 2 \cdot \tfrac{1}{2}\,\Gamma\!\left(\tfrac{5}{4}\right) = \Gamma\!\left(\tfrac{5}{4}\right).$$

### 第四步：最终结果

$$\boxed{\int_{\mathbb{R}} |x|^{3/2} e^{-x^2/t}\, dx = \Gamma\!\left(\tfrac{5}{4}\right)\, t^{5/4}}, \qquad t > 0.$$

该恒等式成立，且 $C = \Gamma(5/4)$。

### 通用方法（适用于 $\int_{\mathbb{R}} |x|^{p}\, e^{-x^2/t}\,dx$，其中 $p>-1$）

同样的换元法给出了通用公式。由对称性和 $u = x/\sqrt{t}$：

$$\int_{\mathbb{R}} |x|^{p}\, e^{-x^2/t}\, dx = 2\, t^{(p+1)/2}\int_{0}^{\infty} u^{p}\, e^{-u^2}\, du.$$

然后令 $s = u^2$：

$$\int_{0}^{\infty} u^{p}\, e^{-u^2}\, du = \tfrac{1}{2}\int_{0}^{\infty} s^{(p-1)/2}\, e^{-s}\, ds = \tfrac{1}{2}\,\Gamma\!\left(\tfrac{p+1}{2}\right).$$

所以

$$\int_{\mathbb{R}} |x|^{p}\, e^{-x^2/t}\, dx = \Gamma\!\left(\tfrac{p+1}{2}\right)\, t^{(p+1)/2}, \qquad p > -1,\ t>0.$$

取 $p = 3/2$ 即可恢复 $t^{(3/2+1)/2} = t^{5/4}$ 和 $\Gamma(5/4)$，与上述结果一致。

### 证明完成
DEVIN_CLI_EXITED code=0
