让我先分析这个群的结构，然后用 Python 验证。## 分析与解答

### 第一步：识别群的结构

观察乘法表，计算各元素的阶：

| 元素 | 幂运算 | 阶 |
|------|--------|-----|
| $e$ | $e$ | 1 |
| $x_2$ | $x_2^1=x_2,\; x_2^2=x_3,\; x_2^3=x_1,\; x_2^4=e$ | **4** |
| $x_3$ | $x_3^1=x_3,\; x_3^2=e$ | **2** |
| $x_1$ | $x_1^1=x_1,\; x_1^2=x_3,\; x_1^3=x_2,\; x_1^4=e$ | **4** |

$x_2$ 的阶为 4，且 $x_2^0=e,\; x_2^1=x_2,\; x_2^2=x_3,\; x_2^3=x_1$，恰好生成全部 4 个元素。

$$G = \langle x_2 \rangle \cong \mathbb{Z}_4$$

这是一个**4 阶循环群**。

### 第二步：用 Lagrange 定理确定子群的可能阶

$|G|=4$，子群的阶必须整除 4，故子群阶只能为 $1, 2, 4$。

### 第三步：逐一确定各阶子群

**阶 1**：平凡子群 $\{e\}$。

**阶 2**：需含一个阶为 2 的元素。唯一阶 2 元素是 $x_3 = x_2^2$，故子群为 $\{e, x_3\}$。

**阶 4**：整个群 $G = \{e, x_2, x_3, x_1\}$。

### 第四步：Python 验证

用穷举法检查所有 $\binom{4}{r}$ 个子集是否满足子群三条件（含单位元、闭合、含逆元），结果恰好确认了上述三个子群，无遗漏。

### 最终答案

群 $G$ 的所有子群为：

$$\boxed{\{e\},\quad \{e,\, x_3\},\quad \{e,\, x_2,\, x_3,\, x_1\}}$$

**证毕。**

> 补充说明：循环群 $\mathbb{Z}_4$ 的子群与 4 的正因子一一对应——阶 1 对应 $\{e\}$，阶 2 对应 $\langle x_2^2 \rangle = \{e, x_3\}$，阶 4 对应 $G$ 本身。这验证了我们的结果是完备的。
