Looking at this problem, I need to determine for which $a \in \mathbb{R}$ the function $f_n$ is in $L^1(D)$ for all $n \geq 1$.

**Answer-leak check:** The problem statement contains no solutions, hints, or formalization notes. Proceeding.

---

## Setup and Reduction

**Domain analysis.** $D = \{(x,y,z): 1 < x^2+y^2+z < 2\}$. For each $(x,y) \in \mathbb{R}^2$, $z$ ranges over the interval $(1-x^2-y^2,\; 2-x^2-y^2)$ of length 1.

**Interpretation of $\arctan^a$.** This denotes $(\arctan(|x|+|y|))^a$. Since $|x|+|y| \geq 0$, we have $\arctan(|x|+|y|) \in [0, \pi/2)$.

**Integrate out $z$.** Since the integrand is independent of $z$ except for the $e^z$ factor:

$$\int_{1-x^2-y^2}^{2-x^2-y^2} e^z\,dz = e^{2-x^2-y^2} - e^{1-x^2-y^2} = (e-1)\,e^{1-x^2-y^2}.$$

So

$$\|f_n\|_{L^1(D)} = (e-1)\int_{\mathbb{R}^2} \frac{\arctan^a(|x|+|y|)\,e^{1-x^2-y^2}}{n^4+4x^2+y^2}\,dx\,dy.$$

---

## Analysis of Convergence

**The $n$-dependence is harmless.** For all $n \geq 1$ and all $(x,y)$, $n^4 + 4x^2 + y^2 \geq 1$, so the denominator is bounded below by a positive constant. The convergence condition is identical for every $n$; it suffices to analyze $n=1$ (or any fixed $n$).

**Behavior at infinity.** As $|x|+|y| \to \infty$, $\arctan(|x|+|y|) \to \pi/2$, so $\arctan^a(|x|+|y|) \to (\pi/2)^a$, which is a finite constant for any $a \in \mathbb{R}$. Meanwhile $e^{1-x^2-y^2}$ decays super-exponentially. The integral at infinity **always converges**, regardless of $a$.

**Behavior near the origin (the critical region).** Near $(x,y) = (0,0)$:
- $\arctan(|x|+|y|) \sim |x|+|y|$,
- $e^{1-x^2-y^2} \sim e$,
- $n^4 + 4x^2 + y^2 \sim n^4$.

So the integrand behaves like $\frac{e}{n^4}(|x|+|y|)^a$.

**Polar coordinates.** Set $x = r\cos\theta$, $y = r\sin\theta$, so $|x|+|y| = r(|\cos\theta|+|\sin\theta|)$ and $dx\,dy = r\,dr\,d\theta$. Near $r=0$:

$$\int_0^{\varepsilon}\int_0^{2\pi} r^a\bigl(|\cos\theta|+|\sin\theta|\bigr)^a \cdot r\,d\theta\,dr = \left(\int_0^{2\pi}(|\cos\theta|+|\sin\theta|)^a\,d\theta\right)\int_0^{\varepsilon} r^{a+1}\,dr.$$

The angular integral is **finite for all $a$**, since $|\cos\theta|+|\sin\theta| \in [1, \sqrt{2}]$ is bounded above and below by positive constants, so $(|\cos\theta|+|\sin\theta|)^a$ is bounded for any $a$.

The radial integral $\int_0^{\varepsilon} r^{a+1}\,dr$ converges if and only if $a+1 > -1$, i.e.,

$$a > -2.$$

---

## Verification of Boundary Cases

- **$a = -2$:** $\int_0^{\varepsilon} r^{-1}\,dr = \ln r\big|_0^{\varepsilon} = +\infty$. Diverges. ✗
- **$a < -2$:** $a+1 < -1$, the radial integral diverges even more strongly. ✗
- **$a > -2$:** $a+1 > -1$, radial integral converges, angular integral converges, infinity integral converges. ✓

The singularity at $(x,y)=(0,0)$ (where $\arctan(0)=0$ and $0^a = +\infty$ for $a<0$) occurs on a set of measure zero (the line segment $\{0\}\times\{0\}\times(1,2)$), so it does not affect $L^1$ membership — only the integrability of the surrounding region matters, which is governed by the radial condition above.

---

## Conclusion

The function $f_n \in L^1(D)$ for all $n \geq 1$ if and only if

$$\boxed{a \in (-2, +\infty)}.$$

### PROOF COMPLETE
DEVIN_CLI_EXITED code=0
