Error: Agent error: Permission denied: Permission denied: Reached overall message rate limit. Please try again later. Your limit will reset in 7 minutes. (trace ID: a24c06d77363e87a46114e29c8a9e433): {
  "cognition.ai/errorKind": "internal",
  "cognition.ai/retryable": true
}
DEVIN_CLI_EXITED code=1
Error: Agent error: Permission denied: Permission denied: Reached overall message rate limit. Please try again later. Your limit will reset in 12 minutes. (trace ID: 8e64e08997b5b43a36dd3accdd451e1a): {
  "cognition.ai/errorKind": "internal",
  "cognition.ai/retryable": true
}
DEVIN_CLI_EXITED code=1
Error: Agent error: Your daily usage quota has been exhausted. Visit https://app.devin.ai/settings/usage to purchase on-demand usage or turn on auto-reload. (trace ID: 14be7929ab372a5db1da5f71312438e1): {
  "cognition.ai/errorKind": "resource_exhausted",
  "cognition.ai/retryable": true
}
DEVIN_CLI_EXITED code=1
```xml
<audit>
  <analysis_result_key>2272346</analysis_result_key>
  <problem_id>polymath_00315</problem_id>
  <audit_status>FAIL_INCOMPLETE</audit_status>
  <check_results>
    <A1>PASS: dimension1_verdict is DIRECTION_ERROR, a valid value.</A1>
    <A2>PASS: dimension1_explanation is non-empty and well over 50 characters, with detailed content.</A2>
    <A3>PASS: dimension2_turning_point_type is "other", which is in the allowed list, and d1=DIRECTION_ERROR so the check applies.</A3>
    <A4>FAIL: dimension2_explanation is [null], empty and far below the 50-character minimum.</A4>
    <A5>PASS: ai_direction_summary is non-empty and describes the AI's actual pursued direction.</A5>
    <A6>PASS: standard_solution_key_technique is non-empty and describes the zigzag construction technique.</A6>
    <B1>PASS: dimension1_explanation contains no XML tag leaks; dimension2_explanation is null so no leak possible.</B1>
    <B2>PASS: dimension1_explanation contains no template placeholder leaks; dimension2_explanation is null.</B2>
    <B3>PASS: dimension1_explanation is well over 50 characters; dimension2_explanation is null but B3 is evaluated on the non-null field which passes — however d2_exp null is captured under A4.</B3>
    <C1>FAIL: d1=DIRECTION_ERROR requires d2 to have a value, but dimension2_explanation is null.</C1>
    <C2>PASS: dimension1_explanation describes a wrong conjecture (n-2 vs n-3) and chasing wrong constructions, consistent with DIRECTION_ERROR.</C2>
    <C3>FAIL: dimension2_explanation is null, so it cannot be consistent with dimension2_turning_point_type="other".</C3>
    <D1>PASS: dimension1_explanation is over 100 characters and contains action verbs ("claimed", "chasing", "trying", "worked").</D1>
    <D2>FAIL: dimension2_explanation is null, not operable and contains no mathematical term.</D2>
    <D3>PASS: ai_direction_summary concretely describes the AI pursuing n-2 via threshold/half-graph/anti-threshold/star constructions.</D3>
    <D4>PASS: standard_solution_key_technique describes the specific zigzag/nested graph construction and inductive upper bound.</D4>
    <E1>UNKNOWN — check via script</E1>
  </check_results>
  <issues_found>dimension2_explanation is null (A4 fail), d1=DIRECTION_ERROR but d2 missing (C1 fail), d2_exp cannot match d2_type (C3 fail), D2 not operable due to null d2_exp</issues_found>
</audit>
```

### AUDIT COMPLETE
DEVIN_CLI_EXITED code=0
