# Solution

**Answer: Yes, it is possible.** In fact, by the Weak Duality Theorem of linear programming, whenever the primal is unbounded, the dual is *necessarily* infeasible. The two conditions are not merely compatible — the first **implies** the second.

## Proof

### Theoretical Foundation (Weak Duality)

**Weak Duality Theorem.** Consider a primal-dual pair in symmetric form:

$$\text{(P)} \quad \max\; c^T x \quad \text{s.t.}\quad Ax \le b,\; x \ge 0$$

$$\text{(D)} \quad \min\; b^T y \quad \text{s.t.}\quad A^T y \ge c,\; y \ge 0$$

For any feasible $x$ of (P) and any feasible $y$ of (D):

$$c^T x \le b^T y.$$

*Proof of weak duality:* Since $Ax \le b$ and $y \ge 0$: $y^T A x \le y^T b = b^T y$. Since $A^T y \ge c$ and $x \ge 0$: $x^T A^T y \ge x^T c = c^T x$. But $y^T A x = x^T A^T y$, so $c^T x \le b^T y$. $\square$

### Key Implication

**Claim.** If (P) is unbounded, then (D) is infeasible.

*Proof.* Suppose (P) is unbounded, meaning there exists a sequence of feasible $\{x_k\}$ with $c^T x_k \to +\infty$. Suppose for contradiction that (D) has a feasible solution $\bar y$. By weak duality, $c^T x_k \le b^T \bar y$ for all $k$. But $c^T x_k \to +\infty$ while $b^T \bar y$ is a fixed finite number — contradiction. Therefore (D) has no feasible solution, i.e., (D) is infeasible. $\square$

This shows that **primal unbounded ⟹ dual infeasible** is a theorem, not a coincidence. The two conditions can always coexist — they coexist precisely when the primal is unbounded.

### Concrete Construction

To demonstrate that such an assignment of $a, b, c, d, e, f, g, h$ exists, we construct an explicit example. Consider the primal with two variables and one constraint:

$$\text{(P)} \quad \max\; x_1 \quad \text{s.t.}\quad -x_1 + x_2 \le 0, \quad x_1, x_2 \ge 0.$$

**Feasibility and unboundedness:** For any $t \ge 0$, set $x_1 = x_2 = t$. Then $-t + t = 0 \le 0$ ✓, and $x_1, x_2 \ge 0$ ✓. The objective value is $x_1 = t \to +\infty$ as $t \to \infty$. So (P) is **unbounded**.

The corresponding dual is:

$$\text{(D)} \quad \min\; 0 \cdot y \quad \text{s.t.}\quad -y \ge 1, \quad y \ge 0.$$

**Infeasibility of (D):** The constraint $-y \ge 1$ gives $y \le -1$, while $y \ge 0$ requires $y \ge 0$. No $y$ satisfies both $y \le -1$ and $y \ge 0$. So (D) is **infeasible**. $\square$

### Conclusion

The answer is **yes**. By the Weak Duality Theorem, primal unboundedness forces dual infeasibility — they are not contradictory but rather causally linked. The explicit construction above (with parameters chosen so the primal has a feasible ray along which the objective grows without bound, while the dual constraints become mutually contradictory) confirms that such an assignment of $a, b, c, d, e, f, g, h$ is achievable.

### PROOF COMPLETE
DEVIN_CLI_EXITED code=0
