## Proof

This is the **Butterfly Theorem for an ellipse**. We reduce to the classical circle case by an affine transformation, then prove the circle case by coordinates.

---

### Step 1. Affine reduction to a circle

Every ellipse is the image of a circle under an affine transformation. Affine transformations preserve:

- lines and collinearity,
- ratios of lengths along a line (hence **midpoints**),
- conics (a circle maps to an ellipse and vice versa),
- chords and their intersections.

Apply an affine map $T$ sending the given ellipse to a circle. Under $T$ the configuration becomes:

- $U,V \mapsto U',V'$ on a circle, with $M' = T(M)$ the midpoint of chord $U'V'$,
- chords $AB, CD$ through $M$ $\mapsto$ chords $A'B', C'D'$ through $M'$,
- $P = UV \cap AC \mapsto P' = U'V' \cap A'C'$, and $Q = UV \cap BD \mapsto Q' = U'V' \cap B'D'$.

Since affine maps preserve midpoints, "$M$ is the midpoint of $PQ$" is equivalent to "$M'$ is the midpoint of $P'Q'$." Thus it suffices to prove the theorem for a circle.

---

### Step 2. Coordinate proof for the circle

Place $M'$ at the origin and chord $U'V'$ along the $x$-axis. Then
$$U' = (-a,0),\qquad V' = (a,0)$$
for some $a>0$. Since $M'$ is the midpoint of chord $U'V'$, the center $O$ of the circle lies on the perpendicular through $M'$, say $O = (0,h)$. The radius satisfies $r^{2} = a^{2}+h^{2}$, so the circle is
$$x^{2}+(y-h)^{2}=a^{2}+h^{2}.\tag{1}$$

**Chord $A'B'$ through $M'$ at angle $\alpha$.** A point on this chord is $(t\cos\alpha,\, t\sin\alpha)$. Substituting into (1):
$$t^{2}-2h\,t\sin\alpha - a^{2}=0.$$
Let the two roots be $t_{1},t_{2}$. Then
$$t_{1}+t_{2}=2h\sin\alpha,\qquad t_{1}t_{2}=-a^{2},\tag{2}$$
and
$$A'=(t_{1}\cos\alpha,\,t_{1}\sin\alpha),\quad B'=(t_{2}\cos\alpha,\,t_{2}\sin\alpha).$$

**Chord $C'D'$ through $M'$ at angle $\beta$.** Likewise, with parameter $s$:
$$s^{2}-2h\,s\sin\beta - a^{2}=0,\qquad s_{1}+s_{2}=2h\sin\beta,\quad s_{1}s_{2}=-a^{2},\tag{3}$$
and
$$C'=(s_{1}\cos\beta,\,s_{1}\sin\beta),\quad D'=(s_{2}\cos\beta,\,s_{2}\sin\beta).$$

**Intersection $P' = A'C' \cap \text{$x$-axis}$.** A point on line $A'C'$ is $A'+\lambda(C'-A')$. Setting the $y$-coordinate to $0$ gives $\lambda = \dfrac{t_{1}\sin\alpha}{t_{1}\sin\alpha - s_{1}\sin\beta}$, and the $x$-coordinate is
$$x_{P'}=\frac{t_{1}s_{1}\,\sin(\alpha-\beta)}{t_{1}\sin\alpha - s_{1}\sin\beta}.\tag{4}$$

**Intersection $Q' = B'D' \cap \text{$x$-axis}$.** By the identical computation with indices $2$:
$$x_{Q'}=\frac{t_{2}s_{2}\,\sin(\alpha-\beta)}{t_{2}\sin\alpha - s_{2}\sin\beta}.\tag{5}$$

**Showing $x_{P'}+x_{Q'}=0$.** Factor out $\sin(\alpha-\beta)$ and combine the two fractions. The numerator of the sum is
$$t_{1}s_{1}\bigl(t_{2}\sin\alpha - s_{2}\sin\beta\bigr)+t_{2}s_{2}\bigl(t_{1}\sin\alpha - s_{1}\sin\beta\bigr).$$

Expanding and regrouping:
$$= t_{1}t_{2}\sin\alpha\,(s_{1}+s_{2}) \;-\; s_{1}s_{2}\sin\beta\,(t_{1}+t_{2}).$$

Using (2) and (3):
$$= (-a^{2})\sin\alpha\cdot 2h\sin\beta \;-\; (-a^{2})\sin\beta\cdot 2h\sin\alpha = -2a^{2}h\sin\alpha\sin\beta + 2a^{2}h\sin\alpha\sin\beta = 0.$$

Therefore
$$x_{P'}+x_{Q'}=0.$$

Since $M'=(0,0)$ lies on the $x$-axis and $P',Q'$ are on the $x$-axis with coordinates summing to $0$, the origin $M'$ is the midpoint of $\overline{P'Q'}$.

---

### Step 3. Conclusion

By Step 2, $M'$ is the midpoint of $P'Q'$ in the circle. Applying the inverse affine transformation $T^{-1}$ (which preserves midpoints), $M$ is the midpoint of $\overline{PQ}$ on the original ellipse. $\blacksquare$

### PROOF COMPLETE
DEVIN_CLI_EXITED code=0
