## Solution

**Setup.** Place the sphere of radius $R$ centered at the origin, with the cone's axis along the $z$-axis. Let the cone's vertex be at $z = R$ (top of the sphere) and its base circle lie in the plane $z = R - h$, where $h$ is the height of the cone. Since the base circle lies on the sphere, its radius is

$$r = \sqrt{R^2 - (R-h)^2} = \sqrt{2Rh - h^2} = \sqrt{h(2R-h)}.$$

The slant height is

$$\ell = \sqrt{r^2 + h^2} = \sqrt{h(2R-h) + h^2} = \sqrt{2Rh}.$$

**Surface area.** The total surface area (base + lateral) is

$$S = \pi r^2 + \pi r\ell = \pi h(2R-h) + \pi\sqrt{h(2R-h)}\cdot\sqrt{2Rh}.$$

Since $\sqrt{h(2R-h)}\cdot\sqrt{2Rh} = h\sqrt{2R(2R-h)}$,

$$\frac{S}{\pi} = h(2R-h) + h\sqrt{2R(2R-h)} = f(h).$$

**Differentiation.** Let $a = 2R$. Then $f(h) = ah - h^2 + h\sqrt{a}\sqrt{a-h}$.

$$f'(h) = a - 2h + \sqrt{a}\sqrt{a-h} - \frac{h\sqrt{a}}{2\sqrt{a-h}}.$$

Setting $f'(h)=0$ and combining the square-root terms:

$$a - 2h + \sqrt{a}\cdot\frac{2(a-h)-h}{2\sqrt{a-h}} = 0,$$

$$a - 2h + \frac{\sqrt{a}(2a-3h)}{2\sqrt{a-h}} = 0.$$

Multiplying through by $2\sqrt{a-h}$:

$$2(a-2h)\sqrt{a-h} + \sqrt{a}(2a-3h) = 0. \tag{*}$$

**Sign analysis.** Since $\sqrt{a-h}>0$, a solution requires $\operatorname{sgn}(a-2h) = -\operatorname{sgn}(2a-3h)$, which gives $\frac{a}{2} < h < \frac{2a}{3}$.

**Solving.** Substitute $h = ax$ ($0<x<1$) and square equation $(*)$:

$$4(1-2x)^2(1-x) = (2-3x)^2.$$

Expanding both sides:

$$4(1-5x+8x^2-4x^3) = 4-12x+9x^2,$$

$$4 - 20x + 32x^2 - 16x^3 = 4 - 12x + 9x^2,$$

$$-8x + 23x^2 - 16x^3 = 0,$$

$$x(16x^2 - 23x + 8) = 0.$$

The quadratic gives

$$x = \frac{23 \pm \sqrt{529-512}}{32} = \frac{23 \pm \sqrt{17}}{32}.$$

Numerically: $x_1 = \frac{23-\sqrt{17}}{32} \approx 0.590$ and $x_2 = \frac{23+\sqrt{17}}{32} \approx 0.848$.

Only $x_1 \approx 0.590$ lies in the required interval $(\tfrac{1}{2}, \tfrac{2}{3})$; $x_2$ is extraneous (introduced by squaring, fails the sign condition). Thus there is a **unique** critical point.

**Maximum verification.** As $h \to 0^+$, $r \to 0$ so $S \to 0$. As $h \to 2R^-$, $r \to 0$ so $S \to 0$. Since $S$ is continuous and positive on $(0,\, 2R)$ and has exactly one interior critical point, that point is the global maximum.

**Result.** With $h = ax = 2R \cdot \frac{23-\sqrt{17}}{32}$:

$$\boxed{h = \frac{(23-\sqrt{17})\,R}{16}}.$$

### PROOF COMPLETE
