Looking at this problem, I need to evaluate $\sum_{k=0}^{\infty} \frac{1}{F_{2^k}}$.

**Numerical check.** $F_1=1, F_2=1, F_4=3, F_8=21, F_{16}=987, F_{32}=2178309$. The partial sum is $1+1+\frac13+\frac1{21}+\frac1{987}+\cdots \approx 2.381966\ldots$, which equals $\frac{7-\sqrt5}{2} = 4-\phi$. Now I prove this exactly.

---

**Proof.**

Let $L_n$ denote the Lucas numbers ($L_0=2, L_1=1, L_{n+2}=L_{n+1}+L_n$). We use two standard identities:

1. **$F_{2n} = F_n\, L_n$** (doubling formula for Fibonacci).
2. **$L_{2n} = L_n^2 - 2(-1)^n$** (doubling formula for Lucas).

From these, for every $k \geq 1$ (so that $2^k$ is even and $(-1)^{2^k}=1$):
$$L_{2^{k+1}} = L_{2^k}^2 - 2. \tag{$\ast$}$$

**Key telescoping identity.** For $k \geq 1$:
$$\frac{L_{2^k}}{F_{2^k}} - \frac{L_{2^{k+1}}}{F_{2^{k+1}}} = \frac{L_{2^k}\,F_{2^{k+1}} - L_{2^{k+1}}\,F_{2^k}}{F_{2^k}\,F_{2^{k+1}}}.$$

Using $F_{2^{k+1}} = F_{2^k}\,L_{2^k}$ (identity 1), the numerator becomes
$$L_{2^k}\cdot F_{2^k}\,L_{2^k} - L_{2^{k+1}}\cdot F_{2^k} = F_{2^k}\!\left(L_{2^k}^2 - L_{2^{k+1}}\right) = F_{2^k}\cdot 2,$$
where the last equality uses ($\ast$). Therefore
$$\frac{L_{2^k}}{F_{2^k}} - \frac{L_{2^{k+1}}}{F_{2^{k+1}}} = \frac{2\,F_{2^k}}{F_{2^k}\,F_{2^{k+1}}} = \frac{2}{F_{2^{k+1}}}, \qquad k \geq 1. \tag{$\ast\ast$}$$

**Telescoping.** Summing ($\ast\ast$) from $k=1$ to $N$:
$$\sum_{k=1}^{N}\frac{2}{F_{2^{k+1}}} = \frac{L_2}{F_2} - \frac{L_{2^{N+1}}}{F_{2^{N+1}}}.$$

Since $L_2 = 3$ and $F_2 = 1$, the first term is $3$. For the limit, using Binet's formulas $F_n = \frac{\phi^n - \psi^n}{\sqrt5}$ and $L_n = \phi^n + \psi^n$ (where $\phi=\frac{1+\sqrt5}{2}$, $\psi=\frac{1-\sqrt5}{2}$, $|\psi|<1$):
$$\frac{L_n}{F_n} = \sqrt5\cdot\frac{\phi^n+\psi^n}{\phi^n-\psi^n} \;\longrightarrow\; \sqrt5 \quad\text{as } n\to\infty.$$

Hence
$$\sum_{k=1}^{\infty}\frac{2}{F_{2^{k+1}}} = 3 - \sqrt5, \qquad\text{i.e.,}\qquad \sum_{k=2}^{\infty}\frac{1}{F_{2^k}} = \frac{3-\sqrt5}{2}.$$

**Completing the sum.** The first two terms ($k=0$ and $k=1$) are $\frac{1}{F_1}+\frac{1}{F_2} = 1+1 = 2$. Therefore
$$\sum_{k=0}^{\infty}\frac{1}{F_{2^k}} = 2 + \frac{3-\sqrt5}{2} = \frac{4+3-\sqrt5}{2} = \boxed{\dfrac{7-\sqrt5}{2}}.$$

Equivalently, since $\phi = \frac{1+\sqrt5}{2}$, this equals $4 - \phi$.

### PROOF COMPLETE
DEVIN_CLI_EXITED code=0
