## Solution

**Answer: Yes.** The hyperspace of nonempty, closed, convex subsets of $X$, equipped with the Hausdorff metric topology, is a compact metric space.

---

### Setup and notation

Let $(E, d)$ be a metric linear space: a topological vector space whose topology is induced by a metric $d$, so that addition $E \times E \to E$ and scalar multiplication $\mathbb{R} \times E \to E$ are continuous. Let $X \subseteq E$ be nonempty, compact, and convex.

Denote by $\mathcal{F}(X)$ the family of all nonempty closed subsets of $X$, and by $\mathcal{C}(X) \subseteq \mathcal{F}(X)$ the subfamily of nonempty closed **convex** subsets of $X$. Since $X$ is compact, every closed subset of $X$ is bounded, so the Hausdorff metric
$$d_H(A, B) = \max\Bigl(\sup_{a \in A} d(a, B),\ \sup_{b \in B} d(b, A)\Bigr), \qquad d(a, B) := \inf_{b \in B} d(a, b),$$
is finite on $\mathcal{F}(X)$. It is a genuine metric (not merely a pseudometric) on $\mathcal{F}(X)$, since $d_H(A, B) = 0$ with $A, B$ closed forces $A = B$. Hence its restriction to $\mathcal{C}(X)$ is a metric.

The proof proceeds in three steps.

---

### Step 1. $\mathcal{F}(X)$ is compact (Hausdorff's theorem)

We show $\mathcal{F}(X)$ is totally bounded and complete.

**Total boundedness.** Fix $\varepsilon > 0$. By compactness of $X$, cover $X$ by finitely many open balls $B_1, \dots, B_N$ of radius $\varepsilon/2$. For each $A \in \mathcal{F}(X)$ define the *index set*
$$I(A) = \{\, i \in \{1,\dots,N\} : A \cap B_i \neq \emptyset \,\} \neq \emptyset.$$
There are only finitely many nonempty subsets of $\{1,\dots,N\}$. For each nonempty $I \subseteq \{1,\dots,N\}$, choose once and for all a representative $A_I \in \mathcal{F}(X)$ with $I(A_I) = I$ (e.g. the finite set of centers of the balls $B_i$, $i \in I$, which is closed and nonempty).

Given any $A \in \mathcal{F}(X)$ with $I(A) = I$:
- For every $a \in A$, some $B_i$ with $i \in I$ contains $a$, and $A_I$ meets $B_i$, so $d(a, A_I) < \varepsilon$. Hence $\sup_{a \in A} d(a, A_I) < \varepsilon$.
- Symmetrically, for every $b \in A_I$, some $B_i$ with $i \in I$ contains $b$, and $A$ meets $B_i$, so $d(b, A) < \varepsilon$. Hence $\sup_{b \in A_I} d(b, A) < \varepsilon$.

Thus $d_H(A, A_I) < \varepsilon$. The finite family $\{A_I\}$ is an $\varepsilon$-net, so $\mathcal{F}(X)$ is totally bounded.

**Completeness.** Let $(A_n)$ be a $d_H$-Cauchy sequence in $\mathcal{F}(X)$. Define
$$A = \bigcap_{k=1}^{\infty} \overline{\bigcup_{n \geq k} A_n}.$$
As a decreasing intersection of nonempty closed subsets of the compact space $X$, each $\overline{\bigcup_{n \geq k} A_n}$ is nonempty compact, so $A$ is nonempty and closed. A standard argument shows $d_H(A_n, A) \to 0$: the Cauchy property gives $\sup_{a \in A_n} d(a, A) \to 0$ (every limit point of a tail lies in $A$), and $\sup_{b \in A} d(b, A_n) \to 0$ (every point of $A$ is a limit of points from $A_n$ using the Cauchy property and the definition of $A$). Hence $\mathcal{F}(X)$ is complete.

Being totally bounded and complete, $\mathcal{F}(X)$ is compact.

---

### Step 2. $\mathcal{C}(X)$ is closed in $\mathcal{F}(X)$

Since $\mathcal{F}(X)$ is metrizable, it suffices to check sequential closedness. Let $(C_n)$ be a sequence in $\mathcal{C}(X)$ with $C_n \to C$ in $d_H$ for some $C \in \mathcal{F}(X)$. We show $C$ is convex.

Let $x, y \in C$ and $\lambda \in [0, 1]$; set $z = \lambda x + (1 - \lambda) y$. We must show $z \in C$.

From $d_H(C_n, C) \to 0$ we have $\sup_{b \in C} d(b, C_n) \to 0$, so for each $n$ there exist $x_n, y_n \in C_n$ with $x_n \to x$ and $y_n \to y$. By convexity of $C_n$,
$$z_n := \lambda x_n + (1 - \lambda) y_n \in C_n.$$
By continuity of the vector operations in the metric linear space, $z_n \to \lambda x + (1 - \lambda) y = z$.

On the other hand, $d_H(C_n, C) \to 0$ also gives $\sup_{a \in C_n} d(a, C) \to 0$, so $d(z_n, C) \to 0$. Combining $z_n \to z$ with $d(z_n, C) \to 0$ yields $d(z, C) = 0$. Since $C$ is closed, $z \in C$.

Therefore $C$ is convex, i.e. $C \in \mathcal{C}(X)$. Hence $\mathcal{C}(X)$ is closed in $\mathcal{F}(X)$.

---

### Step 3. Conclusion

$\mathcal{C}(X)$ is a closed subset of the compact metric space $\mathcal{F}(X)$. A closed subset of a compact space is compact. Therefore $(\mathcal{C}(X), d_H)$ is a compact metric space.

---

### Summary

- The full hyperspace $\mathcal{F}(X)$ of nonempty closed subsets of a compact metric space $X$ is compact under the Hausdorff metric (Step 1, via total boundedness and completeness).
- Convexity is preserved under Hausdorff limits because the vector operations in a metric linear space are continuous, so the subfamily $\mathcal{C}(X)$ of nonempty closed convex subsets is closed in $\mathcal{F}(X)$ (Step 2).
- A closed subset of a compact space is compact (Step 3).

Hence the hyperspace of nonempty, closed, convex subsets of $X$ with the Hausdorff metric topology **is a compact metric space**.

### PROOF COMPLETE
DEVIN_CLI_EXITED code=0
