## Proof

Let $\xi, \eta$ be linearly independent vector fields on an open set $U \subseteq \mathbb{R}^2$. Since they are independent at every point, $\{\xi, \eta\}$ forms a **frame** for the tangent bundle over $U$. Hence the Lie bracket $[\xi, \eta]$ can be uniquely written as a linear combination

$$[\xi, \eta] = a\,\xi + b\,\eta$$

for some smooth functions $a, b$ on $U$.

### Step 1: Reduce the problem to two ODEs

Using the standard identity for the Lie bracket of scaled vector fields,

$$[fX, gY] = fg\,[X,Y] + f\,(Xg)\,Y - g\,(Yf)\,X,$$

we compute

$$[f\xi, g\eta] = fg\,[\xi,\eta] + f\,(\xi g)\,\eta - g\,(\eta f)\,\xi.$$

Substituting $[\xi,\eta] = a\,\xi + b\,\eta$ and collecting the $\xi$- and $\eta$-components (which are independent, so each coefficient must vanish separately):

$$[f\xi, g\eta] = \bigl(fga - g\,(\eta f)\bigr)\,\xi + \bigl(fgb + f\,(\xi g)\bigr)\,\eta = 0.$$

Assuming $f, g \neq 0$, this is equivalent to the system

$$\text{(1)}\quad \eta(f) = a\,f, \qquad \text{(2)}\quad \xi(g) = -b\,g.$$

### Step 2: Solve each equation along integral curves

**Equation (1):** Let $\gamma(t)$ be an integral curve of $\eta$, i.e., $\dot\gamma(t) = \eta(\gamma(t))$. Along $\gamma$, equation (1) becomes the linear ODE

$$\frac{df}{dt} = a(\gamma(t))\,f,$$

whose general solution is

$$f(\gamma(t)) = C\,\exp\!\Bigl(\int_0^t a(\gamma(s))\,ds\Bigr),$$

where $C$ is a constant along each integral curve — equivalently, a function of the transverse coordinate. Since $\eta$ is nonvanishing (it is part of an independent pair), its integral curves foliate $U$ locally, and a transversal curve exists. Assigning arbitrary smooth initial data on such a transversal and extending along $\eta$-curves, the **existence and uniqueness theorem for ODEs** guarantees a local smooth solution $f$.

**Equation (2):** Identically, along each integral curve of $\xi$,

$$\frac{dg}{dt} = -b(\gamma(t))\,g \implies g(\gamma(t)) = D\,\exp\!\Bigl(-\int_0^t b(\gamma(s))\,ds\Bigr),$$

and a local smooth solution $g$ exists by the same argument.

### Step 3: Verify

With $f$ satisfying $\eta(f) = af$ and $g$ satisfying $\xi(g) = -bg$, substituting back:

$$[f\xi, g\eta] = \bigl(fga - g\cdot af\bigr)\,\xi + \bigl(fgb + f\cdot(-bg)\bigr)\,\eta = 0\cdot\xi + 0\cdot\eta = 0.$$

### Conclusion

**Yes**, such functions $f$ and $g$ always exist (locally). The problem reduces to two independent linear first-order ODEs along the integral curves of $\eta$ and $\xi$ respectively, each of which is solvable by the standard existence theorem for ODEs. The rescaled vector fields $f\xi$ and $g\eta$ then commute, which is equivalent to the existence of local coordinates in which $f\xi = \partial/\partial u$ and $g\eta = \partial/\partial v$.

### PROOF COMPLETE
DEVIN_CLI_EXITED code=0
