Looking at this problem, I need to determine whether $D^+$ is dense in $X \otimes B$ under the projective tensor product topology, where $X$ is locally convex, $D \subset X$ is dense, and $B$ is a Banach space with Schauder basis $\{b_i\}$.

**Answer leak check:** The problem text contains only the problem statement and procedural constraints. No solutions, proof sketches, or answer values are present.

---

## Proof

**Claim:** Yes, $D^+$ is dense in $X \otimes B$ with respect to the projective tensor product topology.

**Setup.** Since $X$ is locally convex and $B$ is Banach, the projective topology on $X \otimes B$ is generated by the family of seminorms
$$\pi_p(u) = \inf\Bigl\{\sum_{i} p(x_i)\,\|y_i\|_B \;:\; u = \sum_i x_i \otimes y_i\Bigr\},$$
where $p$ ranges over all continuous seminorms on $X$. For a simple tensor, $\pi_p(x \otimes y) \le p(x)\,\|y\|_B$ (using the trivial representation), with equality by a Hahn–Banach argument.

Since $\{b_j\}$ is a Schauder basis, every $y \in B$ has a unique expansion $y = \sum_{j=1}^\infty \alpha_j(y)\, b_j$ converging in $B$-norm, where each coordinate functional $\alpha_j: B \to \mathbb{R}$ is continuous.

---

**Step 1: Reduction to basis-aligned tensors.**

Let $u = \sum_{i=1}^m x_i \otimes y_i \in X \otimes B$ be arbitrary. Define the partial sums
$$u_n \;=\; \sum_{j=1}^{n}\Bigl(\sum_{i=1}^m \alpha_j(y_i)\, x_i\Bigr) \otimes b_j \;=:\; \sum_{j=1}^n z_j \otimes b_j, \qquad z_j \in X.$$

Then
$$u - u_n \;=\; \sum_{i=1}^m x_i \otimes \Bigl(y_i - \sum_{j=1}^n \alpha_j(y_i)\, b_j\Bigr),$$
so for every continuous seminorm $p$ on $X$:
$$\pi_p(u - u_n) \;\le\; \sum_{i=1}^m p(x_i)\,\Bigl\|y_i - \sum_{j=1}^n \alpha_j(y_i)\, b_j\Bigr\|_B \;\xrightarrow{n\to\infty}\; 0,$$
since each $y_i$ has a convergent Schauder expansion. Thus $u_n \to u$ in the projective topology, and every $u \in X \otimes B$ is approximated by finite sums $\sum_{j=1}^n z_j \otimes b_j$ with $z_j \in X$.

---

**Step 2: Approximation of $X$-components by elements of $D$.**

Let $u_n = \sum_{j=1}^n z_j \otimes b_j$ with $z_j \in X$, and let $p_1, \dots, p_k$ be continuous seminorms on $X$ with tolerance $\varepsilon > 0$. Since $D$ is dense in $X$, for each $j \in \{1,\dots,n\}$ there exists $d_j \in D$ such that
$$p_\ell(z_j - d_j) \;<\; \frac{\varepsilon}{2\,n\,\|b_j\|_B} \qquad \text{for all } \ell = 1,\dots,k$$
(if $b_j = 0$ the term is trivially zero; otherwise $\|b_j\|_B > 0$ since a Schauder basis consists of nonzero vectors).

Set $\beta_j = 1$ for all $j$. Then $v := \sum_{j=1}^n d_j \otimes b_j \in D^+$, and
$$\pi_{p_\ell}(u_n - v) \;\le\; \sum_{j=1}^n p_\ell(z_j - d_j)\,\|b_j\|_B \;<\; \frac{\varepsilon}{2}, \qquad \ell = 1,\dots,k.$$

---

**Step 3: Combining.**

Choose $n$ large enough (Step 1) so that $\pi_{p_\ell}(u - u_n) < \varepsilon/2$ for all $\ell$. Then by Step 2, there exists $v \in D^+$ with $\pi_{p_\ell}(u_n - v) < \varepsilon/2$. By the triangle inequality:
$$\pi_{p_\ell}(u - v) \;\le\; \pi_{p_\ell}(u - u_n) + \pi_{p_\ell}(u_n - v) \;<\; \varepsilon, \qquad \ell = 1,\dots,k.$$

Since the seminorms $p_1,\dots,p_k$ and $\varepsilon > 0$ were arbitrary, this shows that every neighborhood of $u$ in the projective topology contains an element of $D^+$. As $u \in X \otimes B$ was arbitrary, $D^+$ is dense in $X \otimes B$ with the projective tensor product topology. $\blacksquare$

### PROOF COMPLETE
DEVIN_CLI_EXITED code=0
