Looking at this problem, I need to determine whether non-tangential limits on a dense set (extendable to a continuous boundary function) force an analytic function to extend continuously to the closed disk.

**Answer: No, it is not sufficient.**

## Proof (by counterexample)

Let $\{\zeta_k\}_{k=1}^\infty$ be a countable dense subset of $\partial\mathbb{D}$. For each $k$, define points approaching $\zeta_k$ radially:

$$a_{k,n} = \left(1 - \frac{1}{2^k n^2}\right)\zeta_k, \quad n = 1, 2, 3, \ldots$$

Each $a_{k,n} \in \mathbb{D}$ and $a_{k,n} \to \zeta_k$ along the radius to $\zeta_k$ as $n \to \infty$. Note $|a_{k,n}| \geq 1/2 > 0$ for all $k,n$.

### Step 1: The Blaschke condition holds

$$\sum_{k=1}^\infty \sum_{n=1}^\infty (1 - |a_{k,n}|) = \sum_{k=1}^\infty \sum_{n=1}^\infty \frac{1}{2^k n^2} = \left(\sum_{k=1}^\infty \frac{1}{2^k}\right)\!\left(\sum_{n=1}^\infty \frac{1}{n^2}\right) = \frac{\pi^2}{6} < \infty.$$

Since the Blaschke condition is satisfied, the Blaschke product

$$B(z) = \prod_{k=1}^\infty \prod_{n=1}^\infty \frac{|a_{k,n}|}{a_{k,n}} \cdot \frac{a_{k,n} - z}{1 - \overline{a_{k,n}}\, z}$$

converges to a non-constant bounded analytic function on $\mathbb{D}$ with $|B(z)| \le 1$, whose zero set is exactly $\{a_{k,n}\}$.

### Step 2: Non-tangential limit is $0$ at each $\zeta_k$

For each fixed $k$, the sequence $\{a_{k,n}\}_n$ lies on the radius to $\zeta_k$, hence inside every Stolz angle at $\zeta_k$. Since $B(a_{k,n}) = 0$ for all $n$ and $B$ is bounded ($|B|\le 1$), **Lindelöf's theorem** applies: a bounded holomorphic function that converges to a limit along a sequence tending non-tangentially to a boundary point has that value as its non-tangential limit there. Therefore

$$\angle\!\lim_{z \to \zeta_k} B(z) = 0 \quad \text{for every } k.$$

### Step 3: The hypothesis is satisfied

The non-tangential limit of $B$ is $0$ at every point of the dense set $\{\zeta_k\}$. The continuous function $g \equiv 0$ on $\partial\mathbb{D}$ extends these values. Thus $f = B$ satisfies the hypothesis of the problem.

### Step 4: $B$ does NOT extend continuously to $\overline{\mathbb{D}}$

Since $B$ is a Blaschke product, it is an **inner function**: by Fatou's theorem for bounded analytic functions, $|B^*(e^{i\theta})| = 1$ for almost every $\theta \in [0, 2\pi)$.

Suppose for contradiction that $B$ extended continuously to $\overline{\mathbb{D}}$. Then the boundary function $B^*$ would be continuous on $\partial\mathbb{D}$. Since the non-tangential limit at each $\zeta_k$ is $0$ and must agree with the continuous extension on the boundary:

$$B^*(\zeta_k) = 0 \quad \text{for all } k.$$

By continuity of $B^*$ and density of $\{\zeta_k\}$ in $\partial\mathbb{D}$, this forces $B^* \equiv 0$ on $\partial\mathbb{D}$. But this contradicts $|B^*| = 1$ almost everywhere.

Therefore $B$ cannot be extended to a continuous function on $\overline{\mathbb{D}}$.

### Conclusion

The Blaschke product $B$ is analytic on $\mathbb{D}$, has non-tangential limits (equal to $0$) on the dense set $\{\zeta_k\} \subset \partial\mathbb{D}$, and these values extend to the continuous function $g \equiv 0$ on $\partial\mathbb{D}$. Yet $B$ does **not** extend continuously to $\overline{\mathbb{D}}$. Hence the stated conditions are **not sufficient**.

The key distinction is that a *dense* set can have measure zero, so Privalov's uniqueness theorem (which requires positive measure) does not apply, and the boundary behavior on a measure-zero dense set cannot control the function globally.

### PROOF COMPLETE
DEVIN_CLI_EXITED code=0
