## Solution

**Setup.** Place $A=(0,0)$ and $B=(8,0)$. Let $\angle A = \alpha$, $\angle B = \beta$, with $\alpha+\beta=120°$. Since $AD=BC=5$ and the plot is convex (with $C,D$ on the same side of $AB$):

$$D = (5\cos\alpha,\; 5\sin\alpha),\qquad C = (8-5\cos\beta,\; 5\sin\beta).$$

**Goal.** The area of $\triangle ABE$ equals $\tfrac12\cdot AB\cdot h_E = 4\,y_E$, where $y_E$ is the height of $E$ above line $AB$. So it suffices to find $y_E$.

**Locating $E$.** The equilateral triangle $CDE$ is built *outside* the plot. The two candidate apexes are obtained by rotating $\vec{CD}$ by $\pm 60°$ about $C$ (or $D$). Set
$$\vec{CD}=D-C=\bigl(5\cos\alpha+5\cos\beta-8,\; 5\sin\alpha-5\sin\beta\bigr)=(d_x,d_y).$$

Rotating by $-60°$: $R_{-60}(d_x,d_y)=\bigl(\tfrac12 d_x+\tfrac{\sqrt3}{2}d_y,\;-\tfrac{\sqrt3}{2}d_x+\tfrac12 d_y\bigr)$, so the corresponding apex has
$$y_E^{(-)} = 5\sin\beta - \tfrac{\sqrt3}{2}d_x + \tfrac12 d_y.$$

**Substitute and simplify.** Using $\alpha+\beta=120°$:
$$\sin\alpha+\sin\beta = 2\sin60°\cos\tfrac{\alpha-\beta}{2}=\sqrt3\,\cos\tfrac{\alpha-\beta}{2},$$
$$\cos\alpha+\cos\beta = 2\cos60°\cos\tfrac{\alpha-\beta}{2}=\cos\tfrac{\alpha-\beta}{2}.$$

Let $t=\cos\tfrac{\alpha-\beta}{2}$. Then
$$y_E^{(-)} = 5\sin\beta - \tfrac{\sqrt3}{2}(5\cos\alpha+5\cos\beta-8) + \tfrac12(5\sin\alpha-5\sin\beta)$$
$$= \tfrac52(\sin\alpha+\sin\beta) - \tfrac{5\sqrt3}{2}(\cos\alpha+\cos\beta) + 4\sqrt3$$
$$= \tfrac52\cdot\sqrt3\,t - \tfrac{5\sqrt3}{2}\cdot t + 4\sqrt3 = 4\sqrt3.$$

Remarkably, $y_E^{(-)}=4\sqrt3$ is **independent** of $\alpha,\beta$ (i.e., independent of $t$).

(The other apex gives $y_E^{(+)}=\sqrt3(5t-4)$, which depends on $t$ and lies on the *interior* side of $CD$; e.g., in the symmetric case $\alpha=\beta=60°$ it gives $y=\sqrt3$, below $CD$.)

**Which apex is "outside"?** Check the symmetric case $\alpha=\beta=60°$: $D=(2.5,\tfrac{5\sqrt3}{2})$, $C=(5.5,\tfrac{5\sqrt3}{2})$, so $CD=3$ is horizontal at height $\tfrac{5\sqrt3}{2}$. The outside (above $CD$, away from $AB$) apex is at $\bigl(4,\tfrac{5\sqrt3}{2}+\tfrac{3\sqrt3}{2}\bigr)=(4,4\sqrt3)$, with $y=4\sqrt3$. This matches $y_E^{(-)}$, confirming the outside apex is the $-60°$ rotation. In general, the outside apex is the one farther from $AB$; since $y_E^{(-)}=4\sqrt3$ while $y_E^{(+)}=\sqrt3(5t-4)$ and $t\in(0,1]$ gives $y_E^{(+)}\in(-4\sqrt3,\sqrt3]$, we have $y_E^{(-)}>y_E^{(+)}$, so $E$ is the $-60°$ apex with $y_E=4\sqrt3$.

**Area.**
$$[\triangle ABE] = \tfrac12\cdot AB\cdot y_E = \tfrac12\cdot 8\cdot 4\sqrt3 = 16\sqrt3.$$

**Verification (symmetric case).** $A=(0,0), B=(8,0), E=(4,4\sqrt3)$:
$$[\triangle ABE]=\tfrac12\bigl|8\cdot4\sqrt3 - 0\bigr|=16\sqrt3.\;\checkmark$$

The area of triangle $ABE$ is $\boxed{16\sqrt3}$.

### PROOF COMPLETE
DEVIN_CLI_EXITED code=0
