## Proof

**Claim.** If the Krull dimension of every localization $S^{-1}R$ is zero (where $S$ ranges over all multiplicative subsets of $R$), then the Krull dimension of $R$ is zero.

**Proof.** Recall that a *multiplicative subset* of $R$ is a subset $S \subseteq R$ such that $1 \in S$, $S$ is closed under multiplication, and $0 \notin S$ (the last condition ensuring $S^{-1}R$ is not the zero ring).

Consider the singleton $S = \{1\}$. Since $1 \in \{1\}$, $\{1\}$ is closed under multiplication (as $1 \cdot 1 = 1$), and $0 \notin \{1\}$ (because $R$ is a commutative ring with unity and $1 \neq 0$ for a non‑trivial ring), $S = \{1\}$ is a valid multiplicative subset of $R$.

The localization at $S = \{1\}$ is canonically isomorphic to $R$ itself:
$$
\{1\}^{-1}R \;\cong\; R,
$$
via the map $r/1 \mapsto r$, which is a well‑defined ring isomorphism (no non‑trivial element of $S$ identifies distinct fractions).

By hypothesis, $\dim(S^{-1}R) = 0$ for *every* multiplicative subset $S$. In particular, taking $S = \{1\}$,
$$
\dim R \;=\; \dim(\{1\}^{-1}R) \;=\; 0.
$$

Therefore the Krull dimension of $R$ is zero. $\blacksquare$

**Remark (the converse, for completeness).** The converse also holds: if $\dim R = 0$, then every localization $S^{-1}R$ has dimension $0$. Indeed, the prime ideals of $S^{-1}R$ are in order‑preserving bijection with the prime ideals of $R$ that are disjoint from $S$. Any strict chain of primes in $S^{-1}R$ pulls back to a strict chain of primes in $R$ of the same length, contradicting $\dim R = 0$. Hence $\dim(S^{-1}R) \le \dim R = 0$. Combined with the claim above, we obtain the equivalence:

$$
\dim R = 0 \quad\Longleftrightarrow\quad \dim(S^{-1}R) = 0 \text{ for every multiplicative subset } S.
$$

### PROOF COMPLETE
DEVIN_CLI_EXITED code=0
