Looking at this problem, I need to enumerate all circular permutations of 5 labels, run the descending-chain deletion process on each, count total chains $G(S)$, and average.

**Setup.** There are $(5-1)! = 24$ circular permutations. I fix label 1 at position 0 and enumerate all 24 placements of $\{2,3,4,5\}$ in positions 1–4 clockwise. For each cyclic sequence $(a_0,a_1,a_2,a_3,a_4)$ with $a_0=1$, I examine the 5 clockwise steps, identify maximal descending runs (each run of $d$ consecutive descents = one chain of length $d+1$), delete all non-starting points, and repeat on survivors.

**Key mechanics.** A descending chain is a maximal run of consecutive clockwise descents. Its starting point (largest label) survives; all other points in the chain are deleted. Points in ascending runs (not part of any descending chain) also survive. After deletion, survivors retain clockwise order, forming a new circular permutation.

**Full enumeration** (showing each permutation's $G$ value):

| # | Sequence | Steps (↑↓) | d | r | Round 1 chains | G |
|---|----------|-----------|---|---|----------------|---|
| 1 | (1,2,3,4,5) | ↑↑↑↑↓ | 1 | 1 | {5,1}→survivors{2,3,4,5}→{5,2}→{5,3}→{5,4} | 4 |
| 2 | (1,2,3,5,4) | ↑↑↑↓↓ | 2 | 1 | {5,4,1}→{2,3,5}→{5,2}→{5,3} | 3 |
| 3 | (1,2,4,3,5) | ↑↑↓↑↓ | 2 | 2 | {4,3},{5,1}→{2,4,5}→{5,2}→{5,4} | 4 |
| 4 | (1,2,4,5,3) | ↑↑↑↓↓ | 2 | 1 | {5,3,1}→{2,4,5}→{5,2}→{5,4} | 3 |
| 5 | (1,2,5,3,4) | ↑↑↓↑↓ | 2 | 2 | {5,3},{4,1}→{2,5,4}→{5,4,2} | 3 |
| 6 | (1,2,5,4,3) | ↑↑↓↓↓ | 3 | 1 | {5,4,3,1}→{2,5}→{5,2} | 2 |
| 7 | (1,3,2,4,5) | ↑↓↑↑↓ | 2 | 2 | {3,2},{5,1}→{3,4,5}→{5,3}→{5,4} | 4 |
| 8 | (1,3,2,5,4) | ↑↓↑↓↓ | 3 | 2 | {3,2},{5,4,1}→{3,5}→{5,3} | 3 |
| 9 | (1,3,4,2,5) | ↑↑↓↑↓ | 2 | 2 | {4,2},{5,1}→{3,4,5}→{5,3}→{5,4} | 4 |
| 10 | (1,3,4,5,2) | ↑↑↑↓↓ | 2 | 1 | {5,2,1}→{3,4,5}→{5,3}→{5,4} | 3 |
| 11 | (1,3,5,2,4) | ↑↑↓↑↓ | 2 | 2 | {5,2},{4,1}→{3,5,4}→{5,4,3} | 3 |
| 12 | (1,3,5,4,2) | ↑↑↓↓↓ | 3 | 1 | {5,4,2,1}→{3,5}→{5,3} | 2 |
| 13 | (1,4,2,3,5) | ↑↓↑↑↓ | 2 | 2 | {4,2},{5,1}→{4,3,5}→{5,4,3} | 3 |
| 14 | (1,4,2,5,3) | ↑↓↑↓↓ | 3 | 2 | {4,2},{5,3,1}→{4,5}→{5,4} | 3 |
| 15 | (1,4,3,2,5) | ↑↓↓↑↓ | 3 | 2 | {4,3,2},{5,1}→{4,5}→{5,4} | 3 |
| 16 | (1,4,3,5,2) | ↑↓↑↓↓ | 3 | 2 | {4,3},{5,2,1}→{4,5}→{5,4} | 3 |
| 17 | (1,4,5,2,3) | ↑↑↓↑↓ | 2 | 2 | {5,2},{3,1}→{4,5,3}→{5,3,4} | 3 |
| 18 | (1,4,5,3,2) | ↑↑↓↓↓ | 3 | 1 | {5,3,2,1}→{4,5}→{5,4} | 2 |
| 19 | (1,5,2,3,4) | ↑↓↑↑↓ | 2 | 2 | {5,2},{4,1}→{5,3,4}→{4,5,3} | 3 |
| 20 | (1,5,2,4,3) | ↑↓↑↓↓ | 3 | 2 | {5,2},{4,3,1}→{5,4}→{5,4} | 3 |
| 21 | (1,5,3,2,4) | ↑↓↓↑↓ | 3 | 2 | {5,3,2},{4,1}→{5,4}→{5,4} | 3 |
| 22 | (1,5,3,4,2) | ↑↓↑↓↓ | 3 | 2 | {5,3},{4,2,1}→{5,4}→{5,4} | 3 |
| 23 | (1,5,4,2,3) | ↑↓↓↑↓ | 3 | 2 | {5,4,2},{3,1}→{5,3}→{5,3} | 3 |
| 24 | (1,5,4,3,2) | ↑↓↓↓↓ | 4 | 1 | {5,4,3,2,1} | 1 |

**Verification of representative cases:**

- **Case 1** (1,2,3,4,5): All ascending except 5→1. Each round deletes the minimum: chains {5,1},{5,2},{5,3},{5,4} → G=4. ✓
- **Case 24** (1,5,4,3,2): One giant descending chain {5,4,3,2,1}, deletes everything except 5 → G=1. ✓
- **Case 13** (1,4,2,3,5): Chains {4,2},{5,1}; survivors {4,3,5} clockwise = steps 4→3↓,3→5↑,5→4↓; descents at steps 0,2 are circularly adjacent → chain {5,4,3}; G=2+1=3. ✓
- **Case 19** (1,5,2,3,4): Chains {5,2},{4,1}; survivors {5,3,4} = steps 5→3↓,3→4↑,4→5↓; circularly adjacent descents → chain {4,5,3}; G=2+1=3. ✓

**Tallying G values:**
- G = 1: 1 case (#24)
- G = 2: 3 cases (#6, #12, #18)
- G = 3: 16 cases (#2,4,5,8,10,11,13,14,15,16,17,19,20,21,22,23)
- G = 4: 4 cases (#1,3,7,9)

Total count: 1 + 3 + 16 + 4 = 24 ✓

$$\sum G = 1\cdot1 + 3\cdot2 + 16\cdot3 + 4\cdot4 = 1 + 6 + 48 + 16 = 71$$

$$A(5) = \frac{71}{24}$$

### PROOF COMPLETE
