## Solution

**Answer: No.** The characteristic function of a singular continuous distribution need **not** tend to $0$ as $t\to\infty$. The Cantor distribution provides an explicit counterexample.

---

### Setup: the Cantor distribution

Let $X = \sum_{n=1}^{\infty} X_n/3^n$ where the $X_n$ are i.i.d. with $\mathbb{P}(X_n=0)=\mathbb{P}(X_n=2)=\tfrac12$. Then $X$ is uniformly distributed on the Cantor set, its CDF is the Cantor function $F$ (continuous, with growth set the Cantor set of Lebesgue measure $0$ — a singular continuous distribution), and

$$
\varphi(t)=\mathbb{E}\,e^{itX}=\prod_{n=1}^{\infty}\mathbb{E}\,e^{itX_n/3^n}
=\prod_{n=1}^{\infty} e^{it/3^n}\cos(t/3^n)
= e^{it/2}\prod_{n=1}^{\infty}\cos(t/3^n).
$$

Hence $|\varphi(t)|=\prod_{n=1}^{\infty}|\cos(t/3^n)|$.

### The key subsequence

Set $t_N = 2\cdot 3^{N}\pi$ for $N=1,2,\dots$. Then $t_N/3^n = 2\cdot 3^{N-n}\pi$.

- **For $1\le n\le N$:** $2\cdot 3^{N-n}\pi$ is an even integer multiple of $\pi$, so $\cos(t_N/3^n)=1$.
- **For $n>N$:** writing $k=n-N\ge 1$, $t_N/3^n = 2\pi/3^{k}$, so $\cos(t_N/3^n)=\cos(2\pi/3^{k})$.

Therefore

$$
|\varphi(t_N)|=\prod_{k=1}^{\infty}\bigl|\cos(2\pi/3^{k})\bigr|=:C,
$$

a constant **independent of $N$**.

### The constant $C$ is strictly positive

No factor vanishes: $\cos(2\pi/3^{k})=0$ would require $2/3^{k}=\tfrac12+m$ for some integer $m$, i.e. $4=3^{k}(1+2m)$, impossible since $3^{k}\nmid 4$. Moreover

$$
\sum_{k=1}^{\infty}\bigl|1-\cos(2\pi/3^{k})\bigr|
\le \sum_{k=1}^{\infty}\frac{(2\pi/3^{k})^{2}}{2}
=2\pi^{2}\sum_{k=1}^{\infty}9^{-k}
=\frac{\pi^{2}}{4}<\infty.
$$

A standard criterion for infinite products then gives $\prod_{k=1}^{\infty}\cos(2\pi/3^{k})\neq 0$, so $C>0$.

### Conclusion

Along the sequence $t_N=2\cdot 3^{N}\pi\to\infty$ we have $|\varphi(t_N)|=C>0$ for every $N$. Consequently $\varphi(t)$ **cannot** converge to $0$ as $t\to\infty$.

The Cantor distribution is a singular continuous distribution on $[0,1]$ (continuous CDF, growth set of measure zero), yet its characteristic function does not vanish at infinity. Hence the answer to the question is:

$$
\boxed{\text{No — a singular distribution's characteristic function need not tend to }0\text{ as }t\to\infty.}
$$

(Remark: the Riemann–Lebesgue lemma guarantees the limit $0$ only for the *absolutely continuous* part of a measure; the *singular* part is precisely where the lemma can fail, as demonstrated above.)

### PROOF COMPLETE
DEVIN_CLI_EXITED code=0
