## Characterization of Hamiltonian Complete 3-Partite Graphs

**Theorem.** Let $K_{a,b,c}$ be a complete 3-partite graph with $a, b, c \geq 1$. Then $K_{a,b,c}$ is Hamiltonian if and only if
$$\max(a,b,c) \;\leq\; a+b+c - \max(a,b,c),$$
or equivalently, the largest part has size at most the sum of the other two parts.

Without loss of generality, assume $a \leq b \leq c$, so the condition becomes $c \leq a + b$.

---

### Necessity ($c \leq a + b$ is required)

Suppose $K_{a,b,c}$ admits a Hamiltonian cycle $C = v_1 v_2 \cdots v_n v_1$ where $n = a+b+c$. The $c$ vertices belonging to the largest part (call them $C$-vertices) are pairwise **non-adjacent** (since $K_{a,b,c}$ has no edges within a part). Therefore, in the cycle, no two $C$-vertices are consecutive.

Reading the cycle in order, the $c$ occurrences of $C$-vertices partition the cycle into $c$ arcs (the segments between consecutive $C$-vertices around the cycle). Each arc must contain **at least one** vertex from the other two parts (otherwise two $C$-vertices would be adjacent). Hence the total number of non-$C$ vertices satisfies
$$a + b \;\geq\; c.$$
So $c > a+b$ makes a Hamiltonian cycle impossible. $\square$

---

### Sufficiency ($c \leq a + b$ guarantees a Hamiltonian cycle)

Assume $a \leq b \leq c$ and $c \leq a + b$. We construct an explicit Hamiltonian cycle.

**Key idea.** A Hamiltonian cycle in $K_{a,b,c}$ is a cyclic ordering of all $n$ vertices in which consecutive vertices lie in different parts. We build such an ordering by placing the $c$ vertices of the largest part around a circle and filling the $c$ gaps between them with vertices from the other two parts, ensuring every gap is nonempty and no two same-part vertices become adjacent within a gap.

**Construction.** Place $c$ vertices $C_1, C_2, \dots, C_c$ around a circle in this order. This creates $c$ gaps: gap $i$ is the arc from $C_i$ to $C_{i+1}$ (indices mod $c$). We fill these gaps with the $a$ vertices of type $A$ and $b$ vertices of type $B$ as follows:

| Gap type | Number of gaps | Content of each gap |
|---|---|---|
| **Multi** | $m = a + b - c$ | one $A$ followed by one $B$ |
| **Singleton-A** | $s_A = c - b$ | one $A$ |
| **Singleton-B** | $s_B = c - a$ | one $B$ |

**Verification that the counts are consistent:**

- **Total gaps:** $m + s_A + s_B = (a+b-c) + (c-b) + (c-a) = c$. ✓
- **Non-negativity:** $m = a+b-c \geq 0$ (by hypothesis $c \leq a+b$); $s_A = c - b \geq 0$ (since $c \geq b$); $s_B = c - a \geq 0$ (since $c \geq a$). ✓
- **Total $A$-vertices used:** $m \cdot 1 + s_A \cdot 1 = (a+b-c) + (c-b) = a$. ✓
- **Total $B$-vertices used:** $m \cdot 1 + s_B \cdot 1 = (a+b-c) + (c-a) = b$. ✓
- **Every gap is nonempty:** Multi gaps have 2 vertices; singleton gaps have 1. ✓

**Verification that the resulting cycle is valid (no two consecutive vertices in the same part):**

- **At gap boundaries:** Each gap is flanked by $C$-vertices, and the first/last vertex of every gap is an $A$ or $B$ (never a $C$). So the adjacencies $C_i$–(gap start) and (gap end)–$C_{i+1}$ always connect different parts. ✓
- **Within multi gaps:** The sequence is $A, B$ (or $B, A$), which are in different parts. ✓
- **Within singleton gaps:** Only one vertex, so no internal adjacency issue. ✓
- **$C$-to-$C$ adjacency:** Two $C$-vertices are never consecutive because every gap contains at least one vertex. ✓

Since every consecutive pair in the cycle lies in different parts, every pair is joined by an edge of $K_{a,b,c}$ (which is complete between parts). Thus the cyclic ordering is a genuine Hamiltonian cycle. $\square$

---

### Summary

$$K_{a,b,c} \text{ is Hamiltonian} \iff \max(a,b,c) \leq a+b+c - \max(a,b,c) \iff 2\max(a,b,c) \leq a+b+c.$$

In words: **a complete 3-partite graph $K_{a,b,c}$ (with $a,b,c \geq 1$) contains a Hamiltonian cycle if and only if no single part contains more vertices than the other two parts combined.**

### PROOF COMPLETE
DEVIN_CLI_EXITED code=0
