## Proof

**Setup.** Let $X_1, \dots, X_n$ be i.i.d. $\text{Pareto}(\alpha, \beta)$ with CDF
$$F(x) = 1 - \left(\frac{\alpha}{x}\right)^{\beta}, \quad x \geq \alpha, \quad \alpha, \beta > 0.$$
Let $X_{(1)} = \min(X_1, \dots, X_n)$. We prove
$$\sqrt{n}\bigl[\log(X_{(1)}) - \log\alpha\bigr] \xrightarrow{p} 0.$$

---

**Step 1: Transform to exponential variables.**

Define $Y_i = \log(X_i) - \log\alpha$ for $i = 1, \dots, n$. Since $X_i \geq \alpha$, we have $Y_i \geq 0$. The CDF of $Y_i$ is, for $y \geq 0$:
$$P(Y_i \leq y) = P\!\left(X_i \leq \alpha e^{y}\right) = 1 - \left(\frac{\alpha}{\alpha e^{y}}\right)^{\beta} = 1 - e^{-\beta y}.$$
Thus $Y_i \sim \text{Exp}(\beta)$ (exponential with rate $\beta$), independently.

---

**Step 2: Distribution of the minimum.**

Since $\log$ is monotone increasing,
$$\log(X_{(1)}) - \log\alpha = \min_{1\le i\le n}(\log X_i) - \log\alpha = \min_{1\le i\le n} Y_i =: Y_{(1)}.$$

For $y \geq 0$, using independence:
$$P\!\bigl(Y_{(1)} > y\bigr) = \prod_{i=1}^{n} P(Y_i > y) = \left(e^{-\beta y}\right)^{n} = e^{-n\beta y}.$$
Hence $Y_{(1)} \sim \text{Exp}(n\beta)$.

---

**Step 3: Rescale and identify a fixed limiting distribution.**

Since $Y_{(1)} \sim \text{Exp}(n\beta)$, the scaled variable $n\,Y_{(1)} \sim \text{Exp}(\beta)$ for **every** $n$ (scaling an $\text{Exp}(n\beta)$ variable by $n$ yields rate $\beta$). Therefore $n\,Y_{(1)}$ has a distribution that does not depend on $n$, so trivially
$$n\,Y_{(1)} \xrightarrow{d} \text{Exp}(\beta).$$

---

**Step 4: Apply Slutsky's Theorem.**

Write
$$\sqrt{n}\,Y_{(1)} = \frac{1}{\sqrt{n}} \cdot \bigl(n\,Y_{(1)}\bigr).$$

- The deterministic sequence $\frac{1}{\sqrt{n}} \to 0$, so $\frac{1}{\sqrt{n}} \xrightarrow{p} 0$.
- From Step 3, $n\,Y_{(1)} \xrightarrow{d} \text{Exp}(\beta)$.

By **Slutsky's Theorem** (product of a sequence converging in probability to a constant and a sequence converging in distribution):
$$\sqrt{n}\,Y_{(1)} = \frac{1}{\sqrt{n}} \cdot \bigl(n\,Y_{(1)}\bigr) \xrightarrow{d} 0 \cdot \text{Exp}(\beta) = 0.$$

---

**Step 5: Convergence in distribution to a constant implies convergence in probability.**

Since the limit is the constant $0$, convergence in distribution implies convergence in probability (by definition: $P(|\sqrt{n}\,Y_{(1)} - 0| > \varepsilon) \to 0$ follows from the CDF converging to the point mass at $0$). Therefore
$$\sqrt{n}\,Y_{(1)} \xrightarrow{p} 0.$$

Recalling $Y_{(1)} = \log(X_{(1)}) - \log\alpha$, we conclude
$$\boxed{\sqrt{n}\bigl[\log(X_{(1)}) - \log\alpha\bigr] \xrightarrow{p} 0.}$$

---

**Remark on the condition $n > 2/\beta$.** Since $X_{(1)} \sim \text{Pareto}(\alpha, n\beta)$, the $k$-th moment $E[X_{(1)}^k]$ exists if and only if $k < n\beta$. The condition $n > 2/\beta$ guarantees $E[X_{(1)}^2] < \infty$, providing the regularity context for the problem. The proof above—via the log-transform, exact distribution of the minimum, and Slutsky's Theorem—does not itself require this moment condition, as the exponential distribution has moments of all orders.

### PROOF COMPLETE
DEVIN_CLI_EXITED code=0
