Looking at this problem, I need to determine whether $\gcd(f, f') = 1$ in $\mathbb{Q}[x]$ implies $\mathbb{C}\otimes_{\mathbb{Q}} \mathbb{Q}[x]/(f)$ has no nonzero nilpotents.

**Claim: The statement is TRUE.**

**Proof.**

**Step 1: Simplify the tensor product.**

Since $\mathbb{C} \otimes_{\mathbb{Q}} \mathbb{Q}[x] \cong \mathbb{C}[x]$ (as rings, via $c \otimes p(x) \mapsto c \cdot p(x)$ with coefficients embedded via $\mathbb{Q} \hookrightarrow \mathbb{C}$), and tensoring with a quotient gives:

$$\mathbb{C} \otimes_{\mathbb{Q}} \mathbb{Q}[x]/(f) \;\cong\; \mathbb{C}[x]/(f),$$

where $f$ on the right is viewed as an element of $\mathbb{C}[x]$.

**Step 2: The gcd condition is preserved under field extension.**

The hypothesis $\gcd(f, f') = 1$ in $\mathbb{Q}[x]$ means there exist $a, b \in \mathbb{Q}[x]$ with $af + bf' = 1$ (Bézout's identity). This identity persists in $\mathbb{C}[x]$ under the inclusion $\mathbb{Q}[x] \hookrightarrow \mathbb{C}[x]$, so $\gcd(f, f') = 1$ in $\mathbb{C}[x]$ as well. Thus $f$ is squarefree over $\mathbb{C}$.

**Step 3: Factor $f$ over $\mathbb{C}$ and apply CRT.**

Since $f$ is squarefree in $\mathbb{C}[x]$, it factors as

$$f = c\,(x - \alpha_1)(x - \alpha_2)\cdots(x - \alpha_n)$$

with $c \in \mathbb{C}^\times$ and **distinct** roots $\alpha_1, \dots, \alpha_n \in \mathbb{C}$.

The ideals $(x - \alpha_i)$ are pairwise comaximal (since $\alpha_i \neq \alpha_j$ implies $(x-\alpha_i) + (x-\alpha_j) = \mathbb{C}[x]$). By the Chinese Remainder Theorem:

$$\mathbb{C}[x]/(f) \;\cong\; \prod_{i=1}^{n} \mathbb{C}[x]/(x - \alpha_i) \;\cong\; \underbrace{\mathbb{C} \times \mathbb{C} \times \cdots \times \mathbb{C}}_{n} = \mathbb{C}^n.$$

**Step 4: $\mathbb{C}^n$ is reduced.**

A product of fields has no nonzero nilpotent elements: if $(z_1, \dots, z_n)^k = (0, \dots, 0)$, then $z_i^k = 0$ for each $i$, so $z_i = 0$ (since $\mathbb{C}$ is a field), giving the zero element.

**Conclusion.** The ring $\mathbb{C}\otimes_{\mathbb{Q}} \mathbb{Q}[x]/(f) \cong \mathbb{C}[x]/(f) \cong \mathbb{C}^n$ is reduced, so it contains no nonzero nilpotent elements. $\blacksquare$

### PROOF COMPLETE
DEVIN_CLI_EXITED code=0
