No answer leak detected in the problem statement. Proceeding to solve.

## Proof

We evaluate

$$I = \int_{0}^{2\pi} e^{-it}\, e^{e^{it}}\, dt.$$

**Key idea.** Expand $e^{e^{it}}$ as a power series and integrate term-by-term, using the orthogonality of the exponentials $e^{ikt}$ on $[0,2\pi]$.

**Step 1: Series expansion.** Since the exponential function is entire,

$$e^{e^{it}} = \sum_{n=0}^{\infty} \frac{(e^{it})^{n}}{n!} = \sum_{n=0}^{\infty} \frac{e^{int}}{n!},$$

and the series converges absolutely and uniformly on $[0,2\pi]$ (since $|e^{int}|=1$ and $\sum 1/n!$ converges). Multiplying by $e^{-it}$,

$$e^{-it}\, e^{e^{it}} = \sum_{n=0}^{\infty} \frac{e^{i(n-1)t}}{n!}.$$

**Step 2: Term-by-term integration.** Uniform convergence justifies exchanging the sum and integral:

$$I = \sum_{n=0}^{\infty} \frac{1}{n!} \int_{0}^{2\pi} e^{i(n-1)t}\, dt.$$

**Step 3: Orthogonality.** For any integer $k$,

$$\int_{0}^{2\pi} e^{ikt}\, dt = \begin{cases} 2\pi, & k = 0, \\ 0, & k \neq 0. \end{cases}$$

Here $k = n-1$. The integral is nonzero only when $n-1 = 0$, i.e., $n = 1$.

**Step 4: Conclusion.** All terms vanish except $n=1$:

$$I = \frac{1}{1!}\cdot 2\pi = 2\pi.$$

Therefore,

$$\boxed{\int_{0}^{2\pi} e^{-it}\, e^{e^{it}}\, dt = 2\pi.}$$

### PROOF COMPLETE
DEVIN_CLI_EXITED code=0
