Looking at this problem, I need to find positive integers $a, b$ minimizing $S = a+b$, given odd $n$ with $(n+2)\mid(a-2b)$ and $n\mid(a+2b)$.

## Setup and Parametrization

Let $a - 2b = k(n+2)$ and $a + 2b = mn$ for integers $k, m$ with $m \geq 1$.

Solving: $a = \frac{mn + k(n+2)}{2}$, $b = \frac{mn - k(n+2)}{4}$.

Set $j = b \geq 1$, so $D := mn - k(n+2) = 4j$. The condition $n \mid (4j + 2k)$ (from $mn = 4j + k(n+2)$) gives $k \equiv -2j \pmod{n}$ (since $n$ is odd, $\gcd(2,n)=1$). Write $k = -2j + tn$ for integer $t$.

Then:
$$a = -2j(n+1) + tn(n+2), \qquad S = tn(n+2) - j(2n+1).$$

The constraint $a \geq 1$ requires $t \geq \frac{1 + 2j(n+1)}{n(n+2)}$, forcing $t \geq 1$.

## Minimizing Over $j$ for Fixed $t$

For fixed $t \geq 1$, $S$ decreases as $j$ increases, so we take $j_{\max}(t) = \left\lfloor \frac{tn(n+2)-1}{2(n+1)} \right\rfloor$.

Using $n(n+2) = (n+1)^2 - 1$:
$$\frac{tn(n+2)-1}{2(n+1)} = \frac{t(n+1)}{2} - \frac{t+1}{2(n+1)}.$$

**Odd $t = 2s+1$ ($s \geq 0$):** Since $n+1$ is even, $\frac{t(n+1)}{2}$ is an integer, and $0 < \frac{s+1}{n+1} \leq 1$ gives $j_{\max} = (2s+1)\frac{n+1}{2} - 1$. Expanding:
$$S_{\min} = \frac{(2s+5)n - 2s + 1}{2}.$$
- $s=0$ ($t=1$): $S = \frac{5n+1}{2}$.
- $s \geq 1$ ($t \geq 3$): $S = \frac{(2s+5)n - 2s+1}{2} \geq \frac{7n-1}{2} > \frac{5n+1}{2}$ for $n \geq 2$.

**Even $t = 2s$ ($s \geq 1$):** Similarly $j_{\max} = s(n+1) - 1$, giving:
$$S_{\min} = s(n-1) + 2n + 1.$$
- $s=1$ ($t=2$): $S = 3n = \frac{6n}{2} > \frac{5n+1}{2}$ for $n \geq 3$.
- $s \geq 2$: $S \geq 2(n-1)+2n+1 = 4n-1 > \frac{5n+1}{2}$ for $n \geq 1$.

## Conclusion for $n \geq 3$ Odd

The global minimum is at $t=1$, $j = \frac{n-1}{2}$, yielding $S = \frac{5n+1}{2}$.

**Verification:** With $a = 2n+1$, $b = \frac{n-1}{2}$:
- $a - 2b = 2n+1-(n-1) = n+2$, divisible by $n+2$ ✓
- $a + 2b = 2n+1+(n-1) = 3n$, divisible by $n$ ✓
- $a, b \geq 1$ for $n \geq 3$ ✓
- $S = 2n+1+\frac{n-1}{2} = \frac{5n+1}{2}$ ✓

**Edge case $n=1$:** $t=1$ is infeasible ($j_{\max}=0$), but $t=2, j=1$ gives $a=2, b=1, S=3 = \frac{5\cdot1+1}{2}$ ✓, and all $t \geq 2$ give $S \geq 3$.

## Answer

The smallest possible value is:

$$\boxed{S = \dfrac{5n+1}{2}}$$

### PROOF COMPLETE
DEVIN_CLI_EXITED code=0
