## Solution

Let $K_m = \mathbb{Q}(\zeta_m + \zeta_m^{-1})$ denote the maximal real subfield of the cyclotomic field $\mathbb{Q}(\zeta_m)$. We seek $[K_{n+3} : K_{n+2}]$ for $n \geq 0$.

**Step 1: Degree of $K_{2^k}$ over $\mathbb{Q}$.**

For $m \geq 3$, $\zeta_m$ is not real, so it is not in $K_m$. Yet $\zeta_m$ satisfies
$$x^2 - (\zeta_m + \zeta_m^{-1})\,x + 1 = 0$$
over $K_m$, giving $[\mathbb{Q}(\zeta_m) : K_m] = 2$. Hence
$$[K_m : \mathbb{Q}] = \frac{[\mathbb{Q}(\zeta_m):\mathbb{Q}]}{2} = \frac{\varphi(m)}{2}.$$

For $m = 2^k$ with $k \geq 2$, $\varphi(2^k) = 2^{k-1}$, so
$$[K_{2^k} : \mathbb{Q}] = 2^{k-2}.$$

**Step 2: $K_{n+2} \subseteq K_{n+3}$.**

Since $\zeta_{2^{n+2}} = \zeta_{2^{n+3}}^2$, we have
$$\zeta_{2^{n+2}} + \zeta_{2^{n+2}}^{-1} = \zeta_{2^{n+3}}^2 + \zeta_{2^{n+3}}^{-2} = \left(\zeta_{2^{n+3}} + \zeta_{2^{n+3}}^{-1}\right)^2 - 2.$$

The right-hand side lies in $K_{n+3}$, so $\zeta_{2^{n+2}} + \zeta_{2^{n+2}}^{-1} \in K_{n+3}$, which means $K_{n+2} \subseteq K_{n+3}$.

**Step 3: Compute the degree.**

Since $n \geq 0$, both $n+2 \geq 2$ and $n+3 \geq 3$, so the formula from Step 1 applies:
$$[K_{n+3} : \mathbb{Q}] = 2^{(n+3)-2} = 2^{n+1}, \qquad [K_{n+2} : \mathbb{Q}] = 2^{(n+2)-2} = 2^{n}.$$

By the tower law and the inclusion from Step 2,
$$[K_{n+3} : K_{n+2}] = \frac{[K_{n+3}:\mathbb{Q}]}{[K_{n+2}:\mathbb{Q}]} = \frac{2^{n+1}}{2^{n}} = 2.$$

**Verification for small $n$:**
- $n=0$: $K_2 = \mathbb{Q}(\zeta_4+\zeta_4^{-1}) = \mathbb{Q}(i + (-i)) = \mathbb{Q}$, and $K_3 = \mathbb{Q}(\zeta_8+\zeta_8^{-1}) = \mathbb{Q}(2\cos\frac{\pi}{4}) = \mathbb{Q}(\sqrt{2})$, so $[K_3:K_2] = 2$. ✓
- $n=1$: $[K_4:\mathbb{Q}] = 4$, $[K_3:\mathbb{Q}] = 2$, so $[K_4:K_3] = 2$. ✓

**Conclusion.** For every $n \geq 0$,
$$[\mathbb{Q}(\zeta_{2^{n+3}}+\zeta_{2^{n+3}}^{-1}):\mathbb{Q}(\zeta_{2^{n+2}}+\zeta_{2^{n+2}}^{-1})] = \boxed{2}.$$

### PROOF COMPLETE
DEVIN_CLI_EXITED code=0
