## 答案泄露自检

我已扫描题目文本，未发现任何泄露的答案、解答草图、形式化注释或 Lean 定理陈述。题目中给出的正弦/余弦级数仅为标准事实，未泄露积分值。现进行解答。

## 证明

定义
$$I=\int_{-\pi/2}^{\pi/2}\frac{1}{2007^{x}+1}\cdot\frac{\sin^{2008}x}{\sin^{2008}x+\cos^{2008}x}\,dx.$$

**步骤 1：利用关于 $2007^x$ 的对称性。**

设 $f(x)=\dfrac{\sin^{2008}x}{\sin^{2008}x+\cos^{2008}x}$。由于 $2008$ 为偶数，
$$f(-x)=\frac{(-\sin x)^{2008}}{(-\sin x)^{2008}+\cos^{2008}x}=\frac{\sin^{2008}x}{\sin^{2008}x+\cos^{2008}x}=f(x),$$
因此 $f$ 为偶函数。

进行代换 $x\mapsto -x$：
$$I=\int_{-\pi/2}^{\pi/2}\frac{1}{2007^{-x}+1}\,f(x)\,dx=\int_{-\pi/2}^{\pi/2}\frac{2007^{x}}{2007^{x}+1}\,f(x)\,dx.$$

将此式与原式相加：
$$2I=\int_{-\pi/2}^{\pi/2}\frac{1+2007^{x}}{2007^{x}+1}\,f(x)\,dx=\int_{-\pi/2}^{\pi/2}f(x)\,dx.$$

因此
$$I=\frac12\int_{-\pi/2}^{\pi/2}\frac{\sin^{2008}x}{\sin^{2008}x+\cos^{2008}x}\,dx.$$

**步骤 2：利用关于 $\sin^{2008}/\cos^{2008}$ 的对称性。**

设 $J=\displaystyle\int_{-\pi/2}^{\pi/2}\frac{\sin^{2008}x}{\sin^{2008}x+\cos^{2008}x}\,dx$。被积函数为偶函数，故
$$J=2\int_{0}^{\pi/2}\frac{\sin^{2008}x}{\sin^{2008}x+\cos^{2008}x}\,dx.$$

在 $[0,\pi/2]$ 上的积分中代换 $x\mapsto \tfrac{\pi}{2}-x$：
$$\int_{0}^{\pi/2}\frac{\sin^{2008}x}{\sin^{2008}x+\cos^{2008}x}\,dx=\int_{0}^{\pi/2}\frac{\cos^{2008}x}{\cos^{2008}x+\sin^{2008}x}\,dx.$$

将两式相加：
$$2\int_{0}^{\pi/2}\frac{\sin^{2008}x}{\sin^{2008}x+\cos^{2008}x}\,dx=\int_{0}^{\pi/2}1\,dx=\frac{\pi}{2},$$
因此 $\displaystyle\int_{0}^{\pi/2}\frac{\sin^{2008}x}{\sin^{2008}x+\cos^{2008}x}\,dx=\frac{\pi}{4}$，且 $J=2\cdot\dfrac{\pi}{4}=\dfrac{\pi}{2}$。

**步骤 3：结合。**

$$I=\frac12\,J=\frac12\cdot\frac{\pi}{2}=\boxed{\dfrac{\pi}{4}}.$$

### 证明完成
DEVIN_CLI_EXITED code=0
