Looking at this problem, I recognize it as a Fermat point configuration. Let me solve it step by step.

## Answer Leak Check
The problem text contains no leaked answers, solutions, or proof sketches. Proceeding.

## Setup and Key Properties

Triangles $ABC'$, $AB'C$, $A'BC$ are equilateral (external), and lines $BB'$, $CC'$, $AA'$ all pass through $F$ — the **Fermat point** of $\triangle ABC$, with $\angle AFB = \angle BFC = \angle CFA = 120°$.

**Rotation property:** Rotating $\triangle BFC$ by $60°$ about $B$ maps $C \to A'$ and $F \to F_1$, where $\triangle BFF_1$ is equilateral. The points $A, F, F_1, A'$ are collinear, giving:
$$A'F = F_1A' + F_1F = CF + BF$$

From the given: $A'F = 23$ and $CF = 13$, so $BF = 23 - 13 = 10$.

## Coordinate Setup

Place $F$ at the origin with the three rays at $120°$ intervals:
- $A = (a,\, 0)$ where $a = AF$
- $B = (-5,\, 5\sqrt{3})$ (since $BF=10$, direction $120°$)
- $C = (-13/2,\, -13\sqrt{3}/2)$ (since $CF=13$, direction $240°$)

**Finding $A'$:** Rotating $BC$ by $-60°$ about $B$ yields $A' = (-23,\, 0)$. Verify: $A'F = \sqrt{529} = 23$. ✓

**Finding $C'$:** Rotating $AB$ by $-60°$ about $A$ yields $C' = \bigl(\frac{a+10}{2},\, \frac{(a+10)\sqrt{3}}{2}\bigr)$. Verify: $C'F = a+10 = AF+BF$. ✓

## Locating $A_1$, $C_1$, and $D$

**$A_1 = AA' \cap BC$:** Since $A=(a,0)$ and $A'=(-23,0)$, line $AA'$ is the $x$-axis. Intersecting with line $BC$:
$$A_1 = \left(-\frac{130}{23},\, 0\right)$$

**$C_1 = CC' \cap AB$:** Solving the line intersection (parametrize $CC'$ and $AB$, equate):
$$C_1 = \left(\frac{5a}{10+a},\, \frac{5a\sqrt{3}}{10+a}\right)$$

**$D = A_1C_1 \cap AC$:** Setting up the parametric equations for lines $A_1C_1$ and $AC$, solving for the intersection point, and simplifying (the algebra factors nicely using $299 = 13 \times 23$):
$$D = \left(\frac{39a}{2(13-a)},\, \frac{13a\sqrt{3}}{2(13-a)}\right)$$

Setting $k = \frac{13a}{2(13-a)}$, this becomes $D = (3k,\; k\sqrt{3})$ — a point on the ray from $F$ at $30°$.

## Using $DF = 24$

$$DF = \sqrt{9k^2 + 3k^2} = 2k\sqrt{3} = 24 \implies k = \frac{12}{\sqrt{3}} = 4\sqrt{3}$$

(The acute-triangle constraint selects $a < 13$, giving the valid solution; the alternative $a \approx 210$ makes the triangle obtuse.)

## Computing $BD$

$$BD^2 = (3k + 5)^2 + (k\sqrt{3} - 5\sqrt{3})^2 = (3k+5)^2 + 3(k-5)^2$$
$$= 9k^2 + 30k + 25 + 3k^2 - 30k + 75 = 12k^2 + 100$$

Substituting $k = 4\sqrt{3}$:
$$BD^2 = 12 \cdot 48 + 100 = 576 + 100 = 676 = 26^2$$

$$\boxed{BD = 26}$$

### PROOF COMPLETE
DEVIN_CLI_EXITED code=0
