## Proof

**Answer: Yes.** There always exists a countable subset $S \subseteq X$ with $\int_S f\,d\mu = \infty$.

Recall that for the counting measure $\mu$, the integral of a nonnegative function equals the sum over its support:
$$\int_X f\,d\mu = \sup\left\{\sum_{x\in F} f(x) : F\subseteq X,\ F\text{ finite}\right\} = \sum_{x\in X} f(x),$$
where the right-hand side is defined as the supremum of all finite partial sums.

**Step 1: Decompose the support by level sets.**

For each $n\geq 1$, define
$$A_n = \{x\in X : f(x) \geq 1/n\}.$$
Then $\{x\in X : f(x) > 0\} = \bigcup_{n=1}^{\infty} A_n$, since any $x$ with $f(x)>0$ satisfies $f(x)\geq 1/n$ for some sufficiently large $n$.

**Step 2: Case analysis.**

*Case A: Some $A_n$ is infinite.*

Since $A_n$ is infinite, it contains a countably infinite subset $S\subseteq A_n$ (every infinite set in ZFC contains a countably infinite subset). For this $S$,
$$\int_S f\,d\mu = \sum_{x\in S} f(x) \geq \sum_{x\in S} \frac{1}{n} = \sum_{k=1}^{\infty}\frac{1}{n} = \infty.$$
So $S$ is the desired countable subset.

*Case B: Every $A_n$ is finite.*

Then $\{x : f(x)>0\} = \bigcup_{n=1}^{\infty} A_n$ is a countable union of finite sets, hence **countable**. Set $S = \{x : f(x) > 0\}$; this is a countable subset of $X$, and
$$\int_S f\,d\mu = \sum_{x\in S} f(x) = \int_X f\,d\mu = \infty,$$
since $f=0$ on $X\setminus S$ contributes nothing. Thus $S$ is the desired countable subset.

**Step 3: Conclusion.**

In both cases we produced a countable $S\subseteq X$ with $\int_S f\,d\mu = \infty$. The hypothesis $\int_X f\,d\mu = \infty$ is used in Case B (to ensure the countable support carries infinite mass) and is automatic in Case A (an infinite level set already forces the integral to be $\infty$). Hence the answer is **yes**, such a countable subset always exists. $\blacksquare$

### PROOF COMPLETE
DEVIN_CLI_EXITED code=0
