Looking at this problem, I need to find g(n) = gcd{k!(n-k)! : 0 ≤ k ≤ n} and determine when g(n) = g(n+1) for n ≤ 25.

**Key identity.** Since k!(n-k)! = n!/C(n,k), we have:
$$g(n) = \gcd\left\{\frac{n!}{\binom{n}{k}} : 0 \le k \le n\right\} = \frac{n!}{\operatorname{lcm}\left\{\binom{n}{k} : 0 \le k \le n\right\}}.$$

Using the well-known identity $\operatorname{lcm}\{\binom{n}{k} : 0 \le k \le n\} = \frac{\operatorname{lcm}(1,2,\ldots,n+1)}{n+1}$, we get:
$$g(n) = \frac{n! \cdot (n+1)}{\operatorname{lcm}(1,2,\ldots,n+1)} = \frac{(n+1)!}{L(n+1)},$$
where $L(m) = \operatorname{lcm}(1,2,\ldots,m)$.

**Verification:** g(3) = 4!/L(4) = 24/12 = 2 ✓; g(5) = 6!/L(6) = 720/60 = 12 ✓; g(7) = 8!/L(8) = 40320/840 = 48 ✓.

**When does g(n) = g(n+1)?** We need:
$$\frac{(n+1)!}{L(n+1)} = \frac{(n+2)!}{L(n+2)} \implies \frac{L(n+2)}{L(n+1)} = n+2.$$

**Analyzing the ratio L(m)/L(m−1).** Since $L(m) = \prod_p p^{\lfloor \log_p m \rfloor}$, the ratio $L(m)/L(m-1) > 1$ only when $m = p^a$ is a prime power, in which case exactly one prime's exponent increases by 1, giving $L(m)/L(m-1) = p$ (the prime, not $m$).

- If $m$ is **prime** ($m = p^1$): ratio $= p = m$. ✓
- If $m = p^a$ with $a \ge 2$: ratio $= p < m$. ✗
- If $m$ is not a prime power: ratio $= 1 < m$. ✗

Therefore $L(n+2)/L(n+1) = n+2$ **if and only if $n+2$ is prime**.

**Verification of the condition:**
- n=1: n+2=3 (prime), g(1)=1=g(2) ✓
- n=2: n+2=4 (not prime), g(2)=1≠2=g(3) ✓
- n=3: n+2=5 (prime), g(3)=2=g(4) ✓
- n=5: n+2=7 (prime), g(5)=12=g(6) ✓
- n=6: n+2=8 (not prime), g(6)=12≠48=g(7) ✓
- n=9: n+2=11 (prime), g(9)=1440=g(10) ✓

**Finding all n ≤ 25 with n+2 prime.** We need primes in {3, 4, ..., 27}:
$$3, 5, 7, 11, 13, 17, 19, 23.$$

This gives $n \in \{1, 3, 5, 9, 11, 15, 17, 21\}$.

**Sum:**
$$1 + 3 + 5 + 9 + 11 + 15 + 17 + 21 = 82.$$

### PROOF COMPLETE
DEVIN_CLI_EXITED code=0
