## Solution

Let $\alpha = \sqrt[5]{3}$, and consider the extension $\mathbb{Q}(\alpha)/\mathbb{Q}$.

### Step 1: Minimal polynomial

The element $\alpha$ is a root of $f(x) = x^5 - 3$. This polynomial is irreducible over $\mathbb{Q}$ by Eisenstein's criterion at the prime $p = 3$ (since $3 \mid 3$, $3^2 = 9 \nmid 3$, and $3 \nmid 1$). Hence $f$ is the minimal polynomial of $\alpha$ over $\mathbb{Q}$, and

$$[\mathbb{Q}(\alpha) : \mathbb{Q}] = \deg f = 5.$$

### Step 2: The roots of $x^5 - 3$

Over $\mathbb{C}$, the five roots of $x^5 - 3$ are

$$\alpha,\ \alpha\zeta,\ \alpha\zeta^2,\ \alpha\zeta^3,\ \alpha\zeta^4,$$

where $\zeta = e^{2\pi i/5}$ is a primitive 5th root of unity. Among these, only $\alpha = \sqrt[5]{3}$ is real (since $\zeta^k \notin \mathbb{R}$ for $k = 1,2,3,4$).

### Step 3: The extension is not normal

Since $\mathbb{Q}(\alpha) \subset \mathbb{R}$, the only root of $x^5 - 3$ contained in $\mathbb{Q}(\alpha)$ is $\alpha$ itself. The other four roots (which are non-real) do not lie in $\mathbb{Q}(\alpha)$. Therefore $x^5 - 3$ does not split completely over $\mathbb{Q}(\alpha)$, and the extension $\mathbb{Q}(\alpha)/\mathbb{Q}$ is **not normal**, hence **not Galois**.

### Step 4: The automorphism group $\operatorname{Aut}(\mathbb{Q}(\alpha)/\mathbb{Q})$

The Galois group of an arbitrary field extension $L/K$ is defined as

$$\operatorname{Gal}(L/K) = \operatorname{Aut}(L/K) = \{\sigma \in \operatorname{Aut}(L) : \sigma|_K = \operatorname{id}_K\}.$$

Any $K$-automorphism $\sigma$ of $\mathbb{Q}(\alpha)$ must send $\alpha$ to a root of its minimal polynomial $x^5 - 3$ **that lies in $\mathbb{Q}(\alpha)$**. Since $\mathbb{Q}(\alpha) \subset \mathbb{R}$ and the only real root of $x^5 - 3$ is $\alpha$ itself, we must have

$$\sigma(\alpha) = \alpha.$$

Because $\alpha$ generates $\mathbb{Q}(\alpha)$ over $\mathbb{Q}$ (every element is a polynomial in $\alpha$ with rational coefficients), fixing $\alpha$ fixes every element of $\mathbb{Q}(\alpha)$. Therefore $\sigma = \operatorname{id}$.

### Conclusion

$$\boxed{\operatorname{Gal}(\mathbb{Q}(\sqrt[5]{3})/\mathbb{Q}) = \{\operatorname{id}\}}$$

The Galois group is **trivial**. This is consistent with the general fact that for a non-Galois extension, $|\operatorname{Gal}(L/K)| < [L:K]$: here $|\operatorname{Gal}| = 1 < 5 = [\mathbb{Q}(\alpha):\mathbb{Q}]$.

The splitting field of $x^5 - 3$ over $\mathbb{Q}$ is $\mathbb{Q}(\alpha, \zeta)$, which has degree $[\mathbb{Q}(\alpha,\zeta):\mathbb{Q}] = 5 \times 4 = 20$ (since $[\mathbb{Q}(\zeta):\mathbb{Q}] = 4$ via the cyclotomic polynomial $\Phi_5$, and $\gcd(5,4)=1$). The Galois group of *that* extension is the full group of order 20, isomorphic to the affine group $\operatorname{AGL}(1,\mathbb{F}_5) \cong \mathbb{F}_5 \rtimes \mathbb{F}_5^\times$. But the extension $\mathbb{Q}(\alpha)/\mathbb{Q}$ itself has only the trivial automorphism.

### PROOF COMPLETE
DEVIN_CLI_EXITED code=0
