## Solution

**Reformulation.** For a positive integer $n$, let $k = \phi(n)$ (Euler's totient), and let $S_n = \{a \in \{1,\dots,n\} : \gcd(a,n)=1\}$ be the set of positive integers up to $n$ coprime to $n$. The "Stability Protocol" requires
$$\prod_{a \in S_n} a \equiv n-1 \equiv -1 \pmod{n}.$$

**Key theorem (Gauss's generalization of Wilson's theorem).** The product of all elements of the multiplicative group $(\mathbb{Z}/n\mathbb{Z})^{*}$ equals $-1 \pmod{n}$ if and only if
$$n \in \{1,\; 2,\; 4,\; p^{m},\; 2p^{m}\},$$
where $p$ is an odd prime and $m \ge 1$.

*Proof sketch of the theorem.* In the group $G = (\mathbb{Z}/n\mathbb{Z})^{*}$, the product of all elements equals the product of all self-inverse (involutive) elements, since non-self-inverse elements pair up with their distinct inverses and cancel. So the product equals $\prod_{x^2 \equiv 1 \pmod n} x$. The number of solutions to $x^2 \equiv 1 \pmod n$ is $2^{\omega(n)}$ when $n$ is odd (or $n \equiv 2 \pmod 4$), and $2^{\omega(n)+1}$ when $4 \mid n$ but $8 \nmid n$, and $2^{\omega(n)+2}$ when $8 \mid n$, where $\omega(n)$ is the number of distinct prime factors. A careful case analysis shows the product of all involutions is $-1$ exactly in the cases $n = 1, 2, 4, p^m, 2p^m$ (odd prime $p$), and $+1$ otherwise. $\square$

**Verification of edge cases.**
- $n=1$: $S_1 = \{1\}$, product $= 1 \equiv 0 \pmod{1}$, and $n-1 = 0$. ✓ (trivially)
- $n=2$: $S_2 = \{1\}$, product $= 1 \equiv 1 \pmod{2}$, and $n-1=1$. ✓
- $n=4$: $S_4 = \{1,3\}$, product $= 3 \equiv 3 \pmod{4}$, and $n-1=3$. ✓

**Enumerating all valid $n$ with $1 \le n \le 50$.**

*Odd prime powers* $p^m \le 50$:
$$3, 5, 7, 9, 11, 13, 17, 19, 23, 25, 27, 29, 31, 37, 41, 43, 47, 49 \quad (18 \text{ values}).$$

*Twice an odd prime power* $2p^m \le 50$:
$$6, 10, 14, 18, 22, 26, 34, 38, 46, 50 \quad (10 \text{ values}).$$

*Special cases*: $1, 2, 4$ (3 values).

The complete list of 31 valid integers is:
$$\{1, 2, 3, 4, 5, 6, 7, 9, 10, 11, 13, 14, 17, 18, 19, 22, 23, 25, 26, 27, 29, 31, 34, 37, 38, 41, 43, 46, 47, 49, 50\}.$$

**Spot-checks confirming non-members fail:**
- $n=8$: $S_8=\{1,3,5,7\}$, product $=105\equiv 1\pmod 8\neq 7$. ✗
- $n=12$: $S_{12}=\{1,5,7,11\}$, product $=385\equiv 1\pmod{12}\neq 11$. ✗
- $n=15$: product of $\{1,2,4,7,8,11,13,14\}$ $\equiv 1\pmod{15}\neq 14$. ✗

**Computing the sum.**

Sum of $\{1,2,4\}$: $7$.

Sum of odd prime powers:
$$3{+}5{+}7{+}9{+}11{+}13{+}17{+}19{+}23{+}25{+}27{+}29{+}31{+}37{+}41{+}43{+}47{+}49 = 436.$$

Sum of twice odd prime powers:
$$6{+}10{+}14{+}18{+}22{+}26{+}34{+}38{+}46{+}50 = 264.$$

**Total:**
$$7 + 436 + 264 = \boxed{707}.$$

### PROOF COMPLETE
DEVIN_CLI_EXITED code=0
