## Answer Leak Self-Check

I scanned the problem text. It contains only the question (whether a unital ring can have $A^m \cong A^n$ as left $A$-modules with $m \neq n$) and asks for a justification. No solution, proof sketch, answer value, or formalization notes are embedded. No leak detected.

## Proof

**Claim.** Yes, it is possible. There exists a ring $A$ with identity such that $A \cong A^n$ as left $A$-modules for every $n \geq 1$, and in particular $A^m \cong A^n$ whenever $m \neq n$.

**Construction.** Let $k$ be a field and let $V$ be an infinite-dimensional vector space over $k$ (e.g. $V = k^{(\mathbb{N})}$, the vector space of finitely supported sequences). Set
\[
A = \operatorname{End}_k(V),
\]
the ring of $k$-linear endomorphisms of $V$, with multiplication given by composition. This is a ring with identity (the identity endomorphism).

Since $V$ is infinite dimensional, there is a $k$-linear isomorphism
\[
\phi : V \xrightarrow{\;\sim\;} V^{\oplus n}, \qquad \psi := \phi^{-1} : V^{\oplus n} \xrightarrow{\;\sim\;} V,
\]
for every $n \geq 1$. Denote by $\iota_j : V \to V^{\oplus n}$ the inclusion into the $j$-th summand and by $\pi_j : V^{\oplus n} \to V$ the $j$-th projection, so that
\[
\sum_{j=1}^{n} \iota_j \circ \pi_j = \operatorname{id}_{V^{\oplus n}}, \qquad \pi_j \circ \iota_i = \delta_{ij}\operatorname{id}_V.
\]

**Define** $\Phi : A \to A^n$ and $\Psi : A^n \to A$ by
\[
\Phi(a) = \bigl(a \circ \psi \circ \iota_1,\; \ldots,\; a \circ \psi \circ \iota_n\bigr), \qquad
\Psi(a_1,\ldots,a_n) = \sum_{j=1}^{n} a_j \circ \pi_j \circ \phi .
\]
(Each component $a \circ \psi \circ \iota_j$ and $a_j \circ \pi_j \circ \phi$ is a $k$-linear endomorphism of $V$, hence an element of $A$.)

**$\Phi$ is $A$-linear.** For $b, a \in A$ (left multiplication is $b \cdot a = b \circ a$),
\[
\Phi(b \cdot a) = \Phi(b \circ a) = \bigl(b \circ a \circ \psi \circ \iota_j\bigr)_{j=1}^{n} = b \circ \bigl(a \circ \psi \circ \iota_j\bigr)_{j=1}^{n} = b \cdot \Phi(a).
\]

**$\Phi$ and $\Psi$ are mutually inverse.** For $a \in A$,
\[
\Psi(\Phi(a)) = \sum_{j=1}^{n} (a \circ \psi \circ \iota_j) \circ \pi_j \circ \phi = a \circ \psi \circ \Bigl(\sum_{j=1}^{n} \iota_j \circ \pi_j\Bigr) \circ \phi = a \circ \psi \circ \operatorname{id}_{V^{\oplus n}} \circ \phi = a \circ \psi \circ \phi = a.
\]
For $(a_1,\ldots,a_n) \in A^n$, the $i$-th component of $\Phi(\Psi(a_1,\ldots,a_n))$ is
\[
\Bigl(\sum_{j=1}^{n} a_j \circ \pi_j \circ \phi\Bigr) \circ \psi \circ \iota_i = \sum_{j=1}^{n} a_j \circ \pi_j \circ \phi \circ \psi \circ \iota_i = \sum_{j=1}^{n} a_j \circ \pi_j \circ \operatorname{id}_{V^{\oplus n}} \circ \iota_i = \sum_{j=1}^{n} a_j \circ \pi_j \circ \iota_i = a_i.
\]
Hence $\Phi(\Psi(a_1,\ldots,a_n)) = (a_1,\ldots,a_n)$.

Therefore $\Phi$ is an isomorphism of left $A$-modules
\[
A \cong A^n \qquad \text{for every } n \geq 1.
\]

**Conclusion.** Taking $n = 2$ gives $A \cong A^2$ as left $A$-modules. Iterating, $A^m \cong (A^2)^m \cong A^{2m}$, and more generally $A^m \cong A^n$ for all positive integers $m, n$. In particular, choosing $m \neq n$ (e.g. $m = 1$, $n = 2$) yields a unital ring $A = \operatorname{End}_k(V)$ with $A^m \cong A^n$ as left $A$-modules and $m \neq n$.

So the answer is **yes**, such a ring exists. $\blacksquare$

### PROOF COMPLETE
DEVIN_CLI_EXITED code=0
