## Solution

**Claim:** The series $\sum_{n=1}^{\infty} (-1)^n \zeta(n+1)$ does **not** converge to $-1$. In fact, it **diverges**.

### Proof

We apply the **divergence test** (term test): if $\sum_{n} a_n$ converges, then necessarily $a_n \to 0$.

Here $a_n = (-1)^n\,\zeta(n+1)$. We show $a_n \not\to 0$.

Recall that for $s > 1$,
$$\zeta(s) = \sum_{k=1}^{\infty} \frac{1}{k^s} = 1 + \sum_{k=2}^{\infty} \frac{1}{k^s}.$$

For $s \ge 2$, the tail is bounded by
$$0 \le \sum_{k=2}^{\infty} \frac{1}{k^s} \le \sum_{k=2}^{\infty} \frac{1}{k^2} = \frac{\pi^2}{6} - 1 < \infty,$$
and moreover $\frac{1}{k^s} \le \frac{1}{k^2}$ for $s \ge 2$ with $\frac{1}{k^s}\to 0$ as $s\to\infty$ for each fixed $k\ge  2$. By dominated convergence (dominating summable function $1/k^2$),
$$\lim_{s\to\infty}\sum_{k=2}^{\infty}\frac{1}{k^s} = 0.$$

Therefore
$$\lim_{n\to\infty}\zeta(n+1) = 1 + 0 = 1.$$

Consequently,
$$|a_n| = \zeta(n+1) \to 1 \neq 0,$$
so $a_n = (-1)^n\zeta(n+1)$ does **not** tend to $0$ (it oscillates, approaching $+1$ and $-1$). By the divergence test, the series $\sum_{n=1}^{\infty}(-1)^n\zeta(n+1)$ **diverges**.

### Why the tempting "$-1$" argument fails

A naive interchange suggests $-1$: formally,
$$\sum_{n=1}^{\infty}(-1)^n\zeta(n+1) = \sum_{n=1}^{\infty}(-1)^n\sum_{k=1}^{\infty}\frac{1}{k^{n+1}} \stackrel{?}{=} \sum_{k=1}^{\infty}\frac{1}{k}\sum_{n=1}^{\infty}\left(\frac{-1}{k}\right)^n = \sum_{k=1}^{\infty}\frac{-1}{k(k+1)} = -1.$$

This interchange is **invalid**. The double series is not absolutely summable, since
$$\sum_{n=1}^{\infty}\sum_{k=1}^{\infty}\frac{1}{k^{n+1}} = \sum_{n=1}^{\infty}\zeta(n+1) = +\infty$$
because $\zeta(n+1)\to 1 \neq 0$.

To see the failure concretely, compute the partial sums exactly. For finite $N$ the interchange *is* legal, giving
$$S_N := \sum_{n=1}^{N}(-1)^n\zeta(n+1) = \sum_{k=1}^{\infty}\frac{-1}{k(k+1)}\Bigl(1-\bigl(-\tfrac{1}{k}\bigr)^{N}\Bigr) = -1 + R_N,$$
where
$$R_N = \sum_{k=1}^{\infty}\frac{(-1/k)^N}{k(k+1)} = (-1)^N\!\left[\frac{1}{2} + \sum_{k=2}^{\infty}\frac{1}{k^{N}\,k(k+1)}\right].$$

By dominated convergence (dominating by $1/k^2$), $\sum_{k=2}^{\infty}\frac{1}{k^{N}k(k+1)}\to 0$ as $N\to\infty$. Hence
$$R_N \to (-1)^N\cdot\tfrac{1}{2}\quad\text{(no limit)},$$
so
$$S_N \to -1 + \tfrac{1}{2} = -\tfrac{1}{2}\ \ (N\ \text{even}),\qquad S_N \to -1 - \tfrac{1}{2} = -\tfrac{3}{2}\ \ (N\ \text{odd}).$$

The partial sums oscillate between two distinct cluster points $-\tfrac{1}{2}$ and $-\tfrac{3}{2}$, confirming divergence. (Numerically: $S_1\approx -1.6449$, $S_2\approx -0.4428$, $S_3\approx -1.5251$, $S_4\approx -0.4882$, consistent with these limits.)

### Conclusion

The series $\sum_{n=1}^{\infty}(-1)^n\zeta(n+1)$ **diverges** (its terms do not tend to $0$, and its partial sums oscillate). It therefore does **not** converge to $-1$.

### PROOF COMPLETE
DEVIN_CLI_EXITED code=0
