**Proof.**

Let $\alpha = \tfrac{\sqrt{2}}{2}$. Note that $\alpha \in [0,1]$ (since $0 < \tfrac{\sqrt{2}}{2} < 1$) and $\alpha \notin \mathbb{Q}$.

Define $f: A \to \mathbb{R}$ by
$$
f(x) = \frac{1}{x - \alpha}, \qquad x \in A = [0,1]\cap\mathbb{Q}.
$$

**$f$ is well-defined.** For every $x \in A$, $x$ is rational while $\alpha$ is irrational, so $x - \alpha \neq 0$. Hence $f(x)$ is a well-defined real number.

**$f$ is continuous on $A$.** The function $g(t) = \tfrac{1}{t-\alpha}$ is continuous on $\mathbb{R}\setminus\{\alpha\}$ (it is a rational function whose denominator is nonzero away from $\alpha$). Since $A \subseteq \mathbb{R}\setminus\{\alpha\}$, the restriction $f = g\big|_A$ is continuous with respect to the inherited metric on $A$.

**$f$ is unbounded on $A$.** Since $\mathbb{Q}$ is dense in $\mathbb{R}$, there exists a sequence $(x_n)$ of rationals in $[0,1]$ with $x_n \to \alpha$. (For instance, take the decimal truncations of $\alpha$, or any rational sequence converging to $\sqrt{2}/2$ within $[0,1]$.) Then $x_n \in A$ and
$$
f(x_n) = \frac{1}{x_n - \alpha} \to \infty \quad (\text{in absolute value}),
$$
so $f$ is unbounded on $A$.

**No continuous extension exists.** Suppose, for contradiction, that there exists a continuous $\tilde{f}:[0,1]\to\mathbb{R}$ with $\tilde{f}(x)=f(x)$ for all $x\in A$. Since $[0,1]$ is compact and $\tilde{f}$ is continuous, $\tilde{f}$ is bounded: there exists $M>0$ with $|\tilde{f}(t)|\le M$ for all $t\in[0,1]$.

But for the sequence $(x_n)\subseteq A$ with $x_n\to\alpha$ constructed above,
$$
\tilde{f}(x_n) = f(x_n) = \frac{1}{x_n-\alpha},
$$
and $|\tilde{f}(x_n)|\to\infty$, contradicting $|\tilde{f}(x_n)|\le M$.

Therefore no such continuous extension $\tilde{f}$ exists, and $f$ is the desired continuous map $A\to\mathbb{R}$ that cannot be extended continuously to $[0,1]$. $\blacksquare$

### PROOF COMPLETE
DEVIN_CLI_EXITED code=0
