Looking at this problem, I need to understand the structure of "extraordinary" subsets and find the minimum $n$ for exactly 2016 elements.

## Step 1: Simplify the two conditions

For each prime $p$, let $v_j = v_p(a_j)$. The two conditions become:
1. $\min(v_i, v_{i+1}) \leq v_{i+2}$
2. $v_i \leq \max(v_{i+1}, v_{i+2})$

**Claim:** Both conditions together are equivalent to $v_i \leq v_{i+2}$ for all valid $i$.

**Proof of claim:**
- *Forward:* If $v_i \leq v_{i+2}$, then $\min(v_i, v_{i+1}) \leq v_i \leq v_{i+2}$ (condition 1 ✓), and $v_i \leq v_{i+2} \leq \max(v_{i+1}, v_{i+2})$ (condition 2 ✓).
- *Backward:* Assume both conditions. If $v_i \leq v_{i+1}$, condition 1 gives $v_{i+2} \geq \min(v_i, v_{i+1}) = v_i$. If $v_i > v_{i+1}$, condition 2 gives $v_i \leq \max(v_{i+1}, v_{i+2})$; since $v_i > v_{i+1}$, we must have $v_i \leq v_{i+2}$.

Since this holds for every prime $p$, the extraordinary condition is equivalent to:

$$a_i \mid a_{i+2} \quad \text{for all } i = 1, \ldots, k-2$$

This means the odd-indexed subsequence and even-indexed subsequence each form a **divisibility chain**:
$$a_1 \mid a_3 \mid a_5 \mid \cdots \quad \text{and} \quad a_2 \mid a_4 \mid a_6 \mid \cdots$$

## Step 2: Reformulate the problem

Setting $b_i = a_{2i-1}$ (odd indices) and $c_i = a_{2i}$ (even indices), the strictly increasing condition $a_1 < a_2 < \cdots < a_k$ forces **interleaving**:

$$b_1 < c_1 < b_2 < c_2 < \cdots$$

For $k = 2016$: two chains of length $1008$ each, interleaved as $b_1 < c_1 < b_2 < c_2 < \cdots < b_{1008} < c_{1008}$.

For $k = 2017$: chains of length $1009$ and $1008$, interleaved as $b_1 < c_1 < \cdots < c_{1008} < b_{1009}$.

Since each chain is strictly increasing with divisibility, each step at least doubles: $b_{i+1} \geq 2b_i$, $c_{i+1} \geq 2c_i$.

## Step 3: Lower bound for two interleaved chains of length $m$

For chains of length $m$ each (total $2m$ elements) in $\{1, \ldots, n\}$:

- $c_1 \geq b_1 + 1 \geq 2$ (since $b_1 \geq 1$ and $b_1 < c_1$).
- $c_m \geq 2^{m-1} c_1 \geq 2^{m-1} \cdot 2 = 2^m$.
- Since $c_m \leq n$, we get $n \geq 2^m$.

## Step 4: Construction achieving $n = 2^m$

Define: $b_1 = 1$, $c_i = 2^i$, $b_i = 3 \cdot 2^{i-2}$ for $i \geq 2$.

**Verification:**
- **Divisibility:** $1 \mid 3 \mid 6 \mid 12 \mid \cdots$ (each term is $2\times$ the previous) ✓; $2 \mid 4 \mid 8 \mid 16 \mid \cdots$ ✓.
- **Interleaving:** $b_i = 3 \cdot 2^{i-2} < 2^i = c_i$ since $3 < 4$ ✓; $c_i = 2^i < 3 \cdot 2^{i-1} = b_{i+1}$ since $4 < 6$ ✓; and $b_1 = 1 < 2 = c_1 < 3 = b_2$ ✓.
- **Maximum:** $c_m = 2^m$, so all elements lie in $\{1, \ldots, 2^m\}$ ✓.

So the minimum $n$ for $2m$ interleaved elements is exactly $2^m$.

## Step 5: Apply to $k = 2016$ and $k = 2017$

**For $k = 2016$ ($m = 1008$):** The minimum $n$ is $2^{1008}$. The construction gives an extraordinary subset of $\{1, \ldots, 2^{1008}\}$ with $2016$ elements.

**For $k = 2017$ in $\{1, \ldots, 2^{1008}\}$:** We need chains of length $1009$ and $1008$.
- $c_{1008} \geq 2^{1007} \cdot c_1 \geq 2^{1007} \cdot 2 = 2^{1008}$.
- $b_{1009} > c_{1008} \geq 2^{1008}$, so $b_{1009} \geq 2^{1008} + 1 > 2^{1008} = n$.

This is impossible, so **no 2017-element extraordinary subset exists** in $\{1, \ldots, 2^{1008}\}$.

**For $n = 2^{1008} - 1$:** Any 2016-element extraordinary subset requires $c_{1008} \geq 2^{1008} > 2^{1008} - 1 = n$, which is impossible. So no 2016-element extraordinary subset exists.

## Conclusion

- $n = 2^{1008}$: 2016-element extraordinary subset exists ✓, no 2017-element extraordinary subset exists ✓.
- $n = 2^{1008} - 1$: no 2016-element extraordinary subset exists ✗.

The minimum possible value of $n$ is $\boxed{2^{1008}}$.

### PROOF COMPLETE
DEVIN_CLI_EXITED code=0
