I'll first check the problem text for any leaked answers, then solve it.

**Answer-leak check:** The problem statement contains only the problem (regular nonadecagon, intersection X of lines A1A5 and A3A4, compute ∠A7XA5) and procedural constraints. No solution, answer, sketch, or formalization is present. Proceeding to solve.

---

## Proof

Place the regular nonadecagon on the unit circle in the complex plane. Let  
\[
\zeta = e^{2\pi i/19},\qquad A_k = \zeta^{\,k-1}\quad (k=1,\dots,19).
\]
So \(A_1=1,\; A_3=\zeta^2,\; A_4=\zeta^3,\; A_5=\zeta^4,\; A_7=\zeta^6\).

**Line equation for a chord of the unit circle.** For two points \(u,v\) on the unit circle, the line through them satisfies
\[
z + uv\,\bar z = u+v,
\]
since both \(z=u\) and \(z=v\) satisfy it (using \(\bar u = 1/u\), \(\bar v=1/v\)).

**Finding \(X\).** The two lines are
\[
\text{line }A_1A_5:\quad z+\zeta^4\bar z = 1+\zeta^4,\qquad
\text{line }A_3A_4:\quad z+\zeta^5\bar z = \zeta^2+\zeta^3.
\]
Subtracting,
\[
(\zeta^5-\zeta^4)\bar z = \zeta^2+\zeta^3-1-\zeta^4.
\]
Factor both sides:
\[
\zeta^5-\zeta^4 = \zeta^4(\zeta-1),
\]
\[
\zeta^2+\zeta^3-1-\zeta^4 = (\zeta^2-1)+(\zeta^3-\zeta^4)=(\zeta-1)(\zeta+1)-\zeta^3(\zeta-1)=(\zeta-1)(\zeta+1-\zeta^3).
\]
Hence
\[
\bar z = \frac{\zeta+1-\zeta^3}{\zeta^4},\qquad
z = \overline{\bar z}=\frac{1+\zeta^{-1}-\zeta^{-3}}{\zeta^{-4}}=\zeta^4+\zeta^3-\zeta.
\]
So
\[
X = \zeta^3+\zeta^4-\zeta.
\]

**The two vectors from \(X\).**
\[
\overrightarrow{XA_5}=A_5-X=\zeta^4-(\zeta^4+\zeta^3-\zeta)=\zeta-\zeta^3=\zeta(1-\zeta^2).
\]
\[
\overrightarrow{XA_7}=A_7-X=\zeta^6-(\zeta^4+\zeta^3-\zeta)=\zeta^6-\zeta^4-\zeta^3+\zeta.
\]
Factor the bracket:
\[
\zeta^6-\zeta^4-\zeta^3+\zeta=\zeta\bigl(\zeta^5-\zeta^3-\zeta^2+1\bigr)=\zeta\bigl((1-\zeta^2)-\zeta^3(1-\zeta^2)\bigr)=\zeta(1-\zeta^2)(1-\zeta^3).
\]
Therefore
\[
\overrightarrow{XA_7}=(1-\zeta^3)\,\overrightarrow{XA_5}.
\]

**The angle.** Multiplication by a complex number \(w\) rotates a vector by \(\arg w\), so
\[
\angle A_7XA_5 = \bigl|\arg(1-\zeta^3)\bigr|.
\]
Now \(\zeta^3=e^{6\pi i/19}\). Using \(1-e^{i\alpha}=2\sin(\alpha/2)\,e^{\,i(\alpha/2-\pi/2)}\) with \(\alpha=6\pi/19\),
\[
\arg(1-\zeta^3)=\frac{3\pi}{19}-\frac{\pi}{2}=\frac{6\pi-19\pi}{38}=-\frac{13\pi}{38}.
\]
Thus
\[
\angle A_7XA_5 = \frac{13\pi}{38}\text{ radians}=\frac{13\cdot 180^{\circ}}{38}=\frac{1170^{\circ}}{19}.
\]

\[
\boxed{\angle A_7XA_5=\dfrac{1170^{\circ}}{19}}
\]

### PROOF COMPLETE
DEVIN_CLI_EXITED code=0
