## Proof

**Setup.** Let $X = C^{(2)}[0,1]$ with norm $\|f\|_X = \|f\|_\infty + \|f'\|_\infty + \|f''\|_\infty$ and $Y = C[0,1]$ with $\|h\|_Y = \|h\|_\infty$. We assume $g \in C[0,1]$ (so that $B$ indeed maps $X \to Y$). The operator is
$$Bf(x) = f''(x) + g(x)f'(x).$$

**Step 1: $B$ is bounded.** The map $f \mapsto f''$ satisfies $\|f''\|_\infty \le \|f\|_X$, and $f \mapsto g\cdot f'$ satisfies $\|g f'\|_\infty \le \|g\|_\infty\|f'\|_\infty \le \|g\|_\infty\|f\|_X$. Hence $\|Bf\|_Y \le (1+\|g\|_\infty)\|f\|_X$, so $B$ is bounded.

**Step 2: The kernel is 2-dimensional.** $Bf = 0$ gives the ODE $f'' + g(x)f' = 0$. Setting $u = f'$, this becomes the first-order linear ODE
$$u'(x) + g(x)\,u(x) = 0,$$
whose general solution is $u(x) = C\exp\!\bigl(-\int_0^x g(t)\,dt\bigr)$ for $C \in \mathbb{R}$. Integrating,
$$f(x) = C\int_0^x \exp\!\Bigl(-\int_0^s g(t)\,dt\Bigr)\,ds + D, \qquad C, D \in \mathbb{R}.$$
The two free parameters $(C, D)$ give $\dim\ker B = 2 < \infty$.

**Step 3: The range is all of $Y$ (surjectivity).** Given any $h \in C[0,1]$, we must find $f \in C^{(2)}[0,1]$ with $f'' + g f' = h$. Set $u = f'$; we need to solve
$$u'(x) + g(x)\,u(x) = h(x), \qquad u(0) = u_0,$$
for some $u_0 \in \mathbb{R}$. Since $g, h \in C[0,1]$, standard existence-uniqueness theory for first-order linear ODEs with continuous coefficients guarantees a unique $C^1$ solution $u$ on $[0,1]$ for every choice of $u_0$. Now define
$$f(x) = \int_0^x u(s)\,ds + D.$$
Since $u \in C^{(1)}[0,1]$, we have $f' = u \in C^{(1)}$ and $f'' = u' \in C[0,1]$, so $f \in C^{(2)}[0,1]$. Moreover,
$$Bf = f'' + g f' = u' + g u = h.$$
Thus every $h \in Y$ lies in the range of $B$, i.e., $\operatorname{ran}(B) = Y$.

**Step 4: Fredholm properties and index.** Since $\operatorname{ran}(B) = Y$:
- The range is closed (it is all of $Y$).
- The cokernel is $Y/\operatorname{ran}(B) = \{0\}$, so $\dim\operatorname{coker}(B) = 0$.

Combining with Step 2:
$$\dim\ker(B) = 2, \qquad \dim\operatorname{coker}(B) = 0.$$

All three Fredholm conditions are satisfied (finite-dimensional kernel, closed range, finite-dimensional cokernel), so $B$ is a Fredholm operator. Its index is
$$\operatorname{ind}(B) = \dim\ker(B) - \dim\operatorname{coker}(B) = 2 - 0 = 2.$$

**Conclusion.** The operator $B: C^{(2)}[0,1] \to C[0,1]$, $Bf = f'' + gf'$, is a Fredholm operator with **index $2$**.

### PROOF COMPLETE
DEVIN_CLI_EXITED code=0
