## Optimal Dynamic Proportional Reinsurance in the Cramér–Lundberg Model

### 1. Model

Let the uncontrolled surplus be the Cramér–Lundberg process
$$U_t=u+\underbrace{(1+\eta)\lambda\mu}_{=:\,c}\,t-\sum_{i=1}^{N_t}X_i,$$
where $u\ge 0$ is the initial capital, $N$ is a Poisson process with rate $\lambda$, the claim sizes $X_i$ are i.i.d. with distribution $F$, mean $\mu=\mathbb E X$, and moment generating function $M_X(s)=\mathbb E e^{sX}$, and $\eta>0$ is the insurer's safety loading.

A **proportional reinsurance** contract lets the insurer choose a retention $b_t\in[0,1]$ (possibly time/ state dependent): a fraction $1-b_t$ of each claim is ceded to the reinsurer, who charges a premium at rate
$$(1+\theta)\lambda\mu(1-b_t),$$
where $\theta>0$ is the reinsurer's safety loading. The controlled surplus is therefore
$$U_t^{b}=u+\int_0^t c(b_s)\,ds-\sum_{i=1}^{N_t}b_{t_i}X_i,\qquad 
c(b):=\lambda\mu\bigl[\eta-\theta+(1+\theta)b\bigr].$$
Ruin occurs at $\tau_b=\inf\{t:U_t^b<0\}$. The goal is to find a feedback control $b^*(u)$ minimizing the ruin probability
$$\psi(u)=\inf_{b\in\mathcal A}\mathbb P_u(\tau_b<\infty).$$

The economically interesting case is **$\theta>\eta$** (reinsurance is more expensive than direct insurance); the case $\eta\ge\theta$ is degenerate and treated first.

---

### 2. HJB equation and the optimal feedback strategy

The minimal ruin probability $\psi$ is the minimal non-negative solution (viscosity solution, smooth under mild conditions) of the Hamilton–Jacobi–Bellman equation
$$\boxed{\;\inf_{b\in[0,1]}\Bigl\{\,c(b)\,\psi'(u)+\lambda\bigl(\mathbb E[\psi(u-bX)]-\psi(u)\bigr)\Bigr\}=0,\quad u\ge 0,\;}$$
with boundary condition $\psi(u)=1$ for $u<0$ and $\psi(\infty)=0$ whenever ruin can be avoided. The **optimal dynamic strategy** is the feedback minimizer
$$\boxed{\;b^*(u)=\arg\min_{b\in[0,1]}\Bigl\{\,c(b)\,\psi'(u)+\lambda\bigl(\mathbb E[\psi(u-bX)]-\psi(u)\bigr)\Bigr\}.\;}$$
In general $b^*(u)$ has no closed form and is obtained numerically from the HJB; the clean, distribution-free result is its **large‑$u$ asymptotics**, derived next.

---

### 3. Degenerate case $\eta\ge\theta$

If $\eta\ge\theta$ then $c(0)=\lambda\mu(\eta-\theta)\ge0$ while full reinsurance ($b=0$) removes all retained claims. The surplus is then non‑decreasing (deterministic, with non‑negative drift), so
$$b^*(u)\equiv 0,\qquad \psi(u)\equiv 0.$$
Ruin can be avoided with probability one. Henceforth assume **$\theta>\eta$**.

---

### 4. Large‑capital asymptotics ($\theta>\eta$, light‑tailed claims)

Assume $M_X(s)$ exists in a neighborhood of the origin (light‑tailed claims). For a **constant** retention $b$, the classical Lundberg exponent $R(b)>0$ is the unique positive root of
$$h(b,r):=c(b)\,r-\lambda\bigl(M_X(br)-1\bigr)=0.$$
A positive root exists iff the net drift exceeds the expected retained claim outflow, i.e.
$$c(b)-\lambda\mu b=\lambda\mu\bigl[\eta-\theta(1-b)\bigr]>0
\iff b>1-\frac{\eta}{\theta}=:b_{\min}.$$
For $b\le b_{\min}$ the drift is non‑positive and ruin is certain, so only $b\in(b_{\min},1]$ are admissible for the exponent.

**Maximal adjustment coefficient.** Define
$$R^*:=\max_{b\in[b_{\min},1]}R(b),\qquad b^*_\infty:=\arg\max_{b\in[b_{\min},1]}R(b).$$
Differentiating $h(b,R(b))=0$ in $b$ gives $R'(b)\propto \lambda M_X'(bR)-c'(b)$, so at an **interior** maximizer
$$\boxed{\;\mathbb E\!\left[X\,e^{R^* b^*_\infty X}\right]=\mu(1+\theta),\qquad
c(b^*_\infty)\,R^*=\lambda\bigl(M_X(R^* b^*_\infty)-1\bigr).\;}$$
These two equations determine $(R^*,b^*_\infty)$ uniquely. If the solution has $b^*_\infty>1$ (reinsurance too expensive to help) the maximum is attained at the boundary $b^*_\infty=1$ and $R^*=R(1)$, the ordinary Lundberg exponent without reinsurance.

**Asymptotic theorem (Schmidli).** Under the light‑tailed hypothesis and $\theta>\eta$, the value function and the optimal feedback strategy satisfy
$$\boxed{\;\psi(u)\sim C\,e^{-R^*\,u}\quad (u\to\infty),\qquad b^*(u)\to b^*_\infty,\;}$$
for some constant $C>0$ depending on $F$ and on the strategy. In words:

* the **minimal ruin probability decays exponentially** at rate $R^*$, the largest adjustment coefficient attainable by any constant retention;
* the **optimal dynamic retention converges** to the constant retention $b^*_\infty$ that maximizes the adjustment coefficient.

*Derivation of the exponent.* Insert the ansatz $\psi(u)\asymp e^{-Ru}$ (so $\psi'(u)\sim -R\psi(u)$, $\psi(u-bX)\sim e^{RbX}\psi(u)$) into the HJB. The minimization over $b$ becomes
$$\inf_{b\in[0,1]}\bigl\{\lambda(M_X(Rb)-1)-c(b)R\bigr\}=0.$$
For a non‑trivial decaying solution this infimum must vanish, which is exactly the condition that $R$ be an adjustment coefficient for *some* retention while being a lower bound for all retentions:
$$\lambda(M_X(Rb)-1)-c(b)R\ge 0\ \forall b,\quad\text{with equality at }b=b^*_\infty.$$
The largest such $R$ is precisely $R^*=\max_b R(b)$. This shows both that the decay rate is $R^*$ and that the asymptotically optimal retention is $b^*_\infty$.

---

### 5. Summary of the optimal strategy

| Regime | Optimal retention | Minimal ruin probability |
|---|---|---|
| $\eta\ge\theta$ | $b^*(u)\equiv 0$ (full reinsurance) | $\psi(u)\equiv 0$ |
| $\theta>\eta$, light tails | $b^*(u)$ from HJB; $b^*(u)\to b^*_\infty=\arg\max R(b)$ | $\psi(u)\sim C\,e^{-R^*u}$, $R^*=\max_b R(b)$ |
| $\theta>\eta$, heavy (subexp.) tails | $b^*(u)\to b^*_\infty$ minimizing the subexponential constant | $\psi(u)\sim C^*\,\overline{F}_{b^*}(u)$ (polynomial/subexp. decay) |

In the heavy‑tailed (subexponential) case the exponential ansatz fails because $M_X$ is infinite; the ruin probability is instead asymptotic to a constant multiple of the (retained) tail $\overline F(u/b)$, and the optimal retention minimizes that constant. The exponential rate $R^*$ above is replaced by the tail index of $F$.

---

### 6. Conclusion

The optimal dynamic proportional reinsurance strategy is the feedback control $b^*(u)$ given by the minimizer of the HJB equation
$$\inf_{b\in[0,1]}\{c(b)\psi'(u)+\lambda(\mathbb E[\psi(u-bX)]-\psi(u))\}=0.$$
For large initial capital $u$ and light‑tailed claims with $\theta>\eta$, the strategy converges to the **constant retention $b^*_\infty$ that maximizes the adjustment coefficient**, characterized by
$$\mathbb E[Xe^{R^*b^*_\infty X}]=\mu(1+\theta),\qquad c(b^*_\infty)R^*=\lambda(M_X(R^*b^*_\infty)-1),$$
and the minimal ruin probability decays exponentially:
$$\psi(u)\sim C\,e^{-R^*u},\qquad u\to\infty.$$
When reinsurance is not more expensive than direct insurance ($\eta\ge\theta$), full reinsurance $b^*\equiv0$ drives the ruin probability to zero.

### PROOF COMPLETE
DEVIN_CLI_EXITED code=0
