## Answer Leak Self-Check

I scanned the problem text. It contains only the problem statement — no solution sketch, no official answer, no Lean formalization revealing the result. No leak detected. Proceeding to solve.

## Proof

We evaluate

$$I = \int_C \cos\!\left(\cos\frac{1}{z}\right) dz,$$

where $C$ is a positively oriented closed curve enclosing the origin.

**Step 1: Identify the singularity.** The integrand

$$f(z) = \cos\!\left(\cos\frac{1}{z}\right)$$

is analytic everywhere except at $z = 0$, where $\frac{1}{z}$ has a pole and $\cos(\cdot)$ is entire, so $\cos(1/z)$ has an essential singularity at $0$. Composing with the entire function $\cos$ preserves the essential singularity. Hence $z=0$ is an isolated essential singularity of $f$, and $f$ is analytic on and inside $C$ except at $0$.

By the residue theorem,

$$I = 2\pi i \,\operatorname{Res}_{z=0} f(z).$$

**Step 2: Reduce the residue to a Taylor coefficient.** Set $u = 1/z$. Since $f(z) = g(u)$ with $g(u) = \cos(\cos u)$, and $g$ is entire in $u$, write its Taylor expansion about $u=0$:

$$g(u) = \cos(\cos u) = \sum_{k=0}^{\infty} b_k u^k.$$

Substituting $u = 1/z$ gives the Laurent expansion of $f$ about $0$:

$$f(z) = \sum_{k=0}^{\infty} b_k z^{-k}.$$

The residue at $z=0$ is the coefficient of $z^{-1}$, namely $b_1$.

**Step 3: Show $b_1 = 0$ by parity.** Observe that $g(u) = \cos(\cos u)$ is an **even** function of $u$:

- $\cos u$ is even: $\cos(-u) = \cos u$.
- Therefore $g(-u) = \cos(\cos(-u)) = \cos(\cos u) = g(u)$.

An even analytic function has a Taylor series containing only even powers of $u$:

$$g(u) = b_0 + b_2 u^2 + b_4 u^4 + \cdots,$$

so every odd coefficient vanishes; in particular $b_1 = 0$.

**Step 4: Conclude.** Since $\operatorname{Res}_{z=0} f(z) = b_1 = 0$,

$$\int_C \cos\!\left(\cos\frac{1}{z}\right) dz = 2\pi i \cdot 0 = 0.$$

**Sanity check (computation).** Expanding directly to confirm the vanishing of the $z^{-1}$ term: using $\cos u = 1 - \tfrac{u^2}{2} + \tfrac{u^4}{24} - \cdots$ and $\cos v = 1 - \tfrac{v^2}{2} + \cdots$ with $v = \cos u$,

$$\cos(\cos u) = 1 - \tfrac{1}{2}\!\left(1 - \tfrac{u^2}{2} + \cdots\right)^{\!2} + \cdots$$

The square $(1 - \tfrac{u^2}{2} + \cdots)^2 = 1 - u^2 + \cdots$ contains only even powers, and every subsequent operation (powers, the cosine series in even powers of its argument) preserves evenness. Thus no $u^1$ (equivalently no $z^{-1}$) term ever appears, confirming $b_1 = 0$.

$$\boxed{\displaystyle \int_C \cos\!\left(\cos\frac{1}{z}\right) dz = 0}$$

### PROOF COMPLETE
DEVIN_CLI_EXITED code=0
