# Solution

**Answer: Yes, such a principal $H$-bundle $E'$ exists (and is unique up to isomorphism).**

## Proof

### Step 1: $G/H$ is (weakly) contractible

Since $H$ is a closed subgroup of $G$, the quotient map $G \to G/H$ is a principal $H$-bundle (under the standard conditions on topological groups), giving a fibration
$$H \hookrightarrow G \to G/H.$$
The associated long exact sequence of homotopy groups reads
$$\cdots \to \pi_n(H) \xrightarrow{i_*} \pi_n(G) \to \pi_n(G/H) \to \pi_{n-1}(H) \to \cdots$$
Since the inclusion $i: H \hookrightarrow G$ is a homotopy equivalence, $i_*: \pi_n(H) \to \pi_n(G)$ is an isomorphism for all $n \geq 0$. Exactness then forces $\pi_n(G/H) = 0$ for all $n$. Thus $G/H$ is weakly contractible.

### Step 2: $BH \to BG$ is a weak homotopy equivalence

Take the universal (Milnor) bundle $EG \to BG$, where $EG$ is contractible and carries a free $G$-action. Since $H \subset G$ acts freely on $EG$ as well, the quotient $EG/H$ is a model for $BH$, and we have a fibration
$$G/H \longrightarrow BH = EG/H \longrightarrow EG/G = BG.$$
Its long exact sequence, combined with $\pi_n(G/H) = 0$ for all $n$, gives isomorphisms
$$\pi_n(BH) \xrightarrow{\sim} \pi_n(BG) \quad \text{for all } n \geq 0.$$
Hence the map $Bi: BH \to BG$ induced by the inclusion is a weak homotopy equivalence.

### Step 3: Bijection on bundle classes over $X$

Principal $G$-bundles over a CW complex $X$ are classified by $[X, BG]$, and principal $H$-bundles by $[X, BH]$ (Steenrod–Dold classification theorem; CW complexes are paracompact). Since $Bi: BH \to BG$ is a weak homotopy equivalence and $BH$, $BG$ have the homotopy type of CW complexes (Milnor's construction yields a CW-type classifying space), Whitehead's theorem implies $Bi$ is a homotopy equivalence. Therefore
$$(Bi)_*: [X, BH] \xrightarrow{\sim} [X, BG]$$
is a **bijection** for every CW complex $X$.

### Step 4: The bijection is extension of structure group

We verify that $(Bi)_*$ corresponds to the operation $E' \mapsto E'(G) = E' \times_H G = (E' \times G)/H$.

If $f: X \to BH$ is the classifying map of a principal $H$-bundle $E'$, then $E' \cong f^* EH$ where $EH \to BH$ is the universal $H$-bundle. Under $Bi: BH \to BG$, the classifying map becomes $Bi \circ f: X \to BG$, classifying the principal $G$-bundle
$$(Bi \circ f)^* EG \cong f^*(Bi^* EG).$$
Now $Bi^* EG$ is the pullback of the universal $G$-bundle $EG \to BG$ along $Bi: BH \to BG$. Since $EG$ with its restricted $H$-action is a universal $H$-bundle (i.e., $EH = EG$ as $H$-spaces), we have $Bi^* EG = EG \to EG/H = BH$ as an $H$-bundle, and extending its structure group from $H$ to $G$ recovers $EG \to BG$. Concretely:
$$Bi^* EG \cong EH, \quad \text{and} \quad Bi^* EG \times_H G \cong EG.$$
Therefore
$$(Bi \circ f)^* EG \cong f^* EH \times_H G \cong E' \times_H G = E'(G).$$

So the map $(Bi)_*: [X, BH] \to [X, BG]$ sends the isomorphism class of $E'$ to the isomorphism class of $E'(G)$.

### Step 5: Conclusion

Given any principal $G$-bundle $E$ over $X$, let $[E] \in [X, BG]$ be its classifying map. Since $(Bi)_*$ is a bijection, there exists a unique class $[E'] \in [X, BH]$ with $(Bi)_*([E']) = [E]$. By Step 4, this means
$$E'(G) = E' \times_H G \cong E.$$

Hence there exists a principal $H$-bundle $E'$ over $X$ (unique up to isomorphism) such that $E'(G) \cong E$. $\blacksquare$

### PROOF COMPLETE
DEVIN_CLI_EXITED code=0
