## Solution

**The claim is false.** I will provide an explicit counterexample with commuting normal operators where $N_1(A,B) < N_2(A,B)$.

### Setup

Let $E = \ell^2(\mathbb{N})$, the space of square-summable sequences. Define two diagonal operators:

$$A = \operatorname{diag}(1, 0, 0, 0, \ldots), \qquad B = \operatorname{diag}(0, 1, 0, 0, \ldots).$$

### Verification that $A$ and $B$ are commuting normal operators

Both $A$ and $B$ are diagonal operators with real entries, hence self-adjoint ($A = A^*$, $B = B^*$). Every self-adjoint operator is normal, so $A$ and $B$ are normal.

Their product is:
$$AB = \operatorname{diag}(1\cdot 0,\; 0\cdot 1,\; 0,\; 0,\; \ldots) = \operatorname{diag}(0, 0, 0, \ldots) = BA.$$

So $A$ and $B$ commute. ✓

### Computing $N_2(A,B)$

$A$ is the orthogonal projection onto the first coordinate, so $\|A\| = 1$. Similarly $B$ is the orthogonal projection onto the second coordinate, so $\|B\| = 1$. Therefore:

$$N_2(A,B) = \|A\|^2 + \|B\|^2 = 1 + 1 = 2.$$

### Computing $N_1(A,B)$

For any $x = (x_1, x_2, x_3, \ldots) \in \ell^2$ with $\|x\| = 1$ (i.e., $\sum_{n=1}^{\infty} |x_n|^2 = 1$):

$$\|Ax\|^2 = |x_1|^2, \qquad \|Bx\|^2 = |x_2|^2.$$

Hence:
$$\|Ax\|^2 + \|Bx\|^2 = |x_1|^2 + |x_2|^2 \leq \sum_{n=1}^{\infty} |x_n|^2 = 1.$$

The bound is achieved, for instance, by $x = e_1 = (1, 0, 0, \ldots)$, giving $|x_1|^2 + |x_2|^2 = 1$. Therefore:

$$N_1(A,B) = \sup_{\|x\|=1}\{|x_1|^2 + |x_2|^2\} = 1.$$

### Conclusion

$$N_1(A,B) = 1 \neq 2 = N_2(A,B).$$

The inequality $N_1(A,B) \leq N_2(A,B)$ is strict in this case, even though $A$ and $B$ are normal and commute. **The claim is not correct.**

### Remark on why the claim fails

The equality $N_1 = N_2$ would require $\|A^*A + B^*B\| = \|A^*A\| + \|B^*B\|$. While $A^*A$ and $B^*B$ are commuting positive operators (so they can be simultaneously "diagonalized" via the spectral theorem), the norm of their sum equals the essential supremum of the sum of the corresponding spectral functions. This essential supremum equals the sum of the individual essential suprema **only when the suprema are attained (approximately) at the same spectral points**. In the counterexample above, $A^*A$ attains its norm at the first coordinate while $B^*B$ attains its norm at the second coordinate—disjoint spectral support—so the sum's norm is strictly less than the sum of the norms.

### PROOF COMPLETE
DEVIN_CLI_EXITED code=0
