## Proof

Let $P(x)$ be a polynomial of degree $10$ and $Q(x)$ a quadratic polynomial satisfying
$$P(x) = Q(x)\,P''(x).$$

**Step 1: Leading coefficient of $Q$.**

Write $P(x) = c_{10}x^{10} + \cdots$ ($c_{10}\neq 0$) and $Q(x) = ax^2 + bx + c$. The leading term of $Q\,P''$ is $a\cdot(10\cdot 9)\,c_{10}\,x^{10} = 90a\,c_{10}\,x^{10}$, which must equal $c_{10}x^{10}$. Hence
$$a = \tfrac{1}{90}.$$

**Step 2: Multiplicity analysis at a root of $P$.**

Let $r$ be a root of $P$ with multiplicity $\mu\ge 1$.

- **If $\mu \ge 2$:** then $P''$ has a root at $r$ of order exactly $\mu-2$. From $P = Q\,P''$, the order of $Q$ at $r$ is $\mu - (\mu-2) = 2$. So **$Q$ has a double root at $r$**.

- **If $\mu = 1$:** evaluating $P(r)=Q(r)P''(r)=0$ gives $Q(r)=0$ or $P''(r)=0$ (a simple root of $P$ arises either from a simple root of $Q$ or from a simple root of $P''$).

**Step 3: Dichotomy on the root structure of $Q$.**

Since $Q$ is quadratic (degree $2$), it has either a double root or two distinct roots.

*Case A: $Q$ has a double root $r^*$.* Then $Q(x) = \tfrac{1}{90}(x-r^*)^2$ and the ODE becomes the **Euler equation**
$$(x-r^*)^2\,P''(x) = 90\,P(x).$$
Substituting $u = x-r^*$ and trying $P = u^\lambda$ gives $\lambda(\lambda-1)=90$, i.e. $\lambda^2-\lambda-90=0$, so $\lambda = 10$ or $\lambda = -9$. The only polynomial solution is $P(x) = C(x-r^*)^{10}$, which has **exactly one distinct root**. This contradicts the hypothesis that $P$ has at least two distinct roots. So Case A is excluded.

*Case B: $Q$ has two distinct roots.* Suppose, for contradiction, that $P$ has a root $r$ with multiplicity $\mu\ge 2$. By Step 2, $Q$ must have a **double** root at $r$, contradicting that $Q$ has two distinct (simple) roots. Therefore **every root of $P$ is simple**.

Since $P$ has degree $10$ and all its roots are simple, $P$ has exactly $10$ distinct roots (counting over $\mathbb{C}$, the algebraic root count). Thus
$$m = 10.$$

**Step 4: Conclusion.**

The relation $P = QP''$ with $\deg P = 10$, $\deg Q = 2$ admits only two structural possibilities: either $Q$ has a double root (forcing $P = C(x-r^*)^{10}$, a single root, excluded) or $Q$ has two distinct roots (forcing all roots of $P$ to be simple, giving $10$ distinct roots). The condition that $P$ has at least two distinct roots selects the second case.

$$\boxed{m = 10}$$

### PROOF COMPLETE
DEVIN_CLI_EXITED code=0
