Looking at this problem, I need to find the values of $k$ for which $(k+ab)(k+bc)(k+ca) \geq (k+1)^3$ holds for all $a,b,c > 0$ with $ab+bc+ca+abc = 4$.

**Answer Leak Check:** No leaked answers found in the problem statement. Proceeding to solve.

## Proof

**Setup.** Let $p = ab$, $q = bc$, $r = ca$, and $t = abc$. Note $pqr = t^2$ and $p+q+r = 4 - t$. Expanding both sides, the inequality becomes:
$$k^2(p+q+r - 3) + k(pq+qr+rp - 3) + (pqr - 1) \geq 0,$$
i.e., setting $S_2 = pq+qr+rp$:
$$Q(k) := k^2(1-t) + k(S_2 - 3) + (t^2 - 1) \geq 0.$$

**Key observation: $t \leq 1$.** By AM-GM, $ab+bc+ca \geq 3(abc)^{2/3} = 3t^{2/3}$, so $3t^{2/3} + t \leq 4$. Setting $u = t^{1/3}$, the function $u^3 + 3u^2$ is increasing for $u > 0$ and equals $4$ at $u=1$, so $u \leq 1$, hence $t \leq 1$, with equality iff $a=b=c=1$.

At $a=b=c=1$: $t=1$, $S_1=3$, $S_2=3$, $S_3=1$, giving $Q(k) \equiv 0$ — equality for all $k$.

**Reduction to two-equal case (uvw).** Note $S_2 = pq+qr+rp = abc(a+b+c) = t \cdot (a+b+c)$. For fixed $t$, both $S_1 = 4-t$ and $t$ are fixed, so $Q(k)$ is **linear** in $S_2$ (coefficient $k$). By the uvw method, for three positive numbers with fixed $ab+bc+ca$ and fixed $abc$, the quantity $a+b+c$ (hence $S_2$) ranges over an interval whose endpoints occur when two variables are equal. Since $Q$ is linear in $S_2$, its minimum is at an endpoint. **It suffices to check $b = c$.**

**Two-equal parametrization.** Set $b = c = x$, $a = y$. The constraint gives:
$$2xy + x^2 + x^2 y = 4 \implies y = \frac{4 - x^2}{x(2+x)} = \frac{2-x}{x}, \quad 0 < x < 2.$$
Then $t = x^2 y = x(2-x) = 1 - (x-1)^2$, $p = r = xy = 2-x$, $q = x^2$.

Computing each factor of $Q$:
- $1 - t = (x-1)^2$
- $t^2 - 1 = -(1-t)(1+t) = -(x-1)^2(1 + 2x - x^2)$
- $S_2 - 3 = -2x^3 + 5x^2 - 4x + 1 = -(x-1)^2(2x-1)$

Therefore:
$$Q(k) = (x-1)^2\big[k^2 - (2x-1)k + (x^2 - 2x - 1)\big].$$

For $x \neq 1$, we need $g(k,x) := k^2 - (2x-1)k + (x^2-2x-1) \geq 0$.

**Finding the roots.** The discriminant is:
$$(2x-1)^2 - 4(x^2-2x-1) = 4x+5.$$
Roots: $k = \frac{(2x-1) \pm \sqrt{4x+5}}{2}$.

So $g(k,x) \geq 0$ iff $k \leq k_-(x)$ or $k \geq k_+(x)$, where:
$$k_+(x) = \frac{(2x-1) + \sqrt{4x+5}}{2}, \qquad k_-(x) = \frac{(2x-1) - \sqrt{4x+5}}{2}.$$

**Optimizing over $x \in (0,2)$.** 

For $k_+(x)$: $\frac{dk_+}{dx} = \frac{1}{2}\left(2 + \frac{2}{\sqrt{4x+5}}\right) = 1 + \frac{1}{\sqrt{4x+5}} > 0$, so $k_+$ is **increasing**. Thus:
$$k_2 = \sup_{x \in (0,2)} k_+(x) = \lim_{x \to 2^-} k_+(x) = \frac{3 + \sqrt{13}}{2}.$$

For $k_-(x)$: $\frac{dk_-}{dx} = 1 - \frac{1}{\sqrt{4x+5}} > 0$ (since $\sqrt{4x+5} > 1$), so $k_-$ is also **increasing**. Thus:
$$k_1 = \inf_{x \in (0,2)} k_-(x) = \lim_{x \to 0^+} k_-(x) = \frac{-1 - \sqrt{5}}{2}.$$

The set of valid $k$ is $\left(-\infty,\, \frac{-1-\sqrt{5}}{2}\right] \cup \left[\frac{3+\sqrt{13}}{2},\, \infty\right)$.

**Computing the answer.** With $k_1 = \frac{-1-\sqrt{5}}{2}$ and $k_2 = \frac{3+\sqrt{13}}{2}$:

$$k_1^2 = \frac{6 + 2\sqrt{5}}{4} = \frac{3+\sqrt{5}}{2}, \qquad k_1^2 + k_1 = \frac{3+\sqrt{5}}{2} + \frac{-1-\sqrt{5}}{2} = \frac{2}{2} = 1.$$

$$k_2^2 = \frac{22 + 6\sqrt{13}}{4} = \frac{11+3\sqrt{13}}{2}, \qquad k_2^2 - 3k_2 = \frac{11+3\sqrt{13}}{2} - \frac{9+3\sqrt{13}}{2} = \frac{2}{2} = 1.$$

Therefore:
$$k_1^2 + k_1 + k_2^2 - 3k_2 = 1 + 1 = \boxed{2}.$$

### PROOF COMPLETE
DEVIN_CLI_EXITED code=0
