## Proof

**Answer: Yes.** Such a Schwartz function exists; in fact, the Gaussian already has this property.

---

### Setup

Take $M = N = 1$ and $\varphi(x) = e^{-x^2}$, the standard Gaussian. We first verify $\varphi \in \mathcal{S}(\mathbb{R})$, then show the semi-norms $\|\varphi\|_{\alpha,\beta}$ are individually finite but not uniformly bounded.

### $\varphi$ is Schwartz

For any multi-indices $\alpha, \beta \in \mathbb{N}_0$, the derivative $D^\beta(e^{-x^2})$ is of the form $P_\beta(x)\,e^{-x^2}$ where $P_\beta$ is a polynomial of degree $\beta$. Then

$$x^\alpha D^\beta \varphi(x) = x^\alpha P_\beta(x)\,e^{-x^2},$$

which is a polynomial times the rapidly decaying Gaussian. Every polynomial times $e^{-x^2}$ is bounded on $\mathbb{R}$, so

$$\|\varphi\|_{\alpha,\beta} = \sup_{x\in\mathbb{R}} |x^\alpha P_\beta(x)\,e^{-x^2}| < \infty \quad \text{for all } \alpha,\beta.$$

Hence $\varphi \in \mathcal{S}(\mathbb{R})$.

### The semi-norms are not uniformly bounded

Consider the family of semi-norms with $\beta = 0$ and $\alpha = n$ (a non-negative integer):

$$\|\varphi\|_{n,0} = \sup_{x \in \mathbb{R}} |x^n e^{-x^2}|.$$

By symmetry ($|x|^n e^{-x^2}$ is even), it suffices to maximize $f_n(x) = x^n e^{-x^2}$ on $[0,\infty)$ for even $n$ (or $|x|^n e^{-x^2}$ for all $n$). Setting the derivative to zero:

$$f_n'(x) = n x^{n-1} e^{-x^2} - 2x^{n+1} e^{-x^2} = x^{n-1}e^{-x^2}(n - 2x^2) = 0,$$

so the unique positive critical point is $x_* = \sqrt{n/2}$. The maximum value is:

$$\|\varphi\|_{n,0} = f_n(x_*) = \left(\frac{n}{2}\right)^{n/2} e^{-n/2} = \left(\frac{n}{2e}\right)^{n/2}.$$

Since $2e \approx 5.436$, for all $n \geq 6$ we have $\frac{n}{2e} > 1$, and therefore

$$\left(\frac{n}{2e}\right)^{n/2} \xrightarrow{n\to\infty} \infty.$$

Thus

$$\sup_{n \geq 0} \|\varphi\|_{n,0} = \infty,$$

which in particular gives

$$\sup_{\alpha,\,\beta} \|\varphi\|_{\alpha,\beta} = \infty.$$

### Conclusion

The Gaussian $\varphi(x) = e^{-x^2}$ is a Schwartz function (every semi-norm $\|\varphi\|_{\alpha,\beta}$ is finite), yet the collection of semi-norms is **not uniformly bounded**: $\|\varphi\|_{n,0} = (n/(2e))^{n/2} \to \infty$ as $n \to \infty$.

For general $M, N$: take $\varphi(x_1, \dots, x_M) = e^{-|x|^2}\, v$ for any fixed unit vector $v \in \mathbb{R}^N$. The same argument applied to the multi-index $\alpha = (n, 0, \dots, 0)$, $\beta = 0$ yields $\|\varphi\|_{\alpha,0} = (n/(2e))^{n/2} \to \infty$.

This confirms that the Schwartz space $\mathcal{S}(\mathbb{R}^M; \mathbb{R}^N)$ requires only **pointwise** finiteness of each semi-norm, with **no uniform bound** across all multi-indices. $\blacksquare$

### PROOF COMPLETE
DEVIN_CLI_EXITED code=0
