# Proof: $S^n$ and $\mathbb{RP}^n$ are homeomorphic only when $n = 1$

**Claim.** $S^n \cong \mathbb{RP}^n$ (homeomorphic) if and only if $n = 1$.

---

## Preliminaries

Recall that $\mathbb{RP}^n = S^n / (x \sim -x)$ is the quotient of $S^n$ by the antipodal identification, with the quotient map $p: S^n \to \mathbb{RP}^n$ a 2-fold covering map for $n \geq 1$.

---

## Case $n = 0$

$S^0 = \{-1, +1\} \subset \mathbb{R}$ consists of two points, while $\mathbb{RP}^0 = S^0/(x\sim -x)$ is a single point. A two-point space (disconnected) is not homeomorphic to a one-point space. **Not homeomorphic.**

---

## Case $n = 1$

$S^1$ is the unit circle. The antipodal map on $S^1$ is the rotation by $\pi$, i.e., $z \mapsto -z$ (viewing $S^1 \subset \mathbb{C}$). The quotient $S^1/(z \sim -z)$ identifies antipodal points, which is equivalent to the map $z \mapsto z^2$ from $S^1$ to $S^1$. This map is a continuous bijection from the quotient space onto $S^1$, and since the quotient is compact and $S^1$ is Hausdorff, it is a homeomorphism. Thus $\mathbb{RP}^1 \cong S^1$. **Homeomorphic.**

---

## Case $n \geq 2$: Fundamental group obstruction

For $n \geq 2$:

- **$\pi_1(S^n) = 0$**: $S^n$ is simply connected for all $n \geq 2$ (a standard result: any loop on $S^n$ can be contracted to a point since $n \geq 2$ gives enough room to avoid self-intersections).

- **$\pi_1(\mathbb{RP}^n) \cong \mathbb{Z}/2\mathbb{Z}$**: The quotient map $p: S^n \to \mathbb{RP}^n$ is a 2-fold covering map. Since $S^n$ is simply connected (for $n \geq 2$), it is the universal cover of $\mathbb{RP}^n$. The group of deck transformations is $\mathbb{Z}/2\mathbb{Z}$ (generated by the antipodal map), and by covering space theory, $\pi_1(\mathbb{RP}^n) \cong \mathbb{Z}/2\mathbb{Z}$.

Since $\pi_1(S^n) = 0 \neq \mathbb{Z}/2\mathbb{Z} = \pi_1(\mathbb{RP}^n)$, and the fundamental group is a homeomorphism invariant, $S^n$ and $\mathbb{RP}^n$ are **not homeomorphic** for any $n \geq 2$.

---

## Conclusion

| $n$ | $S^n$ | $\mathbb{RP}^n$ | Homeomorphic? |
|-----|-------|------------------|---------------|
| $0$ | 2 points | 1 point | No |
| $1$ | $S^1$ | $S^1$ | **Yes** |
| $\geq 2$ | $\pi_1 = 0$ | $\pi_1 = \mathbb{Z}/2\mathbb{Z}$ | No |

$S^n$ and $\mathbb{RP}^n$ are homeomorphic **only** when $n = 1$, and for no other dimension.

### PROOF COMPLETE
DEVIN_CLI_EXITED code=0
