Error: Agent error: Permission denied: Permission denied: Reached overall message rate limit. Please try again later. Your limit will reset in 52 minutes. (trace ID: db5360b1713876dfec57015645f3f37c): {
  "cognition.ai/errorKind": "internal",
  "cognition.ai/retryable": true
}
DEVIN_CLI_EXITED code=1
Error: Agent error: Permission denied: Permission denied: Reached overall message rate limit. Please try again later. Your limit will reset in 50 minutes. (trace ID: 2def5b17cf6c3a236584f625cc06108a): {
  "cognition.ai/errorKind": "internal",
  "cognition.ai/retryable": true
}
DEVIN_CLI_EXITED code=1
Error: Agent error: Permission denied: Permission denied: Reached overall message rate limit. Please try again later. Your limit will reset in 46 minutes. (trace ID: f8cb0aa02e3eab644fbceaab8f404e8d): {
  "cognition.ai/errorKind": "internal",
  "cognition.ai/retryable": true
}
DEVIN_CLI_EXITED code=1
Error: Agent error: Permission denied: Permission denied: Reached overall message rate limit. Please try again later. Your limit will reset in 44 minutes. (trace ID: 9abd435bb1d7e7429d9fc6fd67206bb9): {
  "cognition.ai/errorKind": "internal",
  "cognition.ai/retryable": true
}
DEVIN_CLI_EXITED code=1
Error: Agent error: Permission denied: Permission denied: Reached overall message rate limit. Please try again later. Your limit will reset in 40 minutes. (trace ID: 9960aea93c4430521738a43ac95e426e): {
  "cognition.ai/errorKind": "internal",
  "cognition.ai/retryable": true
}
DEVIN_CLI_EXITED code=1
Error: Agent error: Permission denied: Permission denied: Reached overall message rate limit. Please try again later. Your limit will reset in 36 minutes. (trace ID: 92599c6cd0df9f1f4e78cc89b19b0aa0): {
  "cognition.ai/errorKind": "internal",
  "cognition.ai/retryable": true
}
DEVIN_CLI_EXITED code=1
Error: Agent error: Permission denied: Permission denied: Reached overall message rate limit. Please try again later. Your limit will reset in 34 minutes. (trace ID: 4b0034a9eea6965f7b40bd921ffe73c0): {
  "cognition.ai/errorKind": "internal",
  "cognition.ai/retryable": true
}
DEVIN_CLI_EXITED code=1
Error: Agent error: Permission denied: Permission denied: Reached overall message rate limit. Please try again later. Your limit will reset in 30 minutes. (trace ID: b27c5bdd2262d3a97dfbbdaca91846ce): {
  "cognition.ai/errorKind": "internal",
  "cognition.ai/retryable": true
}
DEVIN_CLI_EXITED code=1
Error: Agent error: Permission denied: Permission denied: Reached overall message rate limit. Please try again later. Your limit will reset in 28 minutes. (trace ID: e05559678c8fae876df94cb3b6f5b077): {
  "cognition.ai/errorKind": "internal",
  "cognition.ai/retryable": true
}
DEVIN_CLI_EXITED code=1
Error: Agent error: Permission denied: Permission denied: Reached overall message rate limit. Please try again later. Your limit will reset in 24 minutes. (trace ID: ad75490d830a3984fb9df6a66f33dd8c): {
  "cognition.ai/errorKind": "internal",
  "cognition.ai/retryable": true
}
DEVIN_CLI_EXITED code=1
Error: Agent error: Permission denied: Permission denied: Reached overall message rate limit. Please try again later. Your limit will reset in 20 minutes. (trace ID: ad57d241ed968ba609cd732aeef9c285): {
  "cognition.ai/errorKind": "internal",
  "cognition.ai/retryable": true
}
DEVIN_CLI_EXITED code=1
Error: Agent error: Permission denied: Permission denied: Reached overall message rate limit. Please try again later. Your limit will reset in 18 minutes. (trace ID: ffd31890ef7781fbb3a039f187c250f8): {
  "cognition.ai/errorKind": "internal",
  "cognition.ai/retryable": true
}
DEVIN_CLI_EXITED code=1
Error: Agent error: Permission denied: Permission denied: Reached overall message rate limit. Please try again later. Your limit will reset in 14 minutes. (trace ID: 1da9755ee9461fba8188872d98fb6b8a): {
  "cognition.ai/errorKind": "internal",
  "cognition.ai/retryable": true
}
DEVIN_CLI_EXITED code=1
Error: Agent error: Permission denied: Permission denied: Reached overall message rate limit. Please try again later. Your limit will reset in 12 minutes. (trace ID: 55908a12f384def29b970ac80096492a): {
  "cognition.ai/errorKind": "internal",
  "cognition.ai/retryable": true
}
DEVIN_CLI_EXITED code=1
Error: Agent error: Permission denied: Permission denied: Reached overall message rate limit. Please try again later. Your limit will reset in 8 minutes. (trace ID: ced7db24fdbd13423e3673c279ba2aeb): {
  "cognition.ai/errorKind": "internal",
  "cognition.ai/retryable": true
}
DEVIN_CLI_EXITED code=1
Error: Agent error: Permission denied: Permission denied: Reached overall message rate limit. Please try again later. Your limit will reset in 4 minutes. (trace ID: 3a1fa68fc5323e16acb9f4eaa28b6cf0): {
  "cognition.ai/errorKind": "internal",
  "cognition.ai/retryable": true
}
DEVIN_CLI_EXITED code=1
Error: Agent error: Permission denied: Permission denied: Reached overall message rate limit. Please try again later. Your limit will reset in 2 minutes. (trace ID: f6ebd2119a041dac2d72111751905e25): {
  "cognition.ai/errorKind": "internal",
  "cognition.ai/retryable": true
}
DEVIN_CLI_EXITED code=1
```xml
<analysis>
  <problem_id>oda_math_460k_00008607</problem_id>
  <dimension1_verdict>DIRECTION_ERROR</dimension1_verdict>
  <dimension1_explanation>The AI's thinking is solving an entirely different problem — a combinatorics problem about coloring grid points E = {0,1,...,1982}^3 such that every axis-aligned box has a number of red vertices divisible by 4 — which has no relation whatsoever to the actual problem about finding the length of segment |AB| where a parametric circle C and a parametric line l intersect. The AI never engaged with the actual analytic geometry problem at all.</dimension1_explanation>
  <dimension2_turning_point_type>other</dimension2_turning_point_type>
  <dimension2_explanation>The standard solution's key technique is parametric substitution: identify C as a circle (center (2,0), radius 1), substitute the line's parametric equations into the circle equation to get a quadratic 25t²-22t+4=0, then compute |AB| = 5·|t₁-t₂| = 2√21/5 using the direction vector magnitude. This is analytic geometry, not modular arithmetic, so none of the mod_p categories apply.</dimension2_explanation>
  <ai_direction_summary>The AI attempted to solve an unrelated combinatorics/coloring problem about 3D grid points and divisibility-by-4 constraints on box vertex counts, conducting extensive algebraic analysis over Z/4Z and F_2 that has zero relevance to the actual curve-line intersection problem.</ai_direction_summary>
  <standard_solution_key_technique>Parametric substitution of the line into the circle equation, solving the resulting quadratic, and using the direction vector magnitude to convert the parameter difference into Euclidean distance.</standard_solution_key_technique>
  <confidence>high</confidence>
</analysis>
```

### ANALYSIS COMPLETE
DEVIN_CLI_EXITED code=0
