**Answer Leak Self-Check:** The problem statement contains only the question "Determine whether the Thue-Morse sequence contains its bitwise boolean complement as a subsequence." No solution, hint, or answer is embedded. No leak detected.

---

## Proof

**Claim.** The Thue-Morse sequence contains its bitwise boolean complement as a subsequence.

**Definitions.** The Thue–Morse sequence $t = (t_n)_{n \ge 0}$ is defined by
$$t_n = s_2(n) \bmod 2,$$
where $s_2(n)$ is the sum of the binary digits of $n$. Its bitwise complement is $c = (c_n)_{n \ge 0}$ with $c_n = 1 - t_n$.

**Key identity.** For every $n \ge 0$,
$$t_{2n+1} = 1 - t_n.$$

*Proof of identity.* Writing $n$ in binary, multiplying by $2$ appends a $0$, so $s_2(2n) = s_2(n)$ and $s_2(2n+1) = s_2(n) + 1$. Therefore
$$t_{2n+1} = s_2(2n+1) \bmod 2 = (s_2(n) + 1) \bmod 2 = 1 - t_n. \quad\checkmark$$

**Constructing the subsequence.** Since $c_n = 1 - t_n$, the identity gives
$$t_{2n+1} = c_n \qquad \text{for all } n \ge 0.$$

Take the index sequence $i_n = 2n + 1$. This is strictly increasing, and
$$t_{i_n} = t_{2n+1} = c_n.$$

Hence the subsequence $(t_{i_n})_{n \ge 0} = (t_1, t_3, t_5, t_7, \dots)$ is exactly the complement $c$.

**Verification on the first terms.**
$$t = 0,1,1,0,1,0,0,1,1,0,0,1,0,1,1,0,\dots$$
$$c = 1,0,0,1,0,1,1,0,0,1,1,0,1,0,0,1,\dots$$
The odd-indexed entries of $t$ are $1,0,0,1,0,1,1,0,\dots = c$. ✓

**Conclusion.** The Thue–Morse sequence contains its bitwise boolean complement as a subsequence — explicitly, as the subsequence indexed by all odd positions.

### PROOF COMPLETE
DEVIN_CLI_EXITED code=0
