Looking at this problem, I need to determine whether the quotient map $p: X \to X/(X-B) \cong \mathbb{S}^n$ induces an isomorphism on $H^n(-;\mathbb{Z}_2)$.

**Answer: Yes**, $p$ induces an isomorphism (assuming $X$ is connected, which is the natural setting given the setup).

## Proof

**Setup.** Let $X$ be a connected closed $n$-manifold, $B \subset X$ an open $n$-disc, and $p: X \to X/(X-B)$ the quotient map. We are given that $X/(X-B) \cong \mathbb{S}^n$. We work throughout with $\mathbb{Z}_2$ coefficients.

**Step 1: Both cohomology groups are $\mathbb{Z}_2$.**

Since $X$ is a connected closed $n$-manifold, by Poincaré duality (valid over $\mathbb{Z}_2$ for all closed manifolds, orientable or not):
$$H^n(X; \mathbb{Z}_2) \cong H_0(X; \mathbb{Z}_2) \cong \mathbb{Z}_2.$$

Since $X/(X-B) \cong \mathbb{S}^n$:
$$H^n(X/(X-B); \mathbb{Z}_2) \cong H^n(\mathbb{S}^n; \mathbb{Z}_2) \cong \mathbb{Z}_2.$$

**Step 2: The quotient map $p$ has mod-2 degree 1.**

The quotient map $p$ collapses the closed subset $X - B$ to a single point $q \in \mathbb{S}^n$, and restricts to a homeomorphism
$$p\big|_B : B \xrightarrow{\;\sim\;} \mathbb{S}^n \setminus \{q\}.$$

Since $B$ is an open $n$-disc, $\mathbb{S}^n \setminus \{q\}$ is also an open $n$-disc (via stereographic projection), and $p\big|_B$ is a homeomorphism between them.

Pick any regular value $y \in \mathbb{S}^n \setminus \{q\}$. Then $p^{-1}(y)$ consists of exactly one point $x \in B$, and $p$ is a local homeomorphism at $x$ (since $p\big|_B$ is a homeomorphism). Therefore:
$$\deg_2(p) = \#p^{-1}(y) \pmod{2} = 1.$$

**Step 3: $p_*$ is an isomorphism on $H_n$, hence $p^*$ is an isomorphism on $H^n$.**

The mod-2 degree classifies the induced map on top homology: for a map $f: M \to N$ between connected closed $n$-manifolds,
$$f_*: H_n(M; \mathbb{Z}_2) \to H_n(N; \mathbb{Z}_2)$$
is multiplication by $\deg_2(f)$. Since $\deg_2(p) = 1$:
$$p_*: H_n(X; \mathbb{Z}_2) \xrightarrow{\;\sim\;} H_n(\mathbb{S}^n; \mathbb{Z}_2)$$
is an isomorphism (it sends the fundamental class $[X]$ to $[\mathbb{S}^n]$).

Since $\mathbb{Z}_2$ is a field, the Universal Coefficient Theorem gives a natural isomorphism $H^n(-;\mathbb{Z}_2) \cong \operatorname{Hom}(H_n(-;\mathbb{Z}_2), \mathbb{Z}_2)$, and the induced map on cohomology is the dual of the map on homology:
$$p^*: H^n(\mathbb{S}^n; \mathbb{Z}_2) \xrightarrow{\;\sim\;} H^n(X; \mathbb{Z}_2).$$

Since $p_*$ is an isomorphism, its dual $p^*$ is also an isomorphism. $\blacksquare$

**Remark on connectivity.** If $X$ is disconnected with $k$ components, then $H^n(X;\mathbb{Z}_2) \cong \mathbb{Z}_2^k$ while $H^n(\mathbb{S}^n;\mathbb{Z}_2) \cong \mathbb{Z}_2$, so no isomorphism exists. The natural and standard interpretation of the problem (a single open disc $B$, quotient a single sphere) is the connected case, where the answer is **yes**.

### PROOF COMPLETE
DEVIN_CLI_EXITED code=0
