Looking at this problem, I need to determine whether ZFC + ¬CH is consistent with "every subset of ℝ of cardinality ℵ₁ is Lebesgue null."

**Answer leak check:** The problem text contains no leaked answers or solution sketches. Proceeding to solve.

---

## Proof

**Answer: Yes.** It is consistent with ZFC (without CH) that every subset of ℝ of cardinality ℵ₁ has Lebesgue measure zero. In fact, the statement *implies* ¬CH, and is consistent with ZFC + ¬CH using only forcing over a model of ZFC + GCH (no large cardinals required).

### Preliminaries: Cardinal Invariants of the Null Ideal

Let 𝓝 denote the σ-ideal of Lebesgue null subsets of ℝ. Define:

- **add(𝓝)** = min{|𝓐| : 𝓐 ⊆ 𝓝, ⋃𝓐 ∉ 𝓝} — the *additivity* of the null ideal (smallest number of null sets whose union is non-null).
- **non(𝓝)** = min{|A| : A ⊆ ℝ, A ∉ 𝓝} — the *uniformity* of the null ideal (smallest cardinality of a non-null set).

**Fact 1 (ZFC).** add(𝓝) ≥ ℵ₁, because the countable union of null sets is null (basic measure theory), so add(𝓝) > ℵ₀.

**Fact 2 (ZFC, Cichoń's Diagram).** add(𝓝) ≤ non(𝓝). This follows from the chain add(𝓝) ≤ add(𝓜) ≤ cov(𝓜) ≤ non(𝓝) in Cichoń's diagram, where 𝓜 is the meager ideal.

### Lemma 1: Reformulation

The statement "every subset of ℝ of cardinality ℵ₁ is Lebesgue null" is equivalent to **non(𝓝) ≥ ℵ₂**.

*Proof.* (⟸) If non(𝓝) ≥ ℵ₂, every set of cardinality < ℵ₂ — in particular ≤ ℵ₁ — is null. (⟹) If some non-null set has cardinality ℵ₁, then non(𝓝) ≤ ℵ₁; combined with non(𝓝) ≥ add(𝓝) ≥ ℵ₁ (Facts 1–2), this gives non(𝓝) = ℵ₁. So if all ℵ₁-sized sets are null, non(𝓝) > ℵ₁, hence non(𝓝) ≥ ℵ₂. □

### Lemma 2: Sufficient Condition via add(𝓝)

If **add(𝓝) ≥ ℵ₂**, then every subset of ℝ of cardinality ℵ₁ is null.

*Proof.* Let A ⊆ ℝ with |A| = ℵ₁. Write A = ⋃_{a∈A} {a} — a union of ℵ₁ singletons, each null. Since ℵ₁ < ℵ₂ ≤ add(𝓝), a union of fewer than add(𝓝) null sets is null. Hence A ∈ 𝓝. (Equivalently, add(𝓝) ≥ ℵ₂ implies non(𝓝) ≥ ℵ₂ by Fact 2, and apply Lemma 1.) □

### Theorem: Consistency of add(𝓝) = ℵ₂ with ZFC + ¬CH

It is consistent with ZFC + ¬CH that add(𝓝) = ℵ₂ and 𝔠 = ℵ₂.

*Construction (Amoeba forcing iteration).*

Start with a countable transitive model V ⊨ ZFC + GCH.

**Amoeba forcing 𝔸.** Conditions are pairs (O, ε) where O ⊆ [0,1] is open with Lebesgue measure μ(O) < ε, and 0 < ε ≤ 1 (restricting to rational ε gives a dense subforcing). The order is (O′, ε′) ≤ (O, ε) iff O ⊆ O′ and ε′ ≤ ε. A 𝔸-generic filter yields an open set G ⊆ [0,1] with μ(G) ≤ 1/2 containing every ground-model real in [0,1]. Thus **𝔸 makes the ground-model reals null**.

**Key properties of 𝔸:**
- **ccc:** For any uncountable family of conditions, partition by rational ε. Within a fixed ε-partition, conditions with μ(O) < ε/2 are pairwise compatible (since μ(O₁ ∪ O₂) ≤ μ(O₁) + μ(O₂) < ε). A Δ-system/measure argument yields the ccc.
- **Cardinal preservation:** ccc forcings preserve cardinals and cofinalities.
- **Adds a real:** 𝔸 adds a new real (the generic open set is coded by a real).

**Iteration.** Let ℙ_{ω₂} be the **countable support iteration** of 𝔸 of length ω₂. Force over V to obtain V[G].

**Cardinal arithmetic in V[G]:**
- The iteration has size |ℙ_{ω₂}| = ℵ₂ (since GCH in V and countable support), so 𝔠 = 2^ℵ₀ ≤ ℵ₂.
- The iteration adds ℵ₂ many reals (one at each stage), so 𝔠 ≥ ℵ₂.
- Hence **𝔠 = ℵ₂**, and **¬CH holds** (since ℵ₂ > ℵ₁).

**add(𝓝) = ℵ₂ in V[G]:**

*add(𝓝) ≥ ℵ₂:* Let {N_α : α < ω₁} be a family of ℵ₁ null sets in V[G]. Each N_α is contained in a Borel null set B_α, coded by a real r_α. Since the iteration has countable support, each r_α (a name depending on countably many coordinates) appears at some intermediate stage V[G↾β_α] with β_α < ω₂. Since cf(ω₂) = ω₂ > ω₁, there exists γ < ω₂ with all β_α < γ. Thus all N_α belong to V[G↾γ].

At stage γ, the amoeba forcing adds an open null set covering all reals of V[G↾γ], which contains ⋃_{α<ω₁} N_α. Therefore ⋃_{α<ω₁} N_α is null in V[G]. This shows no family of ℵ₁ null sets has a non-null union, so **add(𝓝) > ℵ₁**, i.e., add(𝓝) ≥ ℵ₂.

*add(𝓝) ≤ ℵ₂:* Since add(𝓝) ≤ 𝔠 = ℵ₂, we get add(𝓝) ≤ ℵ₂.

Therefore **add(𝓝) = ℵ₂**. □

### Conclusion

In the model V[G]:
1. **ZFC holds** (forcing preserves ZFC).
2. **¬CH holds** (𝔠 = ℵ₂ > ℵ₁).
3. **add(𝓝) = ℵ₂**, so by Lemma 2, **every subset of ℝ of cardinality ℵ₁ has Lebesgue measure zero**.

The construction requires only a model of ZFC + GCH (equiconsistent with ZFC) — **no large cardinals are needed**.

**Remark.** Under CH, the statement is *false*: ℝ itself has cardinality ℵ₁ = 𝔠 and is not null. So the statement implies ¬CH, and we have shown the converse direction — it is realized in a model of ZFC + ¬CH.

### PROOF COMPLETE
DEVIN_CLI_EXITED code=0
