## Solution

Let $\alpha = \sqrt{21}+\sqrt{29}$ and $\beta = \sqrt{29}-\sqrt{21}$.

**Key relations.** We have $\alpha\beta = 29-21 = 8$, so $\alpha^2\beta^2 = 64$. Also
$$\alpha^2 = 50+2\sqrt{609}, \qquad \beta^2 = 50-2\sqrt{609},$$
so $\alpha^2+\beta^2 = 100$.

Set $u = \alpha^2$, $v = \beta^2$. Then $u+v=100$, $uv=64$, so $u,v$ are roots of $t^2-100t+64=0$.

**Integer sequence.** Define $S_n = u^n + v^n$. This satisfies
$$S_n = 100\,S_{n-1} - 64\,S_{n-2}, \quad S_0=2,\; S_1=100.$$
Since $S_0,S_1$ are integers and the recurrence has integer coefficients, every $S_n$ is an integer.

**Fractional part.** Since $\sqrt{609}\approx 24.68$, we get $v = 50-2\sqrt{609}\approx 0.64 < 1$. Thus $v^{992}$ is a positive number far less than 1. Now
$$\alpha^{1984} = u^{992} = S_{992} - v^{992} = S_{992} - \varepsilon, \qquad 0<\varepsilon<1.$$
Since $S_{992}$ is an integer, $\lfloor \alpha^{1984}\rfloor = S_{992}-1$.

**Computing $S_{992}\bmod 100$.** Reducing the recurrence mod 100:
$$S_n \equiv -64\,S_{n-2} \equiv 36\,S_{n-2} \pmod{100},$$
with $S_0\equiv 2$, $S_1\equiv 0$. Hence all odd terms are $\equiv 0$, and for even terms, setting $T_k = S_{2k}$:
$$T_k \equiv 36\,T_{k-1} \pmod{100},\quad T_0=2 \;\Longrightarrow\; T_k \equiv 2\cdot 36^k \pmod{100}.$$

Since $992 = 2\cdot 496$, we need $T_{496} \equiv 2\cdot 36^{496}\pmod{100}$.

**Powers of 36 mod 100** (period 5):
$$36^1\equiv 36,\; 36^2\equiv 96,\; 36^3\equiv 56,\; 36^4\equiv 16,\; 36^5\equiv 76,\; 36^6\equiv 36,\dots$$
Since $496 = 5\cdot 99 + 1$, we get $36^{496}\equiv 36^1\equiv 36\pmod{100}$.

Therefore
$$S_{992} \equiv 2\cdot 36 = 72 \pmod{100},$$
and
$$\lfloor(\sqrt{21}+\sqrt{29})^{1984}\rfloor = S_{992}-1 \equiv 72-1 = \boxed{71}\pmod{100}.$$

### PROOF COMPLETE
DEVIN_CLI_EXITED code=0
