Looking at this problem, I need to determine whether there exists $X = X(N_1)$ with $|X|<2$ such that $\mathbb{P}(N_1 + XN_2 > 0) \neq \tfrac{1}{2}$.

## Proof

**Key observation.** Conditioning on $N_1$ (which determines $X = X(N_1)$), since $N_2$ is independent of $N_1$:

- If $X > 0$: $\mathbb{P}(N_1 + XN_2 > 0 \mid N_1) = \mathbb{P}(N_2 > -N_1/X) = \Phi(N_1/X) = \Phi(N_1/|X|)$.
- If $X < 0$: $\mathbb{P}(N_1 + XN_2 > 0 \mid N_1) = \mathbb{P}(N_2 < -N_1/X) = \Phi(-N_1/X) = \Phi(N_1/|X|)$.
- If $X = 0$: the conditional probability is $\mathbf{1}_{N_1>0}$, contributing $1/2$ unconditionally.

In all cases with $X \neq 0$, the conditional probability equals $\Phi\!\bigl(N_1/|X(N_1)|\bigr)$. Therefore

$$\mathbb{P}(N_1 + XN_2 > 0) = \mathbb{E}\!\Bigl[\Phi\!\Bigl(\tfrac{N_1}{|X(N_1)|}\Bigr)\Bigr].$$

**Why constant $|X|$ gives $1/2$.** If $|X| \equiv c > 0$ is constant, then $N_1/c$ is symmetric about $0$, and since $\Phi(t) + \Phi(-t) = 1$, we get $\mathbb{E}[\Phi(N_1/c)] = 1/2$. So the trick is to make $|X|$ **depend on $N_1$ asymmetrically**.

**Construction.** Fix small $\epsilon, \delta > 0$ and define

$$X(N_1) = \begin{cases} \epsilon & \text{if } N_1 > 0, \\ 2 - \delta & \text{if } N_1 \leq 0. \end{cases}$$

Then $|X| < 2$ everywhere (since $\epsilon < 2$ and $2-\delta < 2$). The probability becomes

$$f(\epsilon,\delta) \;=\; \int_0^\infty \phi(t)\,\Phi\!\Bigl(\tfrac{t}{\epsilon}\Bigr)\,dt \;+\; \int_{-\infty}^{0} \phi(t)\,\Phi\!\Bigl(\tfrac{t}{2-\delta}\Bigr)\,dt.$$

**Limit analysis.** As $\epsilon \to 0^+$, for every $t > 0$ we have $\Phi(t/\epsilon) \to 1$, so by dominated convergence ($\phi(t)\Phi(t/\epsilon) \leq \phi(t)$, integrable on $(0,\infty)$):

$$\int_0^\infty \phi(t)\,\Phi\!\Bigl(\tfrac{t}{\epsilon}\Bigr)\,dt \;\longrightarrow\; \int_0^\infty \phi(t)\,dt \;=\; \frac{1}{2}.$$

As $\delta \to 0^+$, by dominated convergence:

$$\int_{-\infty}^{0} \phi(t)\,\Phi\!\Bigl(\tfrac{t}{2-\delta}\Bigr)\,dt \;\longrightarrow\; \int_{-\infty}^{0} \phi(t)\,\Phi\!\Bigl(\tfrac{t}{2}\Bigr)\,dt \;=:\; I.$$

**The integral $I$ is strictly positive.** Indeed, $\phi(t) > 0$ for all $t$ and $\Phi(t/2) > 0$ for all $t$, so the integrand is strictly positive on $(-\infty, 0]$, giving $I > 0$.

**Conclusion.** Therefore

$$\lim_{\epsilon \to 0^+,\; \delta \to 0^+} f(\epsilon, \delta) \;=\; \frac{1}{2} + I \;>\; \frac{1}{2}.$$

By continuity of $f$ in $(\epsilon, \delta)$, there exist $\epsilon, \delta > 0$ (with $\epsilon < 2$, $\delta < 2$) such that $f(\epsilon, \delta) > 1/2$. For such a choice, the random variable $X$ defined above satisfies $|X| < 2$ and

$$\mathbb{P}(N_1 + XN_2 > 0) > \frac{1}{2} \neq \frac{1}{2}.$$

**Answer: Yes**, such a random variable $X$ exists. $\blacksquare$

### PROOF COMPLETE
DEVIN_CLI_EXITED code=0
