## Proof

**Answer-leak check:** The problem statement contains no leaked answers, solution sketches, or formalization notes. Proceeding.

**Setup.** Let $x=a+1,\ y=b+1,\ z=c+1$. The geometric-sequence condition gives

$$\frac{y}{x}=\frac{z}{y}\implies y^2=xz,\qquad x<y<z.$$

The primes below 100 are $2,3,5,7,11,13,17,19,23,29,31,37,41,43,47,53,59,61,67,71,73,79,83,89,97$, so the admissible values of $x,y,z$ are

$$\mathcal{V}=\{3,4,6,8,12,14,18,20,24,30,32,38,42,44,48,54,60,62,68,72,74,80,84,90,98\}.$$

**Exhaustive search.** For each $y\in\mathcal{V}$, I factor $y^2$ and look for divisor pairs $(x,z)$ with $x<y<z$ and $x,z\in\mathcal{V}$. Only the following yield valid pairs:

| $y$ | $y^2$ | $(x,z)$ | triple $(a,b,c)$ | ratio |
|-----|-------|---------|-------------------|-------|
| 6 | 36 | (3,12) | (2,5,11) | 2 |
| 12 | 144 | (8,18) | (7,11,17) | 3/2 |
| 12 | 144 | (6,24) | (5,11,23) | 2 |
| 12 | 144 | (3,48) | (2,11,47) | 4 |
| 18 | 324 | (6,54) | (5,17,53) | 3 |
| 24 | 576 | (8,72) | (7,23,71) | 3 |
| 24 | 576 | (12,48) | (11,23,47) | 2 |
| 24 | 576 | (18,32) | (17,23,31) | 4/3 |
| 42 | 1764 | (18,98) | (17,41,97) | 7/3 |
| 48 | 2304 | (32,72) | (31,47,71) | 3/2 |
| 84 | 7056 | (72,98) | (71,83,97) | 7/6 |

**Verification of completeness.** For every $y\in\mathcal{V}$ I enumerated all divisors of $y^2$ less than $y$ and checked whether the complementary divisor $z=y^2/x$ exceeds $y$ and lies in $\mathcal{V}$. All other values of $y$ (namely $3,4,8,14,20,30,32,38,44,54,60,62,68,74,80,90,98$) produce no pair with both endpoints in $\mathcal{V}$. For instance:
- $y=30$: $z\in\mathcal{V}$ requires $z\in\{60,90\}$, giving $x=15$ or $x=10$, neither in $\mathcal{V}$.
- $y=60$: candidates $z\in\{72,80,90\}$ give $x=50,45,40$, none in $\mathcal{V}$.
- $y=72,80,90$: no divisor $z\in\mathcal{V}$ with $z>y$ yields $x\in\mathcal{V}$.

Each listed triple has all three entries prime, strictly increasing, and below 100, and each satisfies $(b+1)^2=(a+1)(c+1)$, confirming the geometric property.

**Summation.**

$$\begin{aligned}
\sum (a_i+b_i+c_i) &= 18+35+39+60+75+101+81+71+155+149+251\\
&= 1035.
\end{aligned}$$

The master key is $\boxed{1035}$.

### PROOF COMPLETE
DEVIN_CLI_EXITED code=0
