Looking at this problem, I need to prove that $L, T, F$ are collinear if and only if $B, E, A, R$ are concyclic, where the incircle (the problem says "circumcircle" but contextually means incircle, since only the incircle is tangent to all three sides) touches $BC, CA, AB$ at $T, E, F$, and $L$ is the $C$-excenter of $\triangle CER$.

**Answer-leak check:** No solutions, hints, or formalization notes are present in the problem statement. Proceeding.

---

**Proof.**

Let $a=BC$, $b=CA$, $c=AB$, $s=\frac{a+b+c}{2}$, and set $x=s-a$, $y=s-b$, $z=s-c$, so $a=y+z$, $b=x+z$, $c=x+y$. The incircle touches $BC,CA,AB$ at $T,E,F$ with $BT=BF=y$, $CT=CE=z$, $AE=AF=x$.

**Step 1 (Concyclic condition).** For $R$ on line $BC$ with $R\neq B$: since $E$ lies on line $CA$ with $\overrightarrow{CE}=z$ and $\overrightarrow{CA}=b$, the power of $C$ w.r.t. the circumcircle of $\triangle ABE$ is $bz$. This equals $\overrightarrow{CB}\cdot\overrightarrow{CR}=a\cdot CR$, so:

$$B,E,A,R \text{ concyclic} \iff CR=\frac{bz}{a}. \tag{1}$$

**Step 2 (Coordinates).** Place $B=(0,0)$, $C=(a,0)$. Then $A=(c\cos B,\, c\sin B)$, and:
- $T=(y,0)$,
- $F=(y\cos B,\, y\sin B)$ (since $BF=y$ along $BA$),
- $E=(a-z\cos C,\, z\sin C)$ (since $CE=z$ along $CA$).

Let $R=(a-u,0)$ with $u=CR>0$, and $w=ER=\sqrt{u^2+z^2-2uz\cos C}$ (law of cosines in $\triangle CER$).

**Step 3 (Line $TF$).** The direction $T\to F$ is $y(\cos B-1,\sin B)$; a normal is $(\sin B,\, 1-\cos B)$. Using $1-\cos B=2\sin^2\frac{B}{2}$, $\sin B=2\sin\frac{B}{2}\cos\frac{B}{2}$, the line $TF$ has equation:

$$\cos\tfrac{B}{2}\cdot X+\sin\tfrac{B}{2}\cdot Y=y\cos\tfrac{B}{2}. \tag{2}$$

**Step 4 (Excenter $L$).** The $C$-excenter of $\triangle CER$ (barycentric $(-w:u:z)$) is $L=\frac{-w\,C+u\,E+z\,R}{-w+u+z}$. With $d=u+z-w$:

$$L_x=a-\frac{uz(1+\cos C)}{d},\qquad L_y=\frac{uz\sin C}{d}. \tag{3}$$

**Step 5 (Collinearity condition).** Substituting (3) into (2) and using $a-y=z$:

$$\frac{uz}{d}\Bigl(\sin\tfrac{B}{2}\sin C-\cos\tfrac{B}{2}(1+\cos C)\Bigr)=-z\cos\tfrac{B}{2}.$$

The bracket simplifies via $\sin C=2\sin\frac{C}{2}\cos\frac{C}{2}$, $1+\cos C=2\cos^2\frac{C}{2}$, and $\cos\frac{B+C}{2}=\sin\frac{A}{2}$ to $-2\cos\frac{C}{2}\sin\frac{A}{2}$. Dividing by $-z$:

$$u\cdot 2\cos\tfrac{C}{2}\sin\tfrac{A}{2}=d\cdot\cos\tfrac{B}{2},\qquad d=u+z-w. \tag{$\star$}$$

**Step 6 (S
warning: response truncated (model hit max output token limit)
Error: Response truncated: model hit max output token limit. The output above is incomplete.
DEVIN_CLI_EXITED code=1
