Error: Agent error: Permission denied: Permission denied: Reached overall message rate limit. Please try again later. Your limit will reset in 50 minutes. (trace ID: f81f7ae29f62cc5d663c167513ecbaad): {
  "cognition.ai/errorKind": "internal",
  "cognition.ai/retryable": true
}
DEVIN_CLI_EXITED code=1
Error: Agent error: Permission denied: Permission denied: Reached overall message rate limit. Please try again later. Your limit will reset in 48 minutes. (trace ID: ce3d18cf7168523b7134174e956ebfdf): {
  "cognition.ai/errorKind": "internal",
  "cognition.ai/retryable": true
}
DEVIN_CLI_EXITED code=1
Error: Agent error: Permission denied: Permission denied: Reached overall message rate limit. Please try again later. Your limit will reset in 44 minutes. (trace ID: 408853809fe0b92d098450ec2a7cd2a1): {
  "cognition.ai/errorKind": "internal",
  "cognition.ai/retryable": true
}
DEVIN_CLI_EXITED code=1
Error: Agent error: Permission denied: Permission denied: Reached overall message rate limit. Please try again later. Your limit will reset in 42 minutes. (trace ID: 01ab391afcc1288772bf535ffaac43d6): {
  "cognition.ai/errorKind": "internal",
  "cognition.ai/retryable": true
}
DEVIN_CLI_EXITED code=1
Error: Agent error: Permission denied: Permission denied: Reached overall message rate limit. Please try again later. Your limit will reset in 39 minutes. (trace ID: c6dd04858097d12ea973835d53d6683f): {
  "cognition.ai/errorKind": "internal",
  "cognition.ai/retryable": true
}
DEVIN_CLI_EXITED code=1
Error: Agent error: Permission denied: Permission denied: Reached overall message rate limit. Please try again later. Your limit will reset in 36 minutes. (trace ID: 710985b9ca20d9a56f1ec6b95035187a): {
  "cognition.ai/errorKind": "internal",
  "cognition.ai/retryable": true
}
DEVIN_CLI_EXITED code=1
Error: Agent error: Permission denied: Permission denied: Reached overall message rate limit. Please try again later. Your limit will reset in 32 minutes. (trace ID: 96b8d81c288ff42c69ea5f76a9d0fd30): {
  "cognition.ai/errorKind": "internal",
  "cognition.ai/retryable": true
}
DEVIN_CLI_EXITED code=1
Error: Agent error: Permission denied: Permission denied: Reached overall message rate limit. Please try again later. Your limit will reset in 28 minutes. (trace ID: e6f9a81da7ac47e1b0b2098251527c32): {
  "cognition.ai/errorKind": "internal",
  "cognition.ai/retryable": true
}
DEVIN_CLI_EXITED code=1
Error: Agent error: Permission denied: Permission denied: Reached overall message rate limit. Please try again later. Your limit will reset in 26 minutes. (trace ID: 155d5ef0197ffdd4fc92b94405be7983): {
  "cognition.ai/errorKind": "internal",
  "cognition.ai/retryable": true
}
DEVIN_CLI_EXITED code=1
Error: Agent error: Permission denied: Permission denied: Reached overall message rate limit. Please try again later. Your limit will reset in 23 minutes. (trace ID: a403f3c76ff6afd68ad742a90a96809e): {
  "cognition.ai/errorKind": "internal",
  "cognition.ai/retryable": true
}
DEVIN_CLI_EXITED code=1
Error: Agent error: Permission denied: Permission denied: Reached overall message rate limit. Please try again later. Your limit will reset in 20 minutes. (trace ID: 6dcfb3f0d3a042d59232819f865cb128): {
  "cognition.ai/errorKind": "internal",
  "cognition.ai/retryable": true
}
DEVIN_CLI_EXITED code=1
Error: Agent error: Permission denied: Permission denied: Reached overall message rate limit. Please try again later. Your limit will reset in 16 minutes. (trace ID: ba8846c86334192f13796de872e6a0f4): {
  "cognition.ai/errorKind": "internal",
  "cognition.ai/retryable": true
}
DEVIN_CLI_EXITED code=1
Error: Agent error: Permission denied: Permission denied: Reached overall message rate limit. Please try again later. Your limit will reset in 12 minutes. (trace ID: 6cbbd838e720cff93aaadbb818b5ebb5): {
  "cognition.ai/errorKind": "internal",
  "cognition.ai/retryable": true
}
DEVIN_CLI_EXITED code=1
Error: Agent error: Permission denied: Permission denied: Reached overall message rate limit. Please try again later. Your limit will reset in 10 minutes. (trace ID: 34c25cd1366a00a7de8b861f2f0338fc): {
  "cognition.ai/errorKind": "internal",
  "cognition.ai/retryable": true
}
DEVIN_CLI_EXITED code=1
Error: Agent error: Permission denied: Permission denied: Reached overall message rate limit. Please try again later. Your limit will reset in 6 minutes. (trace ID: 33177bbd1e92584f85e1a4acceefc150): {
  "cognition.ai/errorKind": "internal",
  "cognition.ai/retryable": true
}
DEVIN_CLI_EXITED code=1
Error: Agent error: Permission denied: Permission denied: Reached overall message rate limit. Please try again later. Your limit will reset in 4 minutes. (trace ID: 07d3b7da1a3ea1712afe1c7a777c2e7e): {
  "cognition.ai/errorKind": "internal",
  "cognition.ai/retryable": true
}
DEVIN_CLI_EXITED code=1
Error: Agent error: Permission denied: Permission denied: Reached overall message rate limit. Please try again later. Your limit will reset in 16 seconds. (trace ID: 47a2f01810c813e7a75ad18131433681): {
  "cognition.ai/errorKind": "internal",
  "cognition.ai/retryable": true
}
DEVIN_CLI_EXITED code=1
我已经读完了 AGENTS.md。现在我将直接输出 XML 分析结果。

```xml
<?xml version="1.0" encoding="UTF-8"?>
<analysis>
  <metadata>
    <task_id>full-analysis-30c-r001334-polymath_00944</task_id>
    <task_type>math_problem_failure_analysis</task_type>
    <model>glm-5.2</model>
    <problem_domain>combinatorics</problem_domain>
    <date>2026-08-15</date>
  </metadata>

  <problem_summary>
    <statement>
      n cars in initial order. At each moment, a car may overtake another car (no simultaneous overtakes).
      "Small" set: each car overtakes at most once. F_n = all possible orders after any small set.
      "Complete" set: each car overtakes exactly once. G_n = all possible orders after any complete set.
      Compute |F_10| + |G_10|.
    </statement>
    <standard_answer>768</standard_answer>
    <standard_solution>
      |F_n| = 2^{n-1}, |G_n| = 2^{n-2} (for n >= 2).
      |F_10| = 2^9 = 512, |G_10| = 2^8 = 256.
      |F_10| + |G_10| = 512 + 256 = 768.
    </standard_solution>
    <correct_model>adjacent_swap</correct_model>
    <correct_model_description>
      When car A overtakes car B, A and B must be adjacent, and they swap positions.
      A must be behind B (A is to the right of B in the sequence).
      Each overtake is an adjacent transposition where the right element moves left by 1.
      Under this model:
      - F_n reachable permutations = those where each car moves at most 1 position forward (left).
        Count = 2^{n-1} (at each position assignment step, exactly 2 choices).
      - G_n reachable permutations: each car must overtake exactly once.
        Count = 2^{n-2}.
    </correct_model_description>
  </problem_summary>

  <ai_performance>
    <reached_correct_answer>false</reached_correct_answer>
    <ai_final_answer>NOT_REACHED</ai_final_answer>
    <ai_answer_numeric>none</ai_answer_numeric>
    <answer_correct>false</answer_correct>
    <reasoning_completed>false</reasoning_completed>
    <context_exhausted>true</context_exhausted>
    <total_lines>2464</total_lines>
  </ai_performance>

  <failure_classification>
    <primary_failure_mode>model_selection_failure</primary_failure_mode>
    <secondary_failure_mode>computational_error_in_correct_model</secondary_failure_mode>
    <tertiary_failure_mode>runaway_exploration_without_convergence</tertiary_failure_mode>
    <severity>critical</severity>
    <recoverable>false</recoverable>
  </failure_classification>

  <root_cause_analysis>
    <root_cause id="RC1" priority="1">
      <description>
        The AI explored three different overtaking models (jump, transposition, adjacent swap)
        but never committed to the correct one (adjacent swap). The model ambiguity was never
        resolved, and the AI spent the entire context budget exploring wrong models.
      </description>
      <impact>
        Without committing to the correct model, the AI could never compute the correct
        |F_n| = 2^{n-1} and |G_n| = 2^{n-2}. All downstream reasoning was built on wrong foundations.
      </impact>
    </root_cause>

    <root_cause id="RC2" priority="2">
      <description>
        CRITICAL COMPUTATIONAL ERROR: When computing F_3 under the adjacent swap model
        (the CORRECT model), the AI allowed car 3 to overtake TWICE, violating the "small"
        constraint. Specifically, at AGENTS.md line ~2065:
        "3 overtakes 2 → (1, 3, 2). Then ... 3 overtakes 1 (3 at pos 2, 1 at pos 1, adjacent): (3, 1, 2)."
        Car 3 had already overtaken car 2; allowing car 3 to overtake car 1 again violates
        "each car overtakes at most once."
      </description>
      <impact>
        This error produced |F_3| = 5 (including the invalid permutation (3,1,2)) instead of
        the correct |F_3| = 4. Since 5 does not match any clean formula (2^{n-1} = 4),
        the AI concluded the adjacent swap model was wrong and abandoned it.
        The AI rejected the CORRECT model due to its OWN computational error.
      </impact>
      <correct_computation>
        Under adjacent swap, F_3:
        - 0 overtakes: (1,2,3)
        - 1 overtake: (2,1,3) [car 2 overtakes 1], (1,3,2) [car 3 overtakes 2]
        - 2 overtakes (different cars):
          - 2→1 then 3→1: (2,1,3)→(2,3,1) ✓
          - 2→1 then 1→2: (2,1,3)→(1,2,3) ✓ (already counted)
          - 3→2 then 2→3: (1,3,2)→(1,2,3) ✓ (already counted)
          - 3→2 then 1→?: car 1 is in lead, cannot overtake. No new permutation.
        - F_3 = {(1,2,3), (2,1,3), (1,3,2), (2,3,1)}, |F_3| = 4 = 2^2 ✓
        - (3,1,2) is NOT reachable: car 3 would need to move 2 positions forward,
          but each car overtakes at most once (moves forward by at most 1).
      </correct_computation>
    </root_cause>

    <root_cause id="RC3" priority="3">
      <description>
        After abandoning the correct adjacent swap model, the AI committed to the transposition
        (swap any two cars) model and proved |F_n| = n! under it. This proof was mathematically
        correct FOR THAT MODEL, but the model itself was wrong for this problem.
        The AI then began analyzing |G_n| under the transposition model, conjecturing
        |G_n| = n!/2 (all permutations of parity (-1)^n).
      </description>
      <impact>
        The AI was heading toward |F_10| + |G_10| = 10! + 10!/2 = 3628800 + 1814400 = 5443200,
        which is completely wrong (correct answer: 768). The AI invested heavily in a wrong
        model and never recovered.
      </impact>
    </root_cause>

    <root_cause id="RC4" priority="4">
      <description>
        Runaway exploration without convergence. The AI spent 2464 lines exploring model
        ambiguity, computing small cases under multiple models, and proving theorems under
        wrong models. It never established a decision criterion for choosing the correct model,
        and never checked its small-case computations against the standard answer's formula
        (2^{n-1}, 2^{n-2}).
      </description>
      <impact>
        Context budget exhausted before reaching any answer. The AI's approach was
        exploration-heavy but verification-light: it never cross-checked its results
        against known formulas or attempted to validate its model choice.
      </impact>
    </root_cause>
  </root_cause_analysis>

  <error_timeline>
    <event line="~49" order="1" type="model_ambiguity_introduced">
      The AI first considers the "adjacent swap" model but immediately questions it:
      "the problem says 'a car may overtake another car' without saying adjacent..."
      This introduces unnecessary model ambiguity at the very start.
    </event>
    <event line="~130" order="2" type="model_switch">
      The AI switches to considering the adjacent swap model but remains uncertain.
    </event>
    <event line="~168" order="3" type="model_switch">
      The AI switches to the transposition (swap any two) model.
    </event>
    <event line="~2060-2093" order="4" type="critical_computational_error">
      Under adjacent swap model, computing F_3, the AI allows car 3 to overtake twice,
      producing invalid permutation (3,1,2). Gets |F_3| = 5 instead of 4.
      This is the pivotal error that caused rejection of the correct model.
    </event>
    <event line="~2097" order="5" type="wrong_conclusion_from_error">
      "Under the adjacent swap model, |F_n| ≠ n!. That's different from the other two models."
      The AI notes |F_3| = 5 under adjacent swap, doesn't match clean formula, implicitly
      de-prioritizes this model.
    </event>
    <event line="~2291-2313" order="6" type="proof_under_wrong_model">
      The AI proves |F_n| = n! under the transposition model using a front-to-back placement
      strategy. The proof is correct for the transposition model, but the model is wrong.
    </event>
    <event line="~2430" order="7" type="conjecture_under_wrong_model">
      The AI conjectures G_n = all permutations with parity (-1)^n, giving |G_n| = n!/2.
      This would yield |F_10| + |G_10| = 10! + 10!/2 = 5,443,200 (wrong by 7x).
    </event>
    <event line="~2464" order="8" type="context_exhausted">
      The AI runs out of context while still trying to prove the conjecture for G_n
      under the wrong transposition model. No answer is ever produced.
    </event>
  </error_timeline>

  <correct_approach>
    <step order="1">
      Identify the correct model: adjacent swap. When car A overtakes car B, A and B must
      be adjacent, and they swap. A must be behind B. This is the standard interpretation
      in competition combinatorics for overtaking problems.
    </step>
    <step order="2">
      Characterize F_n: A permutation is reachable (small set, each car overtakes at most once)
      if and only if each car moves at most 1 position forward (left) from its starting position.
      Equivalently, car i ends up at position p(i) >= i - 1.
    </step>
    <step order="3">
      Count |F_n| = 2^{n-1}: At each position i (from 1 to n-1), there are exactly 2 choices
      for which car occupies it (car i or car i+1), given the constraint. Position n gets
      the remaining car. This gives 2^{n-1} reachable permutations.
    </step>
    <step order="4">
      Characterize and count |G_n| = 2^{n-2}: When each car must overtake exactly once,
      the constraint is tighter. Car 1 starts in the lead and cannot overtake until it has
      been overtaken. This removes one degree of freedom, giving 2^{n-2}.
    </step>
    <step order="5">
      Compute: |F_10| = 2^9 = 512, |G_10| = 2^8 = 256.
      |F_10| + |G_10| = 512 + 256 = 768.
    </step>
  </correct_approach>

  <model_comparison>
    <model name="adjacent_swap" correct="true">
      <description>Each overtake swaps two adjacent cars (overtaker moves 1 position forward).</description>
      <F_n>2^{n-1}</F_n>
      <G_n>2^{n-2}</G_n>
      <F_10_plus_G_10>768</F_10_plus_G_10>
      <verification>|F_2|=2=2^1 ✓, |F_3|=4=2^2 ✓, |G_2|=1=2^0 ✓, |G_3|=2=2^1 ✓</verification>
    </model>
    <model name="transposition" correct="false">
      <description>Each overtake swaps any two cars (not necessarily adjacent).</description>
      <F_n>n!</F_n>
      <G_n>n!/2 (conjectured)</G_n>
      <F_10_plus_G_10>5,443,200 (wrong)</F_10_plus_G_10>
      <why_wrong>
        "A car overtakes another car" in racing context means passing the car immediately
        ahead. The transposition model allows a car to teleport past multiple cars in a
        single overtake, which is not physical overtaking.
      </why_wrong>
    </model>
    <model name="jump" correct="false">
      <description>Car A jumps to just ahead of car B, all cars between shift back by 1.</description>
      <F_n>n!</F_n>
      <G_n>unknown (AI computed 0,1,4 for n=1,2,3)</G_n>
      <why_wrong>
        When A overtakes B, A passes all cars between them, effectively overtaking
        multiple cars in one action. This contradicts "a car may overtake another car"
        (singular). Also produces |G_n| values (0,1,4) inconsistent with 2^{n-2}.
      </why_wrong>
    </model>
  </model_comparison>

  <specific_errors>
    <error id="E1" line="~2065" severity="critical" type="constraint_violation">
      <description>
        In F_3 computation under adjacent swap: "3 overtakes 2 → (1,3,2). Then 3 overtakes 1..."
        Car 3 is allowed to overtake twice, violating "each car overtakes at most once."
      </description>
      <correct_action>
        After car 3 overtakes car 2, car 3 has used its overtake. Only cars 1 and 2
        can still overtake. Car 1 is in lead (cannot overtake). Car 2 can overtake car 3
        (adjacent): (1,3,2)→(1,2,3). No new permutation beyond (1,2,3).
      </correct_action>
    </error>
    <error id="E2" line="~2093" severity="high" type="wrong_count_from_error">
      <description>
        Concluded |F_3| = 5 under adjacent swap, including invalid permutation (3,1,2).
        Correct |F_3| = 4.
      </description>
    </error>
    <error id="E3" line="~2097-2110" severity="high" type="model_rejection_from_self_inflicted_error">
      <description>
        Compared the three models: adjacent swap gives |F_3|=5, transposition gives 6, jump gives 6.
        Concluded "three models give different answers" and continued exploring.
        The adjacent swap's "5" was due to the AI's own computational error, not the model.
        Had the AI computed correctly (|F_3|=4=2^2), it would have recognized the 2^{n-1} pattern.
      </description>
    </error>
    <error id="E4" line="~2291-2313" severity="medium" type="correct_proof_wrong_model">
      <description>
        Proved |F_n| = n! under transposition model. The proof is valid but the model is wrong.
        The AI invested significant context in a theorem about the wrong model.
      </description>
    </error>
    <error id="E5" line="~2430" severity="medium" type="unsupported_conjecture">
      <description>
        Conjectured G_n = all permutations of parity (-1)^n based on n=2,3 only.
        Did not verify for n=4. Was attempting to prove this when context exhausted.
      </description>
    </error>
  </specific_errors>

  <process_issues>
    <issue id="P1" type="no_verification_criterion">
      The AI never established a criterion for choosing the correct model. It should have
      checked which model produces a clean, consistent formula for small cases and verified
      against the structure of the problem (racing overtaking = adjacent passing).
    </issue>
    <issue id="P2" type="no_cross_checking">
      The AI never cross-checked its small-case results against potential closed-form formulas.
      If it had tested |F_n| against 2^{n-1} (using correct |F_3|=4), it would have immediately
      identified the pattern.
    </issue>
    <issue id="P3" type="no_time_budget_awareness">
      The AI spent 2464 lines without any awareness of context budget. It should have
      converged on a model early, verified with small cases, and computed the answer.
    </issue>
    <issue id="P4" type="premature_abandonment_of_correct_path">
      The AI actually tried the correct model (adjacent swap) early on but abandoned it
      due to its own computational error. This is the most tragic failure mode: being on
      the right track and derailing oneself.
    </issue>
  </process_issues>

  <summary>
    The AI failed to solve this problem due to a single critical computational error that
    caused it to abandon the correct model. When computing |F_3| under the adjacent swap
    model, the AI allowed car 3 to overtake twice (violating the "small" constraint),
    producing |F_3| = 5 instead of 4. Since 5 didn't match the clean formula 2^{n-1} = 4,
    the AI rejected the adjacent swap model and pivoted to the transposition model, where
    it proved |F_n| = n! and conjectured |G_n| = n!/2. This would have given an answer of
    ~5.4 million instead of the correct 768. The AI exhausted its entire context budget
    on the wrong model and never produced any answer. The root cause is a lack of
    computational discipline (not checking constraint violations) combined with a lack of
    model-selection criteria (not cross-checking small cases against candidate formulas).
  </summary>
</analysis>
```

### 分析完成
DEVIN_CLI_EXITED code=0
