Error: Agent error: Permission denied: Permission denied: Reached overall message rate limit. Please try again later. Your limit will reset in 6 minutes. (trace ID: 5f7771e189ea68b1b23e0595882bfa22): {
  "cognition.ai/errorKind": "internal",
  "cognition.ai/retryable": true
}
Error: Agent error: Permission denied: Permission denied: Reached overall message rate limit. Please try again later. Your limit will reset in 10 minutes. (trace ID: b808eb84b77db7e7f9d68b4a551632ad): {
  "cognition.ai/errorKind": "internal",
  "cognition.ai/retryable": true
}
Error: Agent error: Your daily usage quota has been exhausted. Visit https://app.devin.ai/settings/usage to purchase on-demand usage or turn on auto-reload. (trace ID: 512107395ecb7efa56f6cd68eb68bcf3): {
  "cognition.ai/errorKind": "resource_exhausted",
  "cognition.ai/retryable": true
}
DEVIN_CLI_EXITED code=1
```xml
<audit>
  <analysis_result_key>2272478</analysis_result_key>
  <problem_id>polymath_00397</problem_id>
  <audit_status>PASS_SELECTABLE</audit_status>
  <check_results>
    <A1>PASS: dimension1_verdict is DIRECTION_ERROR, a valid non-empty value</A1>
    <A2>PASS: dimension1_explanation is non-empty and well over 50 characters</A2>
    <A3>PASS: dimension2_turning_point_type is "other", a valid value, and d1 is DIRECTION_ERROR so it is required</A3>
    <A4>PASS: dimension2_explanation is non-empty and well over 50 characters</A4>
    <A5>PASS: ai_direction_summary is non-empty and describes the AI's actual direction</A5>
    <A6>PASS: standard_solution_key_technique is non-empty and describes the specific technique</A6>
    <B1>PASS: no XML tag leaks found in either explanation</B1>
    <B2>PASS: no template placeholder leaks found in either explanation</B2>
    <B3>PASS: both explanations are far longer than 50 characters</B3>
    <C1>PASS: d1=DIRECTION_ERROR and d2 has a value, consistent</C1>
    <C2>PASS: d1_exp describes a wrong direction (anchored on naive bound, never considered correct answer ln 2), matching DIRECTION_ERROR</C2>
    <C3>PASS: d2_exp describes a pigeonhole/real-analysis technique not fitting modular-arithmetic categories, matching "other"</C3>
    <D1>PASS: d1_exp is over 100 characters and contains action verbs (anchored, explored, never considered, never used, never explored)</D1>
    <D2>PASS: d2_exp is over 100 characters and contains mathematical terms (pigeonhole, sorted interval lengths, harmonic sum, ln 2, logarithmic construction)</D2>
    <D3>PASS: ai_direction_summary describes the actual direction taken (greedy gap-splitting, binary-tree scheduling) rather than just "the AI failed"</D3>
    <D4>PASS: standard_solution_key_technique describes the specific technique (pigeonhole upper bound yielding harmonic sum, logarithmic-segment lower bound)</D4>
    <E1>UNKNOWN — check via script</E1>
  </check_results>
  <issues_found>none</issues_found>
</audit>
```

### AUDIT COMPLETE
DEVIN_CLI_EXITED code=0
