Error: Agent error: Permission denied: Permission denied: Reached overall message rate limit. Please try again later. Your limit will reset in 10 minutes. (trace ID: 810f74909faecc7269cc42a269916d10): {
  "cognition.ai/errorKind": "internal",
  "cognition.ai/retryable": true
}
DEVIN_CLI_EXITED code=1
Error: Agent error: Permission denied: Permission denied: Reached overall message rate limit. Please try again later. Your limit will reset in 16 minutes. (trace ID: df7a5ec5f8b450ae04b106d3ad94bc08): {
  "cognition.ai/errorKind": "internal",
  "cognition.ai/retryable": true
}
DEVIN_CLI_EXITED code=1
Error: Agent error: Your daily usage quota has been exhausted. Visit https://app.devin.ai/settings/usage to purchase on-demand usage or turn on auto-reload. (trace ID: adea6cd500690714c551349ef6e3e08c): {
  "cognition.ai/errorKind": "resource_exhausted",
  "cognition.ai/retryable": true
}
DEVIN_CLI_EXITED code=1
```xml
<audit>
  <analysis_result_key>2291165</analysis_result_key>
  <problem_id>polymath_00135</problem_id>
  <audit_status>FAIL_INCOMPLETE</audit_status>
  <check_results>
    <A1>PASS: dimension1_verdict is DIRECTION_ERROR, a valid value.</A1>
    <A2>PASS: dimension1_explanation is non-empty and well over 50 characters.</A2>
    <A3>FAIL: dimension2_turning_point_type is [null] but d1=DIRECTION_ERROR requires a non-empty value from the allowed list; d2_exp itself states it "falls under other", so the type should be "other".</A3>
    <A4>PASS: dimension2_explanation is non-empty and well over 50 characters.</A4>
    <A5>PASS: ai_direction_summary is non-empty and descriptive.</A5>
    <A6>PASS: standard_solution_key_technique is non-empty and specific.</A6>
    <B1>PASS: no XML tag leaks found in either explanation.</B1>
    <B2>PASS: no template placeholder leaks found in either explanation.</B2>
    <B3>PASS: both explanations are well over 50 characters.</B3>
    <C1>PASS: d1=DIRECTION_ERROR and a d2 explanation is present, satisfying the requirement that d2 have a value.</C1>
    <C2>PASS: d1_exp describes the AI taking a wrong direction (strip/row/hexagonal packing instead of 7×7 square partition), consistent with DIRECTION_ERROR.</C2>
    <C3>FAIL: d2_exp explicitly describes a geometric partition/pigeonhole technique and states it "falls under other", but dimension2_turning_point_type is null rather than "other", so the type label does not match the explanation.</C3>
    <D1>PASS: d1_exp is over 100 characters and contains action verbs (the AI "spent" effort, "failing" to reach 8, "never considered" the partition), describing operable failure behavior.</D1>
    <D2>PASS: d2_exp is over 100 characters and contains mathematical terms (pigeonhole principle, diagonal, upper bound, partition).</D2>
    <D3>PASS: ai_direction_summary concretely describes the direction the AI took (row-based, strip-based, hexagonal-lattice packing, 7-point arrangement).</D3>
    <D4>PASS: standard_solution_key_technique specifies the 7×7 square partition with diagonal √98 < 10 for a pigeonhole bound of 8 plus an explicit 8-point construction.</D4>
    <E1>UNKNOWN — check via script</E1>
  </check_results>
  <issues_found>dimension2_turning_point_type is null but should be "other" per the d2_exp content (A3 fail); d2_exp semantically matches "other" but the type field is null, causing C3 inconsistency</issues_found>
</audit>
```

### AUDIT COMPLETE
DEVIN_CLI_EXITED code=0
