Error: Agent error: Permission denied: Permission denied: Reached overall message rate limit. Please try again later. Your limit will reset in 49 minutes. (trace ID: df3547ddf16c7a2c29932e3a7d62ec3d): {
  "cognition.ai/errorKind": "internal",
  "cognition.ai/retryable": true
}
DEVIN_CLI_EXITED code=1
Error: Agent error: Permission denied: Permission denied: Reached overall message rate limit. Please try again later. Your limit will reset in 46 minutes. (trace ID: 5cf8974bde516987a451869b3beee19e): {
  "cognition.ai/errorKind": "internal",
  "cognition.ai/retryable": true
}
DEVIN_CLI_EXITED code=1
Error: Agent error: Permission denied: Permission denied: Reached overall message rate limit. Please try again later. Your limit will reset in 42 minutes. (trace ID: 4218a7ad333f4b31f35fa933e642ba02): {
  "cognition.ai/errorKind": "internal",
  "cognition.ai/retryable": true
}
DEVIN_CLI_EXITED code=1
Error: Agent error: Permission denied: Permission denied: Reached overall message rate limit. Please try again later. Your limit will reset in 40 minutes. (trace ID: 4d3d7de470c9eecdf5e9f803464e4d7a): {
  "cognition.ai/errorKind": "internal",
  "cognition.ai/retryable": true
}
DEVIN_CLI_EXITED code=1
Error: Agent error: Permission denied: Permission denied: Reached overall message rate limit. Please try again later. Your limit will reset in 37 minutes. (trace ID: b6e2eecf3e04be0a2712fee4da0a1fe1): {
  "cognition.ai/errorKind": "internal",
  "cognition.ai/retryable": true
}
DEVIN_CLI_EXITED code=1
Error: Agent error: Permission denied: Permission denied: Reached overall message rate limit. Please try again later. Your limit will reset in 34 minutes. (trace ID: 7b904b989ecc4d15b6379badcc82e85d): {
  "cognition.ai/errorKind": "internal",
  "cognition.ai/retryable": true
}
DEVIN_CLI_EXITED code=1
Error: Agent error: Permission denied: Permission denied: Reached overall message rate limit. Please try again later. Your limit will reset in 30 minutes. (trace ID: 7d928ccac7335e4ffdd7b96b0c3e961c): {
  "cognition.ai/errorKind": "internal",
  "cognition.ai/retryable": true
}
DEVIN_CLI_EXITED code=1
Error: Agent error: Permission denied: Permission denied: Reached overall message rate limit. Please try again later. Your limit will reset in 26 minutes. (trace ID: 5bf953e7b13532b5591e87a3d3320c8c): {
  "cognition.ai/errorKind": "internal",
  "cognition.ai/retryable": true
}
DEVIN_CLI_EXITED code=1
Error: Agent error: Permission denied: Permission denied: Reached overall message rate limit. Please try again later. Your limit will reset in 24 minutes. (trace ID: dc33d2f614fe4f0aba120fd3f45af5d8): {
  "cognition.ai/errorKind": "internal",
  "cognition.ai/retryable": true
}
DEVIN_CLI_EXITED code=1
Error: Agent error: Permission denied: Permission denied: Reached overall message rate limit. Please try again later. Your limit will reset in 21 minutes. (trace ID: a976c7b5004d262856c047aecbad34be): {
  "cognition.ai/errorKind": "internal",
  "cognition.ai/retryable": true
}
DEVIN_CLI_EXITED code=1
Error: Agent error: Permission denied: Permission denied: Reached overall message rate limit. Please try again later. Your limit will reset in 18 minutes. (trace ID: 415e6f78b9421aeaa6b81cc8133a305d): {
  "cognition.ai/errorKind": "internal",
  "cognition.ai/retryable": true
}
DEVIN_CLI_EXITED code=1
Error: Agent error: Permission denied: Permission denied: Reached overall message rate limit. Please try again later. Your limit will reset in 14 minutes. (trace ID: 101256d3107a75ab062fd06eba8a601d): {
  "cognition.ai/errorKind": "internal",
  "cognition.ai/retryable": true
}
DEVIN_CLI_EXITED code=1
Error: Agent error: Permission denied: Permission denied: Reached overall message rate limit. Please try again later. Your limit will reset in 10 minutes. (trace ID: 5b284abe0f0e45d8924b05ccd01974d9): {
  "cognition.ai/errorKind": "internal",
  "cognition.ai/retryable": true
}
DEVIN_CLI_EXITED code=1
Error: Agent error: Permission denied: Permission denied: Reached overall message rate limit. Please try again later. Your limit will reset in 8 minutes. (trace ID: 428991e8f846d850354045f0430e2919): {
  "cognition.ai/errorKind": "internal",
  "cognition.ai/retryable": true
}
DEVIN_CLI_EXITED code=1
Error: Agent error: Permission denied: Permission denied: Reached overall message rate limit. Please try again later. Your limit will reset in 5 minutes. (trace ID: ca1ccbbf67a56a8a10aa31b00779b85f): {
  "cognition.ai/errorKind": "internal",
  "cognition.ai/retryable": true
}
DEVIN_CLI_EXITED code=1
Error: Agent error: Permission denied: Permission denied: Reached overall message rate limit. Please try again later. Your limit will reset in 2 minutes. (trace ID: d6ec3df01eff8e2c2a712feef80d584f): {
  "cognition.ai/errorKind": "internal",
  "cognition.ai/retryable": true
}
DEVIN_CLI_EXITED code=1
Looking at the AGENTS.md file, I need to identify the three inputs: the problem, the standard solution, and the AI's thinking.

**Problem**: 8×8 chessboard with one corner unit square removed (area 63). Find minimum number of equal-area triangles to partition it.

**Standard Solution**: Uses L-shaped tromino tiling — 21 trominoes each covering area 3, claims each tromino becomes one triangle of area 3. Answer: **21**.

**AI's Thinking**: Very extensive exploration (~2000+ lines). The AI:
1. Analyzed the hexagon shape (6 vertices, one reflex at (1,1))
2. Explored fan triangulations, found areas 3.5, 28, 28, 3.5
3. Developed checkerboard coloring argument — proved integer-area triangles impossible (color excess contradiction)
4. Derived n | 126 and n ∤ 63 constraints
5. Found key edge-length constraint: boundary edges V6V1 and V5V6 have length 1, max triangle area with these edges is 3.5, so n ≥ 18
6. Constructed valid 18-triangle partition (area 3.5 each) by fanning from V6 and subdividing

The AI arrived at **18**, the standard solution claims **21**.

The AI never considered the tromino tiling approach. It went in a fundamentally different direction — rigorous geometric analysis with coloring arguments and edge constraints versus the standard's combinatorial tiling. The standard solution's key technique (L-tromino tiling) is a combinatorial/tiling argument that doesn't fit any modular arithmetic category.

```xml
<analysis>
  <problem_id>polymath_00666</problem_id>
  <dimension1_verdict>DIRECTION_ERROR</dimension1_verdict>
  <dimension1_explanation>The AI pursued rigorous geometric analysis — hexagon vertex analysis, checkerboard coloring arguments, lattice-point area constraints, and edge-length bounds — arriving at 18 triangles of area 3.5. The standard solution uses an entirely different approach: L-shaped tromino tiling yielding 21 triangles of area 3. The AI never considered the tromino tiling strategy, exploring a completely different mathematical direction.</dimension1_explanation>
  <dimension2_turning_point_type>other</dimension2_turning_point_type>
  <dimension2_explanation>The standard solution's key turning point is the insight that an 8×8 board missing one corner can be tiled by 21 L-shaped trominoes (each area 3), and then treating each tromino as yielding one triangle of area 3. This is a combinatorial tiling argument, not a modular arithmetic technique.</dimension2_turning_point_type>
  <dimension2_explanation>The standard solution's key turning point is the L-shaped tromino tiling: recognizing that the 63-square region can be covered by 21 trominoes of area 3, then claiming each tromino corresponds to one equal-area triangle. This is a combinatorial tiling insight rather than a modular arithmetic technique.</dimension2_explanation>
  <ai_direction_summary>The AI's thinking went deep into geometric and combinatorial analysis of the hexagon — coloring arguments, lattice-point constraints, edge-length bounds, and explicit triangulation construction — rather than the standard's tromino tiling approach.</ai_direction_summary>
  <standard_solution_key_technique>The standard solution uses L-shaped tromino tiling of the deficient chessboard, a classic combinatorial argument that 21 trominoes of area 3 tile the region, yielding 21 equal-area triangles.</standard_solution_key_technique>
  <confidence>high</confidence>
</analysis>
```

### ANALYSIS COMPLETE
DEVIN_CLI_EXITED code=0
