## Answer Leak Self-Check

I checked the problem text for any leaked answers, solution sketches, or formalization notes. None found — the problem only states the definitions and asks for the equivalent. Proceeding to solve.

---

## Preliminary remark on normalization

As literally stated, $A$ contains every constant function $f \equiv M$ ($M\in\mathbb{R}$), so $A$ is unbounded and $N(\epsilon)=\infty$. The problem is the classical **Kolmogorov–Tikhomirov metric entropy** problem, which is well-posed only after the standard normalization that makes $A$ compact — namely $f(0)=0$ (equivalently, the unit ball of the Lipschitz norm). With $f(0)=0$ we have $|f(x)|\le |x|\le 1$, so $A\subset\{f:\|f\|_\infty\le 1\}$ is compact. I solve this (intended) version.

---

## Result

$$\boxed{\ln\ln N(\epsilon)\;\sim\;\ln\frac1\epsilon\quad(\epsilon\to 0).}$$

Equivalently, the metric entropy $H_\epsilon:=\ln N(\epsilon)$ satisfies $H_\epsilon=\Theta(1/\epsilon)$, so $\ln H_\epsilon = \ln(1/\epsilon)+O(1)$ and the ratio tends to $1$.

---

## Proof

Set $H_\epsilon=\ln N(\epsilon)$. We prove $c/\epsilon \le H_\epsilon \le C/\epsilon$ for constants $c,C>0$.

### Upper bound: $H_\epsilon \le C/\epsilon$

Let $n=\lceil 1/\epsilon\rceil$, $h=1/n\sim\epsilon$, grid points $x_k=k/n$ ($k=0,\dots,n$). Quantize function values on a grid of step $\eta=\epsilon$. For $f\in A$ (with $f(0)=0$):

- $f(x_k)\in[-1,1]$ and $|f(x_{k+1})-f(x_k)|\le h$.
- Quantized values $v_k=\eta\,\mathrm{round}(f(x_k)/\eta)$ satisfy $v_0=0$ and $|v_{k+1}-v_k|\le h+\eta\le 3\epsilon$.

**Counting quantized Lipschitz sequences.** Given $v_k$, the value $v_{k+1}$ lies on the $\eta$-grid inside an interval of length $2(h+\eta)$, giving at most $2(h+\eta)/\eta+1 \le 2\cdot 3\epsilon/\epsilon+1 = 7$ choices per step. Hence the number of admissible sequences is at most
$$7^n = \exp\!\big(n\ln 7\big)=\exp\!\Big(\frac{\ln 7}{\epsilon}(1+o(1))\Big).$$

**Approximation error.** Let $g$ be the piecewise-linear interpolant of the true values $f(x_k)$, and $g_q$ that of the quantized values $v_k$. On each subinterval of length $h$, a $1$-Lipschitz function deviates from its chord by at most $h/2$, so $\|f-g\|_\infty\le h/2$. Also $\|g-g_q\|_\infty\le \eta/2$ (linear interpolation preserves the value error). Thus
$$\|f-g_q\|_\infty \le \tfrac{h+\eta}{2}\sim \epsilon.$$
Up to adjusting constants (take $n=\lceil 2/\epsilon\rceil$, $\eta=\epsilon/2$) we get radius $\le\epsilon$. Therefore
$$N(\epsilon)\le \exp(C/\epsilon),\qquad H_\epsilon\le C/\epsilon.$$

### Lower bound: $H_\epsilon \ge c/\epsilon$

Pick $L=4\epsilon(1+\delta)$ with small $\delta>0$ so that $L>4\epsilon$, and let $n=\lfloor 1/L\rfloor\sim 1/(4\epsilon)$. Partition $[0,1]$ into intervals $I_k=[kL,(k+1)L]$, $k=0,\dots,n-1$.

For each subset $S\subseteq\{0,\dots,n-1\}$ define $f_S$ by: on $I_k$, if $k\in S$ put a **tent** of height $L/2$ (rising with slope $1$ over $L/2$, falling with slope $-1$ over $L/2$); otherwise put $0$. Extend by $0$ on the leftover $[nL,1]$.

- Each $f_S$ is $1$-Lipschitz (tents have slope $\pm1$, flats slope $0$, all interval boundaries take value $0$, so $f_S$ is continuous and globally $1$-Lipschitz) and satisfies $f_S(0)=0$, hence $f_S\in A$.
- For $S\neq S'$, they differ on some $I_k$: $\|f_S-f_{S'}\|_\infty = L/2 = 2\epsilon(1+\delta) > 2\epsilon$.

A ball of radius $\epsilon$ has diameter $2\epsilon$; two functions at distance $>2\epsilon$ cannot lie in the same ball. Hence the $2^n$ functions $\{f_S\}$ are pairwise separated by $>2\epsilon$, requiring $2^n$ distinct balls:
$$N(\epsilon)\ge 2^n=\exp(n\ln 2)=\exp\!\Big(\frac{\ln 2}{4\epsilon}(1+o(1))\Big),$$
so $H_\epsilon\ge c/\epsilon$ with $c=\ln 2/4$.

### Conclusion

Combining both bounds, $H_\epsilon=\ln N(\epsilon)=\Theta(1/\epsilon)$. Therefore
$$\ln\ln N(\epsilon)=\ln H_\epsilon=\ln\!\Big(\frac{1}{\epsilon}\Big)+O(1),$$
and since $\ln(1/\epsilon)\to\infty$,
$$\frac{\ln\ln N(\epsilon)}{\ln(1/\epsilon)}\xrightarrow[\epsilon\to 0]{}1.$$

### PROOF COMPLETE
DEVIN_CLI_EXITED code=0
