Looking at this problem, I need to find the smallest constant $c$ such that for all $f \in C^4([0,1])$ and all $x,y \in [0,1]$:

$$\left|\frac{f(x)-f(y)}{x-y}-\frac{f'(x)+f'(y)}{2}\right|\le c\,|x-y|^2\max_{\xi\in[0,1]}|f'''(\xi)|.$$

**Answer: $c = \dfrac{1}{12}$.**

## Proof

**Setup.** The case $x = y$ is trivial (both sides vanish). Assume WLOG $x < y$ and set $h = y - x > 0$. Define the linear functional
$$L[f] := \frac{f(y)-f(x)}{y-x} - \frac{f'(x)+f'(y)}{2}.$$

**Step 1: $L$ annihilates polynomials of degree $\le 2$.** For $f(\xi) = a\xi^2 + b\xi + c$, we have $f'(t) = 2at + b$, so $\frac{f(y)-f(x)}{y-x} = a(x+y) + b = \frac{f'(x)+f'(y)}{2}$. Thus $L[f] = 0$.

**Step 2: Peano kernel representation.** Since $L$ annihilates all polynomials of degree $\le 2$ and $f \in C^4 \subset C^3$, the Peano kernel theorem (with $n = 3$) gives
$$L[f] = \int_0^1 K(t)\, f'''(t)\, dt, \qquad K(t) = L\!\left[\frac{(\,\cdot\, - t)_+^2}{2}\right],$$
where $(\xi - t)_+ = \max(\xi - t, 0)$ and $L$ acts on the $\xi$-variable.

**Step 3: Compute $K(t)$.** Let $\phi_t(\xi) = \frac{(\xi - t)_+^2}{2}$, so $\phi_t'(\xi) = (\xi - t)_+$.

- **$t \le x$:** Both $x, y \ge t$, so $\phi_t(x) = \frac{(x-t)^2}{2}$, $\phi_t(y) = \frac{(y-t)^2}{2}$, $\phi_t'(x) = (x-t)$, $\phi_t'(y) = (y-t)$. Then
$$L[\phi_t] = \frac{(y-t)^2 - (x-t)^2}{2(y-x)} - \frac{(x-t)+(y-t)}{2} = \frac{x+y-2t}{2} - \frac{x+y-2t}{2} = 0.$$

- **$x < t \le y$:** $\phi_t(x) = 0$, $\phi_t(y) = \frac{(y-t)^2}{2}$, $\phi_t'(x) = 0$, $\phi_t'(y) = (y-t)$. Then
$$L[\phi_t] = \frac{(y-t)^2/2}{y-x} - \frac{y-t}{2} = \frac{y-t}{2}\!\left(\frac{y-t}{y-x} - 1\right) = \frac{(y-t)(x-t)}{2(y-x)}.$$

- **$t > y$:** $\phi_t \equiv 0$ near $x$ and $y$, so $L[\phi_t] = 0$.

Therefore
$$K(t) = \begin{cases} \dfrac{(y-t)(x-t)}{2(y-x)}, & x < t \le y, \\[6pt] 0, & \text{otherwise}. \end{cases}$$

Note $K(t) \le 0$ on $(x,y)$ since $y - t \ge 0$ and $x - t \le 0$.

**Step 4: Upper bound.** Substituting $u = t - x \in (0, h)$:
$$\int_x^y |K(t)|\, dt = \int_0^h \frac{u(h-u)}{2h}\, du = \frac{1}{2h}\left[\frac{h \cdot h^2}{2} - \frac{h^3}{3}\right] = \frac{1}{2h}\cdot\frac{h^3}{6} = \frac{h^2}{12}.$$

Hence
$$|L[f]| \le \max_{\xi}|f'''(\xi)| \int_x^y |K(t)|\, dt = \frac{1}{12}\,|x-y|^2 \max_{\xi}|f'''(\xi)|.$$

This shows $c \le \frac{1}{12}$.

**Step 5: Sharpness (lower bound).** Take $f(\xi) = \xi^3$, which belongs to $C^4([0,1])$ with $f'''(\xi) = 6$ (constant), so $\max|f'''| = 6$. Direct computation:
$$\frac{f(y)-f(x)}{y-x} = y^2 + xy + x^2, \qquad \frac{f'(x)+f'(y)}{2} = \frac{3x^2+3y^2}{2},$$
$$L[f] = xy - \frac{x^2+y^2}{2} = -\frac{(x-y)^2}{2}.$$

Thus $\dfrac{|L[f]|}{|x-y|^2 \max|f'''|} = \dfrac{(x-y)^2/2}{(x-y)^2 \cdot 6} = \dfrac{1}{12}$, achieving equality. This shows $c \ge \frac{1}{12}$.

**Conclusion.** Combining both bounds, the smallest constant is

$$\boxed{c = \frac{1}{12}}.$$

### PROOF COMPLETE
