I'll solve this by computing $2^{1092} \bmod 1093^2$ via repeated squaring, since $2^{1093}-2 = 2(2^{1092}-1)$.

**Step 1: 1093 is prime.**

$\sqrt{1093} \approx 33$, so we check primes up to 33: 2, 3, 5, 7, 11, 13, 17, 19, 23, 29, 31. None divide 1093 (e.g., $1093 = 7\cdot156+1$, $1093=13\cdot84+1$, $1093=31\cdot35+8$, etc.). So 1093 is prime.

**Step 2: Set up the computation.**

Let $m = 1093^2 = 1194649$. Since $1092 = 1024 + 64 + 4$, we have
$$2^{1092} = 2^{1024}\cdot 2^{64}\cdot 2^{4} \pmod{m}.$$

**Step 3: Repeated squaring.**

| $k$ | $2^k \bmod 1194649$ |
|-----|---------------------|
| 1 | 2 |
| 2 | 4 |
| 4 | 16 |
| 8 | 256 |
| 16 | 65536 |
| 32 | $65536^2 = 4294967296 = 3595\cdot m + 204141 \equiv 204141$ |
| 64 | $204141^2 = 41673547881 = 34883\cdot m + 606814 \equiv 606814$ |
| 128 | $606814^2 = 368223230596 = 308227\cdot m + 153273 \equiv 153273$ |
| 256 | $153273^2 = 23492612529 = 19664\cdot m + 1034593 \equiv 1034593$ |
| 512 | $1034593^2 \equiv (-160056)^2 = 25617923136 = 21443\cdot m + 1064629 \equiv 1064629$ |
| 1024 | $1064629^2 \equiv (-130020)^2 = 16905200400 = 14150\cdot m + 917050 \equiv 917050$ |

(For $