## 答案：**正确**

该陈述是 Sobolev 空间中一个经典且根本的刻画。以下是完整证明。

---

### 设定

设 $I=(a,b)$。回顾 $W^{1,1}(a,b) = \{f \in L^1(a,b) : \text{存在 } g \in L^1(a,b) \text{ 使得 } \int_a^b f\varphi' = -\int_a^b g\varphi \ \forall\varphi\in C_c^\infty(a,b)\}$，其中 $g$ 为弱导数。

我们证明：$f \in W^{1,1}(a,b)$ 当且仅当 $f$（在相差零测集的意义下）等于 $[a,b]$ 上的一个绝对连续（AC）函数。这是该陈述的标准且精确的表述。

---

### ($\Leftarrow$) 绝对连续 $\Rightarrow$ $W^{1,1}$

假设 $f$ 在 $[a,b]$ 上绝对连续。根据勒贝格积分微积分基本定理：

- $f$ 在 $[a,b]$ 上几乎处处可微，
- $f' \in L^1(a,b)$，且
- $f(x)-f(a)=\int_a^x f'(t)\,dt$ 对所有 $x\in[a,b]$ 成立。

由于 $f$ 在紧集 $[a,b]$ 上连续，故 $f$ 有界，因此 $f\in L^1(a,b)$。接下来证明 $f'$ 是 $f$ 的弱导数。对于任意 $\varphi\in C_c^\infty(a,b)$，利用绝对连续函数的分部积分公式（因为 $\varphi$ 在 $a,b$ 附近为零，边界项消失）：

$$\int_a^b f(x)\varphi'(x)\,dx = \big[f(x)\varphi(x)\big]_a^b - \int_a^b f'(x)\varphi(x)\,dx = -\int_a^b f'(x)\varphi(x)\,dx.$$

因此 $f'$ 确实是弱导数，且 $f'\in L^1$，所以 $f\in W^{1,1}(a,b)$。

---

### ($\Rightarrow$) $W^{1,1}$ $\Rightarrow$ 绝对连续代表元

假设 $f\in W^{1,1}(a,b)$，其弱导数为 $g\in L^1(a,b)$。定义

$$F(x) = \int_a^x g(t)\,dt, \qquad x\in[a,b].$$

$F$ 是一个 $L^1$ 函数的不定积分，因此 $F$ 在 $[a,b]$ 上**绝对连续**，且 $F'=g$ 几乎处处成立。

**断言：** $f = F$ 几乎处处成立（至多相差一个常数）。

对于任意 $\varphi\in C_c^\infty(a,b)$：

$$\int_a^b (f-F)\varphi'(x)\,dx = \int_a^b f\varphi' - \int_a^b F\varphi'.$$

根据弱导数的定义，$\int_a^b f\varphi' = -\int_a^b g\varphi$。由于 $F$ 绝对连续且 $F'=g$ 几乎处处成立，对 $F$ 应用分部积分（同样地，$\varphi$ 在边界附近为零）得到 $\int_a^b F\varphi' = -\int_a^b g\varphi$。因此

$$\int_a^b (f-F)\varphi'(x)\,dx = 0 \qquad \forall\,\varphi\in C_c^\infty(a,b).$$

根据 **du Bois-Reymond 引理**：若 $h\in L^1_{\mathrm{loc}}(a,b)$ 满足 $\int_a^b h\varphi'=0$ 对所有 $\varphi\in C_c^\infty(a,b)$ 成立，则 $h$ 几乎处处为常数。因此 $f - F = c$ 几乎处处，其中 $c$ 为某个常数。

令 $G(x) = F(x) + c$。则 $G$ 绝对连续（绝对连续函数加上常数也是绝对连续的），且 $f = G$ 几乎处处。因此 $f$ 拥有一个绝对连续的代表元。

---

### 结论

我们已经证明了两个方向：

- 绝对连续 $\Rightarrow$ $W^{1,1}$（通过微积分基本定理 + 分部积分），
- $W^{1,1}$ $\Rightarrow$ 绝对连续代表元（通过不定积分 + du Bois-Reymond 引理）。

因此，$[a,b]$ 上的函数 $f$ 属于 $W^{1,1}(a,b)$ 当且仅当 $f$（在相差零测集的意义下）等于一个绝对连续函数。这是该陈述的精确含义，且该陈述为**真**。

### 证明完成
DEVIN_CLI_EXITED code=0
