Looking at the problem, I first perform the answer-leak self-check: the problem text contains only the limit expression and the definition of Lambert W. No solutions, answer values, proof sketches, or formalization notes are present. Proceeding to solve.

---

## Solution

Let $w = W(x)$, so by definition $w e^w = x$. Set $u = e^w$, so $w = \ln u$ and
$$x = w e^w = u \ln u, \qquad \ln x = \ln(u\ln u) = \ln u + \ln\ln u.$$

The expression becomes (with $u = e^{W(x)}$):
$$E = (u+1)\ln(u+1) - x - \ln x.$$

**Rewrite.** Expand $(u+1)\ln(u+1)$:
$$(u+1)\ln(u+1) = u\ln(u+1) + \ln(u+1) = u\bigl[\ln u + \ln(1+\tfrac{1}{u})\bigr] + \ln u + \ln(1+\tfrac{1}{u})$$
$$= u\ln u + (u+1)\ln(1+\tfrac{1}{u}) + \ln u = x + (u+1)\ln(1+\tfrac{1}{u}) + \ln u.$$

Substituting back:
$$E = x + (u+1)\ln(1+\tfrac{1}{u}) + \ln u - x - \ln u - \ln\ln u$$
$$\boxed{E = (u+1)\ln\!\left(1+\frac{1}{u}\right) - \ln\ln u.}$$

**Asymptotics as $x\to\infty$.** When $x\to\infty$, $w=W(x)\to\infty$, hence $u=e^w\to\infty$.

*First term.* Using $\ln(1+t) = t - \frac{t^2}{2} + O(t^3)$ with $t = 1/u$:
$$u\ln(1+\tfrac{1}{u}) = 1 - \frac{1}{2u} + O(u^{-2}),$$
$$(u+1)\ln(1+\tfrac{1}{u}) = \left(1+\frac{1}{u}\right)\!\left(1 - \frac{1}{2u} + O(u^{-2})\right) = 1 + \frac{1}{2u} + O(u^{-2}) \;\longrightarrow\; 1.$$

*Second term.* Since $u\to\infty$, $\ln\ln u \to \infty$ (monotonically, unbounded).

**Conclusion.**
$$E = \underbrace{(u+1)\ln(1+\tfrac{1}{u})}_{\to\, 1} \;-\; \underbrace{\ln\ln u}_{\to\, +\infty} \;\longrightarrow\; -\infty.$$

Therefore
$$\lim_{x\to\infty}\Bigl[(e^{W(x)}+1)\ln(e^{W(x)}+1) - x - \ln x\Bigr] = -\infty.$$

### PROOF COMPLETE
DEVIN_CLI_EXITED code=0
