## 解

椭圆的渐屈线（evolute）是曲率中心的轨迹。我们使用参数化方法推导它。

### 参数化

将椭圆参数化为
$$x = a\cos t, \qquad y = b\sin t, \qquad 0 \le t < 2\pi.$$

导数为
$$\dot x = -a\sin t,\quad \dot y = b\cos t,\quad \ddot x = -a\cos t,\quad \ddot y = -b\sin t.$$

### 曲率中心公式

对于参数曲线 $(x(t),y(t))$，曲率中心 $(X,Y)$ 为
$$X = x - \dot y\,\frac{\dot x^2+\dot y^2}{\dot x\,\ddot y - \ddot x\,\dot y},\qquad Y = y + \dot x\,\frac{\dot x^2+\dot y^2}{\dot x\,\ddot y - \ddot x\,\dot y}.$$

计算分母（朗斯基行列式，Wronskian）：
$$W = \dot x\,\ddot y - \ddot x\,\dot y = (-a\sin t)(-b\sin t) - (-a\cos t)(b\cos t) = ab\sin^2 t + ab\cos^2 t = ab.$$

以及
$$\dot x^2 + \dot y^2 = a^2\sin^2 t + b^2\cos^2 t.$$

### 计算 $X$

$$X = a\cos t - b\cos t\cdot\frac{a^2\sin^2 t + b^2\cos^2 t}{ab} = a\cos t - \frac{\cos t}{a}\bigl(a^2\sin^2 t + b^2\cos^2 t\bigr).$$

$$= \cos t\left[a - a\sin^2 t - \frac{b^2}{a}\cos^2 t\right] = \cos t\left[a\cos^2 t - \frac{b^2}{a}\cos^2 t\right] = \cos^3 t\cdot\frac{a^2-b^2}{a}.$$

### 计算 $Y$

$$Y = b\sin t + (-a\sin t)\cdot\frac{a^2\sin^2 t + b^2\cos^2 t}{ab} = b\sin t - \frac{\sin t}{b}\bigl(a^2\sin^2 t + b^2\cos^2 t\bigr).$$

$$= \sin t\left[b - \frac{a^2}{b}\sin^2 t - b\cos^2 t\right] = \sin t\left[b\sin^2 t - \frac{a^2}{b}\sin^2 t\right] = \sin^3 t\cdot\frac{b^2-a^2}{b} = -\frac{a^2-b^2}{b}\sin^3 t.$$

### 渐屈线的参数方程

设 $c^2 = a^2 - b^2$（假设 $a > b$），渐屈线为
$$\boxed{X = \frac{c^2}{a}\cos^3 t,\qquad Y = -\frac{c^2}{b}\sin^3 t.}$$

### 直角坐标方程

由上述参数方程：
$$aX = c^2\cos^3 t \;\Rightarrow\; (aX)^{2/3} = c^{4/3}\cos^2 t,$$
$$bY = -c^2\sin^3 t \;\Rightarrow\; (bY)^{2/3} = c^{4/3}\sin^2 t.$$

相加并利用 $\cos^2 t + \sin^2 t = 1$：
$$(aX)^{2/3} + (bY)^{2/3} = c^{4/3} = (a^2 - b^2)^{2/3}.$$

因此，渐屈线的直角坐标方程为
$$\boxed{(aX)^{2/3} + (bY)^{2/3} = (a^2 - b^2)^{2/3}.}$$

这是一条**拉伸星形线（stretched astroid）**，有四个尖点，位于
$$\left(\pm\frac{a^2-b^2}{a},\,0\right)\quad\text{和}\quad\left(0,\,\pm\frac{a^2-b^2}{b}\right),$$
分别对应椭圆在长轴和短轴端点处的曲率中心。

### PROOF COMPLETE
DEVIN_CLI_EXITED code=0
