I'll solve this directly in the TUI as instructed.

## Solution

We compute $H_2(\mathbb{Q}, \mathbb{Z})$ with trivial $\mathbb{Q}$-action on $\mathbb{Z}$.

**Key facts.**

1. **Group homology as Tor.** For any group $G$ and $G$-module $M$,
$$H_n(G, M) \cong \operatorname{Tor}_n^{\mathbb{Z}G}(\mathbb{Z}, M),$$
where $\mathbb{Z}$ carries the trivial $G$-action.

2. **Filtered colimits commute with Tor.** In the category of modules over a ring, filtered colimits are exact, and $\operatorname{Tor}$ commutes with filtered colimits in each variable. Concretely, if $G = \varinjlim_i G_i$ is a filtered colimit of groups, then $\mathbb{Z}G = \varinjlim_i \mathbb{Z}G_i$, and for a fixed module $M$ with compatible trivial actions,
$$H_n(G, M) \cong \varinjlim_i H_n(G_i, M).$$

3. **$\mathbb{Q}$ as a filtered colimit of infinite cyclic groups.** The additive group $\mathbb{Q}$ is the union
$$\mathbb{Q} = \bigcup_{n \geq 1} \tfrac{1}{n!}\mathbb{Z},$$
i.e. $\mathbb{Q} = \varinjlim_n \mathbb{Z}$, where the transition map $\mathbb{Z} \to \mathbb{Z}$ at stage $n \to n+1$ is multiplication by $n+1$ (identifying $\frac{1}{n!}\mathbb{Z} \hookrightarrow \frac{1}{(n+1)!}\mathbb{Z}$). This is a filtered (in fact directed) system.

4. **Homology of $\mathbb{Z}$.** For the infinite cyclic group $G = \mathbb{Z}$, the group ring $\mathbb{Z}[\mathbb{Z}] \cong \mathbb{Z}[t, t^{-1}]$ has global dimension $1$, so
$$H_n(\mathbb{Z}, \mathbb{Z}) = 0 \quad \text{for all } n \geq 2,$$
and $H_1(\mathbb{Z}, \mathbb{Z}) \cong \mathbb{Z}$, $H_0(\mathbb{Z}, \mathbb{Z}) \cong \mathbb{Z}$.

**Computation.** Applying fact 2 with $G = \mathbb{Q}$, $G_n = \mathbb{Z}$, and $M = \mathbb{Z}$ (trivial action, compatible across the system):
$$H_2(\mathbb{Q}, \mathbb{Z}) \cong \varinjlim_n H_2(\mathbb{Z}, \mathbb{Z}) \cong \varinjlim_n 0 = 0.$$

**Conclusion.**

$$\boxed{H_2(\mathbb{Q}, \mathbb{Z}) = 0.}$$

### PROOF COMPLETE
DEVIN_CLI_EXITED code=0
