Looking at this problem, I need to find $x_{1998} \mod 1998$ where $\lambda$ is the positive root of $t^2 - 1998t - 1 = 0$ and $x_{n+1} = \lfloor \lambda x_n \rfloor$.

## Setup

Let $\lambda$ be the positive root and $\mu$ the negative root of $t^2 - 1998t - 1 = 0$. Then:
- $\lambda + \mu = 1998$, $\lambda\mu = -1$, $\lambda^2 = 1998\lambda + 1$
- $\lambda = 999 + \sqrt{998002}$ is irrational (since $999^2 = 998001 < 998002 < 1000^2$, so $\sqrt{998002}$ is not an integer)
- $\mu = 999 - \sqrt{998002} < 0$ and $|\mu| = \sqrt{998002} - 999 < 1$

## Proving the key recurrence

Write $x_{n+1} = \lfloor \lambda x_n \rfloor = \lambda x_n - \alpha_n$, where $\alpha_n = \{\lambda x_n\} \in [0,1)$ is the fractional part.

Since $\lambda$ is irrational and $x_n$ is a positive integer (the sequence is non-decreasing with $x_0=1$ and $\lambda > 1$), $\lambda x_n$ is irrational, so $\alpha_n > 0$ for all $n \geq 0$.

Now compute $x_{n+2} = \lfloor \lambda x_{n+1} \rfloor = \lfloor \lambda(\lambda x_n - \alpha_n) \rfloor = \lfloor \lambda^2 x_n - \lambda \alpha_n \rfloor$.

Using $\lambda^2 = 1998\lambda + 1$:
$$\lambda^2 x_n = 1998\lambda x_n + x_n = 1998(x_{n+1} + \alpha_n) + x_n = 1998x_{n+1} + x_n + 1998\alpha_n$$

So:
$$x_{n+2} = \lfloor 1998x_{n+1} + x_n + \alpha_n(1998 - \lambda) \rfloor = \lfloor 1998x_{n+1} + x_n + \alpha_n \mu \rfloor$$

Since $\mu < 0$ and $\alpha_n \in (0,1)$, we get $\alpha_n \mu \in (\mu, 0) \subset (-1, 0)$. Since $1998x_{n+1} + x_n$ is an integer:

$$\boxed{x_{n+2} = 1998\, x_{n+1} + x_n - 1} \quad \text{for all } n \geq 0$$

## Solving modulo 1998

Reducing the recurrence mod 1998 (the $1998\,x_{n+1}$ term vanishes):

$$x_{n+2} \equiv x_n - 1 \pmod{1998}$$

with initial values $x_0 = 1$ and $x_1 = \lfloor \lambda \rfloor = 1998 \equiv 0 \pmod{1998}$.

**Even indices** ($n = 2k$): $x_{2k} \equiv 1 - k \pmod{1998}$

*Proof by induction:* Base $k=0$: $x_0 \equiv 1$. Step: $x_{2(k+1)} \equiv x_{2k} - 1 \equiv (1-k) - 1 = 1-(k+1)$. ✓

**Odd indices** ($n = 2k+1$): $x_{2k+1} \equiv -k \pmod{1998}$

*Proof by induction:* Base $k=0$: $x_1 \equiv 0$. Step: $x_{2(k+1)+1} \equiv x_{2k+1} - 1 \equiv -k - 1 = -(k+1)$. ✓

## Computing $x_{1998}$

Since $1998 = 2 \times 999$, this is an even index with $k = 999$:

$$x_{1998} \equiv 1 - 999 = -998 \equiv 1998 - 998 = 1000 \pmod{1998}$$

## Answer

The remainder when $x_{1998}$ is divided by $1998$ is $\boxed{1000}$.

### PROOF COMPLETE
DEVIN_CLI_EXITED code=0
