Error: Agent error: Permission denied: Permission denied: Reached overall message rate limit. Please try again later. Your limit will reset in 51 minutes. (trace ID: 15681ca6d62ba091724497c987b32a3a): {
  "cognition.ai/errorKind": "internal",
  "cognition.ai/retryable": true
}
DEVIN_CLI_EXITED code=1
Error: Agent error: Permission denied: Permission denied: Reached overall message rate limit. Please try again later. Your limit will reset in 47 minutes. (trace ID: 88911e7c355c7e0d833fb9bd19095d0b): {
  "cognition.ai/errorKind": "internal",
  "cognition.ai/retryable": true
}
DEVIN_CLI_EXITED code=1
Error: Agent error: Permission denied: Permission denied: Reached overall message rate limit. Please try again later. Your limit will reset in 43 minutes. (trace ID: 2732f4a369f7cae0f0af20b23741cd63): {
  "cognition.ai/errorKind": "internal",
  "cognition.ai/retryable": true
}
DEVIN_CLI_EXITED code=1
Error: Agent error: Permission denied: Permission denied: Reached overall message rate limit. Please try again later. Your limit will reset in 41 minutes. (trace ID: 5c0d52141ef872e60fcdbae62d30092d): {
  "cognition.ai/errorKind": "internal",
  "cognition.ai/retryable": true
}
DEVIN_CLI_EXITED code=1
Error: Agent error: Permission denied: Permission denied: Reached overall message rate limit. Please try again later. Your limit will reset in 37 minutes. (trace ID: 57364ed3a4d8eef2d0f38bde06fb1c18): {
  "cognition.ai/errorKind": "internal",
  "cognition.ai/retryable": true
}
DEVIN_CLI_EXITED code=1
Error: Agent error: Permission denied: Permission denied: Reached overall message rate limit. Please try again later. Your limit will reset in 35 minutes. (trace ID: c21d6b18cab48c82bcdd2ca897307a9c): {
  "cognition.ai/errorKind": "internal",
  "cognition.ai/retryable": true
}
DEVIN_CLI_EXITED code=1
Error: Agent error: Permission denied: Permission denied: Reached overall message rate limit. Please try again later. Your limit will reset in 31 minutes. (trace ID: be1d6816a17e574c90e9eb0cd82666ee): {
  "cognition.ai/errorKind": "internal",
  "cognition.ai/retryable": true
}
DEVIN_CLI_EXITED code=1
Error: Agent error: Permission denied: Permission denied: Reached overall message rate limit. Please try again later. Your limit will reset in 27 minutes. (trace ID: fc42eb604b0f28110549aeeaab08cf94): {
  "cognition.ai/errorKind": "internal",
  "cognition.ai/retryable": true
}
DEVIN_CLI_EXITED code=1
Error: Agent error: Permission denied: Permission denied: Reached overall message rate limit. Please try again later. Your limit will reset in 25 minutes. (trace ID: 485ec784b52e27afd915c11b9523ea22): {
  "cognition.ai/errorKind": "internal",
  "cognition.ai/retryable": true
}
DEVIN_CLI_EXITED code=1
Error: Agent error: Permission denied: Permission denied: Reached overall message rate limit. Please try again later. Your limit will reset in 21 minutes. (trace ID: a57fbc4b688f3795582b74c3e007250c): {
  "cognition.ai/errorKind": "internal",
  "cognition.ai/retryable": true
}
DEVIN_CLI_EXITED code=1
Error: Agent error: Permission denied: Permission denied: Reached overall message rate limit. Please try again later. Your limit will reset in 17 minutes. (trace ID: c0ea3c71b134586f2998975dc47cf3b5): {
  "cognition.ai/errorKind": "internal",
  "cognition.ai/retryable": true
}
DEVIN_CLI_EXITED code=1
Error: Agent error: Permission denied: Permission denied: Reached overall message rate limit. Please try again later. Your limit will reset in 15 minutes. (trace ID: 724eab038ddcb0432876eaf0d0f7b0a9): {
  "cognition.ai/errorKind": "internal",
  "cognition.ai/retryable": true
}
DEVIN_CLI_EXITED code=1
Error: Agent error: Permission denied: Permission denied: Reached overall message rate limit. Please try again later. Your limit will reset in 11 minutes. (trace ID: 0a8ace567faf5113bd8e06c48d7815ae): {
  "cognition.ai/errorKind": "internal",
  "cognition.ai/retryable": true
}
DEVIN_CLI_EXITED code=1
Error: Agent error: Permission denied: Permission denied: Reached overall message rate limit. Please try again later. Your limit will reset in 9 minutes. (trace ID: 7d161e1d71de56811f989f41448ed073): {
  "cognition.ai/errorKind": "internal",
  "cognition.ai/retryable": true
}
DEVIN_CLI_EXITED code=1
Error: Agent error: Permission denied: Permission denied: Reached overall message rate limit. Please try again later. Your limit will reset in 5 minutes. (trace ID: 1521fd8e1a811bd1d30c29a8700aeb4c): {
  "cognition.ai/errorKind": "internal",
  "cognition.ai/retryable": true
}
DEVIN_CLI_EXITED code=1
Error: Agent error: Permission denied: Permission denied: Reached overall message rate limit. Please try again later. Your limit will reset in 1 minute. (trace ID: c35d48cfb27628595e4f921fd7cc5ad1): {
  "cognition.ai/errorKind": "internal",
  "cognition.ai/retryable": true
}
DEVIN_CLI_EXITED code=1
根据我对 `AGENTS.md` 文件的阅读，我可以看到它包含两个带有模型推理的数学问题。让我来分析这两个问题并输出 XML 结果。

**问题 1**（第 4-129 行）：求极限 `lim_{x→∞} x^(x^ln x / ln x^x)` — 包含模型的完整 CoT，以 `boxed{∞}` 结尾，以及一个以 `boxed{∞}` 结尾的标准解答，标记为“— 标准解答”。

**问题 2**（第 130-1944 行，已截断）：“确定是否存在一个无穷的 Hausdorff 空间 (X, τ)，使得对于 X 上的每一个真等价关系 ϑ，X 都不同胚于商空间 X/ϑ” — 仅包含模型推理，探索了 32 种以上的方法，未得出结论，文件在推理过程中被截断。

```xml
<analysis>
  <meta>
    <source_file>AGENTS.md</source_file>
    <task_id>deepmath_103k_00006418</task_id>
    <run_id>r000588</run_id>
    <total_problems>2</total_problems>
  </meta>

  <problem id="1">
    <statement>Evaluate the limit: lim_{x -> infinity} x^{(x^{ln x})/(ln x^x)}</statement>
    <domain>calculus</domain>
    <subtopic>limits at infinity, logarithmic/exponential manipulation</subtopic>
    <model_answer>infinity</model_answer>
    <standard_answer>infinity</standard_answer>
    <is_correct>true</is_correct>
    <answer_match>true</answer_match>

    <reasoning_analysis>
      <approach>The model takes ln of both sides, simplifies ln(x^x)=x ln x, reduces the exponent to x^{ln x}/x = x^{ln x - 1}, rewrites as e^{(ln x)^2 - ln x}, and argues (ln x)^2 dominates so the exponent -> infinity, hence L = infinity. A second verification via substitution t = ln x rewrites the expression as e^{e^{t^2 - t}}, confirming divergence. A third numerical check with x = e^10 corroborates.</approach>
      <key_steps>
        <step n="1" correct="true">ln(x^x) = x ln x — correct logarithm identity</step>
        <step n="2" correct="true">Exponent simplifies: (x^{ln x})/(x ln x) * ln x = x^{ln x}/x — correct cancellation</step>
        <step n="3" correct="true">x^{ln x}/x = x^{ln x - 1} = e^{(ln x)^2 - ln x} — correct</step>
        <step n="4" correct="true">(ln x)^2 - ln x -> infinity as x -> infinity — correct, (ln x)^2 dominates</step>
        <step n="5" correct="true">Therefore ln L = infinity, so L = infinity — correct</step>
        <step n="6" correct="true">Substitution t = ln x gives e^{e^{t^2 - t}} -> infinity — correct verification</step>
      </key_steps>
      <verification_methods>
        <method>Algebraic simplification via logarithm</method>
        <method>Variable substitution t = ln x</method>
        <method>Numerical spot-check at x = e^10</method>
      </verification_methods>
    </reasoning_analysis>

    <failure_analysis>
      <failed>false</failed>
      <failure_type>none</failure_type>
      <notes>The model's answer is correct and matches the standard answer. The reasoning is sound. The model exhibits excessive verbosity and repetitive self-verification (re-deriving the same result 3+ times), but no mathematical errors.</notes>
    </failure_analysis>

    <efficiency>
      <rating>low</rating>
      <comment>The model re-derives the same conclusion at least 3 times (lines 21-23, 29-31, 51-75, 77-87). The core argument is complete by ~line 23. Significant token waste on redundant verification of a straightforward limit.</comment>
    </efficiency>
  </problem>

  <problem id="2">
    <statement>Determine whether there exists an infinite Hausdorff space (X, tau) such that for every proper equivalence relation vartheta on X, X is not homeomorphic to X/vartheta.</statement>
    <domain>topology</domain>
    <subtopic>quotient spaces, Hausdorff spaces, ordinal spaces, topological invariants</subtopic>
    <model_answer>NO_CONCLUSION_REACHED</model_answer>
    <standard_answer>NOT_PROVIDED_IN_FILE</standard_answer>
    <is_correct>unknown</is_correct>
    <answer_match>unknown</answer_match>
    <response_truncated>true</response_truncated>

    <reasoning_analysis>
      <approach_summary>The model explores an exhaustive breadth of approaches (32+ numbered approaches) trying to find or rule out a Hausdorff space X such that no proper quotient is homeomorphic to X. It tests: discrete spaces, R, Q, convergent sequences, omega_1, omega_1+1, cardinality arguments, character arguments, countable compactness of complements, accumulation-point properties, closed equivalence relations, and rigidity. The reasoning is cut off mid-construction (line 1944) while attempting to build a homeomorphism between omega_1+1 and its quotient by two successor ordinals.</approach>

      <approaches_explored>
        <approach n="1" name="Cardinality argument" outcome="inconclusive">For infinite X, |X/vartheta| can equal |X|, so cardinality alone fails.</approach>
        <approach n="2" name="Topological invariant under quotient" outcome="partial">Identified that Hausdorffness may break under quotient; X/vartheta is Hausdorff iff vartheta is closed in X x X.</approach>
        <approach n="4" name="Discrete N" outcome="fails">N with discrete topology: partition into pairs gives countably infinite discrete quotient, homeomorphic to N.</approach>
        <approach n="9" name="Only closed equiv rel is diagonal" outcome="not constructed">Sought space where only closed equivalence relation is diagonal; could not construct one (Hausdorff + hyperconnected implies at most 1 point).</approach>
        <approach n="14-31" name="omega_1 + 1" outcome="partial_success_then_stuck">
          <detail>Case 1 (omega_1 identified with alpha < omega_1): quotient loses the unique point of character aleph_1, so NOT homeomorphic. SUCCESS.</detail>
          <detail>Case 2 (only points < omega_1 identified): quotient still has a point of character aleph_1. Model tries countably-compact-complement property, accumulation-point-of-every-uncountable-subset property — both preserved in quotient. STUCK.</detail>
          <detail>Model then attempts to construct an explicit homeomorphism for the case of identifying two successor ordinals, but the file is truncated before completion.</detail>
        </approach>
        <approach n="24" name="Q (rationals)" outcome="fails">Q/{p,q} is countable, metrizable, no isolated points => homeomorphic to Q. So Q fails.</approach>
        <approach n="25" name="R" outcome="fails">R/[0,1] (collapse interval) is homeomorphic to R. So R fails.</approach>
        <approach n="26-28" name="Q + isolated point / convergent sequence" outcome="fails">These spaces are homeomorphic to their proper quotients via various identifications.</approach>
      </approaches_explored>

      <key_observations>
        <observation correct="true">X/vartheta is Hausdorff iff vartheta is closed in X x X.</observation>
        <observation correct="true">In omega_1+1, omega_1 is the unique point of character aleph_1.</observation>
        <observation correct="true">In omega_1+1, omega_1 is the unique point whose removal gives a countably compact, non-compact space.</observation>
        <observation correct="true">In omega_1+1, omega_1 is the unique accumulation point of every uncountable subset.</observation>
        <observation correct="true">R is homeomorphic to R/[0,1] (collapsing an interval to a point).</observation>
        <observation correct="true">Q/{p,q} is homeomorphic to Q (countable metrizable, no isolated points).</observation>
      </key_observations>

      <potential_errors>
        <error type="possible" severity="medium" location="lines 1660-1663">
          The model claims that if omega_1 is identified with alpha < omega_1, the character of the quotient point is cf(alpha) <= omega. This is correct, but the model does not fully verify that no OTHER point in the quotient could acquire character aleph_1 through the identification. The argument is likely correct but could be more rigorous.
        </error>
        <error type="logical_gap" severity="high" location="lines 1908-1944">
          The model shows that the "accumulation point of every uncountable subset" property is preserved by q(omega_1) in the quotient (Case 2), and concludes this invariant does NOT distinguish X from Y. However, the model does not check whether NEW points in Y might have this property that didn't have it in X, or whether the property's uniqueness is preserved. The argument at lines 1886-1906 attempts this but has a subtle gap: it only checks q(lambda) for limit ordinals lambda, not for identified points [alpha,beta] where both are successors.
        </error>
      </potential_errors>
    </reasoning_analysis>

    <failure_analysis>
      <failed>true</failed>
      <failure_type>non_convergence</failure_type>
      <failure_subtype>exhaustion_without_resolution</failure_subtype>
      <root_cause>
        The model fell into an exploration loop: it correctly identified omega_1+1 as a promising candidate and correctly handled Case 1 (identifying omega_1 with a smaller ordinal), but could not resolve Case 2 (identifying only ordinals < omega_1). For Case 2, every topological invariant the model tested (character, countably-compact complement, accumulation of uncountable sets) was preserved by the quotient, suggesting the quotient might actually be homeomorphic to omega_1+1 — which would mean omega_1+1 does NOT have the desired property. The model began constructing an explicit homeomorphism but the response was truncated before completion.
      </root_cause>
      <contributing_factors>
        <factor>The problem is genuinely hard — it requires either a clever construction or a deep invariant.</factor>
        <factor>The model explored too many approaches (32+) without pruning, leading to context exhaustion.</factor>
        <factor>The model did not recognize the pattern that "all standard invariants are preserved" strongly hints that omega_1+1 quotients by successor-identification ARE homeomorphic to omega_1+1, which would require abandoning omega_1+1 and finding a different space.</factor>
        <factor>No standard answer was provided for this problem, so the model had no target to verify against.</factor>
      </contributing_factors>
      <truncation_impact>The response was cut off at line 1944 mid-construction of a homeomorphism phi: (omega_1+1)/{1,2} -> omega_1+1. The model was attempting to show that identifying two successor ordinals yields a space homeomorphic to omega_1+1, which would prove omega_1+1 does NOT work, requiring yet another candidate space.</truncation_impact>
    </failure_analysis>

    <efficiency>
      <rating>very_low</rating>
      <comment>32+ approaches explored, many redundant. The model revisits omega_1 and omega_1+1 multiple times (Approaches 8, 14, 20, 29, 30, 31, 32) without converging. Key insight (that successor-identification quotients of omega_1+1 are likely homeomorphic to omega_1+1) is approached but never concluded. Massive token expenditure without reaching an answer.</comment>
    </efficiency>
  </problem>

  <overall_assessment>
    <problem_1>
      <verdict>correct</verdict>
      <score>1.0</score>
      <summary>Correct answer with sound reasoning. Excessive verbosity but no errors.</summary>
    </problem_1>
    <problem_2>
      <verdict>incomplete</verdict>
      <score>0.0</score>
      <summary>No answer reached. Response truncated after extensive but non-convergent exploration. The model identified the right candidate space (omega_1+1) and correctly solved one sub-case, but could not resolve the second sub-case before running out of context.</summary>
    </problem_2>
    <aggregate>
      <total_correct>1</total_correct>
      <total_incomplete>1</total_incomplete>
      <total_wrong>0</total_wrong>
      <success_rate>0.5</success_rate>
      <primary_failure_mode>non_convergence_due_to_unfocused_exploration</primary_failure_mode>
      <recommendation>For hard open-ended topology problems, the model needs better strategic pruning: once multiple independent invariants all fail to distinguish X from X/vartheta, the model should conclude X is likely homeomorphic to its quotient and move to a different candidate, rather than continuing to test more invariants on the same candidate.</recommendation>
    </aggregate>
  </overall_assessment>
</analysis>
```

### 分析完成
DEVIN_CLI_EXITED code=0
