Looking at this problem, I need to determine when $g(x) = \int_0^x |\log_3(\log_4(\log_2(\sin t + b)))|\,dt$ is decreasing for all $x \in \mathbb{R}$.

## Proof

**Setup.** Let $h(t) = \log_3(\log_4(\log_2(\sin t + b)))$, so $g(x) = \int_0^x |h(t)|\,dt$.

**Step 1: Domain analysis — when is $g$ defined for all $x \in \mathbb{R}$?**

For $h(t)$ to be defined, we need (working from the inside out):
1. $\sin t + b > 0$ (argument of $\log_2$),
2. $\log_2(\sin t + b) > 0$, i.e., $\sin t + b > 1$ (argument of $\log_4$),
3. $\log_4(\log_2(\sin t + b)) > 0$, i.e., $\log_2(\sin t + b) > 1$, i.e., $\sin t + b > 2$ (argument of $\log_3$).

The binding constraint is $\sin t + b > 2$ for all $t$. Since $\min_t \sin t = -1$, this requires:
$$b - 1 > 2 \implies b > 3.$$

- **If $b > 3$:** $h(t)$ is defined for all $t \in \mathbb{R}$, so $g$ is defined for all $x$.
- **If $b = 3$:** $h$ is undefined at isolated points $t = -\frac{\pi}{2}+2k\pi$ (where $\sin t = -1$), but defined a.e., so $g$ is defined for all $x$ (Lebesgue integral).
- **If $b < 3$:** $h$ is undefined on a set of positive measure (since $\sin t \leq 2-b$ occurs on sets of positive measure), so $g$ is **not** defined for all $x \in \mathbb{R}$.

Thus, $g$ is defined on all of $\mathbb{R}$ only when $b \geq 3$.

**Step 2: Monotonicity of $g$ when $b \geq 3$.**

By the Fundamental Theorem of Calculus:
$$g'(x) = |h(x)| = \left|\log_3\!\left(\log_4\!\left(\log_2(\sin x + b)\right)\right)\right| \geq 0$$
for all $x$ (a.e. when $b=3$). Therefore **$g$ is non-decreasing** on $\mathbb{R}$ for every $b \geq 3$.

**Step 3: Can $g$ ever be decreasing?**

For $g$ to be (non-strictly) decreasing, we need $g'(x) \leq 0$ for all $x$. Since $g'(x) = |h(x)| \geq 0$, this forces:
$$g'(x) = 0 \quad \text{for all } x \implies h(x) = 0 \quad \text{for all } x.$$

Now solve $h(x) = 0$:
$$\log_3\!\left(\log_4\!\left(\log_2(\sin x + b)\right)\right) = 0 \implies \log_4\!\left(\log_2(\sin x + b)\right) = 1 \implies \log_2(\sin x + b) = 4 \implies \sin x + b = 16.$$

This would require $\sin x = 16 - b$ **for all** $x \in \mathbb{R}$, which is impossible since $\sin x$ is not a constant function (it takes all values in $[-1,1]$).

**Step 4: Combining all cases.**

| Range of $b$ | $g$ defined on $\mathbb{R}$? | $g$ decreasing? |
|---|---|---|
| $b < 3$ | No | Condition fails |
| $b \geq 3$ | Yes | No ($g' = |h| \geq 0$, and $g' \not\equiv 0$) |

In every case, $g$ fails to be decreasing on all of $\mathbb{R}$.

**Conclusion.** There is no value of $b$ for which $g$ is defined on all of $\mathbb{R}$ and decreasing. The range of values for $b$ is the **empty set**:

$$\boxed{b \in \emptyset}$$

### PROOF COMPLETE
DEVIN_CLI_EXITED code=0
