Looking at this problem, I need to find the minimum number of 4-singer performances for 108 singers such that within any group of 8 singers, every pair performs together the same number of times.

## Proof

**Step 1: The condition forces a BIBD (Balanced Incomplete Block Design).**

Let $\lambda(a,b)$ denote the number of performances containing both singers $a$ and $b$. The condition states: for any 8-subset $S \subseteq [108]$, all pairs $\{a,b\} \subseteq S$ satisfy $\lambda(a,b) = \text{const}(S)$.

**Claim:** All pairs have the same $\lambda$-value.

*Proof of claim:* Given any two pairs $P_1 = \{a,b\}$ and $P_2 = \{c,d\}$, we have $|P_1 \cup P_2| \leq 4 \leq 8$. Since $108 \geq 8$, we can extend $P_1 \cup P_2$ to an 8-subset $S$. Within $S$, all pairs share the same $\lambda$-value, so $\lambda(P_1) = \lambda(P_2)$. Since $P_1, P_2$ were arbitrary, all $\binom{108}{2}$ pairs have the same value $\lambda$.

Thus the performances form a **2-$(108, 4, \lambda)$ BIBD** for some positive integer $\lambda$.

**Step 2: Counting formula.**

The number of performances (blocks) is:
$$b = \frac{\lambda \cdot \binom{108}{2}}{\binom{4}{2}} = \frac{\lambda \cdot 108 \cdot 107}{12} = 963\lambda$$

The replication number (performances per singer) is:
$$r = \frac{\lambda(108-1)}{4-1} = \frac{107\lambda}{3}$$

**Step 3: Necessary conditions.**

**(a) Divisibility:** $r = 107\lambda/3$ must be a positive integer. Since $\gcd(107, 3) = 1$ and $107 \equiv 2 \pmod{3}$, we need $3 \mid \lambda$. Write $\lambda = 3t$.

**(b) Bruck–Ryser–Chowla (BRC) theorem:** Since $v = 108$ is **even**, a necessary condition for the existence of a $2\text{-}(v, k, \lambda)$ design is that $r - \lambda$ is a perfect square.

Compute:
$$r - \lambda = \frac{107\lambda}{3} - \lambda = \frac{104\lambda}{3} = 104t$$

So $104t$ must be a perfect square. Factor: $104 = 2^3 \cdot 13$. For $2^3 \cdot 13 \cdot t$ to be a perfect square, $t$ must supply odd powers of 2 and 13, i.e., $t = 2 \cdot 13 \cdot s^2 = 26s^2$ for some positive integer $s$.

**Minimum:** $s = 1$ gives $t = 26$, hence $\lambda = 78$, and:
$$r - \lambda = 104 \cdot 26 = 2704 = 52^2 \quad \checkmark$$

No smaller $\lambda$ works: for $\lambda < 78$ with $3 \mid \lambda$, we have $t < 26$, and $104t$ is never a perfect square (the minimal $t$ making $2^3 \cdot 13 \cdot t$ a square is $t = 26$).

**Step 4: Existence — the necessary conditions are sufficient for $k = 4$.**

By the classical existence theorem for $2\text{-}(v, 4, \lambda)$ designs (established by Hanani for $\lambda = 1$ and extended to general $\lambda$ via Wilson's existence theorem and subsequent work), **a $2\text{-}(v, 4, \lambda)$ design exists if and only if:**

1. $\lambda(v-1) \equiv 0 \pmod{3}$,
2. $\lambda v(v-1) \equiv 0 \pmod{12}$,
3. If $v$ is even, $r - \lambda$ is a perfect square.

For $v = 108$, $\lambda = 78$:
- Condition 1: $78 \cdot 107 = 8346 = 3 \times 2782$. ✓
- Condition 2: $78 \cdot 108 \cdot 107 = 901368 = 12 \times 75114$. ✓
- Condition 3: $r - \lambda = 2704 = 52^2$. ✓

All conditions are satisfied, so a $2\text{-}(108, 4, 78)$ design **exists**.

**Step 5: Minimum number of performances.**

$$b = 963 \times 78 = \boxed{75114}$$

**Verification of the parameters:**
- $v = 108$, $k = 4$, $\lambda = 78$
- $r = 107 \times 26 = 2782$ (each singer performs 2782 times)
- $b = 75114$ (total performances)
- Consistency: $bk = 75114 \times 4 = 300456 = 2782 \times 108 = rv$. ✓

### PROOF COMPLETE
