Error: Agent error: Permission denied: Permission denied: Reached overall message rate limit. Please try again later. Your limit will reset in 22 minutes. (trace ID: 70cea8ec18cd8d90194be57318fa3fad): {
  "cognition.ai/errorKind": "internal",
  "cognition.ai/retryable": true
}
DEVIN_CLI_EXITED code=1
```xml
<audit>
  <analysis_result_key>2291366</analysis_result_key>
  <problem_id>deepmath_103k_00017157</problem_id>
  <audit_status>PASS</audit_status>
  <check_results>
    <A1>PASS: dimension1_verdict is CONNECTION_ERROR, a valid value in the allowed set.</A1>
    <A2>PASS: dimension1_explanation is non-empty and well over 50 characters, describing the wrong-problem mismatch.</A2>
    <A3>PASS: dimension2_turning_point_type is "other", a valid value in the allowed list (and d2 is optional for CONNECTION_ERROR anyway).</A3>
    <A4>PASS: dimension2_explanation is non-empty and well over 50 characters, explaining the Identity Theorem approach.</A4>
    <A5>PASS: ai_direction_summary is non-empty and describes the measure-theoretic direction the AI took.</A5>
    <A6>PASS: standard_solution_key_technique is non-empty and describes the Identity Theorem for analytic functions.</A6>
    <B1>PASS: No XML tag leaks (no `</dimension` or `<dimension` strings) in either explanation.</B1>
    <B2>PASS: No template placeholder leaks (no "1-3 sentences", "ONE_OF:", etc.) in either explanation.</B2>
    <B3>PASS: Both dimension1_explanation and dimension2_explanation are well over 50 characters.</B3>
    <C1>PASS: d1=CONNECTION_ERROR permits d2 to be null; d2 is provided with a value, which is acceptable.</C1>
    <C2>PASS: dimension1_explanation describes a technical/connection failure where the wrong problem was processed, consistent with the CONNECTION_ERROR label.</C2>
    <C3>PASS: dimension2_explanation describes the Identity Theorem from complex analysis, a technique outside the modular arithmetic categories, consistent with the "other" label.</C3>
    <D1>N/A — d1 is CONNECTION_ERROR/TOKEN_LIMIT</D1>
    <D2>N/A — d1 is CONNECTION_ERROR/TOKEN_LIMIT</D2>
    <D3>N/A — d1 is CONNECTION_ERROR/TOKEN_LIMIT</D3>
    <D4>N/A — d1 is CONNECTION_ERROR/TOKEN_LIMIT</D4>
    <E1>UNKNOWN — check via script</E1>
  </check_results>
  <issues_found>none</issues_found>
</audit>
```

### AUDIT COMPLETE
DEVIN_CLI_EXITED code=0
