```xml
<audit>
  <analysis_result_key>2290523</analysis_result_key>
  <problem_id>polymath_01305</problem_id>
  <audit_status>FAIL_CONTENT_CORRUPT</audit_status>
  <check_results>
    <A1>PASS: dimension1_verdict is PARTIAL_PROGRESS, a valid value.</A1>
    <A2>PASS: dimension1_explanation is non-empty and well over 50 characters.</A2>
    <A3>PASS: dimension2_turning_point_type is "other", a valid value, and required since d1=PARTIAL_PROGRESS.</A3>
    <A4>PASS: dimension2_explanation is non-empty and over 50 characters in length.</A4>
    <A5>PASS: ai_direction_summary is non-empty and describes the AI's actual exploration direction.</A5>
    <A6>PASS: standard_solution_key_technique is non-empty and describes the per-index covering property plus common-zero argument.</A6>
    <B1>FAIL: dimension2_explanation contains leaked XML tags — the string includes `</dimension2_turning_point_type>` and `<dimension2_explanation>` embedded in the field content, indicating a serialization/parsing corruption.</B1>
    <B2>PASS: No template placeholder leaks (no "1-3 sentences", "ONE_OF:", or "Your 1-3 sentence") detected in either explanation.</B2>
    <B3>PASS: Both dimension1_explanation and dimension2_explanation are well over 50 characters.</B3>
    <C1>PASS: d1=PARTIAL_PROGRESS requires d2 to have a value, and dimension2_turning_point_type and dimension2_explanation are both present.</C1>
    <C2>PASS: dimension1_explanation describes partial progress (correctly identified some structural insights but missed the crucial turning point), consistent with the PARTIAL_PROGRESS verdict.</C2>
    <C3>PASS: dimension2_turning_point_type is "other" and dimension2_explanation describes a structural/combinatorial argument about discrete harmonic functions and the maximum principle, which does not match any of the listed algebraic techniques — consistent with "other".</C3>
    <D1>PASS: dimension1_explanation is over 100 characters and contains action verbs ("identified", "missed", "exploring").</D1>
    <D2>PASS: dimension2_explanation is over 100 characters and contains mathematical terms ("discrete harmonic functions", "maximum principle", "combinatorial/structural argument").</D2>
    <D3>PASS: ai_direction_summary describes the actual direction the AI took (maximum principle, zero-propagation, tent/sawtooth/affine constructions minimizing Z to small values), not just "the AI failed".</D3>
    <D4>PASS: standard_solution_key_technique describes the specific technique (per-index covering property plus common-zero existence argument yielding Z ≥ N+1), not a generic "clever method".</D4>
    <E1>UNKNOWN — check via script</E1>
  </check_results>
  <issues_found>XML tag leak in dimension2_explanation: the field content contains `</dimension2_turning_point_type>` and `<dimension2_explanation>` tags embedded within it, indicating the dimension2 fields were corrupted during serialization (the d2_type closing tag and d2_explanation opening tag leaked into the explanation text).</issues_found>
</audit>
```

### AUDIT COMPLETE
DEVIN_CLI_EXITED code=0
