Error: Agent error: Permission denied: Permission denied: Reached overall message rate limit. Please try again later. Your limit will reset in 17 minutes. (trace ID: a32176a8915776e30b359ccca9cef11e): {
  "cognition.ai/errorKind": "internal",
  "cognition.ai/retryable": true
}
DEVIN_CLI_EXITED code=1
```xml
<audit>
  <analysis_result_key>2271659</analysis_result_key>
  <problem_id>deepmath_103k_00029475</problem_id>
  <audit_status>PASS_NOT_SELECTABLE</audit_status>
  <check_results>
    <A1>PASS: dimension1_verdict is DIRECTION_ERROR, a valid value and non-empty.</A1>
    <A2>PASS: dimension1_explanation is non-empty and well over 50 characters.</A2>
    <A3>PASS: d1=DIRECTION_ERROR so d2 is required; dimension2_turning_point_type is "other", a valid enum value.</A3>
    <A4>PASS: dimension2_explanation is non-empty and well over 50 characters.</A4>
    <A5>PASS: ai_direction_summary is non-empty and describes the AI's actual direction.</A5>
    <A6>PASS: standard_solution_key_technique is non-empty and describes a specific technique.</A6>
    <B1>PASS: No XML tag leaks found in either explanation.</B1>
    <B2>PASS: No template placeholder leaks found in either explanation.</B2>
    <B3>PASS: Both explanations are well over 50 characters.</B3>
    <C1>PASS: d1=DIRECTION_ERROR and d2 has a value, consistent with the rule.</C1>
    <C2>PASS: d1_exp describes the AI working on an entirely different problem (group theory vs surface integral), matching the DIRECTION_ERROR label.</C2>
    <C3>PASS: d2=other and d2_exp describes a coordinate transformation / spherical parametrization technique that does not fit any modular-arithmetic category, so "other" is semantically appropriate.</C3>
    <D1>FAIL: dimension1_explanation is over 100 characters but contains no action verb from the required list (identified, missed, explored, used, went, attempted, tried, failed, overlooked, ignored).</D1>
    <D2>PASS: dimension2_explanation is over 100 characters and contains mathematical terms (coordinate transformation, spherical-coordinate parametrization, sphere equation, integral).</D2>
    <D3>PASS: ai_direction_summary describes the specific direction the AI took (group-theoretic argument on short exact sequences, group cohomology, restriction-corestriction, universal coefficient theorem).</D3>
    <D4>PASS: standard_solution_key_technique describes the specific technique (coordinate shift, spherical coordinates, simplification to 2(1+cosφ), evaluation to 6π).</D4>
    <E1>UNKNOWN — check via script</E1>
  </check_results>
  <issues_found>D1 fails: dimension1_explanation lacks a required action verb from the operability list (identified, missed, explored, used, went, attempted, tried, failed, overlooked, ignored)</issues_found>
</audit>
```

### AUDIT COMPLETE
DEVIN_CLI_EXITED code=0
