I'll solve this directly via reasoning, no tools needed.

**Answer- Leak check:** The problem text contains no leaked solution, answer, or proof sketch. Proceeding.

---

## Proof

Let $n = |G|$ and $A = C(G,\mathbb{C})$ be the convolution algebra with unit $\delta_0$.

**Step 1 — Structure of $A$.** $A$ is a finite-dimensional commutative semisimple $\mathbb{C}$-algebra (the group algebra of a finite abelian group over an algebraically closed field of characteristic not dividing $|G|$). By Artin–Wedderburn (equivalently, by the Fourier transform),

$$A \;\cong\; \mathbb{C}^{n}, \qquad n = |G|,$$

with the unit $\delta_0$ corresponding to $(1,1,\dots,1)$. Concretely, the isomorphism sends $f \in A$ to $\bigl(\widehat{f}(\chi)\bigr)_{\chi \in \widehat{G}}$, and the primitive (minimal) idempotents are

$$e_{\chi} \;=\; \tfrac{1}{|G|}\,\chi, \qquad \chi \in \widehat{G},$$

satisfying $e_{\chi} * e_{\psi} = \delta_{\chi,\psi}\,e_{\chi}$ and $\sum_{\chi} e_{\chi} = \delta_0$. (Up to the harmless normalizing factor $1/|G|$ forced by the convention that $\delta_0$ is the unit, these *are* the characters; we identify $\widehat{G}$ with this idempotent basis $\{e_{\chi}\}$.)

**Step 2 — Idempotents in $\mathbb{C}^n$.** Under the isomorphism, an element $b = (b_1,\dots,b_n) \in \mathbb{C}^n$ is idempotent iff $b_i^2 = b_i$ for all $i$, i.e. $b_i \in \{0,1\}$. Hence idempotents are exactly the $\{0,1\}$-vectors, and the *support* $\operatorname{supp}(b) = \{i : b_i = 1\}$ determines $b$ completely.

**Step 3 — Orthogonality $\Leftrightarrow$ disjoint supports.** For $\{0,1\}$-vectors $b, c$, the product $bc$ has support $\operatorname{supp}(b) \cap \operatorname{supp}(c)$. Thus $b * c = 0$ with $b,c \neq 0$ iff $\operatorname{supp}(b) \cap \operatorname{supp}(c) = \varnothing$.

**Step 4 — The partition argument.** Let $B = \{b^{(1)},\dots,b^{(n)}\}$ be $n$ orthogonal idempotents with $\sum_{k} b^{(k)} = \delta_0 = (1,\dots,1)$. Write $S_k = \operatorname{supp}(b^{(k)}) \subseteq [n]$.

- Orthogonality $\Rightarrow$ the $S_k$ are pairwise disjoint.
- Sum $= (1,\dots,1)$ $\Rightarrow$ $\bigcup_k S_k = [n]$ (every coordinate is hit) and the $S_k$ are nonempty for nonzero $b^{(k)}$.

Under the **standard convention that an orthogonal family of idempotents consists of nonzero elements**, every $S_k$ is nonempty. We then have $n$ nonempty pairwise disjoint sets whose union is $[n]$, which forces

$$|S_k| = 1 \quad \text{for every } k.$$

So each $b^{(k)}$ is a *primitive* idempotent (a standard basis vector of $\mathbb{C}^n$).

**Step 5 — Primitive idempotents are exactly $\widehat{G}$.** The primitive idempotents of $A \cong \mathbb{C}^n$ are intrinsically characterized (they are the minimal nonzero idempotents, independent of any choice of basis), and they are precisely $\{e_{\chi} : \chi \in \widehat{G}\}$. Since $B$ consists of $n$ distinct primitive idempotents and there are exactly $n$ of them,

$$B = \{e_{\chi} : \chi \in \widehat{G}\} = \widehat{G}.$$

**Step 6 — Remark on the zero idempotent.** If one *allowed* $0$ to belong to $B$, the conclusion would fail: taking $\widehat{G}$, replacing two primitive idempotents $e_{\chi}, e_{\psi}$ by their sum $e_{\chi}+e_{\psi}$ (a non-primitive idempotent with support of size $2$), and adjoining $0$, yields an $n$-element orthogonal idempotent set summing to $\delta_0$ that is $\neq \widehat{G}$. This is precisely why the nonzero convention is essential, and it is the standard one in this context.

---

**Conclusion.** Under the standard (nonzero) convention for orthogonal idempotents, **yes**: any $|G|$-element set $B$ of orthogonal convolution-idempotents with $\sum_{b\in B} b = \delta_0$ is necessarily the dual group $\widehat{G}$ (the Fourier idempotent basis). The force of the hypothesis $|B| = |G|$ is that it leaves no room for non-primitive idempotents: $n$ nonempty disjoint supports partitioning an $n$-point set must all be singletons.

### PROOF COMPLETE
DEVIN_CLI_EXITED code=0
