Error: Agent error: Permission denied: Permission denied: Reached overall message rate limit. Please try again later. Your limit will reset in 52 minutes. (trace ID: e569cad7769d606dfb0a16250ff50860): {
  "cognition.ai/errorKind": "internal",
  "cognition.ai/retryable": true
}
DEVIN_CLI_EXITED code=1
Error: Agent error: Permission denied: Permission denied: Reached overall message rate limit. Please try again later. Your limit will reset in 49 minutes. (trace ID: fd648bf106d22cdba453e9fed7a4e8f2): {
  "cognition.ai/errorKind": "internal",
  "cognition.ai/retryable": true
}
DEVIN_CLI_EXITED code=1
Error: Agent error: Permission denied: Permission denied: Reached overall message rate limit. Please try again later. Your limit will reset in 46 minutes. (trace ID: fe520edf3f7a4f015c098001e151cf8f): {
  "cognition.ai/errorKind": "internal",
  "cognition.ai/retryable": true
}
DEVIN_CLI_EXITED code=1
Error: Agent error: Permission denied: Permission denied: Reached overall message rate limit. Please try again later. Your limit will reset in 43 minutes. (trace ID: 3853afb5d30cd5f64b84bbfc9bf2bbb0): {
  "cognition.ai/errorKind": "internal",
  "cognition.ai/retryable": true
}
DEVIN_CLI_EXITED code=1
Error: Agent error: Permission denied: Permission denied: Reached overall message rate limit. Please try again later. Your limit will reset in 40 minutes. (trace ID: ddf40e67dd28aaa8ef455c0c4f2f4b46): {
  "cognition.ai/errorKind": "internal",
  "cognition.ai/retryable": true
}
DEVIN_CLI_EXITED code=1
Error: Agent error: Permission denied: Permission denied: Reached overall message rate limit. Please try again later. Your limit will reset in 37 minutes. (trace ID: 499235da9217da9b8cc17ec20fa07c09): {
  "cognition.ai/errorKind": "internal",
  "cognition.ai/retryable": true
}
DEVIN_CLI_EXITED code=1
Error: Agent error: Permission denied: Permission denied: Reached overall message rate limit. Please try again later. Your limit will reset in 33 minutes. (trace ID: b8519e95831c1caa23b93aa4330e8e33): {
  "cognition.ai/errorKind": "internal",
  "cognition.ai/retryable": true
}
DEVIN_CLI_EXITED code=1
Error: Agent error: Permission denied: Permission denied: Reached overall message rate limit. Please try again later. Your limit will reset in 30 minutes. (trace ID: 32b38b195d604fd7f86d6f65dde3ffea): {
  "cognition.ai/errorKind": "internal",
  "cognition.ai/retryable": true
}
DEVIN_CLI_EXITED code=1
Error: Agent error: Permission denied: Permission denied: Reached overall message rate limit. Please try again later. Your limit will reset in 27 minutes. (trace ID: bae5e7d8c047c28cd0de0506dd3dedb4): {
  "cognition.ai/errorKind": "internal",
  "cognition.ai/retryable": true
}
DEVIN_CLI_EXITED code=1
Error: Agent error: Permission denied: Permission denied: Reached overall message rate limit. Please try again later. Your limit will reset in 24 minutes. (trace ID: 0ffaf796104fcb6fd9d92a4f246f8071): {
  "cognition.ai/errorKind": "internal",
  "cognition.ai/retryable": true
}
DEVIN_CLI_EXITED code=1
Error: Agent error: Permission denied: Permission denied: Reached overall message rate limit. Please try again later. Your limit will reset in 21 minutes. (trace ID: d4c4e3f3475381cfa3a66a5c13bf5c6a): {
  "cognition.ai/errorKind": "internal",
  "cognition.ai/retryable": true
}
DEVIN_CLI_EXITED code=1
Error: Agent error: Permission denied: Permission denied: Reached overall message rate limit. Please try again later. Your limit will reset in 17 minutes. (trace ID: 7fce39c854753bd1c1a14fe1f42a8ee6): {
  "cognition.ai/errorKind": "internal",
  "cognition.ai/retryable": true
}
DEVIN_CLI_EXITED code=1
Error: Agent error: Permission denied: Permission denied: Reached overall message rate limit. Please try again later. Your limit will reset in 14 minutes. (trace ID: 150ea743060a58d7d02d3806043a8455): {
  "cognition.ai/errorKind": "internal",
  "cognition.ai/retryable": true
}
DEVIN_CLI_EXITED code=1
Error: Agent error: Permission denied: Permission denied: Reached overall message rate limit. Please try again later. Your limit will reset in 11 minutes. (trace ID: cd6939fb3dca71dbed9d3a86e66fbb4c): {
  "cognition.ai/errorKind": "internal",
  "cognition.ai/retryable": true
}
DEVIN_CLI_EXITED code=1
Error: Agent error: Permission denied: Permission denied: Reached overall message rate limit. Please try again later. Your limit will reset in 8 minutes. (trace ID: 18c4331f39f00199c13b0fcce01a1743): {
  "cognition.ai/errorKind": "internal",
  "cognition.ai/retryable": true
}
DEVIN_CLI_EXITED code=1
Error: Agent error: Permission denied: Permission denied: Reached overall message rate limit. Please try again later. Your limit will reset in 5 minutes. (trace ID: 5e5c07e5498bcd447ad3d0dd2234ff13): {
  "cognition.ai/errorKind": "internal",
  "cognition.ai/retryable": true
}
DEVIN_CLI_EXITED code=1
Error: Agent error: Permission denied: Permission denied: Reached overall message rate limit. Please try again later. Your limit will reset in 1 minute. (trace ID: dbc3d375d90a6b653bb2d1163d6e8b89): {
  "cognition.ai/errorKind": "internal",
  "cognition.ai/retryable": true
}
DEVIN_CLI_EXITED code=1
基于我对 AGENTS.md 的阅读，我已掌握分析任务所需的所有信息：

- **问题**：求和问题（第 1712 行）
- **标准解答**：使用 k=n+1 代换、mod 4 分析、奇偶分组以及商分析的正确解法（第 1714-2366 行）
- **AI 的思考过程**：关于从 Einstein-Hilbert 作用量推导 Einstein 方程以及与引力耦合的 Yang-Mills 方程的详细推导——这是一个完全不同的问题（第 2367-3340 行）

AI 的思考过程与求和问题完全无关。AI 甚至在开头就提到“The problem asks me to derive Einstein's equations from the Einstein-Hilbert action...”——它试图解决的是一个微分几何/广义相对论问题，而不是模算术求和问题。标准解答使用 mod 4 分组（奇偶性分析、商 m = floor((k+1)^4/k^4) 分类）来计算总和，而 AI 从未考虑过这一点。

```xml
<analysis>
  <problem_id>oda_math_460k_00054685</problem_id>
  <dimension1_verdict>DIRECTION_ERROR</dimension1_verdict>
  <dimension1_explanation>The AI's thinking addresses an entirely different problem — deriving Einstein's equations from the Einstein-Hilbert action and Yang-Mills equations coupled to gravity — rather than the given modular arithmetic sum problem. The AI explicitly states it is solving a differential geometry / general relativity / gauge theory problem, showing it never engaged with the actual sum problem at all.</dimension1_explanation>
  <dimension2_turning_point_type>mod_p_grouping</dimension2_turning_point_type>
  <dimension2_explanation>The standard solution substitutes k=n+1, then uses mod 4 analysis to group k by parity: even k always contributes 1 (since (k+1)^4 ≡ 1 mod 4 and k^4 ≡ 0 mod 4), while odd k contributes (-m) mod 4 where m = floor((k+1)^4/k^4) is further categorized into k=3 (m=3), k=5 (m=2), and k≥7 (m=1). This mod-4 grouping by parity reveals the hidden structure that makes the sum computable.</dimension2_explanation>
  <ai_direction_summary>The AI attempted to derive Einstein's field equations from the Einstein-Hilbert action and Yang-Mills equations coupled to gravity via metric and gauge potential variations — a differential geometry problem completely unrelated to the modular arithmetic sum.</ai_direction_summary>
  <standard_solution_key_technique>Group terms by parity (even/odd k) and use mod 4 arithmetic to determine each group's contribution, with further case analysis of the quotient m = floor((k+1)^4/k^4) for odd k.</standard_solution_key_technique>
  <confidence>high</confidence>
</analysis>
```

### 分析完成
DEVIN_CLI_EXITED code=0
