Looking at this problem, I need to find the minimum rank $k$ in a tournament of 100 players where the $k$-th ranked player has a unique win count, beats everyone above them, and loses to everyone below them.

## Setup

Let systems be ranked 1–100 by victories (descending), with $v_i$ = wins of system $i$.

**Key observations from the paradox:**
- System $k$ beats systems $1, \ldots, k-1$ (that's $k-1$ wins) and loses to systems $k+1, \ldots, 100$ (that's $100-k$ losses).
- So $v_k = k-1$.

**Uniqueness:** $v_k = k-1$ is unique, so:
- For $i < k$: $v_i \geq k-1$ and $v_i \neq k-1$, hence $v_i \geq k$.
- For $j > k$: $v_j \leq k-1$ and $v_j \neq k-1$, hence $v_j \leq k-2$.

## Structural Decomposition

Let $A$ = top group (systems $1$–$k-1$), $B$ = bottom group (systems $k+1$–$100$).

For each $j \in B$: $v_j = w_j^{\text{top}} + 1 + w_j^{\text{bottom}}$, where $w_j^{\text{top}}$ = wins vs $A$, $w_j^{\text{bottom}}$ = wins within $B$, and the $+1$ comes from beating system $k$.

Let $T = \sum_{j \in B} w_j^{\text{top}}$ (total wins by $B$ against $A$).

## Necessary Condition (Lower Bound)

Summing over $B$: $\sum_{j \in B} v_j = T + (100-k) + \binom{100-k}{2}$.

Since each $v_j \leq k-2$: $\sum v_j \leq (100-k)(k-2)$.

Therefore:
$$T \leq (100-k)(k-2) - (100-k) - \binom{100-k}{2} = (100-k)\cdot\frac{3k - 105}{2}$$

Since $T \geq 0$ and $100-k > 0$, we need $3k - 105 \geq 0$, i.e., **$k \geq 35$**.

For $k = 34$: the bound gives $T \leq 66 \cdot \frac{-3}{2} = -99 < 0$, which is impossible.

## Construction for $k = 35$

**Groups:** $A$ = 34 systems (ranks 1–34), system 35, $B$ = 65 systems (ranks 36–100).

**Tournament structure:**
1. **Every $A$-system beats every $B$-system** (so $T = 0$, all 34×65 cross-games won by $A$).
2. **System 35 beats all 34 systems in $A$**, loses to all 65 systems in $B$.
3. **Within $A$**: any tournament on 34 vertices.
4. **Within $B$**: a *regular tournament* on 65 vertices — each vertex has out-degree $\frac{65-1}{2} = 32$. (This exists since 65 is odd; e.g., arrange vertices in a circle, each beats the next 32 clockwise.)

**Victory counts:**
- System $i \in A$: $v_i = w_i^A + 65$, where $0 \leq w_i^A \leq 33$. So $65 \leq v_i \leq 98$.
- System 35: $v_{35} = 34$.
- System $j \in B$: $v_j = 0 + 1 + 32 = 33$.

**Verification of all conditions:**
- **Ranking:** $A$-systems ($65$–$98$ wins) $>$ system 35 ($34$ wins) $>$ $B$-systems ($33$ wins). System 35 is ranked 35th. ✓
- **Unique win count:** $v_{35} = 34$; no $A$-system has 34 (they have $\geq 65$), no $B$-system has 34 (they have 33). ✓
- **Paradox:** System 35 beats all of $A$ (ranks 1–34) ✓; loses to all of $B$ (ranks 36–100) ✓.

## Conclusion

$k = 34$ is impossible (negative $T$ bound), and $k = 35$ is achievable via the construction above.

The smallest possible value of $k$ is $\boxed{35}$.

### PROOF COMPLETE
DEVIN_CLI_EXITED code=0
