## Solution

We want to minimize $D_{\mathrm{KL}}(P\|Q)$ over the parameter $q \in (0,1)$, where
$$P(0)=p,\quad P(n)=1-p,\quad P(k)=0\ \text{for}\ k=1,\dots,n-1,$$
and
$$Q(k)=\binom{n}{k}q^k(1-q)^{n-k},\quad k=0,1,\dots,n.$$

### Step 1: Simplify the KL divergence

By the convention $0\log 0 = 0$, all terms with $P(k)=0$ vanish. Only $k=0$ and $k=n$ contribute:

$$D_{\mathrm{KL}}(P\|Q)=P(0)\log\frac{P(0)}{Q(0)}+P(n)\log\frac{P(n)}{Q(n)}.$$

Since $Q(0)=(1-q)^n$ and $Q(n)=q^n$,

$$D_{\mathrm{KL}}(P\|Q)=p\log\frac{p}{(1-q)^n}+(1-p)\log\frac{1-p}{q^n}.$$

Expanding,

$$D_{\mathrm{KL}}(P\|Q)=\underbrace{p\log p+(1-p)\log(1-p)}_{\text{constant in }q}-pn\log(1-q)-(1-p)n\log q.$$

### Step 2: First-order condition

Differentiating with respect to $q$ (for $0<q<1$):

$$\frac{\partial}{\partial q}D_{\mathrm{KL}}(P\|Q)=\frac{pn}{1-q}-\frac{(1-p)n}{q}.$$

Setting this to zero and dividing by $n>0$:

$$\frac{p}{1-q}=\frac{1-p}{q}.$$

Cross-multiplying:

$$pq=(1-p)(1-q)=1-p-q+pq.$$

Canceling $pq$ from both sides:

$$0=1-p-q\quad\Longrightarrow\quad q=1-p.$$

### Step 3: Verify it is a minimum

The second derivative is

$$\frac{\partial^2}{\partial q^2}D_{\mathrm{KL}}(P\|Q)=\frac{pn}{(1-q)^2}+\frac{(1-p)n}{q^2}>0$$

for all $q\in(0,1)$ (assuming $0<p<1$), so $D_{\mathrm{KL}}$ is strictly convex in $q$ and the critical point is the unique global minimum.

**Boundary check.** As $q\to 0^+$, the term $-(1-p)n\log q\to +\infty$ (since $1-p>0$). As $q\to 1^-$, the term $-pn\log(1-q)\to +\infty$ (since $p>0$). Hence the minimum is attained in the interior, confirming $q^*=1-p$.

### Step 4: Interpretation

At the optimum, $Q(0)=(1-q^*)^n=p^n$ and $Q(n)=(q^*)^n=(1-p)^n$. The binomial parameter is chosen so that the binomial's "success probability" matches the mass that $P$ places on the endpoint $n$, i.e., $q^*=1-p=P(n)$.

### Result

$$\boxed{q = 1-p}.$$

### PROOF COMPLETE
DEVIN_CLI_EXITED code=0
