Looking at this problem, I need to compare the standard solution's approach with the AI's thinking process.

**Key observations:**

1. **Standard solution approach**: Uses a direct combinatorial counting method — decomposes into 3 routes (paths), then splits into Case A (all routes adjacent) and Case B (two non-adjacent routes), counting each case by considering city groupings and connection options. Arrives at 136 + 340 = 476.

2. **AI's thinking approach**: 
   - Correctly identifies 2 cities with degree 2, 6 with degree 1
   - Correctly identifies the graph as a forest of 3 paths with sizes (2,2,4) or (2,3,3)
   - Takes a completely different (but valid) route: uses **non-crossing partition theory** (Kreweras formula) and **non-crossing Hamiltonian paths** (P(2)=1, P(3)=3, P(4)=8)
   - Computes 28·8 + 28·9 = 224 + 252 = **476** — the correct answer
   - Then enters extensive verification (checking small cases, listing paths, verifying formulas)
   - The thinking gets **truncated** (919 lines truncated) during this verification phase

3. **Failure mode**: The AI actually arrived at the correct answer (476) using a valid but more elaborate method than the standard solution. However, it ran out of tokens during extensive verification — it was listing all 12 Hamiltonian paths on 4 points to double-check P(4)=8, checking small cases (n=4, n=6), etc. The AI never formally concluded because it was still verifying when tokens ran out.

The AI was clearly on the right track and even reached the correct numerical answer, but the approach was much more verbose than necessary (exploring non-crossing partition theory, deriving the Kreweras formula from scratch, extensive sanity checks), causing it to exhaust its token budget before completing.

```xml
<analysis>
  <problem_id>polymath_00641</problem_id>
  <dimension1_verdict>TOKEN_LIMIT</dimension1_verdict>
  <dimension1_explanation>The AI correctly identified the graph structure (forest of 3 paths with sizes (2,2,4) or (2,3,3)) and arrived at the correct answer 476 using non-crossing partition theory (Kreweras formula) and non-crossing Hamiltonian path counts. However, it ran out of tokens during extensive verification — re-deriving formulas from scratch, checking small cases, and listing all Hamiltonian paths — before formally concluding.</dimension1_explanation>
  <dimension2_turning_point_type>other</dimension2_turning_point_type>
  <dimension2_explanation>The standard solution's key technique is a direct case analysis based on "adjacency" of routes on the circle (Case A: all three routes mutually adjacent; Case B: two routes non-adjacent), counting configurations by considering city groupings and connection options for each route size. This is a combinatorial casework technique that does not fit the modular arithmetic categories.</dimension2_explanation>
  <ai_direction_summary>The AI used non-crossing partition theory (Kreweras formula for counting non-crossing partitions with given block sizes) combined with counting non-crossing Hamiltonian paths on subsets of circle points, arriving at the correct answer but through a much more elaborate route requiring extensive verification.</ai_direction_summary>
  <standard_solution_key_technique>The standard solution decomposes the configuration into three non-intersecting routes and counts by casework on whether routes are adjacent on the circle (Case A: all adjacent, Case B: two non-adjacent), directly enumerating city groupings and connection options.</standard_solution_key_technique>
  <confidence>high</confidence>
</analysis>
```

### ANALYSIS COMPLETE
DEVIN_CLI_EXITED code=0
