## Solution

The curve $C$ is the intersection of the unit sphere $x^2+y^2+z^2=1$ with the plane $x+y+z=0$. Since the plane passes through the origin, $C$ is a great circle of radius 1 (circumference $2\pi$).

### Parametrization

Choose two orthonormal vectors in the plane $x+y+z=0$:
$$e_1 = \tfrac{1}{\sqrt{2}}(1,-1,0), \qquad e_2 = \tfrac{1}{\sqrt{6}}(1,1,-2).$$

The great circle is parametrized by
$$r(t) = \cos t\, e_1 + \sin t\, e_2, \quad t\in[0,2\pi).$$

Since $|r'(t)|^2 = \sin^2 t + \cos^2 t = 1$, we have $ds = dt$.

The $x$-coordinate along $C$ is:
$$x(t) = \frac{\cos t}{\sqrt{2}} + \frac{\sin t}{\sqrt{6}} = \frac{1}{\sqrt{6}}\bigl(\sqrt{3}\cos t + \sin t\bigr).$$

### Computing the integral

$$\oint_C x^4\, ds = \int_0^{2\pi} x(t)^4\, dt = \frac{1}{36}\int_0^{2\pi}\bigl(\sqrt{3}\cos t + \sin t\bigr)^4\, dt.$$

Expanding $(\sqrt{3}\cos t + \sin t)^4$:
$$= 9\cos^4 t + 12\sqrt{3}\cos^3 t\sin t + 18\cos^2 t\sin^2 t + 4\sqrt{3}\cos t\sin^3 t + \sin^4 t.$$

Using the standard integrals over $[0,2\pi]$:
- $\int \cos^4 t\, dt = \tfrac{3\pi}{4}$, $\int \sin^4 t\, dt = \tfrac{3\pi}{4}$,
- $\int \cos^2 t\sin^2 t\, dt = \tfrac{\pi}{4}$,
- $\int \cos^3 t\sin t\, dt = 0$, $\int \cos t\sin^3 t\, dt = 0$,

we get
$$\int_0^{2\pi}\bigl(\sqrt{3}\cos t + \sin t\bigr)^4\, dt = 9\cdot\tfrac{3\pi}{4} + 0 + 18\cdot\tfrac{\pi}{4} + 0 + \tfrac{3\pi}{4} = \tfrac{27\pi+18\pi+3\pi}{4} = \tfrac{48\pi}{4} = 12\pi.$$

Therefore
$$\oint_C x^4\, ds = \frac{12\pi}{36} = \frac{\pi}{3}.$$

### Verification via symmetry

The curve $C$ is invariant under all permutations of $(x,y,z)$, so $\oint_C x^4\,ds = \oint_C y^4\,ds = \oint_C z^4\,ds$. With each equal to $\tfrac{\pi}{3}$:

$$\oint_C (x^2+y^2+z^2)^2\, ds = \oint_C 1\, ds = 2\pi,$$

while expanding:
$$\oint_C(x^4+y^4+z^4)\,ds + 2\oint_C(x^2y^2+y^2z^2+z^2x^2)\,ds = 3\cdot\tfrac{\pi}{3} + 2\oint_C(\cdots)\,ds.$$

This gives $\pi + 2\oint_C(x^2y^2+y^2z^2+z^2x^2)\,ds = 2\pi$, so $\oint_C(x^2y^2+y^2z^2+z^2x^2)\,ds = \tfrac{\pi}{2}$. By symmetry each term is $\tfrac{\pi}{6}$, which is confirmed by direct computation of $\int_0^{2\pi} x(t)^2 y(t)^2\, dt = \tfrac{\pi}{6}$. ✓

### Answer

$$\boxed{\oint_C x^4\, ds = \dfrac{\pi}{3}}$$

### PROOF COMPLETE
DEVIN_CLI_EXITED code=0
