I'll solve this directly. First, the answer-leak self-check: the problem text contains only the problem statement and four options — no solution, proof sketch, or formalization notes. No leak detected. Proceeding.

## Solution

**Step 1: Simplify the integrand.**

Since $i(n-i) = in + 1$, we have
$$e^{i(n-i)x} = e^{(1+in)x} = e^x\, e^{inx}.$$
So $c_n = \frac{1}{\sqrt{2\pi}}\int_{-\pi}^{\pi} e^x e^{inx}\,dx$, which is precisely the $n$-th Fourier coefficient of $f(x)=e^x$ on $[-\pi,\pi]$ with respect to the **orthonormal** basis $e_n(x)=\frac{1}{\sqrt{2\pi}}e^{inx}$.

**Step 2: Apply Parseval's identity.**

With $c_n = \langle f, e_n\rangle$ and $\{e_n\}_{n\in\mathbb Z}$ a complete orthonormal system on $[-\pi,\pi]$,
$$\sum_{n\in\mathbb Z}|c_n|^2 = \|f\|^2 = \int_{-\pi}^{\pi}|f(x)|^2\,dx = \int_{-\pi}^{\pi} e^{2x}\,dx.$$

**Step 3: Evaluate.**
$$\int_{-\pi}^{\pi} e^{2x}\,dx = \frac{e^{2\pi}-e^{-2\pi}}{2} = \sinh(2\pi).$$

**Step 4: Direct verification (without Parseval).**

Computing explicitly with $a=1+in$:
$$\int_{-\pi}^{\pi} e^{(1+in)x}dx = \frac{e^{(1+in)\pi}-e^{-(1+in)\pi}}{1+in} = \frac{(-1)^n(e^{\pi}-e^{-\pi})}{1+in} = \frac{(-1)^n\,2\sinh\pi}{1+in}.$$

Hence
$$|c_n|^2 = \frac{1}{2\pi}\cdot\frac{4\sinh^2\pi}{1+n^2}.$$

Summing over $\mathbb Z$ and using the classical identity $\displaystyle\sum_{n=-\infty}^{\infty}\frac{1}{1+n^2}=\pi\coth\pi$:
$$\sum_{n\in\mathbb Z}|c_n|^2 = \frac{2\sinh^2\pi}{\pi}\cdot\pi\coth\pi = 2\sinh^2\pi\cdot\frac{\cosh\pi}{\sinh\pi} = 2\sinh\pi\cosh\pi = \sinh(2\pi).$$

Both methods agree.

**Answer: (d) $\sinh(2\pi)$.**

### PROOF COMPLETE
DEVIN_CLI_EXITED code=0
