Looking at the problem, I need to find the smallest $n$ such that $2^{2007} \mid a^n - 1$ for an odd integer $a$, using its binary representation.

Let me first check for answer leaks — the problem statement contains no solutions, hints, or leaked answers. Proceeding to solve.

**Answer Leak Self-Check:** No leaked answers found in the problem text.

---

## Proof

**Key Lemma.** *Let $a$ be odd with $v_2(a-1) = s \geq 2$ (equivalently $a \equiv 1 \pmod{4}$). Then for all $j \geq 0$:*
$$v_2\!\left(a^{2^j} - 1\right) = s + j.$$

*Proof by induction on $j$.* The base case $j=0$ is $v_2(a-1)=s$. For the inductive step, assume $v_2(a^{2^j}-1) = s+j \geq 2$. Then
$$a^{2^{j+1}} - 1 = \left(a^{2^j}-1\right)\left(a^{2^j}+1\right).$$
Since $a \equiv 1 \pmod{4}$, we have $a^{2^j} \equiv 1 \pmod{4}$, so $a^{2^j}+1 \equiv 2 \pmod{4}$, giving $v_2(a^{2^j}+1)=1$. Therefore
$$v_2\!\left(a^{2^{j+1}}-1\right) = (s+j)+1 = s+j+1. \qquad \square$$

**Corollary (general $n$, case $a \equiv 1 \pmod{4}$).** Write $n = 2^j \cdot m$ with $m$ odd. Then
$$a^n - 1 = \left(a^{2^j}\right)^m - 1 = \left(a^{2^j}-1\right)\left(1 + a^{2^j} + \cdots + a^{2^j(m-1)}\right).$$
The second factor is a sum of $m$ odd terms, hence odd. So $v_2(a^n - 1) = v_2(a^{2^j}-1) = s + j = s + v_2(n)$.

**Case $a \equiv 3 \pmod{4}$.** Here $v_2(a-1)=1$ and $v_2(a+1)=t \geq 2$. Then $a^2 \equiv 1 \pmod{4}$ with
$$v_2(a^2-1) = v_2(a-1)+v_2(a+1) = 1+t \geq 3.$$
Applying the Corollary to $a^2$ (with $s' = 1+t$): for any positive integer $m$,
$$v_2\!\left((a^2)^m - 1\right) = (1+t) + v_2(m).$$

- If $n$ is **odd**: $a^n \equiv a \equiv 3 \pmod{4}$, so $a^n - 1 \equiv 2 \pmod{4}$, giving $v_2(a^n-1)=1$.
- If $n$ is **even**, write $n=2m$: $v_2(a^n-1) = v_2((a^2)^m-1) = (1+t)+v_2(m) = t + v_2(n)$.

**Finding the smallest $n$.**

**Case 1: $a \equiv 1 \pmod{4}$ (binary ends in $01$).** We need $s + v_2(n) \geq 2007$, i.e., $v_2(n) \geq 2007 - s$. The smallest such $n$ is:
$$\boxed{n = 2^{\max(0,\, 2007 - s)}}, \quad s = v_2(a-1).$$
(If $s \geq 2007$, then $a \equiv 1 \pmod{2^{2007}}$ and $n=1$.)

**Case 2: $a \equiv 3 \pmod{4}$ (binary ends in $11$).** Odd $n$ gives $v_2 = 1 < 2007$, so $n$ must be even. We need $t + v_2(n) \geq 2007$ with $v_2(n) \geq 1$, i.e., $v_2(n) \geq \max(1, 2007-t)$. The smallest such $n$ is:
$$\boxed{n = 2^{\max(1,\, 2007 - t)}}, \quad t = v_2(a+1).$$
(If $t \geq 2007$, then $a \equiv -1 \pmod{2^{2007}}$ and $n=2$.)

**Reading from the binary representation.**

- **If the last two bits of $a$ are $01$** ($a \equiv 1 \pmod 4$): The value $s = v_2(a-1)$ equals the number of trailing zeros in the binary expansion of $a-1$. Concretely, $a$ has the form $\ldots 1\,\underbrace{00\ldots 0}_{k}\,1$ (a 1, then $k \geq 1$ zeros, then the final 1), and $s = k+1$. Then $n = 2^{2007-s}$ (or $n=1$ if $s \geq 2007$).

- **If the last two bits of $a$ are $11$** ($a \equiv 3 \pmod 4$): The value $t = v_2(a+1)$ equals the number of **trailing 1s** in the binary representation of $a$ (since adding 1 to a run of $t$ trailing 1s produces $t$ trailing 0s). Then $n = 2^{2007-t}$ if $t \leq 2006$, and $n = 2$ if $t \geq 2007$.

**Unified formula.** Setting $\nu = v_2(a^2-1) = v_2(a-1)+v_2(a+1)$ and $\delta = 0$ if $a\equiv 1\pmod{4}$, $\delta=1$ if $a\equiv 3\pmod{4}$ (i.e., $\delta$ is the second bit from the right), both cases combine to:
$$n = 2^{\max(\delta,\; 2008-\nu)}.$$

**Verification with examples.**
- $a=3$ (binary $11$): $t=2$, $n=2^{2005}$. Check: $v_2(3^{2^{2005}}-1)=2+2005=2007$. ✓
- $a=5$ (binary $101$): $s=2$, $n=2^{2005}$. Check: $v_2(5^{2^{2005}}-1)=2+2005=2007$. ✓
- $a=7$ (binary $111$): $t=3$, $n=2^{2004}$. Check: $v_2(7^{2^{2004}}-1)=3+2004=2007$. ✓
- $a=9$ (binary $1001$): $s=3$, $n=2^{2004}$. Check: $v_2(9^{2^{2004}}-1)=3+2004=2007$. ✓

### PROOF COMPLETE
DEVIN_CLI_EXITED code=0
