Looking at this problem, I need to determine whether a unit segment can be constructed from a segment of length $a = \sqrt{2}+\sqrt{3}+\sqrt{5}$ using compass and straightedge, with no pre-existing unit.

**Answer: Yes, it is possible.**

**Proof.**

Let $\mathcal{K}$ denote the set of all lengths constructible from a unit segment (the classical constructible numbers). It is a standard result that $\mathcal{K}$ is a field, closed under addition, subtraction, multiplication, division, and square roots of positive elements.

**Key Lemma.** *The set of lengths constructible from a segment of length $a$ (with no pre-existing unit) is exactly $\{a \cdot c : c \in \mathcal{K}\}$.*

*Proof of Lemma.*

**(⊆)** The set $S = \{ac : c \in \mathcal{K}\}$ contains $a$ (take $c=1 \in \mathcal{K}$). We verify $S$ is closed under every compass-and-straightedge operation:

- **Addition:** $ac_1 + ac_2 = a(c_1+c_2)$, and $c_1+c_2 \in \mathcal{K}$. ✓
- **Subtraction:** $ac_1 - ac_2 = a(c_1-c_2)$, and $c_1-c_2 \in \mathcal{K}$. ✓
- **Rational scaling:** $q\cdot(ac) = a(qc)$, and $qc \in \mathcal{K}$. ✓
- **Geometric mean** (semicircle construction): $\sqrt{(ac_1)(ac_2)} = a\sqrt{c_1 c_2}$, and $\sqrt{c_1c_2}\in\mathcal{K}$. ✓
- **Intercept theorem** (similar triangles, with reference length $a$): $\frac{(ac_1)(ac_2)}{ac_3} = a\cdot\frac{c_1 c_2}{c_3}$, and $\frac{c_1c_2}{c_3}\in\mathcal{K}$. ✓

Since $S$ contains the initial length $a$ and is closed under all construction operations, every constructible length lies in $S$.

**(⊇)** For any $c \in \mathcal{K}$, we construct $ac$ from $\{a\}$ by induction on the construction of $c$ from $\{1\}$:

- **Base case** $c \in \mathbb{Q}$: $ac$ is a rational multiple of $a$, constructible by repeated addition and bisection.
- **$c = c_1 + c_2$:** $ac = ac_1 + ac_2$, constructible by addition.
- **$c = c_1 \cdot c_2$:** $ac = \frac{(ac_1)(ac_2)}{a}$, constructible by the intercept theorem with reference $a$.
- **$c = c_1/c_2$:** $ac = \frac{(ac_1)\cdot a}{ac_2}$, constructible by the intercept theorem with reference $a$.
- **$c = \sqrt{c_1}$** (with $c_1 > 0$): $ac = \sqrt{a \cdot (ac_1)}$, constructible by the geometric mean (semicircle construction on segments of lengths $a$ and $ac_1$).

This covers all operations generating $\mathcal{K}$, completing the lemma. $\square$

**Main Argument.**

1. **$\sqrt{2}, \sqrt{3}, \sqrt{5} \in \mathcal{K}$**, since each is the square root of a positive rational number, constructible by the standard semicircle method.

2. **$a = \sqrt{2}+\sqrt{3}+\sqrt{5} \in \mathcal{K}$**, since $\mathcal{K}$ is closed under addition.

3. **$1/a \in \mathcal{K}$**, since $\mathcal{K}$ is a field and $a \neq 0$.

4. By the Lemma, the lengths constructible from $\{a\}$ are exactly $\{ac : c \in \mathcal{K}\}$.

5. **$1 = a \cdot (1/a)$**, and since $1/a \in \mathcal{K}$, we have $1 \in \{ac : c \in \mathcal{K}\}$.

6. Therefore, a segment of unit length is constructible from a segment of length $a = \sqrt{2}+\sqrt{3}+\sqrt{5}$ using only compass and straightedge. $\square$

**Remark.** The essential reason this works is that $a = \sqrt{2}+\sqrt{3}+\sqrt{5}$ is itself a constructible number (constructible from the unit). Whenever the given length $a$ is constructible from $1$, the construction is reversible: $1$ is constructible from $a$. This is because the constructible lengths from $\{a\}$ are $\{ac : c \in \mathcal{K}\}$, and $a \in \mathcal{K}$ implies $1/a \in \mathcal{K}$, giving $1 = a\cdot(1/a)$.

### PROOF COMPLETE
