Error: Agent error: Permission denied: Permission denied: Reached overall message rate limit. Please try again later. Your limit will reset in 23 minutes. (trace ID: 67746da44d10dc4f4fa24b061a834a11): {
  "cognition.ai/errorKind": "internal",
  "cognition.ai/retryable": true
}
```xml
<audit>
  <analysis_result_key>2271214</analysis_result_key>
  <problem_id>deepmath_103k_00015200</problem_id>
  <audit_status>PASS_SELECTABLE</audit_status>
  <check_results>
    <A1>PASS: dimension1_verdict is DIRECTION_ERROR, a valid value</A1>
    <A2>PASS: dimension1_explanation is non-empty and well over 50 characters</A2>
    <A3>PASS: dimension2_turning_point_type is "other", a valid value</A3>
    <A4>PASS: dimension2_explanation is non-empty and well over 50 characters</A4>
    <A5>PASS: ai_direction_summary is non-empty and detailed</A5>
    <A6>PASS: standard_solution_key_technique is non-empty and detailed</A6>
    <B1>PASS: no XML tag leaks in either explanation</B1>
    <B2>PASS: no template placeholder leaks in either explanation</B2>
    <B3>PASS: both explanations are well over 50 characters</B3>
    <C1>PASS: d1=DIRECTION_ERROR and d2 has a value ("other")</C1>
    <C2>PASS: d1_exp describes the AI solving an entirely different problem (wrong direction), matching DIRECTION_ERROR</C2>
    <C3>PASS: d2_exp describes calculus-based derivative analysis which does not fit listed categories, matching "other"</C3>
    <D1>PASS: length >= 100 and contains action verbs "attempted", "addresses"</D1>
    <D2>PASS: length >= 100 and contains mathematical terms (derivative, local maximum, substitution)</D2>
    <D3>PASS: describes the actual direction taken (algebraic geometry / quadrics in P^4)</D3>
    <D4>PASS: describes specific technique (substitution a=2^x, b=3^x, derivative analysis f'(0)=0, f''(0)<0)</D4>
    <E1>UNKNOWN — check via script</E1>
  </check_results>
  <issues_found>none</issues_found>
</audit>
```

### AUDIT COMPLETE
DEVIN_CLI_EXITED code=0
