Looking at this problem, I need to find the recurrence solution, use the constraint that $a_{2009}$ is divisible by 2010, then find the smallest $n > 1$ guaranteed to have $2010 \mid a_n$.

## Setting Up the Recurrence

The recurrence is $n(a_{n+1} - a_n + 3) = a_{n+1} + a_n + 3$. Expanding and collecting terms:

$$(n-1)a_{n+1} = (n+1)a_n - 3(n-1)$$

For $n \geq 2$: $\displaystyle a_{n+1} = \frac{n+1}{n-1}\,a_n - 3.$

**Homogeneous solution:** The product $\prod_{k=2}^{n-1}\frac{k+1}{k-1} = \frac{n(n-1)}{2}$ (telescoping). So I substitute $a_n = \frac{n(n-1)}{2}\,c_n$, yielding:

$$\frac{(n+1)n}{2}\,c_{n+1} = \frac{(n+1)n}{2}\,c_n - 3 \implies c_{n+1} = c_n - \frac{6}{n(n+1)}.$$

Telescoping: $c_n = c_2 - 6\sum_{k=2}^{n-1}\!\left(\frac{1}{k}-\frac{1}{k+1}\right) = c_2 - 3 + \frac{6}{n}$.

Since $c_2 = a_2/1 = a_2$:

$$a_n = \frac{n(n-1)}{2}\!\left(a_2 - 3 + \frac{6}{n}\right) = \frac{(n-1)\bigl[n(a_2-3)+6\bigr]}{2}.$$

## Using $a_2$ Odd

Since $a_2$ is odd, $a_2 - 3$ is even. Set $m = \frac{a_2-3}{2} \in \mathbb{Z}$, giving the clean form:

$$\boxed{a_n = (n-1)(mn+3), \quad m \in \mathbb{Z}.}$$

(Check: $a_2 = 1\cdot(2m+3) = 2m+3$, which is odd. ✓)

## Applying $2010 \mid a_{2009}$

$a_{2009} = 2008(2009m+3)$, and $2010 = 2\cdot3\cdot5\cdot67$. Since $\gcd(2008, 2010)=2$ and $2008 = 8\cdot251$, the condition reduces to $1005 \mid (2009m+3)$. But $2009 \equiv -1 \pmod{335}$ (since $2009 = 5\cdot335 + 334$), and $1005 = 3\cdot335$. More carefully:

$$\frac{2010}{\gcd(2010,\,3\cdot2008)} = \frac{2010}{6} = 335 \mid (2009m+3).$$

Since $2009 \equiv -1 \pmod{335}$: $-m+3 \equiv 0 \pmod{335}$, so $m \equiv 3 \pmod{335}$.

Write $m = 3 + 335k$ for integer $k$. Then:

$$a_n = (n-1)\bigl((3+335k)n+3\bigr) = 3(n^2-1) + 335k\,n(n-1).$$

## Divisibility Conditions (Must Hold for ALL Valid $k$)

We need $2010 = 2\cdot3\cdot5\cdot67 \mid a_n$ for every integer $k$:

| Prime $p$ | Condition | $k$-dependent? |
|---|---|---|
| $2$ | $n$ must be **odd** (if $n$ even, both factors $n-1$ and $mn+3$ are odd) | No |
| $5$ | $335kn \equiv 0$, so need $5 \mid 3(n^2\!-\!1)$, i.e. $n\equiv\pm1\pmod{5}$ | No |
| $67$ | $335kn \equiv 0$, so need $67 \mid 3(n^2\!-\!1)$, i.e. $n\equiv\pm1\pmod{67}$ | No |
| $3$ | $a_n \equiv 335kn(n\!-\!1) \equiv kn(n\!-\!1)\pmod{3}$; need $3\mid kn(n\!-\!1)$ **for all** $k$ | **Yes** — requires $3\mid n(n-1)$, i.e. $n\equiv 0$ or $1\pmod{3}$ |

The critical constraint is divisibility by 3: since $335 \not\equiv 0\pmod{3}$, the term $335kn(n-1)$ depends on $k$. For $2010\mid a_n$ to hold for **every** valid sequence, we need $3\mid n(n-1)$, i.e., $n\not\equiv 2\pmod{3}$.

## Solving the Combined System

**Conditions:** $n$ odd, $n\equiv 0$ or $1\pmod{3}$, $n^2\equiv 1\pmod{335}$ (i.e., $n\equiv\pm1\pmod{5}$ and $n\equiv\pm1\pmod{67}$).

The four residue classes solving $n^2\equiv 1\pmod{335}$ are (by CRT):

$$n \equiv 1,\; 66,\; 269,\; 334 \pmod{335}.$$

For each, I find the smallest odd $n>1$ with $n\not\equiv 2\pmod{3}$:

| Class mod 335 | Smallest valid $n>1$ | Reason |
|---|---|---|
| $1$ | $1341$ | $n=336$ even; $n=671\equiv2\pmod{3}$; $n=1341\equiv0\pmod{3}$ ✓ |
| $66$ | $1071$ | $n=66$ even; $n=401\equiv2\pmod{3}$; $n=1071\equiv0\pmod{3}$ ✓ |
| $269$ | $939$ | $n=269\equiv2\pmod{3}$; $n=604$ even; $n=939\equiv0\pmod{3}$ ✓ |
| $334$ | $669$ | $n=334$ even; $n=669\equiv0\pmod{3}$ ✓ |

**Verification that no $n \in [2, 668]$ works:** The candidates with $n^2\equiv1\pmod{335}$ in this range are $66, 269, 334, 336, 401, 604$. Filtering for odd: $269, 401$. Both satisfy $269\equiv 401\equiv 2\pmod{3}$, so $3\nmid n(n-1)$ — they fail for $k\not\equiv 0\pmod{3}$.

**Confirming $n=669$:** $669$ is odd ✓; $669\equiv 0\pmod{3}$ so $3\mid 669\cdot 668$ ✓; $669\equiv -1\pmod{5}$ ✓; $669\equiv -1\pmod{67}$ ✓ ($669 = 9\cdot67+66$). So $670\mid 669^2-1$ and $3\mid 669\cdot 668$, giving $2010\mid a_{669}$ for all valid $k$.

**Spot-check with $k=1$ ($m=338$):** $a_{669} = 668\cdot(338\cdot669+3) = 668\cdot 226125 = 2^2\cdot167\cdot 3^3\cdot 5^3\cdot 67$, which is divisible by $2010 = 2\cdot3\cdot5\cdot67$. ✓ Meanwhile $a_{269} = 268\cdot 90925$; since $3\nmid 268\cdot 90925$, we get $2010\nmid a_{269}$, confirming $269$ fails for $k=1$.

## Answer

The smallest integer $n > 1$ such that $a_n$ is divisible by $2010$ is $\boxed{669}$.

### PROOF COMPLETE
DEVIN_CLI_EXITED code=0
