## Solution

We count the number of independent sets on the 4×4 grid graph (configurations of 0/1 with no two horizontally-or-vertically-adjacent cells both equal to 1).

### Transfer matrix method (row by row)

**Row states.** A valid row is a 4-bit string with no two consecutive 1s. There are F(6) = 8 such states:

| Label | Bits | Value |
|-------|------|-------|
| 0 | 0000 | 0 |
| 1 | 0001 | 1 |
| 2 | 0010 | 2 |
| 3 | 0100 | 4 |
| 4 | 0101 | 5 |
| 5 | 1000 | 8 |
| 6 | 1001 | 9 |
| 7 | 1010 | 10 |

**Compatibility.** Two consecutive-row states *a*, *b* are compatible iff `a AND b = 0` (no column has both active).

**Recurrence.** Let c_k[b] = number of valid configurations of the first k rows ending in row-state b. Then
c_{k+1}[b] = Σ_{a : a∧b=0} c_k[a], with c_1[a] = 1 for all a.

### Computing the vectors

**Row 1:** c_1 = [1,1,1,1,1,1,1,1], sum = 8.

**Row 2:** c_2[b] = number of states compatible with b:

| b | compatible states | count |
|---|---|---|
| 0 | all 8 | 8 |
| 1 (bit0) | 0,2,3,5,7 | 5 |
| 2 (bit1) | 0,1,3,4,5,6 | 6 |
| 3 (bit2) | 0,1,2,5,6,7 | 6 |
| 4 (bit0,2) | 0,2,5,7 | 4 |
| 5 (bit3) | 0,1,2,3,4 | 5 |
| 6 (bit0,3) | 0,2,3 | 3 |
| 7 (bit1,3) | 0,1,3,4 | 4 |

c_2 = [8,5,6,6,4,5,3,4], sum = **41**.

**Row 3:** c_3[b] = Σ c_2[a] over compatible a:

- b=0: 8+5+6+6+4+5+3+4 = 41
- b=1: c_2[0,2,3,5,7] = 8+6+6+5+4 = 29
- b=2: c_2[0,1,3,4,5,6] = 8+5+6+4+5+3 = 31
- b=3: c_2[0,1,2,5,6,7] = 8+5+6+5+3+4 = 31
- b=4: c_2[0,2,5,7] = 8+6+5+4 = 23
- b=5: c_2[0,1,2,3,4] = 8+5+6+6+4 = 29
- b=6: c_2[0,2,3] = 8+6+6 = 20
- b=7: c_2[0,1,3,4] = 8+5+6+4 = 23

c_3 = [41,29,31,31,23,29,20,23], sum = **227**.

**Row 4:** c_4[b] = Σ c_3[a] over compatible a:

- b=0: 41+29+31+31+23+29+20+23 = 227
- b=1: c_3[0,2,3,5,7] = 41+31+31+29+23 = 155
- b=2: c_3[0,1,3,4,5,6] = 41+29+31+23+29+20 = 173
- b=3: c_3[0,1,2,5,6,7] = 41+29+31+29+20+23 = 173
- b=4: c_3[0,2,5,7] = 41+31+29+23 = 124
- b=5: c_3[0,1,2,3,4] = 41+29+31+31+23 = 155
- b=6: c_3[0,2,3] = 41+31+31 = 103
- b=7: c_3[0,1,3,4] = 41+29+31+23 = 124

c_4 = [227,155,173,173,124,155,103,124].

### Final count

Total = 227 + 155 + 173 + 173 + 124 + 155 + 103 + 124

= 382 + 346 + 248 + 155 + 103 + 124... let me sum carefully:

- 227 + 155 = 382
- 382 + 173 = 555
- 555 + 173 = 728
- 728 + 124 = 852
- 852 + 155 = 1007
- 1007 + 103 = 1110
- 1110 + 124 = **1234**

### Answer

The number of valid configurations is **1234**.

### PROOF COMPLETE
DEVIN_CLI_EXITED code=0
