Looking at this problem, I need to determine whether, for an integer matrix $A$ of infinite order with $\|A\| > 1$, there exists $C > 0$ such that $\|A^k\| \geq Ck$ for all sufficiently large $k$.

**Answer leak check:** The problem statement contains no solutions, hints, or formalization notes. No leak detected.

---

**Proof.**

We interpret "$A$ has infinite order" in the standard group-theoretic sense: $A \in GL_n(\mathbb{Z})$ (so $\det(A) = \pm 1$) and $A^k \neq I$ for all $k \geq 1$. We show the answer is **yes**: such a constant $C$ always exists.

Let $\rho(A) = \max_i |\lambda_i|$ denote the spectral radius. Since $\det(A) = \pm 1$, the product of eigenvalues has modulus 1, so $\rho(A) \geq 1$. We split into two cases.

---

**Case 1: $\rho(A) > 1$.**

For any operator norm, $\|A^k\| \geq \rho(A^k) = \rho(A)^k$. Since $\rho(A) > 1$, the sequence $\rho(A)^k$ grows exponentially, so there exists $K$ such that $\rho(A)^k \geq k$ for all $k \geq K$. Taking $C = 1$, we obtain $\|A^k\| \geq Ck$ for all $k \geq K$.

---

**Case 2: $\rho(A) = 1$.**

Since $\det(A) = \pm 1$ and $|\lambda_i| \leq 1$ for all $i$, the equality $|\prod \lambda_i| = 1$ forces $|\lambda_i| = 1$ for every eigenvalue.

*All eigenvalues are roots of unity.* Each eigenvalue $\lambda$ is an algebraic integer (root of the characteristic polynomial $\chi_A \in \mathbb{Z}[x]$). Every algebraic conjugate of $\lambda$ is also a root of $\chi_A$, hence also an eigenvalue of $A$, and therefore also lies on the unit circle. By **Kronecker's theorem** (an algebraic integer whose every conjugate lies on the unit circle is a root of unity), each $\lambda_i$ is a root of unity.

*Infinite order forces non-diagonalizability.* Suppose $A$ were diagonalizable over $\mathbb{C}$: $A = P D P^{-1}$ with $D = \operatorname{diag}(\lambda_1, \dots, \lambda_n)$. Since each $\lambda_i$ is a root of unity, letting $N = \operatorname{lcm}(\text{orders of } \lambda_i)$ gives $D^N = I$, hence $A^N = I$, contradicting infinite order. Therefore $A$ is **not** diagonalizable, and its Jordan normal form contains a Jordan block $J_m(\lambda)$ of size $m \geq 2$ with $|\lambda| = 1$.

*Jordan block growth yields a linear lower bound.* Write $A = P J P^{-1}$ where $J$ is the Jordan form. Then $A^k = P J^k P^{-1}$, and by submultiplicativity:

$$\|J^k\| = \|P^{-1} A^k P\| \leq \|P^{-1}\| \cdot \|A^k\| \cdot \|P\|,$$

so $\|A^k\| \geq \dfrac{\|J^k\|}{\|P^{-1}\| \cdot \|P\|}$.

For the Jordan block $J_m(\lambda) = \lambda I + N$ (with $N$ nilpotent, $N^m = 0$):

$$J_m(\lambda)^k = \sum_{j=0}^{m-1} \binom{k}{j} \lambda^{k-j} N^j.$$

The $(1,m)$-entry is $\binom{k}{m-1} \lambda^{k-m+1}$, which has magnitude $\binom{k}{m-1}$. Since any operator norm satisfies $\|B\| \geq |B_{ij}|$ for all entries (as $\|B\| \geq \|Be_j\| \geq |e_i^\top B e_j|$):

$$\|J^k\| \geq \binom{k}{m-1}.$$

Since $m \geq 2$, we have $\binom{k}{m-1} \geq k$ for all $k \geq K_0$ (for some $K_0$ depending on $m$). Therefore:

$$\|A^k\| \geq \frac{k}{\|P^{-1}\| \cdot \|P\|} \quad \text{for all } k \geq K_0.$$

Setting $C = \dfrac{1}{\|P^{-1}\| \cdot \|P\|} > 0$ completes this case.

---

**Conclusion.** In both cases, there exists a constant $C > 0$ such that $\|A^k\| \geq Ck$ for all sufficiently large $k$. $\blacksquare$

### PROOF COMPLETE
DEVIN_CLI_EXITED code=0
