# Counting Homomorphisms from $S_5$ to $A_6$

## Setup

Let $\phi: S_5 \to A_6$ be a homomorphism with kernel $K = \ker(\phi)$. By the first isomorphism theorem,
$$S_5 / K \cong \operatorname{Im}(\phi) \leq A_6.$$
The kernel $K$ must be a **normal subgroup** of $S_5$. For $n \geq 5$, the only normal subgroups of $S_n$ are $\{e\}$, $A_n$, and $S_n$. So we have three cases.

---

## Case 1: $K = S_5$ (trivial homomorphism)

The image is trivial. There is exactly **1** such homomorphism.

---

## Case 2: $K = A_5$

Then $S_5/A_5 \cong \mathbb{Z}_2$, so $\operatorname{Im}(\phi) \cong \mathbb{Z}_2$, a subgroup of $A_6$ of order 2.

**Counting subgroups of $A_6$ isomorphic to $\mathbb{Z}_2$:** Each is generated by a unique element of order 2, so we count elements of order 2 in $A_6$.

Elements of order 2 in $S_6$ that are **even** permutations must be products of an even number of disjoint transpositions:
- Type $(ab)(cd)$: count $= \binom{6}{2}\binom{4}{2}/2 = 15 \cdot 6/2 = 45$.
- Type $(ab)(cd)(ef)$: this is a product of 3 transpositions (odd), so not in $A_6$.

So $A_6$ has **45** elements of order 2, hence 45 subgroups isomorphic to $\mathbb{Z}_2$.

**Homomorphisms per subgroup:** For each $H \cong \mathbb{Z}_2$ in $A_6$, a surjective homomorphism $S_5 \to H$ must have kernel of index 2. Since $A_5$ is the **unique** index-2 (normal) subgroup of $S_5$, the kernel is forced to be $A_5$, and the map is uniquely determined ($A_5 \mapsto e$, odd permutations $\mapsto$ the nontrivial element). Thus there is exactly **1** surjective homomorphism per copy of $\mathbb{Z}_2$.

**Case 2 total: $45 \times 1 = 45$.**

---

## Case 3: $K = \{e\}$ (injective homomorphism)

Then $\operatorname{Im}(\phi) \cong S_5$ is a subgroup of $A_6$ with $|S_5| = 120$, so it has index $[A_6 : H] = 360/120 = 3$.

**Claim: $A_6$ has no subgroup of index 3.**

*Proof.* Suppose $H \leq A_6$ with $[A_6 : H] = 3$. The action of $A_6$ on the left cosets of $H$ gives a homomorphism $\psi: A_6 \to S_3$ whose kernel $\ker(\psi) = \bigcap_{g \in A_6} gHg^{-1}$ is a normal subgroup of $A_6$ contained in $H$.

Since $A_6$ is **simple** (it is a non-abelian simple group of order 360), $\ker(\psi)$ is either $\{e\}$ or $A_6$:
- If $\ker(\psi) = A_6$: the action is trivial, contradicting transitivity (since $[A_6:H]=3>1$).
- If $\ker(\psi) = \{e\}$: $A_6$ embeds into $S_3$, requiring $|A_6| \leq |S_3| = 6$, but $360 > 6$. Contradiction.

Both cases are impossible, so no such $H$ exists. $\square$

**Case 3 total: 0.**

---

## Final Count

$$\underbrace{1}_{K=S_5} + \underbrace{45}_{K=A_5} + \underbrace{0}_{K=\{e\}} = \boxed{46}$$

### PROOF COMPLETE
DEVIN_CLI_EXITED code=0
