## Proof

**Setup and notation.** Let a "W-block" be a maximal run of white balloons (exactly `WW`), a "B-block" a maximal run of blue (exactly `BBB`), and R a single red balloon. The constraints are:

- (C1) No two R adjacent.
- (C2) Between consecutive W-blocks: ≥ 2 non-white balloons.
- (C3) Between consecutive B-blocks: ≥ 3 non-blue balloons.

Every white balloon lies in a W-block (size 2) and every blue in a B-block (size 3); there are no isolated W's or B's.

**Key bound 1: W-blocks ≤ B-blocks + 1.** Consider any two consecutive W-blocks. The segment between them contains only non-white characters (B's and R's) and must have ≥ 2 non-white. If it contained no B-block, it would contain only R's; but no two R's are adjacent (C1), so at most one R fits, giving only 1 < 2 non-white — contradiction. Hence **every inter-W segment contains at least one B-block**. Since each B-block lies in at most one inter-W segment (those at the very ends lie in none), with *w* W-blocks and *k* B-blocks we need *w* − 1 ≤ *k*, i.e. **w ≤ k + 1**.

**Key bound 2: R ≥ B-blocks − 1.** Consider any two consecutive B-blocks. The segment between them contains only non-blue characters (W's and R's) and must have ≥ 3 non-blue. If it contained no R, it would contain only W-blocks; two W-blocks in the same inter-B segment would need ≥ 2 non-white between them, but no B-block is available there and R's are excluded — impossible. So at most one W-block ( = 2 < 3 non-blue) fits without R — contradiction. Hence **every inter-B segment contains at least one R**, giving **r ≥ k − 1** (where *r* = number of red balloons).

**Also: at most one W-block per inter-B segment.** Two W-blocks in the same inter-B segment need ≥ 2 non-white between them, but no B-block is available there, and R's alone cannot supply ≥ 2 non-white (no two R adjacent). So each inter-B segment has exactly 1 W-block (when it has one). Thus the W-blocks consist of (k − 1) in inter-B segments plus at most 2 at the ends, confirming w ≤ k + 1.

**Maximum length for a given r.** With *k* B-blocks, *w* ≤ *k* + 1 W-blocks, and *r* ≥ *k* − 1:

Length = 2w + 3k + r ≤ 2(k+1) + 3k + r = 5k + 2 + r.

For fixed *r*, this is maximized at the largest *k* allowed, namely *k* = *r* + 1 (so *r* = *k* − 1, every inter-B segment has exactly one R), giving

**max length = 6r + 7.**

**Checking the threshold.** "Over 600" means length ≥ 601.

- *r* = 98: max length = 6·98 + 7 = **595 < 601**. Impossible.
- *r* = 99: max length = 6·99 + 7 = **601 ≥ 601**. Achievable.

**Construction achieving 601 balloons with 99 red.** Take *k* = 100 B-blocks, *w* = 101 W-blocks, *r* = 99, arranged as:

$$W_0\; B_1\; W_1\; R_1\; B_2\; W_2\; R_2\; B_3\; W_3\; R_3\;\cdots\; R_{99}\; B_{100}\; W_{100}$$

i.e. `WW BBB WW R BBB WW R BBB WW R ··· R BBB WW`.

Verification:
- **W-blocks:** consecutive W-blocks are separated by either `BBB` (3 non-white ≥ 2) or `R BBB` (4 non-white ≥ 2). ✓
- **B-blocks:** consecutive B-blocks are separated by `WW R` (2 + 1 = 3 non-blue ≥ 3). ✓
- **Red balloons:** consecutive R's are separated by `BBB WW` (5 non-red ≥ 1); no two R adjacent. ✓
- **Group sizes:** every W-block is exactly `WW`, every B-block exactly `BBB`. ✓

Total length = 2·101 + 3·100 + 99 = 202 + 300 + 99 = **601 > 600**, using exactly **99** red balloons.

Since 98 red balloons can produce at most 595 balloons (below 601) and 99 red balloons achieve 601, the smallest possible number of red balloons is

$$\boxed{99}$$

### PROOF COMPLETE
DEVIN_CLI_EXITED code=0
