Looking at this problem, I need to find the volume ratio of the "Central Zone" S (points closer to the centroid than to any vertex) to the total volume of a regular 2015-simplex.

## Setup and Coordinate System

Let $n = 2015$. Place the centroid $O$ at the origin. The $n+1 = 2016$ vertices $V_0, \ldots, V_n$ satisfy $\sum V_i = 0$ and $|V_i|^2 = R^2$ (circumradius). By symmetry, $V_i \cdot V_j = -R^2/n$ for $i \neq j$.

**Key transformation:** Map each point $P$ to $u_i = P \cdot V_i$ for $i = 0, \ldots, n$. Since $\sum V_i = 0$, we have $\sum u_i = 0$, so $u$ lives in an $n$-dimensional hyperplane. This linear map preserves volume ratios (constant Jacobian).

**The simplex** in $u$-space: The facet opposite $V_i$ lies on $u_i = -R^2/n$, so:
$$\mathcal{P} = \{u : \textstyle\sum u_i = 0,\; u_i \geq -R^2/n \;\forall i\}$$
with vertices at permutations of $(R^2, -R^2/n, \ldots, -R^2/n)$.

**The condition** $|P-O|^2 < |P-V_i|^2$ expands to $P \cdot V_i < R^2/2$, i.e., $u_i < R^2/2$.

**The Central Zone** in $u$-space:
$$S = \{u : \textstyle\sum u_i = 0,\; -R^2/n \leq u_i \leq R^2/2 \;\forall i\}$$

## Structure of S: Truncated Simplex

The cut $u_i = R^2/2$ lies between vertex $V_i$ (where $u_i = R^2$) and the opposite facet (where $u_i = -R^2/n$). At any other vertex $V_j$ ($j \neq i$), we have $u_i = -R^2/n < R^2/2$, so **cuts from different vertices do not interact**. Thus $S$ is the original simplex with each of its $n+1$ vertices truncated.

## Volume of Each Corner Piece

The corner piece at vertex $V_i$ is $\{u \in \mathcal{P} : u_i \geq R^2/2\}$, a simplex with:
- **Apex** at $u_i = R^2$ (the original vertex)
- **Base** on the hyperplane $u_i = R^2/2$

This corner piece is **similar** to the original simplex (same apex, parallel base). The heights are:
- Original: $R^2 - (-R^2/n) = R^2(n+1)/n$
- Corner piece: $R^2 - R^2/2 = R^2/2$

**Scale factor** $= \frac{R^2/2}{R^2(n+1)/n} = \frac{n}{2(n+1)}$

Since volume scales as the $n$-th power:
$$\frac{\text{Vol(corner)}}{\text{Vol}(\mathcal{P})} = \left(\frac{n}{2(n+1)}\right)^n$$

## Volume Ratio

$$\frac{\text{Vol}(S)}{\text{Vol}(\mathcal{P})} = 1 - (n+1)\left(\frac{n}{2(n+1)}\right)^n = 1 - \frac{n^n}{2^n (n+1)^{n-1}}$$

**Verification with $n=1$** (segment): ratio $= 1 - 2 \cdot (1/4) = 1/2$ ✓ (middle half of segment)

**Verification with $n=2$** (equilateral triangle): ratio $= 1 - 3 \cdot (1/9) = 2/3$ ✓ (hexagon is 2/3 of triangle)

## Computing the Fraction

With $n = 2015$:
$$\frac{m}{n} = \frac{2^{2015} \cdot 2016^{2014} - 2015^{2015}}{2^{2015} \cdot 2016^{2014}}$$

**Checking lowest terms:** The denominator $= 2^{2015} \cdot 2016^{2014}$. Since $2016 = 2^5 \cdot 3^2 \cdot 7$, the denominator's prime factors are $\{2, 3, 7\}$.

- **Mod 2:** Numerator $= \text{even} - \text{odd} = \text{odd}$. Not divisible by 2. ✓
- **Mod 3:** $2015 \equiv 2 \pmod{3}$, so $2015^{2015} \equiv 2^{2015} \equiv (-1)^{2015} \equiv 2 \pmod{3}$. First term $\equiv 0$. Numerator $\equiv 0 - 2 \equiv 1 \pmod{3}$. Not divisible by 3. ✓
- **Mod 7:** $2015 \equiv -1 \pmod{7}$, so $2015^{2015} \equiv -1 \pmod{7}$. First term $\equiv 0$. Numerator $\equiv 0-(-1) = 1 \pmod{7}$. Not divisible by 7. ✓

**GCD = 1**, so the fraction is already in lowest terms.

## Computing $(m+n) \bmod 1000$

$$m + n = 2^{2016} \cdot 2016^{2014} - 2015^{2015}$$

**Mod 8:** $2^{2016} \cdot 2016^{2014} \equiv 0 \pmod{8}$ (since $2016 \geq 3$). $2015 \equiv 7 \equiv -1 \pmod{8}$, so $2015^{2015} \equiv -1 \equiv 7 \pmod{8}$.
$$m + n \equiv 0 - 7 \equiv 1 \pmod{8}$$

**Mod 125:** $2016 \equiv 16 \pmod{125}$, so $2016^{2014} \equiv 16^{2014} = 2^{8056} \pmod{125}$. Thus $2^{2016} \cdot 2016^{2014} \equiv 2^{10072} \pmod{125}$.

Since $\varphi(125) = 100$ and $\gcd(2,125)=1$: $2^{10072} \equiv 2^{72} \pmod{125}$.

Computing $2^{72} \bmod 125$:
- $2^{10} = 1024 \equiv 24$
- $2^{20} \equiv 24^2 = 576 \equiv 76$
- $2^{40} \equiv 76^2 = 5776 \equiv 26$
- $2^{70} = 2^{40} \cdot 2^{20} \cdot 2^{10} \equiv 26 \cdot 76 \cdot 24$: $26 \cdot 76 = 1976 \equiv 101$; $101 \cdot 24 = 2424 \equiv 49$
- $2^{72} = 2^{70} \cdot 4 \equiv 49 \cdot 4 = 196 \equiv 71 \pmod{125}$

For $2015^{2015} \bmod 125$: $2015 \equiv 15 \pmod{125}$, and $15 = 3 \cdot 5$, so $15^{2015} = 3^{2015} \cdot 5^{2015}$. Since $5^3 = 125 \mid 5^{2015}$, we get $2015^{2015} \equiv 0 \pmod{125}$.

$$m + n \equiv 71 - 0 = 71 \pmod{125}$$

**CRT:** Solve $x \equiv 1 \pmod{8}$, $x \equiv 71 \pmod{125}$.

$x = 71 + 125k$. Then $71 + 125k \equiv 1 \pmod{8}$, i.e., $7 + 5k \equiv 1 \pmod{8}$, so $5k \equiv 2 \pmod{8}$. Since $5^{-1} \equiv 5 \pmod{8}$: $k \equiv 10 \equiv 2 \pmod{8}$.

$$x = 71 + 125 \cdot 2 = 71 + 250 = 321$$

**Verification:** $321 \bmod 8 = 1$ ✓, $321 \bmod 125 = 71$ ✓.

## Answer

The remainder when $m + n$ is divided by 1000 is $\boxed{321}$.

### PROOF COMPLETE
DEVIN_CLI_EXITED code=0
