No answer leak detected — the problem only states the definition and asks for the proof.

## Proof that $d_{p-1} \circ d_p = 0$ in the Koszul complex

**Setup.** Let $R$ be a commutative ring, $x_1, \dots, x_n \in R$, and let $g_1, \dots, g_n$ be a basis for a free $R$-module $G$. The Koszul complex has boundary maps
$$
d_p(g_{i_1}\wedge\cdots\wedge g_{i_p})=\sum_{j=1}^{p}(-1)^{j-1}\,x_{i_j}\;g_{i_1}\wedge\cdots\wedge\widehat{g_{i_j}}\wedge\cdots\wedge g_{i_p},
$$
where the hat denotes omission. We must show $d_{p-1}\circ d_p=0$.

---

**Step 1: Apply $d_{p-1}$ to $d_p(\omega)$.** Set $\omega = g_{i_1}\wedge\cdots\wedge g_{i_p}$. Since each $x_{i_j}\in R$ is a scalar coefficient (the module is over $R$), it passes through $d_{p-1}$:
$$
d_{p-1}\bigl(d_p(\omega)\bigr)=\sum_{j=1}^{p}(-1)^{j-1}\,x_{i_j}\;d_{p-1}\!\left(g_{i_1}\wedge\cdots\wedge\widehat{g_{i_j}}\wedge\cdots\wedge g_{i_p}\right).
$$

**Step 2: Expand the inner $d_{p-1}$.** The wedge $g_{i_1}\wedge\cdots\wedge\widehat{g_{i_j}}\wedge\cdots\wedge g_{i_p}$ has $p-1$ factors. Applying $d_{p-1}$ removes one more factor $g_{i_m}$ ($m\neq j$). The position of $g_{i_m}$ *within the reduced wedge* determines the sign:

- If $m<j$: $g_{i_m}$ sits at position $m$, giving sign $(-1)^{m-1}$.
- If $m>j$: $g_{i_m}$ sits at position $m-1$ (shifted left by one due to the removal of $g_{i_j}$), giving sign $(-1)^{m-2}$.

Hence
$$
d_{p-1}\bigl(d_p(\omega)\bigr)=\sum_{j=1}^{p}\sum_{\substack{m=1\\m\neq j}}^{p}(-1)^{j-1}\,x_{i_j}\,x_{i_m}\;\sigma(j,m)\;g_{i_1}\wedge\cdots\wedge\widehat{g_{i_j}}\wedge\cdots\wedge\widehat{g_{i_m}}\wedge\cdots\wedge g_{i_p},
$$
where the total sign is
$$
\sigma(j,m)=
\begin{cases}
(-1)^{j-1}\,(-1)^{m-1}=(-1)^{j+m-2}, & m<j,\\[4pt]
(-1)^{j-1}\,(-1)^{m-2}=(-1)^{j+m-3}, & m>j.
\end{cases}
$$

**Step 3: Pair cancellation.** Fix an unordered pair $\{j,m\}$ with $j<m$. Two ordered terms contribute to the same double-wedge $g_{i_1}\wedge\cdots\wedge\widehat{g_{i_j}}\wedge\cdots\wedge\widehat{g_{i_m}}\wedge\cdots\wedge g_{i_p}$:

| Term | Outer index | Inner index | Sign $\sigma$ | Coefficient |
|------|------------|-------------|---------------|-------------|
| $(j,m)$ | $j$ | $m>j$ | $(-1)^{j+m-3}$ | $x_{i_j}\,x_{i_m}$ |
| $(m,j)$ | $m$ | $j<m$ | $(-1)^{m+j-2}$ | $x_{i_m}\,x_{i_j}$ |

Since $R$ is **commutative**, $x_{i_j}\,x_{i_m}=x_{i_m}\,x_{i_j}$, so the two coefficients are identical. The signs differ by
$$
\frac{(-1)^{j+m-3}}{(-1)^{j+m-2}}=(-1)^{-1}=-1,
$$
so the two terms are **opposites** and cancel.

**Step 4: Conclusion.** Every term in the double sum is paired with a unique partner of opposite sign and equal coefficient. Therefore
$$
d_{p-1}\bigl(d_p(\omega)\bigr)=0
$$
for every basis wedge $\omega$, and by $R$-linearity for all elements of $\bigwedge^p G$. Hence
$$
\boxed{d_{p-1}\circ d_p = 0.}\qquad\square
$$

The two ingredients are: (1) **commutativity of $R$**, ensuring the paired coefficients $x_{i_j}x_{i_m}$ and $x_{i_m}x_{i_j}$ agree, and (2) the **sign flip** $(-1)^{j+m-3}$ vs. $(-1)^{j+m-2}$ arising from the position shift when the first-removed factor precedes or follows the second.

### PROOF COMPLETE
DEVIN_CLI_EXITED code=0
