## Solution

**Answer.** Let $n > 1$ be an odd natural number. Write $n = p_1^{\alpha_1} p_2^{\alpha_2} \cdots p_r^{\alpha_r}$ with distinct odd primes $p_j$ and $\alpha_j \ge 1$. Then

$$
a = \prod_{\substack{1 \le i \le n \\ \gcd(i,n)=1}} i \equiv \begin{cases} -1 \pmod{n}, & \text{if } r = 1 \text{ (i.e., } n \text{ is an odd prime power)},\\[4pt] \phantom{-}1 \pmod{n}, & \text{if } r \ge 2. \end{cases}
$$

---

### Proof

**Step 1: Reduction to elements of order dividing 2.**

The set $G = \{i \bmod n : \gcd(i,n)=1\}$ is the multiplicative group $(\mathbb{Z}/n\mathbb{Z})^\times$, a finite abelian group of order $\varphi(n)$. Consider the product $P = \prod_{g \in G} g$.

Pair each element $g \in G$ with its inverse $g^{-1}$. The pair $\{g, g^{-1}\}$ contributes $g \cdot g^{-1} = 1$ to the product, unless $g = g^{-1}$, i.e., $g^2 = 1$. Therefore

$$
P = \prod_{\substack{g \in G \\ g^2 = 1}} g.
$$

So $a \bmod n$ equals the product of all solutions to $x^2 \equiv 1 \pmod{n}$.

**Step 2: Counting solutions to $x^2 \equiv 1 \pmod{n}$.**

By the Chinese Remainder Theorem, solving $x^2 \equiv 1 \pmod{n}$ is equivalent to solving $x^2 \equiv 1 \pmod{p_j^{\alpha_j}}$ independently for each $j$.

For an odd prime power $p^\alpha$: if $p^\alpha \mid (x-1)(x+1)$, then since $\gcd(x-1, x+1) \mid 2$ and $p$ is odd, $p$ cannot divide both $x-1$ and $x+1$. Hence $p^\alpha \mid x-1$ or $p^\alpha \mid x+1$, giving exactly two solutions: $x \equiv \pm 1 \pmod{p^\alpha}$.

By CRT, the total number of solutions to $x^2 \equiv 1 \pmod{n}$ is $2^r$, where $r$ is the number of distinct prime factors of $n$. These solutions form a subgroup $H \le G$ with $H \cong (\mathbb{Z}/2\mathbb{Z})^r$.

**Step 3: Product of all elements in $H \cong (\mathbb{Z}/2\mathbb{Z})^r$.**

We compute $\prod_{h \in H} h$ (multiplicative notation). Switching to additive notation for $H$, this is $\sum_{h \in H} h$ where $H = (\mathbb{Z}/2\mathbb{Z})^r$.

Each element of $H$ is a vector $\mathbf{v} \in \{0,1\}^r$. For each coordinate $j$, exactly $2^{r-1}$ of the $2^r$ vectors have a $1$ in position $j$. The $j$-th coordinate of the total sum is therefore $2^{r-1} \bmod 2$.

- **If $r = 1$:** $2^{r-1} = 1$ is odd, so the sum is $(1) = $ the unique non-identity element of $H$. In multiplicative notation, this is the unique element of order $2$ in $G$, which is $-1 \bmod n$. Hence $P \equiv -1 \pmod{n}$.

- **If $r \ge 2$:** $2^{r-1}$ is even, so every coordinate of the sum is $0 \bmod 2$, giving the identity element. Hence $P \equiv 1 \pmod{n}$.

**Step 4: Verification of the $r=1$ case (Gauss's generalization of Wilson's theorem).**

When $n = p^\alpha$ is an odd prime power, $r = 1$, and the unique non-trivial solution to $x^2 \equiv 1 \pmod{p^\alpha}$ is $x \equiv -1 \pmod{p^\alpha}$. The product of all elements of $G$ pairs up as $\{g, g^{-1}\}$ for all $g \neq -1$, each contributing $1$, leaving only $-1$. Thus

$$
a \equiv -1 \pmod{p^\alpha}.
$$

This generalizes Wilson's theorem (which is the case $\alpha = 1$, $n = p$ prime: $(p-1)! \equiv -1 \pmod{p}$).

**Step 5: Conclusion.**

Combining Steps 1–3:

$$
\boxed{a \equiv \begin{cases} -1 \pmod{n}, & \text{if } n \text{ is a power of a single odd prime},\\[4pt] \phantom{-}1 \pmod{n}, & \text{if } n \text{ has two or more distinct odd prime factors}. \end{cases}}
$$

**Quick checks.**
- $n = 3$: $\{1,2\}$, product $= 2 \equiv -1 \pmod{3}$. ✓
- $n = 9$: $\{1,2,4,5,7,8\}$, product $= 2240 \equiv 8 \equiv -1 \pmod{9}$. ✓
- $n = 15 = 3\cdot5$: $\{1,2,4,7,8,11,13,14\}$, product $= 896896 \equiv 1 \pmod{15}$. ✓
- $n = 21 = 3\cdot7$: solutions to $x^2\equiv 1$ are $\{1,8,13,20\}$, product $= 2080 \equiv 1 \pmod{21}$. ✓

### PROOF COMPLETE
DEVIN_CLI_EXITED code=0
