Error: Agent error: Permission denied: Permission denied: Reached overall message rate limit. Please try again later. Your limit will reset in 28 minutes. (trace ID: 443e28a76913b9fce4e5db8242e445b7): {
  "cognition.ai/errorKind": "internal",
  "cognition.ai/retryable": true
}
DEVIN_CLI_EXITED code=1
```xml
<audit>
  <analysis_result_key>2270869</analysis_result_key>
  <problem_id>deepmath_103k_00002115</problem_id>
  <audit_status>PASS_SELECTABLE</audit_status>
  <check_results>
    <A1>PASS: dimension1_verdict is "DIRECTION_ERROR", which is a valid value.</A1>
    <A2>PASS: dimension1_explanation is non-empty and well over 50 characters.</A2>
    <A3>PASS: dimension2_turning_point_type is "other", a valid enum value, and d1 is DIRECTION_ERROR so d2 is required.</A3>
    <A4>PASS: dimension2_explanation is non-empty and well over 50 characters.</A4>
    <A5>PASS: ai_direction_summary is non-empty and detailed.</A5>
    <A6>PASS: standard_solution_key_technique is non-empty and specific.</A6>
    <B1>PASS: No XML tag leaks found in either explanation.</B1>
    <B2>PASS: No template placeholder leaks ("1-3 sentences", "ONE_OF:", etc.) found.</B2>
    <B3>PASS: Both explanations are far longer than 50 characters.</B3>
    <C1>PASS: d1=DIRECTION_ERROR requires d2 to have a value, and d2="other" with a full explanation is present.</C1>
    <C2>PASS: d1_exp describes a wrong direction (analyzing an unrelated operator algebra problem), consistent with DIRECTION_ERROR.</C2>
    <C3>PASS: d2="other" and d2_exp describes Lebesgue's criterion for Riemann integrability, a real analysis technique that does not fit the number-theoretic categories, justifying "other".</C3>
    <D1>PASS: d1_exp is well over 100 characters and contains action verbs ("went", "misread", "analyzing", "considered").</D1>
    <D2>PASS: d2_exp is well over 100 characters and contains mathematical terms (Lebesgue's criterion, Riemann integrability, measure zero, discontinuity).</D2>
    <D3>PASS: ai_direction_summary describes the specific direction taken (operator algebra, DS property, Følner sequences, unitary group amenability), not just "the AI failed".</D3>
    <D4>PASS: standard_solution_key_technique describes the specific technique (Lebesgue's criterion plus single-point modification invariance) yielding value 1.</D4>
    <E1>UNKNOWN — check via script</E1>
  </check_results>
  <issues_found>none</issues_found>
</audit>
```

### AUDIT COMPLETE
DEVIN_CLI_EXITED code=0
