I'll solve this directly in the TUI as instructed.

**Answer Leak Self-Check**: The problem text contains only the problem statement and constraints. No solutions, sketches, or answers are leaked. Proceeding to solve.

---

## Proof that $\det(\mathrm{Ad}(g)) = +1$ for compact connected $G$

**Setup.** Let $G$ be a compact connected Lie group with Lie algebra $\mathfrak{g}$. The adjoint representation is a smooth group homomorphism
$$\mathrm{Ad}: G \to \mathrm{GL}(\mathfrak{g}), \qquad g \mapsto \mathrm{Ad}(g) = (\alpha_{ij}(g)).$$
We compose with the determinant to obtain the map
$$\varphi := \det \circ\, \mathrm{Ad}: G \to \mathbb{R}^{*}, \qquad \varphi(g) = \det(\mathrm{Ad}(g)).$$

**Step 1: $\varphi$ is a continuous homomorphism.**

The determinant $\det: \mathrm{GL}(\mathfrak{g}) \to \mathbb{R}^{*}$ is a continuous (in fact polynomial in the entries) group homomorphism, and $\mathrm{Ad}$ is a continuous (in fact smooth) group homomorphism. Therefore $\varphi = \det \circ\, \mathrm{Ad}$ is a continuous group homomorphism from $G$ into the multiplicative group $\mathbb{R}^{*} = \mathbb{R}\setminus\{0\}$.

**Step 2: The image of $\varphi$ lies in $\mathbb{R}_{>0}$.**

The group $\mathbb{R}^{*}$ has two connected components:
$$\mathbb{R}^{*} = \mathbb{R}_{>0}\;\sqcup\;\mathbb{R}_{<0}.$$
Since $G$ is **connected** and $\varphi$ is continuous, the image $\varphi(G)$ is a connected subset of $\mathbb{R}^{*}$. A connected subset of a two-component space lies entirely in one component. Since $\varphi(e) = \det(\mathrm{Ad}(e)) = \det(\mathrm{Id}) = 1 > 0$, the image lies in the positive component:
$$\varphi(G) \subseteq \mathbb{R}_{>0}.$$

**Step 3: The image of $\varphi$ is trivial.**

Since $G$ is **compact** and $\varphi$ is continuous, the image $\varphi(G)$ is a **compact** subgroup of $\mathbb{R}_{>0}$.

Apply the logarithm isomorphism $\log: \mathbb{R}_{>0} \xrightarrow{\;\sim\;} \mathbb{R}$ (a homeomorphism and group isomorphism from $(\mathbb{R}_{>0}, \times)$ to $(\mathbb{R}, +)$). The image $\log(\varphi(G))$ is then a compact subgroup of $(\mathbb{R}, +)$.

**Claim.** The only compact subgroup of $(\mathbb{R}, +)$ is $\{0\}$.

*Proof of claim.* Let $H \subseteq \mathbb{R}$ be a compact additive subgroup. If $H \neq \{0\}$, pick $a \in H$, $a \neq 0$. Then $\{na : n \in \mathbb{Z}\} \subseteq H$ is unbounded (since $|na| \to \infty$ as $|n| \to \infty$), contradicting the compactness (hence boundedness) of $H$. Thus $H = \{0\}$. $\square$

Applying the claim: $\log(\varphi(G)) = \{0\}$, hence
$$\varphi(G) = \{1\}.$$

**Conclusion.** For every $g \in G$,
$$\det(\mathrm{Ad}(g)) = \varphi(g) = 1 = +1.$$

**Remark on the hypotheses.** Both hypotheses are used sharply:
- *Compactness* forces the image to be a compact subgroup of $\mathbb{R}_{>0}$, hence trivial. Without it, a continuous homomorphism $G \to \mathbb{R}_{>0}$ could be nontrivial (e.g., a character of a non-compact torus $\mathbb{R}$).
- *Connectedness* rules out the sign ambiguity: for a compact but disconnected group, $\varphi(G)$ could be the compact subgroup $\{+1, -1\} \subseteq \mathbb{R}^{*}$ (as happens, e.g., with a disconnected group acting by an orientation-reversing adjoint on a component). Connectedness confines the image to $\mathbb{R}_{>0}$, after which compactness finishes the argument.

$\blacksquare$

### PROOF COMPLETE
DEVIN_CLI_EXITED code=0
