## Answer Leak Check

No leaked answers, solutions, or proof sketches found in the problem statement. Proceeding to solve.

## Proof

We seek a formal power series $g(T) = \sum_{n \geq 0} b_n T^n \in \mathbb{C}[[T]]$ such that $f(T)\,g(T) = 1$, where

$$f(T) = \sum_{n \geq 0}(n+1)\,T^n = 1 + 2T + 3T^2 + 4T^3 + \cdots.$$

**Claim.** The multiplicative inverse of $f(T)$ is $g(T) = (1-T)^2 = 1 - 2T + T^2$.

**Proof.** Observe that $f(T)$ is the formal derivative of the geometric series:

$$\frac{d}{dT}\left(\sum_{n \geq 0} T^n\right) = \sum_{n \geq 1} n\,T^{n-1} = \sum_{n \geq 0}(n+1)\,T^n = f(T).$$

Since $\sum_{n \geq 0} T^n = \frac{1}{1-T}$ as a formal power series (its constant term is $1$, hence it is a unit in $\mathbb{C}[[T]]$), differentiating both sides gives

$$f(T) = \frac{d}{dT}\!\left(\frac{1}{1-T}\right) = \frac{1}{(1-T)^2}.$$

Therefore $f(T) \cdot (1-T)^2 = 1$ in $\mathbb{C}[[T]]$, which means $(1-T)^2$ is the multiplicative inverse of $f(T)$.

**Direct verification.** Let us confirm this by computing the Cauchy product $f(T)\cdot(1-T)^2$ directly. Since $(1-T)^2 = 1 - 2T + T^2$, the coefficient of $T^n$ in the product is

$$c_n = (n+1) - 2n + (n-1),$$

where we interpret the coefficient of $T^k$ in $f$ as $k+1$ for $k \geq 0$ and as $0$ for $k < 0$. Explicitly:

- **$n = 0$:** $c_0 = 1 - 0 + 0 = 1$.
- **$n = 1$:** $c_1 = 2 - 2\cdot 1 + 0 = 0$.
- **$n \geq 2$:** $c_n = (n+1) - 2n + (n-1) = 0$.

Hence $f(T)\cdot(1-T)^2 = 1$, confirming that $g(T) = (1-T)^2$ is the inverse.

**Conclusion.** The multiplicative inverse of $f(T) = \sum_{n\geq 0}(n+1)T^n$ is

$$\boxed{g(T) = (1-T)^2 = 1 - 2T + T^2}.$$

Note that this inverse is in fact a polynomial, hence lies in $\mathbb{C}[T] \subset \mathbb{C}[[T]]$.

### PROOF COMPLETE
DEVIN_CLI_EXITED code=0
