先检查答案泄露：题目文本仅包含问题陈述，无解答、无提示、无 Lean 语句。无泄露。

现在直接在 TUI 中给出证明。

---

**定理：** 存在 $q \in (0,1)\cap\mathbb{Q}$ 使得 $\sin\!\left(\frac{\pi}{2}q\right)\in\mathbb{Q}$。事实上，唯一的这样的 $q$ 是 $q = \tfrac{1}{3}$。

**证明。**

**关键引理。** 若 $\varphi/\pi \in \mathbb{Q}$，则 $2\cos\varphi$ 是一个代数整数。

*引理证明。* 记 $\varphi/\pi = m/n$，其中 $\gcd(m,n)=1$，$n\ge 1$。令 $\zeta = e^{i\varphi}=e^{im\pi/n}$。则
$$\zeta^{2n}=e^{2im\pi}=1,$$
所以 $\zeta$ 是 $x^{2n}-1$ 的根，因此是一个代数整数。代数整数构成一个环，所以
$$\zeta+\zeta^{-1}=2\cos\varphi$$
也是一个代数整数。$\square$

**主要证明。** 设 $q\in(0,1)\cap\mathbb{Q}$ 且 $\sin\!\left(\frac{\pi}{2}q\right)\in\mathbb{Q}$。记 $\theta = \frac{\pi}{2}q$。由于 $q$ 是有理数，$\theta/\pi = q/2\in\mathbb{Q}$。

现在观察
$$2\sin\theta = 2\cos\!\left(\tfrac{\pi}{2}-\theta\right),$$
且
$$\frac{\tfrac{\pi}{2}-\theta}{\pi}=\frac{1}{2}-\frac{q}{2}=\frac{1-q}{2}\in\mathbb{Q}.$$
由引理，$2\cos\!\left(\frac{\pi}{2}-\theta\right)=2\sin\theta$ 是一个代数整数。

根据假设，$\sin\theta\in\mathbb{Q}$，所以 $2\sin\theta\in\mathbb{Q}$。一个有理代数整数必定是一个普通整数，因此
$$2\sin\theta\in\mathbb{Z}\quad\Longrightarrow\quad \sin\theta\in\left\{0,\,\pm\tfrac{1}{2},\,\pm 1\right\}.$$

由于 $q\in(0,1)$，我们有 $\theta=\frac{\pi}{2}q\in\left(0,\frac{\pi}{2}\right)$，所以 $\sin\theta\in(0,1)$（严格介于两者之间）。集合 $\{0,\pm\frac12,\pm1\}$ 中唯一落在 $(0,1)$ 内的值是 $\frac12$。因此
$$\sin\theta=\frac12,\qquad \theta=\frac{\pi}{6},\qquad \frac{\pi}{2}q=\frac{\pi}{6},\qquad q=\frac13.$$

**验证。** $q=\frac13\in(0,1)\cap\mathbb{Q}$，且 $\sin\!\left(\frac{\pi}{2}\cdot\frac13\right)=\sin\frac{\pi}{6}=\frac12\in\mathbb{Q}$。$\checkmark$

**结论。** 唯一满足条件的 $q\in(0,1)\cap\mathbb{Q}$ 且 $\sin\!\left(\frac{\pi}{2}q\right)\in\mathbb{Q}$ 的数是 $\boxed{q=\frac13}$。

### PROOF COMPLETE
DEVIN_CLI_EXITED code=0
