## Answer Leak Self-Check

The problem text contains only the problem statement with no solutions, proof sketches, or answer values. No leak detected. Proceeding to solve.

## Proof

Let $G = (p^{-k}\mathbb{Z}_p)/\mathbb{Z}_p$ where $\mathbb{Z}_p$ denotes the $p$-adic integers, viewed as a subgroup of $\mathbb{Q}_p$, and $k \geq 0$.

**Step 1: Identify the group structure.**

Consider the map
$$\varphi: \mathbb{Z}_p \longrightarrow (p^{-k}\mathbb{Z}_p)/\mathbb{Z}_p, \qquad a \longmapsto p^{-k}a + \mathbb{Z}_p.$$

This is a group homomorphism (addition is preserved). It is surjective: every element of $p^{-k}\mathbb{Z}_p$ has the form $p^{-k}a$ with $a \in \mathbb{Z}_p$, so every coset $p^{-k}a + \mathbb{Z}_p$ is $\varphi(a)$.

Its kernel is
$$\ker\varphi = \{a \in \mathbb{Z}_p : p^{-k}a \in \mathbb{Z}_p\} = \{a \in \mathbb{Z}_p : a \in p^k\mathbb{Z}_p\} = p^k\mathbb{Z}_p.$$

By the first isomorphism theorem,
$$G \cong \mathbb{Z}_p / p^k\mathbb{Z}_p.$$

Since $\mathbb{Z}_p/p^k\mathbb{Z}_p \cong \mathbb{Z}/p^k\mathbb{Z}$ (the natural reduction map $\mathbb{Z}_p \to \mathbb{Z}/p^k\mathbb{Z}$ has kernel $p^k\mathbb{Z}_p$), we obtain
$$G \cong \mathbb{Z}/p^k\mathbb{Z}.$$

In particular, $G$ is a cyclic group of order $p^k$ (the trivial group when $k=0$).

**Step 2: Compute the endomorphism ring.**

A cyclic group $C = \langle g \rangle$ of order $p^k$ has endomorphisms completely determined by the image of the generator $g$. Specifically, for any $a \in C$, the map $\sigma_a: g \mapsto a$ extends uniquely to an endomorphism of $C$, and every endomorphism arises this way. Indeed, writing $a = m g$ for $m \in \{0, 1, \dots, p^k-1\}$, the map $\sigma_a$ is $x \mapsto mx$, which is well-defined mod $p^k$.

The correspondence $a \mapsto \sigma_a$ gives a bijection $C \to \operatorname{End}(C)$. Moreover this bijection is a ring isomorphism:

- **Addition:** $\sigma_a + \sigma_b$ sends $g \mapsto a + b$, so $\sigma_a + \sigma_b = \sigma_{a+b}$.
- **Multiplication (composition):** $\sigma_a \circ \sigma_b$ sends $g \mapsto \sigma_a(b)$. Writing $b = mg$, we get $\sigma_a(b) = m\cdot a$, i.e. $\sigma_a \circ \sigma_b = \sigma_{ab}$.

Thus
$$\operatorname{End}(G) \cong \operatorname{End}(\mathbb{Z}/p^k\mathbb{Z}) \cong \mathbb{Z}/p^k\mathbb{Z}$$

as rings, where the ring structure on the right is the usual quotient ring.

**Conclusion.**

$$\boxed{\operatorname{End}\bigl((p^{-k}\mathbb{Z}_p)/\mathbb{Z}_p\bigr) \cong \mathbb{Z}/p^k\mathbb{Z}.}$$

For $k = 0$ this gives the zero ring (endomorphism ring of the trivial group), consistent with $\mathbb{Z}/p^0\mathbb{Z} = \mathbb{Z}/1\mathbb{Z} = 0$.

### PROOF COMPLETE
DEVIN_CLI_EXITED code=0
