## Answer Leak Self-Check

I scanned the problem text for any leaked answers, solution sketches, formalization notes, or embedded official solutions. None found — the text contains only the problem statement and procedural constraints. Proceeding to solve.

## Solution

We seek a (differentiable) function $F$ satisfying

$$1 - F(x) = F(F'(x)) \quad \text{for all } x. \tag{$\star$}$$

### Step 1. A candidate via the linear ansatz

Try $F(x) = ax + b$. Then $F'(x) = a$ (constant), so

$$F(F'(x)) = F(a) = a^{2} + b, \qquad 1 - F(x) = 1 - ax - b.$$

Equating coefficients in ($\star$):

- coefficient of $x$: $\;-a = 0 \;\Longrightarrow\; a = 0$;
- constant term: $\;1 - b = a^{2}+b = b \;\Longrightarrow\; b = \tfrac12$.

So $F(x) = \tfrac12$ is a candidate.

### Step 2. Verification

For $F(x) \equiv \tfrac12$: $F'(x) \equiv 0$, hence

$$F(F'(x)) = F(0) = \tfrac12, \qquad 1 - F(x) = 1 - \tfrac12 = \tfrac12.$$

Both sides equal $\tfrac12$ for every $x$. ✓ So $F(x)=\tfrac12$ satisfies ($\star$).

### Step 3. Uniqueness (among polynomials, and locally among analytic functions)

Let $F$ be any polynomial solution, $F(x)=\sum_{k=0}^{n} a_k x^k$ with $a_n\neq 0$, $n\ge 0$.

**Degree comparison.** $F'(x)$ has degree $n-1$ (for $n\ge 1$; for $n=0$ it is $0$). Hence $F(F'(x))$ has degree $n(n-1)$, while $1-F(x)$ has degree $n$. Equality forces

$$n = n(n-1) \;\Longrightarrow\; n(n-2)=0 \;\Longrightarrow\; n\in\{0,2\}.$$

**Case $n=2$:** write $F(x)=ax^{2}+bx+c$ with $a\neq 0$. Then $F'(x)=2ax+b$ and

$$F(F'(x)) = a(2ax+b)^{2}+b(2ax+b)+c = 4a^{3}x^{2} + (4a^{2}b+2ab)x + (ab^{2}+b^{2}+c).$$

Equating the $x^{2}$-coefficient with $1-F(x) = 1-ax^{2}-bx-c$:

$$-a = 4a^{3} \;\Longrightarrow\; a(4a^{2}+1)=0 \;\Longrightarrow\; a=0,$$

contradicting $a\neq 0$. So $n=2$ is impossible.

**Case $n=0$:** $F$ is constant, $F(x)\equiv c$. Then $F'(x)\equiv 0$ and ($\star$) gives $1-c = F(0) = c$, i.e. $c=\tfrac12$.

Hence **the only polynomial solution is $F(x)=\tfrac12$**.

**Local uniqueness among analytic functions.** Write $F(x)=\tfrac12 + g(x)$ with $g$ analytic. Then ($\star$) becomes

$$-g(x) = g\!\bigl(g'(x)\bigr). \tag{$\star\star$}$$

Let $g(x)=\sum_{k\ge 1} c_k x^k$ and let $m\ge 1$ be the smallest index with $c_m\neq 0$ (so $g(x)\sim c_m x^m$ near $0$, $g'(x)\sim m c_m x^{m-1}$). The right-hand side $g(g'(x))\sim c_m (g'(x))^{m} \sim c_m (m c_m)^{m} x^{m(m-1)}$, whose leading exponent is $m(m-1)$. The left-hand side $-g(x)$ has leading exponent $m$. Equality of leading exponents forces $m = m(m-1)$, i.e. $m\in\{0,2\}$; since $m\ge 1$ we get $m=2$. But then comparing leading coefficients: $-c_2 = c_2(2c_2)^{2} = 4c_2^{3}$, giving $c_2(4c_2^{2}+1)=0$, so $c_2=0$ — contradicting the choice of $m$. Hence no such $m$ exists, i.e. $g\equiv 0$ in a neighborhood of $0$, and by analyticity $g\equiv 0$ everywhere.

Therefore the analytic solution is unique: $F(x)=\tfrac12$.

### Conclusion

$$\boxed{\,F(x) = \tfrac12\,}$$

is the (unique polynomial / analytic) solution of $1 - F(x) = F(F'(x))$.

### PROOF COMPLETE
DEVIN_CLI_EXITED code=0
