```xml
<audit>
  <analysis_result_key>2270415</analysis_result_key>
  <problem_id>oda_math_460k_00055879</problem_id>
  <audit_status>PASS_SELECTABLE</audit_status>
  <check_results>
    <A1>PASS: dimension1_verdict is DIRECTION_ERROR, a valid value.</A1>
    <A2>PASS: dimension1_explanation is non-empty and well over 50 characters.</A2>
    <A3>PASS: dimension2_turning_point_type is "other", a valid value, and required since d1=DIRECTION_ERROR.</A3>
    <A4>PASS: dimension2_explanation is non-empty and well over 50 characters.</A4>
    <A5>PASS: ai_direction_summary is non-empty and describes the AI's actual direction.</A5>
    <A6>PASS: standard_solution_key_technique is non-empty and specifies the technique.</A6>
    <B1>PASS: No XML tag leaks found in either explanation.</B1>
    <B2>PASS: No template placeholder leaks found in either explanation.</B2>
    <B3>PASS: Both explanations are well over 50 characters.</B3>
    <C1>PASS: d1=DIRECTION_ERROR and d2 has a value, consistent with the rule.</C1>
    <C2>PASS: d1_exp describes the AI going in a fundamentally wrong direction (partition lattice vs trigonometry), matching the DIRECTION_ERROR label.</C2>
    <C3>PASS: d2=other and d2_exp explains that none of the listed number-theoretic categories apply to this elementary trigonometry problem, semantically consistent with "other".</C3>
    <D1>PASS: d1_exp is over 100 characters and contains action verbs ("went", "engaged", "analyzes").</D1>
    <D2>PASS: d2_exp is over 100 characters and contains mathematical terms (sine addition formula, Pythagorean identity, sin²θ + cos²θ = 1).</D2>
    <D3>PASS: ai_direction_summary describes the specific wrong direction (counting maximal/modular maximal chains in partition lattice Π_n), not just "the AI failed".</D3>
    <D4>PASS: standard_solution_key_technique specifies the sine addition formula combined with the Pythagorean identity, not a generic "clever method".</D4>
    <E1>UNKNOWN — check via script</E1>
  </check_results>
  <issues_found>none</issues_found>
</audit>
```

### AUDIT COMPLETE
DEVIN_CLI_EXITED code=0
