```xml
<audit>
  <analysis_result_key>2273290</analysis_result_key>
  <problem_id>polymath_01064</problem_id>
  <audit_status>PASS_SELECTABLE</audit_status>
  <check_results>
    <A1>PASS: dimension1_verdict is PARTIAL_PROGRESS, a valid value.</A1>
    <A2>PASS: dimension1_explanation is non-empty and well over 50 characters.</A2>
    <A3>PASS: dimension2_turning_point_type is p_adic_valuation, a valid enum value.</A3>
    <A4>PASS: dimension2_explanation is non-empty and well over 50 characters.</A4>
    <A5>PASS: ai_direction_summary is non-empty and substantive.</A5>
    <A6>PASS: standard_solution_key_technique is non-empty and substantive.</A6>
    <B1>PASS: No XML tag leaks in either explanation.</B1>
    <B2>PASS: No template placeholder leaks in either explanation.</B2>
    <B3>PASS: Both explanations far exceed 50 characters.</B3>
    <C1>PASS: d1=PARTIAL_PROGRESS and d2 has a value, consistent.</C1>
    <C2>PASS: d1_exp describes partial progress with a critical mathematical error (false convexity claim), matching the PARTIAL_PROGRESS label.</C2>
    <C3>PASS: d2_exp describes v_{2017} p-adic valuation analysis, matching the p_adic_valuation label.</C3>
    <D1>PASS: d1_exp exceeds 100 characters and contains action verbs ("identified", "claiming", "led").</D1>
    <D2>PASS: d2_exp exceeds 100 characters and contains mathematical terms (p-adic valuation, v_{2017}, convexity, threshold).</D2>
    <D3>PASS: ai_direction_summary describes the actual direction taken (p-adic valuation + convexity/Schur-convexity argument), not just "the AI failed".</D3>
    <D4>PASS: standard_solution_key_technique describes the specific technique (v_{2017} worst case at one variable barely exceeding 2017, n=6052 threshold).</D4>
    <E1>UNKNOWN — check via script</E1>
  </check_results>
  <issues_found>none</issues_found>
</audit>
```

### AUDIT COMPLETE
DEVIN_CLI_EXITED code=0
