I'll solve this directly in the TUI as instructed.

---

## Solution

### Step 1: Identify the equation type and solve

The equation $x^2 y'' + xy' + \lambda y = 0$ is a Cauchy–Euler equation. Trying $y = x^m$ gives the indicial equation
$$m(m-1) + m + \lambda = 0 \;\Longrightarrow\; m^2 + \lambda = 0 \;\Longrightarrow\; m = \pm\sqrt{-\lambda}.$$

For nontrivial solutions satisfying both boundary conditions we need $\lambda > 0$. Setting $\mu = \sqrt{\lambda}$, the general solution is
$$y(x) = A\cos(\mu\ln x) + B\sin(\mu\ln x).$$

**Boundary condition $y(1)=0$:** Since $\ln 1 = 0$, we get $A = 0$, so $y(x) = B\sin(\mu\ln x)$.

**Boundary condition $y(b)=0$:** $\sin(\mu\ln b) = 0 \;\Longrightarrow\; \mu\ln b = n\pi$, $n = 1,2,3,\dots$

Hence the eigenvalues and eigenfunctions are
$$\lambda_n = \frac{n^2\pi^2}{(\ln b)^2}, \qquad y_n(x) = \sin\!\left(\frac{n\pi\ln x}{\ln b}\right), \qquad n = 1,2,3,\dots$$

### Step 2: Put the equation in Sturm–Liouville form

The standard Sturm–Liouville form is
$$(p(x)\,y')' + \bigl[\lambda\, w(x) - q(x)\bigr]y = 0.$$

Dividing the original equation $x^2 y'' + xy' + \lambda y = 0$ by $x$ (valid since $x \in [1,b]$ with $b>1$, so $x>0$):
$$x\,y'' + y' + \frac{\lambda}{x}\,y = 0.$$

Recognizing $x\,y'' + y' = (xy')'$, this becomes
$$(x\,y')' + \frac{\lambda}{x}\,y = 0.$$

Comparing with the Sturm–Liouville template:
$$p(x) = x, \qquad q(x) = 0, \qquad w(x) = \frac{1}{x}.$$

**The weight function is $w(x) = \dfrac{1}{x}$.**

### Step 3: Verify orthogonality by direct integration

We must show that for $m \neq n$,
$$\int_1^b y_m(x)\,y_n(x)\,w(x)\,dx = \int_1^b \sin\!\left(\frac{m\pi\ln x}{\ln b}\right)\sin\!\left(\frac{n\pi\ln x}{\ln b}\right)\frac{dx}{x} = 0.$$

**Substitution:** Let $t = \ln x$, so $dt = \dfrac{dx}{x}$. The limits become $t = 0$ (when $x=1$) and $t = \ln b$ (when $x=b$). The integral transforms to
$$\int_0^{\ln b} \sin\!\left(\frac{m\pi\, t}{\ln b}\right)\sin\!\left(\frac{n\pi\, t}{\ln b}\right)dt.$$

**Second substitution:** Let $u = \dfrac{t}{\ln b}$, so $dt = (\ln b)\,du$. The limits become $u = 0$ to $u = 1$:
$$= (\ln b)\int_0^1 \sin(m\pi u)\,\sin(n\pi u)\,du.$$

**Evaluating the standard integral:** Using the product-to-sum identity,
$$\sin(m\pi u)\sin(n\pi u) = \tfrac{1}{2}\bigl[\cos((m-n)\pi u) - \cos((m+n)\pi u)\bigr].$$

For $m \neq n$ (both positive integers), both $m-n$ and $m+n$ are nonzero integers, so
$$\int_0^1 \cos((m-n)\pi u)\,du = \frac{\sin((m-n)\pi u)}{(m-n)\pi}\Big|_0^1 = \frac{\sin((m-n)\pi)}{(m-n)\pi} = 0,$$
and similarly $\displaystyle\int_0^1 \cos((m+n)\pi u)\,du = 0.$

Therefore
$$\int_0^1 \sin(m\pi u)\,\sin(n\pi u)\,du = 0 \quad (m \neq n),$$

and consequently
$$\boxed{\int_1^b y_m(x)\,y_n(x)\,\frac{1}{x}\,dx = 0 \quad \text{for } m \neq n.}$$

For completeness, when $m = n$:
$$\int_1^b y_n^2(x)\,\frac{dx}{x} = (\ln b)\int_0^1 \sin^2(n\pi u)\,du = (\ln b)\cdot\frac{1}{2} = \frac{\ln b}{2},$$
confirming the eigenfunctions are nonzero and the orthogonality is nontrivial.

### Conclusion

The eigenfunctions $y_n(x) = \sin\!\left(\dfrac{n\pi\ln x}{\ln b}\right)$ of the Cauchy–Euler equation $x^2 y'' + xy' + \lambda y = 0$ with boundary conditions $y(1)=0$, $y(b)=0$ are orthogonal on $[1,b]$ with respect to the **weight function**

$$w(x) = \frac{1}{x},$$

as verified by direct integration using the substitution $t = \ln x$, which reduces the weighted inner product to the classical orthogonality of sine functions on $[0, \ln b]$.

### PROOF COMPLETE
DEVIN_CLI_EXITED code=0
