## 答案泄露自检

我已检查题目文本，未发现泄露的答案、解答草图或形式化注释。题目仅包含不等式陈述和符号定义。继续进行解答。

## 证明

该不等式对于所有 $a > 1$ **均成立**。我们分三步进行证明。

**第 1 步：计算 RHS。**

利用分部积分法（$u = \log x$, $dv = x^{-2}dx$），可得
$$\int_a^\infty \frac{\log x}{x^2}\,dx = \left[-\frac{\log x}{x}\right]_a^\infty + \int_a^\infty \frac{1}{x^2}\,dx = \frac{\log a}{a} + \frac{1}{a} = \frac{\log a + 1}{a}.$$
因此
$$\text{RHS} = \frac{2(\log a + 1)}{a}.$$

**第 2 步：通过计算 $\int_a^\infty \frac{|1-\log x|}{x^2}\,dx$ 来界定 LHS。**

由于 $0 \le \{x\} < 1$，我们有
$$\left|\int_a^\infty \{x\}\frac{1-\log x}{x^2}\,dx\right| \le \int_a^\infty \frac{|1-\log x|}{x^2}\,dx.$$

首先注意到
$$\int \frac{1-\log x}{x^2}\,dx = -\frac{\log x}{x} + C, \qquad \int \frac{\log x - 1}{x^2}\,dx = -\frac{\log x}{x} + C,$$
因为 $\frac{d}{dx}\!\left(-\frac{\log x}{x}\right) = \frac{\log x - 1}{x^2}$.

*情况 $a \ge e$：* 此时对于所有 $x \ge a$，有 $1 - \log x \le 0$，因此 $|1-\log x| = \log x - 1$，且
$$\int_a^\infty \frac{|1-\log x|}{x^2}\,dx = \int_a^\infty \frac{\log x - 1}{x^2}\,dx = \left[-\frac{\log x}{x}\right]_a^\infty = \frac{\log a}{a}.$$

*情况 $1 < a < e$：* 在 $x = e$ 处拆分，其中 $1-\log x$ 在 $[a,e]$ 上非负，在 $[e,\infty)$ 上非正：
$$\int_a^\infty \frac{|1-\log x|}{x^2}\,dx = \int_a^e \frac{1-\log x}{x^2}\,dx + \int_e^\infty \frac{\log x - 1}{x^2}\,dx = \left[-\frac{\log x}{x}\right]_a^e + \left[-\frac{\log x}{x}\right]_e^\infty$$
$$= \left(-\frac{1}{e} + \frac{\log a}{a}\right) + \frac{1}{e} = \frac{\log a}{a}.$$

在两种情况下，结果均为 $\dfrac{\log a}{a}$。因此
$$\text{LHS} \le \frac{\log a}{a}.$$

**第 3 步：比较两边。**

我们需要验证 $\dfrac{\log a}{a} \le \dfrac{2(\log a + 1)}{a}$，这等价于（因为 $a > 0$）：
$$\log a \le 2\log a + 2 \iff -\log a \le 2 \iff \log a \ge -2.$$
对于 $a > 1$，有 $\log a > 0 \ge -2$，因此该结论成立。

**结论。** 结合上述各步，
$$\left| \int_{a}^{\infty} \{x\} \frac{1 - \log x}{x^2}\, dx \right| \le \frac{\log a}{a} \le \frac{2(\log a + 1)}{a} = 2\int_{a}^{\infty} \frac{\log x}{x^2}\,dx,$$
因此对于所有 $a > 1$，该不等式成立。$\blacksquare$

### PROOF COMPLETE
DEVIN_CLI_EXITED code=0
