I'll solve this directly using the Lindemann–Weierstrass theorem.

## Proof

We show that $z = 1$ is a real number for which $\sin 1$ is transcendental.

**The Lindemann–Weierstrass theorem** states: if $\alpha_1, \alpha_2, \dots, \alpha_n$ are distinct algebraic numbers, then $e^{\alpha_1}, e^{\alpha_2}, \dots, e^{\alpha_n}$ are linearly independent over the field of algebraic numbers.

**Suppose for contradiction** that $\sin 1$ is algebraic.

Recall the identity
$$\sin z = \frac{e^{iz} - e^{-iz}}{2i},$$
so with $z = 1$:
$$e^{i} - e^{-i} = 2i\sin 1.$$

Since $i$ is algebraic and $\sin 1$ is (by assumption) algebraic, the quantity $A := 2i\sin 1$ is algebraic. Thus
$$e^{i} - e^{-i} - A = 0.$$

Rewrite this as a linear combination of exponentials with algebraic exponents:
$$1\cdot e^{i} + (-1)\cdot e^{-i} + (-A)\cdot e^{0} = 0.$$

Now consider the three distinct algebraic numbers
$$\alpha_1 = i,\qquad \alpha_2 = -i,\qquad \alpha_3 = 0.$$

They are distinct (since $i \neq -i \neq 0 \neq i$) and all algebraic. The coefficients
$$c_1 = 1,\qquad c_2 = -1,\qquad c_3 = -A = -2i\sin 1$$
are all algebraic (using that $i$ and $\sin 1$ are algebraic, and algebraic numbers form a field).

By the Lindemann–Weierstrass theorem, $e^{i}, e^{-i}, e^{0}$ are linearly independent over the algebraic numbers. Therefore the relation
$$c_1 e^{i} + c_2 e^{-i} + c_3 e^{0} = 0$$
forces $c_1 = c_2 = c_3 = 0$.

But $c_1 = 1 \neq 0$. **Contradiction.**

Therefore our assumption that $\sin 1$ is algebraic must be false. Hence $\sin 1$ is transcendental.

Taking $z = 1$ (a real number), we have exhibited a real $z$ such that $\sin z$ is transcendental. $\blacksquare$

### PROOF COMPLETE
DEVIN_CLI_EXITED code=0
