Looking at this problem, I need to evaluate:
$$\lim_{n\to\infty} e^n\left(n - ne\sqrt[n]{\ln(1+e^n)-n}\right)$$

**Answer leak check:** The problem statement contains only the problem — no solutions, hints, or formalization notes. Proceeding.

---

## Substitution

Let $x = e^n$, so $n = \ln x$ and $x \to \infty$ as $n\to\infty$. The expression becomes:

$$x\ln x\left(1 - e\cdot\bigl[\ln(1+x)-\ln x\bigr]^{1/\ln x}\right) = x\ln x\left(1 - e\cdot\bigl[\ln(1+\tfrac{1}{x})\bigr]^{1/\ln x}\right).$$

Now set $t = 1/x \to 0^+$, so $\ln x = -\ln t$. The limit becomes:

$$L = \frac{-\ln t}{t}\left(1 - e\cdot\bigl[\ln(1+t)\bigr]^{-1/\ln t}\right).$$

## Asymptotic expansion of $\bigl[\ln(1+t)\bigr]^{-1/\ln t}$

Write $\ln(1+t) = t\left(1 - \tfrac{t}{2} + \tfrac{t^2}{3} - \cdots\right)$, so

$$\ln\bigl(\ln(1+t)\bigr) = \ln t + \ln\!\left(1 - \tfrac{t}{2} + \tfrac{t^2}{3} - \cdots\right).$$

Expanding the second logarithm with $u = -t/2 + t^2/3 - \cdots$:

$$\ln(1+u) = u - \tfrac{u^2}{2} + \cdots = -\tfrac{t}{2} + \tfrac{t^2}{3} - \tfrac{t^2}{8} + O(t^3) = -\tfrac{t}{2} + \tfrac{5t^2}{24} + O(t^3).$$

Therefore:

$$\ln\bigl(\ln(1+t)\bigr) = \ln t - \tfrac{t}{2} + \tfrac{5t^2}{24} + O(t^3).$$

Multiplying by $\frac{-1}{\ln t}$:

$$\frac{-1}{\ln t}\,\ln\bigl(\ln(1+t)\bigr) = -1 + \frac{t}{2\ln t} - \frac{5t^2}{24\ln t} + O\!\left(\frac{t^3}{\ln t}\right).$$

Exponentiating:

$$\bigl[\ln(1+t)\bigr]^{-1/\ln t} = e^{-1}\exp\!\left(\frac{t}{2\ln t} - \frac{5t^2}{24\ln t} + O\!\left(\frac{t^3}{\ln t}\right)\right)$$

$$= e^{-1}\left(1 + \frac{t}{2\ln t} + \frac{t^2}{8(\ln t)^2} - \frac{5t^2}{24\ln t} + O\!\left(\frac{t^2}{(\ln t)^3}\right) + O\!\left(\frac{t^3}{\ln t}\right)\right).$$

## Forming the difference

$$e\cdot\bigl[\ln(1+t)\bigr]^{-1/\ln t} = 1 + \frac{t}{2\ln t} + \frac{t^2}{8(\ln t)^2} - \frac{5t^2}{24\ln t} + \cdots$$

$$1 - e\cdot\bigl[\ln(1+t)\bigr]^{-1/\ln t} = -\frac{t}{2\ln t} - \frac{t^2}{8(\ln t)^2} + \frac{5t^2}{24\ln t} + \cdots$$

## Final multiplication

$$L = \frac{-\ln t}{t}\left(-\frac{t}{2\ln t} - \frac{t^2}{8(\ln t)^2} + \frac{5t^2}{24\ln t} + \cdots\right)$$

Term by term:

- **Leading term:** $\displaystyle\frac{-\ln t}{t}\cdot\left(-\frac{t}{2\ln t}\right) = \frac{1}{2}.$

- **Second term:** $\displaystyle\frac{-\ln t}{t}\cdot\left(-\frac{t^2}{8(\ln t)^2}\right) = \frac{t}{8\ln t} \to 0.$

- **Third term:** $\displaystyle\frac{-\ln t}{t}\cdot\frac{5t^2}{24\ln t} = -\frac{5t}{24} \to 0.$

- **All remaining terms** are $O\!\left(\frac{t}{(\ln t)^2}\right)$ or smaller, all vanishing as $t\to 0^+$.

## Conclusion

$$L = \frac{1}{2} + 0 + 0 + \cdots = \frac{1}{2}.$$

$$\boxed{\lim_{n\to\infty} e^n\left(n - ne\sqrt[n]{\ln(1+e^n)-n}\right) = \frac{1}{2}}$$

### PROOF COMPLETE
DEVIN_CLI_EXITED code=0
