## Solution

**Step 1: Factor the operator.**

The PDE is $u_{xx} - 4u_{xy} + 4u_{yy} = 0$, which factors as
$$\left(\partial_x - 2\partial_y\right)^2 u = 0.$$

**Step 2: Find characteristics and the general solution.**

The operator $L = \partial_x - 2\partial_y$ has characteristics satisfying $\dfrac{dy}{dx} = -2$, so the first integral is
$$\xi = y + 2x = \text{const.}$$
Since $Lx = 1$, the variable $x$ serves as the parameter along each characteristic. The general solution of $L^2 u = 0$ is therefore
$$u(x,y) = f(y+2x) + x\,g(y+2x),$$
for arbitrary $C^2$ functions $f, g$.

**Verification of the general form.** With $s = y+2x$:
- $u_x = 2f'(s) + g(s) + 2xg'(s)$,
- $u_{xx} = 4f''(s) + 4g'(s) + 4xg''(s)$,
- $u_{xy} = 2f''(s) + g'(s) + 2xg''(s)$,
- $u_{yy} = f''(s) + xg''(s)$.

Then $u_{xx} - 4u_{xy} + 4u_{yy} = (4-8+4)f'' + (4-4)g' + (4-8+4)xg'' = 0$. ✓

**Step 3: Apply the initial conditions at $x = 0$.**

From $u(0,y) = y^2$:
$$f(y) + 0\cdot g(y) = y^2 \;\Longrightarrow\; f(s) = s^2.$$

From $u_x(0,y) = 1 - 3y$:
$$u_x(0,y) = 2f'(y) + g(y) = 4y + g(y) = 1 - 3y,$$
$$g(y) = 1 - 7y, \quad\text{i.e.,}\quad g(s) = 1 - 7s.$$

**Step 4: Write the solution.**

$$u(x,y) = (y+2x)^2 + x\bigl(1 - 7(y+2x)\bigr).$$

Expanding:
$$u(x,y) = y^2 + 4xy + 4x^2 + x - 7xy - 14x^2 = y^2 - 3xy - 10x^2 + x.$$

**Step 5: Verify all conditions.**

- $u(0,y) = y^2$ ✓
- $u_x = -3y - 20x + 1$, so $u_x(0,y) = 1 - 3y$ ✓
- $u_{xx} = -20$, $u_{xy} = -3$, $u_{yy} = 2$; $u_{xx} - 4u_{xy} + 4u_{yy} = -20 + 12 + 8 = 0$ ✓

**Answer:**
$$\boxed{u(x,y) = (y+2x)^2 + x\bigl(1 - 7(y+2x)\bigr) = y^2 - 3xy - 10x^2 + x.}$$

### PROOF COMPLETE
DEVIN_CLI_EXITED code=0
