Error: Agent error: Permission denied: Permission denied: Reached overall message rate limit. Please try again later. Your limit will reset in 21 minutes. (trace ID: 4f29c4905a3eef8d4938e43cfffa88c9): {
  "cognition.ai/errorKind": "internal",
  "cognition.ai/retryable": true
}
DEVIN_CLI_EXITED code=1
```xml
<audit>
  <analysis_result_key>2271414</analysis_result_key>
  <problem_id>deepmath_103k_00021982</problem_id>
  <audit_status>PASS_SELECTABLE</audit_status>
  <check_results>
    <A1>PASS: dimension1_verdict is "DIRECTION_ERROR", which is a valid value.</A1>
    <A2>PASS: dimension1_explanation is non-empty and well over 50 characters.</A2>
    <A3>PASS: dimension2_turning_point_type is "other", which is a valid value.</A3>
    <A4>PASS: dimension2_explanation is non-empty and well over 50 characters.</A4>
    <A5>PASS: ai_direction_summary is non-empty.</A5>
    <A6>PASS: standard_solution_key_technique is non-empty.</A6>
    <B1>PASS: No XML tag leaks found in either explanation.</B1>
    <B2>PASS: No template placeholder leaks found.</B2>
    <B3>PASS: Both explanations are well over 50 characters.</B3>
    <C1>PASS: d1=DIRECTION_ERROR and d2 has a value, consistent.</C1>
    <C2>PASS: d1_exp describes a wrong direction (ring theory instead of recurrence), matching DIRECTION_ERROR label.</C2>
    <C3>PASS: d2_exp describes recurrence/asymptotic analysis which doesn't fit modular-arithmetic categories, matching "other" label.</C3>
    <D1>PASS: Length >= 100 and contains action verbs "addresses", "engagement".</D1>
    <D2>PASS: Length >= 100 and contains mathematical terms (recursion-tree, differential-equation, substitution-method, exponential bound).</D2>
    <D3>PASS: Describes the AI's actual direction (ring theory, Z + xQ[x], p-adic integers, etc.).</D3>
    <D4>PASS: Describes specific technique (recursion-tree analysis, substitution method, O(2^n) bound).</D4>
    <E1>UNKNOWN — check via script</E1>
  </check_results>
  <issues_found>none</issues_found>
</audit>
```

### AUDIT COMPLETE
DEVIN_CLI_EXITED code=0
