Looking at this problem, I need to find the maximum number of files (out of 2019) with prime sizes, given that for any 100 files selected, their product divides the product of the remaining 1919 files.

## Answer Leak Check

I reviewed the problem text — it contains no leaked answers, solution sketches, or formalization notes. Proceeding to solve.

## Solution

**Setup.** Let the 2019 file sizes be distinct positive integers $a_1, \dots, a_{2019}$. The condition states: for every subset $T$ of size 100, $\prod_{i \in T} a_i \mid \prod_{j \notin T} a_j$.

**Prime-wise reduction.** For each prime $p$, let $v_i = v_p(a_i)$. The divisibility condition for every 100-subset $T$ is equivalent to: for every prime $p$,
$$\sum_{i \in T} v_i \le \sum_{j \notin T} v_j \quad \text{for all } T, |T|=100.$$
Setting $V = \sum_{i=1}^{2019} v_i$, this becomes $\sum_{i\in T} v_i \le V/2$ for all 100-subsets $T$. The binding constraint is the **worst-case** $T$ (the 100 largest valuations), so the condition is:

$$\text{(sum of 100 largest } v_p\text{-valuations)} \le \frac{V_p}{2}. \quad (\star)$$

**Key lemma.** If a prime $p$ appears with valuation 1 in exactly $n_p$ files (and 0 elsewhere), then $(\star)$ requires:
- If $n_p \le 100$: $\min(n_p,100) = n_p \le n_p/2$, impossible for $n_p \ge 1$.
- If $n_p > 100$: $100 \le n_p/2$, so $n_p \ge 200$.

**Upper bound: $k \le 1819$.** Suppose $k$ files have prime sizes $q_1, \dots, q_k$ (distinct primes). For each $q_i$, the prime file contributes $v_{q_i}=1$, and the other $k-1$ prime files contribute $0$. So $q_i$ must appear in enough of the $2019-k$ composite files.

For $k = 1820$: there are $199$ composite files. For any prime $q_i$, the 2019 valuations consist of 1819 zeros (other prime files) and 200 values from $\{1\} \cup \{v_{q_i}(\text{composite}_j)\}$. 

**Claim:** all 200 of these values must be positive. If only $t < 200$ are positive, the top 100 includes $100 - t$ zeros, giving top-100 sum = (sum of $t$ positive values), while $V = $ (same sum), requiring sum $\le$ sum/2 — impossible. If $t = 200$, the top 100 are the 100 largest and the bottom 100 are the 100 smallest among 200 positive values. Condition $(\star)$ forces:

$$\text{(100 largest)} \le \text{(100 smallest)}.$$

Since the 100 largest $\ge$ the 100 smallest, equality holds, so **all 200 values are equal**. Since one value is 1 (the prime file), all are 1. This must hold for **every** prime $q_i$, so every composite file has $v_{q_i} = 1$ for all $i = 1,\dots,1820$. All 199 composite files equal $\prod_{i=1}^{1820} q_i$ — **not distinct**. Contradiction.

Moreover, no new prime $r$ can be introduced: it would appear in at most 199 composite files ($< 200$), violating the lemma. So $k = 1820$ is impossible.

**Construction for $k = 1819$.** Take 1819 distinct primes $q_1, \dots, q_{1819}$. The 1819 prime files have sizes $q_1, \dots, q_{1819}$. The 200 composite files have sizes $\prod_{i=1}^{1819} q_i^{e_{j,i}}$ where each exponent vector $(e_{j,1}, \dots, e_{j,1819}) \in \{1,2\}^{1819}$ has **at most one** coordinate equal to 2 (the rest 1). There are $1 + 1819 = 1820$ such vectors; choose any 200. This ensures:
- All file sizes are distinct (distinct primes give distinct products; composites exceed any single prime). ✓
- Each prime $q_i$ is boosted (valuation 2) in at most 1 composite file: $m_i \in \{0, 1\}$.

**Verification of $(\star)$:**

*Case $m_i = 1$:* Valuations are one 2, 200 ones (199 composites + prime file), 1818 zeros.  
$V = 2 + 200 = 202$. Top 100 = $2 + 99 \cdot 1 = 101$. Check: $101 \le 202/2 = 101$. ✓

*Case $m_i = 0$:* Valuations are 201 ones (200 composites + prime file), 1818 zeros.  
$V = 201$. Top 100 = $100$. Check: $100 \le 201/2 = 100.5$. ✓

No new primes are introduced (composites use only $q_1, \dots, q_{1819}$), so no additional constraints arise.

**Conclusion.** The maximum number of files with prime sizes is:

$$\boxed{1819}$$

### PROOF COMPLETE
DEVIN_CLI_EXITED code=0
