Looking at this problem, I need to determine whether the conformally flat, rotationally symmetric metric $\frac{dx^2+dy^2}{g(r)^2}$ can be put into the form $du^2 + f(u,v)\,dv^2$.

**Answer: Yes, it is always possible** (assuming $g$ is smooth and nonzero on the domain).

**Proof.**

**Step 1: Convert to polar coordinates.** Set $x = r\cos\theta$, $y = r\sin\theta$, so $dx^2 + dy^2 = dr^2 + r^2\,d\theta^2$. The metric becomes
$$ds^2 = \frac{dr^2 + r^2\,d\theta^2}{g(r)^2} = \frac{dr^2}{g(r)^2} + \frac{r^2}{g(r)^2}\,d\theta^2.$$
This is already diagonal, with both coefficients depending only on $r$ (rotational symmetry).

**Step 2: Reparametrize the radial coordinate.** Define a new coordinate
$$u = \int_{r_0}^{r} \frac{dt}{g(t)},$$
so that $du = \frac{dr}{g(r)}$, and hence $\frac{dr^2}{g(r)^2} = du^2.$

Since $g$ is smooth and nonzero, $u(r)$ is a strictly monotone function of $r$, hence locally invertible. Write $r = r(u)$ for the inverse function.

**Step 3: Set the angular coordinate.** Let $v = \theta$. Then $d\theta^2 = dv^2$.

**Step 4: Express the metric in $(u,v)$.** Substituting:
$$ds^2 = du^2 + \frac{r(u)^2}{g(r(u))^2}\,dv^2.$$

Since $r$ is now a function of $u$ alone, the coefficient $\frac{r(u)^2}{g(r(u))^2}$ depends only on $u$. Setting
$$f(u,v) = \frac{r(u)^2}{g(r(u))^2}$$
gives a function of $(u,v)$ (which happens to be independent of $v$). Thus:
$$ds^2 = du^2 + f(u,v)\,dv^2.$$

**Step 5: Verify the change of variables is valid.** The map $(x,y) \mapsto (u,v)$ is a composition of the polar coordinate map $(x,y)\mapsto(r,\theta)$ (a local diffeomorphism away from the origin) and the map $(r,\theta)\mapsto(u(r),\theta)$. The latter is a local diffeomorphism because $du/dr = 1/g(r) \neq 0$. Therefore $(u,v)$ are valid local coordinates wherever $g(r)\neq 0$ and $r>0$.

**Conclusion.** For any smooth, nonzero function $g$, the metric $\frac{dx^2+dy^2}{g(r)^2}$ can always be transformed into the form $du^2 + f(u,v)\,dv^2$ via the change of variables
$$u = \int_{r_0}^{r}\frac{dt}{g(t)}, \qquad v = \arctan\!\left(\frac{y}{x}\right),$$
with $f(u,v) = \frac{r(u)^2}{g(r(u))^2}$, where $r(u)$ is the inverse of $u(r)$. The essential reason is that the rotational symmetry makes the metric diagonal in polar coordinates, and the radial reparametrization $u = \int dr/g(r)$ normalizes the $du^2$ coefficient to unity. $\blacksquare$

### PROOF COMPLETE
DEVIN_CLI_EXITED code=0
