We prove that under the given hypotheses, $x_1x_2\cdots x_{n+1}-1$ is divisible by an odd prime.

**Setup.** Let $d=m-n>0$. Since
$$x_k=\frac{m+k}{n+k}=\frac{(n+k)+d}{n+k}=1+\frac{d}{n+k}$$
is an integer, we have $(n+k)\mid d$ for every $k=1,\dots,n+1$. Set $a_k=d/(n+k)\ge 1$ (integer), so $x_k=1+a_k$ and
$$P:=x_1x_2\cdots x_{n+1}=\prod_{k=1}^{n+1}(1+a_k).$$
Let $L=\operatorname{lcm}(n+1,n+2,\dots,2n+1)$. Since every $(n+k)\mid d$, we have $L\mid d$.

---

**Case 1: $P$ is even.** Then $P-1$ is odd. Because $a_k\ge 1$, each $x_k\ge 2$, so $P\ge 2^{n+1}\ge 4$ and $P-1\ge 3$. An odd integer $\ge 3$ has an odd prime divisor. ✓

---

**Case 2: $P$ is odd.** Then every factor $x_k=1+a_k$ is odd, so every $a_k$ is even. Thus $2\mid d/(n+k)$, i.e. $2(n+k)\mid d$ for all $k$, giving $2L\mid d$. Write $d=2Lq$ with $q\ge 1$.

*Sub-case 2a: $q$ has an odd prime factor $p$.* Then $p\mid q\mid d/(2L)$, so $p\mid d/L=2q$. Since $a_k=(d/L)\cdot(L/(n+k))$, we get $p\mid a_k$ for every $k$, hence $x_k\equiv 1\pmod p$ and $P\equiv 1\pmod p$, i.e. $p\mid P-1$. ✓

*Sub-case 2b: $q$ is a power of $2$*, say $q=2^s$ ($s\ge 0$). Then $d=2^{s+1}L$ and
$$a_k=\frac{2^{s+1}L}{n+k}=2^{s+1}e_k,\qquad e_k:=\frac{L}{n+k}\ge 1,$$
so $x_k=1+2^{s+1}e_k$.

**Lemma.** Among $n+1,n+2,\dots,2n+1$, exactly one integer attains the maximum $2$-adic valuation $M:=\max_j v_2(j)$.

*Proof.* Suppose $j_1<j_2$ both have $v_2=M$. Write $j_i=2^M u_i$ with $u_i$ odd. Then $u_2\ge u_1+2$, so $j_2-j_1=2^M(u_2-u_1)\ge 2^{M+1}$. Yet $j_2-j_1\le (2n+1)-(n+1)=n$, giving $2^{M+1}\le n$. But then the interval $[n+1,2n+1]$ (span $n\ge 2^{M+1}$) contains a multiple of $2^{M+1}$, contradicting the maximality of $M$. Hence the maximum is attained uniquely. ∎

Since $v_2(L)=M$, the term $e_k=L/(n+k)$ is odd exactly when $v_2(n+k)=M$. By the lemma this happens for **exactly one** $k$; all other $e_k$ are even. Therefore
$$S:=\sum_{k=1}^{n+1} e_k$$
is odd.

Expanding $P=\prod(1+2^{s+1}e_k)$:
$$P-1 = 2^{s+1}S + 2^{2(s+1)}R$$
for some non-negative integer $R$ (collecting all terms with $\ge 2$ factors). Since $S$ is odd while $2^{2(s+1)}R$ has $2$-adic valuation $\ge 2(s+1)>s+1$,
$$v_2(P-1)=s+1.$$
The odd part of $P-1$ equals
$$\frac{P-1}{2^{s+1}}=S+2^{s+1}R\ge S\ge (n+1)\cdot 1 = n+1\ge 2.$$
Being odd and $\ge 2$, it is $\ge 3$, and therefore has an odd prime divisor. ✓

---

All cases produce an odd prime dividing $P-1=x_1x_2\cdots x_{n+1}-1$. $\blacksquare$

### PROOF COMPLETE
DEVIN_CLI_EXITED code=0
