Error: Agent error: Permission denied: Permission denied: Reached overall message rate limit. Please try again later. Your limit will reset in 50 minutes. (trace ID: 0f801a53c2c3f41273f5a529dc1ffa58): {
  "cognition.ai/errorKind": "internal",
  "cognition.ai/retryable": true
}
DEVIN_CLI_EXITED code=1
Error: Agent error: Permission denied: Permission denied: Reached overall message rate limit. Please try again later. Your limit will reset in 48 minutes. (trace ID: 9458b75d343740f2fcd86faca09060f3): {
  "cognition.ai/errorKind": "internal",
  "cognition.ai/retryable": true
}
DEVIN_CLI_EXITED code=1
Error: Agent error: Permission denied: Permission denied: Reached overall message rate limit. Please try again later. Your limit will reset in 44 minutes. (trace ID: ad8fd785fef392d588fa3ec741d4d9b2): {
  "cognition.ai/errorKind": "internal",
  "cognition.ai/retryable": true
}
DEVIN_CLI_EXITED code=1
Error: Agent error: Permission denied: Permission denied: Reached overall message rate limit. Please try again later. Your limit will reset in 42 minutes. (trace ID: 7f85495bb1e0380810c5d0034785b089): {
  "cognition.ai/errorKind": "internal",
  "cognition.ai/retryable": true
}
DEVIN_CLI_EXITED code=1
Error: Agent error: Permission denied: Permission denied: Reached overall message rate limit. Please try again later. Your limit will reset in 39 minutes. (trace ID: d9a51d90e9b8404a7483ee079a3c9441): {
  "cognition.ai/errorKind": "internal",
  "cognition.ai/retryable": true
}
DEVIN_CLI_EXITED code=1
Error: Agent error: Permission denied: Permission denied: Reached overall message rate limit. Please try again later. Your limit will reset in 36 minutes. (trace ID: 8a17dde651e0fd6eb6e1e24e0d2f6656): {
  "cognition.ai/errorKind": "internal",
  "cognition.ai/retryable": true
}
DEVIN_CLI_EXITED code=1
Error: Agent error: Permission denied: Permission denied: Reached overall message rate limit. Please try again later. Your limit will reset in 32 minutes. (trace ID: dfe768e1a1d03ace13551147c5afffc6): {
  "cognition.ai/errorKind": "internal",
  "cognition.ai/retryable": true
}
DEVIN_CLI_EXITED code=1
Error: Agent error: Permission denied: Permission denied: Reached overall message rate limit. Please try again later. Your limit will reset in 28 minutes. (trace ID: 9c60788969ea927eef77335b330bd78c): {
  "cognition.ai/errorKind": "internal",
  "cognition.ai/retryable": true
}
DEVIN_CLI_EXITED code=1
Error: Agent error: Permission denied: Permission denied: Reached overall message rate limit. Please try again later. Your limit will reset in 26 minutes. (trace ID: 37f8abe95b7fdce09e976dd76bf661d1): {
  "cognition.ai/errorKind": "internal",
  "cognition.ai/retryable": true
}
DEVIN_CLI_EXITED code=1
Error: Agent error: Permission denied: Permission denied: Reached overall message rate limit. Please try again later. Your limit will reset in 23 minutes. (trace ID: 69bc7a7880e8a5236b39792327999e26): {
  "cognition.ai/errorKind": "internal",
  "cognition.ai/retryable": true
}
DEVIN_CLI_EXITED code=1
Error: Agent error: Permission denied: Permission denied: Reached overall message rate limit. Please try again later. Your limit will reset in 20 minutes. (trace ID: 89574bb83120274da38dd73bdad9e5c4): {
  "cognition.ai/errorKind": "internal",
  "cognition.ai/retryable": true
}
DEVIN_CLI_EXITED code=1
Error: Agent error: Permission denied: Permission denied: Reached overall message rate limit. Please try again later. Your limit will reset in 16 minutes. (trace ID: e9aedc8977fb539a76c2a00f05638259): {
  "cognition.ai/errorKind": "internal",
  "cognition.ai/retryable": true
}
DEVIN_CLI_EXITED code=1
Error: Agent error: Permission denied: Permission denied: Reached overall message rate limit. Please try again later. Your limit will reset in 12 minutes. (trace ID: eb748e1ad27ab3dcb507530aa8e0bd19): {
  "cognition.ai/errorKind": "internal",
  "cognition.ai/retryable": true
}
DEVIN_CLI_EXITED code=1
Error: Agent error: Permission denied: Permission denied: Reached overall message rate limit. Please try again later. Your limit will reset in 10 minutes. (trace ID: 139dcf52cfbd5fe9ea36cec792d5b643): {
  "cognition.ai/errorKind": "internal",
  "cognition.ai/retryable": true
}
DEVIN_CLI_EXITED code=1
Error: Agent error: Permission denied: Permission denied: Reached overall message rate limit. Please try again later. Your limit will reset in 7 minutes. (trace ID: b0c229716aef26b7ea5c6575d6844ef2): {
  "cognition.ai/errorKind": "internal",
  "cognition.ai/retryable": true
}
DEVIN_CLI_EXITED code=1
Error: Agent error: Permission denied: Permission denied: Reached overall message rate limit. Please try again later. Your limit will reset in 4 minutes. (trace ID: 9be510cdefc30571556afef2c947fb7e): {
  "cognition.ai/errorKind": "internal",
  "cognition.ai/retryable": true
}
DEVIN_CLI_EXITED code=1
Error: Agent error: Permission denied: Permission denied: Reached overall message rate limit. Please try again later. Your limit will reset in 19 seconds. (trace ID: 69afacc4bd9737de11ec2cb0c0a11c99): {
  "cognition.ai/errorKind": "internal",
  "cognition.ai/retryable": true
}
DEVIN_CLI_EXITED code=1
I've read the full AGENTS.md. The file contains:
- **Problem** (lines 4-8): Find least n with 43^43 | f((43^n-1)/42)
- **Standard Solution** (lines 9-27): Lucas theorem → count 42-digits in base-43 expansion of M² → carry-level block analysis → answer 924
- **AI's Thinking** (lines 28-981, 2035-2050): The AI's attempted solution, cut off mid-sentence at line 2050

Let me analyze the AI's thinking against the standard solution.

The AI's thinking:
1. Uses Lucas/Kummer theorem → f(N) = ∏(aᵢ+1) — **same as standard**
2. Notes M = (43^n-1)/42 = 11...1₄₃ — **same as standard**
3. Computes pre-carry digits cₛ = min(s+1, 2n-1-s) — **same as standard**
4. Key insight: v₄₃(f(M)) = number of base-43 digits of M² equal to 42 — **same as standard**
5. Analyzes carry propagation through ascending/descending parts in detail
6. Derives total 42-digits = 2Q+1 (if n≡0 mod 42) or 2Q (otherwise)
7. Solves → **n = 924** (correct answer!) at line 1926, verifies multiple times
8. Then starts a *re-verification* of the descending part (line 2028+), gets cut off mid-sentence at line 2050

The AI reached the correct answer using the same approach as the standard solution, but was cut off during redundant re-verification.

```xml
<analysis>
  <problem_id>polymath_00953</problem_id>
  <dimension1_verdict>TOKEN_LIMIT</dimension1_verdict>
  <dimension1_explanation>The AI's thinking was going in exactly the right direction — it used the same key approach as the standard solution (Lucas' theorem to convert f(N)=∏(aᵢ+1), then counting base-43 digits equal to 42 via carry analysis of M²) and even successfully derived the correct answer n=924 at line 1926, verifying it against multiple small cases (n=84, n=85, n=126). The thinking was cut off mid-sentence at line 2050 during a redundant re-verification of the descending-part carry analysis, indicating the AI ran out of tokens before it could finalize/output its answer, not that it went wrong mathematically.</dimension1_explanation>
  <dimension2_turning_point_type>p_adic_valuation</dimension2_turning_point_type>
  <dimension2_explanation>The standard solution's key turning point is converting the divisibility condition 43^43 | f(M) into counting how many base-43 digits of M² equal 42 (since v₄₃(dᵢ+1)=1 iff dᵢ=42, and 0 otherwise), which is a p-adic valuation analysis. It then analyzes the carry-level structure of M²=(11...1₄₃)² in blocks of 42 digits to count these 42-digits, yielding 2k (or 2k+1) total and solving for k=21, n=924.</dimension2_turning_point_type>
  <ai_direction_summary>The AI went in the same direction as the standard solution — Lucas' theorem, base-43 expansion of M², counting 42-digits via detailed carry propagation through ascending and descending parts — and actually reached the correct answer 924 before being cut off during re-verification.</ai_direction_summary>
  <standard_solution_key_technique>The standard solution uses p-adic valuation (v₄₃) to reduce 43^43 | f(M) to counting base-43 digits of M² equal to 42, then uses carry-level block analysis (blocks of 42 digits with carry levels 0,1,2,...,k) to count these digits as 2k (or 2k+1 when n'≡42), solving k=21 to get n=924.</standard_solution_key_technique>
  <confidence>high</confidence>
</analysis>
```

### ANALYSIS COMPLETE
DEVIN_CLI_EXITED code=0
