## Solution

The two interlaced circles form the **Hopf link** $L$. I claim
$$\pi_1(\mathbb{R}^3 \setminus L) \cong \mathbb{Z} \times \mathbb{Z}.$$

### Step 1. Reduce to $S^3$.

Compactify $\mathbb{R}^3 = S^3 \setminus \{\infty\}$. Placing $\infty$ away from $L$,
$$\mathbb{R}^3 \setminus L = S^3 \setminus (L \cup \{\infty\}) = (S^3 \setminus L) \setminus \{\infty\}.$$
The space $S^3 \setminus L$ is a 3-manifold. Removing a single point from a manifold of dimension $\geq 3$ does **not** change the fundamental group: every loop and every homotopy between loops (maps of $S^1$ and $S^1\times I$, of dimensions $1$ and $2$) can be perturbed by general position to avoid a point (codimension $3$). Hence
$$\pi_1(\mathbb{R}^3 \setminus L) \cong \pi_1(S^3 \setminus L).$$

### Step 2. The genus-1 Heegaard splitting of $S^3$.

View $S^3$ as the unit sphere in $\mathbb{C}^2$:
$$S^3 = \{(z,w) : |z|^2 + |w|^2 = 1\}.$$
Set
$$V_1 = \{|z|^2 \le \tfrac12\}, \qquad V_2 = \{|w|^2 \le \tfrac12\}.$$
Each $V_i$ is a solid torus $D^2 \times S^1$, and $S^3 = V_1 \cup_{T^2} V_2$ with common boundary $T^2 = \{|z|^2 = |w|^2 = \tfrac12\}$. This is the standard genus-1 Heegaard splitting; the meridian of $V_1$ is identified with the longitude of $V_2$ and conversely, which is precisely the condition that makes the union $S^3$ (rather than $S^1 \times S^2$).

### Step 3. Identify $L$ with the two core curves.

The core of $V_1$ is $c_1 = \{z = 0\} = \{(0, e^{i\theta})\}$, and the core of $V_2$ is $c_2 = \{w = 0\} = \{(e^{i\varphi}, 0)\}$. These are two unknots, and each is the meridian of the other, so they are linked exactly once: $c_1 \cup c_2$ is the **Hopf link**, i.e. two interlaced circles. Thus $L = c_1 \cup c_2$.

### Step 4. Compute the complement.

Removing the cores:
$$V_1 \setminus c_1 = (D^2 \setminus \{0\}) \times S^1 \cong S^1 \times (0,1] \times S^1 = T^2 \times (0,1],$$
where the boundary $T^2$ at the "$1$"-end is $\partial V_1$. Likewise
$$V_2 \setminus c_2 \cong T^2 \times (0,1], \qquad \partial V_2 = T^2 \text{ at the "$1$"-end}.$$
The Heegaard gluing identifies $\partial V_1$ with $\partial V_2$. Therefore
$$S^3 \setminus L = (V_1 \setminus c_1) \cup_{T^2} (V_2 \setminus c_2) \cong T^2 \times (0,1),$$
the two intervals $(0,1]$ gluing at their closed ends to form the open interval $(0,1)$, with the open ends approaching the two removed cores.

### Step 5. Read off the fundamental group.

The thickened torus $T^2 \times (0,1)$ deformation retracts onto $T^2 = S^1 \times S^1$, so
$$\pi_1(S^3 \setminus L) \cong \pi_1(T^2) \cong \mathbb{Z} \times \mathbb{Z}.$$
Combining with Step 1,
$$\boxed{\pi_1(\mathbb{R}^3 \setminus L) \cong \mathbb{Z} \times \mathbb{Z}.}$$

The two generators are represented by a meridian loop around each component of the link; they commute because the complement is (up to homotopy) a torus, reflecting the fact that the two components of the Hopf link are unknotted and linked exactly once.

### PROOF COMPLETE
DEVIN_CLI_EXITED code=0
