# Solution

## Setup

Place the triangle with **B = (0, 0)**, **C = (14, 0)**, and **A = (5, 12)** (verified: AB = 13, BC = 14, CA = 15).

The laser's direction cycles through: ⊥BC, ⊥CA, ⊥AB, ⊥BC, ⊥CA, ⊥AB, …

The bounce points cycle through sides: BC → CA → AB → BC → …

## The 3-bounce affine map on BC

A point **(x, 0)** on BC undergoes three bounces and returns to BC. I derive the map:

**Step 1 (⊥CA, hit CA):** Direction (4, 3). Line CA: 4u + 3v = 56. Solving gives the hit point on CA:
$$\left(\frac{9x+224}{25},\; \frac{168-12x}{25}\right)$$

**Step 2 (⊥AB, hit AB):** Direction (−12, 5). Line AB: 12u − 5v = 0. Solving gives the hit point on AB:
$$\left(\frac{-495x+15680}{4225},\; \frac{37632-1188x}{4225}\right)$$

**Step 3 (⊥BC, hit BC):** Vertical drop to y = 0. The new x-coordinate on BC is:
$$f(x) = \frac{-495x + 15680}{4225} = \frac{3136 - 99x}{845}$$

## Fixed point and convergence

The slope is **−99/845**, with |slope| < 1, so f is a contraction — the sequence converges to the unique fixed point:

$$x^* = \frac{3136 - 99x^*}{845} \;\Longrightarrow\; 944x^* = 3136 \;\Longrightarrow\; x^* = \frac{196}{59}$$

## Vertices of T∞

Applying the appropriate steps to x* = 196/59:

| Side | Fixed point | Coordinates |
|------|------------|-------------|
| BC | P*_BC | (196/59, 0) |
| CA | P*_CA | (2996/295, 1512/295) |
| AB | P*_AB | (196/59, 2352/295) |

**Verification:** Each side of T∞ is perpendicular to the corresponding side of ABC:
- P*_BC → P*_CA: direction (4, 3), ⊥ to CA direction (−3, 4) ✓
- P*_CA → P*_AB: direction (−12, 5), ⊥ to AB direction (5, 12) ✓
- P*_AB → P*_BC: direction (0, −1), ⊥ to BC direction (1, 0) ✓

## Side lengths of T∞

$$\text{Side 1 (⊥CA)} = \frac{\sqrt{2016^2 + 1512^2}}{295} = \frac{2520}{295}$$

$$\text{Side 2 (⊥AB)} = \frac{\sqrt{2016^2 + 840^2}}{295} = \frac{2184}{295}$$

$$\text{Side 3 (⊥BC)} = \frac{2352}{295}$$

$$\text{Perimeter}(T_\infty) = \frac{2520 + 2184 + 2352}{295} = \frac{7056}{295}$$

## Ratio

$$\frac{\text{Perimeter}(T_\infty)}{\text{Perimeter}(\triangle ABC)} = \frac{7056/295}{42} = \frac{7056}{12390} = \frac{168}{295}$$

**Consistency check:** Each side of T∞ equals (168/295) × (corresponding side of ABC):
- 2520/295 ÷ 15 = 168/295 ✓
- 2184/295 ÷ 13 = 168/295 ✓
- 2352/295 ÷ 14 = 168/295 ✓

The fraction 168/295 is irreducible (168 = 2³·3·7, 295 = 5·59, no common factors).

$$a + b = 168 + 295 = \boxed{463}$$

### PROOF COMPLETE
DEVIN_CLI_EXITED code=0
