## Answer Leak Self-Check

I have read the problem text. It contains no leaked answers, solution sketches, formalization notes, or embedded official solutions. Proceeding to solve.

## Proof

We are given the commutative diagram

$$\begin{array}{ccc}
X' & \xrightarrow{\;f'\;} & Y' \\
\downarrow{\scriptstyle g} & & \downarrow{\scriptstyle h} \\
X & \xrightarrow{\;f\;} & Y
\end{array}\qquad h\circ f' = f\circ g,$$

where $f$ is finite surjective, $g$ and $h$ are surjective birational morphisms (resolutions of singularities), and $X, Y, X', Y'$ are irreducible projective integral complex varieties with $X', Y'$ smooth.

**Step 1: Dimension count.** Since $f$ is finite and surjective, $\dim X = \dim Y$. Since $g$ and $h$ are birational, $\dim X' = \dim X$ and $\dim Y' = \dim Y$. Hence
$$\dim X' = \dim Y'.$$

**Step 2: $h\circ f'$ is surjective.** Both $f$ and $g$ are surjective, so $f\circ g$ is surjective. By the commutativity $h\circ f' = f\circ g$, the map $h\circ f'$ is surjective, i.e.
$$h\bigl(f'(X')\bigr) = Y.$$

**Step 3: The image of $f'$ is irreducible.** Since $X'$ is irreducible and $f'$ is a morphism, $f'(X')$ is an irreducible constructible subset of $Y'$ (Chevalley). Let
$$Z := \overline{f'(X')} \subseteq Y'.$$
Then $Z$ is a closed irreducible subvariety of $Y'$.

**Step 4: $h(Z) = Y$.** From Step 2, $Y = h(f'(X')) \subseteq h(Z)$. Since $h$ maps into $Y$, we get $h(Z) = Y$. In particular the restriction $h|_Z : Z \to Y$ is dominant (indeed surjective).

**Step 5: Dimension of $Z$.** The morphism $h|_Z : Z \to Y$ is dominant between irreducible varieties, so by the standard dimension inequality
$$\dim Z \ge \dim Y.$$
Using $\dim Y = \dim Y'$ from Step 1,
$$\dim Z \ge \dim Y'.$$
On the other hand $Z\subseteq Y'$, so $\dim Z \le \dim Y'$. Therefore
$$\dim Z = \dim Y'.$$

**Step 6: Conclusion.** The variety $Y'$ is irreducible. A proper closed subset of an irreducible variety has strictly smaller dimension. Since $Z$ is a closed irreducible subset of $Y'$ with $\dim Z = \dim Y'$, we must have
$$Z = Y'.$$
Thus $\overline{f'(X')} = Y'$, which is precisely the statement that $f'$ is dominant.

$\blacksquare$

### PROOF COMPLETE
DEVIN_CLI_EXITED code=0
