I'll solve this directly. First, checking for answer leaks: the problem text contains only the problem statement with no solutions, hints, or formalization notes. No leak detected.

## Solution

We compute
$$L = \lim_{n\to\infty}\sqrt{n}\int_{-\infty}^{+\infty}\frac{\cos t}{(1+t^2)^n}\,dt.$$

**Strategy.** The factor $(1+t^2)^{-n} = e^{-n\ln(1+t^2)}$ is sharply peaked at $t=0$ with width $O(n^{-1/2})$. Since $\cos t \to 1$ on this shrinking region, the limit should coincide with the Gaussian integral $\int e^{-u^2}du = \sqrt{\pi}$. We make this rigorous by splitting the integral and applying dominated convergence.

---

**Step 1: The tails are exponentially small.**

Fix any $\delta \in (0,1)$. For $|t|>\delta$,
$$(1+t^2)^{-n} = (1+t^2)^{-1}(1+t^2)^{-(n-1)} \le (1+t^2)^{-1}(1+\delta^2)^{-(n-1)},$$
so
$$\left|\int_{|t|>\delta}\frac{\cos t}{(1+t^2)^n}\,dt\right| \le (1+\delta^2)^{-(n-1)}\int_{-\infty}^{\infty}\frac{dt}{1+t^2} = \pi(1+\delta^2)^{-(n-1)}.$$
Thus $\sqrt{n}\cdot\pi(1+\delta^2)^{-(n-1)}\to 0$ exponentially; the tails contribute nothing to $L$.

---

**Step 2: Substitution on the central region.**

On $|t|\le\delta$, set $t = u/\sqrt{n}$, $dt = du/\sqrt{n}$, so $|u|\le \delta\sqrt{n}$ and
$$\sqrt{n}\int_{|t|\le\delta}\frac{\cos t}{(1+t^2)^n}\,dt = \int_{|u|\le\delta\sqrt{n}} \exp\!\Big(-n\ln\!\Big(1+\tfrac{u^2}{n}\Big)\Big)\,\cos\!\Big(\tfrac{u}{\sqrt n}\Big)\,du =: J_n.$$

**Pointwise limit.** For each fixed $u$, as $n\to\infty$:
$$n\ln\!\Big(1+\tfrac{u^2}{n}\Big) = u^2 - \tfrac{u^4}{2n}+O(n^{-2}) \;\longrightarrow\; u^2, \qquad \cos\!\Big(\tfrac{u}{\sqrt n}\Big)\to 1.$$
Hence the integrand converges pointwise to $e^{-u^2}$.

**Dominating function.** For $|u|\le\delta\sqrt n$ (so $u^2/n\le\delta^2<1$), use $\ln(1+x)\ge x - \tfrac{x^2}{2}$ for $x\ge 0$:
$$n\ln\!\Big(1+\tfrac{u^2}{n}\Big)\ge u^2 - \tfrac{u^4}{2n}\ge u^2\!\Big(1-\tfrac{\delta^2}{2}\Big).$$
With $\delta$ small enough that $1-\delta^2/2 > 0$,
$$\exp\!\Big(-n\ln\!\Big(1+\tfrac{u^2}{n}\Big)\Big)\le e^{-u^2(1-\delta^2/2)}, \qquad |\cos(\cdot)|\le 1.$$
The bound $e^{-u^2(1-\delta^2/2)}$ is integrable over $\mathbb{R}$, so it serves as a dominating function independent of $n$ (extended by $0$ outside $|u|\le\delta\sqrt n$).

**Dominated convergence.** Since the domains $|u|\le\delta\sqrt n$ expand to $\mathbb{R}$ and the integrand is dominated by an integrable function,
$$J_n \longrightarrow \int_{-\infty}^{\infty} e^{-u^2}\,du = \sqrt{\pi}.$$

---

**Step 3: Combine.**

$$\sqrt n\,I_n = \underbrace{\sqrt n\int_{|t|\le\delta}\frac{\cos t}{(1+t^2)^n}\,dt}_{\to\,\sqrt\pi} + \underbrace{\sqrt n\int_{|t|>\delta}\frac{\cos t}{(1+t^2)^n}\,dt}_{\to\,0} \;\longrightarrow\; \sqrt{\pi}.$$

Since $\delta\in(0,1)$ was arbitrary (any sufficiently small $\delta$ works), the limit is independent of the split.

---

**Verification (Gaussian integral consistency).** As a check, dropping $\cos t$ (i.e. $\cos t\equiv 1$) gives the known exact value
$$\int_{-\infty}^{\infty}(1+t^2)^{-n}\,dt = \sqrt\pi\,\frac{\Gamma(n-\tfrac12)}{\Gamma(n)} \sim \sqrt\pi\,n^{-1/2}$$
by Stirling, so $\sqrt n\int(1+t^2)^{-n}dt\to\sqrt\pi$. The factor $\cos t$ differs from $1$ only at $O(n^{-1})$ order within the peak (since $\cos t = 1 - t^2/2+\cdots = 1 - u^2/(2n)+\cdots$), so it does not affect the leading term — confirming $\sqrt\pi$.

---

$$\boxed{\displaystyle\lim_{n\to\infty}\sqrt{n}\int_{-\infty}^{+\infty}\frac{\cos t}{(1+t^2)^n}\,dt = \sqrt{\pi}.}$$

### PROOF COMPLETE
DEVIN_CLI_EXITED code=0
