## Proof

**Claim:** The maximum value of $E = 26x^3 + 27xyz$ subject to $x^3 + y^3 + z^3 = 3$ (with $x, y, z \geq 0$, as befits physical fuel outputs) is $\boxed{81}$.

---

### Upper bound via AM-GM

Apply the AM-GM inequality to the three non-negative quantities $x^3,\ 27y^3,\ 27z^3$:

$$x^3 + 27y^3 + 27z^3 \;\geq\; 3\sqrt[3]{x^3 \cdot 27y^3 \cdot 27z^3} \;=\; 3\sqrt[3]{729\,x^3y^3z^3} \;=\; 3 \cdot 9\,xyz \;=\; 27\,xyz.$$

Rearranging:

$$27\,xyz \;\leq\; x^3 + 27y^3 + 27z^3.$$

Now bound $E$:

$$E = 26x^3 + 27xyz \;\leq\; 26x^3 + x^3 + 27y^3 + 27z^3 \;=\; 27\!\left(x^3 + y^3 + z^3\right) \;=\; 27 \cdot 3 \;=\; 81.$$

---

### Equality is attained

Equality in AM-GM holds if and only if $x^3 = 27y^3 = 27z^3$, i.e., $x = 3y = 3z$.

Set $y = z = t$ and $x = 3t$. The constraint becomes:

$$27t^3 + t^3 + t^3 = 29t^3 = 3 \quad\Longrightarrow\quad t^3 = \frac{3}{29}.$$

At this point:

$$E = 26(27t^3) + 27(3t)(t)(t) = 702\,t^3 + 81\,t^3 = 783\,t^3 = 783 \cdot \frac{3}{29} = \frac{2349}{29} = 81.$$

**Verification of the constraint:** $x^3 + y^3 + z^3 = 27t^3 + 2t^3 = 29t^3 = 29 \cdot \frac{3}{29} = 3.$ ✓

---

### Why this is the global maximum

The feasible region $\{(x,y,z) \in \mathbb{R}_{\geq 0}^3 : x^3+y^3+z^3=3\}$ is closed and bounded (each variable satisfies $0 \leq x,y,z \leq \sqrt[3]{3}$), hence compact, so $E$ attains its maximum. On the boundary (some variable $= 0$), the best value is $E = 26 \cdot 3 = 78 < 81$. The unique interior critical point (confirmed via Lagrange multipliers: the system $78x^2+27yz = 3\lambda x^2$, $27xz=3\lambda y^2$, $27xy=3\lambda z^2$ forces $y=z$ and $x=3y$) yields $E = 81$.

Therefore, the maximum possible energy yield is $\boxed{81}$.

### PROOF COMPLETE
DEVIN_CLI_EXITED code=0
