Looking at this problem, I need to find ∠OIB given that IP = IQ (where I is the incenter, P and Q are the feet of the angle bisectors from B and C) and AB ≠ AC.

**Answer Leak Check:** No leaked answers or solutions found in the problem text. Proceeding to solve.

---

## Proof

Let ∠A = α, ∠B = β, ∠C = γ, with sides a = BC, b = CA, c = AB.

### Step 1: Express IP and IQ

I is the incenter with barycentric coordinates (a : b : c). P is the foot of the B-bisector on AC, so P = (a : 0 : c) (since AP : PC = c : a). Q is the foot of the C-bisector on AB, so Q = (a : b : 0) (since AQ : QB = b : a).

**Ratio on BP:** Parametrizing points on segment BP and matching with I, the incenter divides BP in ratio BI : IP = (a+c) : b, giving:
$$IP = \frac{b}{a+b+c} \cdot BP$$

**Ratio on CQ:** Similarly, CI : IQ = (a+b) : c, giving:
$$IQ = \frac{c}{a+b+c} \cdot CQ$$

Using the angle bisector length formulas $BP = \frac{2ac\cos(\beta/2)}{a+c}$ and $CQ = \frac{2ab\cos(\gamma/2)}{a+b}$:

$$IP = \frac{2abc\cos(\beta/2)}{(a+c)(a+b+c)}, \qquad IQ = \frac{2abc\cos(\gamma/2)}{(a+b)(a+b+c)}$$

### Step 2: Derive α = 60°

Setting IP = IQ:
$$(a+b)\cos\frac{\beta}{2} = (a+c)\cos\frac{\gamma}{2}$$

By the law of sines, $a = 2R\sin\alpha$, $b = 2R\sin\beta$, $c = 2R\sin\gamma$. Substituting:

$$(\sin\alpha + \sin\beta)\cos\frac{\beta}{2} = (\sin\alpha + \sin\gamma)\cos\frac{\gamma}{2}$$

Applying sum-to-product: $\sin\alpha + \sin\beta = 2\cos\frac{\gamma}{2}\cos\frac{\alpha-\beta}{2}$ and $\sin\alpha + \sin\gamma = 2\cos\frac{\beta}{2}\cos\frac{\alpha-\gamma}{2}$:

$$2\cos\frac{\gamma}{2}\cos\frac{\alpha-\beta}{2}\cos\frac{\beta}{2} = 2\cos\frac{\beta}{2}\cos\frac{\alpha-\gamma}{2}\cos\frac{\gamma}{2}$$

Since $\cos(\beta/2)\cos(\gamma/2) \neq 0$:

$$\cos\frac{\alpha-\beta}{2} = \cos\frac{\alpha-\gamma}{2}$$

This yields $\frac{\alpha-\beta}{2} = \pm\frac{\alpha-\gamma}{2}$.

- **Case (+):** β = γ → isosceles, AB = AC. **Excluded.**
- **Case (−):** $\alpha - \beta = -\alpha + \gamma \Rightarrow 2\alpha = \beta + \gamma = \pi - \alpha \Rightarrow 3\alpha = \pi$

$$\boxed{\alpha = 60°}$$

### Step 3: Show B, I, O, C are concyclic

With α = 60°:
- $\angle BIC = 90° + \frac{\alpha}{2} = 120°$ (standard incenter formula)
- $\angle BOC = 2\alpha = 120°$ (central angle)

Both I (always inside the triangle) and O (on the same side of BC as A, since α = 60° < 90°) lie on the same side of line BC. Since they subtend equal angles at chord BC:

**B, I, O, C are concyclic.**

### Step 4: Compute ∠OIB

In triangle OBC (isosceles with OB = OC = R):
$$\angle OCB = \frac{180° - 120°}{2} = 30°$$

Since B, I, O, C lie on a circle, ∠OIB and ∠OCB both subtend chord OB. By the **inscribed angle theorem**, when I and C are on the same side of chord OB:

$$\angle OIB = \angle OCB = 30°$$

**Verification of configuration:** At vertex B, ray BO makes angle ∠OBC = 30° with BC, and ray BI makes angle β/2 with BC. When β < 60° (i.e., ∠B < ∠A), we have β/2 < 30°, so I and C lie on the same side of line OB, confirming ∠OIB = 30°. (When β > 60°, I and C lie on opposite sides, giving the supplementary value 150°; both configurations satisfy IP = IQ with AB ≠ AC.)

**Numerical verification** (α=60°, β=50°, γ=70°): Computed ∠OIB = arccos(0.8656) ≈ 30.0°. ✓ Also verified IP ≈ IQ ≈ 0.281. ✓

### Conclusion

$$\angle OIB = 30°$$

### PROOF COMPLETE
