## Proof

**Leak check:** The problem statement contains no leaked answers, solutions, or proof sketches. Proceeding to solve.

Let $R = \mathbb{Q}[X,Y]$. We analyze the two ideals separately.

---

### Ideal 1: $RX \cap RY$

Here $RX = (X)$ and $RY = (Y)$ are the principal ideals generated by $X$ and $Y$.

**Claim.** $RX \cap RY = (XY)$, hence principal with generator $XY$.

*Proof of $(XY) \subseteq RX \cap RY$.* Since $XY = X \cdot Y \in (X) = RX$ and $XY = Y \cdot X \in (Y) = RY$, we have $XY \in RX \cap RRY$, and therefore $(XY) \subseteq RX \cap RY$.

*Proof of $RX \cap RY \subseteq (XY)$.* Let $f \in RX \cap RY$. Then $f = Xg = Yh$ for some $g, h \in R$. View $R = \mathbb{Q}[Y][X]$: the equation $Xg = Yh$ shows $X \mid Yh$ in $\mathbb{Q}[Y][X]$. Since $X$ is prime (irreducible) in $\mathbb{Q}[Y][X]$ and $X \nmid Y$ (as $Y \in \mathbb{Q}[Y]$ is a nonzero polynomial not divisible by $X$), Gauss's lemma / the primality of $X$ gives $X \mid h$. Write $h = Xk$ with $k \in R$. Then
$$f = Yh = Y \cdot Xk = XY \cdot k \in (XY).$$

Hence $RX \cap RY = (XY)$, **principal**, with generator $\boxed{XY}$.

---

### Ideal 2: $\{Xa + Yb \mid a, b \in R\} = (X, Y)$

**Claim.** The ideal $(X, Y)$ is **not principal**.

*Proof by contradiction.* Suppose $(X, Y) = (f)$ for some $f \in R$.

Since $X \in (X, Y) = (f)$, we have $f \mid X$. Since $Y \in (X, Y) = (f)$, we have $f \mid Y$.

Now $X$ and $Y$ are irreducible in the UFD $R = \mathbb{Q}[X,Y]$. So $f \mid X$ implies $f$ is a unit or an associate of $X$, and $f \mid Y$ implies $f$ is a unit or an associate of $Y$.

Since $X$ and $Y$ are not associates (there is no unit $u \in \mathbb{Q}^{\times}$ with $X = uY$), the only possibility satisfying both divisibility conditions is that $f$ is a unit. But then $(f) = R$, so $(X, Y) = R$, i.e., $1 \in (X, Y)$.

This is impossible: if $1 = Xa + Yb$ for some $a, b \in R$, evaluate at $X = 0, Y = 0$ (the well-defined ring homomorphism $\operatorname{ev}_{(0,0)} : \mathbb{Q}[X,Y] \to \mathbb{Q}$). We obtain
$$1 = 0 \cdot a(0,0) + 0 \cdot b(0,0) = 0,$$
a contradiction. (Equivalently, $(X,Y) = \ker(\operatorname{ev}_{(0,0)})$ is a proper maximal ideal.)

Therefore $(X, Y)$ is **not principal**.

---

### Summary

| Ideal | Principal? | Generator |
|-------|-----------|-----------|
| $RX \cap RY$ | Yes | $XY$ |
| $(X, Y) = \{Xa + Yb\}$ | No | — |

The first ideal is principal, generated by $XY$; the second is not principal (it is the maximal ideal of the origin, requiring two generators).

### PROOF COMPLETE
