I'll solve this directly in my reasoning and output the proof.

**Answer-leak check:** The problem text contains only the problem statement — no solution, no sketch, no leaked answer. Proceeding.

---

## Proof

The region $\mathbb{V} = \{r\operatorname{cis}\theta : 0<r<1,\;0<\theta<\Theta\}$ is a circular sector: the part of the open unit disk lying between the rays $\arg z = 0$ and $\arg z = \Theta$. It is simply connected and does not contain the origin, hence admits a single-valued holomorphic branch of the logarithm. Define

$$\Log_{\mathbb{V}} z := \ln r + i\theta, \qquad z = r\operatorname{cis}\theta,\; r\in(0,1),\;\theta\in(0,\Theta).$$

This is holomorphic on $\mathbb{V}$ (it is a primitive of $1/z$ on the simply connected domain $\mathbb{V}\subset\mathbb{C}\setminus\{0\}$).

**Step 1: Logarithm opens the sector into a horizontal strip.**

Writing $w = \Log_{\mathbb{V}} z = u + iv$ with $u = \ln r$, $v = \theta$:
- $r\in(0,1) \iff \ln r \in (-\infty,0) \iff u<0$,
- $\theta\in(0,\Theta) \iff v\in(0,\Theta)$.

Thus $\Log_{\mathbb{V}}$ maps $\mathbb{V}$ bijectively (and conformally) onto the half-infinite horizontal strip
$$S_1 = \{u+iv : u<0,\; 0<v<\Theta\}.$$

**Step 2: Rescale the strip height from $\Theta$ to $\pi$.**

Multiplication by the positive real constant $\pi/\Theta$ is a conformal automorphism of $\mathbb{C}$ sending
$$S_1 \;\longrightarrow\; S_2 = \{u'+iv' : u'<0,\; 0<v'<\pi\},$$
bijectively, since $u' = (\pi/\Theta)u < 0$ and $v' = (\pi/\Theta)v \in (0,\pi)$.

**Step 3: Reflect into the target rectangle.**

We must send $\{u'<0,\,0<v'<\pi\}$ to $\mathbb{U}=\{x+iy:x>0,\,0<y<\pi\}$. The affine map $w\mapsto i\pi - w$ is holomorphic and bijective on $\mathbb{C}$; for $w=u'+iv'$ with $u'<0$, $0<v'<\pi$:
$$i\pi - w = -u' + i(\pi - v'),$$
whose real part $-u'>0$ and imaginary part $\pi-v'\in(0,\pi)$. Hence it maps $S_2$ bijectively onto $\mathbb{U}$.

**Composition.** Combining the three biholomorphic maps,

$$\boxed{\,f(z) \;=\; i\pi \;-\; \frac{\pi}{\Theta}\,\Log_{\mathbb{V}} z\,}$$

is a conformal isomorphism $\mathbb{V}\xrightarrow{\;\sim\;}\mathbb{U}$.

**Explicit verification.** For $z = r\operatorname{cis}\theta$ with $0<r<1$, $0<\theta<\Theta$:
$$f(z) = i\pi - \frac{\pi}{\Theta}(\ln r + i\theta) = -\frac{\pi}{\Theta}\ln r \;+\; i\,\pi\!\left(1-\frac{\theta}{\Theta}\right).$$
- Real part: $-\frac{\pi}{\Theta}\ln r$. Since $r\in(0,1)$, $\ln r<0$, so this is $>0$. ✓
- Imaginary part: $\pi(1-\theta/\Theta)$. Since $\theta\in(0,\Theta)$, $\theta/\Theta\in(0,1)$, so this lies in $(0,\pi)$. ✓

Both components range freely over their full intervals ($\ln r$ over $(-\infty,0)$, $\theta$ over $(0,\Theta)$), so $f(\mathbb{V})=\mathbb{U}$ exactly, and $f$ is injective as a composition of injective maps. Being a composition of holomorphic maps with nonzero derivative everywhere, $f$ is conformal.

### PROOF COMPLETE
DEVIN_CLI_EXITED code=0
