Error: Agent error: Permission denied: Permission denied: Reached overall message rate limit. Please try again later. Your limit will reset in 11 minutes. (trace ID: 1900d86409f2e939ff9ae0eaba785a3e): {
  "cognition.ai/errorKind": "internal",
  "cognition.ai/retryable": true
}
Error: Agent error: Permission denied: Permission denied: Reached overall message rate limit. Please try again later. Your limit will reset in 17 minutes. (trace ID: 87818d39618682efef12e38cf70c6c4b): {
  "cognition.ai/errorKind": "internal",
  "cognition.ai/retryable": true
}
DEVIN_CLI_EXITED code=1
```xml
<audit>
  <analysis_result_key>2272085</analysis_result_key>
  <problem_id>polymath_00017</problem_id>
  <audit_status>PASS_SELECTABLE</audit_status>
  <check_results>
    <A1>PASS: dimension1_verdict is "DIRECTION_ERROR", which is one of the valid values.</A1>
    <A2>PASS: dimension1_explanation is non-empty and well over 50 characters (a detailed paragraph).</A2>
    <A3>PASS: dimension2_turning_point_type is "other", which is one of the valid values, and d1 is DIRECTION_ERROR so d2 is required.</A3>
    <A4>PASS: dimension2_explanation is non-empty and well over 50 characters (a detailed paragraph).</A4>
    <A5>PASS: ai_direction_summary is non-empty and describes the AI's actual direction.</A5>
    <A6>PASS: standard_solution_key_technique is non-empty and describes the specific technique.</A6>
    <B1>PASS: No XML tag leaks (</dimension or <dimension) found in either explanation.</B1>
    <B2>PASS: No template placeholder leaks ("1-3 sentences", "ONE_OF:", "Your 1-3 sentence") found in either explanation.</B2>
    <B3>PASS: Both explanations are far longer than 50 characters.</B3>
    <C1>PASS: d1=DIRECTION_ERROR and d2 has a value ("other"), consistent with the rule that d2 should be present when d1 is DIRECTION_ERROR.</C1>
    <C2>PASS: dimension1_explanation describes a wrong direction (combinatorial partitioning vs. geometric bounding), matching the DIRECTION_ERROR label.</C2>
    <C3>PASS: dimension2_explanation describes a geometric inequality bounding technique (OA²/2 sum), which is not modular arithmetic or other listed algebraic categories, correctly matching the "other" label.</C3>
    <D1>PASS: dimension1_explanation is over 100 characters and contains action verbs ("went", "exploring", "considered", "spent").</D1>
    <D2>PASS: dimension2_explanation is over 100 characters and contains mathematical terms (geometric inequality, OA²/2, closed-form sum, k²(4k²-1)/3).</D2>
    <D3>PASS: ai_direction_summary describes the specific direction the AI took (combinatorial partitioning, nested concentric squares, triangle-based partitions), not just "the AI failed".</D3>
    <D4>PASS: standard_solution_key_technique describes the specific technique (geometric upper bound, OA²/2 contribution, closed-form sum k²(4k²-1)/3), not a generic statement.</D4>
    <E1>UNKNOWN — check via script</E1>
  </check_results>
  <issues_found>none</issues_found>
</audit>
```

### AUDIT COMPLETE
DEVIN_CLI_EXITED code=0
