## Proof

**Setup.** Let $P$ denote the set of primes, and define
$$S = \{n \in \mathbb{Z} : |n| \in \{0,1\} \cup P\} = \{0, \pm 1, \pm 2, \pm 3, \pm 5, \pm 7, \pm 11, \dots\}.$$

When anchor $x$ is chosen, book $y$ is **not** archived iff $|x-y|$ is $0$, $1$, or prime—i.e., iff $y - x \in S$, i.e., $y \in x + S$. So book $y$ is archived by command $x$ iff $y \notin x + S$.

After $k$ commands with anchors $x_1, \dots, x_k$, book $y$ remains unarchived iff $y \in \bigcap_{i=1}^{k}(x_i + S)$. We need this intersection to contain no positive integer.

---

**$k = 1$ is impossible.** For any integer $x$, the set $x + S$ contains $x + p$ for every prime $p$. For all sufficiently large primes $p$, $x + p$ is a positive integer. Hence $(x+S) \cap \mathbb{Z}^+ \neq \emptyset$, so a single command always leaves some book unarchived.

---

**$k = 2$ suffices.** We claim $93 \notin S - S$, where $S - S = \{a - b : a, b \in S\}$.

Suppose for contradiction $93 = a - b$ with $a, b \in S$, so $a = b + 93$ with both $b, b+93 \in S$.

**Case $b \geq 0$:** Then $b \in \{0, 1, 2, 3, 5, 7, 11, \dots\}$.
- If $b$ is even ($b \in \{0, 2\}$): $b + 93 \in \{93, 95\}$. But $93 = 3 \cdot 31$ and $95 = 5 \cdot 19$ are both composite, so $b+93 \notin S$.
- If $b$ is odd ($b \in \{1, 3, 5, 7, 11, \dots\}$): $b + 93$ is even and $\geq 94$, hence composite, so $b + 93 \notin S$.

**Case $b < 0$:** Then $b \in \{-1, -2, -3, -5, -7, -11, \dots\}$.
- $b = -2$: $b + 93 = 91 = 7 \cdot 13$, composite, so $\notin S$.
- $b$ odd ($b \in \{-1, -3, -5, -7, \dots\}$): $b + 93$ is even.
  - If $b + 93 > 0$: it is an even number in $\{2, 4, \dots, 92\}$. For membership in $S$ we need $b+93 = 2$ (the only even prime), giving $b = -91$; but $91 = 7 \cdot 13$ is not prime, so $-91 \notin S$.
  - If $b + 93 \leq 0$: $|b+93| = -b - 93 = p - 93$ where $p = -b$ is an odd prime. Then $p - 93$ is even. For $|b+93| \in \{0,1\} \cup P$ we need $p - 93 = 2$ (so $p = 95$, not prime) or $p - 93 = 0$ (so $p = 93$, not prime)—both impossible.

All cases yield contradictions, so $93 \notin S - S$.

---

**Consequence.** Since $93 \notin S - S$, the set $S \cap (S - 93) = \{n \in S : n + 93 \in S\}$ is empty. Choose anchors $x_1 = 1$ and $x_2 = 94$ (differing by $93$). Then:

$$(x_1 + S) \cap (x_2 + S) = x_1 + \bigl(S \cap (S - 93)\bigr) = \emptyset.$$

The two uncovered sets are disjoint, so every positive integer $y$ lies outside at least one of them—meaning $y$ is archived by at least one of the two commands.

---

**Conclusion.** One command is insufficient, and two commands suffice (e.g., anchors $1$ and $94$). The minimum number of Batch Archive commands required is $\boxed{2}$.

### PROOF COMPLETE
