Looking at this problem, I need to determine for which values of $s$ the integral converges. The key is a substitution that telescopes the product of iterated logarithms.

## Proof

**Setup and domain.** The integrand involves iterated logarithms $\ln^{(1)} x = \ln x,\; \ln^{(2)} x = \ln\ln x,\; \ldots,\; \ln^{(k)} x$. These are defined and positive once $x$ exceeds the threshold $a_k = \exp^{(k-1)}(1)$ (the $(k{-}1)$-fold iterated exponential of $1$). The convergence question of interest is the behavior at the upper limit $+\infty$; we study
$$I = \int_{a}^{\infty} \frac{dx}{\,x\,\ln x\,\ln^{(2)} x\,\cdots\,\ln^{(k-1)} x\,(\ln^{(k)} x)^{s}\,},$$
where $a > a_k$ is chosen so that every iterated logarithm appearing is positive on $[a,\infty)$. (The interior singularities at $x = \exp^{(j)}(1)$ are finite points and are not what the problem targets; the classical question concerns the tail at infinity.)

**Key substitution.** Set
$$u = \ln^{(k)} x.$$
Differentiating the chain,
$$\frac{du}{dx} = \frac{d}{dx}\bigl(\ln^{(k)} x\bigr) = \frac{1}{x\,\ln x\,\ln^{(2)} x\,\cdots\,\ln^{(k-1)} x}.$$
Therefore
$$du = \frac{dx}{\,x\,\ln x\,\ln^{(2)} x\,\cdots\,\ln^{(k-1)} x\,},$$
which is precisely the product of all the denominator factors *except* the final $(\ln^{(k)} x)^s$. Hence the integral transforms exactly:
$$I = \int_{u_0}^{\infty} \frac{du}{u^{s}}, \qquad u_0 = \ln^{(k)}(a) > 0.$$

**Convergence of the reduced integral.** The integral $\int_{u_0}^{\infty} u^{-s}\,du$ is the standard $p$-integral at infinity:
- If $s > 1$: $\displaystyle\int_{u_0}^{\infty} u^{-s}\,du = \frac{u_0^{1-s}}{s-1} < \infty$ — **converges**.
- If $s = 1$: $\displaystyle\int_{u_0}^{\infty} \frac{du}{u} = \infty$ — diverges (logarithmic).
- If $s < 1$: $\displaystyle\int_{u_0}^{\infty} u^{-s}\,du = \infty$ — diverges (power growth).

**Conclusion.** The substitution $u = \ln^{(k)} x$ collapses the entire product $x\,\ln x\,\cdots\,\ln^{(k-1)} x$ into the differential $du$, leaving a pure power integral $\int u^{-s}\,du$. The integral converges at infinity if and only if the exponent of the *innermost* (last) iterated logarithm exceeds $1$:

$$\boxed{s > 1}.$$

### PROOF COMPLETE
DEVIN_CLI_EXITED code=0
