```xml
<audit>
  <analysis_result_key>2270038</analysis_result_key>
  <problem_id>oda_math_460k_00010058</problem_id>
  <audit_status>PASS</audit_status>
  <check_results>
    <A1>PASS: dimension1_verdict is CONNECTION_ERROR, a valid value.</A1>
    <A2>PASS: dimension1_explanation is non-empty and well over 50 characters.</A2>
    <A3>PASS: d1=CONNECTION_ERROR so A3 condition is optional; d2_type='other' is valid anyway.</A3>
    <A4>PASS: dimension2_explanation is non-empty and well over 50 characters.</A4>
    <A5>PASS: ai_direction_summary is non-empty and descriptive.</A5>
    <A6>PASS: standard_solution_key_technique is non-empty and specific.</A6>
    <B1>PASS: no XML tag leaks found in either explanation.</B1>
    <B2>PASS: no template placeholder leaks found.</B2>
    <B3>PASS: both explanations exceed 50 characters.</B3>
    <C1>PASS: d1=CONNECTION_ERROR allows d2 to be null; d2 present here is acceptable.</C1>
    <C2>PASS: d1_exp describes wrong problem content being processed (technical failure), matching CONNECTION_ERROR label.</C2>
    <C3>PASS: d2_type='other' matches d2_exp describing elementary work-rate algebra, explicitly not modular arithmetic.</C3>
    <D1>PASS: d1_exp exceeds 100 chars and contains action verb 'attempted'.</D1>
    <D2>PASS: d2_exp exceeds 100 chars and contains mathematical terms (work-rate, equations, algebra).</D2>
    <D3>PASS: ai_direction_summary describes the actual triangle-equalizer direction the AI took.</D3>
    <D4>PASS: standard_solution_key_technique describes the specific work-rate model setup and substitution.</D4>
    <E1>UNKNOWN — check via script</E1>
  </check_results>
  <issues_found>none</issues_found>
</audit>
```

### AUDIT COMPLETE
DEVIN_CLI_EXITED code=0
```xml
<audit>
  <analysis_result_key>2270038</analysis_result_key>
  <problem_id>oda_math_460k_00010058</problem_id>
  <audit_status>PASS</audit_status>
  <check_results>
    <A1>PASS: dimension1_verdict is CONNECTION_ERROR, a valid value.</A1>
    <A2>PASS: dimension1_explanation is non-empty and well over 50 characters.</A2>
    <A3>PASS: dimension2_turning_point_type is "other", a valid value (optional for CONNECTION_ERROR but present and valid).</A3>
    <A4>PASS: dimension2_explanation is non-empty and well over 50 characters.</A4>
    <A5>PASS: ai_direction_summary is non-empty and describes the triangle-equalizer direction.</A5>
    <A6>PASS: standard_solution_key_technique is non-empty and describes the work-rate model.</A6>
    <B1>PASS: no XML tag leaks found in either explanation.</B1>
    <B2>PASS: no template placeholder leaks found in either explanation.</B2>
    <B3>PASS: both explanations are well over 50 characters.</B3>
    <C1>PASS: d1=CONNECTION_ERROR allows d2 to be null; d2 is present and valid, which is acceptable.</C1>
    <C2>PASS: d1_exp describes wrong problem content being processed (a technical/connection failure), consistent with CONNECTION_ERROR label.</C2>
    <C3>PASS: d2=other and d2_exp describes elementary work-rate algebra explicitly noting it is not modular/number-theoretic, consistent with "other".</C3>
    <D1>N/A — d1 is CONNECTION_ERROR/TOKEN_LIMIT</D1>
    <D2>N/A — d1 is CONNECTION_ERROR/TOKEN_LIMIT</D2>
    <D3>N/A — d1 is CONNECTION_ERROR/TOKEN_LIMIT</D3>
    <D4>N/A — d1 is CONNECTION_ERROR/TOKEN_LIMIT</D4>
    <E1>UNKNOWN — check via script</E1>
  </check_results>
  <issues_found>none</issues_found>
</audit>
```

### AUDIT COMPLETE
DEVIN_CLI_EXITED code=0
