Looking at this problem, I need to find the final position of Frankie the Frog after $N = 3^1 + 3^{10} + 3^{11} + 3^{100} + 3^{101} + 3^{110} + 3^{111} + 3^{1000}$ moves, where move $n$ has distance $v_3(n)+1$ and direction rotating $90°$ CCW each step.

**Answer leak check:** No solutions or answers are embedded in the problem text. Proceeding to solve.

## Setup

Take move 1 in the $+x$ direction, so move $n$ goes in direction $i^{n-1}$ (where $i = \sqrt{-1}$). The final position is the complex number
$$F = \sum_{n=1}^{N} (v_3(n)+1)\, i^{\,n-1},$$
and the answer is $|F|^2$. (The initial direction is irrelevant since $|i^j F| = |F|$.)

## Decomposition

Write $v_3(n)+1 = 1 + \sum_{k\ge 1} \mathbf{1}[3^k \mid n]$. Then
$$F = A_i(N) + \sum_{k\ge 1} \sum_{j=1}^{M_k} i^{3^k j - 1}, \qquad M_k := \bigl\lfloor N/3^k\bigr\rfloor,$$
where $A_\zeta(M) := \sum_{n=0}^{M-1} \zeta^n = \frac{1-\zeta^M}{1-\zeta}$ for $\zeta\ne 1$.

**Inner sum.** Since $3^k \bmod 4$ is $1$ if $k$ even and $3$ if $k$ odd:
- **$k$ even:** $i^{3^k}=i$, so $\sum_{j=1}^{M_k} i^{3^k j-1} = \sum_{j=0}^{M_k-1} i^j = A_i(M_k)$.
- **$k$ odd:** $i^{3^k}=-i$, and $\sum_{j=1}^{M_k} i^{3^k j-1} = i^{-1}\sum_{j=1}^{M_k}(-i)^j = (-i)\cdot(-i)\,A_{-i}(M_k) = -A_{-i}(M_k)$.

Hence
$$F = A_i(N) + \sum_{\substack{k\ge 2\\k\text{ even}}} A_i(M_k) \;-\; \sum_{\substack{k\ge 1\\k\text{ odd}}} A_{-i}(M_k). \tag{$\star$}$$

## Computing $M_k \bmod 4$

The base-3 digits of $N$ are $1$ at positions $S = \{1, 10, 11, 100, 101, 110, 111, 1000\}$ and $0$ elsewhere. So
$$M_k = \sum_{p \in S,\, p\ge k} 3^{p-k}, \qquad M_k \equiv \sum_{p\in S,\,p\ge k} (-1)^{p-k} \pmod 4.$$

Group $S$ into consecutive pairs $(10,11),\,(100,101),\,(110,111)$ — each starting at an even number — plus singletons $\{1\}$ and $\{1000\}$.

**Pair $(a, a{+}1)$, $a$ even:** contributes $(-1)^{a-k}+(-1)^{a+1-k}=0$ when $k\le a$; contributes $(-1)^0=1$ when $k=a+1$; contributes $0$ when $k>a+1$.

**Singleton $p=1$ (odd):** contributes $1$ only when $k=1$.

**Singleton $p=1000$ (even):** contributes $(-1)^{1000-k}$ for $k\le 1000$.

Combining: the four values $k \in \{1, 11, 101, 111\}$ each get an extra $+1$ from a pair/singleton that cancels the $(-1)^{1000-k}$ contribution from $p=1000$ (since $1000-k$ is odd at each of these), giving $M_k \equiv 0 \pmod 4$. For every **other** $k$ with $2\le k\le 1000$, only $p=1000$ contributes, so $M_k \equiv (-1)^{1000-k} = (-1)^k \pmod 4$. For $k>1000$, $M_k=0$.

## Evaluating the sums in $(\star)$

**$A_i(N)$:** $N \equiv \sum_{p\in S}(-1)^p = (-1{+}1{-}1{+}1{-}1{+}1{-}1{+}1) = 0 \pmod 4$, so $A_i(N)=0$.

**Even $k$ sum ($k=2,4,\dots,1000$, which is $500$ values):** None of $\{1,11,101,111\}$ is even, so every such $k$ has $M_k\equiv 1\pmod 4$, giving $A_i(M_k)=\frac{1-i}{1-i}=1$. Sum $= 500$.

**Odd $k$ sum ($k=1,3,\dots,999$, which is $500$ values):**
- The $4$ special values $k\in\{1,11,101,111\}$: $M_k\equiv 0\pmod 4$, so $A_{-i}(M_k)=0$.
- The remaining $496$ values: $M_k\equiv 3\pmod 4$, so $A_{-i}(M_k)=\frac{1-i}{1+i}=-i$.

Sum $= 496\cdot(-i) = -496i$.

## Final computation

$$F = 0 + 500 - (-496i) = 500 + 496\,i.$$

$$|F|^2 = 500^2 + 496^2 = 250000 + 246016 = \boxed{496016}.$$

### PROOF COMPLETE
