Looking at this problem, I need to find the smallest λ such that $b_1b_2b_3 \le \lambda(a_1b_1+a_2b_2+a_3b_3)$ holds for all feasible $a,b$.

## Answer Leak Check

The problem text contains only the problem statement—no solutions, sketches, or answer values. Proceeding to solve.

## Proof

**Step 1: Reformulation.** We seek $\lambda = \sup \dfrac{b_1 b_2 b_3}{a_1 b_1 + a_2 b_2 + a_3 b_3}$ over all feasible $(a,b)$.

**Step 2: Minimize the denominator over $a$.** For fixed $b$, the denominator $D = a_1 b_1 + a_2 b_2 + a_3 b_3$ is linear in $a$. The feasible set for $a$ is the polytope $\{a \in [0,\tfrac12]^3 : \sum a_i = 1\}$. Its vertices are the permutations of $(\tfrac12, \tfrac12, 0)$ (since with each $a_i \le \tfrac12$ and sum $1$, exactly two coordinates are $\tfrac12$ and one is $0$). The minimum of a linear function over a polytope is at a vertex, so:
$$\min_a D = \tfrac12\bigl(b_{(1)} + b_{(2)}\bigr),$$
where $b_{(1)} \le b_{(2)} \le b_{(3)}$ are the ordered $b_i$. Thus:
$$\lambda = \max_{\substack{b_1+b_2+b_3=1\\b_i>0}} \frac{2\,b_{(1)}\,b_{(2)}\,b_{(3)}}{b_{(1)}+b_{(2)}}.$$

**Step 3: Reduce to ordered case.** By symmetry, assume $b_1 \le b_2 \le b_3$. Set $s = b_1 + b_2 \in (0, \tfrac23]$ (the upper bound $s \le \tfrac23$ comes from $b_2 \le b_3 = 1-s$ combined with $b_2 \ge s/2$). Let $p = b_1 b_2$. Then $b_3 = 1-s$ and:
$$f = \frac{2\,p\,(1-s)}{s}.$$

**Step 4: Bound $p$ and maximize.** By AM-GM, $p = b_1 b_2 \le \left(\frac{s}{2}\right)^2 = \frac{s^2}{4}$, with equality iff $b_1 = b_2 = s/2$. (This is achievable in the ordered region when $s \le \tfrac23$, since then $b_2 = s/2 \le 1-s = b_3$.) Therefore:
$$f \le \frac{2 \cdot \frac{s^2}{4} \cdot (1-s)}{s} = \frac{s(1-s)}{2}.$$

Now observe:
$$\frac{s(1-s)}{2} \le \frac{1}{8} \iff s(1-s) \le \frac{1}{4} \iff s - s^2 \le \frac{1}{4} \iff \left(s - \tfrac12\right)^2 \ge 0,$$
which always holds. Equality at $s = \tfrac12$.

**Step 5: Verify equality is achieved.** At $s = \tfrac12$, $b_1 = b_2 = \tfrac14$, $b_3 = \tfrac12$ (ordering $\tfrac14 \le \tfrac14 \le \tfrac12$ ✓). The minimizing $a$ is the vertex $(\tfrac12, \tfrac12, 0)$, giving $D = \tfrac12(\tfrac14+\tfrac14) = \tfrac14$. Then:
$$\frac{b_1 b_2 b_3}{D} = \frac{\tfrac14 \cdot \tfrac14 \cdot \tfrac12}{\tfrac14} = \frac{\tfrac{1}{32}}{\tfrac14} = \frac{1}{8}.$$

**Conclusion.** The supremum $\lambda = \tfrac18$ is achieved, so the smallest such $\lambda$ is:

$$\boxed{\dfrac{1}{8}}$$

### PROOF COMPLETE
DEVIN_CLI_EXITED code=0
