## Solution

**Setup.** Label rows and columns 1–5. Let $R_i$ denote the event that row code $i$ is correctly remembered, and $C_j$ the event that column code $j$ is correctly remembered. All 10 events are independent with probability $\tfrac{1}{2}$.

A switch at position $(i,j)$ is activated iff $R_i \lor C_j$. The two disabled switches are $(1,1)$ and $(5,5)$, so we require:

$$\forall\,(i,j)\notin\{(1,1),(5,5)\}:\quad R_i \lor C_j.$$

**Reformulation.** Let $A = \{i : R_i \text{ is false}\}$ (forgotten rows) and $B = \{j : C_j \text{ is false}\}$ (forgotten columns). The success condition becomes:

$$A \times B \;\subseteq\; \{(1,1),\, (5,5)\}.$$

That is, every cell in the Cartesian product of forgotten rows and forgotten columns must be one of the two disabled cells. Each specific pair $(A,B)$ occurs with probability $(1/2)^5 \cdot (1/2)^5 = 1/1024$, so the answer is (number of valid $(A,B)$ pairs) $/\, 1024$.

**Counting valid pairs.**

**Case 1: $A = \emptyset$.** Then $A\times B = \emptyset \subseteq \{(1,1),(5,5)\}$. Any $B$ works: $2^5 = 32$ pairs.

**Case 2: $B = \emptyset$, $A \neq \emptyset$.** Then $A\times B = \emptyset$. Any nonempty $A$ works: $2^5 - 1 = 31$ pairs.

**Case 3: $A \neq \emptyset$ and $B \neq \emptyset$.** Now $A\times B$ is nonempty, so $A\times B$ must be a nonempty subset of $\{(1,1),(5,5)\}$.

- $A\times B = \{(1,1)\}$: requires $A=\{1\},\, B=\{1\}$. **1 pair.**
- $A\times B = \{(5,5)\}$: requires $A=\{5\},\, B=\{5\}$. **1 pair.**
- $A\times B = \{(1,1),(5,5)\}$: requires $1,5\in A$ and $1,5\in B$, but then $(1,5),(5,1)\in A\times B$ — contradiction. **0 pairs.**

**Total:** $32 + 31 + 1 + 1 = 65$ valid pairs.

**Verification of the two special cases.** When $A=\{1\}, B=\{1\}$: the only cell with both codes forgotten is $(1,1)$, which is disabled — so all 23 enabled switches are still activated. Symmetrically for $A=\{5\}, B=\{5\}$: only $(5,5)$ is uncovered, which is disabled. Both are genuinely valid.

**Cross-check via inclusion–exclusion.** $P(A=\emptyset) = 1/32$, $P(B=\emptyset)=1/32$, overlap $=1/1024$. So $P(A=\emptyset \lor B=\emptyset) = 64/1024 - 1/1024 = 63/1024$. Adding the two extra cases ($1/1024$ each): $63/1024 + 2/1024 = 65/1024$. ✓

**Result.**

$$\boxed{\dfrac{65}{1024}}$$

### PROOF COMPLETE
DEVIN_CLI_EXITED code=0
