Looking at the problem, I need to prove that a differentiable function $f:(1,\infty)\to\mathbb{R}$ satisfying $f'(x)=\frac{x^2-f(x)^2}{x^2(f(x)^2+1)}$ must satisfy $\lim_{x\to\infty}f(x)=\infty$.

Let me first check for answer leaks — the problem statement contains only the ODE and the claim to prove, with no solutions, sketches, or formalization notes. No leak detected.

Now let me solve it.

---

## Proof

Define two auxiliary functions:
$$g(x) = f(x) - x, \qquad h(x) = f(x) + x.$$

### Step 1: $h$ is strictly increasing and $h(x)\to+\infty$.

Computing $h'(x) = f'(x)+1$:
$$h'(x) = \frac{x^2 - f^2}{x^2(f^2+1)} + 1 = \frac{x^2 - f^2 + x^2(f^2+1)}{x^2(f^2+1)} = \frac{2x^2 + f^2(x^2-1)}{x^2(f^2+1)}.$$

Since $x>1$, every term in the numerator is positive, so $h'(x)>0$. Writing $t = \frac{f^2}{f^2+1}\in[0,1)$:
$$h'(x) = 2(1-t) + t\cdot\frac{x^2-1}{x^2} = 2 - t\!\left(1+\frac{1}{x^2}\right) \geq 2 - \left(1+\frac{1}{x^2}\right) = 1 - \frac{1}{x^2}.$$

For $x\geq\sqrt{2}$, $h'(x)\geq\frac{1}{2}$, so $h(x)\to+\infty$. In particular, there exists $X_1$ such that $h(x)>0$, i.e., $f(x)>-x$, for all $x\geq X_1$.

### Step 2: $g$ is non-increasing and $g(x)\to-\infty$.

Computing $g'(x) = f'(x)-1$:
$$g'(x) = \frac{x^2 - f^2 - x^2(f^2+1)}{x^2(f^2+1)} = \frac{-f^2(1+x^2)}{x^2(f^2+1)} \leq 0.$$

So $g$ is non-increasing. Writing $t = \frac{f^2}{f^2+1}\in[0,1)$:
$$g'(x) = -t\!\left(1+\frac{1}{x^2}\right).$$

**Suppose for contradiction** that $g(x)\to L$ for some finite $L$. Then $f(x)=g(x)+x\to+\infty$, so $t\to 1$ and $g'(x)\to -1$. For sufficiently large $x$, $g'(x)\leq -\frac{1}{2}$, giving $g(x)\leq g(X)-\frac{1}{2}(x-X)\to -\infty$, contradicting $g\to L$. Therefore $g(x)\to -\infty$.

In particular, there exists $X_2$ such that $g(x)<0$, i.e., $f(x)<x$, for all $x\geq X_2$.

### Step 3: $f$ is eventually strictly increasing.

For $x\geq X_3:=\max(X_1,X_2)$, we have $-x < f(x) < x$, so $|f(x)|<x$, hence $x^2 - f(x)^2 > 0$ and thus $f'(x)>0$. So $f$ is strictly increasing on $[X_3,\infty)$.

Since $f$ is increasing on $[X_3,\infty)$ and continuous on the bounded interval $(1,X_3]$, $f$ is bounded below on $(1,\infty)$.

### Step 4: $f$ is unbounded above.

Suppose $f$ is bounded above. Combined with Step 3, $f$ is bounded: $|f(x)|\leq M$. Define $\Phi(u) = u + \frac{u^3}{3}$, which is strictly increasing ($\Phi'(u)=1+u^2>0$). Then:
$$\frac{d}{dx}\Phi(f(x)) = (1+f^2)\cdot f'(x) = (1+f^2)\cdot\frac{x^2-f^2}{x^2(f^2+1)} = \frac{x^2-f^2}{x^2} = 1 - \frac{f^2}{x^2}.$$

For $x > M\sqrt{2}$, $\frac{f^2}{x^2}\leq\frac{M^2}{x^2}<\frac{1}{2}$, so $\frac{d}{dx}\Phi(f(x))\geq\frac{1}{2}$, giving $\Phi(f(x))\to+\infty$. But $\Phi$ is bounded on $[-M,M]$, contradicting $\Phi(f(x))\to+\infty$.

### Step 5: Conclusion.

$f$ is eventually strictly increasing (Step 3) and unbounded above (Step 4). An eventually strictly increasing function that is unbounded above must tend to $+\infty$. Therefore:
$$\lim_{x\to\infty} f(x) = +\infty. \quad\blacksquare$$

### PROOF COMPLETE
DEVIN_CLI_EXITED code=0
