Looking at this problem, I need to find E(100,100) where E(1,k)=E(k,1)=1/k and the 2×2 determinant condition E(x+1,y+1)·E(x,y) − E(x,y+1)·E(x+1,y) = 1 holds.

**Exploring small values.** Let me define F(r,c) = E(r,c)·r·c, so F(1,k)=F(k,1)=1. The recurrence becomes:

F(x+1,y+1)·F(x,y) − F(x,y+1)·F(x+1,y) = (x+1)(y+1)xy.

Computing: F(2,2)=5, F(2,3)=17, F(3,3)=65, F(4,4)=401, and filling out rows:
- F(1,c) = 1
- F(2,c) = (2c³−2c+3)/3
- F(3,c) = (8c³−8c+3)/3
- F(4,c) = (20c³−20c+3)/3

**Identifying the pattern.** The leading coefficients are 0, 2, 8, 20 for r=1,2,3,4. These equal r(r²−1)/3 (verified: 1·0/3=0, 2·3/3=2, 3·8/3=8, 4·15/3=20). This gives:

**F(r,c) = [r(r−1)(r+1)·c(c−1)(c+1) + 9] / 9**

Equivalently: **E(r,c) = (r²−1)(c²−1)/9 + 1/(rc)**

**Verification of boundary:** E(1,c) = 0 + 1/c = 1/c ✓. E(r,1) = 0 + 1/r = 1/r ✓.

**Verification of recurrence:** Writing E = A + B where A(r,c) = (r²−1)(c²−1)/9 (separable) and B(r,c) = 1/(rc) (separable), both separable terms have zero 2×2 determinants. The cross terms yield:

- A(x+1,y+1)·B(x,y) − A(x,y+1)·B(x+1,y) = (y+2)/3
- B(x+1,y+1)·A(x,y) − B(x,y+1)·A(x+1,y) = −(y−1)/3

Sum = (y+2−y+1)/3 = 1 ✓.

**Spot checks:** E(2,3) = 3·8/9 + 1/6 = 8/3 + 1/6 = 17/6 ✓. E(3,4) = 8·15/9 + 1/12 = 40/3 + 1/12 = 161/12 ✓.

**Computing E(100,100):**

E(100,100) = (9999)²/9 + 1/10000 = 99980001/9 + 1/10000 = 11108889 + 1/10000 = 111088890001/10000.

**Reducing to lowest terms:** Since 10000 = 2⁴·5⁴ and 111088890001 is odd (ends in 1) and not divisible by 5, gcd = 1.

So m = 111088890001, n = 10000, and:

**m + n = 111088900001**

### PROOF COMPLETE
DEVIN_CLI_EXITED code=0
