Based on my analysis of the AGENTS.md task, I have all three inputs:

- **Problem**: Find the number of elements of order 3 in S₆ (group theory / combinatorics)
- **Standard Solution**: Counts permutations by cycle type — [3,1,1,1] gives 40, [3,3] gives 40, total 80
- **AI's Thinking**: A long, detailed exploration of a **completely different problem** — whether a polynomial P(κ₁,κ₂) in principal curvatures that is intrinsically invariant must be of the form F(κ₁κ₂) (differential geometry: Gauss's Theorema Egregium, sine-Gordon equation, Bäcklund transformations, isometric deformations of surfaces)

The AI's thinking is mathematically substantial (not a connection error), but it is solving an entirely different problem — differential geometry of surfaces instead of counting elements in a symmetric group. This is a clear DIRECTION_ERROR. The standard solution's key technique (cycle-type enumeration in S₆) does not fit any of the number-theoretic turning point categories, so dimension 2 is "other".

```xml
<analysis>
  <problem_id>deepmath_103k_00002066</problem_id>
  <dimension1_verdict>DIRECTION_ERROR</dimension1_verdict>
  <dimension1_explanation>The AI's thinking addresses a completely different problem — a differential geometry question about intrinsically invariant polynomials in principal curvatures of surfaces — rather than the actual problem of counting elements of order 3 in S₆. The AI never engages with symmetric groups, cycle structures, or any group-theoretic counting, exploring an unrelatedError: Agent error: Permission denied: Permission denied: Reached overall message rate limit. Please try again later. Your limit will reset in 53 minutes. (trace ID: c352d642ef0a1eac711d20dd8ef58e43): {
  "cognition.ai/errorKind": "internal",
  "cognition.ai/retryable": true
}
DEVIN_CLI_EXITED code=1
Error: Agent error: Permission denied: Permission denied: Reached overall message rate limit. Please try again later. Your limit will reset in 50 minutes. (trace ID: 4189645c3ad5dfcf7c9da133cd3afb31): {
  "cognition.ai/errorKind": "internal",
  "cognition.ai/retryable": true
}
DEVIN_CLI_EXITED code=1
Error: Agent error: Permission denied: Permission denied: Reached overall message rate limit. Please try again later. Your limit will reset in 48 minutes. (trace ID: ebc8a876314d265d5b7787ae940edc55): {
  "cognition.ai/errorKind": "internal",
  "cognition.ai/retryable": true
}
DEVIN_CLI_EXITED code=1
Error: Agent error: Permission denied: Permission denied: Reached overall message rate limit. Please try again later. Your limit will reset in 46 minutes. (trace ID: 2a4e6d69bb95c3e36e9538041325951b): {
  "cognition.ai/errorKind": "internal",
  "cognition.ai/retryable": true
}
DEVIN_CLI_EXITED code=1
Error: Agent error: Permission denied: Permission denied: Reached overall message rate limit. Please try again later. Your limit will reset in 44 minutes. (trace ID: 1c0f6670040643be2627f6d651c04a10): {
  "cognition.ai/errorKind": "internal",
  "cognition.ai/retryable": true
}
DEVIN_CLI_EXITED code=1
Error: Agent error: Permission denied: Permission denied: Reached overall message rate limit. Please try again later. Your limit will reset in 42 minutes. (trace ID: 37d1fff963d2542a482f64f09745cf9c): {
  "cognition.ai/errorKind": "internal",
  "cognition.ai/retryable": true
}
DEVIN_CLI_EXITED code=1
Error: Agent error: Permission denied: Permission denied: Reached overall message rate limit. Please try again later. Your limit will reset in 40 minutes. (trace ID: 10c040bc6a66737302a308c2f948784c): {
  "cognition.ai/errorKind": "internal",
  "cognition.ai/retryable": true
}
DEVIN_CLI_EXITED code=1
Error: Agent error: Permission denied: Permission denied: Reached overall message rate limit. Please try again later. Your limit will reset in 38 minutes. (trace ID: 583343035ea169fed2df12d571bba661): {
  "cognition.ai/errorKind": "internal",
  "cognition.ai/retryable": true
}
DEVIN_CLI_EXITED code=1
Error: Agent error: Permission denied: Permission denied: Reached overall message rate limit. Please try again later. Your limit will reset in 36 minutes. (trace ID: 97ab2e55181bd2279946481832ec36dd): {
  "cognition.ai/errorKind": "internal",
  "cognition.ai/retryable": true
}
DEVIN_CLI_EXITED code=1
Error: Agent error: Permission denied: Permission denied: Reached overall message rate limit. Please try again later. Your limit will reset in 34 minutes. (trace ID: 807510532babb9b759fc08f819c1a669): {
  "cognition.ai/errorKind": "internal",
  "cognition.ai/retryable": true
}
DEVIN_CLI_EXITED code=1
Error: Agent error: Permission denied: Permission denied: Reached overall message rate limit. Please try again later. Your limit will reset in 32 minutes. (trace ID: 6d1d182173f02f5fa8e83c26902b235a): {
  "cognition.ai/errorKind": "internal",
  "cognition.ai/retryable": true
}
DEVIN_CLI_EXITED code=1
Error: Agent error: Permission denied: Permission denied: Reached overall message rate limit. Please try again later. Your limit will reset in 30 minutes. (trace ID: 618b22a79400cf7de2022421634b7bdd): {
  "cognition.ai/errorKind": "internal",
  "cognition.ai/retryable": true
}
DEVIN_CLI_EXITED code=1
Error: Agent error: Permission denied: Permission denied: Reached overall message rate limit. Please try again later. Your limit will reset in 28 minutes. (trace ID: 2ac43fe3f5756d38f104f3884e7ee555): {
  "cognition.ai/errorKind": "internal",
  "cognition.ai/retryable": true
}
DEVIN_CLI_EXITED code=1
Error: Agent error: Permission denied: Permission denied: Reached overall message rate limit. Please try again later. Your limit will reset in 26 minutes. (trace ID: 10f4d1d07edf362127b9ffe1f093943c): {
  "cognition.ai/errorKind": "internal",
  "cognition.ai/retryable": true
}
DEVIN_CLI_EXITED code=1
Error: Agent error: Permission denied: Permission denied: Reached overall message rate limit. Please try again later. Your limit will reset in 24 minutes. (trace ID: 507c141489f3d92319f57be32f9deb2e): {
  "cognition.ai/errorKind": "internal",
  "cognition.ai/retryable": true
}
DEVIN_CLI_EXITED code=1
Error: Agent error: Permission denied: Permission denied: Reached overall message rate limit. Please try again later. Your limit will reset in 22 minutes. (trace ID: 2b3bce5177cc0faf6d5d3af810fe60ee): {
  "cognition.ai/errorKind": "internal",
  "cognition.ai/retryable": true
}
DEVIN_CLI_EXITED code=1
Error: Agent error: Permission denied: Permission denied: Reached overall message rate limit. Please try again later. Your limit will reset in 20 minutes. (trace ID: 9e966e5d9097bf2c0b9e130b620f950e): {
  "cognition.ai/errorKind": "internal",
  "cognition.ai/retryable": true
}
DEVIN_CLI_EXITED code=1
Error: Agent error: Permission denied: Permission denied: Reached overall message rate limit. Please try again later. Your limit will reset in 18 minutes. (trace ID: e0e49e1736ee740c9c9ab20c86fbfe09): {
  "cognition.ai/errorKind": "internal",
  "cognition.ai/retryable": true
}
DEVIN_CLI_EXITED code=1
Error: Agent error: Permission denied: Permission denied: Reached overall message rate limit. Please try again later. Your limit will reset in 16 minutes. (trace ID: 5134348144f7e68984b4ec5ea6c6d0cd): {
  "cognition.ai/errorKind": "internal",
  "cognition.ai/retryable": true
}
DEVIN_CLI_EXITED code=1
Error: Agent error: Permission denied: Permission denied: Reached overall message rate limit. Please try again later. Your limit will reset in 14 minutes. (trace ID: 6f1acf76697712c4b1d5c639e281e330): {
  "cognition.ai/errorKind": "internal",
  "cognition.ai/retryable": true
}
DEVIN_CLI_EXITED code=1
Error: Agent error: Permission denied: Permission denied: Reached overall message rate limit. Please try again later. Your limit will reset in 12 minutes. (trace ID: b58d81d5b2e60ad4e10ff96e87f10fcc): {
  "cognition.ai/errorKind": "internal",
  "cognition.ai/retryable": true
}
DEVIN_CLI_EXITED code=1
Error: Agent error: Permission denied: Permission denied: Reached overall message rate limit. Please try again later. Your limit will reset in 10 minutes. (trace ID: 61790756656e9cd072d0a2a8b5cd3b00): {
  "cognition.ai/errorKind": "internal",
  "cognition.ai/retryable": true
}
DEVIN_CLI_EXITED code=1
Error: Agent error: Permission denied: Permission denied: Reached overall message rate limit. Please try again later. Your limit will reset in 8 minutes. (trace ID: c22a81712a64f2d4925c78f62cff6df6): {
  "cognition.ai/errorKind": "internal",
  "cognition.ai/retryable": true
}
DEVIN_CLI_EXITED code=1
Error: Agent error: Permission denied: Permission denied: Reached overall message rate limit. Please try again later. Your limit will reset in 6 minutes. (trace ID: cb73f347c791c0c1fd8aee3b4d70b345): {
  "cognition.ai/errorKind": "internal",
  "cognition.ai/retryable": true
}
DEVIN_CLI_EXITED code=1
Error: Agent error: Permission denied: Permission denied: Reached overall message rate limit. Please try again later. Your limit will reset in 4 minutes. (trace ID: a34dd45eb39cee1581fc49d963addcf0): {
  "cognition.ai/errorKind": "internal",
  "cognition.ai/retryable": true
}
DEVIN_CLI_EXITED code=1
Error: Agent error: Permission denied: Permission denied: Reached overall message rate limit. Please try again later. Your limit will reset in 2 minutes. (trace ID: 5d25625292bf3f6046271c741ce7f5c8): {
  "cognition.ai/errorKind": "internal",
  "cognition.ai/retryable": true
}
DEVIN_CLI_EXITED code=1
Error: Agent error: Permission denied: Permission denied: Reached overall message rate limit. Please try again later. Your limit will reset in 51 seconds. (trace ID: dae3bb51d643f765915871da21cffc20): {
  "cognition.ai/errorKind": "internal",
  "cognition.ai/retryable": true
}
DEVIN_CLI_EXITED code=1
基于我对 `AGENTS.md` 的阅读，我现在理解了分析任务。让我来梳理一下这三个输入：

- **问题**：求数量在3阶对称群中的元素个数 \( S_6 \)（群论 / 组合数学）
- **标准解答**：循环结构分析（LCM 为 3 的循环类型），计算单 3-循环 (40) + 双 3-循环 (40) = 80
- **AI 的思考**（第 95-942 行）：关于一个完全不同问题的详尽推理——即多项式 \( P(\kappa_1, \kappa_2) \) 是否必须是 \( F(\kappa_1\kappa_2) \) 的形式，才能使其在曲面的等距变换下保持不变（微分几何 / 曲面理论）

AI 的思考针对的是一个完全不同的数学问题。它从未涉及对称群、循环结构或排列计数。这是一个根本性的方向错误。

```xml
<analysis>
  <problem_id>deepmath_103k_00002066</problem_id>
  <dimension1_verdict>DIRECTION_ERROR</dimension1_verdict>
  <dimension1_explanation>The AI's thinking addresses an entirely different problem — whether a polynomial in principal curvatures that is intrinsically invariant must be a function of Gaussian curvature (a differential geometry question about surface isometries) — rather than the actual problem of counting elements of order 3 in S_6. The AI never engaged with symmetric groups, cycle structures, or permutation counting at all; it was exploring a completely unrelated area of mathematics.</dimension1_explanation>
  <dimension2_turning_point_type>other</dimension2_turning_point_type>
  <dimension2_explanation>The standard solution's key technique is cycle-structure analysis in the symmetric group: identifying that element order equals the LCM of disjoint cycle lengths, enumerating the two valid cycle types ([3,1,1,1] and [3,3]) with LCM 3, and applying the conjugacy-class counting formula n!/(∏ k^{m_k}·m_k!). This is combinatorial group theory, not modular arithmetic or finite field theory, so none of the listed turning-point categories apply.</dimension2_explanation>
  <ai_direction_summary>The AI's thinking went entirely into differential geometry, analyzing intrinsic invariants of surfaces under isometry and attempting to prove that P(κ₁,κ₂) must equal F(κ₁κ₂) using developable surfaces, pseudospherical surfaces, and the sine-Gordon/Bäcklund transformation theory.</ai_direction_summary>
  <standard_solution_key_technique>The standard solution uses cycle-structure decomposition of permutations in S_6, restricting to cycle types whose LCM equals 3, then counts each type via the conjugacy-class size formula to obtain 40+40=80.</standard_solution_key_technique>
  <confidence>high</confidence>
</analysis>
```

### ANALYSIS COMPLETE
DEVIN_CLI_EXITED code=0
