Looking at this problem, I need to find $n_a$ and $n_b$ for the two acquaintance scenarios.

## Analysis of Scenario (a): Group Travel

All 100 tourists travel together, visiting a sequence of cities $c_1, c_2, \ldots, c_{n_a}$. At each city $c_k$, every pair $(i,j)$ with $i \neq c_k$ and $j \neq c_k$ becomes acquainted (since neither is based there). Since every city 1–100 has exactly one resident, every visited city is someone's home.

**Lower bound ($n_a \geq 3$):** With 1 city $c_1$, the resident of $c_1$ meets nobody. With 2 cities $c_1, c_2$, the pair $(c_1, c_2)$ never meets — at $c_1$ tourist $c_1$ is home; at $c_2$ tourist $c_2$ is home. So $n_a \geq 3$.

**Upper bound ($n_a \leq 3$):** Visit any 3 distinct cities $c_1, c_2, c_3$. For pair $(c_1, c_2)$: city $c_3$ is neither's home ✓. For pair $(c_1, c_3)$: city $c_2$ ✓. For pair $(c_2, c_3)$: city $c_1$ ✓. For any other pair $(i,j)$: at least two of the three cities are not in $\{i,j\}$ ✓. So $n_a = 3$.

## Analysis of Scenario (b): Independent Travel

Each tourist visits at most $n_b$ cities (including home). Pair $(i,j)$ meets if both are simultaneously in some city $c \notin \{i,j\}$.

**Lower bound ($n_b \geq 3$):** With $n_b = 2$, each tourist visits at most 1 non-home city, say $f(i)$. For pair $(i,j)$ to meet: $f(i) = f(j) = c$ with $c \neq i,j$. For three tourists $i,j,k$: pair $(i,j)$ gives $f(i)=f(j)$; pair $(i,k)$ gives $f(i)=f(k)$. So all $f$-values equal some common $c$, requiring $c \neq i$ for all $i$ — impossible since $c$ is some city with a resident. Thus $n_b \geq 3$.

**Upper bound ($n_b \leq 3$):** I construct a schedule with 3 cities per tourist.

**Setup:** Choose city 1 as a "super-hub." All tourists $2, \ldots, 100$ visit city 1. Tourist 1 visits cities 2 and 3. Partition tourists $\{4, \ldots, 100\}$ into two groups $D$ and $E$ arbitrarily. Tourist 2 joins group $E$; tourist 3 joins group $D$.

**Routes (each = 3 cities):**
- Tourist 1: city 1 → city 2 → city 3
- Tourist 2: city 2 → city 1 → city 3
- Tourist 3: city 3 → city 1 → city 2
- Tourist $j \in D$ ($j \geq 4$): city $j$ → city 1 → city 2
- Tourist $j \in E$ ($j \geq 4$): city $j$ → city 1 → city 3

**Timing (3 phases):**
- **Phase 1:** Tourists 2–100 all gather at city 1 (tourist 1 is home there). All pairs among $\{2,\ldots,100\}$ meet — none is based at city 1. ✓
- **Phase 2:** Tourist 1 and group $D$ tourists proceed to city 2. No group $D$ member is based at city 2 (tourist 2 is in group $E$), so tourist 1 meets all of group $D$ at city 2. ✓
- **Phase 3:** Tourist 1 and group $E$ tourists proceed to city 3. No group $E$ member is based at city 3 (tourist 3 is in group $D$), so tourist 1 meets all of group $E$ at city 3. ✓

**Verification of all pairs:**
- Pairs among $\{2, \ldots, 100\}$: meet at city 1 ✓
- Pair $(1, j)$ for $j \in D$: meet at city 2 ✓
- Pair $(1, j)$ for $j \in E$: meet at city 3 ✓

Every pair is covered. Each tourist visits exactly 3 cities. So $n_b = 3$.

## Final Computation

$$10 \cdot n_a + n_b = 10 \cdot 3 + 3 = \boxed{33}$$

### PROOF COMPLETE
DEVIN_CLI_EXITED code=0
