Looking at this problem, I need to analyze the symmetry of the weight-graded Bell polynomial under the exchange $f \leftrightarrow g$ with $c \leftrightarrow n-c$.

## Proof

**Setup and Definitions.**

The partial Bell polynomial $B_{n,k}(x_1, x_2, \ldots, x_{n-k+1})$ is defined by:
$$B_{n,k}(x_1, \ldots, x_{n-k+1}) = \sum_{\substack{j_1, \ldots, j_{n-k+1} \ge 0 \\ \sum i\, j_i = n,\; \sum j_i = k}} \frac{n!}{\prod j_i!} \prod_{i=1}^{n-k+1} \left(\frac{x_i}{i!}\right)^{j_i}$$

with the exponential generating function:
$$\frac{1}{k!}\left(\sum_{j \ge 1} x_j \frac{t^j}{j!}\right)^k = \sum_{n \ge k} B_{n,k}(x_1, \ldots)\,\frac{t^n}{n!}.$$

**Interpretation of the notation.** The expression $B_{n,k}(f', f'', \ldots, f^{(n-k+1)})_{(f \to g)^c}$ denotes the **weight-graded component** of $B_{n,k}(f'+g',\, f''+g'',\, \ldots,\, f^{(n-k+1)}+g^{(n-k+1)})$ in which the **total $g$-weight equals $c$**, where the $g$-weight of a term is the sum of derivative orders $\sum i\, a_i$ assigned to $g$-factors. Since the total weight is $n$, the $f$-weight is $n - c$.

**Expansion.** Setting $x_i = f^{(i)} + g^{(i)}$ and expanding via the binomial theorem:

$$B_{n,k}(f'+g', \ldots, f^{(n-k+1)}+g^{(n-k+1)}) = \sum_{\pi(n,k)}\; \sum_{\substack{0 \le a_i \le j_i}} \frac{n!}{\prod a_i!\, \prod (j_i - a_i)!} \prod_{i} \frac{(f^{(i)})^{j_i - a_i}\,(g^{(i)})^{a_i}}{(i!)^{j_i}}$$

where $\pi(n,k)$ ranges over all $(j_1, \ldots, j_{n-k+1})$ with $\sum i\, j_i = n$ and $\sum j_i = k$.

The **$g$-weight** of each term is $W_g = \sum i\, a_i$ and the **$f$-weight** is $W_f = \sum i\,(j_i - a_i) = n - W_g$.

**Left-hand side** (selecting $g$-weight $= c$):

$$L_c = \sum_{\pi(n,k)}\; \sum_{\substack{0 \le a_i \le j_i \\ \sum i\, a_i = c}} \frac{n!}{\prod a_i!\, \prod (j_i - a_i)!} \prod_{i} \frac{(f^{(i)})^{j_i - a_i}\,(g^{(i)})^{a_i}}{(i!)^{j_i}}$$

**Right-hand side.** The expression $B_{n,k}(g', g'', \ldots, g^{(n-k+1)})_{(g \to f)^{n-c}}$ selects terms from $B_{n,k}(g'+f', g''+f'', \ldots)$ where the $f$-weight equals $n - c$. Using the same expansion (with $f$ and $g$ swapped in the base, but the polynomial is identical since $f^{(i)}+g^{(i)} = g^{(i)}+f^{(i)}$):

$$R_{n-c} = \sum_{\pi(n,k)}\; \sum_{\substack{0 \le a_i \le j_i \\ \sum i\,(j_i - a_i) = n-c}} \frac{n!}{\prod a_i!\, \prod (j_i - a_i)!} \prod_{i} \frac{(g^{(i)})^{a_i}\,(f^{(i)})^{j_i - a_i}}{(i!)^{j_i}}$$

**Key observation.** The constraint $\sum i\,(j_i - a_i) = n - c$ is equivalent to $\sum i\, a_i = c$, since $\sum i\, j_i = n$. Therefore:

$$R_{n-c} = \sum_{\pi(n,k)}\; \sum_{\substack{0 \le a_i \le j_i \\ \sum i\, a_i = c}} \frac{n!}{\prod a_i!\, \prod (j_i - a_i)!} \prod_{i} \frac{(f^{(i)})^{j_i - a_i}\,(g^{(i)})^{a_i}}{(i!)^{j_i}} = L_c$$

The summands are identical (multiplication is commutative) and the summation ranges coincide.

**Verification with generating functions.** This can also be seen elegantly via the generating function. Writing $F(t) = \sum_j f^{(j)} \frac{t^j}{j!}$ and $G(t) = \sum_j g^{(j)} \frac{t^j}{j!}$:

$$B_{n,k}(f'+g', \ldots) = \frac{n!}{k!}[t^n]\,(F(t)+G(t))^k$$

Since $F(t) + G(t) = G(t) + F(t)$, the polynomial $B_{n,k}(f'+g', \ldots) = B_{n,k}(g'+f', \ldots)$ is one and the same object. The left side grades this object by $g$-weight $= c$; the right side grades the same object by $f$-weight $= n-c$, which is the same condition as $g$-weight $= c$. Both select precisely the same terms with the same coefficients.

**Conclusion.** The equality
$$B_{n,k}(f'(x),f''(x),\cdots,f^{(n-k+1)}(x))_{(f \rightarrow g)^c} = B_{n,k}(g'(x),g''(x),\cdots,g^{(n-k+1)}(x))_{(g \rightarrow f)^{n-c}}$$
holds for all valid $n, k, c$. The function **is symmetrical**: exchanging $f \leftrightarrow g$ and $c \leftrightarrow n-c$ leaves the expression invariant, because both sides select the identical set of mixed terms (those with $g$-weight $c$ and $f$-weight $n-c$) from the same Bell polynomial $B_{n,k}(f'+g', f''+g'', \ldots)$. $\blacksquare$

### PROOF COMPLETE
DEVIN_CLI_EXITED code=0
