## Answer Leak Self-Check

The problem text contains only the problem statement and solving constraints. No leaked answers, solution sketches, or formalization notes are present. Proceeding to solve.

## Solution

**Contour.** $\gamma$ is the circle $|z-2|=2$, centered at $z_0=2$ with radius $R=2$, positively oriented (counterclockwise). The pole $z=2$ lies inside $\gamma$.

**Key identity on the contour.** For any point $z$ on $\gamma$, we have $|z-2|^2 = 4$, i.e., $(z-2)\overline{(z-2)}=4$. Hence
$$\overline{z-2} = \frac{4}{z-2}.$$
Since $\bar{2}=2$,
$$\bar{z} = \overline{(z-2)+2} = \overline{z-2}+2 = 2 + \frac{4}{z-2}.$$

**Decompose the integrand.** Substituting,
$$\frac{\bar{z}}{z-2} = \frac{2}{z-2} + \frac{4}{(z-2)^2}.$$

**Integrate term by term.**

$$\oint_\gamma \frac{\bar{z}}{z-2}\,dz = \oint_\gamma \frac{2}{z-2}\,dz + \oint_\gamma \frac{4}{(z-2)^2}\,dz.$$

For the first term, by Cauchy's integral formula (or the residue theorem), with $z_0=2$ inside $\gamma$:
$$\oint_\gamma \frac{2}{z-2}\,dz = 2\cdot 2\pi i = 4\pi i.$$

For the second term, $\frac{4}{(z-2)^2}$ has a pole of order $2$ at $z=2$. Its residue is the coefficient of $(z-2)^{-1}$, which is $0$ (the Laurent expansion is just $4(z-2)^{-2}$ with no $(z-2)^{-1}$ term). Equivalently, by Cauchy's integral formula for derivatives with $f\equiv 4$ (a constant, so $f'(2)=0$):
$$\oint_\gamma \frac{4}{(z-2)^2}\,dz = \frac{2\pi i}{1!}\,f'(2) = 2\pi i \cdot 0 = 0.$$

**Combine.**
$$\oint_\gamma \frac{\bar{z}}{z-2}\,dz = 4\pi i + 0 = 4\pi i.$$

**Verification via direct parametrization.** Let $z = 2+2e^{i\theta}$, $\theta\in[0,2\pi]$. Then $dz = 2ie^{i\theta}\,d\theta$, $z-2 = 2e^{i\theta}$, and $\bar{z}=2+2e^{-i\theta}$. Thus
$$\frac{\bar{z}}{z-2}\,dz = \frac{2+2e^{-i\theta}}{2e^{i\theta}}\cdot 2ie^{i\theta}\,d\theta = i(2+2e^{-i\theta})\,d\theta.$$
Integrating:
$$\int_0^{2\pi} i(2+2e^{-i\theta})\,d\theta = i\left(4\pi + 2\cdot\frac{e^{-i\theta}}{-i}\Big|_0^{2\pi}\right) = i(4\pi + 0) = 4\pi i.$$

Both methods agree.

$$\boxed{\oint_\gamma \frac{\bar{z}}{z-2}\,dz = 4\pi i}$$

### PROOF COMPLETE
DEVIN_CLI_EXITED code=0
