## 解答

**答案：$p = 285$。**

### 模型与判定准则

将问题建模为二部图 $G=(C, P)$，其中 $C$ 为 20 个集群（每个需求 15），$P$ 为 300 个数据包（每个容量 1）。集群 $c$ 与数据包 $x$ 相邻当且仅当 $c$ 将 $x$ 列入白名单。完美分配即一个 $b$-匹配：每个集群匹配 15 个数据包，每个数据包匹配 1 个集群。

由 Hall 定理的 $b$-匹配推广（等价于源点→集群(容量15)→数据包(容量1)→汇点(容量1) 的最大流等于 300），完美分配存在当且仅当

$$\forall\, S\subseteq C:\quad |N(S)|\;\ge\; 15\,|S|, \tag{$\ast$}$$

其中 $N(S)$ 是 $S$ 中所有集群的白名单数据包之并。

### 关键引理

对任意 $S\subseteq C$，设 $|S|=k$。$S$ 中每个集群恰有 $p$ 条边，全部落入 $N(S)$，故 $S$ 到 $N(S)$ 的边数为 $kp$。$N(S)$ 中每个数据包至多与 $S$ 的 $k$ 个集群相邻，因此

$$|N(S)|\;\ge\;\frac{kp}{k}=p. \tag{1}$$

### $p=285$ 时条件 $(\ast)$ 恒成立

设存在 $S$ 使 $|N(S)|<15|S|$。由 (1)，$p\le|N(S)|<15k$，故 $15k>285$，即 $k\ge 20$。但 $k\le 20$，故 $k=20$，此时 $S=C$。由题设每个数据包至少被一个集群白名单，$N(C)=P$，$|N(C)|=300=15\cdot 20$，与 $|N(S)|<300$ 矛盾。

所以 $p=285$ 时 Hall 条件恒满足，完美分配总存在。

### $p<285$ 时存在反例

取 $k=19$，令 $t=\max(p,\,300-p)$。因 $15<p<285$，有 $t<285=15\cdot 19$（当 $p\le150$ 时 $t=300-p<285$；当 $p>150$ 时 $t=p<285$）。

构造：选 $T\subseteq P$，$|T|=t$。令 19 个集群的白名单全部含于 $T$（每个在 $T$ 内取 $p$ 个，可行因 $t\ge p$）。剩下 1 个集群的白名单覆盖 $P\setminus T$（共 $300-t$ 个数据包），可行因该集群有 $p\ge 300-t$ 条边（由 $t\ge 300-p$）。这样每个数据包至少被一个集群白名单，且每个集群恰有 $p$ 个白名单数据包。

取 $S$ 为这 19 个集群，则 $N(S)=T$，$|N(S)|=t<285=15\cdot 19=15|S|$，Hall 条件被破坏，无完美分配。

（验证端点：$p=16$ 时 $t=284<285$；$p=284$ 时 $t=284<285$。均成立。）

### 结论

$p=285$ 是保证分配总可行的最小值：$p\ge 285$ 时 Hall 条件恒成立；$p<285$ 时存在使 Hall 条件失败的白名单配置。

### PROOF COMPLETE
DEVIN_CLI_EXITED code=0
