## Geodesics on the Cone $z^2 = 8(x^2+y^2)$

### Setup and metric

Consider the upper sheet $z = 2\sqrt{2}\,r$ where $r=\sqrt{x^2+y^2}$ (the lower sheet $z=-2\sqrt{2}\,r$ is identical by symmetry). Parametrize with cylindrical coordinates $(r,\theta)$:

$$x=r\cos\theta,\quad y=r\sin\theta,\quad z=2\sqrt{2}\,r.$$

Computing $ds^2=dx^2+dy^2+dz^2$:

$$dx^2+dy^2 = dr^2+r^2\,d\theta^2,\qquad dz^2=8\,dr^2,$$

so the induced metric on the cone is

$$\boxed{ds^2 = 9\,dr^2 + r^2\,d\theta^2.}$$

### Development of the cone onto a plane

The cone is a **developable surface**. Along a generator ($\theta=\text{const}$) the arc length from the apex to parameter $r$ is

$$\rho = \int_0^r 3\,dr' = 3r.$$

A circle of constant $r$ on the cone has circumference $2\pi r$. On the developed plane, a circle of radius $\rho=3r$ has circumference $2\pi\rho=6\pi r$. The cone therefore covers the fraction

$$\frac{2\pi r}{6\pi r}=\frac{1}{3}$$

of the full plane, i.e. the developed image is a **sector of angle**

$$\beta = \frac{2\pi}{3}\;(=120°).$$

Equivalently, $\beta=2\pi\sin\alpha$ where $\alpha$ is the half-angle: $\sin\alpha=\tfrac{1}{3}$ since $\tan\alpha=1/(2\sqrt{2})$.

Introduce planar polar coordinates $(\rho,\phi)$ on the sector via

$$\rho = 3r,\qquad \phi=\frac{\theta}{3},\qquad \phi\in\bigl[0,\tfrac{2\pi}{3}\bigr),$$

with the two boundary rays $\phi=0$ and $\phi=2\pi/3$ identified (this is the cone). In these coordinates $ds^2=d\rho^2+\rho^2\,d\phi^2$, the flat Euclidean metric — confirming the development is an isometry.

### Geodesics = straight lines on the developed sector

Since the development is an isometry, **geodesics on the cone correspond to straight lines on the sector** (with boundary identification). A straight line in the plane at perpendicular distance $p\ge 0$ from the origin, making angle $\phi_0$ with the reference direction, has equation

$$\rho\cos(\phi-\phi_0)=p.$$

Substituting $\rho=3r$, $\phi=\theta/3$:

$$\boxed{\,3r\cos\!\Bigl(\frac{\theta}{3}-\phi_0\Bigr)=p,\qquad r=\sqrt{x^2+y^2},\;\theta=\arg(x+iy)\,}$$

for arbitrary constants $p\ge 0$ and $\phi_0$. The case $p=0$ gives $\theta=\text{const}$, i.e. the **generators** (rulings) of the cone — straight lines through the apex.

### Verification via the Euler–Lagrange equations

The Lagrangian for arc-length-parameterized curves is $L=9\dot r^2+r^2\dot\theta^2=1$. The conserved angular momentum and radial equation are

$$r^2\dot\theta=h\;(\text{const}),\qquad 9\ddot r=r\dot\theta^2.$$

From the unit-speed condition $9\dot r^2+h^2/r^2=1$, so $\dot r=\frac{1}{3r}\sqrt{r^2-h^2}$ (requiring $r\ge h$, the closest approach to the apex). Then

$$\frac{d\theta}{dr}=\frac{h/r^2}{\frac{1}{3r}\sqrt{r^2-h^2}}=\frac{3h}{r\sqrt{r^2-h^2}}.$$

Substituting $r=h\sec\psi$ gives $d\theta=3\,d\psi$, hence $\theta=3\psi+C$, i.e.

$$r\cos\!\Bigl(\frac{\theta-C}{3}\Bigr)=h,$$

which is exactly the development result with $p=3h$ and $\phi_0=C/3$. The two derivations agree.

### Summary

The geodesics on the cone $z^2=8(x^2+y^2)$ are:

1. **Generators** (rulings): straight lines on the cone through the apex, $\theta=\text{const}$, equivalently $y=(\tan\theta_0)\,x$ for fixed $\theta_0$.

2. **Non-degenerate geodesics**: curves that wind around the cone, given in polar form by

$$3\sqrt{x^2+y^2}\;\cos\!\left(\frac{1}{3}\arg(x+iy)-\phi_0\right)=p,\qquad p>0,$$

for constants $p$ and $\phi_0$. Each such curve has a **perihelion** (closest approach to the apex) at $r=p/3$, where it is tangent to the circle $r=p/3$ and then spirals away. A given geodesic winds around the apex through a total angular range of at most $\pi$ in the developed $\phi$-coordinate, i.e. at most $\frac{3\pi}{2}$ in $\theta$; if it crosses the sector boundary it continues from the identified opposite boundary, wrapping around the cone.

Geodesics through the apex exist only when the straight line on the developed sector passes through the origin — these are precisely the generators ($p=0$), or pairs of generators meeting at the apex at angle $\pi$ in the developed plane (i.e. angle $3\pi$ in $\theta$, which is a single ruling traversed in both directions).

### PROOF COMPLETE
