Looking at this problem, I need to determine which single-bug configurations can be reduced to all-off using moves that toggle 3 consecutive squares.

## Setup as Linear Algebra over GF(2)

Represent the grid state as a vector in $\mathbb{F}_2^{36}$. Each move (toggling 3 consecutive squares horizontally or vertically) is a vector $m \in \mathbb{F}_2^{36}$. A single bug at $(i,j)$ can be turned off if and only if the basis vector $e_{i,j}$ lies in the span of all move vectors (the column space of the move matrix $M$).

By the fundamental theorem of linear algebra, $e_{i,j} \in \operatorname{col}(M)$ if and only if $e_{i,j}$ is orthogonal to every vector in $\operatorname{null}(M^T)$.

## Computing the Orthogonal Complement

The null space $\operatorname{null}(M^T)$ consists of all configurations $c$ such that for every move $m$, we have $c \cdot m = 0 \pmod{2}$. Since each move toggles 3 consecutive squares, this means:

**Horizontal constraints:** For each row $i$ and $j = 1,\ldots,4$: $c_{i,j} + c_{i,j+1} + c_{i,j+2} = 0$.

**Vertical constraints:** For each column $j$ and $i = 1,\ldots,4$: $c_{i,j} + c_{i+1,j} + c_{i+2,j} = 0$.

### Solving the horizontal constraints (per row)

From consecutive equations: $c_1 + c_2 + c_3 = 0$ and $c_2 + c_3 + c_4 = 0$ give $c_1 = c_4$. Similarly $c_2 = c_5$ and $c_3 = c_6$. So each row has the form $(a, b, a{+}b, a, b, a{+}b)$ — **period 3** with the constraint $a + b + (a+b) = 0$ (automatically satisfied). Each row is determined by 2 free parameters, giving 12 free variables after horizontal constraints (rank 24).

### Applying vertical constraints

Each column also must have period 3. Column 1 has entries $a_1, a_2, a_3, a_4, a_5, a_6$ (the first parameter of each row). The vertical constraints force $a_1 = a_4$, $a_2 = a_5$, $a_3 = a_6$, and $a_1 + a_2 + a_3 = 0$ — reducing 6 variables to 2. The same applies to column 2 (the $b_i$ parameters). Column 3 equals column 1 + column 2, so its constraints are automatically satisfied. Columns 4, 5, 6 are copies, so their constraints are dependent.

This adds 8 independent constraints, giving total rank $24 + 8 = 32$, so $\dim(\operatorname{null}(M^T)) = 36 - 32 = 4$.

### Explicit parametrization

The grid is periodic with period 3 in both directions, determined by a $3 \times 3$ block with zero row and column sums. Setting the first two columns freely as $(a, b)$ and $(c, d)$:

$$A = \begin{pmatrix} a & b & a+b \\ c & d & c+d \\ a+c & b+d & a+b+c+d \end{pmatrix}$$

with parameters $a, b, c, d \in \mathbb{F}_2$ freely chosen (16 vectors total).

## Checking Which Positions Are in $S$

Position $(i,j)$ is in $S$ if and only if $c_{i,j} = 0$ for **every** null space vector $c$. By periodicity, this depends only on $(r,s) = ((i{-}1) \bmod 3 + 1,\; (j{-}1) \bmod 3 + 1)$ in the $3 \times 3$ block. I check each position:

| Position $(r,s)$ | Entry | Can be 1? |
|---|---|---|
| $(1,1)$ | $a$ | Yes ($a=1$) |
| $(1,2)$ | $b$ | Yes ($b=1$) |
| $(1,3)$ | $a+b$ | Yes ($a=1,b=0$) |
| $(2,1)$ | $c$ | Yes ($c=1$) |
| $(2,2)$ | $d$ | Yes ($d=1$) |
| $(2,3)$ | $c+d$ | Yes ($c=1,d=0$) |
| $(3,1)$ | $a+c$ | Yes ($a=1,c=0$) |
| $(3,2)$ | $b+d$ | Yes ($b=1,d=0$) |
| $(3,3)$ | $a+b+c+d$ | Yes ($a=1,b=c=d=0$) |

For **every** position in the $3 \times 3$ block, there exists a null space vector that is nonzero at that position. Therefore, for every $(i,j)$ in the $6 \times 6$ grid, there exists an invariant (a null space vector $c$) with $c_{i,j} = 1$, meaning $e_{i,j} \cdot c = 1 \neq 0$. This prevents $e_{i,j}$ from lying in the column space of $M$.

## Conclusion

No single-bug configuration can be reduced to all-off. Every position $(i,j)$ has at least one conserved quantity (from the 4-dimensional null space) that is nonzero, making it impossible to reach the all-off state.

$$|S| = \boxed{0}$$

### PROOF COMPLETE
DEVIN_CLI_EXITED code=0
