Looking at this problem, I need to compare the standard solution (about minimizing coprime pairs in a set of 31 numbers) with the AI's thinking.

The key observation is striking: **the AI's thinking is about a completely different problem**. The AI discusses the convergence of rearranged alternating series $\sum \frac{(-1)^i}{i^p}$ under permutations satisfying $k_n - n = o(n^q)$. This has nothing to do with coprime pairs, sets of 31 numbers from {1,...,60}, or any aspect of the actual problem.

The AI never mentions:
- Coprime/relatively prime numbers
- Sets of 31 elements
- The set {1, 2, ..., 60}
- Even/odd number selection strategy
- Inclusion-exclusion over prime factors

The standard solution's key approach is combinatorial: take all 30 even numbers (which have no coprime pairs among them since all share factor 2), then add one odd number that shares the most prime factors with evens (15 or 45, with prime factors 3 and 5), yielding 16 coprime pairs minimum.

```xml
<analysis>
  <problem_id>oda_math_460k_00021048</problem_id>
  <dimension1_verdict>DIRECTION_ERROR</dimension1_verdict>
  <dimension1_explanation>The AI's thinking addresses a completely different problem — convergence of rearranged alternating series under permutation constraints — rather than the actual problem about minimizing coprime pairs in a set of 31 numbers from {1,...,60}. The AI never engages with coprime numbers, set selection, or any aspect of the given problem.</dimension1_explanation>
  <dimension2_turning_point_type>other</dimension2_turning_point_type>
  <dimension2_explanation>The standard solution uses combinatorial optimization with inclusion-exclusion over prime factors: it recognizes that all 30 even numbers share factor 2 (zero coprime pairs), then selects the odd number (15 or 45) with prime factors 3 and 5 to maximize shared factors with evens, minimizing coprime pairs to 16. This is a combinatorial/number-theoretic argument, not a standard modular arithmetic technique.</dimension2_explanation>
  <ai_direction_summary>The AI attempted to solve an unrelated problem about the convergence of rearranged alternating series under permutations satisfying growth constraints, producing a lengthy but irrelevant analysis.</ai_direction_summary>
  <standard_solution_key_technique>The standard solution uses the fact that 30 even numbers form a coprime-free set, then applies inclusion-exclusion over prime factors to find the odd number (15 or 45) minimizing coprime pairs with the evens, yielding a minimum of 16.</standard_solution_key_technique>
  <confidence>high</confidence>
</analysis>
```

### ANALYSIS COMPLETE
DEVIN_CLI_EXITED code=0
