## Proof

**Answer leak check:** The problem text contains only the problem statement and procedural constraints. No solution, answer, or proof sketch is leaked. Proceeding.

---

**Claim:** $\displaystyle\int_C k\,ds = 2\pi$.

### Step 1. The curve is a simple closed $C^\infty$ curve.

Let $F(x,y)=x^4+y^4-1$. The curve is $C=F^{-1}(0)$. Since $F$ is strictly convex and $F(0,0)=-1<0$ while $F\to+\infty$, the level set $F=0$ is a single simple closed curve enclosing the origin. It is smooth because $\nabla F=(4x^3,4y^3)$ vanishes only at the origin, which does not lie on $C$. Hence $C$ is a $C^\infty$ simple closed curve.

### Step 2. The curve is convex.

$C$ is the boundary of the unit ball $B=\{(x,y):x^4+y^4\le 1\}$ of the $\ell^4$ norm. The $\ell^4$ norm is a norm (positive definite, homogeneous, Minkowski-inequality via convexity of $t\mapsto t^4$), so $B$ is a convex body. Thus $C$ is a convex curve.

### Step 3. Apply the theorem of turning tangents (Hopf's Umlaufsatz).

For a $C^2$ simple closed plane curve traversed once counterclockwise, the total signed curvature satisfies
$$\int_C k\,ds = 2\pi.$$
Since $C$ is a $C^\infty$ simple closed curve, traversing it once counterclockwise and applying the theorem gives $\int_C k\,ds = 2\pi$.

### Step 4. Direct verification via symmetry (independent check).

Traverse $C$ counterclockwise. Let $\theta(s)$ be the tangent angle as a function of arc length, so $k = d\theta/ds$ and $\int_C k\,ds = \theta(L)-\theta(0)$ where $L$ is the total length.

The curve has the symmetries $(x,y)\mapsto(-x,y)$ and $(x,y)\mapsto(x,-y)$, so it suffices to examine the first-quadrant arc from $(1,0)$ to $(0,1)$.

- At $(1,0)$: moving counterclockwise (into the first quadrant, upward), the tangent is vertical: $\theta=\pi/2$.
- At $(0,1)$: moving counterclockwise (into the second quadrant, leftward), the tangent is horizontal pointing left: $\theta=\pi$.

So the tangent angle increases by $\pi/2$ over the first-quadrant arc. By the fourfold symmetry, each quadrant arc contributes $\pi/2$, giving
$$\int_C k\,ds = 4\cdot\frac{\pi}{2}=2\pi.$$

Both the general theorem and the direct symmetry computation agree.

---

$$\boxed{\displaystyle\int_C k\,ds = 2\pi.}$$

### PROOF COMPLETE
DEVIN_CLI_EXITED code=0
