Looking at this problem, I need to determine whether there exists a vector field $X$ with two nested closed orbits such that $D(f) = (\Delta \circ L_X - L_X \circ \Delta)(f)$ is nowhere vanishing on the closed annulus between them.

**Answer: Yes.**

## Proof

**Step 1: Compute $D$ explicitly.**

Let $X = a\,\partial_x + b\,\partial_y$. Since $L_X f = af_x + bf_y$ for functions, a direct expansion gives:

$$D(f) = (\Delta a)\,f_x + (\Delta b)\,f_y + 2a_x\,f_{xx} + 2(a_y+b_x)\,f_{xy} + 2b_y\,f_{yy}.$$

**Step 2: Construct the vector field.**

Take $\epsilon \neq 0$ and define:
$$X = (1+\epsilon x)\bigl(-y\,\partial_x + x\,\partial_y\bigr).$$

This is a smooth (polynomial) vector field on $\mathbb{R}^2$. Here $a = -y(1+\epsilon x)$, $b = x(1+\epsilon x)$.

**Step 3: Verify the closed orbits.**

The flow satisfies $\dot{x} = -y(1+\epsilon x)$, $\dot{y} = x(1+\epsilon x)$. Wherever $1+\epsilon x \neq 0$:
$$\frac{dy}{dx} = \frac{x(1+\epsilon x)}{-y(1+\epsilon x)} = -\frac{x}{y},$$
so $x\,dx + y\,dy = 0$, giving $x^2 + y^2 = \text{const}$. The orbits are circles.

On a circle of radius $R$, parametrizing $x = R\cos\phi$, $y = R\sin\phi$, we get $\dot{\phi} = 1 + \epsilon R\cos\phi$. When $|\epsilon|R < 1$, we have $\dot{\phi} > 0$ everywhere, so $\phi$ increases monotonically and the orbit closes with period $T = \int_0^{2\pi}\frac{d\phi}{1+\epsilon R\cos\phi} = \frac{2\pi}{\sqrt{1-\epsilon^2 R^2}} < \infty$.

Choose $0 < r_1 < r_2 < 1/|\epsilon|$. Then $\gamma_1 = \{r = r_1\}$ and $\gamma_2 = \{r = r_2\}$ are two nested closed orbits of $X$, and the closed annulus $\overline{A} = \{r_1 \le r \le r_2\}$ lies entirely in the region $1 + \epsilon x > 0$.

**Step 4: Compute $D(f)$ for $f = y$.**

Using the commutator directly:
$$L_X f = a\,f_x + b\,f_y = (-y - \epsilon xy)\cdot 0 + (x + \epsilon x^2)\cdot 1 = x + \epsilon x^2.$$
$$\Delta(L_X f) = \Delta(x + \epsilon x^2) = 0 + 2\epsilon = 2\epsilon.$$
$$\Delta f = \Delta y = 0, \qquad L_X(\Delta f) = L_X(0) = 0.$$
$$D(f) = 2\epsilon - 0 = 2\epsilon.$$

**Step 5: Conclusion.**

$D(f) = 2\epsilon$ is a nonzero constant, hence $D(f) \neq 0$ at every point of $\overline{A}$ (and indeed on all of $\mathbb{R}^2$). The vector field $X = (1+\epsilon x)(-y\,\partial_x + x\,\partial_y)$ has two nested closed orbits $\gamma_1 \subset \gamma_2$ (circles of radii $r_1 < r_2 < 1/|\epsilon|$), and the smooth function $f = y$ satisfies $D(f) = 2\epsilon \not\equiv 0$ on the closure of the annular region between them.

**Remark.** The rotation field $X_0 = -y\,\partial_x + x\,\partial_y$ is a Killing field, so $[\Delta, L_{X_0}] = 0$. Multiplying by the non-constant factor $(1+\epsilon x)$ breaks the Killing property while preserving the circular orbit structure, producing a nonzero commutator. The function $f = y$ is harmonic ($\Delta f = 0$), so $D(f) = \Delta(L_X f)$ reduces to the Laplacian of the polynomial $x + \epsilon x^2$, yielding the nonzero constant $2\epsilon$.

### PROOF COMPLETE
DEVIN_CLI_EXITED code=0
