Looking at this problem, I need to determine whether the inclusion $i: X \times \{0,1\} \cup A \times I \hookrightarrow X \times I$ is a cofibration when $(X,A)$ is a relative CW-complex.

**Answer: Yes, the inclusion is a cofibration.**

## Proof

We show that $(X \times I,\; X \times \{0,1\} \cup A \times I)$ is itself a relative CW-complex. Since every relative CW-inclusion is a cofibration (a standard theorem in homotopy theory), this establishes the result.

### Setup

Since $(X,A)$ is a relative CW-complex, there is a filtration
$$A = X^{-1} \subset X^0 \subset X^1 \subset \cdots \subset X$$
where $X^n$ is obtained from $X^{n-1}$ by attaching $n$-cells $\{e^n_\alpha\}_{\alpha \in J_n}$ via attaching maps $\varphi^n_\alpha: S^{n-1} \to X^{n-1}$, and $X$ carries the weak topology.

### The filtration on $X \times I$

Define
$$Z^n = X \times \{0,1\} \cup X^n \times I, \qquad n \geq -1.$$

Then $Z^{-1} = X \times \{0,1\} \cup A \times I$ is our base, and $\bigcup_{n \geq -1} Z^n = X \times I$.

### $Z^n$ is obtained from $Z^{n-1}$ by attaching $(n+1)$-cells

For each $n$-cell $e^n_\alpha$ of $(X,A)$ with $n \geq 0$, consider the $(n+1)$-cell $e^n_\alpha \times (0,1)$. Its closure is $\overline{e^n_\alpha} \times I \cong D^n \times I \cong D^{n+1}$, and its boundary is:
$$\partial\bigl(\overline{e^n_\alpha} \times I\bigr) = \overline{e^n_\alpha} \times \{0,1\} \cup \partial e^n_\alpha \times I \;\cong\; D^n \times \{0,1\} \cup S^{n-1} \times I \;\cong\; S^n.$$

The last homeomorphism holds because $D^n \times I \cong D^{n+1}$ (both are compact convex bodies in $\mathbb{R}^{n+1}$), and $D^n \times \{0,1\} \cup S^{n-1} \times I$ is the full boundary of $D^n \times I$, which maps to $\partial D^{n+1} = S^n$.

The attaching map $\psi^n_\alpha: S^n \to Z^{n-1}$ is defined by:
- **On $D^n \times \{0,1\}$:** the characteristic map $\Phi^n_\alpha \times \mathrm{id}_{\{0,1\}}: D^n \times \{0,1\} \to X \times \{0,1\} \subset Z^{n-1}$.
- **On $S^{n-1} \times I$:** the attaching map $\varphi^n_\alpha \times \mathrm{id}_I: S^{n-1} \times I \to X^{n-1} \times I \subset Z^{n-1}$.

These agree on the overlap $S^{n-1} \times \{0,1\}$ (both restrict to $\varphi^n_\alpha \times \mathrm{id}_{\{0,1\}}$), so $\psi^n_\alpha$ is well-defined and continuous. Then:
$$Z^n = Z^{n-1} \cup_{\{\psi^n_\alpha\}} \bigsqcup_{\alpha \in J_n} D^{n+1}.$$

### Topology verification

Since $I$ is compact Hausdorff (hence locally compact), the product $X \times I$ carries the weak topology with respect to $\{A \times I\} \cup \{\overline{e^n_\alpha} \times I\}$. The subspace $Z^{-1} = X \times \{0,1\} \cup A \times I$ is closed in $X \times I$ (since $\{0,1\}$ is closed in $I$ and $A$ is closed in $X$).

A subset $C \subset X \times I$ is closed in the weak topology for $(X \times I, Z^{-1})$ iff:
1. $C \cap Z^{-1}$ is closed in $Z^{-1}$, and
2. $C \cap (\overline{e^n_\alpha} \times I)$ is closed in $\overline{e^n_\alpha} \times I$ for each $\alpha$.

Now, $Z^{-1}$ itself carries the weak topology with respect to $\{A \times I\} \cup \{\overline{e^n_\alpha} \times \{0,1\}\}$ (since $X \times \{0\}$ and $X \times \{1\}$ each inherit the weak topology from $X$, and $A \times \{0,1\} \subset A \times I$). So condition (1) decomposes into:
- $C \cap (A \times I)$ is closed in $A \times I$, and
- $C \cap (\overline{e^n_\alpha} \times \{0,1\})$ is closed in $\overline{e^n_\alpha} \times \{0,1\}$ for each $\alpha$.

But the second sub-condition is implied by condition (2) (since $\overline{e^n_\alpha} \times \{0,1\} \subset \overline{e^n_\alpha} \times I$). Therefore the weak topology condition reduces to:
- $C \cap (A \times I)$ is closed in $A \times I$, and
- $C \cap (\overline{e^n_\alpha} \times I)$ is closed in $\overline{e^n_\alpha} \times I$ for each $\alpha$.

This is precisely the weak topology with respect to $\{A \times I\} \cup \{\overline{e^n_\alpha} \times I\}$, which equals the product topology on $X \times I$. Hence the relative CW-structure is topologically valid.

### Conclusion

$(X \times I,\; X \times \{0,1\} \cup A \times I)$ is a relative CW-complex with $(n+1)$-cells $\{e^n_\alpha \times (0,1)\}_{\alpha \in J_n}$ for $n \geq 0$. By the standard theorem that every relative CW-inclusion is a cofibration — which follows from the facts that $(D^n, S^{n-1})$ has the HEP, and cofibrations are stable under pushouts and transfinite composition — the inclusion
$$i: X \times \{0,1\} \cup A \times I \hookrightarrow X \times I$$
is a cofibration. $\blacksquare$

### PROOF COMPLETE
DEVIN_CLI_EXITED code=0
