## Proof

**Setup.** We have 5 groups (Group 1 through Group 5), each a nonempty subset of a specialist pool $A$. We need:
1. Every consecutive pair $(G_i, G_{i+1})$ for $i=1,2,3,4$ shares at least one specialist.
2. No specialist belongs to 4 or more groups (i.e., each specialist is in at most 3 groups).

We seek the minimum $|A|$.

**Lower bound: $|A| \geq 2$.**

A single specialist can belong to at most 3 groups. Since all 5 groups must be nonempty, one specialist can populate at most 3 of the 5 groups, leaving at least 2 groups empty — a contradiction. Hence $|A| \geq 2$.

**Upper bound: $|A| = 2$ suffices.**

Define two specialists $a, b$:
- $a$ belongs to Groups $\{1, 2, 3\}$.
- $b$ belongs to Groups $\{3, 4, 5\}$.

**Check nonemptiness:** Group 1 has $a$; Group 2 has $a$; Group 3 has $a, b$; Group 4 has $b$; Group 5 has $b$. All nonempty. ✓

**Check consecutive sharing:**
- $(G_1, G_2)$: both contain $a$. ✓
- $(G_2, G_3)$: both contain $a$. ✓
- $(G_3, G_4)$: both contain $b$. ✓
- $(G_4, G_5)$: both contain $b$. ✓

**Check the 4-group constraint:** $a$ is in 3 groups, $b$ is in 3 groups. Neither is in 4 or more groups. ✓

**Conclusion.** The lower bound is 2 and the construction with 2 specialists satisfies all constraints. Therefore the smallest possible number of specialists is $\boxed{2}$.

### PROOF COMPLETE
DEVIN_CLI_EXITED code=0
