我将直接在 TUI 中解答这个问题。

## 证明

**设定。** 设 $n$ 个部门的得分分别为 $s_1 < s_2 < \cdots < s_n$（互不相同）。每场比赛分配 $2$ 分（$2$-$0$ 或 $1$-$1$），因此总分等于 $\sum s_i = 2\binom{n}{2} = n(n-1)$。每个 $s_i \in [0,\, 2(n-1)]$。

**$n \le 12$ 时的下界。** 设 $L = s_1$ 为最低分。最低分部门战胜了排名前三的部门，因此在这三场特定的比赛中至少获得了 $2+2+2 = 6$ 分，即 $L \ge 6$。另一方面，$n$ 个以 $L$ 为最小值的不同非负整数之和至少为 $L + (L+1) + \cdots + (L+n-1) = nL + \frac{n(n-1)}{2}$。由于该总和必须等于 $n(n-1)$，我们得到 $nL \le \frac{n(n-1)}{2}$，即 $L \le \frac{n-1}{2}$。结合 $L \ge 6$，得到 $\frac{n-1}{2} \ge 6$，即 $n \ge 13$。

**$n=13$ 时的构造。** 当 $n=13$ 时，$L=6$（因为 $6 \le L \le 6$），且最小总和 $6+7+\cdots+18 = \frac{(6+18)\cdot 13}{2} = 156 = 13\cdot 12$。因此，得分集合被唯一确定为 $\{6, 7, 8, \ldots, 18\}$，其中部门 $D_k$ 的目标得分为 $k$。

分配部门 $D_6$ 的比赛结果：$D_6$ 战胜 $D_{16}, D_{17}, D_{18}$（获得 $6$ 分），并输给 $D_7, \ldots, D_{15}$（获得 $0$ 分）。总计 $= 6$。 ✓

对于剩余的 $12$ 个部门 $\{D_7, \ldots, D_{18}\}$，调整后的目标得分（已计入与 $D_6$ 的比赛）如下：
$$\{5, 6, 7, 8, 9, 10, 11, 12, 13, 16, 17, 18\},$$
总和 $= 132 = 12 \cdot 11$。 ✓

**可实现性（Moon 定理）。** 对于 $2$-$1$-$0$ 循环赛，一个非递减序列 $(a_1, \ldots, a_m)$ 是可实现的当且仅当 $\sum a_i = m(m-1)$ 且对于所有 $k$，满足 $\sum_{i=1}^{k} a_i \ge k(k-1)$（因为每场比赛贡献 $2$ 分，所以底部 $k$ 个部门之间的比赛恰好贡献 $k(k-1)$ 分；跨场比赛贡献 $\ge 0$）。整数约束不会破坏充分性，因为底层网络流矩阵是全单模的。

检查调整后的序列 $\{5,6,7,8,9,10,11,12,13,16,17,18\}$：

| $k$ | $\sum_{i\le k} a_i$ | $k(k-1)$ |
|---|---|---|
| 1 | 5 | 0 |
| 2 | 11 | 2 |
| 3 | 18 | 6 |
| 4 | 26 | 12 |
| 5 | 35 | 20 |
| 6 | 45 | 30 |
| 7 | 56 | 42 |
| 8 | 68 | 56 |
| 9 | 81 | 72 |
| 10 | 97 | 90 |
| 11 | 114 | 110 |
| 12 | 132 | 132 |

所有不等式均成立，且 $k=12$ 时等式成立。因此，存在一个关于 $D_7, \ldots, D_{18}$ 的 $2$-$1$-$0$ 循环赛，能实现调整后的得分。结合 $D_6$ 的比赛结果，这产生了一个有效的 $13$ 个部门的循环赛，其中：

- 所有得分都是唯一的：$\{6, 7, \ldots, 18\}$，
- 最低分部门 $D_6$ 在正面交锋中战胜了 $D_{16}, D_{17}, D_{18}$（得分最高的三个部门）。

**结论。** $n \le 12$ 是不可能的，而 $n = 13$ 是可实现的。$n$ 的最小可能值为 $\boxed{13}$。

### PROOF COMPLETE
DEVIN_CLI_EXITED code=0
