Looking at this problem, I need to evaluate $\int_{-\infty}^{\infty} \frac{\sin(ax) - \sin(bx)}{x^2}\,dx$ for $a, b > 0$.

**Answer leak check:** The problem text contains no leaked solutions, answer values, or proof sketches. Proceeding.

---

## Proof

**Step 1: Parity of the integrand.**

Let $f(x) = \frac{\sin(ax) - \sin(bx)}{x^2}$. Then

$$f(-x) = \frac{\sin(-ax) - \sin(-bx)}{(-x)^2} = \frac{-\sin(ax) + \sin(bx)}{x^2} = -f(x).$$

So $f$ is an **odd** function.

**Step 2: Nature of the singularity and interpretation.**

Near $x = 0$, using $\sin(cx) = cx - \frac{c^3 x^3}{6} + \cdots$,

$$\sin(ax) - \sin(bx) = (a-b)x - \frac{(a^3 - b^3)x^3}{6} + \cdots,$$

so

$$f(x) = \frac{a-b}{x} - \frac{(a^3-b^3)x}{6} + \cdots.$$

There is a $1/x$ singularity at $x=0$ (when $a \neq b$), so the integral does **not** converge as a standard improper integral (each side $\int_0^\infty$ and $\int_{-\infty}^0$ diverges logarithmically). The integral is therefore interpreted as a **Cauchy principal value**:

$$\text{PV}\int_{-\infty}^{\infty} f(x)\,dx = \lim_{\substack{\epsilon \to 0^+ \\ R \to \infty}} \left(\int_{-R}^{-\epsilon} f(x)\,dx + \int_{\epsilon}^{R} f(x)\,dx\right).$$

At infinity, $|f(x)| \leq \frac{2}{x^2}$, so the tails converge absolutely — the only issue is at $x=0$.

**Step 3: The principal value is zero by oddness.**

Since $f$ is odd, for any $\epsilon > 0$ and $R > \epsilon$, the substitution $x \mapsto -x$ gives

$$\int_{-R}^{-\epsilon} f(x)\,dx = \int_{\epsilon}^{R} f(-u)\,du = \int_{\epsilon}^{R} (-f(u))\,du = -\int_{\epsilon}^{R} f(u)\,du.$$

Therefore

$$\int_{-R}^{-\epsilon} f(x)\,dx + \int_{\epsilon}^{R} f(x)\,dx = 0$$

for all $\epsilon, R$. Taking the limit, the principal value is **0**.

**Step 4: Verification via integration by parts (independent confirmation).**

Write $f(x) = \frac{\sin(ax)}{x^2} - \frac{\sin(bx)}{x^2}$. For each term, use the identity

$$\frac{\sin(cx)}{x^2} = \frac{c\cos(cx)}{x} - \frac{d}{dx}\!\left(\frac{\sin(cx)}{x}\right),$$

which follows from $\frac{d}{dx}\frac{\sin(cx)}{x} = \frac{cx\cos(cx) - \sin(cx)}{x^2}$.

Taking the principal value over $(-\infty, \infty)$:

$$\text{PV}\int_{-\infty}^{\infty} \frac{\sin(cx)}{x^2}\,dx = c\,\text{PV}\!\int_{-\infty}^{\infty} \frac{\cos(cx)}{x}\,dx - \left[\frac{\sin(cx)}{x}\right]_{-\infty}^{\infty}.$$

- $\frac{\cos(cx)}{x}$ is odd, so its principal value integral is $0$.
- $\frac{\sin(cx)}{x} \to 0$ as $x \to \pm\infty$, so the boundary term vanishes.

Hence $\text{PV}\int_{-\infty}^{\infty} \frac{\sin(cx)}{x^2}\,dx = 0$ for every $c > 0$, and therefore

$$\text{PV}\int_{-\infty}^{\infty} \frac{\sin(ax) - \sin(bx)}{x^2}\,dx = 0 - 0 = 0.$$

---

## Result

$$\boxed{\int_{-\infty}^{\infty} \frac{\sin(ax) - \sin(bx)}{x^2}\,dx = 0}$$

(interpreted as a Cauchy principal value, which is necessary due to the $1/x$ singularity at the origin).

### PROOF COMPLETE
DEVIN_CLI_EXITED code=0
