## Answer Leak Self-Check

I have reviewed the problem text. It contains only the problem statement and procedural constraints — no solutions, solution sketches, formalization notes, or leaked answer values. No leak detected. Proceeding to solve.

## Proof

Let $P_n = p_1 p_2 \cdots p_n = \prod_{i=1}^{n} p_i$ denote the $n$-th primorial. We wish to determine whether

$$L = \lim_{n \to \infty} P_n^{1/p_n}$$

converges, and if so, to find its value.

**Step 1: Reduce to a logarithmic limit.**

Since $P_n > 0$, the limit $L$ exists (as a finite positive value) if and only if $\ln L = \lim_{n\to\infty} \ln(P_n^{1/p_n})$ exists, in which case $L = e^{\ln L}$. We compute:

$$\ln(P_n^{1/p_n}) = \frac{1}{p_n}\sum_{i=1}^{n} \ln p_i.$$

**Step 2: Identify the sum as a Chebyshev function.**

Define the first Chebyshev function

$$\theta(x) = \sum_{p \le x} \ln p,$$

where the sum runs over all primes $p \le x$. Since $p_1, p_2, \ldots, p_n$ are exactly the primes $\le p_n$, we have

$$\sum_{i=1}^{n} \ln p_i = \theta(p_n).$$

Therefore

$$\ln(P_n^{1/p_n}) = \frac{\theta(p_n)}{p_n}.$$

**Step 3: Apply the Prime Number Theorem.**

The Prime Number Theorem (PNT) states that

$$\pi(x) \sim \frac{x}{\ln x} \quad (x \to \infty),$$

where $\pi(x)$ is the prime-counting function. A classical and well-known equivalent formulation of the PNT is

$$\theta(x) \sim x \quad (x \to \infty).$$

*Equivalence sketch.* The equivalence $\pi(x) \sim x/\ln x \iff \theta(x) \sim x$ follows from Abel (partial) summation. Writing $\theta(x) = \sum_{p \le x} \ln p$ and using Stieltjes integration,

$$\pi(x) \ln x = \theta(x) + \int_{2}^{x} \frac{\theta(t)}{t}\,dt.$$

If $\theta(x) \sim x$, then $\int_2^x \theta(t)/t\,dt \sim x$, so $\pi(x)\ln x \sim 2x$, giving $\pi(x) \sim x/\ln x$ (the factor $2$ is absorbed since $\theta(x)/x \to 1$ makes the integral $\sim \ln x$... more carefully: $\int_2^x \theta(t)/t\,dt \sim \int_2^x 1\,dt \cdot$ ... ). The standard clean argument: from $\theta(x) = \sum_{p\le x}\ln p$ and summation by parts one obtains $\theta(x) = \pi(x)\ln x - \int_2^x \pi(t)/t\,dt$. Substituting $\pi(t) \sim t/\ln t$ yields $\theta(x) \sim x$. The reverse direction is analogous. This equivalence is a standard result in analytic number theory (see, e.g., the treatment in Apostol or Hardy–Wright).

**Step 4: Evaluate the limit.**

Since $p_n \to \infty$ as $n \to \infty$ (the primes are unbounded), we may substitute $x = p_n \to \infty$ into $\theta(x)/x \to 1$:

$$\frac{\theta(p_n)}{p_n} \to 1 \quad (n \to \infty).$$

Hence

$$\ln(P_n^{1/p_n}) = \frac{\theta(p_n)}{p_n} \to 1.$$

**Step 5: Conclude.**

Exponentiating,

$$\lim_{n\to\infty} P_n^{1/p_n} = e^{1} = e.$$

**Numerical sanity check.** For small $n$:
- $n=3$: $P_3 = 30$, $30^{1/5} \approx 1.974$
- $n=5$: $P_5 = 2310$, $2310^{1/11} \approx 2.046$
- $n=10$: $P_{10} = 6{,}469{,}693{,}230$, $p_{10}=29$, $P_{10}^{1/29} \approx 2.31$

The values increase monotonically toward $e \approx 2.71828\ldots$, consistent with the limit $e$.

### Conclusion

The limit converges, and its value is

$$\boxed{e}.$$

### PROOF COMPLETE
DEVIN_CLI_EXITED code=0
