Looking at this problem, I need to compare the standard solution's approach with the AI's thinking to understand why the AI arrived at a different answer.

**Key observations:**

1. **Standard solution** uses only the basic counting/pigeonhole argument: 40 meetings × C(10,2)=45 pairs = 1800 distinct pairs needed. Since C(n,2) ≥ 1800 gives n(n-1) ≥ 3600, and 60×59=3540 < 3600 < 3660=61×60, the answer is 61. This is a one-step counting bound with no achievability construction.

2. **AI's thinking** started with the SAME counting bound (n ≥ 61), but then went in a completely different direction by introducing:
   - A **degree bound**: each member attends at most ⌊(n-1)/9⌋ meetings, showing n=61 is impossible (max total attendance 366 < 400)
   - A **Fisher-type/Jensen's inequality bound**: ∑C(r_i,2) ≤ C(40,2)=780, yielding n ≥ 82
   - A **construction** using Steiner system S(2,5,41) and its dual to achieve n=82

3. **Critical assessment**: The AI's degree bound argument is mathematically sound — for n=61, each member can attend at most 6 meetings (since 9×7=63 > 60), giving max total attendance 366 < 400. This means n=61 is genuinely impossible, and the standard solution appears incomplete (it only provides a lower bound without verifying achievability). The AI actually found a more rigorous answer.

The AI "failed" relative to the standard solution because it went in a fundamentally different direction — instead of stopping at the simple counting bound, it introduced sophisticated combinatorial design theory (degree bounds, Jensen's inequality, Steiner systems) that the standard solution never considers.

```xml
<analysis>
  <problem_id>polymath_03306</problem_id>
  <dimension1_verdict>DIRECTION_ERROR</dimension1_verdict>
  <dimension1_explanation>The standard solution uses only a simple pair-counting lower bound (n≥61) and stops there, while the AI went in a fundamentally different direction by introducing degree bounds, Fisher-type inequalities (Jensen's inequality on ∑C(r_i,2)≤C(40,2)), and Steiner system constructions, arriving at n=82. The AI never considered that the problem might be solvable by the simple counting argument alone; it immediately sought stronger constraints. Notably, the AI's degree bound (showing n=61 is impossible since max attendance would be 366<400) appears mathematically valid, suggesting the standard solution may be incomplete — but the AI's direction diverged entirely from the standard approach.</dimension1_explanation>
  <dimension2_turning_point_type>other</dimension2_turning_point_type>
  <dimension2_explanation>The standard solution's key technique is basic combinatorial counting (pigeonhole principle on pairs): each meeting generates C(10,2)=45 unique pairs, 40 meetings need 1800 pairs, and C(n,2)≥1800 gives n≥61. This is a straightforward counting argument with no modular arithmetic, finite field structure, or any of the specialized techniques listed.</dimension2_explanation>
  <ai_direction_summary>The AI started with the same counting bound but then pivoted to sophisticated combinatorial design theory — degree bounds, Jensen's inequality, and Steiner system S(2,5,41) constructions — ultimately concluding the answer is 82.</ai_direction_summary>
  <standard_solution_key_technique>The standard solution uses only the basic pair-counting lower bound: 40×45=1800 distinct pairs require C(n,2)≥1800, giving n≥61.</standard_solution_key_technique>
  <confidence>medium</confidence>
</analysis>
```

### ANALYSIS COMPLETE
DEVIN_CLI_EXITED code=0
