## 答案泄露自检

题目文本很干净——没有泄露的解答、解答摘要或形式化说明。继续。

## 证明

令 $K(x,y) = \sin(x+y)$，因此 $Tf(x) = \int_0^x K(x,y)f(y)\,dy$。对于 $C[0,\pi]$ 上的 Volterra 型算子，其上确界范数（sup-norm）的算子范数由下式给出：

$$\|T\| = \sup_{x\in[0,\pi]} \int_0^x |K(x,y)|\,dy.$$

**上界。** 对于任意 $f$ 满足 $\|f\|_\infty \le 1$，

$$|Tf(x)| \le \int_0^x |\sin(x+y)|\,|f(y)|\,dy \le \int_0^x |\sin(x+y)|\,dy,$$

因此 $\|T\| \le \sup_{x} g(x)$，其中 $g(x) := \int_0^x |\sin(x+y)|\,dy$。

**下界（可达性）。** 对于固定的 $x_0$，函数 $\operatorname{sgn}(\sin(x_0+y))$ 在 $[0,x_0]$ 上可以被满足 $\|f\|_\infty\le 1$ 的连续函数逼近，从而得到 $Tf(x_0) \to g(x_0)$。因此 $\|T\| \ge \sup_x g(x)$。结合上界可得 $\|T\| = \sup_x g(x)$。

**计算 $g(x)$。** 代入 $u = x+y$：

$$g(x) = \int_x^{2x} |\sin u|\,du.$$

*当 $x \in [0, \pi/2]$ 时*：此时 $[x,2x]\subseteq[0,\pi]$，其中 $\sin u \ge 0$，因此

$$g(x) = \int_x^{2x}\sin u\,du = \cos x - \cos 2x.$$

那么 $g'(x) = \sin x\,(4\cos x - 1)$，在 $\cos x = \tfrac14$（即 $x=\arccop\tfrac14$）处有一个临界点，得到 $g = \tfrac14 - (-\tfrac78) = \tfrac98$。端点为：$g(0)=0$， $g(\pi/2)=1$。此区域的最大值为 $\tfrac98$。

*当 $x\in[\pi/2,\pi]$ 时*：区间 $[x,2x]$ 跨越了 $u=\pi$，此时 $\sin u$ 变号，因此

$$g(x) = \int_x^{\pi}\sin u\,du + \int_{\pi}^{2x}(-\sin u)\,du = (1+\cos x) + (1+\cos 2x) = 2 + \cos x + \cos 2x.$$

那么 $g'(x) = -\sin x\,(1+4\cos x)$，在 $\cos x = -\tfrac14$ 处有一个临界点，得到 $g = 2 - \tfrac14 - \tfrac78 = \tfrac78$。端点为：$g(\pi/2)=1$， $g(\pi) = 2 + (-1) + 1 = 2$。

**比较所有候选值：** $\tfrac98$, $0$, $1$（来自区域 1）；$\tfrac78$, $1$, $2$（来自区域 2）。全局最大值为

$$\sup_{x\in[0,\pi]} g(x) = g(\pi) = \int_{\pi}^{2\pi}|\sin u|\,du = 2.$$

**通过显式测试函数验证。** 取 $f \equiv -1$（满足 $\|f\|_\infty = 1$）。则

$$Tf(\pi) = \int_0^{\pi}\sin(\pi+y)(-1)\,dy = -\int_0^{\pi}(-\sin y)\,dy = \int_0^{\pi}\sin y\,dy = 2.$$

因此 $\|Tf\|_\infty \ge |Tf(\pi)| = 2$，从而得到 $\|T\| \ge 2$。结合上界 $\|T\|\le 2$，我们得出结论：

$$\boxed{\|T\| = 2}.$$

### 证明完成
DEVIN_CLI_EXITED code=0
