## Proof

**Problem.** Determine the number of ways to tile a $2 \times n$ wall using bricks of size $1 \times k$ and $2 \times k$, where $k$ is a fixed positive integer.

**Answer.** The number of ways is
$$f(n) = \begin{cases} 2^{\,n/k} & \text{if } k \mid n, \\ 0 & \text{if } k \nmid n. \end{cases}$$

---

**Proof.**

We prove by strong induction on $n$ (for fixed $k$).

**Base cases.** $f(0) = 1$ (the empty wall, one way). For $0 < n < k$: no brick can fit (every brick has width $k > n$), so $f(n) = 0$.

**Inductive step.** Consider a $2 \times n$ wall with $n \geq k$. Examine the top-left cell $(1,1)$.

*Key observation:* The brick covering $(1,1)$ must **start at column 1**, since no brick can extend from the left (there is nothing to the left of column 1). Every brick has width exactly $k$, so this brick covers columns $1$ through $k$ in its row(s). There are two cases:

- **Case A:** A $2 \times k$ brick covers both rows, columns $1$–$k$. Then cell $(2,1)$ is also covered, and columns $1$ through $k$ are completely filled.

- **Case B:** A $1 \times k$ brick covers the top row, columns $1$–$k$. Then cell $(2,1)$ is still uncovered and must be covered by a brick starting at column 1 (same reasoning: nothing extends from the left). A $2 \times k$ brick starting at column 1 would conflict with the top-row brick already covering $(1,1)$, so cell $(2,1)$ must be covered by a $1 \times k$ brick in the bottom row, columns $1$–$k$. Again, columns $1$ through $k$ are completely filled.

In **both** cases, columns $1$ through $k$ are fully covered by bricks that start at column 1 and end at column $k$, and **no brick extends past column $k$** into column $k+1$ (since every brick starting at column 1 has width $k$ and ends at column $k$, and no brick can start at columns $2, \dots, k$ because those cells are already covered).

Therefore the tiling decomposes into:
- A complete tiling of columns $1$–$k$ (a $2 \times k$ block), done in **exactly 2 ways** (Case A or Case B), and
- An independent tiling of columns $k+1$–$n$ (a $2 \times (n-k)$ wall).

This gives the recurrence:
$$f(n) = 2 \cdot f(n - k), \quad n \geq k.$$

**Solving the recurrence.** Iterating:
$$f(n) = 2 \cdot f(n-k) = 2^2 \cdot f(n - 2k) = \cdots = 2^j \cdot f(n - jk).$$

Let $n = qk + r$ with $0 \leq r < k$. Then $f(n) = 2^q \cdot f(r)$.

- If $r = 0$ (i.e., $k \mid n$): $f(n) = 2^q \cdot f(0) = 2^q = 2^{n/k}$.
- If $r > 0$ (i.e., $k \nmid n$): $f(n) = 2^q \cdot f(r) = 2^q \cdot 0 = 0$.

This completes the induction. $\blacksquare$

### PROOF COMPLETE
DEVIN_CLI_EXITED code=0
