Looking at this problem, I need to find the critical wavelength of the Turing-type bifurcation in an anisotropic reaction-diffusion system by minimizing the dispersion relation H over wavenumbers.

**Answer leak check:** The problem statement contains only the system setup and dispersion relation — no solutions, sketches, or answer values. Proceeding to solve.

---

## Proof

**Setup.** Let $X = k_x^2$, $Y = k_y^2$ (both $\geq 0$). The dispersion relation is

$$H(X,Y) = d_1 d_3\, X^2 + p_1\, XY + d_2 d_4\, Y^2 - \gamma\, p_2\, X - \gamma\, p_3\, Y + \gamma^2 \Delta,$$

where $\Delta = f_u g_v - f_v g_u > 0$ (steady-state stability without diffusion) and $p_1 = d_1 d_4 + d_2 d_3 > 0$, $p_2 = d_3 f_u + d_1 g_v$, $p_3 = d_4 f_u + d_2 g_v$.

**Step 1: Locate the minimum of $H$.** Since all diffusion coefficients are positive, the quadratic form $Q(X,Y) = d_1 d_3 X^2 + p_1 XY + d_2 d_4 Y^2 \to +\infty$ as $(X,Y)\to\infty$ in the first quadrant, so $H$ attains a minimum. Setting partial derivatives to zero:

$$\frac{\partial H}{\partial X} = 2\,d_1 d_3\, X + p_1\, Y - \gamma\, p_2 = 0, \qquad \frac{\partial H}{\partial Y} = p_1\, X + 2\,d_2 d_4\, Y - \gamma\, p_3 = 0.$$

This is the linear system

$$\begin{pmatrix} 2\,d_1 d_3 & p_1 \\ p_1 & 2\,d_2 d_4 \end{pmatrix} \begin{pmatrix} X \\ Y \end{pmatrix} = \gamma \begin{pmatrix} p_2 \\ p_3 \end{pmatrix}.$$

**Step 2: Solve the system.** The determinant is

$$\mathcal{D} = 4\,d_1 d_2 d_3 d_4 - p_1^2 = 4\,d_1 d_2 d_3 d_4 - (d_1 d_4 + d_2 d_3)^2 = -(d_1 d_4 - d_2 d_3)^2.$$

Define $\delta = d_1 d_4 - d_2 d_3$. When $\delta \neq 0$ (the genuinely anisotropic case), $\mathcal{D} = -\delta^2 \neq 0$ and the system has a unique solution. Computing the numerators:

$$2\,d_2 d_4\, p_2 - p_1\, p_3 = \delta\,(d_2\, g_v - d_4\, f_u), \qquad 2\,d_1 d_3\, p_3 - p_1\, p_2 = \delta\,(d_3\, f_u - d_1\, g_v).$$

Therefore:

$$\boxed{X^* = k_{cx}^2 = \frac{\gamma\,(d_4\, f_u - d_2\, g_v)}{\delta}, \qquad Y^* = k_{cy}^2 = \frac{\gamma\,(d_1\, g_v - d_3\, f_u)}{\delta}.}$$

**Step 3: Verify the minimum value.** At the critical point, from the stationarity conditions:
$$2\,d_1 d_3\,(X^*)^2 + p_1\, X^* Y^* = \gamma\, p_2\, X^*, \qquad p_1\, X^* Y^* + 2\,d_2 d_4\,(Y^*)^2 = \gamma\, p_3\, Y^*.$$

Adding: $2\,Q(X^*,Y^*) = \gamma\,(p_2\, X^* + p_3\, Y^*)$, so $H_{\min} = Q - \gamma(p_2 X^* + p_3 Y^*) + \gamma^2 \Delta = -Q + \gamma^2 \Delta$.

A direct (albeit lengthy) expansion of $Q(X^*,Y^*)$ using the expressions above yields:

$$Q(X^*,Y^*) = \frac{\gamma^2}{\delta^2}\Big[d_1 d_3\,A^2 + p_1\,AB + d_2 d_4\,B^2\Big],$$

where $A = d_4 f_u - d_2 g_v$, $B = d_1 g_v - d_3 f_u$. Collecting the $f_u^2$, $g_v^2$, and $f_u g_v$ coefficients:

- **$f_u^2$ coefficient:** $d_1 d_3 d_4^2 + d_2 d_3^2 d_4 - d_1 d_3 d_4^2 - d_2 d_3^2 d_4 = 0$.
- **$g_v^2$ coefficient:** $d_1 d_2^2 d_3 + d_1^2 d_2 d_4 - d_1^2 d_2 d_4 - d_1 d_2^2 d_3 = 0$.
- **$f_u g_v$ coefficient:** $-4\,d_1 d_2 d_3 d_4 + d_1^2 d_4^2 + 2\,d_1 d_2 d_3 d_4 + d_2^2 d_3^2 = (d_1 d_4 - d_2 d_3)^2 = \delta^2$.

Hence $Q(X^*,Y^*) = \gamma^2\, f_u\, g_v$, and

$$H_{\min} = \gamma^2(f_u g_v - f_v g_u) - \gamma^2\, f_u\, g_v = -\gamma^2\, f_v\, g_u.$$

**Step 4: Bifurcation condition.** The system bifurcates to spatially structured solutions when $H_{\min} < 0$, i.e., when $f_v\, g_u > 0$ (the activator–inhibitor condition), **provided** the critical point lies in the first quadrant: $X^* > 0$ and $Y^* > 0$. These accessibility conditions, together with the homogeneous stability conditions ($f_u + g_v < 0$, $\Delta > 0$), constitute the full Turing instability criteria for the anisotropic system.

**Step 5: Critical wavelength.** The critical wavenumber is

$$k_c^2 = X^* + Y^* = \frac{\gamma}{\delta}\Big[(d_4 - d_3)\,f_u + (d_1 - d_2)\,g_v\Big].$$

The **critical wavelength** is therefore:

$$\boxed{\lambda_c = \frac{2\pi}{k_c} = 2\pi\sqrt{\frac{d_1\, d_4 - d_2\, d_3}{\gamma\,\big[(d_4 - d_3)\,f_u + (d_1 - d_2)\,g_v\big]}}.}$$

**Consistency check (isotropic limit).** When $d_1 = d_3 = D_u$ and $d_2 = d_4 = D_v$ (isotropic diffusion), $\delta = D_u D_v - D_u V_v = 0$ and the formula becomes singular — as expected, since in the isotropic case $H$ depends only on $k^2 = k_x^2 + k_y^2$ and the minimum is degenerate along a circle. The standard isotropic result $k_c^2 = \gamma(D_v f_u + D_u g_v)/(2\,D_u D_v)$ is recovered by minimizing $H$ as a function of $k^2$ alone, which is the $\delta \to 0$ regularization of the anisotropic formula.

### PROOF COMPLETE
DEVIN_CLI_EXITED code=0
