**Answer leak check:** The problem statement contains no leaked solution, answer, or proof sketch. Proceeding to solve.

---

## Solution

**Claim:** Yes, such a linear operator $S$ exists.

### Setup

Let $H_1=(V,\langle\cdot,\cdot\rangle_1)$ and $H_2=(V,\langle\cdot,\cdot\rangle_2)$ denote the two Hilbert-space structures on the same underlying $\mathbb{C}$-vector space $V$. Both are separable Hilbert spaces, and the norms are equivalent:
$$c^{-1}\|\phi\|_1\le\|\phi\|_2\le c\,\|\phi\|_1,\qquad\forall\phi\in V.$$

We seek a $\mathbb{C}$-linear map $S:V\to V$ with $\|S\phi\|_1=\|\phi\|_2$ for all $\phi\in V$, i.e. an isometry $H_2\to H_1$.

### Key observation: the two Hilbert spaces have the same Hilbert dimension

Recall that the **Hilbert dimension** of a Hilbert space is the cardinality of any orthonormal basis, and that two Hilbert spaces are isometrically isomorphic (unitarily equivalent) **iff** they have the same Hilbert dimension.

Since $H_1$ and $H_2$ share the same underlying vector space, they have the same **algebraic (Hamel) dimension** $\dim_{\mathbb C}V$. Because both are *separable*, the Hilbert dimension of each is determined by the algebraic dimension:

- If $\dim_{\mathbb C}V=n<\infty$, then both $H_1$ and $H_2$ have Hilbert dimension $n$ (an orthonormal basis is a Hamel basis in finite dimension).
- If $\dim_{\mathbb C}V$ is infinite, separability forces the Hilbert dimension of each to be exactly $\aleph_0$ (a separable infinite-dimensional Hilbert space has a countably infinite orthonormal basis, and conversely such a basis spans a dense subspace whose algebraic dimension is $\aleph_0$, matching the only possibility for the underlying space).

In either case, $H_1$ and $H_2$ have the **same Hilbert dimension**.

### Existence of a unitary $S:H_2\to H_1$

By the classification of Hilbert spaces up to unitary equivalence, two Hilbert spaces of the same Hilbert dimension are related by a **surjective linear isometry** (a unitary). Concretely: pick an orthonormal basis $\{e_\alpha\}_{\alpha\in A}$ of $H_2$ and an orthonormal basis $\{f_\alpha\}_{\alpha\in A}$ of $H_1$ indexed by the same set $A$ (possible since the Hilbert dimensions agree), and define
$$S\Big(\sum_{\alpha}\,a_\alpha\,e_\alpha\Big)=\sum_{\alpha}\,a_\alpha\,f_\alpha,$$
where the sums are convergent in the respective norms. This $S:V\to V$ is $\mathbb{C}$-linear, bijective, and satisfies
$$\|S\phi\|_1^2=\sum_{\alpha}|a_\alpha|^2=\|\phi\|_2^2,$$
hence $\|S\phi\|_1=\|\phi\|_2$ for every $\phi\in V$.

### Boundedness with respect to either norm

- **As an operator $H_2\to H_1$:** $S$ is an isometry, so $\|S\|_{2\to 1}=1$.
- **As an operator $H_1\to H_1$:** using the norm equivalence,
  $$\|S\phi\|_1=\|\phi\|_2\le c\,\|\phi\|_1,$$
  so $\|S\|_{1\to 1}\le c$.

Thus $S$ is bounded with respect to either norm (in fact with respect to all four natural choices of domain/target norm, each bounded by $1$ or $c$ or $c^2$).

### Conclusion

Such a linear operator $S:V\to V$ **always exists**: it is a unitary (surjective linear isometry) between the two Hilbert-space structures, guaranteed by the fact that two separable Hilbert spaces on the same underlying vector space have the same Hilbert dimension and are therefore unitarily equivalent. The norm equivalence ensures $S$ is bounded with respect to either norm.

### PROOF COMPLETE
DEVIN_CLI_EXITED code=0
