Error: Agent error: Permission denied: Permission denied: Reached overall message rate limit. Please try again later. Your limit will reset in 53 minutes. (trace ID: 51b0876c7a7a8cb0ec2554d01da6dc58): {
  "cognition.ai/errorKind": "internal",
  "cognition.ai/retryable": true
}
DEVIN_CLI_EXITED code=1
Error: Agent error: Permission denied: Permission denied: Reached overall message rate limit. Please try again later. Your limit will reset in 52 minutes. (trace ID: 4f564659bc9bd2230c3406efdf783b2e): {
  "cognition.ai/errorKind": "internal",
  "cognition.ai/retryable": true
}
DEVIN_CLI_EXITED code=1
Error: Agent error: Permission denied: Permission denied: Reached overall message rate limit. Please try again later. Your limit will reset in 50 minutes. (trace ID: c6c00ccd2be2fca530729813e5b2c91d): {
  "cognition.ai/errorKind": "internal",
  "cognition.ai/retryable": true
}
DEVIN_CLI_EXITED code=1
Error: Agent error: Permission denied: Permission denied: Reached overall message rate limit. Please try again later. Your limit will reset in 48 minutes. (trace ID: c8e3950ecd822316514eab9de278b117): {
  "cognition.ai/errorKind": "internal",
  "cognition.ai/retryable": true
}
DEVIN_CLI_EXITED code=1
Error: Agent error: Permission denied: Permission denied: Reached overall message rate limit. Please try again later. Your limit will reset in 45 minutes. (trace ID: d5c55e8fd1149cd53ca1557e31512f6f): {
  "cognition.ai/errorKind": "internal",
  "cognition.ai/retryable": true
}
DEVIN_CLI_EXITED code=1
Error: Agent error: Permission denied: Permission denied: Reached overall message rate limit. Please try again later. Your limit will reset in 44 minutes. (trace ID: 6b48c1f45ed7234115053f52c96aa897): {
  "cognition.ai/errorKind": "internal",
  "cognition.ai/retryable": true
}
DEVIN_CLI_EXITED code=1
Error: Agent error: Permission denied: Permission denied: Reached overall message rate limit. Please try again later. Your limit will reset in 42 minutes. (trace ID: 1ec5bd6d749f80fe547ca89c840a1e1d): {
  "cognition.ai/errorKind": "internal",
  "cognition.ai/retryable": true
}
DEVIN_CLI_EXITED code=1
Error: Agent error: Permission denied: Permission denied: Reached overall message rate limit. Please try again later. Your limit will reset in 39 minutes. (trace ID: baaaaf004cbc3f32c7fc2adbe975992f): {
  "cognition.ai/errorKind": "internal",
  "cognition.ai/retryable": true
}
DEVIN_CLI_EXITED code=1
Error: Agent error: Permission denied: Permission denied: Reached overall message rate limit. Please try again later. Your limit will reset in 38 minutes. (trace ID: aae36057ac29a5a7e8ba0f299ee6595d): {
  "cognition.ai/errorKind": "internal",
  "cognition.ai/retryable": true
}
DEVIN_CLI_EXITED code=1
Error: Agent error: Permission denied: Permission denied: Reached overall message rate limit. Please try again later. Your limit will reset in 35 minutes. (trace ID: c79d85f66aef42d259549874b6e84aa6): {
  "cognition.ai/errorKind": "internal",
  "cognition.ai/retryable": true
}
DEVIN_CLI_EXITED code=1
Error: Agent error: Permission denied: Permission denied: Reached overall message rate limit. Please try again later. Your limit will reset in 33 minutes. (trace ID: d03967e3e4fb80c41a090e3c3a2d8313): {
  "cognition.ai/errorKind": "internal",
  "cognition.ai/retryable": true
}
DEVIN_CLI_EXITED code=1
Error: Agent error: Permission denied: Permission denied: Reached overall message rate limit. Please try again later. Your limit will reset in 32 minutes. (trace ID: 4e2b6a4713ec56a4c53d6a6073c13cf4): {
  "cognition.ai/errorKind": "internal",
  "cognition.ai/retryable": true
}
DEVIN_CLI_EXITED code=1
Error: Agent error: Permission denied: Permission denied: Reached overall message rate limit. Please try again later. Your limit will reset in 29 minutes. (trace ID: 805a642361f7d2c0f7a3b4a332c241e1): {
  "cognition.ai/errorKind": "internal",
  "cognition.ai/retryable": true
}
DEVIN_CLI_EXITED code=1
Error: Agent error: Permission denied: Permission denied: Reached overall message rate limit. Please try again later. Your limit will reset in 28 minutes. (trace ID: 93a5df3a3b2dde47495f452fa7672208): {
  "cognition.ai/errorKind": "internal",
  "cognition.ai/retryable": true
}
DEVIN_CLI_EXITED code=1
Error: Agent error: Permission denied: Permission denied: Reached overall message rate limit. Please try again later. Your limit will reset in 26 minutes. (trace ID: da872f62257aac1f92a4bc82052e4858): {
  "cognition.ai/errorKind": "internal",
  "cognition.ai/retryable": true
}
DEVIN_CLI_EXITED code=1
Error: Agent error: Permission denied: Permission denied: Reached overall message rate limit. Please try again later. Your limit will reset in 23 minutes. (trace ID: d047c4987cfb4937913bd6ca6704498f): {
  "cognition.ai/errorKind": "internal",
  "cognition.ai/retryable": true
}
DEVIN_CLI_EXITED code=1
Error: Agent error: Permission denied: Permission denied: Reached overall message rate limit. Please try again later. Your limit will reset in 22 minutes. (trace ID: 91b91077a7791f91f87070e4cc316ef7): {
  "cognition.ai/errorKind": "internal",
  "cognition.ai/retryable": true
}
DEVIN_CLI_EXITED code=1
Error: Agent error: Permission denied: Permission denied: Reached overall message rate limit. Please try again later. Your limit will reset in 19 minutes. (trace ID: 71e5991fac9618cc390b30437b44a87c): {
  "cognition.ai/errorKind": "internal",
  "cognition.ai/retryable": true
}
DEVIN_CLI_EXITED code=1
Error: Agent error: Permission denied: Permission denied: Reached overall message rate limit. Please try again later. Your limit will reset in 17 minutes. (trace ID: 6581e585ee246237f50b8b176a3672e2): {
  "cognition.ai/errorKind": "internal",
  "cognition.ai/retryable": true
}
DEVIN_CLI_EXITED code=1
Error: Agent error: Permission denied: Permission denied: Reached overall message rate limit. Please try again later. Your limit will reset in 15 minutes. (trace ID: ca93fd21eb110d933c43ac696af1483e): {
  "cognition.ai/errorKind": "internal",
  "cognition.ai/retryable": true
}
DEVIN_CLI_EXITED code=1
Error: Agent error: Permission denied: Permission denied: Reached overall message rate limit. Please try again later. Your limit will reset in 13 minutes. (trace ID: 603f1bb17d83b66e750e7dfe26a61216): {
  "cognition.ai/errorKind": "internal",
  "cognition.ai/retryable": true
}
DEVIN_CLI_EXITED code=1
Error: Agent error: Permission denied: Permission denied: Reached overall message rate limit. Please try again later. Your limit will reset in 11 minutes. (trace ID: 0f7f9a126a2917a1fb1b376f27e24310): {
  "cognition.ai/errorKind": "internal",
  "cognition.ai/retryable": true
}
DEVIN_CLI_EXITED code=1
Error: Agent error: Permission denied: Permission denied: Reached overall message rate limit. Please try again later. Your limit will reset in 9 minutes. (trace ID: eebf17146d35c06c030ca9440a286b74): {
  "cognition.ai/errorKind": "internal",
  "cognition.ai/retryable": true
}
DEVIN_CLI_EXITED code=1
Error: Agent error: Permission denied: Permission denied: Reached overall message rate limit. Please try again later. Your limit will reset in 7 minutes. (trace ID: 93e3fcd4f4676e49bde800b402bf89ef): {
  "cognition.ai/errorKind": "internal",
  "cognition.ai/retryable": true
}
DEVIN_CLI_EXITED code=1
Error: Agent error: Permission denied: Permission denied: Reached overall message rate limit. Please try again later. Your limit will reset in 5 minutes. (trace ID: 3fb5f32ff30b4c1de38df60727255789): {
  "cognition.ai/errorKind": "internal",
  "cognition.ai/retryable": true
}
DEVIN_CLI_EXITED code=1
Error: Agent error: Permission denied: Permission denied: Reached overall message rate limit. Please try again later. Your limit will reset in 3 minutes. (trace ID: 2b08cca62ae1a0b70fa595a1acbb6c27): {
  "cognition.ai/errorKind": "internal",
  "cognition.ai/retryable": true
}
DEVIN_CLI_EXITED code=1
Error: Agent error: Permission denied: Permission denied: Reached overall message rate limit. Please try again later. Your limit will reset in 1 minute. (trace ID: a5c222242087a145f788f64ced0c851d): {
  "cognition.ai/errorKind": "internal",
  "cognition.ai/retryable": true
}
DEVIN_CLI_EXITED code=1
我已经阅读了 `AGENTS.md` 文件并理解了分析任务。让我来梳理一下结构：

- **问题**: 找出 99 的最小倍数，其数字之和为 99，且以 97 开头和结尾。
- **标准解法**: 使用 99 = 9 × 11 的分解，mod 9（数字和）和 mod 11（交替数字和）的可除性规则，对中间数字进行案例分析 → 答案：9731999999997。
- **AI 的思考过程**: 完全是关于另一个问题——计算 {1, ..., 2021^2021} 的 3-free 排列数量（避免 3 项算术进度的排列）。AI 从未尝试过实际的“99 的最小倍数”问题。

```xml
<analysis>
  <problem_id>oda_math_460k_00059280</problem_id>
  <dimension1_verdict>DIRECTION_ERROR</dimension1_verdict>
  <dimension1_explanation>The AI's thinking was entirely about a different problem — counting 3-free permutations of {1,...,2021^2021} avoiding 3-term arithmetic progressions — rather than the actual problem about finding the smallest multiple of 99 with specific digit properties. The AI never considered the divisibility rules approach (mod 9 and mod 11) that the standard solution uses; it was exploring a completely different mathematical domain.</dimension1_explanation>
  <dimension2_turning_point_type>mod_p_grouping</dimension2_turning_point_type>
  <dimension2_explanation>The standard solution decomposes 99 = 9 × 11 and uses the mod 11 divisibility rule to group digits by position parity (odd vs even positions), deriving the constraint S_odd - S_even ≡ 0 (mod 11). Case analysis on the number of middle digits (m even vs odd) reveals that m = 9 is the minimal valid configuration with D = 11, yielding the answer 9731999999997.</dimension2_explanation>
  <ai_direction_summary>The AI's thinking explored 3-free permutations of {1,...,2021^2021}, attempting to count permutations avoiding 3-term arithmetic progressions via recursive structure and involution-number recurrences, which is a completely different problem from the given one.</ai_direction_summary>
  <standard_solution_key_technique>The standard solution uses the mod 11 alternating digit sum divisibility rule to constrain the middle digit structure, combining it with the mod 9 digit sum condition and case analysis on the parity of the middle digit count to find the minimal valid number.</standard_solution_key_technique>
  <confidence>high</confidence>
</analysis>
```

### 分析完成
DEVIN_CLI_EXITED code=0
