## Solution

**Setup.** Place the regular hexagon's center at the origin. Since the side length equals the circumradius for a regular hexagon, all 6 vertices lie at distance 1 from the center, at angles 0°, 60°, 120°, 180°, 240°, 300°. The apothem (distance from center to each edge) is √3/2.

**Star-shapedness.** The hexagon is convex and contains the center at every rotation angle θ ∈ [0°, 30°]. So if a point P is inside the hexagon at some rotation θ, the entire segment from the center to P is also inside the hexagon at that θ. Therefore the swept region is star-shaped with respect to the center, and its area is:

$$A = \int_0^{2\pi} \tfrac{1}{2}\, r(\varphi)^2\, d\varphi$$

where r(φ) is the outer boundary radius at angle φ.

**Symmetry.** The swept region has 6-fold rotational symmetry (rotating by 60° maps the region to itself), so we compute one 60° sector and multiply by 6.

**Boundary in the sector [0°, 60°].** The rotation by 30° = half the inter-vertex angle (60°) places the rotated vertices at 30°, 90°, …, 330°—exactly interleaving the original vertices. This gives 12 equally spaced points at radius 1.

- **Sub-sector [0°, 30°]:** The vertex originally at 0° traces a circular arc of radius 1 from angle 0° to 30°. No edge point exceeds r = 1 (edges are at distance √3/2 < 1), so the boundary is **r = 1**.

- **Sub-sector [30°, 60°]:** No vertex arc passes through this angular range. The boundary is the envelope of the rotating edge whose outward normal sweeps from 30° to 60°. At rotation θ, this edge satisfies r cos(φ − 30° − θ) = √3/2, giving r = (√3/2)/cos(φ − 30° − θ). To maximize r over θ ∈ [0°, 30°], we maximize |φ − 30° − θ|:

  - For φ ∈ [30°, 45°]: maximum at θ = 30°, giving r = (√3/2)/cos(60° − φ).
  - For φ ∈ [45°, 60°]: maximum at θ = 0°, giving r = (√3/2)/cos(φ − 30°).

  At φ = 30° and φ = 60°, r = 1 (connecting to the arcs). At φ = 45°, r = (√3/2)/cos 15° ≈ 0.897 (the boundary dips inward—scalloped shape).

**Integration (one 60° sector).**

$$A_{\text{sector}} = \underbrace{\int_0^{\pi/6} \frac{1}{2}\,d\varphi}_{\text{Part 1}} + \underbrace{\int_{\pi/6}^{\pi/4} \frac{3}{8}\sec^2\!\left(\tfrac{\pi}{3}-\varphi\right)d\varphi}_{\text{Part 2}} + \underbrace{\int_{\pi/4}^{\pi/3} \frac{3}{8}\sec^2\!\left(\varphi-\tfrac{\pi}{6}\right)d\varphi}_{\text{Part 3}}$$

**Part 1:** $\displaystyle\int_0^{\pi/6} \frac{1}{2}\,d\varphi = \frac{\pi}{12}$

**Part 2:** Substituting $u = \frac{\pi}{3} - \varphi$:

$$\frac{3}{8}\int_{\pi/12}^{\pi/6}\sec^2 u\,du = \frac{3}{8}\Big[\tan u\Big]_{\pi/12}^{\pi/6} = \frac{3}{8}\left(\tan\frac{\pi}{6} - \tan\frac{\pi}{12}\right)$$

**Part 3:** Substituting $v = \varphi - \frac{\pi}{6}$:

$$\frac{3}{8}\int_{\pi/12}^{\pi/6}\sec^2 v\,dv = \frac{3}{8}\left(\tan\frac{\pi}{6} - \tan\frac{\pi}{12}\right)$$

Parts 2 and 3 are equal, so:

$$\text{Parts 2+3} = \frac{3}{4}\left(\tan\frac{\pi}{6} - \tan\frac{\pi}{12}\right)$$

Using $\tan\frac{\pi}{6} = \frac{\sqrt{3}}{3}$ and $\tan\frac{\pi}{12} = \tan 15° = 2 - \sqrt{3}$:

$$\tan\frac{\pi}{6} - \tan\frac{\pi}{12} = \frac{\sqrt{3}}{3} - (2-\sqrt{3}) = \frac{4\sqrt{3}}{3} - 2 = \frac{4\sqrt{3}-6}{3}$$

$$\text{Parts 2+3} = \frac{3}{4}\cdot\frac{4\sqrt{3}-6}{3} = \frac{4\sqrt{3}-6}{4} = \sqrt{3} - \frac{3}{2}$$

**One sector:**

$$A_{\text{sector}} = \frac{\pi}{12} + \sqrt{3} - \frac{3}{2}$$

**Total area (×6):**

$$A = 6\left(\frac{\pi}{12} + \sqrt{3} - \frac{3}{2}\right) = \frac{\pi}{2} + 6\sqrt{3} - 9$$

**Sanity check.** The hexagon area is $\frac{3\sqrt{3}}{2} \approx 2.598$. The unit disk area is $\pi \approx 3.14$. Our answer $\approx 1.571 + 10.392 - 9 = 2.963$, which lies between the hexagon area and the disk area, as expected. ✓

$$\boxed{\dfrac{\pi}{2}+6\sqrt{3}-9}$$

### PROOF COMPLETE
DEVIN_CLI_EXITED code=0
