**Answer: TRUE.**

**Proof.** Let $(X, \mathcal{U})$ be a compact Hausdorff totally disconnected uniform space. We show that for every $E \in \mathcal{U}$ there exists $D \in \mathcal{U}$ such that every $D$-chain $\{x_i\}_{i \in \mathbb{Z}}$ satisfies $(x_i, x_j) \in E$ for all $i, j$.

**Step 1 (Halving).** Given $E \in \mathcal{U}$, choose a symmetric entourage $E_0 \in \mathcal{U}$ with $E_0 \circ E_0 \subseteq E$.

**Step 2 (Clopen refinement).** Since $X$ is compact Hausdorff and totally disconnected, it is zero-dimensional: the clopen subsets form a basis for the topology. (In compact Hausdorff spaces, quasi-components coincide with connected components; total disconnectedness makes components singletons, hence clopen sets separate points.) For each $x \in X$, the set $E_0[x]$ is a neighborhood of $x$, so we may choose a clopen set $U_x$ with
$$x \in U_x \subseteq E_0[x].$$

**Step 3 (Chain-invariance of clopen sets).** The sets $U_x$ and $X \setminus U_x$ are disjoint and compact (being closed in a compact space). In a Hausdorff uniform space, disjoint compact sets can be uniformly separated: there exists a symmetric entourage $D_x \in \mathcal{U}$ such that
$$D_x[U_x] \subseteq U_x \quad \text{and} \quad D_x[X \setminus U_x] \subseteq X \setminus U_x.$$
Consequently, no $D_x$-chain can cross the boundary of $U_x$: if a point of a $D_x$-chain lies in $U_x$, all successive points (forward and backward, by symmetry) remain in $U_x$; likewise for the complement.

**Step 4 (Compactness — finite subcover).** The family $\{U_x\}_{x \in X}$ is an open cover of $X$. By compactness, finitely many $U_{x_1}, \dots, U_{x_n}$ cover $X$. Set
$$D := \bigcap_{k=1}^{n} D_{x_k} \in \mathcal{U},$$
which is symmetric (intersect symmetric entourages).

**Step 5 (Every $D$-chain is trapped).** Let $\{x_i\}_{i \in \mathbb{Z}}$ be a $D$-chain. Pick any index, say $i = 0$. Since the $U_{x_k}$ cover $X$, there is some $k$ with $x_0 \in U_{x_k}$. Because $D \subseteq D_{x_k}$ and $D_{x_k}[U_{x_k}] \subseteq U_{x_k}$:
- Forward: $x_0 \in U_{x_k} \Rightarrow x_1 \in D[x_0] \subseteq D_{x_k}[x_0] \subseteq U_{x_k} \Rightarrow x_2 \in U_{x_k} \Rightarrow \cdots$, so $x_i \in U_{x_k}$ for all $i \geq 0$.
- Backward: using symmetry of $D$, $x_0 \in U_{x_k} \Rightarrow x_{-1} \in D[x_0] = D^{-1}[x_0] \subseteq D_{x_k}^{-1}[x_0] = D_{x_k}[x_0] \subseteq U_{x_k}$, and similarly $x_i \in U_{x_k}$ for all $i \leq 0$.

Hence the entire chain lies in $U_{x_k} \subseteq E_0[x_k]$.

**Step 6 (Conclusion).** For all $i, j \in \mathbb{Z}$, both $x_i, x_j \in E_0[x_k]$, meaning $(x_k, x_i) \in E_0$ and $(x_k, x_j) \in E_0$. By symmetry of $E_0$, $(x_i, x_k) \in E_0$, and therefore
$$(x_i, x_j) \in E_0 \circ E_0 \subseteq E.$$

Thus the desired $D$ exists for every $E \in \mathcal{U}$. $\blacksquare$

### PROOF COMPLETE
DEVIN_CLI_EXITED code=0
