## Solution

**Function definition:**
- f(n) = n − 12, if n > 2000
- f(n) = f(f(n+16)), if n ≤ 2000

**Step 1: No fixed points above 2000.** If n > 2000, then f(n) = n − 12 ≠ n. So all fixed points satisfy n ≤ 2000.

**Step 2: Establish a reduction for 1985 ≤ n ≤ 2000.** For n in (1984, 2000], we have n+16 > 2000, so f(n+16) = (n+16) − 12 = n+4. Therefore:
$$f(n) = f(f(n+16)) = f(n+4).$$

**Step 3: Resolve the chain.** Starting from any n ∈ (1984, 2000], repeatedly apply f(n) = f(n+4) until the argument exceeds 2000:

- n ≡ 1 (mod 4): chain n, n+4, n+8, n+12, n+16·... reaches a value > 2000, then f = (value) − 12. Tracking: 1985 → 1989 → 1993 → 1997 → 2001 → f(2001)=1989. So **f(n) = 1989**.
- n ≡ 2 (mod 4): 1986 → 1990 → 1994 → 1998 → 2002 → f(2002)=1990. So **f(n) = 1990**.
- n ≡ 3 (mod 4): 1987 → 1991 → 1995 → 1999 → 2003 → f(2003)=1991. So **f(n) = 1991**.
- n ≡ 0 (mod 4): 1988 → 1992 → 1996 → 2000 → 2004 → f(2004)=1992. So **f(n) = 1992**.

Note that 1989, 1990, 1991, 1992 are themselves fixed points (each maps to itself), confirming consistency.

**Step 4: Inductive propagation downward.** Define g by g(1)=1989, g(2)=1990, g(3)=1991, g(0)=1992. We claim for all positive integers n ≤ 2000:
$$f(n) = g(n \bmod 4).$$

*Base:* Established above for 1985 ≤ n ≤ 2000.

*Inductive step:* Assume the claim holds for all m with k < m ≤ 2000 (where k < 1985). For n with k−16 < n ≤ k, we have n+16 ∈ (k, k+16] ⊆ (k, 2000], so by hypothesis f(n+16) = g((n+16) mod 4) = g(n mod 4) ∈ {1989, 1990, 1991, 1992}. Since each of these is a fixed point:
$$f(n) = f(f(n+16)) = f(g(n \bmod 4)) = g(n \bmod 4).$$

Since 1984 = 16 × 124, the intervals (1984,2000], (1968,1984], …, (0,16] partition all positive integers ≤ 2000, completing the induction.

**Step 5: Identify fixed points.** f(n) = n iff g(n mod 4) = n:
- n ≡ 1 (mod 4): n = 1989 (and 1989 ≡ 1 ✓)
- n ≡ 2 (mod 4): n = 1990 (and 1990 ≡ 2 ✓)
- n ≡ 3 (mod 4): n = 1991 (and 1991 ≡ 3 ✓)
- n ≡ 0 (mod 4): n = 1992 (and 1992 ≡ 0 ✓)

The Stable IDs are exactly **{1989, 1990, 1991, 1992}**.

**Step 6: Compute the sum.**
$$1989 + 1990 + 1991 + 1992 = 4 \times 1990.5 = 7962.$$

### PROOF COMPLETE
DEVIN_CLI_EXITED code=0
