## Answer Leak Self-Check

The problem text contains only the problem statement — no solutions, solution sketches, formalization notes, or embedded answers. No leak detected. Proceeding to solve.

---

## Boundary-Value Problem for Longitudinal Vibrations of a Flexible Rod of Variable Cross-Section

### Setup and notation

Let $u(x,t)$ denote the longitudinal displacement at time $t$ of the cross-section originally located at position $x \in [0,l]$. The rod has:

- variable cross-sectional area $S(x)$,
- volume density $\rho(x)$,
- Young's modulus $E(x)$.

We assume deformations of cross-sections are negligibly small (plane sections remain plane), so the only strain is the longitudinal strain
$$\varepsilon(x,t) = \frac{\partial u}{\partial x}.$$

### Derivation of the equation of motion

Consider an infinitesimal element of the rod occupying $[x, x+dx]$ at rest. Its mass is
$$dm = \rho(x)\,S(x)\,dx.$$

The axial (normal) force transmitted through a cross-section is, by Hooke's law,
$$N(x,t) = E(x)\,S(x)\,\frac{\partial u}{\partial x}(x,t),$$
since the stress is $\sigma = E\,\varepsilon = E\,\partial u/\partial x$ and the force is stress times area.

The net axial force on the element is
$$N(x+dx,t) - N(x,t) = \frac{\partial}{\partial x}\!\left[E(x)\,S(x)\,\frac{\partial u}{\partial x}\right]dx.$$

Applying Newton's second law to the element:
$$\rho(x)\,S(x)\,dx\;\frac{\partial^2 u}{\partial t^2} = \frac{\partial}{\partial x}\!\left[E(x)\,S(x)\,\frac{\partial u}{\partial x}\right]dx.$$

Dividing by $dx$:

$$\boxed{\;\rho(x)\,S(x)\,\frac{\partial^2 u}{\partial t^2} = \frac{\partial}{\partial x}\!\left[E(x)\,S(x)\,\frac{\partial u}{\partial x}\right], \qquad 0 < x < l,\quad t > 0.\;}$$

This is a second-order hyperbolic equation with variable coefficients. Equivalently, dividing both sides by $\rho(x)S(x)$ (assuming $\rho(x)S(x) > 0$):

$$\frac{\partial^2 u}{\partial t^2} = \frac{1}{\rho(x)\,S(x)}\,\frac{\partial}{\partial x}\!\left[E(x)\,S(x)\,\frac{\partial u}{\partial x}\right].$$

### Boundary conditions

Both ends of the rod are **rigidly fixed**, so the displacement vanishes at both endpoints for all time:

$$\boxed{\;u(0,t) = 0, \qquad u(l,t) = 0, \qquad t \ge 0.\;}$$

### Initial conditions

The vibrations are produced by prescribed initial longitudinal displacements and velocities. Let $\varphi(x)$ be the initial displacement and $\psi(x)$ the initial velocity:

$$\boxed{\;u(x,0) = \varphi(x), \qquad \frac{\partial u}{\partial t}(x,0) = \psi(x), \qquad 0 \le x \le l.\;}$$

### Regularity / compatibility requirements

For the problem to be well-posed, the data should satisfy:

1. **Smoothness**: $E(x),\, S(x),\, \rho(x)$ are continuous and positive on $[0,l]$; $E(x)S(x)$ is continuously differentiable.
2. **Compatibility of initial data with boundary conditions**:
$$\varphi(0) = 0,\quad \varphi(l) = 0, \quad \psi(0) = 0,\quad \psi(l) = 0.$$

### Complete statement of the boundary-value problem

Find a function $u(x,t)$, twice continuously differentiable in $x$ and $t$, satisfying:

$$\begin{cases} \rho(x)\,S(x)\,\dfrac{\partial^2 u}{\partial t^2} = \dfrac{\partial}{\partial x}\!\left[E(x)\,S(x)\,\dfrac{\partial u}{\partial x}\right], & 0 < x < l,\; t > 0, \\[6pt] u(0,t) = 0, & t \ge 0, \\[4pt] u(l,t) = 0, & t \ge 0, \\[4pt] u(x,0) = \varphi(x), & 0 \le x \le l, \\[4pt] \dfrac{\partial u}{\partial t}(x,0) = \psi(x), & 0 \le x \le l. \end{cases}$$

Here $\varphi(x)$ and $\psi(x)$ are the given initial longitudinal displacement and velocity, respectively, satisfying the compatibility conditions $\varphi(0)=\varphi(l)=\psi(0)=\psi(l)=0$.

### PROOF COMPLETE
DEVIN_CLI_EXITED code=0
