Looking at this problem, I need to prove a descent result for Galois extensions. Let me note that the statement "$\text{Gal}(L'(a)|L)$" appears to be a typo for "$\text{Gal}(L'(a)|L')$" since $L' \subseteq L$ and $a \notin L$ means $L'(a)$ need not contain $L$. I'll prove the natural statement $\text{Gal}(L'(a)|L') \cong \text{Gal}(L(a)|L)$.

## Proof

Let $f(x) \in L[x]$ be the minimal polynomial of $a$ over $L$. Since $L(a)/L$ is Galois, $f$ is separable and splits completely in $L(a)$. Set $n = \deg f = [L(a):L] = |\operatorname{Gal}(L(a)/L)|$, and let $a = a_1, a_2, \ldots, a_n$ be the distinct roots of $f$ in $L(a)$.

**Step 1: Locating the coefficients of $f$ in a finite subextension.**

Since $L/k$ is normal (hence algebraic), every element of $L$ is algebraic over $k$, and $L$ is the union of its finite subextensions over $k$. The polynomial $f$ has finitely many coefficients, each in $L$, so there exists a finite extension $L_0/k$ with $L_0 \subseteq L$ containing all coefficients of $f$. Thus $f \in L_0[x]$.

**Claim:** $f$ is irreducible over $L_0$.

*Proof.* Let $g \in L_0[x]$ be the minimal polynomial of $a$ over $L_0$. Since $f(a)=0$ and $f \in L_0[x]$, we have $g \mid f$ in $L_0[x]$. Since $g(a)=0$ and $g \in L_0[x] \subseteq L[x]$, and $f$ is the minimal polynomial of $a$ over $L$, we have $f \mid g$ in $L[x]$. Hence $\deg g \leq \deg f$ and $\deg f \leq \deg g$, so $f = g$ (as monic polynomials). $\square$

By the same reasoning, $f$ is irreducible over **any** intermediate field $L'$ with $L_0 \subseteq L' \subseteq L$: if $f$ factored over $L'$, it would factor over $L \supseteq L'$, contradicting irreducibility over $L$.

**Step 2: Expressing all roots as polynomials in $a_1$ with coefficients in $L$.**

Since $L(a)/L$ is Galois, $f$ splits in $L(a) = L(a_1)$. As $a_1$ is algebraic over $L$ with $[L(a_1):L]=n$, every element of $L(a_1)$ is a polynomial in $a_1$ of degree $< n$ with coefficients in $L$. Thus for each $i = 1,\ldots,n$, there exists $P_i(x) \in L[x]$ with $\deg P_i < n$ such that $a_i = P_i(a_1)$.

The polynomials $P_1, \ldots, P_n$ have finitely many coefficients in total, all in $L$. So there exists a finite extension $L_1/k$ with $L_1 \subseteq L$ containing all of them.

**Step 3: Constructing $L'$.**

Let $L' = L_0 \cdot L_1$ (compositum inside $L$). Then $L'/k$ is finite and $L' \subseteq L$.

- **Irreducibility:** Since $L_0 \subseteq L' \subseteq L$, $f$ is irreducible over $L'$, so $[L'(a):L'] = \deg f = n$.
- **Splitting:** Since $L_1 \subseteq L'$, all coefficients of each $P_i$ lie in $L'$, so $a_i = P_i(a_1) \in L'(a_1) = L'(a)$ for every $i$. Thus $f$ splits completely in $L'(a)$.
- **Galois:** $f$ is irreducible and separable over $L'$, and splits in $L'(a)$, so $L'(a)/L'$ is the splitting field of a separable polynomial — hence Galois, with $|\operatorname{Gal}(L'(a)/L')| = [L'(a):L'] = n$.

**Step 4: The isomorphism $\operatorname{Gal}(L(a)/L) \cong \operatorname{Gal}(L'(a)/L')$.**

Define the restriction map $\rho: \operatorname{Gal}(L(a)/L) \to \operatorname{Gal}(L'(a)/L')$, $\sigma \mapsto \sigma|_{L'(a)}$.

*Well-defined:* Any $\sigma \in \operatorname{Gal}(L(a)/L)$ fixes $L \supseteq L'$. It sends $a$ to some root $a_i$ of $f$. Since $a_i \in L'(a)$, we get $\sigma(L'(a)) = L'(\sigma(a)) = L'(a_i) \subseteq L'(a)$. Both $L'(a_i)$ and $L'(a)$ have degree $n$ over $L'$ (as $f$ is irreducible over $L'$ and both $a, a_i$ are roots), so $L'(a_i) = L'(a)$. Thus $\sigma|_{L'(a)}$ is an automorphism of $L'(a)$ fixing $L'$. ✓

*Injective:* If $\sigma|_{L'(a)} = \mathrm{id}$, then $\sigma$ fixes both $L$ and $L'(a)$, hence fixes $L(a) = L \cdot L'(a)$, so $\sigma = \mathrm{id}$. ✓

Since $\rho$ is an injective homomorphism between finite groups of the same order $n$, it is an isomorphism:
$$\operatorname{Gal}(L(a)/L) \cong \operatorname{Gal}(L'(a)/L').$$

**Step 5: The case $L/k$ Galois — choosing $L'$ Galois over $k$.**

Now assume $L/k$ is Galois (normal and separable). Take $L' = L_0 \cdot L_1$ as above, and let $\tilde{L}'$ be its normal closure over $k$ inside $L$:

If $L' = k(\alpha_1, \ldots, \alpha_m)$, set $\tilde{L}' = k(\text{all $k$-conjugates of each } \alpha_j)$.

- **$\tilde{L}' \subseteq L$:** Since $L/k$ is normal, every conjugate of $\alpha_j \in L$ over $k$ lies in $L$. ✓
- **$\tilde{L}'/k$ finite:** Each $\alpha_j$ has finitely many conjugates (finite-degree minimal polynomial), so $\tilde{L}'$ is generated over $k$ by finitely many algebraic elements. ✓
- **$\tilde{L}'/k$ Galois:** $\tilde{L}'/k$ is normal (normal closure) and separable (subextension of the separable extension $L/k$). ✓
- **$\tilde{L}' \supseteq L_0 \cdot L_1$:** By construction. ✓

Since $\tilde{L}' \supseteq L_0 \cdot L_1$ and $\tilde{L}' \subseteq L$, all arguments from Steps 1–4 apply with $\tilde{L}'$ in place of $L'$: $f$ is irreducible over $\tilde{L}'$, all roots $a_i = P_i(a_1)$ lie in $\tilde{L}'(a)$, so $\tilde{L}'(a)/\tilde{L}'$ is Galois of degree $n$, and the restriction map yields
$$\operatorname{Gal}(L(a)/L) \cong \operatorname{Gal}(\tilde{L}'(a)/\tilde{L}').$$

Thus $\tilde{L}'$ is a finite Galois extension of $k$ contained in $L$ satisfying all required properties. $\blacksquare$

### PROOF COMPLETE
DEVIN_CLI_EXITED code=0
