No answer leak detected. Solving directly.

# The Ornstein–Uhlenbeck Process is a Gaussian Process

## Setup

The Ornstein–Uhlenbeck (OU) process is defined as the solution of the linear SDE

$$dX_t = -\theta\, X_t\, dt + \sigma\, dW_t, \qquad X_0 = x_0,$$

where $\theta > 0$, $\sigma \geq 0$, and $W_t$ is a standard Brownian motion. We take $x_0$ deterministic (the case of Gaussian $x_0$ independent of $W$ is handled at the end).

## Explicit solution

Applying the integrating factor $e^{\theta t}$ to $dX_t + \theta X_t\,dt = \sigma\,dW_t$ gives

$$d(e^{\theta t} X_t) = \sigma e^{\theta t}\, dW_t,$$

so integrating from $0$ to $t$,

$$\boxed{\;X_t = x_0\, e^{-\theta t} + \sigma \int_0^t e^{-\theta(t-s)}\, dW_s.\;}$$

Denote $I_t := \int_0^t e^{-\theta(t-s)}\, dW_s$, so $X_t = x_0 e^{-\theta t} + \sigma I_t$.

## Key fact: Ito integrals with deterministic integrands are jointly Gaussian

**Lemma.** Let $f_1, \dots, f_n$ be deterministic, square-integrable functions on $[0,\infty)$. Then the random vector

$$\left(\int_0^{t_1} f_1(s)\, dW_s,\; \dots,\; \int_0^{t_n} f_n(s)\, dW_s\right)$$

is jointly Gaussian (multivariate normal).

*Proof sketch.* Each integral is the $L^2$-limit of elementary (simple-process) sums of the form $\sum_k f_k(s_k)\,\Delta W_{s_k}$, which are linear combinations of independent Gaussian increments $\Delta W_{s_k} \sim N(0, \Delta s_k)$ and hence jointly Gaussian. The $L^2$-limit of jointly Gaussian vectors is jointly Gaussian (Gaussianity is preserved under $L^2$ limits, since characteristic functions converge to a Gaussian characteristic function). $\square$

## Finite-dimensional distributions are Gaussian

Fix any finite collection of times $0 \leq t_1 < t_2 < \dots < t_n$. For each $i$,

$$X_{t_i} = x_0\, e^{-\theta t_i} + \sigma \int_0^{t_i} e^{-\theta(t_i - s)}\, dW_s.$$

The integrand $g_i(s) := e^{-\theta(t_i - s)}\mathbf{1}_{[0,t_i]}(s)$ is deterministic and square-integrable. By the Lemma, the vector

$$\bigl(I_{t_1}, \dots, I_{t_n}\bigr) = \left(\int_0^{t_1} g_1\, dW,\; \dots,\; \int_0^{t_n} g_n\, dW\right)$$

is jointly Gaussian (mean zero). Adding the deterministic vector $(x_0 e^{-\theta t_1}, \dots, x_0 e^{-\theta t_n})$ and scaling by $\sigma$ preserves joint Gaussianity, so

$$\bigl(X_{t_1}, \dots, X_{t_n}\bigr)$$

is a multivariate normal random vector.

Since $t_1 < \dots < t_n$ and $n$ were arbitrary, **every finite-dimensional distribution of $\{X_t\}_{t \geq 0}$ is Gaussian**, which is precisely the definition of a Gaussian process.

## Mean and covariance (explicit confirmation)

**Mean.** $\mathbb{E}[X_t] = x_0\, e^{-\theta t}$, since the Ito integral has mean zero.

**Variance.** By Ito isometry,

$$\operatorname{Var}(X_t) = \sigma^2 \int_0^t e^{-2\theta(t-s)}\, ds = \sigma^2 \frac{1 - e^{-2\theta t}}{2\theta}.$$

**Covariance** (for $0 \leq s \leq t$). Using Ito isometry on the overlapping interval $[0,s]$,

$$\operatorname{Cov}(X_t, X_s) = \sigma^2 \int_0^s e^{-\theta(t-u)} e^{-\theta(s-u)}\, du = \sigma^2 e^{-\theta(t+s)} \int_0^s e^{2\theta u}\, du = \frac{\sigma^2}{2\theta}\bigl(e^{-\theta(t-s)} - e^{-\theta(t+s)}\bigr).$$

These are exactly the mean and covariance functions of a Gaussian process, consistent with the joint-normality established above. In the stationary case (taking $x_0 \sim N(0, \sigma^2/(2\theta))$ and $t \to \infty$, or directly with stationary initial distribution), this reduces to $\operatorname{Cov}(X_t, X_s) = \frac{\sigma^2}{2\theta} e^{-\theta|t-s|}$, the familiar OU covariance.

## Random initial condition

If $X_0 = x_0$ is random but **Gaussian and independent of** $\{W_t\}$, then $X_t = x_0 e^{-\theta t} + \sigma I_t$ is the sum of two independent Gaussian terms, and the same finite-dimensional argument shows $\{X_t\}$ remains a Gaussian process (with mean $\mathbb{E}[x_0] e^{-\theta t}$ and an added covariance term $\operatorname{Var}(x_0)\, e^{-\theta(t_i + t_j)}$). If $x_0$ is non-Gaussian, the process is generally **not** Gaussian.

## Conclusion

For deterministic (or Gaussian, $W$-independent) initial conditions, the solution of the Ornstein–Uhlenbeck SDE is a **Gaussian process**. The proof rests on a single structural fact: the solution is an affine (deterministic-shift plus deterministic-integrand Ito integral) functional of Brownian motion, and such functionals preserve joint Gaussianity across all finite collections of time points.

### PROOF COMPLETE
DEVIN_CLI_EXITED code=0
