Looking at this problem, I need to find a large subset A of X that doesn't contain any of the 3-element subsets A_i, where the A_i's pairwise intersect in at most 1 element.

**Key observation:** The condition |A_i ∩ A_j| ≤ 1 means any pair {x,y} ⊆ X is contained in at most one A_i (if {x,y} ⊆ A_i ∩ A_j, then |A_i ∩ A_j| ≥ 2, contradiction).

**Proof.**

**Greedy construction.** Process the elements of X in any order x_1, x_2, ..., x_n. Build A incrementally (initially empty). When processing x_k:
- If there exist y, z already in A such that {x_k, y, z} = A_i for some i, **skip** x_k.
- Otherwise, **add** x_k to A.

**A contains no A_i.** If A_i = {x, y, z} ⊆ A, consider the element among {x,y,z} that was processed *last*. When it was processed, the other two were already in A, so it would have been skipped — contradiction.

**Bounding |A|.** Let a = |A| and let s be the number of skipped elements, so n = a + s. Define a map: each skipped element x maps to a pair {y, z} ⊆ A such that {x, y, z} = A_i for some i (such a pair exists by definition of skipping).

**This map is injective.** If distinct skipped elements x ≠ x' both map to the same pair {y, z}, then {x, y, z} = A_i and {x', y, z} = A_j with i ≠ j (since x ≠ x'). But then |A_i ∩ A_j| ≥ |{y, z}| = 2, contradicting the hypothesis |A_i ∩ A_j| ≤ 1.

Since the map is injective from skipped elements into pairs of A:

$$s \leq \binom{a}{2} = \frac{a(a-1)}{2}.$$

Therefore:

$$n = a + s \leq a + \frac{a(a-1)}{2} = \frac{a(a+1)}{2},$$

which gives:

$$a(a+1) \geq 2n.$$

**Extracting the bound.** Let $f = \frac{-1+\sqrt{1+8n}}{2}$, the positive root of $t(t+1)=2n$. Then $a \geq f$ (since $a$ satisfies $a(a+1)\geq 2n$ and $f$ is the unique positive solution to equality).

From $f^2 + f = 2n$ we get $f^2 = 2n - f < 2n$ and $(f+1)^2 = f^2+2f+1 = 2n+f+1 > 2n$. Hence:

$$f < \sqrt{2n} < f+1.$$

Since $a$ is a positive integer with $a \geq f$, we have $a \geq \lceil f \rceil$.

- If $f$ is an integer: $\lfloor\sqrt{2n}\rfloor = f = \lceil f\rceil \leq a$. ✓
- If $f$ is not an integer: $\lfloor\sqrt{2n}\rfloor \leq \lfloor f+1\rfloor = \lfloor f\rfloor + 1 = \lceil f\rceil \leq a$. ✓

In both cases, $a \geq \lfloor\sqrt{2n}\rfloor$.

**Conclusion.** The greedy algorithm produces a set $A \subseteq X$ with $|A| \geq \lfloor\sqrt{2n}\rfloor$ that contains no $A_i$ as a subset. $\blacksquare$

### PROOF COMPLETE
DEVIN_CLI_EXITED code=0
