Looking at this problem, I need to find the minimum number of committees for 2008 students where each committee has ≤ 1004 members, every pair of students shares a committee, and any two committees' union has ≤ 1800 students.

## Lower Bound

**Claim:** Each student belongs to at least 3 committees.

*Proof:* Let student $v$ belong to committees $C_{i_1}, \ldots, C_{i_{d_v}}$. For $v$ to share a committee with every other student, every other student must appear in at least one committee containing $v$, so $\bigcup_{j: v \in C_j} C_j$ equals all 2008 students. If $d_v \leq 2$, this union has size $\leq |C_{i_1} \cup C_{i_2}| \leq 1800 < 2008$, a contradiction. So $d_v \geq 3$.

Summing: $\sum_{i=1}^m |C_i| = \sum_v d_v \geq 3 \cdot 2008 = 6024$. Since $|C_i| \leq 1004$, we get $m \geq \lceil 6024/1004 \rceil = 6$.

## Construction with $m = 6$

Label committees $1, \ldots, 6$. Each student is assigned a **non-membership pattern** $S \subset \{1,\ldots,6\}$ with $|S|=3$ (the student is in committees $\{1,\ldots,6\}\setminus S$). Two students fail to share a committee iff their patterns are complementary (disjoint 3-subsets partitioning $\{1,\ldots,6\}$). So we select **one pattern from each of the 10 complementary pairs**, ensuring no two students get complementary patterns.

**Choosing the 10 patterns.** Identify $\{1,\ldots,6\}$ with edges of $K_4$ (vertices $a,b,c,d$; edges $1{=}ab, 2{=}ac, 3{=}ad, 4{=}bc, 5{=}bd, 6{=}cd$). The 20 triples split into 4 triangle/star pairs and 6 path/path pairs. Select all **4 triangles**:
$$\{1,2,4\},\ \{1,3,5\},\ \{2,3,6\},\ \{4,5,6\}$$
and the following **6 path triples** (one from each path pair, chosen so each element appears 3 times):
$$\{1,2,5\},\ \{3,4,5\},\ \{2,5,6\},\ \{1,3,6\},\ \{1,4,6\},\ \{2,3,4\}.$$

One verifies each element $i \in \{1,\ldots,6\}$ appears in exactly $2 + 3 = 5$ of these 10 patterns (balanced design), and no two chosen patterns are complementary.

**Assigning students.** Let $a = 346$ students per triangle pattern and $b = 104$ students per path pattern. Check:
- **Total:** $4 \cdot 346 + 6 \cdot 104 = 1384 + 624 = 2008$. ✓
- **Committee size:** Each committee $C_i$ is missed by students whose pattern contains $i$. Since $i$ is in 2 triangle + 3 path patterns: $|C_i^c| = 2(346) + 3(104) = 1004$, so $|C_i| = 2008 - 1004 = 1004 \leq 1004$. ✓
- **Pairwise coverage:** No two students have complementary patterns, so every pair shares a committee. ✓
- **Union constraint:** $|C_i \cup C_j| = 2008 - |C_i \cap C_j|$, where $|C_i \cap C_j| = \sum_{k:\, i,j \in S_k} x_k$ (students whose pattern contains both $i,j$). Each pair $\{i,j\}$ lies in exactly 2 chosen patterns. Checking all 15 pairs:
  - 12 pairs have one triangle + one path pattern: $|C_i \cap C_j| = 346 + 104 = 450 \geq 208$.
  - 3 pairs $\{1,6\}, \{2,5\}, \{3,4\}$ have two path patterns: $|C_i \cap C_j| = 2 \cdot 104 = 208 \geq 208$.
  
  So $|C_i \cup C_j| \leq 2008 - 208 = 1800$ for all pairs. ✓

## Conclusion

The lower bound gives $m \geq 6$ and the construction achieves $m = 6$. The smallest possible number of committees is $\boxed{6}$.

### PROOF COMPLETE
DEVIN_CLI_EXITED code=0
