Looking at this problem, I need to find the maximum coins the captain can guarantee regardless of the sailors' choices.

## Setup and Reformulation

The captain chooses $a_1 \geq a_2 \geq a_3$ with $a_1+a_2+a_3=2009$. Sailors choose $b_1 \geq b_2 \geq b_3 \geq 1$ with $b_1+b_2+b_3=2009$. Sailor $k$ takes $b_k$ coins from pile $k$ if $b_k < a_k$, otherwise takes $0$. The captain receives all remaining coins:

$$\text{Captain's coins} = 2009 - \sum_{k:\, b_k < a_k} b_k.$$

So the captain wants to **minimize** the maximum total $T = \sum_{k:\,b_k<a_k} b_k$ that sailors can extract, and $n = 2009 - \min_a \max_b T$.

## Pattern Analysis

For any choice of $b$, define the *success set* $S = \{k : b_k < a_k\}$. I compute the maximum $T$ achievable for each pattern $S$.

**Key formulas** (verified by optimizing $b$ subject to the ordering, sum, and threshold constraints):

| Pattern $S$ | Max $T$ | Feasibility |
|---|---|---|
| $\{2,3\}$ | $a_2+a_3-2 = 2007-a_1$ | $a_3 \geq 2$ (always, when $a_1\leq 671$) |
| $\{1,2\}$ | $a_1+a_2-2 = 2007-a_3$ | $a_2 \geq a_3+3$ |
| $\{1,3\}$ | $a_1+a_3-2 = 2007-a_2$ | $a_1 \geq a_2+3$ |
| $\{1\}$ | $a_1-1$ | $a_1 > a_2$ |
| $\{2\}$ | $a_2-1$ | $a_2 > a_3$ |
| $\{3\}$ | $a_3-1$ | $a_3 \geq 2$ |

*Derivation of $\{2,3\}$ (representative):* Set $b_2 = a_2-1$, $b_3 = a_3-1$, $b_1 = 2009 - (a_2-1)-(a_3-1) = a_1+2$. Check: $b_1 \geq a_1$ ✓ (sailor 1 fails), $b_2 < a_2$ ✓, $b_3 < a_3$ ✓, $b_1 \geq b_2 \geq b_3$ ✓ (since $a_1+2 \geq a_2-1$ and $a_2-1\geq a_3-1$). This gives $T = a_2+a_3-2$. One verifies this is optimal (any smaller $b_1$ forces $b_2+b_3$ larger, but $b_2 \leq a_2-1$, $b_3 \leq a_3-1$ caps $b_2+b_3 \leq a_2+a_3-2$). The other formulas follow similarly.

Patterns $\{1,2,3\}$ (all succeed) are **impossible**: $b_k \leq a_k-1$ for all $k$ gives $\sum b_k \leq 2009-3 = 2006 < 2009$.

## Captain's Strategy (Upper Bound)

**Claim:** The captain chooses $(a_1, a_2, a_3) = (671, 669, 669)$, guaranteeing $T \leq 1336$, hence captain gets $\geq 673$.

Check each pattern:
- $\{2,3\}$: $T = 2007 - 671 = 1336$. ✓ (feasible: $a_3 = 669 \geq 2$)
- $\{1,2\}$: requires $a_2 \geq a_3 + 3$, i.e., $669 \geq 672$. **Not feasible.** ✓
- $\{1,3\}$: requires $a_1 \geq a_2 + 3$, i.e., $671 \geq 672$. **Not feasible.** ✓
- $\{1\}$: $T = 670$. Feasible ($671 > 669$). $670 \leq 1336$ ✓
- $\{2\}$: requires $a_2 > a_3$, i.e., $669 > 669$. **Not feasible.** ✓
- $\{3\}$: $T = 668 \leq 1336$ ✓

**Maximum $T = 1336$**, so the captain gets $2009 - 1336 = 673$.

*Explicit worst case:* Sailors play $b = (673, 668, 668)$. Sailor 1 fails ($673 \geq 671$), sailors 2,3 succeed ($668 < 669$). They take $1336$; captain gets $671 + 1 + 1 = 673$.

## Sailors' Strategy (Lower Bound)

**Claim:** For any $(a_1, a_2, a_3)$, sailors can achieve $T \geq 1336$.

**Case 1: $a_1 \leq 671$.**  
Then $a_3 \geq 2$ (since $a_3 = 1$ would force $a_2 \geq 1337 > a_1$, contradiction). Pattern $\{2,3\}$ is feasible and gives $T = 2007 - a_1 \geq 2007 - 671 = 1336$.

**Case 2: $a_1 \geq 672$.**  
Then $a_2 + a_3 = 2009 - a_1 \leq 1337$.

*Sub-case 2a: $a_2 \geq a_3 + 3$.* Pattern $\{1,2\}$ is feasible. Since $a_2 + a_3 \leq 1337$ and $a_2 \geq a_3 + 3$, we get $2a_3 + 3 \leq 1337$, so $a_3 \leq 667$. Thus $T = 2007 - a_3 \geq 2007 - 667 = 1340 \geq 1336$.

*Sub-case 2b: $a_2 \leq a_3 + 2$.* Then $a_2 \leq \frac{(a_2+a_3)+2}{2} \leq \frac{1337+2}{2} = 669.5$, so $a_2 \leq 669$. Since $a_1 \geq 672 \geq a_2 + 3$, pattern $\{1,3\}$ is feasible, giving $T = 2007 - a_2 \geq 2007 - 669 = 1338 \geq 1336$.

In every case, sailors extract $T \geq 1336$, so the captain gets $\leq 673$.

## Conclusion

The captain can guarantee exactly $673$ coins: the upper bound (captain's strategy) and lower bound (sailors' counter-strategy) both yield $T = 1336$.

$$\boxed{n = 673}$$

### PROOF COMPLETE
DEVIN_CLI_EXITED code=0
