Looking at this problem, I need to determine the minimum number of spacetime points on an expanding spherical wavefront (in 3+1D spacetime, unknown velocity) to uniquely identify the origin.

**Setup.** Let the origin be $(t_0, x_0, y_0, z_0)$ and the signal speed be $v > 0$. A detection point $P_i = (t_i, x_i, y_i, z_i)$ on the wavefront satisfies:

$$|\mathbf{r}_i - \mathbf{r}_0|^2 = v^2(t_i - t_0)^2 \quad \text{for } i = 1, \dots, n$$

There are **5 unknowns**: $t_0, x_0, y_0, z_0, v$. Each point provides one equation.

---

**Key substitution.** Let $p = v^2$ and $q = v^2 t_0$. Expanding each equation and subtracting equation 1 from equation $i$ ($i \geq 2$) eliminates the $|\mathbf{r}_0|^2$ and $p\,t_0^2$ terms:

$$|\mathbf{r}_i|^2 - |\mathbf{r}_1|^2 - 2(\mathbf{r}_i - \mathbf{r}_1)\cdot\mathbf{r}_0 = p(t_i^2 - t_1^2) - 2q(t_i - t_1)$$

These are **linear** in the 5 unknowns $x_0, y_0, z_0, p, q$.

---

**5 points are insufficient.** With $n = 5$, we get 4 linear equations (from differences) in 5 unknowns, leaving a 1-parameter family. Express $x_0, y_0, z_0, q$ as affine functions of $p$:

$$\mathbf{r}_0 = \mathbf{a}\,p + \mathbf{b}, \qquad q = c\,p + d, \qquad t_0 = \frac{q}{p} = c + \frac{d}{p}.$$

Substituting back into equation 1:

$$|\mathbf{r}_1 - \mathbf{a}\,p - \mathbf{b}|^2 = p\!\left(t_1 - c - \frac{d}{p}\right)^2$$

The left side is **quadratic** in $p$. The right side is $(t_1 - c)^2 p - 2(t_1-c)d + d^2/p$. Multiplying through by $p$ yields a **cubic** in $p$:

$$\alpha_2\, p^3 + \beta\, p^2 + \gamma\, p - d^2 = 0$$

A cubic generically has 3 complex roots, and can have up to **3 positive real roots** (e.g., $(p-1)(p-2)(p-3) = 0$). Each positive real root $p = v^2$ yields a distinct origin $(t_0, \mathbf{r}_0)$. Therefore, 5 points do **not** generically determine a unique origin.

---

**6 points are sufficient.** With $n = 6$, subtracting equation 1 from equations 2–6 gives **5 linear equations** in the 5 unknowns $x_0, y_0, z_0, p, q$:

$$-2(\mathbf{r}_i - \mathbf{r}_1)\cdot\mathbf{r}_0 - (t_i^2 - t_1^2)\,p + 2(t_i - t_1)\,q = -(|\mathbf{r}_i|^2 - |\mathbf{r}_1|^2), \quad i = 2,\dots,6.$$

The $5 \times 5$ coefficient matrix is generically nonsingular (its rows involve 5 independent spacetime displacement vectors), so this system has a **unique solution** $(x_0, y_0, z_0, p, q)$. Then $t_0 = q/p$ and $v = \sqrt{p}$ are uniquely determined. The 6th original equation serves as a consistency check (automatically satisfied when the data is genuine).

---

**Conclusion.** Five points yield a cubic with potentially multiple valid origins; six points yield a nonsingular linear system with a unique solution. The minimum number of spacetime points required is:

$$\boxed{6}$$

### PROOF COMPLETE
DEVIN_CLI_EXITED code=0
