Looking at this problem, I need to find the abscissa of convergence of the Dirichlet series over lattice points in ℤ².

## Proof

**Setup.** Group the sum by $n = a^2 + b^2$. Define
$$c_n = \sum_{\substack{(a,b)\in\mathbb{Z}^2\setminus\{0\}\\ a^2+b^2=n}} (a^4+b^4), \qquad L(f,s)=\sum_{n\ge 1}\frac{c_n}{n^s}.$$

The abscissa of convergence is $\sigma_c = \limsup_{N\to\infty}\frac{\log\left|\sum_{n\le N}c_n\right|}{\log N}$.

**Computing the partial sums.** Let
$$A(N) = \sum_{n\le N} c_n = \sum_{\substack{(a,b)\in\mathbb{Z}^2\\1\le a^2+b^2\le N}}(a^4+b^4).$$

This is the sum of $a^4+b^4$ over lattice points in the disk of radius $\sqrt{N}$. By the standard lattice-point summation (Riemann sum approximation, with error $O(N^{3/2})$ from the boundary):

$$A(N) \sim \iint_{x^2+y^2\le N}(x^4+y^4)\,dx\,dy.$$

Switching to polar coordinates $(x,y)=(r\cos\theta,r\sin\theta)$:

$$A(N)\sim \int_0^{2\pi}(\cos^4\theta+\sin^4\theta)\,d\theta\;\cdot\;\int_0^{\sqrt{N}} r^5\,dr.$$

Using $\int_0^{2\pi}\cos^4\theta\,d\theta=\int_0^{2\pi}\sin^4\theta\,d\theta=\frac{3\pi}{4}$, the angular integral equals $\frac{3\pi}{2}$. The radial integral is $\frac{(\sqrt{N})^6}{6}=\frac{N^3}{6}$. Hence

$$A(N)\sim \frac{3\pi}{2}\cdot\frac{N^3}{6}=\frac{\pi}{4}\,N^3.$$

**Abscissa of convergence.** Since all $c_n\ge 0$, there is no cancellation, and

$$\sigma_c = \limsup_{N\to\infty}\frac{\log A(N)}{\log N} = \limsup_{N\to\infty}\frac{\log\!\left(\frac{\pi}{4}N^3+O(N^{3/2})\right)}{\log N}=3.$$

**Verification of the boundary behavior.** For real $s$, the sum $\sum_{(a,b)\neq 0}(a^4+b^4)/(a^2+b^2)^s$ has non-negative terms. Approximating by an integral over the plane with $r=\sqrt{a^2+b^2}$ and using that the average of $a^4+b^4$ on the circle of radius $r$ is $\frac{3}{4}r^4$ (by the angular computation above), the sum behaves like

$$\int_1^\infty 2\pi r\cdot\frac{3}{4}r^4\cdot r^{-2s}\,dr = \frac{3\pi}{2}\int_1^\infty r^{5-2s}\,dr,$$

which converges if and only if $5-2s<-1$, i.e., $s>3$, and diverges (logarithmically) at $s=3$. This is consistent with $\sigma_c=3$.

**Conclusion.** The abscissa of convergence of $L(f,s)$ is

$$\boxed{3}.$$

### PROOF COMPLETE
DEVIN_CLI_EXITED code=0
