```xml
<audit>
  <analysis_result_key>2269759</analysis_result_key>
  <problem_id>deepmath_103k_00003385</problem_id>
  <audit_status>PASS_SELECTABLE</audit_status>
  <check_results>
    <A1>PASS: dimension1_verdict is DIRECTION_ERROR, a valid value.</A1>
    <A2>PASS: dimension1_explanation is non-empty and well over 50 characters, describing the AI's misreading of the problem.</A2>
    <A3>PASS: dimension2_turning_point_type is "other", a valid value (since the problem is calculus, not modular arithmetic).</A3>
    <A4>PASS: dimension2_explanation is non-empty and well over 50 characters, describing the standard calculus solution technique.</A4>
    <A5>PASS: ai_direction_summary is non-empty and describes the AI's hallucinated invariant theory direction.</A5>
    <A6>PASS: standard_solution_key_technique is non-empty and describes the gradient norm computation and iterated integral technique.</A6>
    <B1>PASS: No XML tag leaks (</dimension or <dimension) found in either explanation.</B1>
    <B2>PASS: No template placeholder leaks ("1-3 sentences", "ONE_OF:", "Your 1-3 sentence") found in either explanation.</B2>
    <B3>PASS: Both explanations are well over 50 characters in length.</B3>
    <C1>PASS: d1=DIRECTION_ERROR and d2 has a value ("other"), consistent with the rule that d2 should have a value when d1 is DIRECTION_ERROR.</C1>
    <C2>PASS: dimension1_explanation describes a wrong direction (AI solved an unrelated invariant theory problem instead of the calculus integral), matching the DIRECTION_ERROR label.</C2>
    <C3>PASS: dimension2_turning_point_type is "other" and dimension2_explanation correctly explains that none of the modular-arithmetic categories apply to this calculus problem, which is consistent with the "other" label.</C3>
    <D1>PASS: dimension1_explanation is over 100 characters and contains action verbs ("misread", "engaged", "solved").</D1>
    <D2>PASS: dimension2_explanation is over 100 characters and contains mathematical terms (gradient, ||∇f||², iterated integral, parabola).</D2>
    <D3>PASS: ai_direction_summary describes the specific direction the AI took (invariant theory about surjectivity of reduction-mod-p on group invariants), not just "the AI failed".</D3>
    <D4>PASS: standard_solution_key_technique describes the specific technique (gradient norm, integration region via parabola-x-axis intersection, iterated double integral, evaluation to 12/5), not a generic statement.</D4>
    <E1>UNKNOWN — check via script</E1>
  </check_results>
  <issues_found>none</issues_found>
</audit>
```

### AUDIT COMPLETE
DEVIN_CLI_EXITED code=0
```xml
<audit>
  <analysis_result_key>2269759</analysis_result_key>
  <problem_id>deepmath_103k_00003385</problem_id>
  <audit_status>PASS_SELECTABLE</audit_status>
  <check_results>
    <A1>PASS: dimension1_verdict is DIRECTION_ERROR, a valid enum value and non-empty.</A1>
    <A2>PASS: dimension1_explanation is non-empty and well over 50 characters, describing the AI's misreading in detail.</A2>
    <A3>PASS: dimension2_turning_point_type is "other", a valid enum value, and d1=DIRECTION_ERROR so d2 must be present.</A3>
    <A4>PASS: dimension2_explanation is non-empty and well over 50 characters, describing the calculus technique.</A4>
    <A5>PASS: ai_direction_summary is non-empty and describes the hallucinated invariant theory direction.</A5>
    <A6>PASS: standard_solution_key_technique is non-empty and describes the gradient norm and iterated integral technique.</A6>
    <B1>PASS: Neither explanation contains XML tag leaks like "</dimension" or "<dimension".</B1>
    <B2>PASS: Neither explanation contains template placeholder leaks like "1-3 sentences" or "ONE_OF:".</B2>
    <B3>PASS: Both explanations are far longer than 50 characters.</B3>
    <C1>PASS: d1=DIRECTION_ERROR and d2 has a value ("other"), satisfying the consistency requirement.</C1>
    <C2>PASS: d1_exp describes a wrong direction (AI solved invariant theory instead of calculus), matching the DIRECTION_ERROR label.</C2>
    <C3>PASS: d2_exp describes basic multivariable calculus (gradient, iterated integral) which does not fit any modular-arithmetic category, correctly matching the "other" label.</C3>
    <D1>PASS: d1_exp is well over 100 characters and contains action verbs ("misread", "engaged", "solved").</D1>
    <D2>PASS: d2_exp is well over 100 characters and contains mathematical terms (gradient, ∇f, ||∇f||², iterated integral).</D2>
    <D3>PASS: ai_direction_summary describes the specific direction taken (invariant theory, reductive group schemes, Reynolds operators), not just "the AI failed".</D3>
    <D4>PASS: standard_solution_key_technique describes the specific technique (gradient norm, region determination, iterated double integral, evaluation to 12/5), not a generic statement.</D4>
    <E1>UNKNOWN — check via script</E1>
  </check_results>
  <issues_found>none</issues_found>
</audit>
```

### AUDIT COMPLETE
DEVIN_CLI_EXITED code=0
