## Answer

No, the implication does **not** hold. Here is a counterexample.

### Counterexample (deterministic processes)

Take the probability space to be a single point (so all processes are deterministic, hence trivially continuous and satisfying the integrability condition). Fix $T>0$ and let $t_n = T/2$. Define the triangular "spike"

$$
X^n_t \;=\; \max\!\bigl(0,\; 1 - n^2|t - t_n|\bigr), \qquad t\in[0,T].
$$

Each $X^n$ is a continuous function on $[0,T]$, hence a continuous stochastic process. Since $|X^n_t|\le 1$, we have $E\bigl[\sup_{t\in[0,T]}|X^n_t|^2\bigr] = 1 < \infty$ for every $n$, so the hypotheses are satisfied.

### The $L^2([0,T])$-integral vanishes

The support of $X^n$ is $[t_n - 1/n^2,\, t_n + 1/n^2]$, on which $X^n$ is a tent of height $1$ and base $2/n^2$. With the substitution $u = n^2(t-t_n)$, $dt = du/n^2$,

$$
\int_0^T |X^n_t|^2\,dt
= \frac{1}{n^2}\int_{-1}^{1}(1-|u|)^2\,du
= \frac{1}{n^2}\cdot 2\int_0^1(1-u)^2\,du
= \frac{1}{n^2}\cdot\frac{2}{3}
= \frac{2}{3n^2}\;\xrightarrow[n\to\infty]{}\;0.
$$

Therefore

$$
\lim_{n\to\infty}E\!\left[\int_0^T|X^n_t|^2\,dt\right] = \lim_{n\to\infty}\frac{2}{3n^2}=0.
$$

### The supremum does not vanish

For every $n$, $X^n_{t_n}=1$, so $\sup_{t\in[0,T]}|X^n_t|^2 = 1$. Hence

$$
E\!\left[\sup_{t\in[0,T]}|X^n_t|^2\right] = 1 \quad\text{for all }n,
$$

which does **not** converge to $0$.

### Conclusion

We have exhibited a family of continuous processes satisfying $E[\sup_{t\in[0,T]}|X^n_t|^2]<\infty$ for all $n$, with $E\!\left[\int_0^T|X^n_t|^2\,dt\right]\to 0$, yet $E\!\left[\sup_{t\in[0,T]}|X^n_t|^2\right]\equiv 1\not\to 0$.

The implication is **false**. The reason is that $L^2$-convergence in time averages over $[0,T]$ and is insensitive to increasingly narrow spikes, whereas the supremum detects the peak. No uniform (in $t$) control follows from time-averaged $L^2$ control without additional regularity (e.g. Hölder bounds, Kolmogorov continuity, or martingale structure).

### PROOF COMPLETE
DEVIN_CLI_EXITED code=0
