Looking at this problem, I need to analyze a sequential cake-cutting game where Katherine must pass exactly one round.

## Setup

There are 10 cakes (each of size 1). In round $i$, Cindy cuts cake $i$ into two pieces, then Katherine chooses **take** (she picks first) or **pass** (Cindy picks first). Katherine must pass exactly one round. Both play optimally.

## Backward Induction

Let $V(i, p)$ = Katherine's total cake from rounds $i$ through 10, where $p \in \{0,1\}$ indicates whether she has already passed. Set $V(11, \cdot) = 0$.

**If $p = 1$ (already passed, must take):** Cindy cuts the cake; Katherine takes the larger piece. Cindy minimizes by cutting exactly in half, so Katherine gets $\frac{1}{2}$. Thus:
$$V(i, 1) = \frac{1}{2} + V(i+1, 1).$$

**If $p = 0$ (hasn't passed yet):** Cindy chooses a split with larger piece $x \in [\frac{1}{2}, 1]$. Katherine then chooses:
- **Take:** gets $x$, future value $V(i+1, 0)$.
- **Pass:** gets $1-x$, future value $V(i+1, 1)$.

Katherine picks $\max\!\big(x + V(i+1,0),\; (1-x) + V(i+1,1)\big)$. Cindy chooses $x$ to minimize this maximum.

Let $A = V(i+1, 0)$, $B = V(i+1, 1)$. The two expressions are equal when $x = \frac{1 + B - A}{2}$. Cindy's optimal value is:
$$V(i, 0) = \begin{cases} \frac{1}{2} + A & \text{if } B < A \\ \frac{1 + A + B}{2} & \text{if } A \leq B \leq A+1 \\ B & \text{if } B > A + 1 \end{cases}$$

## Key Observation: $V(i,0) = V(i,1)$ for all $i$

**Base case:** $V(11, 0) = V(11, 1) = 0$.

**Inductive step:** Suppose $V(i+1, 0) = V(i+1, 1) = v$. Then $A = B = v$, so we're in the middle case:
$$V(i, 0) = \frac{1 + 2v}{2} = \frac{1}{2} + v, \qquad V(i, 1) = \frac{1}{2} + v.$$

So $V(i, 0) = V(i, 1) = \frac{1}{2} + v$.

By induction, $V(i, 0) = V(i, 1) = \frac{11 - i}{2}$.

## Computing the Answer

$$V(1, 0) = \frac{10}{2} = 5.$$

Katherine gets **5** cakes total.

**Verification of the equilibrium strategy:** At every round where Katherine hasn't passed, Cindy cuts the cake exactly in half ($x = \frac{1}{2}$). Then:
- Taking yields $\frac{1}{2} + V(i+1, 0)$
- Passing yields $\frac{1}{2} + V(i+1, 1)$

Since $V(i+1, 0) = V(i+1, 1)$, Katherine is **indifferent** between taking and passing at every round. She passes exactly one round (any round), and her total is always $10 \times \frac{1}{2} = 5$.

**Why Cindy can't do better:** If Cindy ever cuts unequally ($x > \frac{1}{2}$) at a round where Katherine hasn't passed, Katherine simply takes, getting $x > \frac{1}{2}$, which is worse for Cindy. Cindy's best response is always the equal cut.

The "must pass exactly once" constraint is **non-binding** because Cindy's optimal strategy (cutting in half) already makes taking and passing equivalent on each round.

## Result

Katherine ends up with $5 = \frac{5}{1}$ cakes, so $m = 5$, $n = 1$, and $m + n = 6$.

### PROOF COMPLETE
DEVIN_CLI_EXITED code=0
