Looking at this problem, I need to prove that for an acute triangle $ABC$ with $D$ the foot of the internal angle bisector from $A$, $M$ the midpoint of $AD$, and $X$ on segment $BM$ with $\angle MXA = \angle DAC$, we have $AX \perp XC$.

**Proof.**

Let $\angle BAC = 2\alpha$, so $\angle BAD = \angle DAC = \alpha$ with $0 < \alpha < 45°$ (since $ABC$ is acute). Place $A$ at the origin with the angle bisector $AD$ along the positive $x$-axis. Let $b = AB$, $c = AC$. Then:
$$B = (b\cos\alpha,\, b\sin\alpha), \qquad C = (c\cos\alpha,\, -c\sin\alpha).$$

By the angle bisector theorem, $D$ divides $BC$ in ratio $BD:DC = b:c$, giving $D = \bigl(\tfrac{2bc\cos\alpha}{b+c},\, 0\bigr)$. Since $M$ is the midpoint of $AD$:
$$M = (m, 0), \quad \text{where } m = \frac{bc\cos\alpha}{b+c}.$$

**Step 1: Determine $X$ from the angle condition.**

Write $X = sB + (1-s)M$ for $s \in [0,1]$, so $X = \bigl(sb\cos\alpha + (1-s)m,\; sb\sin\alpha\bigr)$. Then:
$$\vec{XM} = s(M - B) = s(m - b\cos\alpha,\; -b\sin\alpha), \qquad \vec{XA} = -X.$$

The cross and dot products of $\vec{XM}$ and $\vec{XA}$ are:
$$\vec{XM} \times \vec{XA} = -sbm\sin\alpha, \qquad \vec{XM}\cdot\vec{XA} = s\bigl[-u(sb\cos\alpha + (1-s)m) + sb^2\sin^2\alpha\bigr],$$
where $u = m - b\cos\alpha$. Setting $\tan(\angle MXA) = \tan\alpha$ and simplifying (using $-u = b\cos\alpha - m$):
$$(b\cos\alpha - m)(sb\cos\alpha + (1-s)m) + sb^2\sin^2\alpha = bm\cos\alpha.$$
Expanding and collecting terms in $s$:
$$s\bigl(b^2 - 2bm\cos\alpha + m^2\bigr) = m^2.$$
Since $b^2 - 2bm\cos\alpha + m^2 = |BM|^2$, we obtain:
$$\boxed{s = \frac{m^2}{|BM|^2} = \frac{|AM|^2}{|BM|^2}.}$$
(Note: $\vec{XM}\cdot\vec{XA} = s\cdot bm\cos\alpha > 0$, confirming the angle is acute, hence exactly $\alpha$.)

**Step 2: Verify $AX \perp XC$.**

We compute $\vec{AX}\cdot\vec{CX} = |AX|^2 - \vec{AX}\cdot\vec{AC}$, where:
$$|AX|^2 = s^2 b^2 + 2s(1-s)\,bm\cos\alpha + (1-s)^2 m^2,$$
$$\vec{AX}\cdot\vec{AC} = scb\cos 2\alpha + (1-s)\,cm\cos\alpha.$$

Set $P = b^2 - 2bm\cos\alpha$ and $Q = |BM|^2 = P + m^2$, so $s = m^2/Q$ and $1-s = P/Q$. Multiplying through by $Q^2$:
$$Q^2\,(\vec{AX}\cdot\vec{CX}) = m^2\bigl(m^2 b^2 + 2mbP\cos\alpha + P^2\bigr) - cQ\bigl(m^2 b\cos 2\alpha + Pm\cos\alpha\bigr).$$

**Key simplification.** Substituting $m = \frac{bc\cos\alpha}{b+c}$ and $P = \frac{b^2(b - c\cos 2\alpha)}{b+c}$:
$$m^2 b\cos 2\alpha + Pm\cos\alpha = \frac{b^2\cos\alpha}{b+c}\bigl(c\cos 2\alpha + b - c\cos 2\alpha\bigr) = \frac{b^3\cos\alpha}{b+c}.$$

Also, with $T := b - c\cos 2\alpha = b + c - 2c\cos^2\alpha$ and $w := \sin^2\alpha$:
$$m^2 b^2 + 2mbP\cos\alpha + P^2 = \frac{b^4}{(b+c)^2}\bigl(c^2\cos^2\alpha + 2c\cos^2\alpha\, T + T^2\bigr).$$
A direct expansion gives:
$$c^2\cos^2\alpha + 2c\cos^2\alpha\, T + T^2 = (b+c)^2 - 2c\cos^2\alpha(b+c) + c^2\cos^2\alpha = b^2 + (2bc+c^2)\sin^2\alpha = b^2 + c(2b+c)\sin^2\alpha.$$

Furthermore, $Q = \frac{b^2\bigl(b^2 + c(2b+c)\sin^2\alpha\bigr)}{(b+c)^2}$, so:
$$cQ\cdot\frac{b^3\cos\alpha}{b+c} = \frac{b^5 c\cos\alpha\bigl(b^2 + c(2b+c)\sin^2\alpha\bigr)}{(b+c)^3},$$
$$m\cdot\frac{b^4}{(b+c)^2}\bigl(b^2 + c(2b+c)\sin^2\alpha\bigr) = \frac{b^5 c\cos\alpha\bigl(b^2 + c(2b+c)\sin^2\alpha\bigr)}{(b+c)^3}.$$

These two expressions are **identical**, so:
$$Q^2\,(\vec{AX}\cdot\vec{CX}) = 0.$$

Since $Q = |BM|^2 > 0$, we conclude $\vec{AX}\cdot\vec{CX} = 0$, that is, $AX \perp XC$. $\blacksquare$

### PROOF COMPLETE
DEVIN_CLI_EXITED code=0
