Looking at this problem, I need to find the largest integer $c$ (depending on $n$) such that $c \mid a_n$ for every integer polynomial $f$ of degree $n$ satisfying $2^{n-1} \mid f(m)$ for all $m \in \mathbb{N}$.

**Answer:** $c = 2^{s_2(n)-1}$, where $s_2(n)$ is the number of 1-bits in the binary representation of $n$.

---

## Proof

### Setup and key tool

Let $s_2(n)$ denote the number of 1s in the binary expansion of $n$. We use the **finite difference** operator $\Delta f(x) = f(x+1) - f(x)$. For a polynomial of degree $n$ with leading coefficient $a_n$:

$$\Delta^n f(m) = \sum_{k=0}^{n} (-1)^{n-k} \binom{n}{k} f(m+k) = n!\cdot a_n \quad \text{for all } m.$$

We also use **Legendre's identity**: $v_2(n!) = n - s_2(n)$, where $v_2$ is the 2-adic valuation.

### Necessary condition

Suppose $2^{n-1} \mid f(m)$ for all $m \in \mathbb{N}$. Since $\Delta^n f(m) = \sum_{k=0}^n (-1)^{n-k}\binom{n}{k}f(m+k)$ is an integer linear combination of values $f(m), \ldots, f(m+n)$, each divisible by $2^{n-1}$, we get:

$$2^{n-1} \mid \Delta^n f(m) = n!\cdot a_n.$$

Taking $v_2$ of both sides:

$$v_2(a_n) \geq (n-1) - v_2(n!) = (n-1) - (n - s_2(n)) = s_2(n) - 1.$$

Therefore $2^{s_2(n)-1} \mid a_n$ for every valid polynomial $f$. This shows $c$ is a multiple of $2^{s_2(n)-1}$.

### Sharpness (construction achieving the bound)

We exhibit a valid polynomial with $v_2(a_n) = s_2(n)-1$. Define:

$$f(x) = 2^{s_2(n)-1}\prod_{i=0}^{n-1}(x - i).$$

**Integer coefficients:** The product $\prod_{i=0}^{n-1}(x-i)$ is monic with integer coefficients; multiplying by the integer $2^{s_2(n)-1}$ preserves this. ✓

**Leading coefficient:** $a_n = 2^{s_2(n)-1}$, so $v_2(a_n) = s_2(n) - 1$. ✓

**Divisibility condition $2^{n-1} \mid f(m)$ for all $m \in \mathbb{N}$:**

- For $1 \leq m \leq n-1$: one factor $(m - m) = 0$, so $f(m) = 0$, divisible by $2^{n-1}$. ✓
- For $m \geq n$: the product $m(m-1)\cdots(m-n+1)$ is a product of $n$ consecutive integers, hence divisible by $n!$. Thus:

$$v_2(f(m)) \geq (s_2(n)-1) + v_2(n!) = (s_2(n)-1) + (n - s_2(n)) = n - 1.$$

So $2^{n-1} \mid f(m)$. ✓

(If $0 \in \mathbb{N}$, then $f(0) = 0$ as well, so the condition holds trivially.)

### Conclusion

The necessary condition forces $2^{s_2(n)-1} \mid a_n$ for all valid $f$, and the construction achieves equality. Therefore the largest such $c$ is:

$$\boxed{c = 2^{s_2(n)-1}}$$

where $s_2(n)$ is the number of 1s in the binary representation of $n$.

### PROOF COMPLETE
DEVIN_CLI_EXITED code=0
