## 解答

**设定。** 考虑乘积 $\prod_{n=1}^{1996}(1+nx^{3^n})$。展开时，从每个因子 $(1+nx^{3^n})$ 中，我们选择 $1$ 或 $nx^{3^n}$。对于每个子集 $S\subseteq\{1,\dots,1996\}$，得到的项为 $\left(\prod_{n\in S}n\right)x^{\sum_{n\in S}3^n}$。

**指数互不相同。** 形式为 $\sum_{n\in S}3^n$ 的值（其中 $S\subseteq\{1,\dots,1996\}$）各不相同，因为每个整数在以 $\{0,1\}$ 为数字集的三进制表示中是唯一的（每个 $3^n$ 最多被包含一次）。因此，每个非空子集 $S$ 恰好给出一个非零项，且共有 $2^{1996}-1$ 个非零项，其指数互不相同。

**按指数排序 = 按二进制解释的三进制排序。** 我们需要第 1996 个最小指数。对于子集 $S$，令 $b_n=\mathbf{1}_{n\in S}$。指数为 $\sum_{n=1}^{1996}b_n\cdot 3^n$。将位向量 $(b_1,b_2,\dots)$ 解释为整数的二进制表示，即 $i=\sum_{n=1}^{1996}b_n\cdot 2^{n-1}$，我们可以看到：

- 当 $S$ 按其位向量在二进制下增加的顺序排列时，$\sum b_n\cdot 3^n$ 的值也随之增加。

这是因为 $3^j > \sum_{n<j}3^n$（因为 $3^j = 3\cdot 3^{j-1} > 2\cdot 3^{j-1} \geq \sum_{n<j}3^n$），所以更高位的三进制数字占主导地位，这与二进制中的字典序相匹配。

**验证排序：** $i=1\Rightarrow S=\{1\}\Rightarrow 3^1=3$ ✓; $i=2\Rightarrow S=\{2\}\Rightarrow 3^2=9$ ✓; $i=3\Rightarrow S=\{1,2\}\Rightarrow 12$ ✓; $i=4\Rightarrow S=\{3\}\Rightarrow 27$ ✓; $i=7\Rightarrow S=\{1,2,3\}\Rightarrow 39$ ✓; $i=8\Rightarrow S=\{4\}\Rightarrow 81$ ✓.

因此，$a_{1996}$ 对应于整数 $i=1996$ 的二进制表示所给出的子集 $S$，其中第 $j$ 位（从 0 开始索引）对应于 $n=j+1$。

**计算 1996 的二进制表示：**

$$1996 = 1024+512+256+128+64+8+4 = 11111001100_2.$$

已置位的位置（从 0 开始索引）：$2, 3, 6, 7, 8, 9, 10$。

对应的 $n$ 值（位 $j\to n=j+1$）：$S=\{3,4,7,8,9,10,11\}$.

**系数：**

$$a_{1996}=\prod_{n\in S}n = 3\cdot4\cdot7\cdot8\cdot9\cdot10\cdot11.$$

计算过程：
$$3\cdot4=12,\quad 12\cdot7=84,\quad 84\cdot8=672,\quad 672\cdot9=6048,$$
$$6048\cdot10=60480,\quad 60480\cdot11=665280.$$

$$\boxed{a_{1996}=665280}.$$

### 证明结束
DEVIN_CLI_EXITED code=0
