Looking at this problem, I need to find the expected value of an expression with $p+3 = 2020$ threes and $p+2 = 2019$ boxes, each filled uniformly at random with one of $\{+, -, \times, \div\}$, evaluated with standard order of operations.

## Key Insight: Only the First Block Contributes

With standard order of operations, $+$ and $-$ operators split the expression into **blocks** of $\times/\div$-connected threes. The expression equals $\sum_j \sigma_j V_j$, where $V_j$ is the value of block $j$ and $\sigma_j \in \{+1,-1\}$ is its sign.

**Critical observation:** For every block except the first, the sign $\sigma_j$ is determined by the additive operator ($+$ or $-$) separating it from the previous block. Since $+$ and $-$ are equally likely, $E[\sigma_j] = 0$. Crucially, $\sigma_j$ is **independent** of $V_j$ (the $\times/\div$ choices within the block don't depend on the $+/-$ choice at the boundary). Therefore:

$$E[\sigma_j \cdot V_j] = E[\sigma_j] \cdot E[V_j] = 0 \quad \text{for } j \geq 2$$

So **only the first block contributes** to the expected value: $E = E[V_1]$.

## Computing $E[V_1]$

The first block starts at position 1 and extends until the first additive operator. Let $L$ = number of threes in the first block.

- $P(L = k) = (1/2)^k$ for $k < N$ (operators $1,\ldots,k-1$ are multiplicative, operator $k$ is additive)
- $P(L = N) = (1/2)^{N-1}$ (all operators multiplicative)

A block of $k$ threes has value $3^{1 + s_1 + \cdots + s_{k-1}}$ where each $s_i \in \{+1,-1\}$ (for $\times$/$\div$). Since each $s_i$ is independent:

$$E[V \mid L=k] = 3 \cdot \prod_{i=1}^{k-1} E[3^{s_i}] = 3 \cdot \left(\frac{3 + 1/3}{2}\right)^{k-1} = 3\left(\frac{5}{3}\right)^{k-1}$$

Summing over all possible block lengths ($N = 2020$):

$$E = \sum_{k=1}^{N-1} \frac{1}{2^k} \cdot 3\left(\frac{5}{3}\right)^{k-1} + \frac{1}{2^{N-1}} \cdot 3\left(\frac{5}{3}\right)^{N-1}$$

$$= \frac{3}{2}\sum_{k=0}^{N-2}\left(\frac{5}{6}\right)^k + 3\left(\frac{5}{6}\right)^{N-1} = \frac{3}{2}\cdot\frac{1-(5/6)^{N-1}}{1/6} + 3\left(\frac{5}{6}\right)^{N-1}$$

$$= 9\left(1 - (5/6)^{N-1}\right) + 3(5/6)^{N-1} = 9 - 6\left(\frac{5}{6}\right)^{N-1}$$

**Verification with small cases:** $N=1: 9-6=3$ ✓; $N=2: 9-5=4$ ✓; $N=3: 9-25/6=29/6$ ✓ (checked by brute force).

## Simplifying to Lowest Terms

With $N = 2020$, so $N-1 = 2019$:

$$E = 9 - 6\cdot\frac{5^{2019}}{6^{2019}} = \frac{9\cdot 6^{2018} - 5^{2019}}{6^{2018}}$$

**Checking $\gcd$:** The numerator mod 2 is $-5^{2019} \equiv 1$, and mod 3 is $-5^{2019} \equiv -2^{2019} \equiv -(-1)^{2019} \equiv 1$. So $\gcd(\text{numerator}, 6^{2018}) = 1$. The fraction is already reduced.

$$m = 9\cdot 6^{2018} - 5^{2019}, \quad n = 6^{2018}$$

$$m + n = 10\cdot 6^{2018} - 5^{2019}$$

## Computing mod $p = 2017$

Since 2017 is prime, by Fermat's little theorem $a^{2016} \equiv 1 \pmod{2017}$:

$$6^{2018} = 6^{2016}\cdot 6^2 \equiv 36 \pmod{2017}$$

$$5^{2019} = 5^{2016}\cdot 5^3 \equiv 125 \pmod{2017}$$

$$m + n \equiv 10\cdot 36 - 125 = 360 - 125 = \boxed{235} \pmod{2017}$$

### PROOF COMPLETE
DEVIN_CLI_EXITED code=0
