Error: Agent error: Permission denied: Permission denied: Reached overall message rate limit. Please try again later. Your limit will reset in 52 minutes. (trace ID: 0b32008c35b8257e9b620a4043fd634d): {
  "cognition.ai/errorKind": "internal",
  "cognition.ai/retryable": true
}
DEVIN_CLI_EXITED code=1
Error: Agent error: Permission denied: Permission denied: Reached overall message rate limit. Please try again later. Your limit will reset in 49 minutes. (trace ID: 86a59ad7780d2875c808034bc884060c): {
  "cognition.ai/errorKind": "internal",
  "cognition.ai/retryable": true
}
DEVIN_CLI_EXITED code=1
Error: Agent error: Permission denied: Permission denied: Reached overall message rate limit. Please try again later. Your limit will reset in 45 minutes. (trace ID: 107eb9d7d62cb4a3b1f62ce1ed08a665): {
  "cognition.ai/errorKind": "internal",
  "cognition.ai/retryable": true
}
DEVIN_CLI_EXITED code=1
Error: Agent error: Permission denied: Permission denied: Reached overall message rate limit. Please try again later. Your limit will reset in 43 minutes. (trace ID: c8854823a4638768f9d04f9a73b60f59): {
  "cognition.ai/errorKind": "internal",
  "cognition.ai/retryable": true
}
DEVIN_CLI_EXITED code=1
Error: Agent error: Permission denied: Permission denied: Reached overall message rate limit. Please try again later. Your limit will reset in 39 minutes. (trace ID: 7800cdeb45598bb1675624103a4e8805): {
  "cognition.ai/errorKind": "internal",
  "cognition.ai/retryable": true
}
DEVIN_CLI_EXITED code=1
Error: Agent error: Permission denied: Permission denied: Reached overall message rate limit. Please try again later. Your limit will reset in 37 minutes. (trace ID: c485f3900bb777236c76e15388641184): {
  "cognition.ai/errorKind": "internal",
  "cognition.ai/retryable": true
}
DEVIN_CLI_EXITED code=1
Error: Agent error: Permission denied: Permission denied: Reached overall message rate limit. Please try again later. Your limit will reset in 33 minutes. (trace ID: 7168c64d9128eabcf396a1347415e144): {
  "cognition.ai/errorKind": "internal",
  "cognition.ai/retryable": true
}
DEVIN_CLI_EXITED code=1
Error: Agent error: Permission denied: Permission denied: Reached overall message rate limit. Please try again later. Your limit will reset in 29 minutes. (trace ID: 7fd31cbec01ec035600a012dc01384c8): {
  "cognition.ai/errorKind": "internal",
  "cognition.ai/retryable": true
}
DEVIN_CLI_EXITED code=1
Error: Agent error: Permission denied: Permission denied: Reached overall message rate limit. Please try again later. Your limit will reset in 27 minutes. (trace ID: c8d4395aeac9beddcf59152377073a04): {
  "cognition.ai/errorKind": "internal",
  "cognition.ai/retryable": true
}
DEVIN_CLI_EXITED code=1
Error: Agent error: Permission denied: Permission denied: Reached overall message rate limit. Please try again later. Your limit will reset in 23 minutes. (trace ID: 81d67598d267503ad81260bd7f9443da): {
  "cognition.ai/errorKind": "internal",
  "cognition.ai/retryable": true
}
DEVIN_CLI_EXITED code=1
Error: Agent error: Permission denied: Permission denied: Reached overall message rate limit. Please try again later. Your limit will reset in 21 minutes. (trace ID: 7a9c8415044f04b45b82cd166d9544c2): {
  "cognition.ai/errorKind": "internal",
  "cognition.ai/retryable": true
}
DEVIN_CLI_EXITED code=1
Error: Agent error: Permission denied: Permission denied: Reached overall message rate limit. Please try again later. Your limit will reset in 17 minutes. (trace ID: 10359f9cc14b34d44cbb0b4d1e07e7f9): {
  "cognition.ai/errorKind": "internal",
  "cognition.ai/retryable": true
}
DEVIN_CLI_EXITED code=1
Error: Agent error: Permission denied: Permission denied: Reached overall message rate limit. Please try again later. Your limit will reset in 13 minutes. (trace ID: 9184740c674973ec2ddfa53350cd910b): {
  "cognition.ai/errorKind": "internal",
  "cognition.ai/retryable": true
}
DEVIN_CLI_EXITED code=1
Error: Agent error: Permission denied: Permission denied: Reached overall message rate limit. Please try again later. Your limit will reset in 11 minutes. (trace ID: e524f085800dd0f6da6d01de316c5f0b): {
  "cognition.ai/errorKind": "internal",
  "cognition.ai/retryable": true
}
DEVIN_CLI_EXITED code=1
Error: Agent error: Permission denied: Permission denied: Reached overall message rate limit. Please try again later. Your limit will reset in 7 minutes. (trace ID: 24c456d956516b91aa1a578af3bfcb05): {
  "cognition.ai/errorKind": "internal",
  "cognition.ai/retryable": true
}
DEVIN_CLI_EXITED code=1
Error: Agent error: Permission denied: Permission denied: Reached overall message rate limit. Please try again later. Your limit will reset in 5 minutes. (trace ID: 6c6b92e1b5e3bc8249c48a6c77f8e28a): {
  "cognition.ai/errorKind": "internal",
  "cognition.ai/retryable": true
}
DEVIN_CLI_EXITED code=1
Error: Agent error: Permission denied: Permission denied: Reached overall message rate limit. Please try again later. Your limit will reset in 58 seconds. (trace ID: 57ea5492b54006a68de811662708a4d9): {
  "cognition.ai/errorKind": "internal",
  "cognition.ai/retryable": true
}
DEVIN_CLI_EXITED code=1
根据我对 `AGENTS.md` 文件的分析，我可以确定其结构：

- **问题**: 解 sin θ = -0.58，范围在 0 ≤ θ < 2π 内
- **标准解答**: 参考角法 — arcsin(0.58) ≈ 0.6187，然后进行象限分析得出 θ ≈ 3.7603, 5.6645
- **AI 的思考过程**: 一个关于 Lalescu 极限和 Gamma 函数渐近线的冗长分析——这是一个**完全不同的问题**

AI 的思考过程从未涉及过这个 sin θ 问题。它花费了约 1200 行内容去分析一个涉及 Stirling 近似、Gamma 函数和极限证明的 Lalescu 极限问题。这是一个严重的方向性错误——AI 解答的是另一个完全不同的问题。

```xml
<analysis>
  <problem_id>oda_math_460k_00060946</problem_id>
  <dimension1_verdict>DIRECTION_ERROR</dimension1_verdict>
  <dimension1_explanation>The AI's thinking addresses an entirely different problem — a Lalescu limit involving Gamma functions and Stirling's approximation — rather than the assigned problem of solving sin θ = -0.58. The AI never attempted the actual trigonometry problem at all; it was solving an unrelated asymptotic-analysis problem from start to finish.</dimension1_explanation>
  <dimension2_turning_point_type>other</dimension2_turning_point_type>
  <dimension2_explanation>The standard solution uses the reference-angle method: compute α = arcsin(0.58) ≈ 0.6187, then since sine is negative in quadrants III and IV, the solutions are θ = π + α ≈ 3.7603 and θ = 2π − α ≈ 5.6645. This is basic trigonometric quadrant analysis, not matching any of the number-theoretic turning-point categories.</dimension2_explanation>
  <ai_direction_summary>The AI spent its entire thinking budget analyzing a Lalescu-type limit problem about (f(x+2)Γ(x+2))^(1/(x+2)) − (f(x+1)Γ(x+1))^(1/x), using Stirling's approximation and asymptotic expansions — a problem completely unrelated to solving sin θ = −0.58.</ai_direction_summary>
  <standard_solution_key_technique>Reference-angle method with quadrant analysis: find arcsin(|−0.58|), then place the solutions in quadrants III (π+α) and IV (2π−α) where sine is negative.</standard_solution_key_technique>
  <confidence>high</confidence>
</analysis>
```

### 分析完成
DEVIN_CLI_EXITED code=0
