## Solution

**Answer leak check:** The problem text contains no solutions, proof sketches, or leaked answers. Proceeding.

We evaluate
$$I = \int_{S^2} \frac{dS}{\sqrt{(x-a)^2 + y^2 + z^2}}, \qquad a > 1,$$
where $S^2$ is the unit sphere.

### Step 1. Reduction by symmetry

The integrand is $\frac{1}{|\mathbf{r} - \mathbf{a}|}$ with $\mathbf{a} = (a,0,0)$ and $\mathbf{r} \in S^2$. By rotational symmetry of the sphere and of the measure $dS$, the value of the integral depends only on $|\mathbf{a}| = a$. We may therefore place the point at the north pole $(0,0,a)$ without loss of generality.

### Step 2. Parametrize

A point on $S^2$ is $\mathbf{r} = (\sin\theta\cos\varphi,\; \sin\theta\sin\varphi,\; \cos\theta)$, with $dS = \sin\theta\,d\theta\,d\varphi$. The distance to $(0,0,a)$ is
$$|\mathbf{r} - (0,0,a)| = \sqrt{\sin^2\theta + (\cos\theta - a)^2} = \sqrt{1 + a^2 - 2a\cos\theta}.$$

Hence
$$I = \int_0^{2\pi}\!\!d\varphi \int_0^{\pi} \frac{\sin\theta\,d\theta}{\sqrt{a^2+1-2a\cos\theta}} = 2\pi\int_0^{\pi}\frac{\sin\theta\,d\theta}{\sqrt{a^2+1-2a\cos\theta}}.$$

### Step 3. Substitute $u = \cos\theta$

With $du = -\sin\theta\,d\theta$, and limits $\theta=0\to u=1$, $\theta=\pi\to u=-1$:
$$I = 2\pi\int_{-1}^{1}\frac{du}{\sqrt{a^2+1-2au}}.$$

### Step 4. Evaluate the remaining integral

Set $v = a^2+1-2au$, $dv = -2a\,du$. The limits become $u=-1\to v=(a+1)^2$ and $u=1\to v=(a-1)^2$. Thus
$$\int_{-1}^{1}\frac{du}{\sqrt{a^2+1-2au}} = \frac{1}{2a}\int_{(a-1)^2}^{(a+1)^2} v^{-1/2}\,dv = \frac{1}{2a}\cdot 2\sqrt{v}\,\Big|_{(a-1)^2}^{(a+1)^2}.$$

Since $a>1$, we have $\sqrt{(a+1)^2}=a+1$ and $\sqrt{(a-1)^2}=a-1$, giving
$$\frac{1}{a}\bigl[(a+1)-(a-1)\bigr] = \frac{2}{a}.$$

### Step 5. Conclude

$$I = 2\pi\cdot\frac{2}{a} = \boxed{\dfrac{4\pi}{a}}.$$

**Physical consistency check.** The integral is the Newtonian potential at an exterior point of distance $a$ from a uniform unit surface density on the unit sphere. By the shell theorem, the potential outside equals that of the total charge $4\pi$ (the surface area) concentrated at the center, i.e. $4\pi/a$, matching our result.

### PROOF COMPLETE
DEVIN_CLI_EXITED code=0
