## Answer Leak Check

The problem statement contains no leaked answers, solutions, or solution sketches. Proceeding to solve.

## Proof

We wish to determine the asymptotic behavior (decay rate function) of

$$f(n) = \frac{\Gamma(n)}{\Gamma(n/a)^a}, \qquad a > 0,$$

as $n \to \infty$.

### Step 1: Stirling's Approximation

Recall Stirling's series for the Gamma function:

$$\log \Gamma(x) = x\log x - x - \tfrac{1}{2}\log x + \tfrac{1}{2}\log(2\pi) + O(1/x), \qquad x \to \infty.$$

### Step 2: Expand the Logarithm of $f(n)$

$$\log f(n) = \log\Gamma(n) - a\,\log\Gamma(n/a).$$

**First term** (with $x = n$):

$$\log\Gamma(n) = n\log n - n - \tfrac{1}{2}\log n + \tfrac{1}{2}\log(2\pi) + O(1/n).$$

**Second term** (with $x = n/a$, multiplied by $a$):

$$a\,\log\Gamma(n/a) = a\!\left[\frac{n}{a}\log\frac{n}{a} - \frac{n}{a} - \tfrac{1}{2}\log\frac{n}{a} + \tfrac{1}{2}\log(2\pi) + O\!\left(\frac{a}{n}\right)\right]$$

$$= n\log\frac{n}{a} - n - \tfrac{a}{2}\log\frac{n}{a} + \tfrac{a}{2}\log(2\pi) + O\!\left(\frac{a^2}{n}\right).$$

### Step 3: Take the Difference

$$\log f(n) = \bigl[n\log n - n\log(n/a)\bigr] + \bigl[-\tfrac{1}{2}\log n + \tfrac{a}{2}\log(n/a)\bigr] + \tfrac{1-a}{2}\log(2\pi) + O(1/n).$$

**Exponential part:**

$$n\log n - n\log(n/a) = n\log a.$$

**Polynomial part:**

$$-\tfrac{1}{2}\log n + \tfrac{a}{2}(\log n - \log a) = \tfrac{a-1}{2}\log n - \tfrac{a}{2}\log a.$$

**Constant part:**

$$\tfrac{1-a}{2}\log(2\pi).$$

Combining:

$$\boxed{\log f(n) = n\log a + \frac{a-1}{2}\log n + \frac{1-a}{2}\log(2\pi) - \frac{a}{2}\log a + O(1/n).}$$

### Step 4: Exponentiate

Exponentiating gives the full asymptotic equivalent:

$$\frac{\Gamma(n)}{\Gamma(n/a)^a} \sim \frac{(2\pi)^{(1-a)/2}}{a^{a/2}} \cdot n^{(a-1)/2} \cdot a^n, \qquad n \to \infty.$$

### Step 5: Identify the Decay Rate Function

The expression $f(n)$ factors into three regimes depending on $a$:

- **$a > 1$:** $a^n$ grows exponentially; $f(n) \to \infty$ (growth, not decay).
- **$a = 1$:** $f(n) \to 1$ (trivially, $\Gamma(n)/\Gamma(n)^1 = 1$).
- **$0 < a < 1$:** $a^n \to 0$; $f(n)$ decays exponentially.

The **decay rate function** $D(n)$ is the leading asymptotic characterization of $f(n)$, capturing both the exponential and polynomial factors:

$$\boxed{D(n) = n^{(a-1)/2}\, a^n,}$$

with the sharp asymptotic constant

$$\frac{\Gamma(n)}{\Gamma(n/a)^a} \sim \frac{(2\pi)^{(1-a)/2}}{a^{a/2}}\, D(n) = \frac{(2\pi)^{(1-a)/2}}{a^{a/2}}\, n^{(a-1)/2}\, a^n.$$

The **exponential decay rate** (the limit $\lim_{n\to\infty}\frac{1}{n}\log f(n)$) is:

$$\lim_{n\to\infty}\frac{1}{n}\log\frac{\Gamma(n)}{\Gamma(n/a)^a} = \log a.$$

This confirms that $D(n) = n^{(a-1)/2}\,a^n$ captures the complete non-constant asymptotic behavior, with the sub-exponential correction $n^{(a-1)/2}$ and the exponential factor $a^n$.

### PROOF COMPLETE
DEVIN_CLI_EXITED code=0
