## Solution

The system is $\dot{\mathbf{u}} = A\mathbf{u}$ with

$$A = \begin{pmatrix} 2 & -7 & 0 \\ 5 & 10 & 4 \\ 0 & 5 & 2 \end{pmatrix}, \qquad \mathbf{u} = (x,y,z)^T.$$

### Step 1. Eigenvalues

Compute the characteristic polynomial:

$$\det(A - \lambda I) = \begin{vmatrix} 2-\lambda & -7 & 0 \\ 5 & 10-\lambda & 4 \\ 0 & 5 & 2-\lambda \end{vmatrix}.$$

Expanding along the first row:

$$= (2-\lambda)\bigl[(10-\lambda)(2-\lambda) - 20\bigr] + 7\bigl[5(2-\lambda)\bigr].$$

Since $(10-\lambda)(2-\lambda) - 20 = \lambda^2 - 12\lambda$,

$$\det(A-\lambda I) = (2-\lambda)\,\lambda(\lambda-12) + 35(2-\lambda) = (2-\lambda)\bigl[\lambda^2 - 12\lambda + 35\bigr].$$

Factoring the quadratic: $\lambda^2 - 12\lambda + 35 = (\lambda-5)(\lambda-7)$. Hence

$$\det(A-\lambda I) = (2-\lambda)(\lambda-5)(\lambda-7),$$

so the eigenvalues are

$$\lambda_1 = 2, \qquad \lambda_2 = 5, \qquad \lambda_3 = 7.$$

### Step 2. Eigenvectors

**For $\lambda_1 = 2$:** $A - 2I = \begin{pmatrix} 0 & -7 & 0 \\ 5 & 8 & 4 \\ 0 & 5 & 0 \end{pmatrix}$. Rows 1 and 3 give $y = 0$; row 2 gives $5x + 4z = 0$, i.e. $x = -\tfrac{4}{5}z$. Taking $z = -5$ yields $\mathbf{v}_1 = (4,\,0,\,-5)^T$.

**For $\lambda_2 = 5$:** $A - 5I = \begin{pmatrix} -3 & -7 & 0 \\ 5 & 5 & 4 \\ 0 & 5 & -3 \end{pmatrix}$. Row 1: $x = -\tfrac{7}{3}y$; row 3: $z = \tfrac{5}{3}y$. Taking $y = 3$ yields $\mathbf{v}_2 = (-7,\,3,\,5)^T$.

**For $\lambda_3 = 7$:** $A - 7I = \begin{pmatrix} -5 & -7 & 0 \\ 5 & 3 & 4 \\ 0 & 5 & -5 \end{pmatrix}$. Row 1: $x = -\tfrac{7}{5}y$; row 3: $z = y$. Taking $y = 5$ yields $\mathbf{v}_3 = (-7,\,5,\,5)^T$.

### Step 3. General solution

The three eigenvalues are distinct, so $\{\mathbf{v}_1, \mathbf{v}_2, \mathbf{v}_3\}$ is linearly independent and the general solution of the system is

$$\boxed{\begin{pmatrix} x(t) \\ y(t) \\ z(t) \end{pmatrix} = C_1 \begin{pmatrix} 4 \\ 0 \\ -5 \end{pmatrix} e^{2t} + C_2 \begin{pmatrix} -7 \\ 3 \\ 5 \end{pmatrix} e^{5t} + C_3 \begin{pmatrix} -7 \\ 5 \\ 5 \end{pmatrix} e^{7t},}$$

i.e.

$$\begin{aligned} x(t) &= 4C_1 e^{2t} - 7C_2 e^{5t} - 7C_3 e^{7t},\\ y(t) &= \phantom{4C_1 e^{2t} -\,} 3C_2 e^{5t} + 5C_3 e^{7t},\\ z(t) &= -5C_1 e^{2t} + 5C_2 e^{5t} + 5C_3 e^{7t}, \end{aligned}$$

where $C_1, C_2, C_3$ are arbitrary constants.

### Verification

Each term satisfies $\dot{\mathbf{u}} = A\mathbf{u}$ by construction (eigenvector/eigenvalue pairs). The three eigenvalues $2, 5, 7$ are distinct, guaranteeing linear independence of the eigenvectors, so the linear combination spans the full 3-dimensional solution space. One may also confirm directly, e.g. for $\mathbf{v}_2$: $A\mathbf{v}_2 = (-7\cdot2-7\cdot3+0,\; 5(-7)+10\cdot3+4\cdot5,\; 5\cdot3+2\cdot5)^T = (-35,\,15,\,25)^T = 5(-7,3,5)^T = 5\mathbf{v}_2$. ✓ Likewise $A\mathbf{v}_3 = (-14-35,\,-35+15+20,\,25+10)^T = (-49,0,35)$... let me recheck: $A\mathbf{v}_3 = (2(-7)-7(5)+0,\; 5(-7)+10(5)+4(5),\; 5(5)+2(5)) = (-14-35,\;-35+50+20,\;25+10) = (-49,\,35,\,35) = 7(-7,5,5) = 7\mathbf{v}_3$. ✓ And $A\mathbf{v}_1 = (2\cdot4-7\cdot0,\;5\cdot4+10\cdot0+4(-5),\;5\cdot0+2(-5)) = (8,\,0,\,-10) = 2(4,0,-5) = 2\mathbf{v}_1$. ✓

### PROOF COMPLETE
DEVIN_CLI_EXITED code=0
