## Solution

**Answer: the maximal length is $p - 1$.**

### Upper bound: $L \le p-1$

Let the arithmetic progression be $a, a+d, a+2d, \ldots$ with $d > 0$, and let $v = v_p(d)$ be the $p$-adic valuation of $d$. Write $d = p^v \cdot q$ with $p \nmid q$, and write $a = p^v \cdot A + r$ with $0 \le r < p^v$. Then

$$a + i\cdot d = p^v(A + iq) + r.$$

The digit of $a + id$ in position $v$ (the coefficient of $p^v$ in its base-$p$ expansion) is $(A + iq) \bmod p$. Since $\gcd(q, p) = 1$, as $i$ ranges over any $p$ consecutive integers, the value $(A + iq) \bmod p$ runs through all of $\{0, 1, \ldots, p-1\}$, in particular it equals $k$ for some $i$. That term therefore contains the digit $k$.

Hence **no $p$ consecutive terms** can all avoid $k$, giving $L \le p - 1$.

### Lower bound: $L = p-1$ is achievable

We exhibit, for each $k \in \{0, 1, \ldots, p-1\}$, an AP of length $p-1$ with common difference $1$ (hence non-constant) consisting of positive integers, all avoiding digit $k$ in base $p$.

**Case $k = p-1$:** Take $p, p+1, \ldots, 2p-2$. In base $p$ these are $(1,0), (1,1), \ldots, (1, p-2)$, all with digits in $\{0, \ldots, p-2\}$, avoiding $p-1$.

**Case $k = 0$:** Take $p+1, p+2, \ldots, 2p-1$. In base $p$ these are $(1,1), (1,2), \ldots, (1, p-1)$, all with digits in $\{1, \ldots, p-1\}$, avoiding $0$.

**Case $1 \le k \le p-3$:** Set $n = (k+1)(p+1) = (k+1)p + (k+1)$, and take $n, n+1, \ldots, n+p-2$.
- For $i = 0, \ldots, p-2-k$: $n + i = (k+1)p + (k+1+i)$, with digits $(k+1,\; k+1+i)$ where $k+1 \le k+1+i \le p-1$. Both digits are $> k$. ✓
- For $i = p-1-k, \ldots, p-2$: $n + i = (k+2)p + (i - (p-1-k))$, with digits $(k+2,\; i-(p-1-k))$ where $0 \le i-(p-1-k) \le k-1$. The tens digit $k+2 > k$ and the units digit $< k$. ✓

All $p-1$ terms avoid digit $k$.

**Case $k = p-2$:** Set $n = (p-1)(p+1) = p^2 - 1$, and take $n, n+1, \ldots, n+p-2$.
- $n = p^2 - 1 = (p-1, p-1)$ in base $p$; both digits $= p-1 \ne p-2$. ✓
- For $i = 1, \ldots, p-2$: $n + i = p^2 + (i-1) = (1, 0, i-1)$ in base $p$ (since $i - 1 \le p - 3 < p$). The digits are $1, 0, i-1$, all in $\{0, 1, \ldots, p-3\} \cup \{1\}$, hence none equals $p-2$ (using $p \ge 5$ so $1 \ne p-2$). ✓

All $p-1$ terms avoid digit $p-2$.

### Conclusion

The upper bound gives $L \le p-1$ and the constructions give $L \ge p-1$ for every digit $k$. Therefore the maximal length of a non-constant arithmetic progression whose terms avoid the digit $k$ in base $p$ is

$$\boxed{p - 1}.$$

### PROOF COMPLETE
DEVIN_CLI_EXITED code=0
