Looking at this problem, I need to determine whether two simplicial sets of dimension ≤ 2 that agree on all data in levels 0, 1, 2 must be isomorphic.

## Proof

**Key Tool — Eilenberg–Zilber Lemma.** Every simplex $x \in X_n$ of a simplicial set $X$ admits a unique decomposition $x = \alpha^*(y)$, where $y \in X_m$ is non-degenerate, $m \leq n$, and $\alpha: [n] \twoheadrightarrow [m]$ is a surjection in $\Delta$ (with $\alpha^* = X(\alpha): X_m \to X_n$).

**Setup.** Since $S$ and $T$ both have dimension $\leq 2$, every simplex in $S_n$ (resp. $T_n$) for $n \geq 3$ is degenerate. By Eilenberg–Zilber, every such simplex decomposes as $\alpha^*(y)$ with $y$ non-degenerate in some $S_m$ (resp. $T_m$) with $m \leq 2$. The hypothesis gives us that $S$ and $T$ agree on:
- The sets $S_0 = T_0$, $S_1 = T_1$, $S_2 = T_2$;
- All face maps $d_i$ between these levels;
- All degeneracy maps $s_j$ between these levels.

This is precisely the **2-truncation** of the simplicial set. We claim the entire simplicial set is determined by this 2-truncation.

**Claim.** For a simplicial set $X$ of dimension $\leq 2$, the sets $X_n$ and all structure maps (face and degeneracy) are uniquely determined by the 2-truncation data (sets, face maps, and degeneracy maps on levels $0, 1, 2$).

*Proof of Claim.* We proceed by strong induction on $n$.

**Sets.** For $n \geq 3$, Eilenberg–Zilber gives a bijection:
$$X_n \cong \coprod_{m=0}^{2}\; \coprod_{\alpha: [n] \twoheadrightarrow [m]} X_m^{\mathrm{nd}}$$
where $X_m^{\mathrm{nd}}$ is the set of non-degenerate $m$-simplices. The non-degenerate simplices in $X_m$ for $m \leq 2$ are determined by $X_m$ and the degeneracy maps between levels $< m$ (all given). The surjections $[n] \twoheadrightarrow [m]$ are objects of the simplicial category (fixed). So $X_n$ is determined as a set.

**Face maps.** Let $x = \alpha^*(y) \in X_n$ with $y \in X_m$ non-degenerate ($m \leq 2$) and $\alpha: [n] \twoheadrightarrow [m]$ surjective. For the face map $d_i: X_n \to X_{n-1}$:
$$d_i(x) = d_i(\alpha^*(y)) = (\alpha \circ \delta^i)^*(y)$$
where $\delta^i: [n-1] \to [n]$ is the $i$-th coface map. Factor the map $\alpha \circ \delta^i: [n-1] \to [m]$ in $\Delta$ as $\iota \circ \beta$, where $\beta: [n-1] \twoheadrightarrow [k]$ is surjective and $\iota: [k] \hookrightarrow [m]$ is injective (with $k \leq m \leq 2$). Then:
$$d_i(x) = \beta^*(\iota^*(y)).$$
Now $\iota^*: X_m \to X_k$ is a composition of face maps on levels $\leq 2$ (known), so $\iota^*(y) \in X_k$ is determined. The element $\iota^*(y)$ has its own Eilenberg–Zilber decomposition $\gamma^*(z)$ (with $z$ non-degenerate in some $X_l$, $l \leq k \leq 2$). Then $\beta^*(\iota^*(y)) = \beta^*(\gamma^*(z)) = (\gamma \circ \beta)^*(z)$, and we factor $\gamma \circ \beta: [n-1] \to [l]$ to obtain the Eilenberg–Zilber decomposition of $d_i(x)$. Since $n-1 < n$, the target set $X_{n-1}$ and its structure are already determined by induction. Thus $d_i$ is determined.

**Degeneracy maps.** Let $s_j: X_n \to X_{n+1}$ and $x = \alpha^*(y) \in X_n$ as above. Then:
$$s_j(x) = s_j(\alpha^*(y)) = (\alpha \circ \sigma^j)^*(y)$$
where $\sigma^j: [n+1] \to [n]$ is the $j$-th codegeneracy map. Factor $\alpha \circ \sigma^j: [n+1] \to [m]$ as $\iota \circ \beta$ (surjection followed by injection, with target $\leq 2$). Then $s_j(x) = \beta^*(\iota^*(y))$, which is determined by the same argument: $\iota^*(y)$ is in a level $\leq 2$ (known), and $\beta^*$ is computed via Eilenberg–Zilber decomposition using only non-degenerate simplices in levels $\leq 2$ and the simplicial identities. Since $X_{n+1}$ as a set is already determined (by the Eilenberg–Zilber bijection above), $s_j$ is determined. $\square$

**Conclusion.** Since $S$ and $T$ agree on all 2-truncation data (sets, face maps, and degeneracy maps on levels $0, 1, 2$), and both have dimension $\leq 2$, the Claim implies that $S_n = T_n$ for all $n$ and all structure maps agree. Explicitly, we construct an isomorphism $\phi: S \to T$:
- On levels $0, 1, 2$: $\phi$ is the identity (since $S_i = T_i$ with identical structure maps).
- On levels $n \geq 3$: for $x = \alpha^*(y) \in S_n$ (Eilenberg–Zilber decomposition with $y \in S_m$ non-degenerate, $m \leq 2$), set $\phi_n(x) = \alpha^*(y) \in T_n$ (same $y$ and $\alpha$, now interpreted in $T$).

This is well-defined by uniqueness of Eilenberg–Zilber decomposition, bijective in each dimension, and a simplicial map because all structure maps on both sides are determined by the same 2-truncation data via the simplicial identities.

Therefore, **yes**, $S$ and $T$ are isomorphic. $\blacksquare$

### PROOF COMPLETE
