Looking at this problem, I need to evaluate $I_n = \int_0^\infty \left(\operatorname{E}_n(x)e^x - \frac{1}{1+x}\right) dx$ and show it equals $-\psi(n)$.

**Answer leak check:** The problem asks to "show that it equals $-\psi(n)$" — this is the statement to prove, not a leaked solution. No solution sketch or proof is embedded. Proceeding.

---

## Proof

**Definition.** The exponential integral is $\operatorname{E}_n(x) = \int_1^\infty \frac{e^{-xt}}{t^n}\,dt$ for $x>0$, $n>0$.

### Step 1: Rewrite the integrand

Multiplying by $e^x$ and substituting $u = t-1$:

$$\operatorname{E}_n(x)\,e^x = \int_1^\infty \frac{e^{-x(t-1)}}{t^n}\,dt = \int_0^\infty \frac{e^{-xu}}{(1+u)^n}\,du.$$

Also, $\frac{1}{1+x} = \int_0^\infty e^{-u}\,e^{-xu}\,du$ (standard Laplace transform). Therefore:

$$\operatorname{E}_n(x)\,e^x - \frac{1}{1+x} = \int_0^\infty e^{-xu}\left(\frac{1}{(1+u)^n} - e^{-u}\right)du.$$

### Step 2: Exchange order of integration (Fubini)

$$I_n = \int_0^\infty\int_0^\infty e^{-xu}\left(\frac{1}{(1+u)^n} - e^{-u}\right)du\,dx.$$

To justify swapping, check absolute integrability of $\frac{1}{u}\left|\frac{1}{(1+u)^n}-e^{-u}\right|$ (obtained after integrating $e^{-xu}$ over $x \geq 0$):

- **Near $u=0$:** $\frac{1}{(1+u)^n} - e^{-u} = (1-nu+\cdots)-(1-u+\cdots) = (1-n)u + O(u^2)$, so $\frac{1}{u}|\cdot| = O(1)$, integrable.
- **Near $u=\infty$:** the dominant term is $\frac{1}{u(1+u)^n} \sim \frac{1}{u^{n+1}}$, integrable for $n>0$.

Fubini applies, giving:

$$\boxed{I_n = \int_0^\infty \frac{1}{u}\left(\frac{1}{(1+u)^n} - e^{-u}\right)du.}\tag{$\star$}$$

### Step 3: Differentiate with respect to $n$

$$\frac{dI_n}{dn} = -\int_0^\infty \frac{\ln(1+u)}{u(1+u)^n}\,du.$$

(Differentiation under the integral is justified since $\frac{\ln(1+u)}{u(1+u)^n}$ is integrable for $n>0$: near $0$ it tends to $1$; near $\infty$ it is $O(\ln u / u^{n+1})$.)

Substitute $1+u = e^s$ (so $u = e^s - 1$, $du = e^s\,ds$):

$$\int_0^\infty \frac{\ln(1+u)}{u(1+u)^n}\,du = \int_0^\infty \frac{s\,e^s}{(e^s-1)\,e^{ns}}\,ds = \int_0^\infty \frac{s\,e^{-ns}}{1-e^{-s}}\,ds.$$

Using $\frac{1}{1-e^{-s}} = \sum_{k=0}^\infty e^{-ks}$ and monotone convergence:

$$\int_0^\infty \frac{s\,e^{-ns}}{1-e^{-s}}\,ds = \sum_{k=0}^\infty \int_0^\infty s\,e^{-(n+k)s}\,ds = \sum_{k=0}^\infty \frac{1}{(n+k)^2} = \psi'(n),$$

where $\psi'(n)$ is the trigamma function (derivative of the digamma function). Therefore:

$$\frac{dI_n}{dn} = -\psi'(n) = \frac{d}{dn}\bigl(-\psi(n)\bigr).$$

### Step 4: Base case $I_1 = \gamma = -\psi(1)$

From $(\star)$ with $n=1$:

$$I_1 = \int_0^\infty \frac{1}{u}\left(\frac{1}{1+u} - e^{-u}\right)du.$$

Write $\frac{1}{1+u} = \int_0^\infty e^{-t}\,e^{-ut}\,dt$, so $\frac{1}{1+u} - e^{-u} = \int_0^\infty e^{-t}(e^{-ut} - e^{-u})\,dt$ (since $\int_0^\infty e^{-t}e^{-u}\,dt = e^{-u}$). Then:

$$I_1 = \int_0^\infty e^{-t}\underbrace{\int_0^\infty \frac{e^{-ut}-e^{-u}}{u}\,du}_{=\,-\ln t \text{ (Frullani)}}\,dt = -\int_0^\infty e^{-t}\ln t\,dt = -\Gamma'(1).$$

The Fubini swap is justified since $\int_0^\infty e^{-t}|\ln t|\,dt < \infty$ and $\int_0^\infty \frac{|e^{-ut}-e^{-u}|}{u}\,du = |\ln t|$.

Since $\Gamma'(1) = \Gamma(1)\psi(1) = -\gamma$, we get $I_1 = \gamma = -\psi(1)$.

### Step 5: Conclusion

From Step 3, $\frac{d}{dn}(I_n + \psi(n)) = 0$ for all $n > 0$, so $I_n + \psi(n) = C$ (constant). From Step 4, $C = I_1 + \psi(1) = \gamma + (-\gamma) = 0$. Therefore:

$$I_n = -\psi(n) \quad \text{for all } n > 0. \qquad \blacksquare$$

### PROOF COMPLETE
DEVIN_CLI_EXITED code=0
