Looking at this problem, I need to find all prime pairs (p, q) where p | (26q−1) and q | (26p+1), then sum all p+q.

**Answer leak check:** The problem text contains no solutions, hints, or formalization notes. Proceeding.

## Setup

Let 26q − 1 = ap and 26p + 1 = bq for positive integers a, b. Multiplying and rearranging:

$$ab = \frac{(26q-1)(26p+1)}{pq} = 676 + \frac{26(q-p)-1}{pq}$$

Since ab is an integer, $N := \frac{26(q-p)-1}{pq}$ must be an integer, and $ab = 676 + N$.

**Excluding p, q ∈ {2, 13}:** If p=2, then 26q−1 is odd, not divisible by 2. If p=13, then 26q−1 ≡ −1 (mod 13). Same for q. So p, q ∉ {2, 13}.

**Key parametrization.** From the two equations, eliminating q and p respectively:

$$p = \frac{26-b}{ab-676}, \qquad q = \frac{a-26}{ab-676}$$

(One can verify: substituting q = (ap+1)/26 into 26p+1 = bq and solving gives these exactly.) Since ab = 676 is impossible (it would force 26(q−p) = 1), we split into two cases.

## Case A: ab > 676 (so a > 26, b < 26)

Let D = ab − 676 > 0. Then p = (26−b)/D, so D | (26−b). Since 1 ≤ b ≤ 25, we have 26−b ∈ [1,25], hence **D ≤ 25**. Writing b = 26 − Dp (with Dp ≤ 25):

$$q = \frac{26p+1}{26 - Dp}$$

I enumerate all primes p ≥ 3 and D ≥ 1 with Dp ≤ 25:

| D | p | b=26−Dp | 26p+1 | q=(26p+1)/b | Prime? |
|---|---|---------|-------|-------------|--------|
| 1 | 3,5,7,11,17,19,23 | 23,21,19,15,9,7,3 | 79,131,183,287,443,495,599 | various | None integer |
| 2 | 3,5,7,11 | 20,16,12,4 | 79,131,183,287 | — | None |
| 3 | 3,5,7 | 17,11,5 | 79,131,183 | — | None |
| 4 | 3,5 | 14,6 | 79,131 | — | None |
| **5** | **5** | **1** | **131** | **131** | **Yes ✓** |
| 6,7,8 | 3 | 8,5,2 | 79 | — | None |

**Only solution: (p, q) = (5, 131).** Verify: 26·131−1 = 3405 = 5·681 ✓; 26·5+1 = 131 ✓.

## Case B: ab < 676 (so a < 26, b > 26)

Let d = 676 − ab > 0. Then p = (b−26)/d, q = (26−a)/d, so d | (b−26) and d | (26−a). Writing a = 26 − dq (with dq ≤ 25):

$$p = \frac{26q - 1}{26 - dq}$$

I enumerate all primes q ≥ 3 and d ≥ 1 with dq ≤ 25:

| d | q | 26−dq | 26q−1 | p=(26q−1)/(26−dq) | Prime? |
|---|---|-------|-------|--------------------|--------|
| 1 | 3 | 23 | 77 | 77/23 | No |
| 2 | 3 | 20 | 77 | — | No |
| 3 | 3 | 17 | 77 | — | No |
| 4 | 3 | 14 | 77 | — | No |
| **5** | **3** | **11** | **77** | **7** | **Yes ✓** |
| 6,7,8 | 3 | 8,5,2 | 77 | — | No |
| 1–5 | 5 | 21,16,11,6,1 | 129 | 129/1=129=3·43 | No |
| 1–3 | 7 | 19,12,5 | 181 | — | No |
| **1** | **11** | **15** | **285** | **19** | **Yes ✓** |
| 2 | 11 | 4 | 285 | — | No |
| 1 | 17 | 9 | 441 | 49=7² | No |
| 1 | 19 | 7 | 493 | — | No |
| **1** | **23** | **3** | **597** | **199** | **Yes ✓** |

**Solutions: (p, q) = (7, 3), (19, 11), (199, 23).**

Verify:
- (7, 3): 26·3−1 = 77 = 7·11 ✓; 26·7+1 = 183 = 3·61 ✓
- (19, 11): 26·11−1 = 285 = 19·15 ✓; 26·19+1 = 495 = 11·45 ✓
- (199, 23): 26·23−1 = 597 = 199·3 ✓; 26·199+1 = 5175 = 23·225 ✓

## Completeness

Both cases are **fully enumerated** — the parametrization $p = (26-b)/(ab-676)$, $q = (a-26)/(ab-676)$ is exact (no approximation), and the divisibility constraints D | (26−b) ≤ 25 (Case A) and d | (26−a) ≤ 25 with dq ≤ 25 (Case B) bound all parameters to finite, exhaustively checked ranges. The case ab = 676 yields 26(q−p) = 1, impossible.

## Final Calculation

| (p, q) | p + q |
|---------|-------|
| (5, 131) | 136 |
| (7, 3) | 10 |
| (19, 11) | 30 |
| (199, 23) | 222 |

$$\sum (p+q) = 136 + 10 + 30 + 222 = \boxed{398}$$

### PROOF COMPLETE
DEVIN_CLI_EXITED code=0
