**Answer: No.** $\mathbb{R}$ with the Euclidean topology is not homeomorphic to any topological field of positive characteristic.

---

### Proof

**Step 1. Topological invariants of $\mathbb{R}$.**

The real line $\mathbb{R}$ with its usual Euclidean topology is **connected** and **locally compact**. Both properties are topological invariants: they are preserved by homeomorphism. Hence any topological field $F$ homeomorphic to $\mathbb{R}$ must also be connected and locally compact.

**Step 2. The additive group of a positive-characteristic field has exponent $p$.**

Let $F$ be a topological field of characteristic $p > 0$. In $F$ we have
$$
\underbrace{x + x + \cdots + x}_{p \text{ times}} = p\cdot x = 0 \qquad \text{for every } x \in F,
$$
since $p\cdot 1 = 0$ in $F$. Thus every element of the additive group $(F,+)$ has additive order dividing $p$; the group has **exponent $p$**. In particular, the only element $g \in F$ for which the equation $p\cdot h = g$ is solvable is $g = 0$.

**Step 3. A connected locally compact abelian group is divisible.**

We use the following standard theorem from the structure theory of locally compact abelian (LCA) groups (Pontryagin, *Topological Groups*; Hewitt–Ross, *Abstract Harmonic Analysis*):

> **Theorem.** Every connected locally compact abelian group is **divisible**: for every integer $n \geq 1$ and every element $g$, there exists an element $h$ with $n\cdot h = g$.

*Brief justification.* By the principal structure theorem, a connected LCA group $G$ is isomorphic to $\mathbb{R}^{r}\times C$, where $C$ is a compact connected abelian group. The group $\mathbb{R}^{r}$ is divisible. The compact group $C$ is connected iff its (discrete) Pontryagin dual $\widehat{C}$ is torsion-free; and a compact abelian group is divisible iff its dual is torsion-free. Hence $C$ is divisible. A product of divisible groups is divisible, so $G$ is divisible. $\square$

**Step 4. Deriving the contradiction.**

Suppose, for contradiction, that there exists a topological field $F$ of characteristic $p > 0$ with $F \cong \mathbb{R}$ (homeomorphic). Then:

- $F$ is connected and locally compact (Step 1).
- $(F,+)$ is a connected locally compact abelian group, so by Step 3 it is **divisible**. In particular, for $n = p$, every $g \in F$ must be expressible as $p\cdot h$ for some $h \in F$.
- But by Step 2, $p\cdot h = 0$ for **every** $h \in F$, so the only $p$-divisible element is $0$.

Since $F \cong \mathbb{R}$, the field $F$ has more than one element (indeed $F$ is uncountable, and in particular $0 \neq 1$). Pick any $g \in F$ with $g \neq 0$. By divisibility there must exist $h$ with $p\cdot h = g \neq 0$; yet $p\cdot h = 0$ for all $h$. This is a contradiction.

**Step 5. Conclusion.**

The contradiction shows that no topological field of positive characteristic can be homeomorphic to $\mathbb{R}$. Equivalently, every topological field homeomorphic to $\mathbb{R}$ must have characteristic $0$.

*Remark.* The same conclusion follows from Pontryagin's classification of locally compact topological fields: a locally compact connected topological field is isomorphic (as a topological field) to $\mathbb{R}$ or $\mathbb{C}$, both of characteristic $0$. The argument above isolates the essential point — divisibility of the additive group — without invoking the full classification.

Therefore $\mathbb{R}$ is **not** homeomorphic to any topological field of positive characteristic.

### PROOF COMPLETE
DEVIN_CLI_EXITED code=0
