Looking at this problem, I need to analyze the loaded parabolic equation (nonlocal due to the `u(x*, t)` term), state the conditions under which the maximum principle applies, and prove uniqueness.

Let me work through the mathematical reasoning carefully before presenting the proof.

**Key observations:**
- The term `c(x)u(x*, t)` is *nonlocal*: it couples the value at a fixed interior point `x*` to every spatial point `x`.
- The standard maximum principle for `u_t = (k u_x)_x + q(x)u + f` requires `q(x) ≤ 0`. The analog here is `c(x) ≤ 0`.
- Because the loaded term is nonlocal, the classical "max on parabolic boundary" argument does not close directly; instead, the comparison estimate (a consequence of the maximum principle) closes via Gronwall's inequality.

**Answer-leak check:** The problem statement contains only the problem formulation—no solutions, sketches, or answer values. No leak detected.

---

## Applicability Conditions for the Maximum Principle

For the maximum principle to apply to the first boundary value problem of the loaded parabolic equation, the following conditions are required:

**(C1) Uniform parabolicity.** There exists $k_0 > 0$ such that $k(x) \ge k_0$ for all $x \in [0,l]$, with $k \in C^1[0,l]$.

**(C2) Non-positivity of the loaded coefficient.** $c(x) \le 0$ for all $x \in [0,l]$, with $c \in C[0,l]$.

**(C3) Boundedness.** $|c(x)| \le C_0$ for some constant $C_0 > 0$ and all $x \in [0,l]$.

### Role of condition (C2)

For the standard parabolic equation $u_t = (k\,u_x)_x + q(x)\,u + f$, the maximum principle requires $q(x) \le 0$ to prevent the zero-order term from amplifying interior maxima. For the loaded equation, $c(x)\,u(x^*,t)$ plays an analogous but *nonlocal* role. The condition $c(x)\le 0$ ensures the correct sign structure:

- At a **positive interior maximum** $(x_0,t_0)$ of $w$: $\partial_t w \ge 0$, $(k\,w_x)_x \le 0$, so from the equation $c(x_0)\,w(x^*,t_0) \ge 0$. Since $c(x_0)\le 0$, this forces $w(x^*,t_0)\le 0$ — the loaded term acts as a **non-negative source** whose magnitude is controlled by $|w(x^*,t_0)| \le \max|w|$.
- At a **negative interior minimum** $(x_1,t_1)$: similarly $c(x_1)\,w(x^*,t_1)\le 0$ forces $w(x^*,t_1)\ge 0$ — the loaded term acts as a **non-positive source**.

This self-referential sign control is what allows the comparison principle to close. Without $c\le 0$, the loaded term could act as an uncontrolled source of arbitrary sign, violating the maximum principle's structure.

---

## Maximum Principle (Comparison Estimate Form)

**Lemma.** Under (C1)–(C3), let $w$ satisfy
$$\frac{\partial w}{\partial t} = \frac{\partial}{\partial x}\!\left(k(x)\,\frac{\partial w}{\partial x}\right) + c(x)\,w(x^*,t), \quad (x,t)\in Q=(0,l)\times(0,T],$$
$$w(0,t)=w(l,t)=0,\quad w(x,0)=0.$$
Then, setting $M(t)=\max_{0\le x\le l}|w(x,t)|$:
$$M(t) \;\le\; C_0\int_0^t M(\tau)\,d\tau, \qquad t\in[0,T].$$

**Proof of Lemma.** Regard $F(x,t)=c(x)\,w(x^*,t)$ as a source term. The equation becomes $w_t = (k\,w_x)_x + F$ with zero boundary and initial data. By the classical comparison principle for parabolic equations with source (a direct consequence of the maximum principle), the solution with zero data satisfies
$$|w(x,t)| \;\le\; \int_0^t \max_{0\le\xi\le l}|F(\xi,\tau)|\,d\tau.$$
*(This follows by comparison with $v(t)=\int_0^t \max_\xi|F(\xi,\tau)|\,d\tau$, which satisfies $v'\ge |F|\ge F$, $v\ge 0$ on the boundary, $v(0)=0$; hence $w\le v$ and $-w\le v$.)*

Now bound the source:
$$\max_\xi |F(\xi,\tau)| = \max_\xi |c(\xi)|\cdot|w(x^*,\tau)| \le C_0\, M(\tau),$$
since $|w(x^*,\tau)|\le M(\tau)$. Taking the maximum over $x$ on the left-hand side yields $M(t)\le C_0\int_0^t M(\tau)\,d\tau$. $\square$

---

## Uniqueness Theorem

**Theorem.** Under conditions (C1)–(C3), the classical solution to the first boundary value problem for the loaded parabolic equation is unique.

**Proof.** Let $u_1$ and $u_2$ be two classical solutions. By linearity, $w = u_1 - u_2$ satisfies the homogeneous loaded equation with zero data:
$$\frac{\partial w}{\partial t} = \frac{\partial}{\partial x}\!\left(k(x)\,\frac{\partial w}{\partial x}\right) + c(x)\,w(x^*,t),$$
$$w(0,t)=w(l,t)=0,\qquad w(x,0)=0.$$

Define $M(t) = \max_{0\le x\le l}|w(x,t)|$. Then $M(0)=0$, $M(t)\ge 0$, and $M$ is continuous.

By the Lemma:
$$M(t) \;\le\; C_0\int_0^t M(\tau)\,d\tau, \qquad M(0)=0.$$

**Application of Gronwall's inequality (integral form).** Set $\Phi(t)=\int_0^t M(\tau)\,d\tau$. Then $\Phi(0)=0$, $\Phi'(t)=M(t)\le C_0\,\Phi(t)$. The differential Gronwall inequality gives $\Phi(t)\le \Phi(0)\,e^{C_0 t}=0$, so $\Phi(t)\equiv 0$, hence $M(t)=\Phi'(t)=0$ for all $t\in[0,T]$.

Therefore $w(x,t)=0$ for all $(x,t)\in\overline{Q}$, i.e., $u_1\equiv u_2$. $\blacksquare$

---

**Summary.** The maximum principle for the loaded parabolic equation is applicable under: (i) uniform parabolicity $k(x)\ge k_0>0$, and (ii) non-positivity $c(x)\le 0$ of the loaded coefficient (with $c$ bounded). The non-positivity condition ensures the loaded term $c(x)\,u(x^*,t)$ respects the sign structure of the maximum principle. Uniqueness follows from the comparison estimate — a direct consequence of the maximum principle — combined with Gronwall's inequality, which closes the estimate despite the nonlocal coupling through $u(x^*,t)$.

### PROOF COMPLETE
DEVIN_CLI_EXITED code=0
