## Solution

**Setup.** Three mutually externally tangent circles ω₁, ω₂, ω₃ with centers M, N, O and radii r₁, r₂, r₃. The tangency points are:
- A on NO (ω₂ & ω₃), with NA = r₂, AO = r₃,
- B on MO (ω₃ & ω₁), with MB = r₁, BO = r₃,
- C on MN (ω₁ & ω₂), with MC = r₁, CN = r₂.

**Recognizing the intouch triangle.** The tangent lengths from each vertex of △MNO are equal (from M: MC = MB = r₁; from N: NC = NA = r₂; from O: OA = OB = r₃). Hence A, B, C are exactly the touchpoints of the incircle of △MNO — the intouch (contact) triangle.

A triangle's intouch triangle is equilateral **iff** the triangle is equilateral. Since ABC is equilateral with side 1, △MNO is equilateral, so r₁ = r₂ = r₃ = r and each side of MNO equals 2r. The intouch triangle of an equilateral triangle is its medial triangle, with side = (side of MNO)/2 = r. Given this equals 1: **r = 1**, and MNO has side **2**.

**Coordinates.** Place
- M = (0, 0), N = (2, 0), O = (1, √3) (equilateral, side 2).

Midpoints (= contact points):
- C = (1, 0), A = (3/2, √3/2), B = (1/2, √3/2).

One checks |AB| = |BC| = |CA| = 1. ✓

**Finding P and Q.** Line MO is parametrized as (t, t√3).

- ω₃: (x−1)² + (y−√3)² = 1. Substituting: 4(t−1)² = 1, so t = 1/2 (gives B) or t = 3/2. Thus **P = (3/2, 3√3/2)**.
- ω₁: x² + y² = 1. Substituting: 4t² = 1, so t = 1/2 (gives B) or t = −1/2. Thus **Q = (−1/2, −√3/2)**.

**Finding R.** Line AP: A = (3/2, √3/2) and P = (3/2, 3√3/2) — both have x = 3/2, so line AP is the vertical line **x = 3/2**.

ω₂ centered at N = (2, 0), radius 1: (x−2)² + y² = 1. At x = 3/2: 1/4 + y² = 1, so y = ±√3/2. The point y = √3/2 is A; the other is **R = (3/2, −√3/2)**.

**Area of PQR.** With
- P = (3/2, 3√3/2), Q = (−1/2, −√3/2), R = (3/2, −√3/2),

segment PR is vertical with length 3√3/2 − (−√3/2) = 2√3, and the horizontal distance from Q to the line x = 3/2 is |−1/2 − 3/2| = 2. Hence

$$[PQR] = \tfrac{1}{2}\cdot 2\sqrt{3}\cdot 2 = 2\sqrt{3}.$$

Shoelace verification:
$$\tfrac{1}{2}\left|\tfrac{3}{2}(0)+(-\tfrac{1}{2})(-2\sqrt{3})+\tfrac{3}{2}(2\sqrt{3})\right|=\tfrac{1}{2}|\sqrt{3}+3\sqrt{3}|=2\sqrt{3}.\;\checkmark$$

$$\boxed{[PQR]=2\sqrt{3}}$$

### PROOF COMPLETE
DEVIN_CLI_EXITED code=0
