## Proof

**Answer-leak check:** The problem statement contains no solution, answer, or proof sketch. Proceeding.

**Setup.** Each cube has 6 faces. Three identical cubes give 18 faces total; exactly 9 are green and 9 yellow. Cubes are identical, so two paintings are the same iff the *multiset* of three cube-colorings is the same (each cube-coloring taken up to the rotation group of the cube).

**Step 1 — Distinct single-cube colorings with exactly k green faces.** Let c(k) be the number of rotationally distinct ways to color a cube with exactly k green (and 6−k yellow) faces.

- c(0)=c(6)=1, c(1)=c(5)=1 (all faces same, or a single face — forced).
- c(2): two green faces are either **adjacent** (sharing an edge) or **opposite**. So c(2)=2.
- c(4)=c(2)=2 by color-complement symmetry.
- c(3): three green faces. Count opposite pairs among them.
  - **0 opposite pairs**: one face chosen from each of the 3 opposite pairs ⇒ the three faces meeting at a vertex. One orbit.
  - **1 opposite pair**: two opposite faces plus a third (adjacent to both). One orbit.
  - (Two opposite pairs would need 4 faces, impossible with 3.) So c(3)=2.

Summary: c(0)=1, c(1)=1, c(2)=2, c(3)=2, c(4)=2, c(5)=1, c(6)=1. There are 10 distinct cube-types in total.

**Step 2 — Enumerate green-count compositions.** We need nondecreasing triples (a≤b≤c), each in {0,…,6}, with a+b+c=9. The partitions of 9 into 3 parts ≤6 are:

(0,3,6), (0,4,5), (1,2,6), (1,3,5), (1,4,4), (2,2,5), (2,3,4), (3,3,3).

**Step 3 — Count type-multisets for each composition.** Since the cubes are identical, for a composition with distinct parts a<b<c the count is c(a)·c(b)·c(c). For a repeated part, we choose a *multiset* of types from the c(·) available at that green-count: size-2 multiset from n types = C(n+1,2); size-3 from n types = C(n+2,3).

| Composition | Count |
|---|---|
| (0,3,6) | 1·2·1 = 2 |
| (0,4,5) | 1·2·1 = 2 |
| (1,2,6) | 1·2·1 = 2 |
| (1,3,5) | 1·2·1 = 2 |
| (1,4,4) | 1·C(2+1,2) = 1·3 = 3 |
| (2,2,5) | C(2+1,2)·1 = 3·1 = 3 |
| (2,3,4) | 2·2·2 = 8 |
| (3,3,3) | C(2+2,3) = C(4,3) = 4 |

**Step 4 — Sum.** 2+2+2+2+3+3+8+4 = **26**.

**Symmetry check.** Swapping green↔yellow on every cube is an involution on the valid configurations (9 green ↔ 9 yellow), confirming the count is self-consistent and providing no overcounting.

**Answer: 26.**

### PROOF COMPLETE
DEVIN_CLI_EXITED code=0
