I'll solve this problem directly in my reasoning, then output the proof.

**Answer leak check:** The problem text contains no leaked answers, solutions, or solution sketches. Proceeding to solve.

**Key analysis:** For both lines and circles, "equidistant from all four" means each point is at the same distance $t \geq 0$ from the path. This partitions the four points into two groups (those at signed distance $+t$ and $-t$). I need to count, over all partitions into two non-empty groups, the paths that realize each partition — showing each partition yields exactly one path.

Let me verify the critical edge cases (parallel/coinciding bisectors leading to degeneracies) are excluded by the problem's own constraints, then confirm with a concrete example.

---

## Proof

**Setup.** Four distinct points $A,B,C,D$ with: (i) no line through all four, (ii) no circle through all four. A path (line or circle) is *equidistant* if every station is at the same distance $t\ge 0$ from it.

**Reformulation.** For a circle with center $O$, radius $r$, the distance to $P$ is $|OP - r|$. For a line $\ell$, the distance to $P$ is the perpendicular distance. In both cases, equidistant at value $t>0$ means each point satisfies $f(P) = r \pm t$ (circle) or $g(P) = \pm t$ (line), where $f(P)=OP$ and $g(P)$ is the signed distance to $\ell$. Thus the four points split into two non-empty groups according to the sign, and:

- **Circle case:** each group lies on a concentric circle centered at $O$.
- **Line case:** each group lies on one of two parallel lines, with $\ell$ as their midline (a "circle centered at infinity").

Since $t=0$ would force all four points onto the path (all collinear or all concyclic), both excluded, we have $t>0$, so both groups are non-empty and the partition is uniquely determined by the path (no double-counting).

**Counting via partitions.** There are two types of partitions of $\{A,B,C,D\}$ into two non-empty groups: type $1{+}3$ (4 of them) and type $2{+}2$ (3 of them).

**Type $1{+}3$ (4 partitions).** One group is a single point $\{P\}$, the other is a triple $\{Q,R,S\}$.

- *If the triple is non-collinear:* it has a unique circumcenter $O$. The single point $P$ satisfies $OP \neq OQ$ (otherwise all four concyclic, excluded). Setting $r = \tfrac{1}{2}(OP + OQ)$ and $t = \tfrac{1}{2}|OP - OQ| > 0$ gives a valid circle. No line works (a non-collinear triple can't lie on one line). **→ 1 circle.**
- *If the triple is collinear:* it lies on a unique line $L$. The point $P\notin L$ (else all four collinear, excluded). The unique line through $P$ parallel to $L$ exists; the midline of these two parallel lines is a valid equidistant line. No circle works (a collinear triple has no circumcenter). **→ 1 line.**

Each $1{+}3$ partition yields **exactly 1 path**. Subtotal: **4**.

**Type $2{+}2$ (3 partitions).** Two pairs, say $\{A,B\}$ and $\{C,D\}$. Let $m_1, m_2$ be their perpendicular bisectors, and $\ell_1, \ell_2$ the lines through each pair.

- *If the two segments are not parallel:* $m_1, m_2$ are not parallel, so they meet at a unique point $O$. Then $OA=OB$ and $OC=OD$. We have $OA \neq OC$ (else all four concyclic, excluded), giving $t>0$ and a valid circle. The pair-lines $\ell_1,\ell_2$ are not parallel, so no line works. **→ 1 circle.**
- *If the two segments are parallel:* $m_1 \parallel m_2$, so no finite common center → no circle. The pair-lines $\ell_1 \parallel \ell_2$ are distinct (coinciding would mean all four collinear, excluded), so their midline is a valid equidistant line. **→ 1 line.**

*Coinciding bisectors ruled out:* If $m_1 = m_2$ (segments parallel with a common perpendicular bisector), place coordinates so $m$ is the $y$-axis: $A=(a,p), B=(-a,p), C=(c,q), D=(-c,q)$. If $p\neq q$, the equation $a^2+(p-y)^2 = c^2+(q-y)^2$ has a solution $y$, making all four concyclic — excluded. If $p=q$, all four lie on $y=p$ — excluded. So $m_1 \neq m_2$ whenever segments are parallel, confirming no circle arises.

Each $2{+}2$ partition yields **exactly 1 path**. Subtotal: **3**.

**Total:** $4 + 3 = \boxed{7}$.

### PROOF COMPLETE
DEVIN_CLI_EXITED code=0
