Looking at this problem, I need to find the maximum number of drones in an $n \times n$ grid where each drone has exactly 2 line-of-sight connections.

## Proof

**Setup and graph structure.** Place drones on grid cells. Two drones connect if they share a row or column with no drone between them. In any row, the drones (ordered by column) form a path where consecutive drones are connected; similarly for columns. Each drone's total connections = (row neighbors) + (column neighbors). The constraint requires this sum to equal exactly 2 for every drone.

Since every drone has degree exactly 2, the connection graph is a disjoint union of cycles.

**Drone classification.** Each drone has row-neighbors ∈ {0,1,2} and column-neighbors ∈ {0,1,2}, summing to 2. This gives three types:
- **Type H (2,0):** 2 row neighbors, 0 column neighbors — interior drone of a horizontal segment, and the **only** drone in its column.
- **Type V (0,2):** 0 row neighbors, 2 column neighbors — interior drone of a vertical segment, and the **only** drone in its row.
- **Type C (1,1):** 1 row neighbor, 1 column neighbor — endpoint (corner) of both a horizontal and vertical segment.

**Segment structure.** In each cycle, horizontal and vertical segments alternate. A horizontal segment is a maximal path of row-edges in one row; its endpoints are type-C drones, its interior drones are type-H. Since all drones in a row are connected by line-of-sight, each row contains at most one horizontal segment (containing all drones in that row). Similarly, each column contains at most one vertical segment.

**Key counting.** Let $h$ = number of rows with horizontal segments, $v$ = number of columns with vertical segments. In each cycle, horizontal and vertical segments alternate, so the number of horizontal segments equals the number of vertical segments per cycle. Summing over all cycles: $h = v = k$ for some $k \geq 2$ (a single segment pair cannot close into a cycle since both corners would collapse to one cell).

- **Corner drones (type C):** Each horizontal segment has exactly 2 endpoints, each a corner drone, and each corner drone is an endpoint of exactly one horizontal segment. So $C = 2k$.

- **Type-H drones:** Each type-H drone is the only drone in its column, and it cannot be in a column with a vertical segment (that column already has ≥2 drones, giving it column neighbors). So type-H drones occupy distinct columns among the $n - k$ non-vertical columns. Thus $H \leq n - k$.

- **Type-V drones:** By the symmetric argument, each type-V drone is the only drone in its row, in a row without a horizontal segment. Thus $V \leq n - k$.

**Upper bound:**
$$\text{Total} = C + H + V \leq 2k + (n-k) + (n-k) = 2n.$$

**Construction achieving $2n$ (for $n \geq 2$).** Use a single rectangular cycle on rows $\{1, n\}$ and columns $\{1, n\}$:

- **4 corner drones** at $(1,1), (1,n), (n,1), (n,n)$.
- **$n-2$ type-H drones** at $(1, c)$ for each $c \in \{2, \ldots, n-1\}$ — filling the interior of the horizontal segment in row 1. Each is the only drone in its column.
- **$n-2$ type-V drones** at $(r, 1)$ for each $r \in \{2, \ldots, n-1\}$ — filling the interior of the vertical segment in column 1. Each is the only drone in its row.

**Verification:**
- Type-H drone $(1,c)$: row neighbors are $(1,c-1)$ and $(1,c+1)$ (both exist since row 1 is fully filled from column 1 to $n$); column $c$ has no other drone → 0 column neighbors. Total = 2. ✓
- Type-V drone $(r,1)$: column neighbors are $(r-1,1)$ and $(r+1,1)$ (both exist since column 1 is fully filled from row 1 to $n$); row $r$ has no other drone → 0 row neighbors. Total = 2. ✓
- Corner $(1,1)$: row neighbor $(1,2)$, column neighbor $(2,1)$. Total = 2. ✓
- Corner $(1,n)$: row neighbor $(1,n-1)$, column neighbor $(n,n)$ (no drone between in column $n$). Total = 2. ✓
- Corner $(n,1)$: row neighbor $(n,n)$ (no drone between in row $n$), column neighbor $(n-1,1)$. Total = 2. ✓
- Corner $(n,n)$: row neighbor $(n,1)$, column neighbor $(1,n)$. Total = 2. ✓

Type-H and type-V drones never share a row or column (type-H are in rows $\{1, n\}$ at columns $\{2,\ldots,n-1\}$; type-V are in rows $\{2,\ldots,n-1\}$ at columns $\{1, n\}$), so no unwanted connections arise.

**Total:** $4 + (n-2) + (n-2) = 2n$.

Since the upper bound is $2n$ and the construction achieves $2n$, the maximum number of drones is:

$$\boxed{2n}$$

### PROOF COMPLETE
DEVIN_CLI_EXITED code=0
