## Proof

**Claim.** Let $f:\mathbb{R}^{n}\to\mathbb{R}^{n}$ be of class $C^{1}$, and let $E\subset\mathbb{R}^{n}$ have Lebesgue measure zero. Then $f(E)$ has Lebesgue measure zero.

---

**Step 1 (Reduction to bounded pieces).** Cover $\mathbb{R}^{n}$ by countably many closed unit cubes $\{Q_{k}\}_{k=1}^{\infty}$ (for instance, the cubes of the standard integer lattice). Then
$$
f(E)=\bigcup_{k=1}^{\infty} f(E\cap Q_{k}),
$$
so it suffices to show that each $f(E\cap Q_{k})$ has measure zero, since a countable union of null sets is null.

Fix one cube $Q=Q_{k}$ and write $E_{Q}=E\cap Q$.

**Step 2 (Local Lipschitz bound).** Since $f$ is $C^{1}$, the derivative $Df$ is continuous. The cube $Q$ is compact, so the operator norm $\|Df(x)\|$ is bounded on $Q$; set
$$
M:=\sup_{x\in Q}\|Df(x)\|<\infty.
$$
For any $x,y\in Q$, consider the segment $[y,x]\subset Q$ (a cube is convex) and define $g(t)=f(y+t(x-y))$. Then $g'(t)=Df(y+t(x-y))(x-y)$, and the mean value inequality gives
$$
|f(x)-f(y)|\leq \int_{0}^{1}\|Df(y+t(x-y))\|\,|x-y|\,dt \leq M\,|x-y|.
$$
Thus $f$ is $M$-Lipschitz on $Q$.

**Step 3 (Lipschitz maps preserve null sets).** Let $\varepsilon>0$. Since $E_{Q}$ has measure zero, there is a countable cover by open balls $\{B_{i}\}$ with radii $r_{i}$ such that
$$
\sum_{i} r_{i}^{n}<\varepsilon.
$$
(Indeed, cover $E_{Q}$ by cubes of side $s_{i}$ with $\sum s_{i}^{n}<\varepsilon$; each such cube lies in a ball of radius $r_{i}=\tfrac{\sqrt{n}}{2}s_{i}$, and $\sum r_{i}^{n}=(\tfrac{\sqrt{n}}{2})^{n}\sum s_{i}^{n}<(\tfrac{\sqrt{n}}{2})^{n}\varepsilon$; rescale $\varepsilon$ at the end.)

For each $i$, pick $x_{i}\in B_{i}\cap E_{Q}$ (if the intersection is empty, discard that ball). For every $y\in B_{i}\cap Q$,
$$
|f(y)-f(x_{i})|\leq M\,|y-x_{i}|\leq M\,r_{i}.
$$
Hence $f(B_{i}\cap Q)$ is contained in a ball of radius $M\,r_{i}$. Therefore $f(E_{Q})$ is covered by countably many balls of radii $M\,r_{i}$, and
$$
\sum_{i}(M\,r_{i})^{n}=M^{n}\sum_{i}r_{i}^{n}<M^{n}\varepsilon.
$$
Since $\varepsilon>0$ was arbitrary, $f(E_{Q})$ has outer measure zero, hence is Lebesgue measurable with measure zero.

**Step 4 (Conclusion).** Each $f(E\cap Q_{k})$ has measure zero by Step 3, so
$$
f(E)=\bigcup_{k=1}^{\infty}f(E\cap Q_{k})
$$
is a countable union of null sets, hence has measure zero. $\blacksquare$

---

**Answer:** Yes. Every $C^{1}$ function $f:\mathbb{R}^{n}\to\mathbb{R}^{n}$ maps sets of Lebesgue measure zero to sets of Lebesgue measure zero.

### PROOF COMPLETE
DEVIN_CLI_EXITED code=0
