## Proof

Let the numbers on the board be $a_1, a_2, \dots, a_n$ (all distinct reals). The conditions are:

- (A) For every triple $\{i,j,k\}$, $a_i+a_j+a_k \in \mathbb{Q}$.
- (B) For every pair $\{i,j\}$, $a_i+a_j \notin \mathbb{Q}$.

**Claim: $n \geq 4$ is impossible.**

Suppose $n \geq 4$. Take any two distinct indices $k, l$. Since $n \geq 4$, we can choose two further distinct indices $i, j$ with $\{i,j\} \cap \{k,l\} = \emptyset$ and $i \neq j$. Then both triples $\{i,j,k\}$ and $\{i,j,l\}$ satisfy (A), so

$$a_i+a_j+a_k \in \mathbb{Q}, \qquad a_i+a_j+a_l \in \mathbb{Q}.$$

Subtracting gives $a_k - a_l \in \mathbb{Q}$. Hence **every pairwise difference is rational**.

Fix $a_1$ and write $a_m = a_1 + q_m$ with $q_m \in \mathbb{Q}$ (and $q_1 = 0$). Now pick any triple, say $\{1,2,3\}$ (which exists since $n\geq 4 \geq 3$):

$$a_1+a_2+a_3 = 3a_1 + (q_1+q_2+q_3) \in \mathbb{Q}.$$

Since $q_1+q_2+q_3 \in \mathbb{Q}$, we get $3a_1 \in \mathbb{Q}$, hence $a_1 \in \mathbb{Q}$.

But then for any pair $\{i,j\}$,

$$a_i + a_j = 2a_1 + q_i + q_j \in \mathbb{Q},$$

which contradicts condition (B). Therefore $n \leq 3$.

**Claim: $n = 3$ is achievable.**

Take $a = \sqrt{2}$, $b = \sqrt{3}$, $c = 1 - \sqrt{2} - \sqrt{3}$. These are three distinct reals.

- Triple sum: $a+b+c = 1 \in \mathbb{Q}$. ✓
- $a+b = \sqrt{2}+\sqrt{3} \notin \mathbb{Q}$ (otherwise $\sqrt{2}+\sqrt{3}=r$ gives $5+2\sqrt{6}=r^2$, forcing $\sqrt{6}\in\mathbb{Q}$, contradiction). ✓
- $a+c = 1 - \sqrt{3} \notin \mathbb{Q}$. ✓
- $b+c = 1 - \sqrt{2} \notin \mathbb{Q}$. ✓

All three numbers are distinct ($\sqrt2, \sqrt3, 1-\sqrt2-\sqrt3$ are clearly pairwise different).

**Conclusion.** The largest possible number of numbers on the board is $\boxed{3}$.

### PROOF COMPLETE
DEVIN_CLI_EXITED code=0
