Looking at this problem, I need to solve the system for integers $x_1, \ldots, x_n$ where:
$$n(n-1)x_i + \left(\prod_{j\neq i} x_j\right) S = n^2(n-1), \quad S = \sum x_j^2.$$

**Answer leak check:** No leaked answers or solution sketches found in the problem statement. Proceeding.

---

## Proof

**Step 1: No $x_i$ can be zero.**

If $x_i = 0$ for some $i$, then the $i$-th equation gives $\prod_{j\neq i} x_j \cdot S = n^2(n-1)$. If two or more variables are zero, say $x_i = x_k = 0$, then $\prod_{j\neq i} x_j = 0$ (contains $x_k$), giving $0 = n^2(n-1)$, contradiction. So at most one is zero. If exactly $x_1 = 0$, then for $i \geq 2$: $\prod_{j\neq i} x_j = 0$ (contains $x_1$), so $n(n-1)x_i = n^2(n-1)$, giving $x_i = n$ for all $i\geq 2$. Then $S = (n-1)n^2$ and $\prod_{j\neq 1} x_j = n^{n-1}$, so the first equation requires $n^{n-1} \cdot n^2(n-1) = n^2(n-1)$, i.e., $n^{n-1} = 1$, forcing $n=1$, contradiction. So **all $x_i \neq 0$**.

**Step 2: At most two distinct values.**

Let $P = \prod x_j$ and $P_i = P/x_i$. Subtracting equations $i$ and $k$:
$$n(n-1)(x_i - x_k) + (P_i - P_k)S = 0.$$
Since $P_i - P_k = P\cdot\frac{x_k - x_i}{x_i x_k}$, we get:
$$(x_i - x_k)\left[n(n-1) - \frac{PS}{x_i x_k}\right] = 0.$$
So either $x_i = x_k$ or $\frac{PS}{x_i x_k} = n(n-1)$. If three distinct values $a,b,c$ exist, then $PS/(ab) = PS/(ac) = n(n-1)$ forces $b=c$, contradiction. **At most two distinct values.**

**Step 3: Case A — all equal.**

If $x_i = a$ for all $i$: $S = na^2$, $P_i = a^{n-1}$. The equation becomes $n(n-1)a + na^{n+1} = n^2(n-1)$, i.e., $a^{n+1} + (n-1)a = n(n-1)$.

- $a = 1$: gives $n(2-n) = 0$, so only $n=2$.
- $a \geq 2, n\geq 3$: $a^{n+1} \geq 2^{n+1} > n(n-1)$, no solution.
- $a < 0$: if $n$ even, $a^{n+1}<0$ and $(n-1)a<0$, LHS$<0$; if $n$ odd, setting $a=-m$ gives $m^{n+1} = (n-1)(m+n)$, which fails for all $m\geq 1$ (LHS grows too fast; $m=1$ gives $n^2=2$).

For $n=2$: $a^3+a-2=0 \Rightarrow (a-1)(a^2+a+2)=0$, only $a=1$. So Case A yields only $(1,1)$ when $n=2$.

**Step 4: Case B — two distinct values.**

Let value $a$ appear $p$ times, value $b$ appear $q$ times ($p+q=n$, $p,q\geq 1$, $a\neq b$). From the subtraction condition, $PS = n(n-1)ab$. Substituting back into either equation gives $n(n-1)(a+b) = n^2(n-1)$, so:
$$a + b = n.$$
With $P = a^p b^q$ and $S = pa^2 + qb^2$, the condition $PS = n(n-1)ab$ becomes:
$$a^{p-1}b^{q-1}(pa^2+qb^2) = n(n-1).$$
Using $b = n-a$ and $p+q=n$: $pa^2+qb^2 = n\big((a-q)^2 + pq\big)$, so:
$$a^{p-1}b^{q-1}\big((a-q)^2 + pq\big) = n-1. \tag{$\star$}$$

**Subcase $p\geq 2, q\geq 2$:** Then $(a-q)^2+pq \geq pq \geq 2(n-2)$. If $|a|\geq 2$ or $|b|\geq 2$, then $|a|^{p-1}|b|^{q-1}\geq 2$, so $|\text{LHS}| \geq 4(n-2) > n-1$ for $n\geq 4$. If $|a|=|b|=1$ with $a\neq b$, then $a+b=0=n$, impossible. **No solutions.**

**Subcase $p=1, q=n-1$ (or by symmetry $q=1$):** Equation $(\star)$ becomes $b^{n-2}\big((a-n+1)^2+n-1\big) = n-1$ where $b=n-a$.

- $b=1, a=n-1$: $1\cdot(0+n-1)=n-1$. ✓
- $b=-1, a=n+1$: $(-1)^{n-2}(n+3)=n-1$, which fails for all $n\geq 2$.
- $|b|\geq 2$: $|b|^{n-2}\geq 2^{n-2}$ and $(a-n+1)^2+n-1\geq n-1$, so $|\text{LHS}|\geq 2^{n-2}(n-1) > n-1$ for $n\geq 3$; for $n=2$, $b^0((a-1)^2+1)=1$ forces $a=1=b$, not distinct.

So the **only** solution in Case B is: one variable $= n-1$, the other $n-1$ variables $= 1$ (and all permutations).

**Step 5: Verification.**

Take $x_1 = n-1$, $x_2=\cdots=x_n=1$. Then $S = (n-1)^2+(n-1) = n(n-1)$.
- For $i=1$: $n(n-1)(n-1) + 1^{n-1}\cdot n(n-1) = n(n-1)\cdot n = n^2(n-1)$. ✓
- For $i\geq 2$: $n(n-1)\cdot 1 + (n-1)\cdot 1^{n-2}\cdot n(n-1) = n(n-1)(1+n-1)=n^2(n-1)$. ✓

For $n=2$, this gives $(1,1)$, matching Case A.

---

## Conclusion

For every $n \geq 2$, the complete set of integer solutions is all permutations of $(n-1, 1, 1, \ldots, 1)$.

Final Answer: $\boxed{(x_1,\ldots,x_n) \text{ is a permutation of } (n-1,\underbrace{1,1,\ldots,1}_{n-1})}$

### PROOF COMPLETE
DEVIN_CLI_EXITED code=0
