Looking at this problem, I need to find the minimum possible value of $M = \max_{1 \le k \le 20} |f(k)|$ where $f(x) = \sum_{i=1}^{10} \cos(a_i x)$, over all choices of distinct real frequencies $a_1, \dots, a_{10}$.

## Construction (Upper Bound)

Choose $a_i = \frac{2\pi i}{21}$ for $i = 1, 2, \dots, 10$. These are distinct.

For any $k \in \{1, \dots, 20\}$, $k \not\equiv 0 \pmod{21}$, so the 21st roots of unity satisfy:
$$\sum_{j=0}^{20} e^{2\pi i jk/21} = 0.$$

Taking real parts and using the symmetry $\cos\!\left(\frac{2\pi jk}{21}\right) = \cos\!\left(\frac{2\pi(21-j)k}{21}\right)$:
$$1 + 2\sum_{j=1}^{10} \cos\!\left(\frac{2\pi jk}{21}\right) = 0 \implies f(k) = -\frac{1}{2}.$$

Thus $|f(k)| = \frac{1}{2}$ for every $k = 1, \dots, 20$, giving $M = \frac{1}{2}$.

## Lower Bound: $M \ge \frac{1}{2}$

**Fejér kernel.** Define $F_{20}(\theta) = \sum_{k=-20}^{20}\!\left(1 - \frac{|k|}{21}\right)e^{ik\theta} = \frac{1}{21}\!\left(\frac{\sin(21\theta/2)}{\sin(\theta/2)}\right)^{\!2} \ge 0$, with $F_{20}(0) = 21$.

**Key identity.** Let $z_k = \sum_{i=1}^{10} e^{ika_i}$, so $\operatorname{Re}(z_k) = f(k)$. Since $a_i$ are real, $z_{-k} = \overline{z_k}$, which ensures imaginary parts cancel in symmetric sums. Using $|z|^2 + z^2 = 2(\operatorname{Re}\, z)^2$:

$$\sum_{i,j=1}^{10}\!\bigl[F_{20}(a_i - a_j) + F_{20}(a_i + a_j)\bigr] = \sum_{k=-20}^{20}\!\left(1-\tfrac{|k|}{21}\right)\!\bigl(|z_k|^2 + z_k^2\bigr) = 2\sum_{k=-20}^{20}\!\left(1-\tfrac{|k|}{21}\right) f(k)^2.$$

Expanding the right side (with $f(0) = 10$):
$$= 2 \cdot 100 + 4\sum_{k=1}^{20}\!\left(1 - \frac{k}{21}\right) f(k)^2 = 200 + 4\sum_{k=1}^{20}\!\left(1 - \frac{k}{21}\right) f(k)^2.$$

**Non-negativity bound.** Since $F_{20} \ge 0$, every term $F_{20}(a_i - a_j) + F_{20}(a_i + a_j) \ge 0$. The diagonal terms ($i = j$) give $F_{20}(0) + F_{20}(2a_i) = 21 + F_{20}(2a_i) \ge 21$. Therefore:
$$200 + 4\sum_{k=1}^{20}\!\left(1 - \frac{k}{21}\right) f(k)^2 \;\ge\; \sum_{i=1}^{10} 21 = 210,$$
$$\sum_{k=1}^{20}\!\left(1 - \frac{k}{21}\right) f(k)^2 \;\ge\; \frac{5}{2}.$$

**Final step.** The weights $w_k = 1 - \frac{k}{21} = \frac{21-k}{21}$ are positive for $k = 1, \dots, 20$, and:
$$\sum_{k=1}^{20} w_k = \frac{1}{21}\sum_{k=1}^{20}(21-k) = \frac{1}{21}\cdot\frac{20\cdot 21}{2} = 10.$$

Since $f(k)^2 \le M^2$ for all $k$:
$$\frac{5}{2} \;\le\; \sum_{k=1}^{20} w_k\, f(k)^2 \;\le\; M^2 \sum_{k=1}^{20} w_k = 10\,M^2.$$

Therefore $M^2 \ge \frac{1}{4}$, i.e., $M \ge \frac{1}{2}$.

## Conclusion

The lower bound $M \ge \frac{1}{2}$ matches the construction achieving $M = \frac{1}{2}$.

$$\boxed{M = \dfrac{1}{2}}$$

### PROOF COMPLETE
DEVIN_CLI_EXITED code=0
