No answer leak detected. Solving directly.

---

## Proof

**Claim:** There exists an unbounded idempotent (non-orthogonal projection) operator on an infinite-dimensional Hilbert space.

**Construction.** Let $H = \ell^2(\mathbb{N})$ with standard orthonormal basis $\{e_n\}_{n \geq 1}$. We build an everywhere-defined, linear, but **discontinuous** linear functional $f : H \to \mathbb{C}$, then use it to define an idempotent.

**Step 1: An unbounded linear functional.** Every vector space has a Hamel basis (axiom of choice). Extend the linearly independent set $\{e_n\}_{n \geq 1}$ to a Hamel basis $\mathcal{B}$ of $H$. Define $f$ on $\mathcal{B}$ by
$$f(e_n) = n \quad (n \geq 1), \qquad f(b) = 0 \;\text{ for } b \in \mathcal{B}\setminus\{e_n\}_{n\geq 1},$$
and extend linearly to all of $H$. Then $f$ is a linear functional defined on every element of $H$. It is **unbounded** (discontinuous) because
$$\frac{|f(e_n)|}{\|e_n\|} = \frac{n}{1} = n \xrightarrow{n\to\infty} \infty.$$

**Step 2: Define the operator.** Set $y = e_1$, so $f(y) = f(e_1) = 1$. Define $T : H \to H$ by
$$T(x) = f(x)\, y, \qquad x \in H.$$
Since $f$ is defined on all of $H$, $T$ is an everywhere-defined linear operator on $H$.

**Step 3: Idempotence.** For any $x \in H$,
$$T^2(x) = T(f(x)\,y) = f(x)\,T(y) = f(x)\,f(y)\,y = f(x)\cdot 1 \cdot y = f(x)\,y = T(x).$$
Hence $T^2 = T$, so $T$ is an idempotent (a projection in the algebraic sense).

**Step 4: $T$ is unbounded.** We have $\|T(x)\| = |f(x)|\,\|y\| = |f(x)|$ (since $\|y\|=\|e_1\|=1$). Therefore
$$\frac{\|T(e_n)\|}{\|e_n\|} = |f(e_n)| = n \xrightarrow{n\to\infty} \infty,$$
so $T$ is not a bounded operator.

**Step 5: $T$ is non-orthogonal.** An orthogonal projection is, by definition, a **bounded** self-adjoint idempotent. Since $T$ is unbounded, it cannot be an orthogonal projection. Concretely, $\operatorname{ran}(T) = \operatorname{span}\{y\}$ is one-dimensional, while $\ker(T) = \ker(f)$ is a **dense proper** subspace of $H$ (the kernel of a discontinuous linear functional is dense). For $T$ to be an orthogonal projection we would need $\operatorname{ran}(T) \perp \ker(T)$, i.e., $y \perp \ker(f)$; but $\ker(f)$ is dense, so this would force $y = 0$, contradicting $y = e_1 \neq 0$.

**Conclusion.** The operator $T(x) = f(x)\,e_1$, built from a discontinuous linear functional $f$ with $f(e_1)=1$, is an everywhere-defined idempotent on $\ell^2$ that is both unbounded and non-orthogonal. Hence **yes, an unbounded non-orthogonal projection exists** in any infinite-dimensional Hilbert space. (In finite-dimensional spaces every linear operator is bounded, so no such example exists there.)

### PROOF COMPLETE
DEVIN_CLI_EXITED code=0
