## Proof

Let $a = |x| \geq 0$ and $b = |y| \geq 0$. The equation becomes
$$(a^4 + 3b^2)\sqrt{|x+2| + b} = 4ab^2.$$

**Key inequality.** By AM-GM applied to the four nonnegative terms $a^4, b^2, b^2, b^2$:
$$a^4 + 3b^2 \geq 4\sqrt[4]{a^4 \cdot b^2 \cdot b^2 \cdot b^2} = 4ab^{3/2},$$
with equality iff $a^4 = b^2$, i.e., $b = a^2$.

Since $|x+2| \geq 0$, we also have
$$\sqrt{|x+2| + b} \geq \sqrt{b},$$
with equality iff $|x+2| = 0$, i.e., $x = -2$.

Multiplying (all quantities nonnegative):
$$\text{LHS} = (a^4+3b^2)\sqrt{|x+2|+b} \geq 4ab^{3/2}\cdot\sqrt{b} = 4ab^2 = \text{RHS}.$$

So **LHS $\geq$ RHS always**, and equality (a solution) requires either both sides to be $0$, or simultaneous equality in both inequalities above.

**Zero cases (both sides vanish).** LHS $= 0$ iff ($a = b = 0$) or ($x = -2$ and $b = 0$); RHS $= 0$ iff $a = 0$ or $b = 0$. Intersecting:
- $a = b = 0$: $(x,y) = (0,0)$. ✓
- $x = -2,\ b = 0$: $(x,y) = (-2, 0)$. Check: $16\cdot\sqrt{0} = 0 = 0$. ✓

(If $a = 0, b > 0$: LHS $= 3b^2\sqrt{2+b} \neq 0$ but RHS $= 0$; no solution. If $b = 0, a > 0, x \neq -2$: LHS $= a^4\sqrt{|x+2|} \neq 0$ but RHS $= 0$; no solution.)

**Positive cases ($a > 0, b > 0$).** Equality requires both:
- $b = a^2$ (AM-GM equality), and
- $x = -2$ (sqrt equality).

Then $a = |x| = 2$, so $b = a^2 = 4$, giving $|y| = 4$, i.e., $y = \pm 4$.

Verification of $(-2, \pm 4)$: $(16 + 48)\sqrt{0 + 4} = 64 \cdot 2 = 128$, and $4|(-2)\cdot 16| = 128$. ✓

**All solutions:** $(0,0),\ (-2, 0),\ (-2, 4),\ (-2, -4)$.

**Total Magnitudes:**
| $(x,y)$ | $\|x\|+\|y\|$ |
|---|---|
| $(0,0)$ | $0$ |
| $(-2,0)$ | $2$ |
| $(-2,4)$ | $6$ |
| $(-2,-4)$ | $6$ |

**Sum** $= 0 + 2 + 6 + 6 = \boxed{14}$.

### PROOF COMPLETE
DEVIN_CLI_EXITED code=0
