Looking at this problem, I need to analyze a sequential game where Alice and Bob alternately assign distinct integers from {1,2,3,4,5} to slots (a₁, a₂, a₃), with Alice minimizing M and Bob maximizing M.

## Setup

Since all coefficients are positive, E(t) = a₁t² + a₂t + a₃ is an upward parabola with minimum at t = −a₂/(2a₁):

$$M = a_3 - \frac{a_2^2}{4a_1}$$

Alice minimizes M (wants small a₃, large a₂, small a₁). Bob maximizes M (wants large a₃, small a₂, large a₁).

## Backward Induction

I compute the game value for each of Alice's 15 possible first moves (5 integers × 3 slots). For each, Bob has 8 responses (4 integers × 2 slots), and Alice then picks the best of 3 remaining integers for the last slot.

**Key formulas at the final step:**
- If slots 1,2 are filled (a₃ free): Alice picks min remaining k → M = k − a₂²/(4a₁)
- If slots 1,3 are filled (a₂ free): Alice picks max remaining k → M = a₃ − k²/(4a₁)
- If slots 2,3 are filled (a₁ free): Alice picks min remaining k → M = a₃ − a₂²/(4k)

### Case 1: Alice puts i in slot 1

| i | Game value (Bob's best) |
|---|---|
| 1 | 2 |
| 2 | 3 |
| 3 | 25/6 ≈ 3.667 |
| 4 | 71/16 = 4.4375 |
| 5 | 71/20 = 3.55 |

**Best for Alice: i=1 → value 2**

### Case 2: Alice puts i in slot 2

| i | Game value (Bob's best) |
|---|---|
| 1 | 39/8 = 4.875 |
| 2 | 4 |
| 3 | 11/4 = 2.75 |
| 4 | 1 |
| 5 | **−9/16 = −0.5625** |

**Best for Alice: i=5 → value −9/16**

### Case 3: Alice puts i in slot 3

| i | Game value (Bob's best) |
|---|---|
| 1 | 2/3 ≈ 0.667 |
| 2 | 23/12 ≈ 1.917 |
| 3 | 23/8 = 2.875 |
| 4 | 31/8 = 3.875 |
| 5 | 39/8 = 4.875 |

**Best for Alice: i=1 → value 2/3**

## Optimal Play Trace

Alice's overall best: **put 5 in slot 2** (a₂ = 5), yielding value −9/16.

**Bob's response:** With {1,2,3,4} remaining for slots 1 and 3, Bob evaluates all 8 options:

| Bob's move | Alice's best response | M |
|---|---|---|
| 1→slot 1 | 2→slot 3 | 2−25/4 = −4.25 |
| 2→slot 1 | 1→slot 3 | 1−25/8 = −2.125 |
| 3→slot 1 | 1→slot 3 | 1−25/12 ≈ −1.083 |
| **4→slot 1** | **1→slot 3** | **1−25/16 = −9/16** |
| 1→slot 3 | 2→slot 1 | 1−25/8 = −2.125 |
| 2→slot 3 | 1→slot 1 | 2−25/4 = −4.25 |
| 3→slot 3 | 1→slot 1 | 3−25/4 = −3.25 |
| 4→slot 3 | 1→slot 1 | 4−25/4 = −2.25 |

Bob maximizes → picks **4 in slot 1** (M = −9/16).

**Alice's final move:** With {1,2,3} remaining for slot 3:
- k=1: M = 1 − 25/16 = −9/16
- k=2: M = 2 − 25/16 = 7/16
- k=3: M = 3 − 25/16 = 23/16

Alice picks **1 for slot 3**.

## Verification

Final configuration: **a₁ = 4, a₂ = 5, a₃ = 1**

E(t) = 4t² + 5t + 1, minimum at t = −5/8:
M = 1 − 25/16 = **−9/16** ✓

No other first move by Alice achieves a lower value (the next best alternatives give 2/3 and 2, both larger than −9/16), confirming this is optimal.

## Answer

$$100a_1 + 10a_2 + a_3 = 100(4) + 10(5) + 1 = \boxed{451}$$

### PROOF COMPLETE
DEVIN_CLI_EXITED code=0
