## Solution

We evaluate
$$\oint_{|z-i|=1/2} \left( \frac{z^2}{z-i} + \ln\frac{z+1}{z-1} \right) dz$$
by splitting it into two integrals and treating each term separately.

### Term 1: $\displaystyle \oint_{|z-i|=1/2} \frac{z^2}{z-i}\,dz$

The integrand has a single simple pole at $z=i$, which is the center of the contour, hence inside it. The numerator $z^2$ is entire. By Cauchy's integral formula,
$$\oint_{|z-i|=1/2} \frac{z^2}{z-i}\,dz = 2\pi i \cdot \bigl[z^2\bigr]_{z=i} = 2\pi i \cdot (i^2) = 2\pi i \cdot (-1) = -2\pi i.$$

### Term 2: $\displaystyle \oint_{|z-i|=1/2} \ln\frac{z+1}{z-1}\,dz$

Consider the rational function $f(z)=\frac{z+1}{z-1}$. Its only singularity is a pole at $z=1$, and its only zero is at $z=-1$. We check whether either lies inside the disk $|z-i|\le 1/2$:
- $|1-i|=\sqrt{1^2+1^2}=\sqrt{2}\approx 1.414 > \tfrac12$, so $z=1$ is **outside**.
- $|-1-i|=\sqrt{1^2+1^2}=\sqrt{2}\approx 1.414 > \tfrac12$, so $z=-1$ is **outside**.

Hence $f(z)=\frac{z+1}{z-1}$ is analytic and **nonzero** on the closed disk $\overline{D}=\{z:|z-i|\le 1/2\}$.

To see that an analytic branch of $\ln f(z)$ exists on $\overline{D}$, compute the winding number of $f$ around $0$ along the contour:
$$\frac{1}{2\pi i}\oint_{|z-i|=1/2}\frac{f'(z)}{f(z)}\,dz = (\text{zeros of }f\text{ inside})-(\text{poles of }f\text{ inside}) = 0-0 = 0.$$
A zero winding number means the image curve $f(\partial D)$ does not encircle the origin, so the image $f(\overline{D})$ is contained in a simply connected region avoiding $0$. Equivalently, since $\overline{D}$ is simply connected and $f$ is holomorphic and nonvanishing on it, there exists a single-valued analytic branch of $\log f$ on $\overline{D}$.

Therefore $\ln\frac{z+1}{z-1}$ is analytic on and inside the contour. By Cauchy's theorem,
$$\oint_{|z-i|=1/2} \ln\frac{z+1}{z-1}\,dz = 0.$$

### Combining

$$\oint_{|z-i|=1/2} \left( \frac{z^2}{z-i} + \ln\frac{z+1}{z-1} \right) dz = -2\pi i + 0 = \boxed{-2\pi i}.$$

### PROOF COMPLETE
DEVIN_CLI_EXITED code=0
