```xml
<audit>
  <analysis_result_key>2290147</analysis_result_key>
  <problem_id>polymath_04544</problem_id>
  <audit_status>PASS_SELECTABLE</audit_status>
  <check_results>
    <A1>PASS: dimension1_verdict is DIRECTION_ERROR, a valid value.</A1>
    <A2>PASS: dimension1_explanation is non-empty and well over 50 characters.</A2>
    <A3>PASS: dimension2_turning_point_type is "other", a valid value (required since d1=DIRECTION_ERROR).</A3>
    <A4>PASS: dimension2_explanation is non-empty and well over 50 characters.</A4>
    <A5>PASS: ai_direction_summary is non-empty and substantive.</A5>
    <A6>PASS: standard_solution_key_technique is non-empty and substantive.</A6>
    <B1>PASS: No XML tag leaks found in either explanation.</B1>
    <B2>PASS: No template placeholder leaks found in either explanation.</B2>
    <B3>PASS: Both explanations are well over 50 characters.</B3>
    <C1>PASS: d1=DIRECTION_ERROR and d2 has a value ("other"), satisfying the requirement.</C1>
    <C2>PASS: d1_exp describes the AI pursuing wrong directions (constructions, weak bounds) and missing the pigeonhole approach, consistent with DIRECTION_ERROR.</C2>
    <C3>PASS: d2_exp describes a geometric pigeonhole argument which is correctly labeled "other" (not a modular arithmetic technique).</C3>
    <D1>PASS: d1_exp is over 100 characters and contains action verbs "explored", "missed", "tried".</D1>
    <D2>PASS: d2_exp is over 100 characters and contains mathematical terms (pigeonhole, pairwise distances, diameter).</D2>
    <D3>PASS: ai_direction_summary describes the actual direction taken (optimization-based dissection topology testing).</D3>
    <D4>PASS: standard_solution_key_technique describes the specific technique (five points with pairwise distances >= 25/13, pigeonhole 5 into 4).</D4>
    <E1>UNKNOWN — check via script</E1>
  </check_results>
  <issues_found>none</issues_found>
</audit>
```

### AUDIT COMPLETE
DEVIN_CLI_EXITED code=0
