## 证明

**答案是：是的，这样的无穷序列存在。**

### 构造

对于每个 $n \geq 1$，设 $q_1 < q_2 < \cdots$ 为按递增顺序排列的素数。将前 $2n+1$ 个素数 $q_1, \ldots, q_{2n+1}$ 分配给索引 $k = -n, -n+1, \ldots, -1, 0, 1, \ldots, n$（按顺序，因此 $q_{j}$ 对应 $k = j - n - 1$）。记分配给 $k$ 的素数为 $p_k^{(n)}$，并令
$$M_n = \prod_{j=1}^{2n+1} q_j = \prod_{k=-n}^{n} p_k^{(n)}.$$
由中国剩余定理可知，存在唯一的 $b_n \in \{1, 2, \ldots, M_n\}$ 使得
$$b_n \equiv -k \pmod{p_k^{(n)}} \quad \text{对于所有 } k \in \{-n, \ldots, n\}.$$
定义
$$a_n = b_n + M_n.$$
那么 $a_n \in [M_n + 1,\, 2M_n]$ 且 $a_n \equiv -k \pmod{p_k^{(n)}}$ 对于所有 $|k| \leq n$ 成立，即 $p_k^{(n)} \mid a_n + k$。

### 各 $a_n$ 互不相同

$M_{n+1} = M_n \cdot q_{2n+2} \cdot q_{2n+3} \geq M_n \cdot 2 \cdot 3 = 6\,M_n > 2\,M_n$。由于 $a_n \leq 2\,M_n$ 且 $a_{n+1} \geq M_{n+1} + 1 > 2\,M_n \geq a_n$，该序列严格递增，因此所有项互不相同。此外，对于所有 $n \geq 1$，$a_n \geq M_1 + 1 = 30 + 1 = 31 > 0$，因此每个 $a_n$ 都是自然数。

### 合数性质

固定任意整数 $k$。令 $N = \max(|k|, 1)$。对于每个 $n \geq N$，我们有 $|k| \leq n$，因此 $p_k^{(n)} \mid a_n + k$ 且 $p_k^{(n)} \geq 2$。

我们断言 $a_n + k > p_k^{(n)}$，这意味着 $a_n + k$ 有一个真因子，因此是合数。为了证明这一点，请注意：
- $a_n + k \geq M_n + 1 + k \geq M_n + 1 - n$（因为 $|k| \leq n$）。
- $M_n = \prod_{j=1}^{2n+1} q_j \geq 2 \cdot 3^{2n}$（第一项为 $2$，其余 $2n$ 项至少为 $3$）。
- $p_k^{(n)} \leq q_{2n+1} < 2^{2n+1}$（根据 Bertrand 假设，$q_m < 2^m$）。
- 对于 $n \geq 1$：$M_n + 1 - n \geq 2 \cdot 3^{2n} + 1 - n > 2^{2n+1} > p_k^{(n)}$，因为 $2 \cdot 3^{2n} = 2 \cdot 9^n > 2 \cdot 4^n = 2^{2n+1}$ 且 $2^{2n+1} - 1 + n > 0$。

因此 $a_n + k > p_k^{(n)} \geq 2$，所以 $a_n + k$ 是合数。

此外，$a_n + k \geq M_n + 1 - n > 1$，因此 $a_n + k$ 是一个大于 1 且具有非平凡因子 $p_k^{(n)}$ 的正整数——确认其合数性质。

### 结论

对于每个固定的整数 $k$ 和所有 $n \geq \max(|k|, 1)$，数字 $a_n + k$ 都是合数。因此，在 $\{a_n + k\}_{n \geq 1}$ 中最多有 $\max(|k|, 1) - 1$ 个素数，这是一个有限数。

我们构建了一个由不同自然数组成的无穷序列 $a_1, a_2, a_3, \ldots$，使得对于每个整数 $k$，只有有限多个 $a_i + k$ 是素数。$\blacksquare$

### PROOF COMPLETE
DEVIN_CLI_EXITED code=0
