Looking at this problem, I need to determine whether the kernel of a polynomial matrix with bounded-degree entries always admits a basis with degree bounded by a universal constant multiple of $d$.

**Answer: No.**

**Proof.**

We construct a counterexample showing that no universal constant $C$ (independent of $m, n, d$) suffices.

For any integers $m \geq 1$ and $d \geq 1$, consider the $m \times (m+1)$ matrix over $k[x]$:

$$M = \begin{pmatrix} x^d & 1 & 0 & \cdots & 0 \\ 0 & x^d & 1 & \cdots & 0 \\ \vdots & & \ddots & \ddots & \vdots \\ 0 & 0 & \cdots & x^d & 1 \end{pmatrix}$$

Every entry of $M$ has degree $\leq d$ (entries are $x^d$, $1$, or $0$).

**Computing the kernel.** The equation $M\lambda = 0$ yields the system:
$$x^d \lambda_i + \lambda_{i+1} = 0, \quad i = 1, \ldots, m.$$

This gives $\lambda_{i+1} = -x^d \lambda_i$, so by induction:
$$\lambda_i = (-x^d)^{i-1} \lambda_1, \quad i = 1, \ldots, m+1.$$

Therefore $K = \{p(x) \cdot v \mid p(x) \in k[x]\}$ where
$$v = \bigl(1,\; -x^d,\; x^{2d},\; \ldots,\; (-x^d)^m\bigr) \in k[x]^{m+1}.$$

**Rank of $K$.** The first $m$ columns of $M$ form an upper triangular matrix with diagonal entries $x^d$, so $\det = x^{md} \neq 0$ in $k(x)$. Thus $\operatorname{rank}_{k(x)}(M) = m$, and $K$ is a free $k[x]$-module of rank $(m+1) - m = 1$ (using that $k[x]$ is a PID, so submodules of free modules are free).

**Degree of any basis vector.** Since $K$ has rank $1$, any basis of $K$ is a single element $u \cdot v$ where $u \in k[x]^* = k^*$ is a unit. Multiplication by a nonzero scalar does not change degrees, so every basis vector has degree:

$$\deg(u \cdot v) = \deg(v) = \max_{0 \leq i \leq m} \deg\bigl((-x^d)^i\bigr) = md.$$

**Conclusion.** For any proposed universal constant $C$, choose $m > C$. Then every basis of $K$ has degree $md > Cd$, contradicting the bound $Cd$. Since $m$ (the number of rows) can be made arbitrarily large while $d$ stays fixed, no constant $C$ independent of the matrix dimensions can bound the basis degrees by a multiple of $d$.

Hence, in general, there is **no** basis of $K$ over $k[x]$ whose degree is bounded by a universal constant multiple of $d$. $\blacksquare$

### PROOF COMPLETE
DEVIN_CLI_EXITED code=0
