Looking at this problem, I need to set up coordinates, track the laser bounces through the cyclic perpendicular directions, find the fixed point of the resulting affine map, and compute the limiting triangle's perimeter.

## Setup

Place $B=(0,0)$, $C=(14,0)$. From $AB=13$, $AC=15$: solving gives $A=(5,12)$.

Parametrize the sides:
- $BC$: $Q_{BC}(t) = (14t,\, 0)$, $t\in[0,1]$
- $CA$: $Q_{CA}(s) = (14-9s,\, 12s)$, $s\in[0,1]$
- $AB$: $Q_{AB}(u) = (5u,\, 12u)$, $u\in[0,1]$

The laser cycles: direction $\perp BC \to$ hits $BC$; direction $\perp CA \to$ hits $CA$; direction $\perp AB \to$ hits $AB$; repeat.

## The three maps

**$BC \to CA$ (direction $\perp CA$, i.e. $(4,3)$):** From $(14t,0)+\lambda(4,3)=(14-9s,12s)$ gives $\lambda=4s$ and $14t+16s=14-9s$, so
$$s = \frac{14(1-t)}{25}.$$

**$CA \to AB$ (direction $\perp AB$, i.e. $(-12,5)$):** From $(14-9s,12s)+\mu(-12,5)=(5u,12u)$ gives $\mu=\frac{168(1-s)}{169}$ and
$$u = \frac{99s+70}{169}.$$

**$AB \to BC$ (direction $\perp BC$, i.e. $(0,-1)$):** From $(5u,12u)+\nu(0,-1)=(14t',0)$ gives
$$t' = \frac{5u}{14}.$$

## Composing the full cycle $t \mapsto t'$

Substituting:
$$u = \frac{99\cdot\frac{14(1-t)}{25}+70}{169} = \frac{3136-1386t}{4225}, \qquad t' = \frac{5u}{14} = \frac{15680-6930t}{59150} = \frac{1568-693t}{5915}.$$

This is the affine map $t' = \frac{1568}{5915} - \frac{693}{5915}\,t$. Since $\left|\frac{693}{5915}\right|<1$, the iteration **converges** to the unique fixed point:
$$t^* = \frac{1568/5915}{1+693/5915} = \frac{1568}{6608} = \frac{14}{59}.$$

## The limiting triangle $T_\infty$

The three fixed-point parameters:
$$t^* = \frac{14}{59}, \qquad s^* = \frac{14(1-14/59)}{25} = \frac{126}{295}, \qquad u^* = \frac{99\cdot126/295+70}{169} = \frac{196}{295}.$$

(Check: $t^* = 5u^*/14 = 5\cdot196/(14\cdot295) = 14/59$. ✓)

Vertices of $T_\infty$:
- $V_{BC} = \left(\frac{196}{59},\, 0\right)$
- $V_{CA} = \left(\frac{2996}{295},\, \frac{1512}{295}\right)$
- $V_{AB} = \left(\frac{196}{59},\, \frac{2352}{295}\right)$

## Side lengths

**$V_{AB}\to V_{BC}$ (vertical, $\perp BC$):** $\displaystyle \ell_1 = \frac{2352}{295}$.

**$V_{BC}\to V_{CA}$ (direction $(4,3)$, $\perp CA$):** Difference $= \left(\frac{2016}{295},\frac{1512}{295}\right) = \frac{504}{295}(4,3)$, so $\displaystyle \ell_2 = \frac{504}{295}\cdot 5 = \frac{2520}{295}$.

**$V_{CA}\to V_{AB}$ (direction $(-12,5)$, $\perp AB$):** Difference $= \left(\frac{-2016}{295},\frac{840}{295}\right) = \frac{168}{295}(-12,5)$, so $\displaystyle \ell_3 = \frac{168}{295}\cdot 13 = \frac{2184}{295}$.

## Perimeter ratio

$$P_{T_\infty} = \frac{2352+2520+2184}{295} = \frac{7056}{295}, \qquad P_{\triangle ABC} = 13+14+15 = 42.$$

$$\frac{P_{T_\infty}}{P_{\triangle ABC}} = \frac{7056/295}{42} = \frac{7056}{12390} = \frac{168}{295}.$$

Since $168 = 2^3\cdot 3\cdot 7$ and $295 = 5\cdot 59$ are coprime, this is fully reduced.

## Answer

$$\boxed{\dfrac{168}{295}}$$

### PROOF COMPLETE
DEVIN_CLI_EXITED code=0
