Looking at this problem, I need to determine which $n$ are "carousel numbers" and sum them.

## Formalization

Label seats $0, 1, \ldots, n-1$. The boy occupies positions $p_0, p_1, \ldots, p_{n-1}$ (one per session). The $n-1$ transition lengths are $l_i = (p_i - p_{i-1}) \bmod n$ for $i=1,\ldots,n-1$.

Since the boy transfers to **another** seat, each $l_i \in \{1, \ldots, n-1\}$. The lengths must be **distinct** and **strictly less than $n$**, so they are exactly $\{1, 2, \ldots, n-1\}$ in some order. The boy must visit every seat, so the partial sums $S_0 = 0,\; S_k = l_1 + \cdots + l_k \pmod{n}$ must be a complete residue system mod $n$.

## Odd $n \geq 3$: Impossible

The total sum is $\frac{n(n-1)}{2}$. When $n$ is odd, $\frac{n-1}{2}$ is an integer, so:
$$S_{n-1} = \frac{n(n-1)}{2} \equiv 0 \pmod{n} \equiv S_0.$$
The first and last partial sums coincide, so the partial sums cannot all be distinct. **No odd $n \geq 3$ is a carousel number.**

## $n = 1$: Trivially works

One seat, one session, zero transitions — the condition is vacuously satisfied.

## Even $n = 2m$: Explicit construction

Define the position sequence:
$$p_{2k} = k, \qquad p_{2k+1} = 2m - 1 - k \qquad (k = 0, 1, \ldots, m-1).$$

This gives positions: $0,\; 2m{-}1,\; 1,\; 2m{-}2,\; 2,\; 2m{-}3,\; \ldots,\; m{-}1,\; m$.

**All positions distinct:** $\{0,1,\ldots,m{-}1\} \cup \{m, m{+}1, \ldots, 2m{-}1\} = \{0,\ldots,2m{-}1\}$. ✓

**Transition lengths:** The differences are:
- Odd-indexed: $d_1 = 2m{-}1,\; d_3 = 2m{-}3,\; \ldots,\; d_{2m-1} = 1$ — all odd values in $\{1,\ldots,2m{-}1\}$.
- Even-indexed: $d_2 = 2,\; d_4 = 4,\; \ldots,\; d_{2m-2} = 2m{-}2$ — all even values in $\{1,\ldots,2m{-}1\}$.

Together: $\{1, 2, \ldots, 2m-1\}$, all distinct. ✓

**Verification for $n=10$ ($m=5$):** Positions $0,9,1,8,2,7,3,6,4,5$; differences $9,2,7,4,5,6,3,8,1 = \{1,\ldots,9\}$; last partial sum $45 \equiv 5 \pmod{10} = p_9$. ✓

**Verification for $n=6$ ($m=3$):** Positions $0,5,1,4,2,3$; differences $5,2,3,4,1 = \{1,\ldots,5\}$. ✓

So **every even $n \geq 2$ is a carousel number.**

## Computing the sum

The set of carousel numbers in $[1, 100]$ is:
$$S = \{1\} \cup \{2, 4, 6, \ldots, 100\}.$$

The even numbers from 2 to 100 are 50 numbers with sum:
$$2 + 4 + \cdots + 100 = 2 \cdot \frac{50 \cdot 51}{2} = 2550.$$

Adding $n = 1$:
$$\sum_{n \in S} n = 1 + 2550 = \boxed{2551}.$$

### PROOF COMPLETE
DEVIN_CLI_EXITED code=0
