## (a) Solution by superposition

Following the hint, write $u = u_1 + u_2$ where each piece solves a problem with three homogeneous sides.

**Problem 1** ($u_1$): homogeneous on $x=0$, $y=0$, $y=b$; data $f(y)$ on $x=a$.

Separate variables with $Y(0)=Y(b)=0$. This forces $Y_n(y)=\sin\!\dfrac{n\pi y}{b}$, $\lambda_n=\bigl(\tfrac{n\pi}{b}\bigr)^2$, and $X_n(x)=\sinh\!\dfrac{n\pi x}{b}$ (the decaying solution $\sinh$ is excluded since $X(0)=0$ and we need growth toward $x=a$). Thus

$$u_1(x,y)=\sum_{n=1}^{\infty} A_n\,\sinh\!\frac{n\pi x}{b}\,\sin\!\frac{n\pi y}{b},\qquad A_n\sinh\!\frac{n\pi a}{b}=\frac{2}{b}\int_0^b f(y)\sin\!\frac{n\pi y}{b}\,dy.$$

**Problem 2** ($u_2$): homogeneous on $x=0$, $x=a$, $y=b$; data $h(x)$ on $y=0$.

Now $X(0)=X(a)=0$ gives $X_n(x)=\sin\!\dfrac{n\pi x}{a}$, $\lambda_n=\bigl(\tfrac{n\pi}{a}\bigr)^2$, and $Y_n(y)=\sinh\!\dfrac{n\pi(b-y)}{a}$ (vanishing at $y=b$). Thus

$$u_2(x,y)=\sum_{n=1}^{\infty} B_n\,\sinh\!\frac{n\pi(b-y)}{a}\,\sin\!\frac{n\pi x}{a},\qquad B_n\sinh\!\frac{n\pi b}{a}=\frac{2}{a}\int_0^a h(x)\sin\!\frac{n\pi x}{a}\,dx.$$

**Full solution:**

$$\boxed{\;u(x,y)=\sum_{n=1}^{\infty}\!\left[A_n\sinh\!\frac{n\pi x}{b}\sin\!\frac{n\pi y}{b}\;+\;B_n\sinh\!\frac{n\pi(b-y)}{a}\sin\!\frac{n\pi x}{a}\right]\;}$$

with

$$A_n=\frac{2}{b\,\sinh(n\pi a/b)}\int_0^b f(y)\sin\!\frac{n\pi y}{b}\,dy,\qquad B_n=\frac{2}{a\,\sinh(n\pi b/a)}\int_0^a h(x)\sin\!\frac{n\pi x}{a}\,dx.$$

Each term is harmonic (products of $\sinh$ and $\sin$ of arguments whose squared wavenumbers sum to zero in the Laplacian), and the boundary conditions are met term-by-term by orthogonality of the sine bases. Uniqueness follows from the maximum principle.

---

## (b) Special data $h(x)=(x/a)^2$, $f(y)=1-y/b$

**Coefficients $A_n$ (from $f$).** With $t=y/b$,

$$\int_0^b\!\Bigl(1-\frac{y}{b}\Bigr)\sin\!\frac{n\pi y}{b}\,dy=b\int_0^1(1-t)\sin(n\pi t)\,dt.$$

Using $\int_0^1\sin(n\pi t)\,dt=\dfrac{1-(-1)^n}{n\pi}$ and $\int_0^1 t\sin(n\pi t)\,dt=-\dfrac{(-1)^n}{n\pi}$,

$$\int_0^1(1-t)\sin(n\pi t)\,dt=\frac{1-(-1)^n}{n\pi}+\frac{(-1)^n}{n\pi}=\frac{1}{n\pi}.$$

Hence

$$A_n=\frac{2}{b\sinh(n\pi a/b)}\cdot\frac{b}{n\pi}=\boxed{\;\frac{2}{n\pi\,\sinh(n\pi a/b)}\;}.$$

**Coefficients $B_n$ (from $h$).** With $s=x/a$,

$$\int_0^a\!\Bigl(\frac{x}{a}\Bigr)^2\sin\!\frac{n\pi x}{a}\,dx=a\int_0^1 s^2\sin(n\pi s)\,ds.$$

Two integrations by parts give

$$\int_0^1 s^2\sin(n\pi s)\,ds=-\frac{(-1)^n}{n\pi}+\frac{2\bigl((-1)^n-1\bigr)}{(n\pi)^3}.$$

Therefore

$$B_n=\frac{2}{\sinh(n\pi b/a)}\left[-\frac{(-1)^n}{n\pi}+\frac{2\bigl((-1)^n-1\bigr)}{(n\pi)^3}\right].$$

Equivalently, separating even/odd behavior:

$$\boxed{\;B_n=\frac{2}{\sinh(n\pi b/a)}\left[\frac{(-1)^{n+1}}{n\pi}+\frac{2\bigl((-1)^n-1\bigr)}{(n\pi)^3}\right]\;}.$$

**Explicit solution for part (b):**

$$u(x,y)=\sum_{n=1}^{\infty}\left[\frac{2\,\sinh(n\pi x/b)\,\sin(n\pi y/b)}{n\pi\,\sinh(n\pi a/b)}+\frac{2\,\sinh(n\pi(b-y)/a)\,\sin(n\pi x/a)}{\sinh(n\pi b/a)}\!\left(\frac{(-1)^{n+1}}{n\pi}+\frac{2\bigl((-1)^n-1\bigr)}{(n\pi)^3}\right)\right].$$

**Sanity checks.** On $x=a$: only the $u_1$-sum survives the $\sinh$ ratio, giving $\sum A_n\sinh(n\pi a/b)\sin(n\pi y/b)=\sum\tfrac{2}{n\pi}\sin(n\pi y/b)$. The sine series of $1-y/b$ on $(0,b)$ is exactly $\sum_{n\ge1}\tfrac{2}{n\pi}\sin(n\pi y/b)$ (odd extension of the linear function), confirming $u(a,y)=f(y)$. On $y=0$: only $u_2$ survives, giving $\sum B_n\sinh(n\pi b/a)\sin(n\pi x/a)=(x/a)^2$, the sine series of $(x/a)^2$ on $(0,a)$. The other two sides give zero by the vanishing factors $\sin(n\pi y/b)|_{y=0,b}$ and $\sinh(n\pi(b-y)/a)|_{y=b}$, $\sin(n\pi x/a)|_{x=0,a}$. All boundary conditions are satisfied.

---

## (c) Plots for $a=b=2$

With $a=b=2$ the formulas specialize to ($\sinh(n\pi)$ in every denominator):

$$u(x,y)=\sum_{n=1}^{\infty}\left[\frac{2\,\sinh(n\pi x/2)\,\sin(n\pi y/2)}{n\pi\,\sinh(n\pi)}+\frac{2\,\sinh(n\pi(2-y)/2)\,\sin(n\pi x/2)}{\sinh(n\pi)}\!\left(\frac{(-1)^{n+1}}{n\pi}+\frac{2\bigl((-1)^n-1\bigr)}{(n\pi)^3}\right)\right].$$

The series converges rapidly because $\sinh(n\pi)$ grows like $\tfrac12 e^{n\pi}$; truncating at $N\approx 10$ gives machine-precision accuracy on the interior. Below is reproducible plotting code (Python/Matplotlib) that produces all four requested views.

```python
import numpy as np
import matplotlib.pyplot as plt

a, b = 2.0, 2.0
N = 25
nx, ny = 200, 200
x = np.linspace(0, a, nx)
y = np.linspace(0, b, ny)
X, Y = np.meshgrid(x, y, indexing='ij')
U = np.zeros_like(X)

n = np.arange(1, N+1)
An = 2.0/(n*np.pi*np.sinh(n*np.pi*a/b))
Bn = (2.0/np.sinh(n*np.pi*b/a))*((-1)**(n+1)/(n*np.pi)
      + 2*((-1)**n - 1)/(n*np.pi)**3)

for k in range(N):
    nk = k+1
    U += An[k]*np.sinh(nk*np.pi*X/b)*np.sin(nk*np.pi*Y/b)
    U += Bn[k]*np.sinh(nk*np.pi*(b-Y)/a)*np.sin(nk*np.pi*X/a)

# (1) u vs x at several fixed y
plt.figure(figsize=(7,5))
for yc in [0.25, 0.5, 1.0, 1.5, 1.75]:
    j = np.argmin(np.abs(y-yc))
    plt.plot(x, U[:,j], label=f'y={yc}')
plt.xlabel('x'); plt.ylabel('u'); plt.legend(); plt.title('u vs x')
plt.grid(True); plt.savefig('u_vs_x.png', dpi=120); plt.close()

# (2) u vs y at several fixed x
plt.figure(figsize=(7,5))
for xc in [0.25, 0.5, 1.0, 1.5, 1.75]:
    i = np.argmin(np.abs(x-xc))
    plt.plot(y, U[i,:], label=f'x={xc}')
plt.xlabel('y'); plt.ylabel('u'); plt.legend(); plt.title('u vs y')
plt.grid(True); plt.savefig('u_vs_y.png', dpi=120); plt.close()

# (3) 3D surface u vs (x,y)
fig = plt.figure(figsize=(8,6))
ax = fig.add_subplot(111, projection='3d')
ax.plot_surface(X, Y, U, cmap='viridis', edgecolor='none')
ax.set_xlabel('x'); ax.set_ylabel('y'); ax.set_zlabel('u')
ax.set_title('u(x,y) surface'); plt.savefig('u_surface.png', dpi=120); plt.close()

# (4) contour plot
plt.figure(figsize=(7,6))
cs = plt.contourf(X, Y, U, 30, cmap='viridis')
plt.colorbar(cs); plt.xlabel('x'); plt.ylabel('y')
plt.title('Contour plot of u'); plt.axis('equal')
plt.savefig('u_contour.png', dpi=120); plt.close()
```

**Qualitative description of what the plots show.**

- *$u$ vs $x$ (fixed $y$):* curves rise monotonically from $0$ at $x=0$ toward the value $f(y)=1-y/2$ at $x=2$; the rise is steepest near $x=2$ because the $x=a$ side carries the linearly-in-$y$-decreasing data. Lower $y$ (closer to the $h(x)=(x/2)^2$ data on $y=0$) gives higher curves since both $f$ and $h$ are larger there.
- *$u$ vs $y$ (fixed $x$):* curves start at $h(x)=(x/2)^2$ on $y=0$ and decrease to $0$ at $y=2$, with the decrease roughly linear near $y=2$ (governed by the $\sinh(n\pi(2-y)/2)$ factors) and bulging upward near $y=0$ for larger $x$.
- *Surface:* a smooth saddle-free dome tilted toward the corner $(x,y)=(2,0)$, where the data is largest ($f(0)=1$ on the right edge meets $h(2)=1$ on the bottom edge), and pinched to zero along the two homogeneous sides $x=0$ and $y=2$.
- *Contour plot:* level curves are roughly concentric arcs packed near $(2,0)$ and spreading out toward the zero sides $x=0$ and $y=2$; the contour $u=0$ degenerates to the two homogeneous edges, and the maximum ($\approx 1$) is approached at the corner $(2,0)$.

This completes all three parts.

### PROOF COMPLETE
DEVIN_CLI_EXITED code=0
