Looking at this problem, I need to find the maximum degree $D$ such that $\deg(A^m - B^n) \leq D$ forces $A^m = B^n$, where $m=101$, $n=103$ (both prime, $\gcd=1$), $A,B$ non-constant, at least one of degree $>1$.

## Proof

Let $d = \deg A \geq 1$, $e = \deg B \geq 1$, with $(d,e) \neq (1,1)$. Set $H = A^m - B^n$.

### Case 1: $md \neq ne$

The leading terms of $A^m$ (degree $md$) and $B^n$ (degree $ne$) have different degrees, so no cancellation occurs:
$$\deg H = \max(md, ne) = \max(101d, 103e).$$

The minimum over valid $(d,e)$ with at least one $>1$:
- $(d,e)=(2,1)$: $\max(202,103) = 202$
- $(d,e)=(1,2)$: $\max(101,206) = 206$

So $\deg H \geq 202$ whenever $H \neq 0$ in this case.

### Case 2: $md = ne$

Since $\gcd(101,103)=1$, we need $103 \mid d$ and $101 \mid e$, so $d = 103k$, $e = 101k$ for some $k \geq 1$ (both $>1$, satisfying the constraint). Then $md = ne = 10403k$.

**Applying Mason-Stothers.** Let $D_0 = \gcd(A^m, B^n)$, and set $F = A^m/D_0$, $G = B^n/D_0$, $H' = H/D_0$. Then $F - G = H'$, and $F, G, H'$ are pairwise coprime (since $\gcd(F,G)=1$ implies $\gcd(F,H')=\gcd(F,G)=1$ and similarly $\gcd(G,H')=1$).

By the Mason-Stothers theorem applied to $F + (-G) = H'$:
$$\max(\deg F, \deg G, \deg H') \leq n_0(FGH') - 1.$$

Since $F \mid A^m$, the distinct roots of $F$ are among those of $A$, so $n_0(F) \leq d$. Similarly $n_0(G) \leq e$ and $n_0(H') \leq \deg H'$. As $F,G,H'$ share no roots:
$$n_0(FGH') = n_0(F) + n_0(G) + n_0(H') \leq d + e + \deg H'.$$

Writing $\delta = \deg D_0$, we have $\deg F = md - \delta$, $\deg G = ne - \delta$, $\deg H' = \deg H - \delta$, giving:
$$\max(md, ne, \deg H) - \delta \leq d + e + \deg H - \delta - 1,$$
$$\max(md, ne, \deg H) \leq d + e + \deg H - 1.$$

With $md = ne = 10403k$ and $d + e = 204k$, assuming $H \neq 0$:

- **If $\deg H < 10403k$**: $\max = 10403k$, so $10403k \leq 204k + \deg H - 1$, giving $\deg H \geq 10199k + 1 \geq 10200$.
- **If $\deg H \geq 10403k$**: $\deg H \geq 10403 \geq 10200$.

Either way, $\deg H \geq 10200 > 201$.

### Conclusion

In both cases, $H \neq 0 \implies \deg H \geq 202$. Contrapositively:
$$\deg(A^m - B^n) \leq 201 \implies A^m = B^n.$$

**Tightness:** Take $A = x^2$, $B = x$ (degree 2 and 1, satisfying the constraint). Then:
$$A^{101} - B^{103} = x^{202} - x^{103},$$
which has degree $202$ and is nonzero. So the bound cannot be improved.

The maximum possible degree is $\boxed{201}$.

### PROOF COMPLETE
DEVIN_CLI_EXITED code=0
