## Solution

**Answer: Yes, $v = v_0$ on $\omega^*$.**

**Proof.**

Fix $y \in \omega^* = Du_0(\Omega)$. Since $u_0$ is uniformly convex on $\Omega$, the map $Du_0 : \Omega \to \omega^*$ is a bijection, so there exists a unique $x_0 \in \Omega$ with $Du_0(x_0) = y$. The supremum defining $v_0(y)$ is achieved at $x_0$:

$$v_0(y) = x_0 \cdot y - u_0(x_0).$$

We establish $v(y) = v_0(y)$ by proving both inequalities.

**Step 1: $v(y) \geq v_0(y)$.**

Since $\Omega \subset \Omega^\delta$ and $u_1 = u_0$ on $\Omega$,

$$v(y) = \sup_{x \in \Omega^\delta}\{x \cdot y - u_1(x)\} \geq \sup_{x \in \Omega}\{x \cdot y - u_1(x)\} = \sup_{x \in \Omega}\{x \cdot y - u_0(x)\} = v_0(y).$$

**Step 2: $v(y) \leq v_0(y)$.**

The key observation is that $y = Du_0(x_0)$ is a **subgradient of $u_1$ at $x_0$**. Indeed, $x_0$ lies in the interior of $\Omega$, which is itself contained in the interior of $\Omega^\delta$. On a neighborhood of $x_0$, we have $u_1 = u_0$, so $u_1$ is differentiable at $x_0$ with $Du_1(x_0) = Du_0(x_0) = y$. Hence $y \in \partial u_1(x_0)$.

By the subgradient inequality for the convex function $u_1$, for **every** $x \in \Omega^\delta$:

$$u_1(x) \geq u_1(x_0) + y \cdot (x - x_0) = u_0(x_0) + y \cdot (x - x_0).$$

Rearranging:

$$x \cdot y - u_1(x) \leq x \cdot y - u_0(x_0) - y \cdot (x - x_0) = x_0 \cdot y - u_0(x_0) = v_0(y).$$

Taking the supremum over all $x \in \Omega^\delta$:

$$v(y) = \sup_{x \in \Omega^\delta}\{x \cdot y - u_1(x)\} \leq v_0(y).$$

**Conclusion.**

Combining Steps 1 and 2, $v(y) = v_0(y)$ for every $y \in \omega^*$.

The essential reason is that the gradient $y = Du_0(x_0)$, which achieves the supremum for $v_0$ at the interior point $x_0 \in \Omega$, remains a subgradient of the extended convex function $u_1$ at $x_0$. The supporting hyperplane inequality then guarantees that no point $x \in \Omega^\delta \setminus \Omega$ can yield a larger value of $x \cdot y - u_1(x)$. The extension outside $\Omega$ is irrelevant for $y \in \omega^*$ because the maximizer already lies in the interior of $\Omega$, where $u_1$ coincides with $u_0$. $\blacksquare$

### PROOF COMPLETE
DEVIN_CLI_EXITED code=0
