## 证明

设 $a = \pi/2$。我们将分析当 $r \to \infty$ 时 $I_s(r) = \int_0^a x^r \sin x\, dx$ 和 $I_c(r) = \int_0^a x^r \cos x\, dx$ 的渐近行为。

**代入。** 令 $x = a(1-t)$，因此 $dx = -a\,dt$ 且 $x^r = a^r(1-t)^r$：

$$I_s(r) = a^{r+1}\int_0^1 (1-t)^r \sin(a(1-t))\,dt, \qquad I_c(r) = a^{r+1}\int_0^1 (1-t)^r \cos(a(1-t))\,dt.$$

**Laplace 形式。** 代入 $s = -\ln(1-t)$，即 $t = 1 - e^{-s}$，$dt = e^{-s}\,ds$。此时 $(1-t)^r = e^{-rs}$，因此：

$$I_s(r) = a^{r+1}\int_0^\infty e^{-(r+1)s}\, \sin(ae^{-s})\, ds, \qquad I_c(r) = a^{r+1}\int_0^\infty e^{-(r+1)s}\, \cos(ae^{-s})\, ds.$$

令 $R = r+1$。这是 Laplace 变换 $\int_0^\infty e^{-Rs} h(s)\,ds$，其中 $h_s(s) = \sin(ae^{-s})$ 且 $h_c(s) = \cos(ae^{-s})$。

**Watson 引理。** 若 $h(s) = \sum_{n=0}^\infty a_n s^n$ 在 $s=0$ 附近成立，且 $h$ 至多呈指数增长，则当 $R\to\infty$ 时，$\int_0^\infty e^{-Rs} h(s)\,ds \sim \sum_{n=0}^\infty \frac{n!\, a_n}{R^{n+1}}$。

**$h_s(s) = \sin(ae^{-s})$ 的展开。** 由于 $a = \pi/2$，$\sin a = 1$，$\cos a = 0$。令 $\theta = a(e^{-s}-1) = -as + \frac{a}{2}s^2 - \cdots$：

$$\sin(ae^{-s}) = \sin(a+\theta) = \sin a\cos\theta + \cos a\sin\theta = \cos\theta = 1 - \frac{a^2}{2}s^2 + O(s^3).$$

因此 $h_s(s) = 1 + 0\cdot s - \frac{a^2}{2}s^2 + O(s^3)$，根据 Watson 引理可得：

$$\int_0^\infty e^{-Rs} h_s(s)\,ds = \frac{1}{R} - \frac{a^2}{R^3} + O(R^{-4}).$$

**$h_c(s) = \cos(ae^{-s})$ 的展开。** 同理：

$$\cos(ae^{-s}) = \cos(a+\theta) = \cos a\cos\theta - \sin a\sin\theta = -\sin\theta = as - \frac{a}{2}s^2 + O(s^3).$$

因此 $h_c(s) = as - \frac{a}{2}s^2 + O(s^3)$，根据 Watson 引理可得：

$$\int_0^\infty e^{-Rs} h_c(s)\,ds = \frac{a}{R^2} - \frac{a}{R^3} + O(R^{-4}).$$

**积分的渐近展开：**

$$I_s(r) = a^{r+1}\left(\frac{1}{R} - \frac{a^2}{R^3} + O(R^{-4})\right), \qquad I_c(r) = a^{r+1}\left(\frac{a}{R^2} - \frac{a}{R^3} + O(R^{-4})\right).$$

**比值：**

$$\frac{I_s(r)}{I_c(r)} = \frac{\frac{1}{R} - \frac{a^2}{R^3} + O(R^{-4})}{\frac{a}{R^2} - \frac{a}{R^3} + O(R^{-4})} = \frac{R}{a}\cdot\frac{1 - \frac{a^2}{R^2} + O(R^{-3})}{1 - \frac{1}{R} + O(R^{-2})}.$$

由于 $\frac{1}{1 - 1/R + O(R^{-2})} = 1 + \frac{1}{R} + O(R^{-2})$，我们得到：

$$\frac{I_s(r)}{I_c(r)} = \frac{R}{a}\left(1 + \frac{1}{R} + O(R^{-2})\right) = \frac{R+1}{a} + O(R^{-1}) = \frac{r+2}{a} + O(1/r).$$

**确定 $c$ 和 $L$。** 我们有：

$$\frac{r^c\, I_s(r)}{I_c(r)} = r^c\left(\frac{r+2}{a} + O(1/r)\right) = \frac{r^{c+1}}{a}\left(1 + \frac{2}{r} + O(r^{-2})\right).$$

- 若 $c > -1$：$r^{c+1} \to \infty$，极限为 $+\infty$。
- 若 $c < -1$：$r^{c+1} \to 0$，极限为 $0$。
- 若 $c = -1$：$\dfrac{r^{-1}\,I_s(r)}{I_c(r)} = \dfrac{1}{a}\left(1 + \dfrac{2}{r} + O(r^{-2})\right) \to \dfrac{1}{a} = \dfrac{2}{\pi}$。

因此，所求值为 $c = -1$ 且 $L = \dfrac{2}{\pi}$。

### 证明完成
