```xml
<audit>
  <analysis_result_key>2272962</analysis_result_key>
  <problem_id>polymath_00832</problem_id>
  <audit_status>PASS</audit_status>
  <check_results>
    <A1>PASS: dimension1_verdict is TOKEN_LIMIT, a valid value</A1>
    <A2>PASS: dimension1_explanation is non-empty and well over 50 characters</A2>
    <A3>PASS: dimension2_turning_point_type is "other", a valid value (d1=TOKEN_LIMIT, d2 still provided)</A3>
    <A4>PASS: dimension2_explanation is non-empty and well over 50 characters</A4>
    <A5>PASS: ai_direction_summary is non-empty and describes the AI's direction</A5>
    <A6>PASS: standard_solution_key_technique is non-empty and describes the technique</A6>
    <B1>PASS: no XML tag leaks in either explanation</B1>
    <B2>PASS: no template placeholder leaks in either explanation</B2>
    <B3>PASS: both explanations are far longer than 50 characters</B3>
    <C1>PASS: d1=TOKEN_LIMIT, d2 has a value as expected</C1>
    <C2>PASS: d1_exp describes thinking cut off mid-sentence due to token limit, matching the TOKEN_LIMIT label</C2>
    <C3>PASS: d2_exp describes real-analytic polynomial construction, matching the "other" label (explicitly notes it is not modular arithmetic/number theory)</C3>
    <D1>N/A — d1 is CONNECTION_ERROR/TOKEN_LIMIT</D1>
    <D2>N/A — d1 is CONNECTION_ERROR/TOKEN_LIMIT</D2>
    <D3>N/A — d1 is CONNECTION_ERROR/TOKEN_LIMIT</D3>
    <D4>N/A — d1 is CONNECTION_ERROR/TOKEN_LIMIT</D4>
    <E1>UNKNOWN — check via script</E1>
  </check_results>
  <issues_found>none</issues_found>
</audit>
```

### AUDIT COMPLETE
DEVIN_CLI_EXITED code=0
