## Solution

**Problem.** A 100-dimensional hypersphere (ball) has radius $R = 4000$ miles. Find the fraction of its volume lying within 40 miles of its surface.

**Setup.** The volume of an $n$-dimensional ball of radius $r$ scales as
$$V_n(r) = V_n(1)\cdot r^n,$$
where $V_n(1) = \dfrac{\pi^{n/2}}{\Gamma(n/2+1)}$ is the volume of the unit $n$-ball. The constant $V_n(1)$ depends only on the dimension, not on the radius.

The region "within 40 miles of the surface" is the spherical shell
$$\{x : R-40 \le \|x\| \le R\} = \{x : 3960 \le \|x\| \le 4000\}.$$

**Computation.** The fraction of the volume in this shell is
$$\frac{V_n(R) - V_n(R-40)}{V_n(R)} = \frac{V_n(1)R^n - V_n(1)(R-40)^n}{V_n(1)R^n} = 1 - \left(\frac{R-40}{R}\right)^n.$$

Substituting $R = 4000$, $R-40 = 3960$, $n = 100$:
$$\text{fraction} = 1 - \left(\frac{3960}{4000}\right)^{100} = 1 - (0.99)^{100}.$$

**Evaluating $(0.99)^{100}$.** Using $\ln(0.99) = \ln(1-0.01)$. The Taylor expansion gives
$$\ln(1-x) = -x - \tfrac{x^2}{2} - \tfrac{x^3}{3} - \cdots,$$
so with $x = 0.01$:
$$\ln(0.99) = -0.01 - 0.00005 - 0.0000003\overline{3} - \cdots \approx -0.01005033585.$$

Hence
$$100\ln(0.99) \approx -1.005033585,$$
and
$$(0.99)^{100} = e^{-1.005033585} = e^{-1}\cdot e^{-0.005033585}.$$

Now $e^{-1} \approx 0.36787944$ and $e^{-0.005033585} \approx 1 - 0.005033585 + \tfrac{(0.005033585)^2}{2} \approx 0.99497919$. Therefore
$$(0.99)^{100} \approx 0.36787944 \times 0.99497919 \approx 0.36603234.$$

**Result.**
$$\text{fraction} = 1 - 0.36603234 \approx 0.63396766.$$

**Remark (the curse of dimensionality).** The answer is independent of the absolute radius $R$; it depends only on the ratio $40/R$ and the dimension. In 100 dimensions, even a thin shell (just $1\%$ of the radius thick) contains about $63.4\%$ of the total volume — nearly all the volume of a high-dimensional ball is concentrated near its surface. This is the geometric essence of the curse of dimensionality.

**Answer:** The fraction is $\;1 - (0.99)^{100} \approx 0.634\;$ (about $63.4\%$).

### PROOF COMPLETE
DEVIN_CLI_EXITED code=0
