Error: Agent error: Permission denied: Permission denied: Reached overall message rate limit. Please try again later. Your limit will reset in 51 minutes. (trace ID: 26c68dd4bdda5de6c86f9a12e7e05f38): {
  "cognition.ai/errorKind": "internal",
  "cognition.ai/retryable": true
}
DEVIN_CLI_EXITED code=1
Error: Agent error: Permission denied: Permission denied: Reached overall message rate limit. Please try again later. Your limit will reset in 48 minutes. (trace ID: 1041df5f8b9b05c493f71e8b8ec3ef37): {
  "cognition.ai/errorKind": "internal",
  "cognition.ai/retryable": true
}
DEVIN_CLI_EXITED code=1
Error: Agent error: Permission denied: Permission denied: Reached overall message rate limit. Please try again later. Your limit will reset in 44 minutes. (trace ID: b6403d45d57eb9d0f68d82707da87d58): {
  "cognition.ai/errorKind": "internal",
  "cognition.ai/retryable": true
}
DEVIN_CLI_EXITED code=1
Error: Agent error: Permission denied: Permission denied: Reached overall message rate limit. Please try again later. Your limit will reset in 41 minutes. (trace ID: 78a5acecbed7cd891ea98b34d7e209c2): {
  "cognition.ai/errorKind": "internal",
  "cognition.ai/retryable": true
}
DEVIN_CLI_EXITED code=1
Error: Agent error: Permission denied: Permission denied: Reached overall message rate limit. Please try again later. Your limit will reset in 38 minutes. (trace ID: 1528b8d5e44153821f71c2aed7f32484): {
  "cognition.ai/errorKind": "internal",
  "cognition.ai/retryable": true
}
DEVIN_CLI_EXITED code=1
Error: Agent error: Permission denied: Permission denied: Reached overall message rate limit. Please try again later. Your limit will reset in 35 minutes. (trace ID: 004c9d42669c6f1c689c076a19b81767): {
  "cognition.ai/errorKind": "internal",
  "cognition.ai/retryable": true
}
DEVIN_CLI_EXITED code=1
Error: Agent error: Permission denied: Permission denied: Reached overall message rate limit. Please try again later. Your limit will reset in 32 minutes. (trace ID: 3dc1bfac0ad04e09d5c8422fad0536d9): {
  "cognition.ai/errorKind": "internal",
  "cognition.ai/retryable": true
}
DEVIN_CLI_EXITED code=1
Error: Agent error: Permission denied: Permission denied: Reached overall message rate limit. Please try again later. Your limit will reset in 28 minutes. (trace ID: c41ee7b8edf35b207840eac605a80da1): {
  "cognition.ai/errorKind": "internal",
  "cognition.ai/retryable": true
}
DEVIN_CLI_EXITED code=1
Error: Agent error: Permission denied: Permission denied: Reached overall message rate limit. Please try again later. Your limit will reset in 25 minutes. (trace ID: cf4562245a618ba0dd98a051566cc4eb): {
  "cognition.ai/errorKind": "internal",
  "cognition.ai/retryable": true
}
DEVIN_CLI_EXITED code=1
Error: Agent error: Permission denied: Permission denied: Reached overall message rate limit. Please try again later. Your limit will reset in 22 minutes. (trace ID: 8b3354cf575f6d6cb5a9a74ab93090e8): {
  "cognition.ai/errorKind": "internal",
  "cognition.ai/retryable": true
}
DEVIN_CLI_EXITED code=1
Error: Agent error: Permission denied: Permission denied: Reached overall message rate limit. Please try again later. Your limit will reset in 19 minutes. (trace ID: b4fc97e52c397e60e82314db9951d2b2): {
  "cognition.ai/errorKind": "internal",
  "cognition.ai/retryable": true
}
DEVIN_CLI_EXITED code=1
Error: Agent error: Permission denied: Permission denied: Reached overall message rate limit. Please try again later. Your limit will reset in 16 minutes. (trace ID: 1bff6f9e99f4029e506ac428da86b55f): {
  "cognition.ai/errorKind": "internal",
  "cognition.ai/retryable": true
}
DEVIN_CLI_EXITED code=1
Error: Agent error: Permission denied: Permission denied: Reached overall message rate limit. Please try again later. Your limit will reset in 12 minutes. (trace ID: 3e89ebcf2b36c01ffe3500f4cd07577b): {
  "cognition.ai/errorKind": "internal",
  "cognition.ai/retryable": true
}
DEVIN_CLI_EXITED code=1
Error: Agent error: Permission denied: Permission denied: Reached overall message rate limit. Please try again later. Your limit will reset in 9 minutes. (trace ID: fb7568c572a0686b0e0e606b7de346c5): {
  "cognition.ai/errorKind": "internal",
  "cognition.ai/retryable": true
}
DEVIN_CLI_EXITED code=1
Error: Agent error: Permission denied: Permission denied: Reached overall message rate limit. Please try again later. Your limit will reset in 6 minutes. (trace ID: bc3270004ba164ecf818ac841667d932): {
  "cognition.ai/errorKind": "internal",
  "cognition.ai/retryable": true
}
DEVIN_CLI_EXITED code=1
Error: Agent error: Permission denied: Permission denied: Reached overall message rate limit. Please try again later. Your limit will reset in 3 minutes. (trace ID: 2770bf40737e63b96c0baa2fd6c9dab7): {
  "cognition.ai/errorKind": "internal",
  "cognition.ai/retryable": true
}
DEVIN_CLI_EXITED code=1
Error: Agent error: Permission denied: Permission denied: Reached overall message rate limit. Please try again later. Your limit will reset in 51 seconds. (trace ID: 2a30ba388db40e758f3af9184bb6dfd8): {
  "cognition.ai/errorKind": "internal",
  "cognition.ai/retryable": true
}
DEVIN_CLI_EXITED code=1
```xml
<analysis>
  <problem_id>deepmath_103k_00029482</problem_id>
  <dimension1_verdict>DIRECTION_ERROR</dimension1_verdict>
  <dimension1_explanation>The AI's thinking addresses an entirely different problem — constructing a non-measurable subset of [0,1] with prescribed outer measure using the Axiom of Choice (a measure-theory/set-theory question) — rather than the actual problem, which is evaluating a complex contour integral via the residue theorem / Cauchy's integral formula. The AI never engages with complex analysis at all; it appears to have received or latched onto the wrong problem statement.</dimension1_explanation>
  <dimension2_turning_point_type>other</dimension2_turning_point_type>
  <dimension2_explanation>The standard solution's key turning point is recognizing that (1+sin z)/z has a simple pole at z=0 with residue 1 (the constant term of 1+sin z in its Taylor expansion), so by the residue theorem the integral equals 2πi·1 = 2πi. This is a complex-analysis residue/Cauchy argument, which does not fit any of the listed number-theoretic turning-point categories.</dimension2_explanation>
  <ai_direction_summary>The AI pursued a measure-theoretic construction of non-measurable sets with prescribed outer measure using Vitali sets and the Axiom of Choice, never touching complex analysis.</ai_direction_summary>
  <standard_solution_key_technique>Apply the residue theorem (or Cauchy's integral formula) to the simple pole of (1+sin z)/z at z=0, where the residue is 1, yielding 2πi.</standard_solution_key_technique>
  <confidence>high</confidence>
</analysis>
```

### ANALYSIS COMPLETE
DEVIN_CLI_EXITED code=0
