Looking at this problem, I need to determine the kernel of $\xi: F_n \to S$ where $\xi(f) = (m_{ij})$ with $m_{ij} = \int_i^j f(t)\,dt$.

**Answer-leak check:** The problem statement contains no leaked solution or answer. Proceeding.

---

## Proof

**Setup and conventions.** Let $F_n$ denote the space of polynomials of degree $\leq n-1$ (a vector space of dimension $n$ over $\mathbb{R}$), and let the indices $i, j$ range over $\{1, 2, \ldots, n\}$.

**Step 1: The defining conditions on $S$ are automatically satisfied.**

For any $f \in F_n$ and the matrix $M = \xi(f)$ with $m_{ij} = \int_i^j f(t)\,dt$:

- **Skew-symmetry:** $m_{ji} = \int_j^i f(t)\,dt = -\int_i^j f(t)\,dt = -m_{ij}$. ✓
- **Cocycle condition:** $m_{ij} + m_{jk} = \int_i^j f + \int_j^k f = \int_i^k f = m_{ik}$. ✓

Hence $\operatorname{im}(\xi) \subseteq S$.

**Step 2: Determine $\dim S$.**

The cocycle condition $m_{ij} + m_{jk} = m_{ik}$ implies that the matrix is completely determined by its first row. Setting $a_i = m_{1i}$, we get $m_{ij} = a_j - a_i$. Since skew-symmetry forces $m_{ii} = 0$, we have $a_1 = 0$. Thus $S$ is parametrized by the $n-1$ free values $a_2, \ldots, a_n$, giving

$$\dim S = n - 1.$$

**Step 3: Identify the kernel.**

We have $f \in \ker\xi$ if and only if $\int_i^j f(t)\,dt = 0$ for all $i, j \in \{1,\ldots,n\}$.

Let $F$ be an antiderivative of $f$ (so $F' = f$, and $F$ is a polynomial of degree $\leq n$). The condition becomes:

$$F(j) - F(i) = 0 \quad \text{for all } i, j \in \{1,\ldots,n\},$$

i.e., $F$ is constant on $\{1, 2, \ldots, n\}$. Say $F(k) = c$ for all $k \in \{1,\ldots,n\}$. Then $G(t) = F(t) - c$ is a polynomial of degree $\leq n$ that vanishes at the $n$ points $1, 2, \ldots, n$. Therefore:

$$G(t) = \lambda \prod_{k=1}^{n}(t - k) \quad \text{for some } \lambda \in \mathbb{R},$$

and so

$$f(t) = F'(t) = G'(t) = \lambda \cdot \frac{d}{dt}\prod_{k=1}^{n}(t-k).$$

**Step 4: Verify the candidate.**

Let $p(t) = \prod_{k=1}^n(t-k)$ and $f_0(t) = p'(t)$. Then $f_0$ is a polynomial of degree $n-1$, so $f_0 \in F_n$. For any $i, j \in \{1,\ldots,n\}$:

$$\int_i^j f_0(t)\,dt = p(j) - p(i) = 0 - 0 = 0,$$

since $p$ vanishes at every integer in $\{1,\ldots,n\}$. Hence $f_0 \in \ker\xi$. ✓

**Step 5: Confirm dimensionality via rank–nullity.**

$$\dim \ker\xi = \dim F_n - \dim \operatorname{im}(\xi) = n - \dim S = n - (n-1) = 1.$$

Since $f_0 = \frac{d}{dt}\prod_{k=1}^n(t-k)$ is a nonzero element of $\ker\xi$ and $\dim\ker\xi = 1$, it spans the kernel.

**Conclusion.**

$$\boxed{\ker\xi = \operatorname{span}\!\left\{\frac{d}{dt}\prod_{k=1}^{n}(t-k)\right\}.}$$

The kernel is the one-dimensional subspace of $F_n$ generated by the derivative of the polynomial $\prod_{k=1}^n(t-k)$, i.e., the derivative of the monic polynomial whose roots are exactly the index points $1, 2, \ldots, n$.

### PROOF COMPLETE
DEVIN_CLI_EXITED code=0
