## Answer Leak Self-Check

The problem statement contains only the problem to be proved — no solution sketch, no answer values, no formalization notes. No leak detected. Proceeding to solve.

## Proof

Let $n = |S|$ and enumerate $S = \{s_1, s_2, \dots, s_n\}$. We use the standard identity

$$\binom{N}{n} = [x^n]\,(1+x)^N,$$

where $[x^n]$ denotes the coefficient of $x^n$ (valid for all integers $N$, interpreting $(1+x)^N$ as a formal power series, which agrees with the definition $\binom{N}{n}=0$ for $n<0$ and the usual value for $N\geq n\geq 0$).

**Step 1: Reduce to a coefficient extraction.**

$$\sum_{U\subseteq S}(-1)^{|U|}\binom{m-\sigma(U)}{n}
= [x^n]\sum_{U\subseteq S}(-1)^{|U|}(1+x)^{m-\sigma(U)}.$$

Factor out $(1+x)^m$ and use $\sigma(U)=\sum_{s\in U}s$ so that $(1+x)^{-\sigma(U)}=\prod_{s\in U}(1+x)^{-s}$:

$$\sum_{U\subseteq S}(-1)^{|U|}(1+x)^{m-\sigma(U)}
= (1+x)^m\sum_{U\subseteq S}\prod_{s\in U}\bigl(-(1+x)^{-s}\bigr)
= (1+x)^m\prod_{s\in S}\Bigl(1-(1+x)^{-s}\Bigr).$$

**Step 2: Rewrite the product.**

Set $y=1+x$. Then

$$(1+x)^m\prod_{s\in S}\bigl(1-y^{-s}\bigr)
= y^{m}\prod_{s\in S}\frac{y^{s}-1}{y^{s}}
= y^{m-\sigma(S)}\prod_{s\in S}(y^{s}-1)
= (1+x)^{m-\sigma(S)}\prod_{s\in S}\bigl((1+x)^{s}-1\bigr).$$

So the desired sum equals

$$[x^n]\,(1+x)^{m-\sigma(S)}\prod_{s\in S}\bigl((1+x)^{s}-1\bigr).$$

**Step 3: Determine the order of vanishing and the leading coefficient.**

For each $s\in S$ (a positive integer),

$$(1+x)^{s}-1 = sx+\binom{s}{2}x^{2}+\cdots,$$

which has a **simple zero** at $x=0$ with leading coefficient $s$. Hence the product

$$\prod_{s\in S}\bigl((1+x)^{s}-1\bigr)$$

has a zero of order exactly $n=|S|$ at $x=0$, and its leading term is

$$\Bigl(\prod_{s\in S} s\Bigr)\,x^{n}+\text{terms of order } \geq n+1.$$

**Step 4: Extract $[x^n]$.**

Since $m\geq\sigma(S)$, the factor $(1+x)^{m-\sigma(S)}$ is a polynomial (or formal power series) with constant term $1$:

$$(1+x)^{m-\sigma(S)} = 1+(m-\sigma(S))x+\cdots.$$

Multiplying,

$$(1+x)^{m-\sigma(S)}\prod_{s\in S}\bigl((1+x)^{s}-1\bigr)
= \Bigl(\prod_{s\in S}s\Bigr)x^{n}+\text{terms of order }\geq n+1.$$

The coefficient of $x^{n}$ receives a contribution only from (constant term of $(1+x)^{m-\sigma(S)}$) $\times$ (leading term of the product), since every other combination has order $\geq n+1$. Therefore

$$[x^n]\,(1+x)^{m-\sigma(S)}\prod_{s\in S}\bigl((1+x)^{s}-1\bigr)
= 1\cdot\prod_{s\in S}s = \pi(S).$$

**Conclusion.**

$$\sum_{U\subseteq S}(-1)^{|U|}\binom{m-\sigma(U)}{|S|}=\pi(S)\qquad\text{for all integers }m\geq\sigma(S).$$

### PROOF COMPLETE
