**Answer Leak Self-Check:** I scanned the problem text. No leaked answers, solution sketches, or formalization notes are present. Proceeding to solve.

## Proof

**Key Invariant.** Define the operation: given two numbers $a, b$, replace them with
$$c = \frac{ab - 1}{a + b + 2}.$$

Compute $c + 1$:
$$c + 1 = \frac{ab - 1}{a + b + 2} + 1 = \frac{ab - 1 + a + b + 2}{a + b + 2} = \frac{ab + a + b + 1}{a + b + 2} = \frac{(a+1)(b+1)}{(a+1)+(b+1)}.$$

Therefore
$$\frac{1}{c+1} = \frac{(a+1)+(b+1)}{(a+1)(b+1)} = \frac{1}{a+1} + \frac{1}{b+1}.$$

**Interpretation.** When two numbers $a, b$ are merged into $c$, the quantity $\frac{1}{x+1}$ behaves additively: the contribution of $c$ equals the sum of the contributions of $a$ and $b$. Consequently, the total
$$\Phi = \sum_{x \in S} \frac{1}{x+1}$$
is **invariant** throughout the entire game, regardless of the order in which Alice selects and merges numbers.

**Initial value.** The initial set is $S = \{2^1 - 1,\, 2^2 - 1,\, \dots,\, 2^{100} - 1\}$, so each $x + 1 = 2^k$ for $k = 1, \dots, 100$. Thus
$$\Phi = \sum_{k=1}^{100} \frac{1}{2^k} = \sum_{k=1}^{100} 2^{-k} = \frac{2^{-1}(1 - 2^{-100})}{1 - 2^{-1}} = 1 - 2^{-100} = \frac{2^{100} - 1}{2^{100}}.$$

**Final value.** After 99 merges, a single number $c$ remains. By the invariant,
$$\frac{1}{c + 1} = \Phi = \frac{2^{100} - 1}{2^{100}}.$$

Solving for $c$:
$$c + 1 = \frac{2^{100}}{2^{100} - 1}, \qquad c = \frac{2^{100}}{2^{100} - 1} - 1 = \frac{1}{2^{100} - 1}.$$

**Coprimality and conclusion.** The final number is $c = \frac{p}{q} = \frac{1}{2^{100} - 1}$, so $p = 1$ and $q = 2^{100} - 1$. Since $\gcd(1, 2^{100}-1) = 1$, the pair is coprime. Then
$$p + q = 1 + (2^{100} - 1) = 2^{100},$$
and therefore
$$\log_2(p + q) = \log_2\!\bigl(2^{100}\bigr) = \boxed{100}.$$

### PROOF COMPLETE
DEVIN_CLI_EXITED code=0
