# Proof

We determine the domain of integration over which the given integral equals 1.

## Step 1: Convert the volume form

Let $z = x + iy$ and $z^* = x - iy$ (complex conjugate), so $x = \frac{z+z^*}{2}$, $y = \frac{z-z^*}{2i}$. Then
$$dz = dx + i\,dy, \qquad dz^* = dx - i\,dy.$$

Computing the wedge product:
$$dz \wedge dz^* = (dx + i\,dy)\wedge(dx - i\,dy) = -i\,dx\wedge dy + i\,dy\wedge dx = -i\,dx\wedge dy - i\,dx\wedge dy = -2i\,dx\wedge dy.$$

Therefore
$$\frac{i}{2}\,dz\wedge dz^* = \frac{i}{2}(-2i)\,dx\wedge dy = dx\wedge dy = dx\,dy.$$

## Step 2: Rewrite the integral

Since $|z|^2 = zz^* = x^2 + y^2$, the integral becomes
$$\iint \frac{1}{2\pi}e^{-\frac{x^2+y^2}{2}}\,dx\,dy = 1.$$

## Step 3: Evaluate over the entire complex plane

Take the integration range to be all of $\mathbb{C}$, i.e., $(x,y)\in\mathbb{R}^2$. Converting to polar coordinates $x^2+y^2 = r^2$, $dx\,dy = r\,dr\,d\theta$:

$$\frac{1}{2\pi}\int_0^{2\pi}d\theta\int_0^{\infty} e^{-r^2/2}\,r\,dr.$$

The angular integral gives $2\pi$. For the radial integral, substitute $u = r^2/2$, $du = r\,dr$:
$$\int_0^{\infty} e^{-r^2/2}\,r\,dr = \int_0^{\infty} e^{-u}\,du = \left[-e^{-u}\right]_0^{\infty} = 0 - (-1) = 1.$$

Hence
$$\frac{1}{2\pi}\cdot 2\pi \cdot 1 = 1. \checkmark$$

## Step 4: Uniqueness of the range

The integrand $\frac{1}{2\pi}e^{-(x^2+y^2)/2}$ is strictly positive everywhere, so the integral is a strictly increasing function of the integration domain. It equals 1 **only** when the domain covers the entire plane $\mathbb{R}^2 \cong \mathbb{C}$. Any proper subset gives a value strictly less than 1; any superset is impossible since $\mathbb{C}$ is already the whole space.

## Conclusion

The range of the complex variables $z$ and $z^*$ such that the integral holds is the **entire complex plane**:
$$\boxed{z \in \mathbb{C},\quad z^* \in \mathbb{C}\quad(\text{with } z^* = \bar{z},\text{ the complex conjugate of }z)}$$

i.e., $z = x+iy$ with $x\in\mathbb{R}$, $y\in\mathbb{R}$, and $z^* = x - iy$.

### PROOF COMPLETE
DEVIN_CLI_EXITED code=0
