## Proof

**Answer leak check:** The problem statement contains only the problem and procedural constraints; no solution, answer, or proof sketch is leaked. Proceeding.

---

Let
$$I_n=\int_0^1 x^n\arctan(x)\,dx.$$

**Step 1: Integration by parts.** Take $u=\arctan x$, $dv=x^n\,dx$, so $du=\frac{dx}{1+x^2}$ and $v=\frac{x^{n+1}}{n+1}$. Then

$$I_n=\left[\frac{x^{n+1}}{n+1}\arctan x\right]_0^1-\int_0^1\frac{x^{n+1}}{(n+1)(1+x^2)}\,dx
=\frac{\pi}{4(n+1)}-\frac{1}{n+1}\int_0^1\frac{x^{n+1}}{1+x^2}\,dx.$$

Multiplying by $(n+1)$,

$$(n+1)I_n-\frac{\pi}{4}=-\int_0^1\frac{x^{n+1}}{1+x^2}\,dx.$$

Hence the desired limit is
$$L=-\lim_{n\to\infty} n\int_0^1\frac{x^{n+1}}{1+x^2}\,dx.$$

**Step 2: Asymptotics of $J_n:=\int_0^1\frac{x^{n+1}}{1+x^2}\,dx$.** The function $f(x)=\frac{1}{1+x^2}$ is continuous on $[0,1]$, and the factor $x^{n+1}$ concentrates the integrand near $x=1$. Make the substitution $x=e^{-u/(n+2)}$, so $x^{n+2}=e^{-u}$ and $dx=-\frac{1}{n+2}e^{-u/(n+2)}\,du$. Then

$$J_n=\frac{1}{n+2}\int_0^\infty e^{-u}\,f\!\left(e^{-u/(n+2)}\right)du.$$

As $n\to\infty$, $e^{-u/(n+2)}\to 1$ for each fixed $u\ge 0$, so $f(e^{-u/(n+2)})\to f(1)=\frac{1}{2}$. Since $f$ is bounded (by $1$) on $[0,1]$, the integrand is dominated by $e^{-u}$, which is integrable on $[0,\infty)$. By dominated convergence,

$$(n+2)J_n\to f(1)\int_0^\infty e^{-u}\,du=\frac{1}{2}.$$

Therefore $nJ_n\to \frac{1}{2}$ as well (since $\frac{n}{n+2}\to 1$).

**Step 3: Conclusion.**

$$L=-\lim_{n\to\infty}nJ_n=-\frac{1}{2}.$$

$$\boxed{\lim_{n\to\infty} n\!\left((n+1)I_n-\frac{\pi}{4}\right)=-\frac{1}{2}}$$

### PROOF COMPLETE
DEVIN_CLI_EXITED code=0
