## Solution

This is a Hamilton–Jacobi equation. Write it as $u_t + H(u_x) = 0$ with $H(p) = p^2 - 1$.

### Method of Characteristics

For $u_t + H(u_x) = 0$, the characteristic equations are:
- $\dot{x} = H'(p) = 2p$
- $\dot{p} = -H_x = 0$ (since $H$ is independent of $x$)
- $\dot{u} = p\,H'(p) - H(p) = 2p^2 - (p^2-1) = p^2 + 1$

where $p = u_x$.

**Initial data** (at $t=0$, parameterized by $x_0$):
- $x(0) = x_0$
- $u(0) = u(x_0,0) = -x_0^2$
- $p(0) = u_x(x_0,0) = -2x_0$

### Solving the ODEs

Since $\dot{p}=0$: $p(t) = -2x_0$ (constant).

$\dot{x} = 2p = -4x_0 \;\Rightarrow\; x(t) = x_0(1-4t)$.

$\dot{u} = p^2+1 = 4x_0^2+1 \;\Rightarrow\; u(t) = -x_0^2 + (4x_0^2+1)t$.

### Recovering $u(x,t)$

From $x = x_0(1-4t)$, solve $x_0 = \dfrac{x}{1-4t}$ (valid for $t \neq \tfrac14$). Substituting:

$$u(x,t) = -\frac{x^2}{(1-4t)^2} + \left(\frac{4x^2}{(1-4t)^2}+1\right)t = \frac{x^2(4t-1)}{(1-4t)^2} + t = -\frac{x^2}{1-4t} + t$$

### Verification

$$u_t = 1 - \frac{4x^2}{(1-4t)^2}, \qquad u_x = -\frac{2x}{1-4t}, \qquad (u_x)^2 = \frac{4x^2}{(1-4t)^2}$$

$$u_t + (u_x)^2 = 1 - \frac{4x^2}{(1-4t)^2} + \frac{4x^2}{(1-4t)^2} = 1.\;\checkmark$$

At $t=0$: $u(x,0) = 0 - x^2 = -x^2$. $\checkmark$

### Blow-up time

$$u(x,t) = t - \frac{x^2}{1-4t}$$

As $t \to \tfrac14^-$, the denominator $1-4t \to 0^+$, so for any $x \neq 0$, $|u(x,t)| \to \infty$. The solution becomes unbounded at

$$\boxed{t^* = \dfrac{1}{4}}$$

### PROOF COMPLETE
DEVIN_CLI_EXITED code=0
