Looking at this problem, I need to find all $f: \mathbb{R} \to \mathbb{R}$ satisfying $f(f(x) + y) = 2x + f(f(f(y)) - x)$ for all $x, y \in \mathbb{R}$.

Let me denote the assertion $P(x,y)$ and set $c = f(0)$, $g(y) = f(f(y))$.

**Answer leak check:** The problem statement contains no solutions, hints, or formalization notes. Proceeding.

---

## Proof

**Step 1: Two key substitutions.**

$P(0, y)$: $f(c + y) = f(f(f(y))) = f(g(y))$ for all $y$. &ensp; *(Equation A)*

$P(x, 0)$: $f(f(x)) = 2x + f(f(c) - x)$. Setting $d = f(c)$, this gives $g(x) = 2x + f(d - x)$. &ensp; *(Equation B)*

From Equation A with $y = 0$: $f(c) = f(g(0)) = f(f(c))$, so $f(d) = d$ (i.e., $d$ is a fixed point).

**Step 2: $f$ is surjective.**

Set $y = -f(x)$ in $P(x,y)$:
$$f(0) = 2x + f\big(f(f(-f(x))) - x\big),$$
so $f\big(f(f(-f(x))) - x\big) = c - 2x$ for all $x$. As $x$ ranges over $\mathbb{R}$, the value $c - 2x$ ranges over all of $\mathbb{R}$, so $f$ is **surjective**. Consequently $g = f \circ f$ is also surjective.

**Step 3: $f$ is injective.**

Suppose $f(a) = f(b)$. Comparing $P(a, y)$ and $P(b, y)$: the left-hand sides are equal, so
$$f(g(y) - a) - f(g(y) - b) = 2(b - a) \quad \text{for all } y.$$
Since $g$ is surjective, $g(y)$ ranges over all of $\mathbb{R}$. Setting $h = a - b$ and $t = g(y) - b$:
$$f(t + h) = f(t) + 2h \quad \text{for all } t \in \mathbb{R}. \tag{$\star$}$$

Now compute $g(y + h)$ using $(\star)$:
$$g(y+h) = 2(y+h) + f(d - y - h) = 2y + 2h + \big(f(d-y) - 2h\big) = g(y).$$
So $g$ is periodic with period $h$. By Equation A, $f(c + y + h) = f(g(y+h)) = f(g(y)) = f(c + y)$ for all $y$, so $f$ is periodic with period $h$.

But $(\star)$ says $f(t + h) = f(t) + 2h$, while periodicity says $f(t + h) = f(t)$. Therefore $2h = 0$, giving $h = 0$ and $a = b$. So $f$ is **injective**.

**Step 4: Determine $f$.**

By injectivity applied to Equation A: $c + y = g(y) = 2y + f(d - y)$, so
$$f(d - y) = c - y \quad \text{for all } y.$$
Substituting $t = d - y$: $f(t) = t + (c - d)$ for all $t$. Let $b = c - d$, so $f(t) = t + b$.

Now compute: $c = f(0) = b$, and $d = f(c) = f(b) = 2b$. Then $b = c - d = b - 2b = -b$, so $b = 0$.

Therefore $f(t) = t$ for all $t \in \mathbb{R}$.

**Verification.** $f(f(x)+y) = f(x+y) = x+y$ and $2x + f(f(f(y))-x) = 2x + f(y-x) = 2x + y - x = x + y$. ✓

---

The unique solution is $\boxed{f(x) = x}$ for all $x \in \mathbb{R}$.

### PROOF COMPLETE
DEVIN_CLI_EXITED code=0
