## Proof

**Answer: $d = n$.**

**Step 1: The centralizer always contains $k[A]$.**

For any matrix $A$, every polynomial $p(A) \in k[A]$ commutes with $A$, so $k[A] \subseteq C$. By the Cayley–Hamilton theorem, $\chi_A(A) = 0$, so $k[A] \cong k[t]/(\mu_A(t))$ where $\mu_A$ is the minimal polynomial of $A$. Hence
$$\dim_k k[A] = \deg \mu_A \leq \deg \chi_A = n.$$

**Step 2: If $A$ is cyclic (i.e., $\mu_A = \chi_A$), then $C = k[A]$.**

Recall that $A$ is *cyclic* if there exists a vector $v$ such that $\{v, Av, A^2v, \dots, A^{n-1}v\}$ is a basis of $k^n$. This is equivalent to $\mu_A = \chi_A$ (the rational canonical form consists of a single block).

Suppose $v$ is a cyclic vector and $B \in C$ (so $AB = BA$). Since $\{v, Av, \dots, A^{n-1}v\}$ is a basis, we can write
$$Bv = c_0 v + c_1 Av + \cdots + c_{n-1}A^{n-1}v = p(A)v$$
for a unique polynomial $p(t)$ of degree $< n$. For any $w = q(A)v$ (with $q$ a polynomial), using $BA = AB$:
$$Bw = B\,q(A)v = q(A)\,Bv = q(A)\,p(A)v = p(A)\,q(A)v = p(A)\,w.$$
Since every $w \in k^n$ is of the form $q(A)v$ (by cyclicity), we get $B = p(A) \in k[A]$. Thus $C = k[A]$ and $\dim_k C = n$.

**Step 3: The generic matrix $A$ is cyclic.**

Consider the vector $v = e_1 = (1, 0, \dots, 0)^T$. Form the $n \times n$ matrix
$$K = \big[\,e_1 \;\big|\; Ae_1 \;\big|\; A^2 e_1 \;\big|\; \cdots \;\big|\; A^{n-1}e_1\,\big].$$
Each column $A^j e_1$ has entries that are polynomials in $X_1, \dots, X_{n^2}$, so $\det K \in \mathbb{Q}[X_1, \dots, X_{n^2}]$.

We claim $\det K$ is not the zero polynomial. To see this, specialize the entries $X_i$ to rational values so that $A$ becomes the **companion matrix** of the polynomial $t^n - 2$:
$$A_0 = \begin{pmatrix} 0 & 0 & \cdots & 0 & 2 \\ 1 & 0 & \cdots & 0 & 0 \\ 0 & 1 & \cdots & 0 & 0 \\ \vdots & & \ddots & & \vdots \\ 0 & 0 & \cdots & 1 & 0 \end{pmatrix}.$$
The characteristic polynomial of $A_0$ is $t^n - 2$, which is irreducible over $\mathbb{Q}$ (by Eisenstein's criterion at $p = 2$). Since the characteristic polynomial is irreducible, it equals the minimal polynomial, so $A_0$ is cyclic. In particular, $\det[e_1, A_0 e_1, \dots, A_0^{n-1} e_1] \neq 0$.

Therefore $\det K$ is a nonzero polynomial. Since $X_1, \dots, X_{n^2}$ are algebraically independent over $\mathbb{Q}$, every nonzero polynomial in them evaluates to a **nonzero** element of $k = \mathbb{Q}(X_1, \dots, X_{n^2})$. Hence $\det K \neq 0$ in $k$, which means $\{e_1, Ae_1, \dots, A^{n-1}e_1\}$ is a basis of $k^n$.

Thus $A$ is cyclic, i.e., $\mu_A = \chi_A$.

**Step 4: Conclusion.**

Since $A$ is cyclic, by Step 2 the centralizer is $C = k[A]$, and
$$d = \dim_k C = \dim_k k[A] = \deg \mu_A = \deg \chi_A = n.$$

$$\boxed{d = n}$$

### PROOF COMPLETE
DEVIN_CLI_EXITED code=0
