## Answer

**Interpretation.** The meaningful reading of the question is whether there exists a constant $c$, **independent of $g$**, such that
$$\int_{B_r}|\nabla u|^2\,dx \;\le\; c\int_{\partial B_r}u^2\,dS \qquad(\star)$$
holds for every smooth boundary datum $g\in C^\infty(\partial B_r)$ (with $u$ the harmonic extension). I show below that **no such uniform constant exists**. (If the question is read literally as "is there *some* $g$ for which *some* $c$ works", the answer is trivially yes — take $g\equiv\text{const}$, for which $u$ is constant and $\int|\nabla u|^2=0$; this case is uninteresting, so the substantive question is the uniform one.)

---

### Proof that no uniform $c$ exists

**1. Harmonic extension via spherical harmonics.** Let $B_r\subset\mathbb R^n$ and expand the boundary datum on $\partial B_r\cong S^{n-1}_r$ in spherical harmonics:
$$g(\theta)=\sum_{k=0}^{\infty} g_k(\theta),\qquad g_k\in\mathcal H_k,$$
where $\mathcal H_k$ is the space of spherical harmonics of degree $k$ on $S^{n-1}$. The unique harmonic function in $B_r$ with $u|_{\partial B_r}=g$ is obtained by the Poisson kernel; in spherical coordinates $(\rho,\theta)$ with $\rho\in[0,r]$,
$$u(\rho,\theta)=\sum_{k=0}^{\infty}\Bigl(\frac{\rho}{r}\Bigr)^{\!k} g_k(\theta).$$
Each term $(\rho/r)^k g_k(\theta)$ is homogeneous harmonic of degree $k$, hence harmonic in $B_r$.

**2. Dirichlet energy.** For a single mode $u_k=(\rho/r)^k g_k$, using $\nabla = \hat\rho\,\partial_\rho + \rho^{-1}\nabla_{S^{n-1}}$,
$$|\nabla u_k|^2 = \Bigl(\frac{k}{r}\Bigr)^{\!2}\Bigl(\frac{\rho}{r}\Bigr)^{\!2k-2}g_k^2 \;+\; \frac{1}{\rho^2}\Bigl(\frac{\rho}{r}\Bigr)^{\!2k}|\nabla_{S^{n-1}}g_k|^2.$$
Integrating over $B_r$ and using orthogonality of distinct spherical-harmonic degrees on every sphere $\rho=\text{const}$, the cross terms vanish, so
$$\int_{B_r}|\nabla u|^2\,dx \;=\; \sum_{k=0}^{\infty}\int_{B_r}|\nabla u_k|^2\,dx.$$
A standard computation (separating the radial and tangential parts, and using that $g_k$ is an eigenfunction of the spherical Laplacian $\Delta_{S^{n-1}}g_k=-k(k+n-2)g_k$ together with one integration by parts on the sphere) gives the clean identity
$$\int_{B_r}|\nabla u_k|^2\,dx \;=\; \frac{k}{r}\int_{\partial B_r}g_k^2\,dS.$$
Equivalently, summing,
$$\boxed{\;\int_{B_r}|\nabla u|^2\,dx \;=\; \sum_{k=0}^{\infty}\frac{k}{r}\int_{\partial B_r}g_k^2\,dS \;=\; \langle g,\Lambda g\rangle_{\partial B_r}\;}$$
where $\Lambda$ is the Dirichlet-to-Neumann map, whose eigenvalue on $\mathcal H_k$ is exactly $k/r$. (This is the well-known fact that $\Lambda$ is an elliptic pseudodifferential operator of order $1$ on $\partial B_r$.)

**3. Boundary $L^2$ norm.** By orthogonality on $\partial B_r$,
$$\int_{\partial B_r}u^2\,dS \;=\; \int_{\partial B_r}g^2\,dS \;=\; \sum_{k=0}^{\infty}\int_{\partial B_r}g_k^2\,dS.$$

**4. The ratio is unbounded.** Suppose a uniform constant $c$ satisfying $(\star)$ for all $g$ existed. Then for every $g$,
$$\sum_{k=0}^{\infty}\frac{k}{r}\int_{\partial B_r}g_k^2\,dS \;\le\; c\sum_{k=0}^{\infty}\int_{\partial B_r}g_k^2\,dS.$$
Take $g$ to be a **single** spherical harmonic $Y_k\in\mathcal H_k$ of degree $k\ge 1$ (normalized so $\int_{\partial B_r}Y_k^2\,dS=1$). The inequality reduces to
$$\frac{k}{r}\;\le\; c\qquad\text{for all }k\ge 1,$$
which is impossible since $k/r\to\infty$ as $k\to\infty$. Hence no finite constant $c$ can satisfy $(\star)$ for all smooth $g$.

---

### Conclusion

There is **no** constant $c$ (independent of $g$) for which
$$\int_{B_r}|\nabla u|^2\,dx \le c\int_{\partial B_r}u^2\,dS$$
holds for every $g\in C^\infty(\partial B_r)$. The obstruction is that the Dirichlet-to-Neumann map $\Lambda$ is an operator of **order $1$** on the boundary, hence unbounded on $L^2(\partial B_r)$: concentrating the boundary data in arbitrarily high spherical-harmonic modes makes the Dirichlet energy grow like $k/r$ while the boundary $L^2$ norm stays fixed, so the ratio $\int_{B_r}|\nabla u|^2\big/\int_{\partial B_r}u^2$ is unbounded.

(Equivalently: a *reverse* trace inequality of this form cannot hold uniformly for harmonic functions; only the *forward* trace inequality $\int_{\partial B_r}u^2\,dS\le C\bigl(\int_{B_r}u^2+\int_{B_r}|\nabla u|^2\bigr)$ holds, which bounds the boundary by the interior — the opposite direction.)

### PROOF COMPLETE
