Looking at this problem, I need to find $g: \mathbb{Z}^+ \to \mathbb{Z}^+$ with:
1. $\gcd(g(m), g(n)) \geq (\gcd(m,n))^{2014}$ for all $m, n \in \mathbb{Z}^+$
2. $n - 2014 \leq g(n) \leq n$ for all $n \in \mathbb{Z}^+$

**Answer-leak check:** The problem text contains no leaked solutions or answer values. Proceeding.

---

## Proof

**Claim:** No such function exists.

Suppose for contradiction that a function $g: \mathbb{Z}^+ \to \mathbb{Z}^+$ satisfies both conditions.

**Step 1: The $m = n$ substitution.**

Set $m = n$ for an arbitrary positive integer $n$. Then $\gcd(m, n) = n$, and condition (1) gives:

$$\gcd(g(n), g(n)) \geq n^{2014}.$$

Since $\gcd(g(n), g(n)) = g(n)$, this yields:

$$g(n) \geq n^{2014}. \tag{*}$$

**Step 2: Combine with the upper bound.**

Condition (2) gives $g(n) \leq n$. Combining with $(*)$:

$$n \geq g(n) \geq n^{2014},$$

which implies $n \geq n^{2014}$, i.e., $n^{2013} \leq 1$.

**Step 3: Derive the contradiction.**

The inequality $n^{2013} \leq 1$ holds only for $n = 1$. For $n = 2$:

$$g(2) \geq 2^{2014} \quad \text{but} \quad g(2) \leq 2,$$

which gives $2 \geq 2^{2014}$, i.e., $1 \geq 2^{2013}$. This is false.

**Conclusion.**

The two conditions are mutually contradictory for every $n \geq 2$. Therefore, **no function $g: \mathbb{Z}^+ \to \mathbb{Z}^+$ satisfying both conditions exists**. $\blacksquare$

### PROOF COMPLETE
DEVIN_CLI_EXITED code=0
