## Solution

**Setup.** Track positions on the line $[0,15]$. Low-Power Crawl = $5$ m/h, High-Power Glide = $15$ m/h. Alpha, Beta start at $0$ (heading to $15$); Gamma starts at $15$ (heading to $0$). All start at $t=0$.

**Stage 1 — Beta (glide) meets Gamma (crawl).**
- Beta: $x_B = 15t$. Gamma: $x_G = 15 - 5t$.
- Meeting: $15t = 15 - 5t \Rightarrow 20t = 15 \Rightarrow t = \tfrac34$ h, at position $\tfrac{45}{4}$ m.
- Beta transfers glide to Gamma; Beta switches to crawl for the remaining $\tfrac{15}{4}$ m to $15$.

**Beta finishes.** Remaining $\tfrac{15}{4}$ m at $5$ m/h takes $\tfrac{15/4}{5}=\tfrac34$ h.
- $T_B = \tfrac34+\tfrac34 = \tfrac32$ h. Beta's crawl time $W_B = \tfrac34$ h (glide time $\tfrac34$ h).

**Stage 2 — Gamma (glide) meets Alpha (crawl).** At $t=\tfrac34$: Alpha is at $5\cdot\tfrac34=\tfrac{15}{4}$, still crawling toward $B$ at $5$ m/h. Gamma now glides toward $A$ at $15$ m/h. Let $s = t-\tfrac34$:
$$\tfrac{45}{4} - 15s = \tfrac{15}{4} + 5s \;\Rightarrow\; \tfrac{30}{4} = 20s \;\Rightarrow\; s = \tfrac38 \text{ h}.$$
Meeting at $t = \tfrac34+\tfrac38 = \tfrac98$ h, position $\tfrac{45}{8}$ m. Gamma transfers glide to Alpha; Gamma switches to crawl for the remaining $\tfrac{45}{8}$ m to $0$.

**Gamma finishes.** Remaining $\tfrac{45}{8}$ m at $5$ m/h takes $\tfrac{45/8}{5}=\tfrac98$ h.
- $T_G = \tfrac98+\tfrac98 = \tfrac94$ h. Gamma's crawl time $W_G = \tfrac34+\tfrac98 = \tfrac{15}{8}$ h (glide time $\tfrac38$ h).

**Stage 3 — Alpha (glide) finishes.** At $t=\tfrac98$: Alpha at $\tfrac{45}{8}$, remaining to $15=\tfrac{120}{8}$ is $\tfrac{75}{8}$ m. At $15$ m/h: $\tfrac{75/8}{15}=\tfrac58$ h.
- $T_A = \tfrac98+\tfrac58 = \tfrac{14}{8}=\tfrac74$ h. Alpha's crawl time $W_A = \tfrac98$ h (glide time $\tfrac58$ h).

**Consistency check (glide always held by exactly one robot).** Glide active intervals: Beta $\tfrac34$, Gamma $\tfrac38$, Alpha $\tfrac58$. Sum $= \tfrac64+\tfrac38+\tfrac58 = \tfrac{14}{8}=\tfrac74$ h, matching the span $[0,\tfrac74]$ during which the module is in use. ✓

**Compute the target.** Converting to eighths:
$$T_A=\tfrac{14}{8},\; T_B=\tfrac{12}{8},\; T_G=\tfrac{18}{8},\; W_A=\tfrac{9}{8},\; W_B=\tfrac{6}{8},\; W_G=\tfrac{15}{8}.$$
$$T_A+T_B+T_G+W_A+W_B+W_G = \frac{14+12+18+9+6+15}{8} = \frac{74}{8} = \frac{37}{4}.$$
$$8\cdot\frac{37}{4} = 74.$$

### PROOF COMPLETE
DEVIN_CLI_EXITED code=0
