```xml
<audit>
  <analysis_result_key>2269783</analysis_result_key>
  <problem_id>deepmath_103k_00009336</problem_id>
  <audit_status>PASS_SELECTABLE</audit_status>
  <check_results>
    <A1>PASS: dimension1_verdict is DIRECTION_ERROR, a valid value.</A1>
    <A2>PASS: dimension1_explanation is non-empty and well over 50 characters.</A2>
    <A3>PASS: dimension2_turning_point_type is "other", a valid value in the allowed list.</A3>
    <A4>PASS: dimension2_explanation is non-empty and well over 50 characters.</A4>
    <A5>PASS: ai_direction_summary is non-empty and describes the AI's actual direction.</A5>
    <A6>PASS: standard_solution_key_technique is non-empty and specific.</A6>
    <B1>PASS: No XML tag leaks found in either explanation.</B1>
    <B2>PASS: No template placeholder leaks found in either explanation.</B2>
    <B3>PASS: Both explanations are far longer than 50 characters.</B3>
    <C1>PASS: d1=DIRECTION_ERROR and d2 has a value ("other"), consistent.</C1>
    <C2>PASS: d1_exp describes the AI going in a completely wrong direction (unrelated algebraic number theory), matching the DIRECTION_ERROR label.</C2>
    <C3>PASS: d2_exp describes a real analysis/calculus technique (term-by-term derivative analysis, Lipschitz constants) which is correctly categorized as "other" since it is not a mod_p or number-theoretic technique.</C3>
    <D1>PASS: d1_exp is over 100 characters and contains action verbs ("considered", "attempted" implied via "never considered").</D1>
    <D2>PASS: d2_exp is over 100 characters and contains mathematical terms (derivative, Lipschitz, summable, π²/6).</D2>
    <D3>PASS: ai_direction_summary describes the specific direction the AI took (CM elliptic curves, centralizers in GL_2(Z/NZ)).</D3>
    <D4>PASS: standard_solution_key_technique describes the specific technique (term-by-term derivative analysis, summability of Σ1/k²).</D4>
    <E1>UNKNOWN — check via script</E1>
  </check_results>
  <issues_found>none</issues_found>
</audit>
```

### AUDIT COMPLETE
DEVIN_CLI_EXITED code=0
```xml
<audit>
  <analysis_result_key>2269783</analysis_result_key>
  <problem_id>deepmath_103k_00009336</problem_id>
  <audit_status>PASS_SELECTABLE</audit_status>
  <check_results>
    <A1>PASS: dimension1_verdict is DIRECTION_ERROR, a valid value</A1>
    <A2>PASS: dimension1_explanation is non-empty and well over 50 characters</A2>
    <A3>PASS: dimension2_turning_point_type is "other", a valid value in the allowed list</A3>
    <A4>PASS: dimension2_explanation is non-empty and well over 50 characters</A4>
    <A5>PASS: ai_direction_summary is non-empty and describes the AI's actual direction</A5>
    <A6>PASS: standard_solution_key_technique is non-empty and specific</A6>
    <B1>PASS: no XML tag leaks found in either explanation</B1>
    <B2>PASS: no template placeholder leaks found in either explanation</B2>
    <B3>PASS: both explanations are far longer than 50 characters</B3>
    <C1>PASS: d1=DIRECTION_ERROR and d2 has a value, consistent</C1>
    <C2>PASS: d1_exp describes the AI going in a completely wrong direction (unrelated algebraic number theory), matching the DIRECTION_ERROR label</C2>
    <C3>PASS: d2_exp describes a real analysis/calculus technique (term-by-term Lipschitz analysis) which correctly falls under "other" rather than any mod_p category</C3>
    <D1>PASS: d1_exp is over 100 characters and contains action verb "used" (and describes the AI never considering the correct approach)</D1>
    <D2>PASS: d2_exp is over 100 characters and contains mathematical terms (Lipschitz, derivative, summable, π²/6)</D2>
    <D3>PASS: ai_direction_summary describes the specific wrong direction (CM elliptic curves, centralizers in GL_2(Z/NZ)) rather than just "the AI failed"</D3>
    <D4>PASS: standard_solution_key_technique describes the specific technique (term-by-term derivative analysis, summability of Σ1/k²) rather than a generic statement</D4>
    <E1>UNKNOWN — check via script</E1>
  </check_results>
  <issues_found>none</issues_found>
</audit>
```

### AUDIT COMPLETE
DEVIN_CLI_EXITED code=0
