Looking at this problem, I need to find all primes appearing in 7+ triples (p,q,r) of primes where px²+qx+r=0 has a rational root.

**Answer-leak check:** The problem text contains no solutions, hints, or leaked answers. Proceeding.

## Proof

**Step 1: Characterize S via the Rational Root Theorem.**

For px²+qx+r=0 with p,q,r prime, any rational root a/b (in lowest terms, b>0) satisfies a | r and b | p. Since p,r are prime: a ∈ {±1, ±r}, b ∈ {1, p}, giving 8 candidate roots. Checking each:

- **x = 1:** p+q+r=0 — impossible (all positive).
- **x = −1:** p−q+r=0 ⟹ **q = p+r**.
- **x = r:** r(pr+q+1)=0 — impossible.
- **x = −r:** r(pr−q+1)=0 ⟹ q = pr+1. If p is odd, pr+1 is even, so q=2, forcing pr=1 — impossible. Thus **p=2, q=2r+1**.
- **x = 1/p:** (1+q+rp)/p=0 — impossible.
- **x = −1/p:** (1−q+rp)/p=0 ⟹ q=rp+1 — same as x=−r case.
- **x = r/p:** r(r+q+p)/p=0 — impossible.
- **x = −r/p:** r(r−q+p)/p=0 ⟹ q=r+p — same as x=−1 case.

So **S = Type A ∪ Type B** where:
- **Type A:** (p, p+r, r) with p,r primes and p+r prime.
- **Type B:** (2, 2r+1, r) with r prime and 2r+1 prime.

These are disjoint: if p+r=2r+1 with p=2, then r=1, not prime.

**Step 2: Count triples containing an odd prime ℓ.**

For Type A with ℓ as p: (ℓ, ℓ+r, r) needs ℓ+r prime. Since ℓ is odd, ℓ+r is even for odd r, so r=2 and ℓ+2 must be prime. → **at most 1 triple.**

For Type A with ℓ as r: (p, p+ℓ, ℓ) needs p+ℓ prime. Similarly p=2, ℓ+2 prime. → **at most 1 triple.**

For Type A with ℓ as q: (p, ℓ, r) with p+r=ℓ. Since ℓ is odd, one of p,r is 2:
- (2, ℓ, ℓ−2) if ℓ−2 prime, and (ℓ−2, ℓ, 2) if ℓ−2 prime. → **at most 2 triples.**

For Type B with ℓ as r: (2, 2ℓ+1, ℓ) if 2ℓ+1 prime. → **at most 1 triple.**

For Type B with ℓ as q: (2, ℓ, (ℓ−1)/2) if (ℓ−1)/2 is prime. → **at most 1 triple.**

**Total for any odd prime: at most 6 triples.**

This bound is achieved only by ℓ=5 (the unique odd prime where both ℓ−2=3 and ℓ+2=7 are prime — among three consecutive odd numbers, one is divisible by 3, so both ℓ±2 prime forces ℓ=5):

(5,7,2), (2,7,5), (2,5,3), (3,5,2), (2,11,5), (2,5,2) — exactly **6 triples**.

For every other odd prime, at most one of {ℓ−2, ℓ+2} is prime (since both being prime forces ℓ=5), giving at most 4 triples. **No odd prime reaches 7.**

**Step 3: Count triples containing 2.**

From Type A (2 as p): (2, r+2, r) for each odd prime r with r+2 prime — i.e., each twin-prime pair (r, r+2).

From Type A (2 as r): (p, p+2, 2) for each odd prime p with p+2 prime — same twin-prime pairs.

From Type B (2 as p): (2, 2r+1, r) for each prime r with 2r+1 prime — Sophie Germain primes.

No overlaps exist between these families (verified: (2, r+2, r) = (2, 2s+1, s) would force r=1; (p, p+2, 2) = (2, 2s+1, s) would force 4=5).

The first few twin-prime pairs: (3,5), (5,7), (11,13), (17,19), (29,31), (41,43), (59,61), (71,73) — already 8 pairs, giving **16 triples** from Type A alone. Adding Type B triples (r=2,3,5,11,23,29,41,53,...) yields well over 7.

**Conclusion:** The prime **2** appears in seven or more elements of S, and it is the only such prime.

### PROOF COMPLETE
DEVIN_CLI_EXITED code=0
