## 解答

**答案泄漏检查：** 问题文本中不包含任何泄漏的答案、解决方案或形式化说明。开始解答。

---

**问题重述。** 定义 $a_{n+1} = a_n + L(a_n)$，其中 $L(a_n) \in \{1,\dots,9\}$ 是 $a_n$ 的最后一位数字（根据严格递增的假设，排除了 $L=0$ 的情况）。如果对于**每一个**有效的起始值 $a$，序列 $(a_n)$ 包含**无穷多个** $d$ 的倍数，则称 $d>1$ 为通用除数 (Universal Divisor)。设 $S$ 为所有通用除数的集合；求 $S$ 中所有小于 10 的元素之和。

---

**步骤 1：最后一位数字的动态变化。**

如果当前最后一位数字为 $r$，则 $a_{n+1} = a_n + r$，且 $a_{n+1}$ 的新最后一位数字为 $(r + r) \bmod 10 = 2r \bmod 10$。因此，最后一位数字的演变由 $r \mapsto 2r \bmod 10$ 控制。

从每个 $r \in \{0,\dots,9\}$ 开始追踪：
- $0 \to 0$：禁止（$L=0$，非严格递增）。
- $5 \to 0$：禁止（下一步 $L=0$）。
- $1 \to 2 \to 4 \to 8 \to 6 \to 2 \to \cdots$：进入循环 $(2,4,8,6)$。
- $2 \to 4 \to 8 \to 6 \to 2 \to \cdots$：循环。
- $3 \to 6 \to 2 \to 4 \to 8 \to 6 \to \cdots$：进入循环。
- $4 \to 8 \to 6 \to 2 \to \cdots$：循环。
- $6 \to 2 \to 4 \to 8 \to 6 \to \cdots$：循环。
- $7 \to 4 \to 8 \to 6 \to 2 \to \cdots$：进入循环。
- $8 \to 6 \to 2 \to 4 \to 8 \to \cdots$：循环。
- $9 \to 8 \to 6 \to 2 \to 4 \to \cdots$：进入循环。

因此，有效的起始最后一位数字恰好为 $\{1,2,3,4,6,7,8,9\}$，且每个序列在**最多一步**内都会进入循环 $(2,4,8,6)$。

---

**步骤 2：循环结构。**

一旦进入循环，最后一位数字将循环 $2, 4, 8, 6, 2, 4, 8, 6, \dots$。设 $V$ 为序列中处于循环状态时**第一个**最后一位数字为 $2$ 的值。则四个循环值为：

$$V,\quad V+2,\quad V+6,\quad V+14,$$

对应于最后一位数字 $2, 4, 8, 6$，并且在 $4$ 步后该模式以 $V+20$ 重复（因为 $2+4+8+6 = 20$）。因此，一旦进入循环：

$$a_{n+4} = a_n + 20.$$

序列最终取到的值的集合为 $\{V + 20k + c : k \ge 0,\; c \in \{0, 2, 6, 14\}\}$。

关键在于，$V$ 的最后一位数字为 $2$，因此 $V \equiv 2 \pmod{10}$。反之，通过选择起始值 $a = 10m + 2$（最后一位数字为 $2$），我们得到 $V = a = 10m+2$，所以 $V$ 可以是任何满足 $\equiv 2 \pmod{10}$ 且 $\ge 2$ 的值。

---

**步骤 3：整除性准则。**

固定 $d$ 并设 $g = \gcd(20, d)$。模 $d$ 下，集合 $\{20k \bmod d : k \ge 0\}$ 是由 $20$ 生成的子群，即 $g\mathbb{Z}/d\mathbb{Z} = \{0, g, 2g, \dots, d-g\}$。序列最终取到的所有剩余类模 $d$ 为：

$$\bigcup_{c \in \{0,2,6,14\}} \bigl(V + c + g\mathbb{Z}\bigr) \bmod d.$$

当且仅当对于某个 $c \in \{0,2,6,14\}$，存在 $V + c \equiv 0 \pmod{g}$ 时，剩余类 $0$ 出现，即：

$$V \equiv -c \pmod{g} \quad \text{对于某个 } c \in \{0, 2, 6, 14\}. \tag{$\star$}$$

$d$ 是通用除数当且仅当 $(\star)$ 对**所有**有效的起始值成立，即，对所有 $V \equiv 2 \pmod{10}$ 成立。

---

**步骤 4：评估每个候选 $d \in \{2,3,4,5,6,7,8,9\}$。**

对于每个 $d$，计算 $g = \gcd(20,d)$，集合 $\{-c \bmod g : c \in \{0,2,6,14\}\}$，并检查是否所有 $V \equiv 2 \pmod{10}$ 都满足 $(\star)$。

| $d$ | $g$ | $\{-c \bmod g\}$ | $V \bmod g$ (因为 $V\equiv 2\pmod{10}$) | 通用? |
|-----|-----|-------------------|------------------------------------------|-----------|
| 2 | 2 | $\{0\}$ | $V$ 为偶数，所以 $V\equiv 0$ | ✓ |
| 3 | 1 | $\{0\}$ | 所有 $V$ (平凡) | ✓ |
| 4 | 4 | $\{0, 2\}$ | $V=10k+2 \Rightarrow V\bmod 4 \in\{0,2\}$ | ✓ |
| 5 | 5 | $\{0,1,3,4\}$ | $V\equiv 2\pmod 5 \notin\{0,1,3,4\}$ | ✗ |
| 6 | 2 | $\{0\}$ | $V$ 为偶数，所以 $V\equiv 0$ | ✓ |
| 7 | 1 | $\{0\}$ | 所有 $V$ (平凡) | ✓ |
| 8 | 4 | $\{0,2\}$ | $V\bmod 4\in\{0,2\}$ | ✓ |
| 9 | 1 | $\{0\}$ | 所有 $V$ (平凡) | ✓ |

**详细说明：**

- **$d=2,6$ ($g=2$)：** 所有 $c$ 均为偶数，所以 $-c\equiv 0\pmod 2$。需要 $V\equiv 0\pmod 2$。由于 $V\equiv 2\pmod{10}$，$V$ 是偶数。 ✓

- **$d=3,7,9$ ($g=1$)：** 条件是平凡的——模 $d$ 的所有剩余类都会被取到。 ✓

- **$d=4,8$ ($g=4$)：** $-c \bmod 4$ 对于 $c\in\{0,2,6,14\}$ 为 $\{0,2,2,2\} = \{0,2\}$。需要 $V\equiv 0$ 或 $2 \pmod 4$。由于 $V = 10k+2$，$V \bmod 4 = (2k+2)\bmod 4 \in \{0, 2\}$。 ✓

- **$d=5$ ($g=5$)：** $-c \bmod 5$ 对于 $c\in\{0,2,6,14\}$ 为 $\{0,3,4,1\}$。需要 $V \in \{0,1,3,4\}\pmod 5$。但是 $V\equiv 2\pmod{10}$ 迫使 $V\equiv 2\pmod 5$，这**不在** $\{0,1,3,4\}$ 中。 ✗

---

**步骤 5：对 $d=5$ 的具体验证。**

从 $a=2$ 开始：序列为 $2, 4, 8, 16, 22, 24, 28, 36, 42, \dots$。模 $5$：$2, 4, 3, 1, 2, 4, 3, 1, 2, \dots$ —— 周期为 $\{1,2,3,4\}$，从不包含 $0$。确认 $d=5$ 不是通用的。

---

**步骤 6：结论。**

小于 $10$ 的通用除数为 $S \cap \{2,\dots,9\} = \{2, 3, 4, 6, 7, 8, 9\}$。它们的和为：

$$2 + 3 + 4 + 6 + 7 + 8 + 9 = \boxed{39}.$$

### PROOF COMPLETE
DEVIN_CLI_EXITED code=0
