Looking at this problem, I need to show that $\int_{0}^{\infty} \sin^2\!\bigl[\pi\bigl(x+\tfrac{1}{x}\bigr)\bigr]\,dx$ diverges.

**Answer-leak check:** The problem statement contains only the problem and constraints — no solution, solution sketch, or answer is embedded. No leak detected.

---

## Proof

**Key identity.** Using $\sin^2\theta = \frac{1-\cos(2\theta)}{2}$, we write

$$
\sin^2\!\Bigl[\pi\Bigl(x+\frac{1}{x}\Bigr)\Bigr] = \frac{1 - \cos\!\bigl[2\pi\bigl(x+\frac{1}{x}\bigr)\bigr]}{2}.
$$

Hence for every $R>0$,

$$
\int_0^R \sin^2\!\Bigl[\pi\Bigl(x+\frac{1}{x}\Bigr)\Bigr]\,dx \;=\; \frac{R}{2} \;-\; \frac{1}{2}\int_0^R \cos\!\bigl[2\pi\bigl(x+\tfrac{1}{x}\bigr)\bigr]\,dx. \tag{$*$}
$$

The term $\frac{R}{2}\to+\infty$. It remains to show that the oscillatory integral

$$
I \;=\; \int_0^\infty \cos\!\bigl[2\pi\bigl(x+\tfrac{1}{x}\bigr)\bigr]\,dx
$$

**converges** to a finite value. Then ($*$) $\to +\infty$, proving divergence.

---

### Convergence of $I$

Set $\phi(x)=2\pi\bigl(x+\frac{1}{x}\bigr)$, so $\phi'(x)=2\pi\bigl(1-\frac{1}{x^2}\bigr)$ and $\phi''(x)=\frac{4\pi}{x^3}$.

**Split:** $I = \int_0^1 + \int_1^\infty$.

---

**(A) The integral over $(0,1]$: absolute convergence via substitution.**

Substitute $x = 1/t$, $dx = -dt/t^2$; as $x:0^+\!\to 1$, $t:\infty\to 1$:

$$
\int_0^1 \cos[\phi(x)]\,dx = \int_1^\infty \frac{\cos\!\bigl[2\pi\bigl(t+\frac{1}{t}\bigr)\bigr]}{t^2}\,dt.
$$

Since $\bigl|\cos\bigr|\le 1$ and $\int_1^\infty t^{-2}\,dt = 1<\infty$, this converges **absolutely**. $\checkmark$

---

**(B) The integral over $[1,\infty)$: convergence via integration by parts.**

The only zero of $\phi'$ on $[1,\infty)$ is at $x=1$ (a stationary-phase point). On $[1,2]$ the integrand is bounded and the interval is finite, so $\int_1^2\cos[\phi(x)]\,dx$ is finite. It remains to handle $[2,\infty)$.

For $x\ge 2$: $\phi'(x)=2\pi\bigl(1-\frac{1}{x^2}\bigr)\ge 2\pi\cdot\frac{3}{4}=\frac{3\pi}{2}>0$, and $\phi'$ is increasing. Write

$$
\cos[\phi(x)] = \frac{1}{\phi'(x)}\,\frac{d}{dx}\sin[\phi(x)].
$$

Integrating by parts on $[2,R]$:

$$
\int_2^R \cos[\phi(x)]\,dx = \Bigl[\frac{\sin[\phi(x)]}{\phi'(x)}\Bigr]_2^R - \int_2^R \sin[\phi(x)]\,\frac{d}{dx}\!\Bigl(\frac{1}{\phi'(x)}\Bigr)\,dx. \tag{$**$}
$$

**Boundary term.** $\bigl|1/\phi'(x)\bigr|\le \frac{2}{3\pi}$ for $x\ge 2$, so $\Bigl[\frac{\sin[\phi(x)]}{\phi'(x)}\Bigr]_2^R$ stays bounded as $R\to\infty$ (in fact it converges, since $1/\phi'(x)\to\frac{1}{2\pi}$).

**Remaining integral.** A direct computation gives

$$
\frac{d}{dx}\Bigl(\frac{1}{\phi'(x)}\Bigr) = \frac{-1}{\pi\,x^3\bigl(1-\frac{1}{x^2}\bigr)^2}.
$$

For $x\ge 2$, $\bigl(1-\frac{1}{x^2}\bigr)^2\ge\bigl(\frac{3}{4}\bigr)^2=\frac{9}{16}$, so

$$
\Bigl|\frac{d}{dx}\Bigl(\frac{1}{\phi'(x)}\Bigr)\Bigr| \;\le\; \frac{16}{9\pi}\,\frac{1}{x^3}.
$$

Since $\int_2^\infty x^{-3}\,dx<\infty$, the integral on the right of ($**$) converges **absolutely**. Hence $\int_2^\infty\cos[\phi(x)]\,dx$ converges. $\checkmark$

Combining (A) and (B), $I=\int_0^\infty\cos[\phi(x)]\,dx$ converges to a finite real number $L$.

---

### Conclusion

Returning to ($*$):

$$
\int_0^R \sin^2\!\Bigl[\pi\Bigl(x+\frac{1}{x}\Bigr)\Bigr]\,dx \;=\; \frac{R}{2} \;-\; \frac{1}{2}\underbrace{\int_0^R \cos\!\bigl[2\pi\bigl(x+\tfrac{1}{x}\bigr)\bigr]\,dx}_{\to\, L\,\in\,\mathbb{R}} \;\xrightarrow[R\to\infty]{}\; +\infty.
$$

(The integral over $(0,1]$ is harmless: $0\le\sin^2\le 1$ gives $\int_0^1\sin^2[\cdots]\,dx\le 1<\infty$; all divergence comes from the upper limit.)

Therefore $\displaystyle\int_{0}^{\infty}\sin^2\!\Bigl[\pi\Bigl(x+\frac{1}{x}\Bigr)\Bigr]\,dx$ **diverges** (to $+\infty$). $\blacksquare$

### PROOF COMPLETE
DEVIN_CLI_EXITED code=0
