Looking at this problem, I need to analyze the function $f(a,b) = \gcd(a^2+b^2+2,\, a^2b^2+3)$ and determine what values the final vial can take, then count perfect squares among them.

## Key Algebraic Identity

I first establish a useful reformulation. Since
$$a^2b^2 + 3 = a^2(a^2+b^2+2) - (a^2+3)(a^2-1),$$
we get:
$$f(a,b) = \gcd\!\big(a^2+b^2+2,\;(a^2-1)(a^2+3)\big).$$

## Divisibility by 3 — The Critical Prime

**Lemma 1.** $3 \mid f(a,b)$ if and only if exactly one of $a, b$ is divisible by $3$.

*Proof.* Working mod 3, squares are $\{0,1\}$.

- **Both divisible by 3:** $a^2+b^2+2 \equiv 0+0+2 \equiv 2 \pmod{3}$, so $3 \nmid f$.
- **Neither divisible by 3:** $a^2+b^2+2 \equiv 1+1+2 \equiv 1 \pmod{3}$, so $3 \nmid f$.
- **Exactly one divisible by 3** (say $3\mid a$, $3\nmid b$): $a^2+b^2+2 \equiv 0+1+2 \equiv 0 \pmod{3}$ and $a^2b^2+3 \equiv 0+0 \equiv 0 \pmod{3}$, so $3 \mid f$. $\square$

**Lemma 2.** When exactly one of $a,b$ is divisible by $3$, we have $v_3(f(a,b)) = 1$ (exactly one factor of 3, never more).

*Proof.* WLOG $3 \mid a$, $3 \nmid b$. Write $a = 3k$.

**Valuation of $a^2b^2+3$:** $a^2b^2 + 3 = 9k^2b^2 + 3 = 3(3k^2b^2 + 1)$. Since $3k^2b^2 + 1 \equiv 1 \pmod{3}$, we get $v_3(a^2b^2+3) = 1$.

**Valuation of $a^2+b^2+2$:** Since $9 \mid a^2$, we have $a^2+b^2+2 \equiv b^2+2 \pmod{9}$. With $b^2 \pmod{9} \in \{1,4,7\}$, we get $b^2+2 \pmod{9} \in \{3,6,0\}$, so $v_3(a^2+b^2+2) \geq 1$.

Therefore:
$$v_3(f(a,b)) = \min\!\big(v_3(a^2+b^2+2),\; v_3(a^2b^2+3)\big) = \min\!\big(\geq 1,\; 1\big) = 1. \quad\square$$

**Lemma 3.** At every stage of the process, every intermediate value has $v_3 \in \{0, 1\}$.

*Proof.* By Lemmas 1–2, $f(a,b)$ always has $v_3 \in \{0, 1\}$ regardless of inputs. The initial values $\{1,\dots,100\}$ all have finite $v_3$, and after any combination the result has $v_3 \in \{0,1\}$. $\square$

## The XOR Invariant

Define $\chi(x) = \mathbf{1}[3 \mid x]$. By Lemma 1:
$$\chi(f(a,b)) = \chi(a) \oplus \chi(b).$$

This is the **XOR** operation, which is associative and commutative. When we replace $a, b$ with $f(a,b)$, the total XOR $\bigoplus$ of all $\chi$-values on the shelf is **invariant**:
$$\chi(a) \oplus \chi(b) \oplus (\text{rest}) \;\longrightarrow\; \chi(f(a,b)) \oplus (\text{rest}) = \chi(a) \oplus \chi(b) \oplus (\text{rest}).$$

**Initial XOR:** Among $\{1, 2, \ldots, 100\}$, the multiples of $3$ are $3, 6, 9, \ldots, 99$ — exactly **33** values. Since $33$ is **odd**:
$$\chi(1) \oplus \chi(2) \oplus \cdots \oplus \chi(100) = \underbrace{1 \oplus 1 \oplus \cdots \oplus 1}_{33} = 1.$$

**Final value:** After 99 operations, one vial remains with $\chi(\text{final}) = 1$, meaning $3 \mid \text{final}$. By Lemma 3, $v_3(\text{final}) = 1$.

## Conclusion

**Every** element of $S$ has $v_3 = 1$ (exactly one factor of 3). A perfect square requires **all** prime valuations to be **even**. Since $v_3 = 1$ is **odd**, no element of $S$ can be a perfect square.

**Verification with small cases:**
- $\{1,2,3\}$: $S = \{3, 12\}$, both have $v_3 = 1$. ✓
- $\{1,2,3,4\}$: $S = \{3, 12, 147\}$, all have $v_3 = 1$ (since $147 = 3 \times 7^2$). ✓

The total number of elements in $S$ that are perfect squares is:

$$\boxed{0}$$

### PROOF COMPLETE
DEVIN_CLI_EXITED code=0
