## Proof

Let $M = \|f\|_\infty$. If $f = 0$ a.e., then $M = 0$ and $\alpha_n = 0$ for all $n \geq 1$; the statement holds trivially. Hence we assume $\mu(\{|f|>0\}) > 0$, so $M > 0$ and $\alpha_n > 0$ for all $n \geq 0$ (in particular $\alpha_0 = \mu(X) > 0$).

**Step 1 (Upper bound).** Since $|f| \leq M$ a.e., we have $|f|^{n+1} \leq M\,|f|^n$ a.e., hence
$$\alpha_{n+1} = \int_X |f|^{n+1}\,d\mu \leq M\int_X |f|^n\,d\mu = M\,\alpha_n.$$
Setting $r_n := \alpha_{n+1}/\alpha_n$, we obtain $r_n \leq M$ for all $n \geq 0$.

**Step 2 (Monotonicity of $r_n$).** We claim $(r_n)$ is non-decreasing. By the Cauchy–Schwarz inequality applied to $|f|^{n/2}$ and $|f|^{(n+2)/2}$:
$$\alpha_{n+1}^2 = \left(\int_X |f|^{n/2}\cdot|f|^{(n+2)/2}\,d\mu\right)^{\!2} \leq \left(\int_X |f|^n\,d\mu\right)\!\left(\int_X |f|^{n+2}\,d\mu\right) = \alpha_n\,\alpha_{n+2}.$$
Dividing by $\alpha_n\,\alpha_{n+1} > 0$ yields $r_n \leq r_{n+1}$.

Since $(r_n)$ is non-decreasing and bounded above by $M$, it converges to some limit $L \leq M$.

**Step 3 ($\alpha_n^{1/n} \to M$).** We establish this standard fact.

*Upper bound:* $\alpha_n \leq M^n\,\mu(X)$, so $\alpha_n^{1/n} \leq M\,\mu(X)^{1/n} \to M$ (using $\mu(X) < \infty$).

*Lower bound:* For any $\varepsilon \in (0, M)$, set $A_\varepsilon = \{|f| \geq M - \varepsilon\}$. By definition of the essential supremum, $\mu(A_\varepsilon) > 0$. Then
$$\alpha_n \geq \int_{A_\varepsilon} |f|^n\,d\mu \geq (M-\varepsilon)^n\,\mu(A_\varepsilon),$$
so $\alpha_n^{1/n} \geq (M-\varepsilon)\,\mu(A_\varepsilon)^{1/n} \to M - \varepsilon$.

Since $\varepsilon > 0$ is arbitrary, $\liminf \alpha_n^{1/n} \geq M$. Combined with the upper bound, $\alpha_n^{1/n} \to M$.

**Step 4 ($L = M$).** Since $\alpha_n = \alpha_0\prod_{k=0}^{n-1} r_k = \mu(X)\prod_{k=0}^{n-1} r_k$ and $r_k \leq L$ for all $k$ (as $r_k \uparrow L$):
$$\alpha_n \leq \mu(X)\,L^n \implies \alpha_n^{1/n} \leq \mu(X)^{1/n}\,L \to L,$$
so $\limsup\, \alpha_n^{1/n} \leq L$.

Conversely, for any $\varepsilon > 0$ there exists $N$ with $r_k > L - \varepsilon$ for all $k \geq N$. For $n > N$:
$$\alpha_n \geq \mu(X)\!\left(\prod_{k=0}^{N-1} r_k\right)\!(L-\varepsilon)^{n-N} = C\,(L-\varepsilon)^{n-N},$$
where $C = \mu(X)\prod_{k=0}^{N-1} r_k > 0$ (each factor is positive). Thus
$$\alpha_n^{1/n} \geq C^{1/n}\,(L-\varepsilon)^{1-N/n} \to L - \varepsilon.$$
Since $\varepsilon > 0$ is arbitrary, $\liminf\, \alpha_n^{1/n} \geq L$.

Therefore $\alpha_n^{1/n} \to L$. By Step 3, $\alpha_n^{1/n} \to M$, so $L = M$.

**Conclusion.** The sequence $r_n = \alpha_{n+1}/\alpha_n$ is non-decreasing and converges to $L = M = \|f\|_\infty$:
$$\lim_{n\to\infty}\frac{\alpha_{n+1}}{\alpha_n} = \|f\|_\infty. \qquad \blacksquare$$

### PROOF COMPLETE
DEVIN_CLI_EXITED code=0
