Looking at this problem, I need to find the sum of the first 2012 natural numbers whose binary representation has an even number of 1s.

**Answer Leak Check:** The problem text contains no leaked answers, solutions, or proof sketches. Proceeding to solve.

---

## Proof

**Definition.** A natural number $n$ is *Secure* if its binary representation contains an even number of 1s. The number $0$ has binary $0_2$ with $0$ ones (even), so $0$ is Secure and is the smallest Secure natural number. The Secure sequence begins $0, 3, 5, 6, 9, 10, 12, 15, 17, 18, 20, 23, \ldots$

### Key Lemma

**Lemma.** For $k \ge 1$, in the interval $[0, 2^k - 1]$:
- The count of numbers with even popcount is $2^{k-1}$.
- The count of numbers with odd popcount is $2^{k-1}$.
- For $k \ge 2$, the sum of all even-popcount numbers is $(2^k - 1)\cdot 2^{k-2}$, and likewise for odd-popcount (by symmetry, since both sums equal half the total $\frac{1}{2}\cdot 2^{k-1}(2^k-1)$).

*Proof of count:* By induction on $k$. Base $k=1$: $[0,1]$ has $0$ (even) and $1$ (odd). For the step, $[0,2^k-1] = [0,2^{k-1}-1] \cup [2^{k-1}, 2^k-1]$. Each number $n$ in the upper half equals $2^{k-1} + m$ with $m \in [0, 2^{k-1}-1]$, and $\text{popcount}(n) = 1 + \text{popcount}(m)$, flipping the parity. So even-popcount count in $[0,2^k-1]$ = (even in lower) + (odd in lower) $= 2^{k-2}+2^{k-2} = 2^{k-1}$.

*Proof of sum:* For bit position $j$ ($0 \le j \le k-1$), the number of even-popcount numbers in $[0,2^k-1]$ with bit $j$ set is $2^{k-2}$ (fix bit $j=1$; remaining $k-1$ bits need odd popcount: $2^{k-2}$ choices). Summing over all $j$: $\sum_{j=0}^{k-1} 2^j \cdot 2^{k-2} = 2^{k-2}(2^k - 1)$. $\square$

### Recursive Reduction

To find the $N$ smallest numbers with popcount parity $p$ in $[0, 2^k - 1]$:
- The lower half $[0, 2^{k-1}-1]$ contains $2^{k-2}$ such numbers (for $k \ge 2$).
- If $N \le 2^{k-2}$: all lie in the lower half; reduce to $[0, 2^{k-1}-1]$ with the same parity.
- If $N > 2^{k-2}$: take all $2^{k-2}$ from the lower half, plus $N - 2^{k-2}$ from the upper half. Upper-half numbers $2^{k-1}+m$ have **opposite** parity to $m$, so we need the $(N - 2^{k-2})$ smallest numbers with parity $1-p$ in $[0, 2^{k-1}-1]$.

**Sum formula:** $\text{Sum} = \text{(sum of all parity-}p\text{ in lower half)} + (N - 2^{k-2})\cdot 2^{k-1} + \text{(sum of }(N-2^{k-2})\text{ smallest parity-}(1{-}p)\text{ in lower half)}$.

### Computing the First 2012 Secure Numbers

Since $2^{10} = 1024 < 2012 < 2048 = 2^{11}$, the first 2012 Secure numbers lie within $[0, 2^{12}-1] = [0, 4095]$.

**Step 1.** In $[0, 2047]$ ($k=11$): there are $2^{10} = 1024$ Secure numbers with sum $(2048-1)\cdot 2^9 = 2047 \cdot 512 = 1{,}048{,}064$.

We need $2012 - 1024 = 988$ more from $[2048, 4095]$. A number $n = 2048 + m$ ($m \in [0, 2047]$) is Secure iff $\text{popcount}(m)$ is **odd**. So we need the **988 smallest odd-popcount** numbers in $[0, 2047]$.

**Step 2.** Recursively find the 988 smallest odd-popcount numbers in $[0, 2047]$ ($k=11$):

| Range | $k$ | Parity | In lower half | Need | From upper half |
|-------|-----|--------|---------------|------|-----------------|
| $[0,2047]$ | 11 | odd | 512 | 988 | 476, need even in $[0,1023]$ |
| $[0,1023]$ | 10 | even | 256 | 476 | 220, need odd in $[0,511]$ |
| $[0,511]$ | 9 | odd | 128 | 220 | 92, need even in $[0,255]$ |
| $[0,255]$ | 8 | even | 64 | 92 | 28, need odd in $[0,127]$ |
| $[0,127]$ | 7 | odd | 32 | 28 | 0 (all in lower half $[0,63]$) |
| $[0,63]$ | 6 | odd | 16 | 28 | 12, need even in $[0,31]$ |
| $[0,31]$ | 5 | even | 8 | 12 | 4, need odd in $[0,15]$ |
| $[0,15]$ | 4 | odd | 8 | 4 | 0 (all in lower half $[0,7]$) |

**Base case:** The 4 smallest odd-popcount numbers in $[0, 7]$: $1_{(001)}, 2_{(010)}, 4_{(100)}, 7_{(111)}$. Sum $= 14$.

**Back-substitution** (using sum of all parity-$p$ in $[0, 2^j - 1]$ $= (2^j - 1)\cdot 2^{j-2}$):

| Quantity | Sum |
|----------|-----|
| 4 smallest odd-popcount in $[0,15]$ | $14$ |
| 12 smallest even-popcount in $[0,31]$ | $60 + 16\cdot4 + 14 = 138$ |
| 28 smallest odd-popcount in $[0,63]$ | $248 + 32\cdot12 + 138 = 770$ |
| 28 smallest odd-popcount in $[0,127]$ | $770$ (same, all in $[0,63]$) |
| 92 smallest even-popcount in $[0,255]$ | $4064 + 128\cdot28 + 770 = 8418$ |
| 220 smallest odd-popcount in $[0,511]$ | $16320 + 256\cdot92 + 8418 = 48290$ |
| 476 smallest even-popcount in $[0,1023]$ | $65408 + 512\cdot220 + 48290 = 226338$ |
| 988 smallest odd-popcount in $[0,2047]$ | $261888 + 1024\cdot476 + 226338 = 975650$ |

**Verification of intermediate sums:**
- $(2^4-1)\cdot 2^2 = 60$ ✓ &ensp; $(2^5-1)\cdot 2^3 = 248$ ✓ &ensp; $(2^7-1)\cdot 2^5 = 4064$ ✓
- $(2^8-1)\cdot 2^6 = 16320$ ✓ &ensp; $(2^9-1)\cdot 2^7 = 65408$ ✓ &ensp; $(2^{10}-1)\cdot 2^8 = 261888$ ✓

### Final Computation

$$\text{Sum} = \underbrace{1{,}048{,}064}_{\text{Secure in }[0,2047]} + \underbrace{988 \times 2048}_{\text{offset}} + \underbrace{975{,}650}_{\text{988 smallest odd-popcount in }[0,2047]}$$

$$= 1{,}048{,}064 + 2{,}023{,}424 + 975{,}650 = \boxed{4{,}047{,}138}$$

### PROOF COMPLETE
DEVIN_CLI_EXITED code=0
