## Proof

Let $A$ be an $n\times n$ real matrix with only real eigenvalues such that
$$A + A^{k} = A^{T} \tag{1}$$
for some integer $k\ge n$.

**Step 1. $A^{k}$ is skew-symmetric.**

Taking the transpose of (1) and using $(A^{T})^{k}=(A^{k})^{T}$ gives
$$A^{T} + (A^{T})^{k} = A. \tag{2}$$
From (1), $A^{k}=A^{T}-A$. From (2), $(A^{T})^{k}=A-A^{T}=-(A^{T}-A)=-A^{k}$. Since $(A^{T})^{k}=(A^{k})^{T}$, we obtain
$$(A^{k})^{T} = -A^{k}.$$
Hence $A^{k}$ is a real skew-symmetric matrix.

**Step 2. $A^{k}=0$.**

Let $\lambda_{1},\dots,\lambda_{n}$ be the eigenvalues of $A$ (real, by hypothesis, counted with algebraic multiplicity). Triangularizing $A$ over $\mathbb{C}$, the matrix $A^{k}$ is upper-triangular with diagonal entries $\lambda_{1}^{k},\dots,\lambda_{n}^{k}$; these are therefore the eigenvalues of $A^{k}$. Since each $\lambda_{i}$ is real, every eigenvalue of $A^{k}$ is real.

On the other hand, a real skew-symmetric matrix is normal, hence diagonalizable over $\mathbb{C}$, and its eigenvalues are purely imaginary (or $0$). Thus every eigenvalue of $A^{k}$ is both real and purely imaginary, so it is $0$. Being normal (skew-symmetric) and diagonalizable with all eigenvalues $0$, we conclude
$$A^{k}=0.$$

**Step 3. $A$ is symmetric, hence $A=0$.**

Substituting $A^{k}=0$ into (1) yields $A=A^{T}$, so $A$ is real symmetric and therefore diagonalizable with real eigenvalues. Since $A^{k}=0$, every eigenvalue $\lambda_{i}$ of $A$ satisfies $\lambda_{i}^{k}=0$, hence $\lambda_{i}=0$. A diagonalizable matrix whose eigenvalues are all $0$ is the zero matrix, so
$$A=0.$$

**Step 4. Verification.**

The zero matrix has only real eigenvalues (all $0$) and satisfies $0+0^{k}=0=0^{T}$ for every $k\ge n$. Thus it is admissible.

Therefore the only $n\times n$ real matrix with only real eigenvalues satisfying $A+A^{k}=A^{T}$ for some $k\ge n$ is the zero matrix.

### PROOF COMPLETE
DEVIN_CLI_EXITED code=0
