I'll solve this integral by completing the square in the exponent.

## Answer Leak Check

The problem text contains only the integral to evaluate—no solutions, sketches, or formalization notes. No leak detected. Proceeding.

## Solution

Let
$$I = \frac{e^{-N/2}}{2\pi N}\iint_{\mathbb{R}^2} \exp\!\left(-\frac{Q(x,y)}{2N}\right)\,dx\,dy, \qquad Q = x^2-2xy-2Ny+2y^2.$$

**Step 1: Identify the quadratic form.** Write $z=(x,y)^T$ and decompose $Q = z^T A z + c^T z$ with
$$A=\begin{pmatrix}1&-1\\-1&2\end{pmatrix},\qquad c=(0,-2N)^T.$$
Indeed $z^T A z = x^2-2xy+2y^2$ and $c^T z = -2Ny$.

**Step 2: Complete the square.** Set $A z_0 = -c/2 = (0,N)^T$. Since
$$A^{-1}=\frac{1}{\det A}\begin{pmatrix}2&1\\1&1\end{pmatrix},\qquad \det A = 2-1=1,$$
we get $z_0 = A^{-1}(0,N)^T = (N,N)^T$. Then
$$Q = (z-z_0)^T A (z-z_0) - z_0^T A z_0.$$
Check: $A z_0 = (N-N,\,-N+2N)^T=(0,N)^T$, and $z_0^T A z_0 = (N,N)(0,N)^T = N^2$. Hence
$$Q = (z-z_0)^T A (z-z_0) - N^2.$$

**Step 3: Simplify the exponent.**
$$-\frac{Q}{2N} = -\frac{(z-z_0)^T A (z-z_0)}{2N} + \frac{N}{2},$$
so
$$\exp\!\left(-\frac{Q}{2N}\right) = e^{N/2}\,\exp\!\left(-\frac{(z-z_0)^T A (z-z_0)}{2N}\right).$$

**Step 4: Evaluate the integral.** Substituting and shifting $u=z-z_0$ (a translation over $\mathbb{R}^2$ leaves the integral invariant):
$$I = \frac{e^{-N/2}\cdot e^{N/2}}{2\pi N}\iint_{\mathbb{R}^2}\exp\!\left(-\frac{u^T A u}{2N}\right)du = \frac{1}{2\pi N}\iint_{\mathbb{R}^2}\exp\!\left(-\frac{u^T A u}{2N}\right)du.$$

This is a standard Gaussian. With $\Sigma = N A^{-1}$ (so that $\frac{1}{2}u^T\Sigma^{-1}u = \frac{u^T A u}{2N}$) and $n=2$:
$$\iint_{\mathbb{R}^2}\exp\!\left(-\frac{u^T A u}{2N}\right)du = (2\pi)^{n/2}\sqrt{\det\Sigma} = 2\pi\sqrt{N^2\det(A^{-1})} = 2\pi\cdot\frac{N}{\sqrt{\det A}} = 2\pi N.$$

**Step 5: Conclude.**
$$I = \frac{1}{2\pi N}\cdot 2\pi N = 1.$$

## Answer

$$\boxed{1}$$

### PROOF COMPLETE
DEVIN_CLI_EXITED code=0
