## Solution

We determine the eigenvalues of the tight-binding Hamiltonian on an infinite one-dimensional lattice:

$$H = E_0 \sum_{m=-\infty}^{\infty}\bigl(|m\rangle\langle m+1| + \text{h.c.}\bigr).$$

### Step 1. Action of $H$ on a basis state

Expanding the Hermitian conjugate, $\text{h.c.} = |m+1\rangle\langle m|$, we get

$$H = E_0 \sum_{m}\bigl(|m\rangle\langle m+1| + |m+1\rangle\langle m|\bigr).$$

Acting on a basis ket $|n\rangle$:

$$H|n\rangle = E_0\bigl(|n+1\rangle + |n-1\rangle\bigr),$$

since the term $|m\rangle\langle m+1|$ contributes when $m+1=n$, i.e. $m=n-1$, giving $|n-1\rangle$; and $|m+1\rangle\langle m|$ contributes when $m=n$, giving $|n+1\rangle$.

### Step 2. Translation symmetry → Bloch ansatz

The Hamiltonian commutes with the lattice translation operator $T$, defined by $T|m\rangle = |m+1\rangle$. Hence $H$ and $T$ share simultaneous eigenstates. The eigenstates of $T$ are Bloch waves

$$|k\rangle = \sum_{m=-\infty}^{\infty} e^{ikm}\,|m\rangle,\qquad k\in[-\pi,\pi),$$

where $k$ is restricted to the first Brillouin zone (states with $k$ differing by $2\pi$ are identical). These states are $\delta$-normalized: $\langle k|k'\rangle = 2\pi\,\delta(k-k')$.

### Step 3. Apply $H$ to $|k\rangle$

$$H|k\rangle = E_0\sum_m e^{ikm}\bigl(|m+1\rangle + |m-1\rangle\bigr).$$

Reindexing ($m\to m-1$ in the first sum, $m\to m+1$ in the second):

$$H|k\rangle = E_0\sum_m \bigl(e^{ik(m-1)} + e^{ik(m+1)}\bigr)|m\rangle = E_0\bigl(e^{-ik}+e^{ik}\bigr)\sum_m e^{ikm}|m\rangle.$$

Using $e^{ik}+e^{-ik}=2\cos k$:

$$\boxed{H|k\rangle = 2E_0\cos k\;|k\rangle.}$$

### Step 4. Spectrum

Every $k\in[-\pi,\pi)$ labels an eigenstate, so the **eigenvalues are**

$$\boxed{E(k) = 2E_0\cos k,\qquad k\in[-\pi,\pi).}$$

As $k$ ranges over the Brillouin zone, $\cos k$ ranges over $[-1,1]$, so the spectrum is the **continuous band**

$$\boxed{E\in\bigl[-2|E_0|,\;2|E_0|\bigr].}$$

The spectrum is purely absolutely continuous (no bound states), reflecting the translational invariance of the infinite chain. Each energy in the interior of the band is doubly degenerate (corresponding to $k$ and $-k$), while the band edges $E=\pm 2|E_0|$ are non-degenerate (at $k=0$ and $k=\pi$, up to the sign of $E_0$).

### PROOF COMPLETE
DEVIN_CLI_EXITED code=0
