# Evaluation of $\prod_{p \text{ prime}} \frac{p}{p-1}$

## Answer

The infinite product **diverges to $+\infty$** (it does not converge to a finite value).

## Proof

**Step 1: Rewrite the product.** Observe that
$$
\frac{p}{p-1} = \frac{1}{1 - \frac{1}{p}},
$$
so
$$
\prod_{p \text{ prime}} \frac{p}{p-1} = \prod_{p \text{ prime}} \frac{1}{1 - p^{-1}}.
$$

**Step 2: Relate to the Euler product of the Riemann zeta function.** The Euler product representation states that for $\operatorname{Re}(s) > 1$,
$$
\zeta(s) = \sum_{n=1}^{\infty} \frac{1}{n^s} = \prod_{p \text{ prime}} \frac{1}{1 - p^{-s}}.
$$
Our product is precisely the formal value of this Euler product at $s = 1$:
$$
\prod_{p \text{ prime}} \frac{1}{1 - p^{-1}} = \zeta(1) \quad (\text{formally}).
$$

**Step 3: $\zeta(s)$ has a pole at $s = 1$.** The harmonic series $\sum_{n=1}^{\infty} \frac{1}{n}$ diverges, so $\zeta(1) = +\infty$. Moreover, $\zeta(s)$ has a simple pole at $s = 1$ with $\zeta(s) \sim \frac{1}{s-1}$ as $s \to 1^+$. Since the Euler product converges to $\zeta(s)$ for every $s > 1$, and $\zeta(s) \to +\infty$ as $s \to 1^+$, the partial products must grow without bound.

**Step 4: Quantitative confirmation via Mertens' third theorem.** To make the divergence explicit, consider the partial product over all primes $p \leq N$:
$$
P(N) := \prod_{\substack{p \leq N \\ p \text{ prime}}} \frac{1}{1 - \frac{1}{p}}.
$$
**Mertens' third theorem** (1874) states:
$$
\prod_{\substack{p \leq N \\ p \text{ prime}}} \left(1 - \frac{1}{p}\right) \sim \frac{e^{-\gamma}}{\ln N} \quad \text{as } N \to \infty,
$$
where $\gamma \approx 0.5772$ is the Euler–Mascheroni constant. Taking reciprocals:
$$
P(N) = \prod_{\substack{p \leq N \\ p \text{ prime}}} \frac{1}{1 - \frac{1}{p}} \sim e^{\gamma} \ln N \quad \text{as } N \to \infty.
$$

**Step 5: Conclusion.** Since $e^{\gamma} \ln N \to +\infty$ as $N \to \infty$, the partial products $P(N) \to +\infty$. Therefore the infinite product does not converge to a finite limit:
$$
\prod_{p \text{ prime}} \frac{p}{p-1} = +\infty.
$$

The product diverges. $\blacksquare$

### PROOF COMPLETE
DEVIN_CLI_EXITED code=0
