Looking at this problem, I need to compare the standard solution's approach with the AI's thinking process.

**Key observations:**

1. **The standard solution** uses a checkerboard (mod 2) coloring argument: each cross centered on a black square uses 1 black + 4 white squares, giving floor(32/4) = 8. It then constructs an arrangement of 8 crosses.

2. **The AI's thinking** was remarkably thorough and actually MORE rigorous than the standard solution:
   - It correctly showed the simple checkerboard argument allows up to 12 (with a=b=6), exposing that the standard solution's argument is incomplete
   - It showed 4-coloring also allows 12
   - It reduced the problem to placing points in a 6×6 grid with pairwise Manhattan distance ≥ 3
   - It proved the upper bound ≤ 9 via adjacent-row pairing (2+2 in adjacent rows is impossible)
   - It exhaustively showed 9 is NOT achievable through systematic case analysis
   - It constructed a valid arrangement of 8 crosses (verified all 28 pairwise distances ≥ 3)
   - It was in the process of finding a cleaner proof of the upper bound of 8 when the thinking was cut off

3. **The AI arrived at the correct answer (8)** with a valid construction and a correct (though exhaustive) proof that 9 is impossible. It simply ran out of tokens while trying to find a more elegant upper bound proof.

```xml
<analysis>
  <problem_id>polymath_00433</problem_id>
  <dimension1_verdict>TOKEN_LIMIT</dimension1_verdict>
  <dimension1_explanation>The AI was on the right track throughout — it correctly reduced the problem to a 6×6 grid with Manhattan distance ≥ 3, proved 9 is impossible via exhaustive case analysis, and constructed a valid arrangement of 8 crosses. It ran out of tokens while attempting to find a cleaner proof of the upper bound of 8, having already established the correct answer through a valid (if exhaustive) argument.</dimension1_explanation>
  <dimension2_turning_point_type>mod_p_grouping</dimension2_turning_point_type>
  <dimension2_explanation>The standard solution uses a checkerboard (mod 2) coloring argument: each cross centered on a black square covers 1 black and 4 white squares, yielding floor(32/4) = 8 as the upper bound. This is a mod-2 grouping/counting argument on the 8×8 board.</dimension2_explanation>
  <ai_direction_summary>The AI took a more rigorous combinatorial approach, reducing the problem to maximum independent set in a 6×6 grid under Manhattan distance ≥ 3, and proved the answer is 8 through exhaustive case analysis rather than a simple coloring argument.</ai_direction_summary>
  <standard_solution_key_technique>The standard solution uses a checkerboard (mod 2) coloring argument to bound the number of crosses by floor(32/4) = 8, then verifies an explicit construction of 8 crosses.</standard_solution_key_technique>
  <confidence>high</confidence>
</analysis>
```

### ANALYSIS COMPLETE
DEVIN_CLI_EXITED code=0
