## Answer Leak Check

No leaked answers, solutions, or solution sketches found in the problem text. Proceeding to solve.

## Solution

**Key observation: $f(1/y) = -f(y)$.**

By definition,
$$f(y) = \int_{1/y}^{y} e^{t+1/t}\,\frac{dt}{t}.$$

Replacing $y$ with $1/y$:
$$f(1/y) = \int_{y}^{1/y} e^{t+1/t}\,\frac{dt}{t} = -\int_{1/y}^{y} e^{t+1/t}\,\frac{dt}{t} = -f(y),$$
since the integrand is identical and only the limits of integration are swapped.

**Applying to the problem.** Define $g(x) = f(2^x)$. Then
$$g(-x) = f(2^{-x}) = f\!\left(\frac{1}{2^x}\right) = -f(2^x) = -g(x).$$

So $g(x) = f(2^x)$ is an **odd function** of $x$.

**Evaluating the integral.** Since $g$ is odd and the interval $[-1,1]$ is symmetric about the origin:
$$\int_{-1}^{1} f(2^x)\,dx = \int_{-1}^{1} g(x)\,dx = 0.$$

Explicitly, splitting and substituting $u = -x$ in the first piece:
$$\int_{-1}^{0} g(x)\,dx = \int_{0}^{1} g(-u)\,du = \int_{0}^{1} (-g(u))\,du = -\int_{0}^{1} g(u)\,du,$$
which cancels exactly with $\int_{0}^{1} g(x)\,dx$.

$$\boxed{\int_{-1}^{1} f(2^x)\,dx = 0}$$

### PROOF COMPLETE
DEVIN_CLI_EXITED code=0
