Looking at this problem, I need to evaluate $|D_{10}(g)|$ where $g(x_1,\ldots,x_{10}) = 1 + x_1 + x_1x_2 + x_1x_2x_3 + \cdots + x_1x_2\cdots x_{10} \pmod{2}$.

I interpret $D_{10}(g) = \{x \in \{0,1\}^{10} : g(x) = 1\}$, the support (ON-set) of $g$.

## Proof

**Setup.** Define $P_i = x_1 x_2 \cdots x_i$ for $i = 1,\ldots,10$, and $P_0 = 1$. Then
$$g(x) = \sum_{i=0}^{10} P_i \pmod{2}.$$

**Key observation.** For any input $x = (x_1, \ldots, x_{10})$, let $k$ denote the number of leading 1's, i.e., $k$ is the largest $j$ such that $x_1 = \cdots = x_j = 1$ (with $k = 0$ if $x_1 = 0$).

Then $P_i = 1$ if and only if $i \leq k$ (since $P_i = 1$ requires $x_1 = \cdots = x_i = 1$). Therefore:

- If $k < 10$: exactly $P_0, P_1, \ldots, P_k$ equal 1 (that's $k+1$ terms), so $g(x) = (k+1) \bmod 2$.
- If $k = 10$: all $P_0, \ldots, P_{10} = 1$ (that's 11 terms), so $g(x) = 11 \bmod 2 = 1$.

In both cases, $g(x) = 1$ if and only if $k$ is **even**.

**Verification at sample points:**
- $g(0,0,\ldots,0) = 1$ ✓ ($k=0$, even)
- $g(1,0,\ldots,0) = 1+1 = 0$ ✓ ($k=1$, odd)
- $g(1,1,0,\ldots,0) = 1+1+1 = 1$ ✓ ($k=2$, even)
- $g(1,1,1,0,\ldots,0) = 1+1+1+1 = 0$ ✓ ($k=3$, odd)
- $g(1,1,\ldots,1) = 11 \bmod 2 = 1$ ✓ ($k=10$, even)

**Counting inputs by $k$.** The number of inputs with exactly $k$ leading 1's is:
- $k = 0$: $x_1 = 0$, remaining 9 variables free → $2^9$
- $k = j$ for $1 \leq j \leq 9$: $x_1 = \cdots = x_j = 1$, $x_{j+1} = 0$, remaining $9-j$ variables free → $2^{9-j}$
- $k = 10$: all variables are 1 → $1$

**Summing over even $k$.** The values $k \in \{0, 2, 4, 6, 8, 10\}$ give $g = 1$:

$$|D_{10}(g)| = 2^9 + 2^7 + 2^5 + 2^3 + 2^1 + 1$$

$$= 512 + 128 + 32 + 8 + 2 + 1 = 683.$$

**Closed form.** We can verify:
$$2^9 + 2^7 + 2^5 + 2^3 + 2^1 = 2(2^8 + 2^6 + 2^4 + 2^2 + 1) = 2 \cdot \frac{2^{10}-1}{3} = \frac{2^{11}-2}{3}$$

$$|D_{10}(g)| = \frac{2^{11}-2}{3} + 1 = \frac{2^{11}+1}{3} = \frac{2049}{3} = 683.$$

**Sanity check.** The total number of inputs is $\sum_{k=0}^{10} (\text{count}) = 2^9 + 2^8 + \cdots + 2^0 + 1 = (2^{10}-1) + 1 = 2^{10} = 1024$. ✓

The inputs with $g = 0$ (odd $k$): $2^8 + 2^6 + 2^4 + 2^2 + 2^0 = 256 + 64 + 16 + 4 + 1 = 341$, and $683 + 341 = 1024$. ✓

## Answer

$$|D_{10}(g)| = \boxed{683}$$

### PROOF COMPLETE
DEVIN_CLI_EXITED code=0
