Error: Agent error: Permission denied: Permission denied: Reached overall message rate limit. Please try again later. Your limit will reset in 17 minutes. (trace ID: 12322aaa7c1f1e4933e8c7f979a9ddd8): {
  "cognition.ai/errorKind": "internal",
  "cognition.ai/retryable": true
}
DEVIN_CLI_EXITED code=1
```xml
<audit>
  <analysis_result_key>2271671</analysis_result_key>
  <problem_id>deepmath_103k_00031543</problem_id>
  <audit_status>FAIL_INCOMPLETE</audit_status>
  <check_results>
    <A1>PASS: dimension1_verdict is DIRECTION_ERROR, a valid non-empty value.</A1>
    <A2>PASS: dimension1_explanation is non-empty and well over 50 characters, describing the wrong-problem direction in detail.</A2>
    <A3>PASS: dimension2_turning_point_type is "other", a valid non-empty value, and d1=DIRECTION_ERROR requires d2 to be present.</A3>
    <A4>FAIL: dimension2_explanation is [null], empty and far below the 50-character minimum.</A4>
    <A5>PASS: ai_direction_summary is non-empty and describes the AI's actual (wrong) direction.</A5>
    <A6>PASS: standard_solution_key_technique is non-empty and describes the reciprocal substitution technique.</A6>
    <B1>PASS: dimension1_explanation contains no XML tag leaks; d2_explanation is null so nothing to leak.</B1>
    <B2>PASS: dimension1_explanation contains no template placeholder leaks like "1-3 sentences" or "ONE_OF:".</B2>
    <B3>FAIL: dimension2_explanation is null and thus shorter than the 50-character minimum.</B3>
    <C1>FAIL: d1=DIRECTION_ERROR requires d2 to have a value, but d2_explanation is null while d2_turning_point_type is set — inconsistent.</C1>
    <C2>PASS: dimension1_explanation describes the AI working on an entirely different problem, which semantically matches the DIRECTION_ERROR label.</C2>
    <C3>FAIL: dimension2_explanation is null so its consistency with dimension2_turning_point_type="other" cannot be verified.</C3>
    <D1>PASS: dimension1_explanation exceeds 100 characters and contains the action verb "exploring" (exploring an unrelated competition problem).</D1>
    <D2>FAIL: dimension2_explanation is null, so it is neither >= 100 characters nor contains a mathematical term.</D2>
    <D3>PASS: ai_direction_summary concretely describes the direction the AI took (permutation/cyclic-sum problem with small cases and extremal sequences).</D3>
    <D4>PASS: standard_solution_key_technique specifies the reciprocal substitution x = 1/t forcing I = 0, a concrete operable technique.</D4>
    <E1>UNKNOWN — check via script</E1>
  </check_results>
  <issues_found>dimension2_explanation is null (A4, B3, C1, C3, D2 all fail due to this single root cause); d2_turning_point_type is set to "other" but has no accompanying explanation, creating an internal inconsistency</issues_found>
</audit>
```

### AUDIT COMPLETE
DEVIN_CLI_EXITED code=0
