Looking at this problem, I need to compare the AI's thinking with the standard solution to determine why the AI failed.

**Standard solution's key approach:**
1. Lower bound: m=1 construction (one vertex far away) shows k ≥ 4900
2. Upper bound: For each of the 49 "green" (longest) diagonals AB, assign two "red" diagonals AC and CB via a pigeonhole argument (194 diagonals emanate from A or B, each red-red-green triangle uses at most 2, leaving enough uncolored diagonals to force a common endpoint C). Then triangle inequality gives AC + CB ≥ AB, so sum of red ≥ sum of green.

**AI's thinking:**
- Correctly computed 4949 diagonals
- Correctly found the m=1 construction giving k ≥ 4900 (matching the standard solution's lower bound)
- Spent the vast majority of its thinking trying to prove the upper bound (k = 4900 works for all polygons)
- Explored many approaches: matching/Hall's theorem, antipodal maps, span classes, triangle inequality decomposition, crossing diagonal inequality, variational arguments, pigeonhole on endpoints
- Was actively working in the right direction (triangle inequality + matching to show sum of 49 longest ≤ S/2) but never found the specific pigeonhole matching argument
- The thinking was cut off mid-sentence while still exploring approaches

The AI had the correct answer, the correct lower bound construction, and was exploring reasonable directions for the upper bound (including triangle inequality and matching, which are related to the standard solution's technique). It ran out of tokens before finding the specific combinatorial argument.

```xml
<analysis>
  <problem_id>polymath_00920</problem_id>
  <dimension1_verdict>TOKEN_LIMIT</dimension1_verdict>
  <dimension1_explanation>The AI correctly identified the answer (4900), correctly derived the lower bound via the m=1 construction (matching the standard solution), and was actively working on the upper bound proof using triangle inequality and matching approaches — which are directly related to the standard solution's technique. It ran out of tokens mid-sentence while still exploring approaches, before finding the specific pigeonhole matching argument that completes the proof.</dimension1_explanation>
  <dimension2_turning_point_type>other</dimension2_turning_point_type>
  <dimension2_explanation>The standard solution's key turning point is a combinatorial matching argument: for each of the 49 longest ("green") diagonals AB, use a pigeonhole principle on the 194 diagonals emanating from A or B to find a common endpoint C, yielding two "red" diagonals AC and CB with AC + CB ≥ AB by triangle inequality. This proves the sum of the 4900 shortest (red) ≥ sum of the 49 longest (green).</dimension2_explanation>
  <ai_direction_summary>The AI's thinking went in the right direction — it found the correct answer and lower bound construction, and was actively exploring triangle inequality and matching approaches to prove the upper bound, but never discovered the specific pigeonhole-based endpoint matching argument.</ai_direction_summary>
  <standard_solution_key_technique>The standard solution uses a combinatorial matching argument pairing each of the 49 longest diagonals AB with two shorter diagonals AC and CB (found via pigeonhole on endpoints) such that AC + CB ≥ AB by triangle inequality, proving the 4900 shortest sum to at least the 49 longest.</standard_solution_key_technique>
  <confidence>high</confidence>
</analysis>
```

### ANALYSIS COMPLETE
DEVIN_CLI_EXITED code=0
