我将审计这个关于 Lusin-Suslin 定理特例的证明。让我验证一下关键定理是否存在，并检查数学推导过程。我已经验证了所有三个引用的定理都是真实的，且陈述正确。现在我来完成审计。

验证总结：
- **Lusin-Suslin theorem**：已确认真实（Mathlib、Androma、多篇参考文献）。陈述相符。
- **Lusin's separation theorem**：已确认真实（Wikipedia、Encyclopedia of Math）。陈述相符，包括可数族迭代。
- **Souslin's theorem**：已确认真实（Wikipedia：Borel ⟺ 两个解析集）。证明中的推导是正确的。
- **答案**：“B 是 Y 的 Borel 子集” = YES，这对于这个经典结果是正确的。

该证明是 Lusin-Suslin 定理在 homeomorphism 情况下的标准且自洽的证明，使用了 Lusin scheme + separation + remainder decomposition。

<proof_audit>
  <problem_id>p27-full-deepmath_103k_00000360</problem_id>
  <audit_status>PASS</audit_status>
  <check_results>
    <A1>PASS: 答案 "B is a Borel subset of Y" (YES) 正确——这是经典的 Lusin-Suslin 定理，经 Mathlib/Wikipedia/多篇文献确认</A1>
    <B1>PASS: 推理链逐步正确——Lusin scheme 构造、Borel 近似方案、remainder 分解的关键恒等式（含 ∩_k B_{α|k} 至多一点的 diameter 论证）均成立</B1>
    <B2>PASS: 无幻觉——Lusin-Suslin 定理、Lusin 第一分离定理、Souslin 定理均经搜索确认为真实存在的定理，陈述准确</B2>
    <C1>PASS: 证明完整——有明确结论、完整论证结构（标准工具→Step 1-3→Conclusion），非截断残篇</C1>
    <C2>PASS: 完全覆盖题目要求——题目问 "Is B a Borel subset of Y?"，证明给出完整的 YES 证明</C2>
    <D1>PASS: 步骤可验证——Step 2 中距离函数的 Borel 性论证表述略冗余（{y: d(y,E)<ε} 对任意 E 都是开集，无需 E 解析），但结论正确且比所需更强；其余步骤均有完整推导或引用可查证定理</D1>
    <D2>PASS: 无思维跳跃——从标准工具到 Lusin scheme 到分离定理应用到 remainder 分解，推理链连续，每步可由前步推出</D2>
    <E1>PASS: proof.md 开头无作弊风险声明，但推理链为连贯的数学论证，无直接抄录痕迹（著名定理的标准重构属正常）</E1>
    <E2>N/A: 未提供解题 AI 工具调用记录，无法检查搜索行为；该定理为著名经典结果，网上可搜到，但 proof 为自洽重构</E2>
  </check_results>
  <cheating_analysis>无作弊嫌疑。该定理（Lusin-Suslin）为描述集合论中的经典著名结果，网上可轻易搜到（Wikipedia、Mathlib、教材），但 proof.md 给出的是自洽的数学重构——使用 Lusin scheme + 分离定理 + remainder 分解的标准方法，推理链连贯完整，无直接抄录的格式痕迹或突兀内容。未提供解题 AI 的工具调用记录，无法进一步核实搜索行为，但 proof 本身的数学质量与完整性表明是合法的独立推导。Step 2 中距离函数 Borel 性的论证虽表述略冗余（实际上 {y: d(y,E)<ε} 对任意集合 E 都是开集），但这反而暗示是自主推导而非照抄——照抄的标准教材通常不会犯这种"过度论证"的小瑕疵。</cheating_analysis>
  <audit_summary>证明是 Lusin-Suslin 定理（homeomorphism 特例）的正确、完整、自洽的数学证明，引用的三个定理均真实存在且陈述准确，无幻觉无作弊，审计通过。</audit_summary>
</proof_audit>
### PROOF AUDIT COMPLETE
