Looking at this problem, I need to model the mixing process between the two streams and find when the sediment content difference drops below 0.01 kg/m³.

## Setup

Let $a_n$ and $b_n$ be the sediment contents (kg/m³) of streams A and B at observation point $n$, where $n$ counts the mixing exchanges that have occurred since convergence.

At the convergence point: $a_0 = 2$, $b_0 = 0.2$, so $d_0 = a_0 - b_0 = 1.8$ kg/m³.

## Modeling one mixing exchange

Each stream carries $300\text{ m}^3/\text{s}$. In one second between adjacent observation points, $100\text{ m}^3$ is exchanged:

**Step 1:** $100\text{ m}^3$ flows from A to B.
- A: $200\text{ m}^3$ at content $a_n$ remains.
- B: $400\text{ m}^3$ with content $\frac{300\,b_n + 100\,a_n}{400}$.

**Step 2:** $100\text{ m}^3$ flows from B back to A (B is well-mixed, so the outflow carries B's current content).
- A: $200\,a_n + 100\cdot\frac{300\,b_n + 100\,a_n}{400} = 200\,a_n + 75\,b_n + 25\,a_n = 225\,a_n + 75\,b_n$ (total sediment), in $300\text{ m}^3$.
- B: $300\text{ m}^3$ remains at content $\frac{300\,b_n + 100\,a_n}{400}$.

Therefore:
$$a_{n+1} = \frac{225\,a_n + 75\,b_n}{300} = \frac{3a_n + b_n}{4}$$
$$b_{n+1} = \frac{300\,b_n + 100\,a_n}{400} = \frac{a_n + 3b_n}{4}$$

## Solving the recurrence

Let $d_n = a_n - b_n$:
$$d_{n+1} = \frac{3a_n + b_n}{4} - \frac{a_n + 3b_n}{4} = \frac{2(a_n - b_n)}{4} = \frac{d_n}{2}$$

This is a geometric sequence:
$$d_n = \frac{d_0}{2^n} = \frac{1.8}{2^n}$$

**Conservation check:** $a_{n+1} + b_{n+1} = a_n + b_n = 2.2$ (constant), confirming the model is consistent. The equilibrium is $1.1$ kg/m³ for each stream.

## Finding the threshold

We need $d_n < 0.01$:
$$\frac{1.8}{2^n} < 0.01 \implies 2^n > 180$$

Since $2^7 = 128 < 180$ and $2^8 = 256 > 180$, we need $n \geq 8$.

**Verification:**
- $n = 7$: $d_7 = 1.8/128 = 0.0140625 > 0.01$ ✗
- $n = 8$: $d_8 = 1.8/256 = 0.00703125 < 0.01$ ✓

At $n = 8$: $a_8 = 1.1 + 0.00352 = 1.10352$, $b_8 = 1.1 - 0.00352 = 1.09648$, difference $= 0.00703 < 0.01$.

## Conclusion

After **8 mixing exchanges** (i.e., from the **8th observation point** onwards, counting the first observation point as the one after the first mixing segment downstream from the convergence point), the difference in sediment content between the two streams falls below $0.01\text{ kg/m}^3$.

### PROOF COMPLETE
DEVIN_CLI_EXITED code=0
