Looking at this problem, I need to find an asymptotic equivalent of $f(x) = \sum_{n \geq 2} \frac{\ln n \cdot \sin(nx)}{n}$ as $x \to 0^+$.

**Answer-leak check:** The problem statement contains no solutions, hints, or formalization notes. Proceeding.

---

## Proof

**Step 1: Reformulation via the polylogarithm.**

Since $\ln 1 = 0$, we may write
$$f(x) = \operatorname{Im}\!\left(\sum_{n\geq 1}\frac{\ln n\, e^{inx}}{n}\right).$$
Recall the polylogarithm $\operatorname{Li}_s(z)=\sum_{n\geq 1}\frac{z^n}{n^s}$. Differentiating in $s$:
$$\frac{\partial}{\partial s}\operatorname{Li}_s(e^{ix}) = -\sum_{n\geq 1}\frac{\ln n\, e^{inx}}{n^s},$$
so, setting $g(s,x):=\operatorname{Im}(\operatorname{Li}_s(e^{ix}))$:
$$\boxed{f(x) = -\frac{\partial g}{\partial s}\bigg|_{s=1} = -\operatorname{Im}\!\left(\frac{\partial}{\partial s}\operatorname{Li}_s(e^{ix})\bigg|_{s=1}\right).}$$

**Step 2: Jonquière expansion.**

For $0<x<2\pi$ and $s\notin\{1,2,3,\dots\}$, the Jonquière formula gives
$$\operatorname{Li}_s(e^{ix}) = \Gamma(1-s)\,(-ix)^{s-1} + \sum_{k=0}^{\infty}\zeta(s-k)\,\frac{(ix)^k}{k!}.$$
We set $s=1+\varepsilon$ and expand to first order in $\varepsilon$. For $x>0$, $-ix = x\,e^{-i\pi/2}$, hence $\ln(-ix)=\ln x - i\pi/2$.

**Term 1:** $\Gamma(-\varepsilon)\,(-ix)^{\varepsilon}$. Using $\Gamma(z)=\frac{1}{z}-\gamma+O(z)$ at $z=0$:
$$\Gamma(-\varepsilon)= -\frac{1}{\varepsilon}-\gamma+O(\varepsilon),\qquad (-ix)^{\varepsilon}=1+\varepsilon(\ln x - i\tfrac{\pi}{2})+O(\varepsilon^2).$$
Multiplying:
$$\Gamma(-\varepsilon)(-ix)^{\varepsilon} = -\frac{1}{\varepsilon}-\gamma-(\ln x - i\tfrac{\pi}{2}) + \varepsilon\!\left[-\tfrac{1}{2}(\ln x - i\tfrac{\pi}{2})^2 - \gamma(\ln x - i\tfrac{\pi}{2})\right] + O(\varepsilon^2).$$

**Term 2:** $\sum_{k\geq 0}\zeta(1+\varepsilon-k)\frac{(ix)^k}{k!}$. Using $\zeta(1+\varepsilon)=\frac{1}{\varepsilon}+\gamma+O(\varepsilon)$, $\zeta(\varepsilon)=-\frac{1}{2}+O(\varepsilon)$:
$$= \frac{1}{\varepsilon}+\gamma -\frac{ix}{2}+\sum_{k\geq 2}\zeta(1-k)\frac{(ix)^k}{k!} + \varepsilon\!\left[-\gamma_1 - \tfrac{ix\ln(2\pi)}{2}+\sum_{k\geq 2}\zeta'(1-k)\frac{(ix)^k}{k!}\right]+O(\varepsilon^2).$$

**Step 3: Combine and extract the $\varepsilon$-coefficient.**

The $\varepsilon^{-1}$ and constant $\gamma$ terms cancel between Term 1 and Term 2. The coefficient of $\varepsilon$ — call it $B(x)=\frac{\partial}{\partial s}\operatorname{Li}_s(e^{ix})\big|_{s=1}$ — is:

$$B(x) = -\tfrac{1}{2}(\ln x - i\tfrac{\pi}{2})^2 - \gamma(\ln x - i\tfrac{\pi}{2}) - \gamma_1 - \tfrac{ix\ln(2\pi)}{2} + \sum_{k\geq 2}\zeta'(1-k)\frac{(ix)^k}{k!} + C$$

where $C=-\frac{1}{2}(\gamma^2+\frac{\pi^2}{6})$ is real. Taking the imaginary part:

$$\operatorname{Im}(B(x)) = \frac{\pi\ln x}{2} + \frac{\gamma\pi}{2} - \frac{x\ln(2\pi)}{2} + \operatorname{Im}\!\left(\sum_{k\geq 2}\zeta'(1-k)\frac{(ix)^k}{k!}\right).$$

The remaining sum is $O(x^3)$ (the first imaginary contribution comes from $k=3$: $\zeta'(-2)\frac{(ix)^3}{6}$, and $\zeta'(-2)=-\frac{\zeta(3)}{4\pi^2}$). Therefore:

$$\operatorname{Im}(B(x)) = \frac{\pi}{2}\ln x + \frac{\pi\gamma}{2} + O(x).$$

**Step 4: Conclusion.**

Since $f(x)=-\operatorname{Im}(B(x))$:

$$f(x) = -\frac{\pi}{2}\ln x - \frac{\pi\gamma}{2} + O(x), \qquad x\to 0^+.$$

As $-\frac{\pi}{2}\ln x \to +\infty$, the ratio satisfies

$$\frac{f(x)}{-\frac{\pi}{2}\ln x} = 1 + \frac{\gamma}{\ln x} + O\!\left(\frac{x}{\ln x}\right) \xrightarrow{x\to 0^+} 1.$$

Hence:

$$\boxed{f(x) \sim -\frac{\pi}{2}\,\ln x \quad \text{as } x\to 0^+.}$$

**Consistency check.** For small $x>0$, each $\sin(nx)>0$ for $n \lesssim 1/x$ and $\ln n>0$, so $f(x)>0$; indeed $-\frac{\pi}{2}\ln x>0$ for $0<x<1$. The coefficient $\pi/2$ is inherited from the classical identity $\sum_{n\geq 1}\frac{\sin(nx)}{n}=\frac{\pi-x}{2}$, and the $\ln n$ weight promotes the bounded $(\pi-x)/2$ to a logarithmic divergence $-\frac{\pi}{2}\ln x$.

### PROOF COMPLETE
DEVIN_CLI_EXITED code=0
