## Solution

**Setting up the equation.** Let $a$ = number of Ascend (+3) moves and $d$ = number of Descend (−4) moves. To end at Level 22 from Level 0:

$$3a - 4d = 22$$

**Finding the minimum number of moves.** From $3a = 22 + 4d$, we need $22 + 4d \equiv 0 \pmod{3}$. Since $22 \equiv 1$ and $4d \equiv d \pmod{3}$, we get $d \equiv 2 \pmod{3}$.

| $d$ | $a = (22+4d)/3$ | Total $a+d$ |
|-----|-----------------|-------------|
| 2   | 10              | **12**      |
| 5   | 14              | 19          |
| 8   | 18              | 26          |

The minimum is **12 moves** ($a=10$, $d=2$). A valid bounded path exists: all 10 ascends then both descends gives $0 \to 3 \to 6 \to \cdots \to 30 \to 26 \to 22$, staying in $[0,30]$. ✓

**Counting valid sequences.** Place the 2 descends at positions $i$ and $j$ ($1 \le i < j \le 12$) among 12 steps; all other positions are ascends.

The position at any prefix is $3a' - 4d'$, which is at most $3 \times 10 = 30$ (since total ascends $\le 10$), so the **upper bound** $\le 30$ is automatically satisfied.

For the **lower bound** $\ge 0$, the position only decreases at descends, so it suffices to check after each descend:

- **After step $i$** (first descend): position $= 3(i-1) - 4 \ge 0 \implies i \ge 3$.
- **Before step $j$** (second descend): position $= 3(i{-}1) - 4 + 3(j{-}i{-}1) = 3(j-2) - 4 \ge 4 \implies j \ge 5$.
- **After step $j$**: position $= 3j - 14 \ge 0 \implies j \ge 5$ (same condition).

All other positions (between descends, final stretch) are ascending runs, so their minima are at the descend points already checked.

**Constraints:** $3 \le i < j \le 12$ and $j \ge 5$.

**Counting pairs $(i, j)$:**

| $i$ | $j$ range | Count |
|-----|-----------|-------|
| 3   | 5…12 | 8 |
| 4   | 5…12 | 8 |
| 5   | 6…12 | 7 |
| 6   | 7…12 | 6 |
| 7   | 8…12 | 5 |
| 8   | 9…12 | 4 |
| 9   | 10…12| 3 |
| 10  | 11…12| 2 |
| 11  | 12   | 1 |

$$\text{Total} = 8 + 8 + 7 + 6 + 5 + 4 + 3 + 2 + 1 = \boxed{44}$$

**Verification of representative cases:**
- $(i,j)=(3,5)$: $0\to3\to6\to2\to5\to1\to4\to7\to10\to13\to16\to19\to22$ — all in $[0,30]$. ✓
- $(i,j)=(3,4)$: would give $0\to3\to6\to2\to-2$ — violates lower bound; correctly excluded ($j=4<5$). ✓
- $(i,j)=(11,12)$: $0\to3\to\cdots\to30\to26\to22$ — valid. ✓

The number of different sequences of moves is $\boxed{44}$.

### PROOF COMPLETE
DEVIN_CLI_EXITED code=0
