I'll solve this problem directly by reasoning.

## Setup and Parity

Let the 7 primes be $a, b, c, a{+}b{-}c, a{+}c{-}b, b{+}c{-}a, a{+}b{+}c$, all distinct.

**Claim:** None of the 7 primes equals 2, so all are odd.

If some $a,b,c$ were 2 (say $a=2$), then $a{+}b{-}c = 2+b-c$ is even (since $b,c$ odd). For it to be prime and even it must be 2, giving $b=c$, contradicting distinctness. So $a,b,c$ are all odd primes. Then $a{\pm}b{\mp}c$ and $a{+}b{+}c$ are all odd, hence all 7 primes are odd ($\geq 3$).

## Parametrization

WLOG let $a+b = 800$ (we choose which pair sums to 800 to maximize $d$). Put $s = a-b$, so $a=\tfrac{800+s}{2}$, $b=\tfrac{800-s}{2}$. Since $a,b$ are odd, $s \equiv 2 \pmod 4$.

The 7 primes become:
$$\tfrac{800+s}{2},\ \tfrac{800-s}{2},\ c,\ 800-c,\ c+s,\ c-s,\ 800+c.$$

## Bounding $d$

The largest prime is $800+c$ and $800-c$ must be a prime $\geq 3$, so $c \leq 797$. Since every prime is $\geq 3$:
$$d = (\text{max}) - (\text{min}) \leq (800+c) - 3 \leq 1597 - 3 = 1594.$$

## Achieving $d = 1594$

Take $c = 797$, so $800-c = 3$ and $800+c = 1597$. We need $a,b,c{+}s,c{-}s$ prime and all 7 distinct, with $s \equiv 2\pmod 4$ and $c-s \geq 3$.

Try $s = 774$ ($\equiv 2 \pmod 4$):
- $a = \tfrac{800+774}{2} = 787$, $b = \tfrac{800-774}{2} = 13$,
- $c - s = 797 - 774 = 23$,
- $c + s = 797 + 774 = 1571$.

**Primality checks** (trial division up to $\sqrt{n}$):
- $787$: not divisible by $2,3,5,7,11,13,17,19,23$ → prime ✓
- $13$: prime ✓
- $797$: not divisible by $2,3,5,7,11,13,17,19,23$ → prime ✓
- $3$: prime ✓
- $23$: prime ✓
- $1571$: not divisible by $2,3,5,7,11,13,17,19,23,29,31,37$ → prime ✓
- $1597$: not divisible by $2,3,5,7,11,13,17,19,23,29,31,37$ → prime ✓

**Distinctness:** $\{787, 13, 797, 3, 23, 1571, 1597\}$ — all 7 values distinct ✓

**Sum condition:** $a + b = 787 + 13 = 800$ ✓

The 7 primes are $3, 13, 23, 787, 797, 1571, 1597$, giving
$$d = 1597 - 3 = 1594.$$

Since $d \leq 1594$ by the bound above and this value is attained, the maximum value of $d$ is $\boxed{1594}$.

### PROOF COMPLETE
DEVIN_CLI_EXITED code=0
