## Proof

Let $a = x^n$, $b = x^{n+1}$, $c = x + x^{n+2}$. We seek a polynomial $P$ with integer coefficients such that $x = P(a,b,c)$.

**Key relation.** Since $b = x^{n+1} = x \cdot x^n = xa$ and $c = x + x^{n+2} = x + x \cdot x^{n+1} = x(1+b)$, we have
$$x(1+b) = c, \quad\text{i.e.,}\quad x = c - bx. \tag{$\star$}$$

**Iterating ($\star$).** Substituting $x = c - bx$ into itself repeatedly: after $k$ iterations,
$$x = c\bigl(1 - b + b^2 - \cdots + (-b)^{k-1}\bigr) + (-b)^k\, x. \tag{$\star\star$}$$

This is verified by induction: the base case $k=1$ is ($\star$) itself, and if it holds for $k$, then replacing the trailing $x$ by $c - bx$ gives the formula for $k+1$.

**Choosing $k = n-1$.** The remainder term is
$$(-b)^{n-1}\, x = (-1)^{n-1}\, x^{(n+1)(n-1)+1} = (-1)^{n-1}\, x^{n^2} = (-1)^{n-1}\, (x^n)^n = (-1)^{n-1}\, a^n,$$
which is a monomial in $a$ with integer coefficient.

**The polynomial.** Setting $k = n-1$ in ($\star\star$):
$$\boxed{x = c\sum_{i=0}^{n-2}(-b)^i \;+\; (-1)^{n-1}\,a^n.}$$

Thus
$$P(x,y,z) = z\sum_{i=0}^{n-2}(-y)^i + (-1)^{n-1}\,x^n$$
is a polynomial with integer coefficients satisfying $x \equiv P(x^n,\, x^{n+1},\, x+x^{n+2})$.

**Verification.**
- $n=2$: $P = z - x^2$; with $a=x^2,\, c=x+x^4$: $c - a^2 = x+x^4-x^4 = x$. ✓
- $n=3$: $P = z(1-y)+x^3$; with $a=x^3,\, b=x^4,\, c=x+x^5$: $(x+x^5)(1-x^4)+x^9 = x - x^5+x^5-x^9+x^9 = x$. ✓

In general, expanding $c\sum_{i=0}^{n-2}(-b)^i = x(1+b)\cdot\frac{1-(-b)^{n-1}}{1+b} = x\bigl(1-(-b)^{n-1}\bigr) = x - (-1)^{n-1}x^{n^2}$, and adding $(-1)^{n-1}a^n = (-1)^{n-1}x^{n^2}$ yields exactly $x$. $\blacksquare$

### PROOF COMPLETE
DEVIN_CLI_EXITED code=0
