## Proof

**Problem (restated).** Let $p, r \in [1, \infty]$ with $p < r$. Prove there exists $c > 0$ such that for every $f \in C^0[0,1]$,
$$\|f\|_p \le c\,\|f\|_r.$$

(We interpret the "$s$" in the statement as a typo for "$p$"; the inequality only involves $p$ and $r$.)

---

**Preliminary observation.** Since $f \in C^0[0,1]$ and $[0,1]$ is compact, $f$ is bounded, so $\|f\|_r < \infty$ for every $r \in [1,\infty]$. Hence both sides are well-defined finite quantities.

We treat two cases.

---

**Case 1: $r < \infty$.**

Since $p < r$, set $q = r/p > 1$ and let $q' = \frac{q}{q-1} = \frac{r}{r-p}$ be its Hölder conjugate, so that $\frac{1}{q} + \frac{1}{q'} = 1$.

Apply Hölder's inequality on $[0,1]$ to the functions $|f|^p$ and $1$ with exponents $q, q'$:

$$\int_0^1 |f(x)|^p\,dx \;=\; \int_0^1 |f(x)|^p \cdot 1\,dx \;\le\; \left(\int_0^1 \bigl(|f(x)|^p\bigr)^{q}\,dx\right)^{\!1/q}\!\left(\int_0^1 1^{\,q'}\,dx\right)^{\!1/q'}.$$

Substituting $q = r/p$ and $q' = r/(r-p)$:

$$\int_0^1 |f|^p \;\le\; \left(\int_0^1 |f|^{r}\,dx\right)^{\!p/r}\!\left(\int_0^1 1\,dx\right)^{\!(r-p)/r} \;=\; \left(\int_0^1 |f|^{r}\,dx\right)^{\!p/r}\!\cdot 1^{(r-p)/r}.$$

Since $\int_0^1 1\,dx = 1$, the second factor equals $1$. Therefore

$$\|f\|_p^p \;=\; \int_0^1 |f|^p \;\le\; \left(\int_0^1 |f|^r\right)^{\!p/r} \;=\; \|f\|_r^{\,p}.$$

Taking $p$-th roots (both sides non-negative):

$$\|f\|_p \;\le\; \|f\|_r.$$

---

**Case 2: $r = \infty$.**

By definition $\|f\|_\infty = \max_{x\in[0,1]} |f(x)|$, so $|f(x)| \le \|f\|_\infty$ for every $x \in [0,1]$. Hence

$$\int_0^1 |f(x)|^p\,dx \;\le\; \int_0^1 \|f\|_\infty^{\,p}\,dx \;=\; \|f\|_\infty^{\,p}\cdot 1 \;=\; \|f\|_\infty^{\,p}.$$

Taking $p$-th roots:

$$\|f\|_p \;\le\; \|f\|_\infty \;=\; \|f\|_r.$$

---

**Conclusion.** In both cases we obtain $\|f\|_p \le \|f\|_r$ for every $f \in C^0[0,1]$. Thus the desired inequality holds with the constant

$$\boxed{c = 1} > 0,$$

which is independent of $f$. $\blacksquare$

### PROOF COMPLETE
DEVIN_CLI_EXITED code=0
