## Proof

**Setup.** The set \(N\) is the set of natural numbers in the von Neumann encoding, given by the Axiom of Infinity:

\[
N = \{0, 1, 2, 3, \ldots\}
\]

where

\[
0 = \emptyset,\quad 1 = \{\emptyset\} = \{0\},\quad 2 = \{0, 1\},\quad 3 = \{0, 1, 2\},\quad \ldots
\]

and in general \(n = \{0, 1, 2, \ldots, n-1\}\).

**The Axiom of Regularity** states: for every non-empty set \(x\), there exists a member \(y \in x\) such that \(y \cap x = \emptyset\) (i.e., \(y\) is disjoint from \(x\)).

We must identify such a \(y\) for \(x = N\).

---

**Claim.** \(y = \emptyset\) (i.e., \(y = 0\)) is the member of \(N\) disjoint from \(N\).

**Proof.**

1. **\(\emptyset \in N\):** By the definition of \(N\) given above, \(0 = \emptyset\) is a member of \(N\). So \(\emptyset \in N\). ✓

2. **\(\emptyset \cap N = \emptyset\):** The empty set has no elements, so its intersection with any set is empty:
\[
\emptyset \cap N = \emptyset.
\]
✓

Therefore \(y = \emptyset\) satisfies both conditions: it is a member of \(N\), and it is disjoint from \(N\).

---

**Uniqueness (for completeness).** No other member of \(N\) is disjoint from \(N\):

For any \(n \geq 1\), we have \(n = \{0, 1, \ldots, n-1\}\), so \(0 \in n\). Since \(0 \in N\) as well, we get \(0 \in n \cap N\), hence \(n \cap N \neq \emptyset\).

Thus every natural number \(n \geq 1\) shares the element \(0\) with \(N\), and is **not** disjoint from \(N\).

The **only** member of \(N\) disjoint from \(N\) is \(\emptyset\).

---

**Conclusion.** The set \(y\) whose existence is guaranteed by the Axiom of Regularity, applied to \(x = N\), is

\[
\boxed{y = \emptyset}
\]

### PROOF COMPLETE
DEVIN_CLI_EXITED code=0
