```xml
<audit>
  <analysis_result_key>2273359</analysis_result_key>
  <problem_id>polymath_01130</problem_id>
  <audit_status>PASS</audit_status>
  <check_results>
    <A1>PASS: dimension1_verdict is TOKEN_LIMIT, which is one of the allowed values.</A1>
    <A2>PASS: dimension1_explanation is non-empty and well over 50 characters (detailed multi-sentence description).</A2>
    <A3>PASS: dimension2_turning_point_type is "other", which is in the allowed list (required since d1=TOKEN_LIMIT, d2 present).</A3>
    <A4>PASS: dimension2_explanation is non-empty and well over 50 characters (detailed description of anti-diagonal decomposition).</A4>
    <A5>PASS: ai_direction_summary is non-empty and describes the AI's gate-crossing/hypergeometric approach.</A5>
    <A6>PASS: standard_solution_key_technique is non-empty and describes the anti-diagonal crossing-point decomposition.</A6>
    <B1>PASS: No XML tag leaks found in either explanation.</B1>
    <B2>PASS: No template placeholder leaks (no "1-3 sentences", "ONE_OF:", etc.) found.</B2>
    <B3>PASS: Both explanations are far longer than 50 characters.</B3>
    <C1>PASS: d1=TOKEN_LIMIT and d2 has a value ("other"), consistent with the rule that d2 should have a value when d1 is TOKEN_LIMIT.</C1>
    <C2>PASS: dimension1_explanation describes running out of tokens mid-arithmetic, which matches the TOKEN_LIMIT label.</C2>
    <C3>PASS: dimension2_explanation describes a combinatorial-probabilistic decomposition (diagonal slicing + normal approximation) that does not fit listed number-theoretic categories, matching the "other" label.</C3>
    <D1>N/A — d1 is CONNECTION_ERROR/TOKEN_LIMIT</D1>
    <D2>N/A — d1 is CONNECTION_ERROR/TOKEN_LIMIT</D2>
    <D3>N/A — d1 is CONNECTION_ERROR/TOKEN_LIMIT</D3>
    <D4>N/A — d1 is CONNECTION_ERROR/TOKEN_LIMIT</D4>
    <E1>UNKNOWN — check via script</E1>
  </check_results>
  <issues_found>none</issues_found>
</audit>
```

### AUDIT COMPLETE
DEVIN_CLI_EXITED code=0
