## Solution

**Setting up the parametrization.** Since $x + y + z = 0$, we have $z = -(x+y)$. Substituting into the second equation:

$$\frac{yz + xz + xy}{xyz} = \frac{1}{n} \implies n = \frac{xyz}{xy + yz + xz}.$$

With $z = -(x+y)$:
- $xy + yz + xz = xy - (x+y)^2 = -(x^2 + xy + y^2)$
- $xyz = -xy(x+y)$

So $$n = \frac{xy(x+y)}{x^2 + xy + y^2}.$$

**Reducing via gcd.** Let $d = \gcd(x,y)$, $x = da'$, $y = db'$, $\gcd(a',b') = 1$. Then

$$n = \frac{d\, a'b'(a'+b')}{a'^2 + a'b' + b'^2}.$$

**Key coprimality claim:** $\gcd\!\big(a'b'(a'+b'),\; a'^2+a'b'+b'^2\big) = 1$.

*Proof:* Since $\gcd(a',b')=1$:
- $\gcd(a',\, a'^2+a'b'+b'^2) = \gcd(a', b'^2) = 1$
- $\gcd(b',\, a'^2+a'b'+b'^2) = \gcd(b', a'^2) = 1$
- $\gcd(a'+b',\, a'^2+a'b'+b'^2) = \gcd(a'+b',\, a'b') = 1$ (since $\gcd(a'+b',a')=\gcd(b',a')=1$ and similarly for $b'$).

Since the three factors $a', b', a'+b'$ are pairwise coprime to $Q := a'^2+a'b'+b'^2$, their product is coprime to $Q$. ∎

Therefore $Q \mid d$, so $d = kQ$ for some positive integer $k$, giving:

$$n = k \cdot a'b'(a'+b').$$

By replacing $(a',b')$ with $(-a',-b')$ if needed (which flips the sign of the product), we can always make $a'b'(a'+b') > 0$. Thus the achievable positive integers are exactly:

$$n = k \cdot |a'b'(a'+b')|, \quad k \in \mathbb{Z}_{>0},\quad \gcd(a',b')=1,\quad a',b' \neq 0,\quad a'+b'\neq 0.$$

**Parity obstruction.** Among $a', b', a'+b'$, at least one is even:
- If both $a', b'$ are odd, then $a'+b'$ is even.
- If one of $a', b'$ is even, that factor is even.

So $|a'b'(a'+b')|$ is **always even**, hence every achievable $n$ is even. **No odd positive integer is achievable.**

**Every even positive integer is achievable.** Take $(a', b') = (1, 1)$: then $|a'b'(a'+b')| = 2$, $Q = 3$, and $d = 3k$ gives $n = 2k$ for any $k \geq 1$. Concretely, $x = 3k,\; y = 3k,\; z = -6k$:

$$\frac{1}{3k} + \frac{1}{3k} - \frac{1}{6k} = \frac{2}{3k} - \frac{1}{6k} = \frac{4-1}{6k} = \frac{1}{2k}. \quad\checkmark$$

**Verification of small values:**
- $n=2$: $(x,y,z) = (3,3,-6)$, $\;\frac{1}{3}+\frac{1}{3}-\frac{1}{6} = \frac{1}{2}$ ✓
- $n=4$: $(x,y,z) = (6,6,-12)$, $\;\frac{1}{6}+\frac{1}{6}-\frac{1}{12} = \frac{1}{4}$ ✓
- $n=6$: $(x,y,z) = (9,9,-18)$, $\;\frac{1}{9}+\frac{1}{9}-\frac{1}{18} = \frac{1}{6}$ ✓

**Conclusion.** The achievable positive integers are precisely the even positive integers. The three smallest are $2, 4, 6$, and their sum is

$$2 + 4 + 6 = \boxed{12}.$$

### PROOF COMPLETE
DEVIN_CLI_EXITED code=0
