I'll solve IMO 2009 Problem 5 directly. Let me first check for answer leaks — the problem statement is clean (no solutions, sketches, or Lean statements revealing the answer).

**Answer-leak check: clean. Proceeding to solve.**

---

## Solution

We determine all functions $f \colon \mathbb{Z}_{>0} \to \mathbb{Z}_{>0}$ such that for all positive integers $a, b$, the three numbers
$$a,\quad f(b),\quad f\bigl(b + f(a) - 1\bigr)$$
form the sides of a nondegenerate triangle.

The triangle condition is equivalent to the three strict inequalities:
1. $a + f(b) > f(b + f(a) - 1)$,
2. $a + f(b + f(a) - 1) > f(b)$,
3. $f(b) + f(b + f(a) - 1) > a$.

From (1) and (2), since all quantities are integers:
$$\bigl|f(b + f(a) - 1) - f(b)\bigr| \le a - 1. \tag{$\ast$}$$

---

### Step 1. $f(1) = 1$.

Set $a = 1$. The triangle is $1,\, f(b),\, f(b + f(1) - 1)$, giving:
- $1 + f(b) > f(b+f(1)-1)$, i.e. $f(b+f(1)-1) \le f(b)$;
- $1 + f(b+f(1)-1) > f(b)$, i.e. $f(b+f(1)-1) \ge f(b)$.

Hence $f(b + f(1) - 1) = f(b)$ for every $b$. If $f(1) \ge 2$, then $f$ is periodic with period $p = f(1)-1 \ge 1$, so $f$ takes only the finitely many values $\{f(1),\dots,f(p)\}$ and is bounded, say $f \le M$. But inequality (3) gives $f(b) + f(b+f(a)-1) > a \le 2M$ for **all** $a$, a contradiction for $a > 2M$. Therefore $f(1) = 1$.

---

### Step 2. $f$ is an involution (hence a bijection).

Set $b = 1$ and use $f(1) = 1$: the triangle is $a,\, 1,\, f(f(a))$.
- $a + 1 > f(f(a))$ gives $f(f(a)) \le a$;
- $1 + f(f(a)) > a$ gives $f(f(a)) \ge a$.

Thus $f(f(a)) = a$ for all $a$; $f$ is an involution and in particular a bijection $\mathbb{Z}_{>0}\to\mathbb{Z}_{>0}$ fixing $1$.

---

### Step 3. $f(2) = 2$.

Let $t = f(2)$. Since $f$ is a bijection fixing $1$, we have $t \ne 1$, so $t \ge 2$. From $(\ast)$ with $a = 2$:
$$\bigl|f(b + t - 1) - f(b)\bigr| \le 1 \quad\text{for all } b. \tag{$\ast\ast$}$$

**Suppose for contradiction that $t \ge 3$.** Consider the arithmetic progression $p_k = k(t-1)+1$ for $k = 0,1,2,\dots$ (the residue class $1 \pmod{t-1}$). Consecutive terms differ by $t-1$, so by $(\ast\ast)$:
$$\bigl|f(p_{k+1}) - f(p_k)\bigr| \le 1.$$
We have $f(p_0) = f(1) = 1$ and $f(p_1) = f(t) = 2$ (the latter by involution: $f(f(2)) = 2$, i.e. $f(t) = 2$).

**Claim:** $f(p_k) = k+1$ for all $k \ge 0$, by induction. If $f(p_j) = j+1$ for $j \le k$, then $f(p_{k+1}) \in \{k,\, k+1,\, k+2\}$. By injectivity, $f(p_{k+1}) \notin \{f(p_0),\dots,f(p_k)\} = \{1,\dots,k+1\}$, so $f(p_{k+1}) = k+2$. ✓

By the claim, $f\bigl(k(t-1)+1\bigr) = k+1$ for all $k \ge 0$. Applying involution ($f = f^{-1}$):
$$f(n) = (n-1)(t-1) + 1 \quad\text{for all } n \ge 1.$$
But then $f(f(n)) = (n-1)(t-1)^2 + 1$, which equals $n$ only if $(t-1)^2 = 1$, i.e. $t = 2$—contradicting $t \ge 3$. Hence $t = 2$, i.e. **$f(2) = 2$**.

---

### Step 4. $f(n) = n$ for all $n$.

With $t = 2$, inequality $(\ast\ast)$ becomes $|f(b+1) - f(b)| \le 1$ for all $b$. We prove $f(n) = n$ by induction. Base: $f(1) = 1$, $f(2) = 2$. If $f(n) = n$, then $f(n+1) \in \{n-1,\, n,\, n+1\}$. By injectivity, $f(n+1) \notin \{f(1),\dots,f(n)\} = \{1,\dots,n\}$, so $f(n+1) = n+1$. ✓

---

### Verification.

For $f(n) = n$: the three numbers are $a,\, b,\, b + f(a) - 1 = a + b - 1$. The triangle inequalities are
$$a + b > a+b-1,\quad a + (a+b-1) = 2a+b-1 > b,\quad b + (a+b-1) = a+2b-1 > a,$$
all strict since $a, b \ge 1$. So $f(n)=n$ satisfies the condition.

---

### Conclusion.

The unique function satisfying the condition is
$$\boxed{f(n) = n \text{ for all } n \in \mathbb{Z}_{>0}.}$$

### PROOF COMPLETE
DEVIN_CLI_EXITED code=0
