## 解答

**建立坐标系。** 设 $BC$ 在 $x$ 轴上，$BC$ 的中点为原点。设 $B=(-a,0)$，$C=(a,0)$，$A=(0,h)$，则 $AB=AC=s$，$s^2 = a^2 + h^2$，$BC = 2a$。

**内切圆。** 由对称性，内心 $O=(0, r)$，其中 $r = \frac{ah}{s+a}$。切点 $K=(0,0)$（$BC$ 中点）。

切线长度：从 $A$ 出发为 $s-a$，从 $B,C$ 出发为 $a$。因此：
$$M = \left(-\frac{(s-a)a}{s},\;\frac{ah}{s}\right), \quad L = \left(\frac{(s-a)a}{s},\;\frac{ah}{s}\right).$$

**求 $N$（$OL$ 与 $KM$ 的交点）。**

$OL$ 方向：$(s-a,\; ah/(s+a))$；$KM$ 方向：$(-(s-a),\; h)$。

参数化后解得 $t = -\frac{a}{2a+s}$，从而：
$$N = \left(-\frac{a(s-a)}{2a+s},\;\frac{ah}{2a+s}\right).$$

**求 $Q$（$BN$ 与 $CA$ 的交点）。**

$BN$ 方向：$N - B = \frac{a}{2a+s}(3a, h)$，即方向 $(3a, h)$。

$BN$: $(-a+3av,\; hv)$；$CA$: $(a-aw,\; hw)$。令相等得 $v=w$，$3v+w=2$，故 $v=\frac{1}{2}$。

$$Q = \left(\frac{a}{2},\;\frac{h}{2}\right),$$
即 $Q$ 是 $CA$ 的中点。

**求 $P$（$A$ 到 $BQ$ 的垂足）。**

$BQ$ 方向 $(3a, h)$，$A-B = (a, h)$。投影参数：
$$t = \frac{(a,h)\cdot(3a,h)}{(3a,h)\cdot(3a,h)} = \frac{3a^2+h^2}{9a^2+h^2} = \frac{2a^2+s^2}{8a^2+s^2}.$$

$Q$ 对应参数 $t_Q = \frac{1}{2}$。因此：
$$BP = t\sqrt{8a^2+s^2} = \frac{2a^2+s^2}{\sqrt{8a^2+s^2}},$$
$$AP = \frac{2ah}{\sqrt{8a^2+s^2}},$$
$$PQ = \left|t - \tfrac{1}{2}\right|\sqrt{8a^2+s^2} = \frac{|s^2-4a^2|}{2\sqrt{8a^2+s^2}}.$$

**代入条件 $BP = AP + 2\,PQ$。** 两边乘以 $\sqrt{8a^2+s^2}$：
$$2a^2 + s^2 = 2ah + |s^2 - 4a^2|.$$

**引入比值。** 设 $x = (AB/BC)^2 = s^2/(4a^2)$，则 $s^2=4a^2 x$，$h^2 = a^2(4x-1)$，$2ah = 2a^2\sqrt{4x-1}$，$|s^2-4a^2|=4a^2|x-1|$。方程化为：
$$1 + 2x = \sqrt{4x-1} + 2|x-1|, \quad x > \tfrac{1}{4}.$$

**情况 1：$x \ge 1$。** $|x-1|=x-1$：
$$1+2x = \sqrt{4x-1} + 2x - 2 \implies \sqrt{4x-1} = 3 \implies x = \frac{5}{2}.$$
验证：$x=5/2 \ge 1$ ✓。

**情况 2：$\frac{1}{4} < x < 1$。** $|x-1|=1-x$：
$$1+2x = \sqrt{4x-1} + 2 - 2x \implies 4x-1 = \sqrt{4x-1}.$$
设 $y=\sqrt{4x-1}$，则 $y^2 = y$，$y=0$ 或 $y=1$。
- $y=0 \Rightarrow x=\frac{1}{4}$：退化三角形（$h=0$），排除。
- $y=1 \Rightarrow x=\frac{1}{2}$：验证 $\frac{1}{4}<\frac{1}{2}<1$ ✓。

**验证两个解：**
- $x=\frac{1}{2}$：$1+1=2$，$\sqrt{1}+2\cdot\frac{1}{2}=1+1=2$ ✓
- $x=\frac{5}{2}$：$1+5=6$，$\sqrt{9}+2\cdot\frac{3}{2}=3+3=6$ ✓

**求和：**
$$\frac{1}{2} + \frac{5}{2} = 3.$$

### PROOF COMPLETE
DEVIN_CLI_EXITED code=0
