## Solution

**Setup.** Label the boxers $1, 2, \dots, 100$ by increasing strength, so boxer $100$ is strongest. In a fair tournament, boxer $i$ beats every weaker boxer and has $i-1$ wins; the strongest three (boxers $100, 99, 98$) have $99, 98, 97$ wins.

**Horseshoe mechanics.** Each plotter hides a horseshoe in **one** of their matches. In a match between a stronger boxer $A$ and a weaker boxer $B$:
- neither uses a horseshoe, or both do, or only $A$ does: $A$ wins (stronger prevails);
- only $B$ uses a horseshoe: $B$ wins (upset).

So each plotter can cause **one upset**: winning a match they would otherwise lose. If the target is also a plotter using their horseshoe in that same match, the upset fails—but we will only target non-plotters, so all upsets succeed.

**Notation.** Let $k$ be the number of plotters. For each boxer $i$, let $a_i \in \{0,1\}$ indicate whether $i$ is a plotter (and performs an upset), and $b_i$ the number of upsets targeting $i$. Then
$$w_i = (i-1) + a_i - b_i.$$
We have $\sum a_i = \sum b_i = k$ (each plotter performs and each upset has one target). We need three boxers, each from $\{1,\dots,97\}$, with win count strictly exceeding $M := \max(w_{100}, w_{99}, w_{98})$.

---

### Lower bound: $k \ge 12$

Let $c_1, c_2, c_3 \in \{1,\dots,97\}$ be three boxers with $w_{c_j} > M$, and let $w^* = \min_j w_{c_j}$, so $w^* > M$.

Since $w^* > M \ge w_{100} = 99 - b_{100}$, we get $b_{100} \ge 100 - w^*$. Similarly $b_{99} \ge 99 - w^*$ and $b_{98} \ge 98 - w^*$. Hence
$$b_{100}+b_{99}+b_{98} \;\ge\; 297 - 3w^*.$$
Each of these upsets is performed by a **distinct** plotter (one horseshoe each), so
$$k \;\ge\; b_{100}+b_{99}+b_{98} \;\ge\; 297 - 3w^*.$$

Now we bound $w^*$ from above. The three champions are distinct boxers in $\{1,\dots,97\}$, so the weakest, say $c_1$, satisfies $c_1 \le 95$ (only $97, 96, 95$ are the three largest available). Since $a_{c_1} \le 1$ and $b_{c_1} \ge 0$,
$$w^* \le w_{c_1} = (c_1 - 1) + a_{c_1} - b_{c_1} \le c_1 \le 95.$$
Therefore
$$k \;\ge\; 297 - 3\cdot 95 \;=\; 12.$$

---

### Construction: $k = 12$ suffices

**Plotters:** boxers $\{95, 96, 97\} \cup \{1, 2, 3, 4, 5, 6, 7, 8, 9\}$ — total $12$.

**Upsets** (each plotter uses their horseshoe once, all targeting non-plotters $100, 99, 98$, so all succeed):
- Boxer $95$ upsets boxer $100$; boxers $1,2,3,4$ upset boxer $100$ — gives $b_{100}=5$.
- Boxer $96$ upsets boxer $99$; boxers $5,6,7$ upset boxer $99$ — gives $b_{99}=4$.
- Boxer $97$ upsets boxer $98$; boxers $8,9$ upset boxer $98$ — gives $b_{98}=3$.

No one targets any boxer other than $100, 99, 98$.

**Resulting win counts:**
- Strongest three: $w_{100}=99-5=94$, $\;w_{99}=98-4=94$, $\;w_{98}=97-3=94$. So $M=94$.
- Champions: $w_{97}=96+1=97$, $\;w_{96}=95+1=96$, $\;w_{95}=94+1=95$.
- Plotters $1,\dots,9$: each gains $1$, so $w_i \le 9 < 94$.
- All other boxers $10,\dots,94$ (non-plotters, untargeted): $w_i = i-1 \le 93 < 94$.

The three boxers $97, 96, 95$ have wins $97, 96, 95$, each strictly greater than $M = 94$ (the win count of each of the strongest three boxers). ✓

---

### Conclusion

The lower bound $k \ge 12$ and the matching construction with $k = 12$ together give:

$$\boxed{12}$$

### PROOF COMPLETE
DEVIN_CLI_EXITED code=0
