Error: Agent error: Permission denied: Permission denied: Reached overall message rate limit. Please try again later. Your limit will reset in 30 minutes. (trace ID: 2f2f4af4187c4a17609783c9ecdfcf46): {
  "cognition.ai/errorKind": "internal",
  "cognition.ai/retryable": true
}
DEVIN_CLI_EXITED code=1
```xml
<audit>
  <analysis_result_key>2270766</analysis_result_key>
  <problem_id>deepmath_103k_00000716</problem_id>
  <audit_status>FAIL_INCOMPLETE</audit_status>
  <check_results>
    <A1>PASS: dimension1_verdict is DIRECTION_ERROR, a valid value.</A1>
    <A2>PASS: dimension1_explanation is non-empty and well over 50 characters.</A2>
    <A3>PASS: dimension2_turning_point_type is "other", a valid enum value, and d1=DIRECTION_ERROR requires it to be non-empty.</A3>
    <A4>FAIL: dimension2_explanation is [null], empty and below 50 characters.</A4>
    <A5>PASS: ai_direction_summary is non-empty and describes the AI's actual direction.</A5>
    <A6>PASS: standard_solution_key_technique is non-empty and specific.</A6>
    <B1>PASS: dimension1_explanation contains no XML tag leaks; d2_explanation is null so no leak possible.</B1>
    <B2>PASS: no template placeholder leaks ("1-3 sentences", "ONE_OF:", etc.) detected.</B2>
    <B3>FAIL: dimension2_explanation is null, below the 50-character minimum.</B3>
    <C1>FAIL: d1=DIRECTION_ERROR requires d2 to have a value, but dimension2_explanation is null.</C1>
    <C2>PASS: d1_exp describes the AI working on an entirely different (number theory) problem, consistent with DIRECTION_ERROR.</C2>
    <C3>FAIL: dimension2_explanation is null, so it cannot be consistent with d2_turning_point_type="other".</C3>
    <D1>FAIL: d1_exp is over 100 characters but contains none of the required action verbs (identified, missed, explored, used, went, attempted, tried, failed, overlooked, ignored); it uses "addresses", "uses", "considers" instead.</D1>
    <D2>FAIL: dimension2_explanation is null, below 100 characters and contains no mathematical term.</D2>
    <D3>PASS: ai_direction_summary concretely describes the AI taking a number theory direction (collisions among μ, φ, σ, τ), not just "the AI failed".</D3>
    <D4>PASS: standard_solution_key_technique specifies the double integral, split at y=-1, completing the square, yielding Φ(1) - 1/(2√e).</D4>
    <E1>UNKNOWN — check via script</E1>
  </check_results>
  <issues_found>dimension2_explanation is null (causes A4, B3, C1, C3, D2 failures), D1 fails due to absence of any required action verb in d1_explanation</issues_found>
</audit>
```

### AUDIT COMPLETE
DEVIN_CLI_EXITED code=0
