Looking at this problem, I need to figure out what the student can actually distinguish.

## Setting Up the Model

The buttons form a 3×2 grid. The student sees which buttons are lit, but since all other lights malfunction, the floor labels are invisible and the buttons are identical. The key example tells us: **if only one button is lit, the student observes the same arrangement regardless of which button it is.** This means the student cannot distinguish individual button positions — all 6 positions are equivalent under the student's observation.

This tells us the equivalence group is **S₃ × S₂** (arbitrary permutations of the 3 rows × arbitrary permutations of the 2 columns). The student sees the grid structure but, without floor labels on identical buttons, cannot tell which row is which or which column is which.

## Counting Orbits via Burnside's Lemma

I model each lighting pattern as a 3×2 binary matrix (1 = lit, 0 = unlit). Two patterns are the same observation iff one is obtained from the other by permuting rows and/or columns. I count orbits of non-empty matrices under G = S₃ × S₂ (order 12).

For (σ, τ) ∈ S₃ × S₂, a matrix is fixed iff it's constant on each orbit of (σ, τ) acting on the 6 cells. If σ has cycle lengths (a₁,…,aₚ) and τ has (b₁,…,b_q), the number of cell-orbits is **c(σ,τ) = Σ gcd(aᵢ, bⱼ)**, giving 2^{c(σ,τ)} fixed matrices.

| σ cycle type | τ cycle type | c(σ,τ) | # elements | fixed matrices |
|---|---|---|---|---|
| (1,1,1) | (1,1) | 6 | 1 | 64 |
| (1,1,1) | (2) | 3 | 1 | 8 |
| (2,1) | (1,1) | 4 | 3 | 16 |
| (2,1) | (2) | 3 | 3 | 8 |
| (3) | (1,1) | 2 | 2 | 4 |
| (3) | (2) | 1 | 2 | 2 |

**Total** = 1·64 + 1·8 + 3·16 + 3·8 + 2·4 + 2·2 = 64 + 8 + 48 + 24 + 8 + 4 = **156**

Number of orbits = 156 / 12 = **13** (including the all-unlit matrix).

Excluding the empty matrix: 13 − 1 = **12**.

## Verification by Direct Enumeration

Classifying by the number k of lit buttons, and using complementation (k ↔ 6−k):

- **k = 1:** 1 orbit — any single lit button is equivalent to any other. ✓ (matches the example)
- **k = 2:** 3 orbits — (a) both in the same row; (b) both in the same column, different rows; (c) different rows and different columns.
- **k = 3:** 3 orbits — (a) all three in one column; (b) two in one column + one in the other, sharing a row (row sums 2,1,0); (c) two in one column + one in the other, no shared row (row sums 1,1,1).
- **k = 4:** 3 orbits — by complementation with k = 2.
- **k = 5:** 1 orbit — by complementation with k = 1.
- **k = 6:** 1 orbit — all buttons lit.

**Total: 1 + 3 + 3 + 3 + 1 + 1 = 12** ✓

## Answer

The number of distinct arrangements the student can observe is **12**.

### PROOF COMPLETE
DEVIN_CLI_EXITED code=0
