## Solution

I need to find all numbers strictly less than 1000 that are palindromes in **both** base 10 and base 5, then sum the three largest.

### Setup

Since $1000_{10} = 12444_5$ (as $625+250+100+20+4=999$ and $1000 = 1\cdot625+2\cdot125+4\cdot25+4\cdot5+4$... let me recompute: $1000 = 1\cdot625 + 375 = 1\cdot625 + 3\cdot125 = 1\cdot625+3\cdot125+0\cdot25+0\cdot5+0 = 13000_5$). Base-5 palindromes below 1000 have at most 5 digits. I enumerate **all** base-5 palindromes $< 1000$ and check which are base-10 palindromes.

### 5-digit base-5 palindromes: form $\overline{abcba}_5$

Value $= a\cdot626 + b\cdot130 + c\cdot25$. Constraint: $< 1000$.

- $a=1$: $626 + 130b + 25c < 1000 \Rightarrow 130b+25c < 374$, giving $b\in\{0,1,2\}$, all $c\in\{0..4\}$.
- $a\ge 2$: value $\ge 1252 > 1000$. None valid.

Candidates (15 values): 626, 651, 676, 701, 726, 756, 781, 806, 831, 856, 886, 911, 936, 961, 986.

Checking base-10 palindromes: **626** ($626$✓) and **676** ($676$✓). The rest fail.

### 4-digit base-5 palindromes: form $\overline{abba}_5$

Value $= a\cdot126 + b\cdot30$. Max $= 4\cdot126+4\cdot30 = 624 < 1000$. All 20 valid.

Candidates: 126,156,186,216,246,252,282,312,342,372,378,408,438,468,498,504,534,564,594,624.

Base-10 palindrome check: only **252** ($252$✓).

### 3-digit base-5 palindromes: form $\overline{aba}_5$

Value $= a\cdot26 + b\cdot5$. Max $= 124$. Candidates: 26,31,36,41,46,52,57,62,67,72,78,83,88,93,98,104,109,114,119,124.

Base-10 palindrome check: only **88** ($88$✓).

### 2-digit and 1-digit base-5 palindromes

2-digit ($\overline{aa}_5 = 6a$): 6,12,18,24 → only **6** is a base-10 palindrome.
1-digit: 0,1,2,3,4 → all base-10 palindromes (trivially).

### Verification of the three largest

The three largest valid codes are **676, 626, 252**.

- **676**: base 10 → $676$ (palindrome ✓); base 5 → $676 = 1\cdot625+0\cdot125+2\cdot25+0\cdot5+1 = 10201_5$ (palindrome ✓)
- **626**: base 10 → $626$ (palindrome ✓); base 5 → $626 = 1\cdot625+0\cdot125+0\cdot25+0\cdot5+1 = 10001_5$ (palindrome ✓)
- **252**: base 10 → $252$ (palindrome ✓); base 5 → $252 = 2\cdot125+0\cdot25+0\cdot5+2 = 2002_5$ (palindrome ✓)

### Sum

$$676 + 626 + 252 = \boxed{1554}$$

### PROOF COMPLETE
DEVIN_CLI_EXITED code=0
