```xml
<audit>
  <analysis_result_key>2273007</analysis_result_key>
  <problem_id>polymath_00854</problem_id>
  <audit_status>PASS_SELECTABLE</audit_status>
  <check_results>
    <A1>PASS: dimension1_verdict is "PARTIAL_PROGRESS", which is one of the valid values.</A1>
    <A2>PASS: dimension1_explanation is non-empty and well over 50 characters, describing partial progress with concyclic conditions and missed orthocenter insight.</A2>
    <A3>PASS: dimension2_turning_point_type is "other", a valid value, and d1=PARTIAL_PROGRESS so d2 is required.</A3>
    <A4>PASS: dimension2_explanation is non-empty and well over 50 characters, describing the orthocenter recognition insight.</A4>
    <A5>PASS: ai_direction_summary is non-empty and describes the coordinate-geometry/angle-chasing approach taken.</A5>
    <A6>PASS: standard_solution_key_technique is non-empty and describes the orthocenter + PI=2R·cos technique.</A6>
    <B1>PASS: No XML tag leaks (no `</dimension` or `<dimension` strings) found in either explanation.</B1>
    <B2>PASS: No template placeholder leaks ("1-3 sentences", "ONE_OF:", "Your 1-3 sentence") found.</B2>
    <B3>PASS: Both explanations are well over 50 characters.</B3>
    <C1>PASS: d1=PARTIAL_PROGRESS, d2 has a value ("other"), consistent with the rule that d2 should be present.</C1>
    <C2>PASS: d1_exp describes partial progress (correct starting point reached, correct answer obtained, but missed the elegant turning point), matching the PARTIAL_PROGRESS label.</C2>
    <C3>PASS: d2_exp describes a synthetic geometry insight (orthocenter recognition), which is not a number-theoretic technique, correctly matching the "other" label.</C3>
    <D1>PASS: d1_exp is over 100 characters and contains action verbs "identified", "missed", "arrived".</D1>
    <D2>PASS: d2_exp is over 100 characters and contains mathematical terms (concyclic angle chain, orthocenter, cos, R_ABP).</D2>
    <D3>PASS: ai_direction_summary describes the specific direction taken (coordinate-geometry, angle-chasing, extended law of sines, numerical verification), not just "the AI failed".</D3>
    <D4>PASS: standard_solution_key_technique describes the specific technique (concyclic angle chain → orthocenter → PI=2R_ABP·cos(∠APB) with R_ABP=2R_ABC·sin(γ/2)), not a generic "clever method".</D4>
    <E1>UNKNOWN — check via script</E1>
  </check_results>
  <issues_found>none</issues_found>
</audit>
```

### AUDIT COMPLETE
DEVIN_CLI_EXITED code=0
