```xml
<audit>
  <analysis_result_key>2270662</analysis_result_key>
  <problem_id>oda_math_460k_00056887</problem_id>
  <audit_status>PASS_SELECTABLE</audit_status>
  <check_results>
    <A1>PASS: dimension1_verdict is DIRECTION_ERROR, a valid value.</A1>
    <A2>PASS: dimension1_explanation is non-empty and well over 50 characters.</A2>
    <A3>PASS: dimension2_turning_point_type is "other", a valid enum value, and d1 is DIRECTION_ERROR so a value is required.</A3>
    <A4>PASS: dimension2_explanation is non-empty and well over 50 characters.</A4>
    <A5>PASS: ai_direction_summary is non-empty and describes the AI's actual direction.</A5>
    <A6>PASS: standard_solution_key_technique is non-empty and describes the distance formula.</A6>
    <B1>PASS: No XML tag leaks in either explanation.</B1>
    <B2>PASS: No template placeholder leaks in either explanation.</B2>
    <B3>PASS: Both explanations are well over 50 characters.</B3>
    <C1>PASS: d1=DIRECTION_ERROR and d2 has a value, satisfying the consistency rule.</C1>
    <C2>PASS: d1_exp describes the AI going in a fundamentally wrong direction on a different problem, matching the DIRECTION_ERROR label.</C2>
    <C3>PASS: d2_type="other" is consistent with d2_exp describing the Euclidean distance formula, which is not one of the specific modular-arithmetic techniques.</C3>
    <D1>PASS: d1_exp is over 100 characters and contains action verbs ("addresses", "went").</D1>
    <D2>PASS: d2_exp is over 100 characters and contains mathematical terms (Pythagorean theorem, sqrt, Euclidean distance formula).</D2>
    <D3>PASS: ai_direction_summary describes the specific direction the AI took (linear algebra / adjugate matrices problem), not just "the AI failed".</D3>
    <D4>PASS: standard_solution_key_technique specifies the distance formula (Pythagorean theorem) with the actual computation, not a generic statement.</D4>
    <E1>UNKNOWN — check via script</E1>
  </check_results>
  <issues_found>none</issues_found>
</audit>
```

### AUDIT COMPLETE
DEVIN_CLI_EXITED code=0
