Looking at this problem, I need to compute:

$$\lim_{n\to\infty}\frac{\ln^2 n}{n}\sum_{k=2}^{n-2}\frac{1}{\ln k\cdot\ln(n-k)}$$

Let me work through this carefully.

**Answer Leak Check:** The problem contains no leaked answers or solution sketches. Proceeding.

---

## Proof

Let $L = \ln n$. Define
$$S_n = \frac{L^2}{n}\sum_{k=2}^{n-2}\frac{1}{\ln k\cdot\ln(n-k)}.$$

### Step 1: Symmetry reduction

The summand $f(k) = \frac{1}{\ln k\cdot\ln(n-k)}$ satisfies $f(k) = f(n-k)$, so the sum is symmetric about $k = n/2$. The middle term (when $n$ is even, $k = n/2$) contributes $\frac{L^2}{n}\cdot\frac{1}{\ln^2(n/2)} = \frac{L^2}{n(L - \ln 2)^2} \sim \frac{1}{n} \to 0$. Hence

$$S_n = \frac{2L^2}{n}\sum_{k=2}^{\lfloor n/2\rfloor}\frac{1}{\ln k\cdot\ln(n-k)} + o(1).$$

### Step 2: Split the half-sum

Fix $\epsilon \in (0,1/2)$ and split:
$$H_n := \frac{L^2}{n}\sum_{k=2}^{\lfloor n/2\rfloor}\frac{1}{\ln k\cdot\ln(n-k)} = \underbrace{\frac{L^2}{n}\sum_{k=2}^{\lceil n^\epsilon\rceil}\frac{1}{\ln k\cdot\ln(n-k)}}_{A_n} + \underbrace{\frac{L^2}{n}\sum_{k=\lceil n^\epsilon\rceil}^{\lfloor n/2\rfloor}\frac{1}{\ln k\cdot\ln(n-k)}}_{B_n}.$$

### Step 3: The edge contribution $A_n \to 0$

For $k \le n^\epsilon$ and $n$ large, $n - k \ge n - n^\epsilon \ge n/2$, so $\ln(n-k) \ge L - \ln 2$. Thus

$$A_n \le \frac{L^2}{n(L - \ln 2)}\sum_{k=2}^{\lceil n^\epsilon\rceil}\frac{1}{\ln k}.$$

By integral comparison, $\sum_{k=2}^{N}\frac{1}{\ln k} \le \frac{1}{\ln 2} + \int_2^{N}\frac{dx}{\ln x} = O\!\left(\frac{N}{\ln N}\right)$ (using the standard asymptotic $\operatorname{li}(N) \sim N/\ln N$). With $N = n^\epsilon$:

$$A_n \le \frac{L^2}{n(L - \ln 2)}\cdot O\!\left(\frac{n^\epsilon}{\epsilon L}\right) = O\!\left(\frac{L\cdot n^\epsilon}{n\cdot\epsilon}\right) = O\!\left(\frac{n^{\epsilon-1}}{\epsilon}\right) \to 0.$$

### Step 4: The bulk contribution $B_n \to 1/2$

For $k \in [n^\epsilon, n/2]$, set $\alpha = k/n \in [n^{\epsilon-1}, 1/2]$. Then

$$\frac{L}{\ln k} = \frac{1}{1 + \ln\alpha/L}, \qquad \frac{L}{\ln(n-k)} = \frac{1}{1 + \ln(1-\alpha)/L}.$$

**Uniform bound on the second factor:** For $\alpha \in [n^{\epsilon-1}, 1/2]$, we have $1-\alpha \in [1/2, 1-n^{\epsilon-1}]$, so $\ln(1-\alpha) \in [\ln(1/2),\, \ln(1-n^{\epsilon-1})] \to [\ln(1/2), 0]$, which is bounded. Hence $\ln(1-\alpha)/L \to 0$ uniformly, giving

$$\frac{L}{\ln(n-k)} = 1 + o(1) \quad \text{uniformly for } k \in [n^\epsilon, n/2].$$

**Reduction to a single-factor Riemann sum:** Define $g_n(u) = \frac{1}{1+\ln u/L}$ and $\varphi_n(u) = \frac{1}{1+\ln(1-u)/L}$. On $[n^{\epsilon-1}, 1/2]$, $g_n$ is bounded by $1/\epsilon$ (since $1 + \ln u/L \ge \epsilon$), and $\varphi_n \to 1$ uniformly. Therefore

$$B_n = \frac{1}{n}\sum_{k=\lceil n^\epsilon\rceil}^{\lfloor n/2\rfloor} g_n(k/n)\,\varphi_n(k/n) = \frac{1}{n}\sum_{k=\lceil n^\epsilon\rceil}^{\lfloor n/2\rfloor} g_n(k/n)\cdot(1+o(1)) + o(1).$$

**Riemann sum convergence:** The function $g_n$ is continuous on $[n^{\epsilon-1}, 1/2]$ with total variation

$$\operatorname{TV}(g_n) = \int_{n^{\epsilon-1}}^{1/2}\frac{du}{Lu\,(1+\ln u/L)^2} = \int_{\epsilon-1}^{-\ln 2/L}\frac{dv}{(1+v)^2} \le \frac{1}{\epsilon},$$

(substituting $v = \ln u/L$). Since $g_n$ is bounded by $1/\epsilon$ with total variation $\le 1/\epsilon$, the Riemann sum satisfies

$$\left|\frac{1}{n}\sum_{k=\lceil n^\epsilon\rceil}^{\lfloor n/2\rfloor} g_n(k/n) - \int_{n^{\epsilon-1}}^{1/2} g_n(u)\,du\right| = O\!\left(\frac{1}{n\epsilon}\right) \to 0.$$

**Evaluating the integral:** Substitute $u = e^{-vL}$ (so $v = -\ln u/L$, $du = -Le^{-vL}dv$). When $u = n^{\epsilon-1}$, $v = 1-\epsilon$; when $u = 1/2$, $v = \ln 2/L$. Then substitute $w = vL$:

$$\int_{n^{\epsilon-1}}^{1/2}\frac{du}{1+\ln u/L} = L\int_{\ln 2/L}^{1-\epsilon}\frac{e^{-vL}}{1-v}\,dv = \int_{\ln 2}^{(1-\epsilon)L}\frac{e^{-w}}{1-w/L}\,dw.$$

For $w \in [\ln 2, (1-\epsilon)L]$, we have $1 - w/L \ge \epsilon > 0$, so $\frac{e^{-w}}{1-w/L} \le \frac{e^{-w}}{\epsilon}$, which is integrable. For each fixed $w$, $\frac{1}{1-w/L} \to 1$ as $L \to \infty$. By the **Dominated Convergence Theorem**:

$$\int_{\ln 2}^{(1-\epsilon)L}\frac{e^{-w}}{1-w/L}\,dw \;\longrightarrow\; \int_{\ln 2}^{\infty} e^{-w}\,dw = e^{-\ln 2} = \frac{1}{2}.$$

Therefore $B_n \to 1/2$.

### Step 5: Conclusion

Combining Steps 3 and 4: $H_n = A_n + B_n \to 0 + \frac{1}{2} = \frac{1}{2}$.

By the symmetry reduction (Step 1):

$$S_n = 2H_n + o(1) \to 2\cdot\frac{1}{2} = 1.$$

$$\boxed{\lim_{n\to\infty}\frac{\ln^2 n}{n}\sum_{k=2}^{n-2}\frac{1}{\ln k\cdot\ln(n-k)} = 1}$$

### PROOF COMPLETE
DEVIN_CLI_EXITED code=0
