Looking at this problem, I need to find all possible values of $m$ (the gcd of entries of $M - I_n$) for $M \in SL_n(\mathbb{Z})$ of order $p = 7$, then sum them.

**Answer Leak Check:** The problem text contains no solutions, answer values, or proof sketches. Proceeding.

## Setup

Let $M \in SL_n(\mathbb{Z})$ with $M^7 = I_n$ and $M \neq I_n$. Set $N = M - I_n$ and $m = \gcd(\text{all entries of } N) \geq 1$. Write $N = mA$ where $A$ is an integer matrix with $\gcd(\text{entries of } A) = 1$.

## Bounding $m$: showing $m \mid 7$

From $M^7 = I_n$, i.e., $(I + mA)^7 = I$:

$$7mA + \binom{7}{2}m^2A^2 + \binom{7}{3}m^3A^3 + \cdots + m^7A^7 = 0$$

Dividing by $m$:

$$7A + m\underbrace{\left(21A^2 + 35mA^3 + 35m^2A^4 + 21m^3A^5 + 7m^4A^6 + m^5A^7\right)}_{B} = 0$$

So $7A = -mB$, meaning $m \mid 7\,a_{ij}$ for every entry $a_{ij}$ of $A$. Since $\gcd(a_{ij}) = 1$, we get $m \mid 7$. Thus $m \in \{1, 7\}$.

## Ruling out $m = 7$

Suppose $m = 7$. Substituting and dividing by $7$:

$$A + 21A^2 + 245A^3 + 1715A^4 + 7203A^5 + 2401A^6 + 16807A^7 = 0$$

so $A = -\left(21A^2 + 245A^3 + 1715A^4 + 7203A^5 + 2401A^6 + 16807A^7\right)$.

**Every coefficient on the right is divisible by 7:**
- $21 = 3 \cdot 7$
- $245 = 5 \cdot 7^2$
- $1715 = 5 \cdot 7^3$
- $7203 = 3 \cdot 7^4$
- $2401 = 7^4$
- $16807 = 7^5$

This follows because each coefficient is $\binom{7}{k}\cdot 7^{k-2}$ for $k \geq 2$, and $\binom{7}{k}$ is divisible by 7 for $1 \leq k \leq 6$ (since 7 is prime), while $7^{k-2}$ contributes at least one factor of 7 for $k \geq 3$; for $k=2$, $\binom{7}{2} = 21 = 3\cdot 7$; for $k=7$, $7^5$ is divisible by 7.

Therefore $A \equiv 0 \pmod{7}$, i.e., $7 \mid a_{ij}$ for every entry of $A$. This contradicts $\gcd(\text{entries of } A) = 1$.

**Hence $m = 7$ is impossible.**

## Confirming $m = 1$ is achievable

Consider the companion matrix $C$ of the 7th cyclotomic polynomial $\Phi_7(x) = x^6 + x^5 + x^4 + x^3 + x^2 + x + 1$:

$$C = \begin{pmatrix} 0 & 0 & 0 & 0 & 0 & -1 \\ 1 & 0 & 0 & 0 & 0 & -1 \\ 0 & 1 & 0 & 0 & 0 & -1 \\ 0 & 0 & 1 & 0 & 0 & -1 \\ 0 & 0 & 0 & 1 & 0 & -1 \\ 0 & 0 & 0 & 0 & 1 & -1 \end{pmatrix}$$

- **Determinant:** $\det(C) = (-1)^6 \cdot 1 = 1$ (constant term of $\Phi_7$ is 1, degree 6), so $C \in SL_6(\mathbb{Z})$. ✓
- **Order:** The minimal polynomial is $\Phi_7(x)$, which divides $x^7 - 1$, so $C^7 = I$ and $C \neq I$ (order exactly 7). ✓
- **Value of $m$:** $C - I$ contains entries $1, -1, -2$, so $\gcd(\text{entries of } C - I) = 1$. ✓

## Independent confirmation via Smith normal form

For any such $M$, the $\Phi_7$-part of $M - I$ (the matrix $A$ representing $\zeta_7 - 1$ on the non-trivial part) is a $6b \times 6b$ integer matrix with $|\det A| = N(\zeta_7-1)^b = 7^b$ (since $N_{\mathbb{Q}(\zeta_7)/\mathbb{Q}}(\zeta_7 - 1) = \Phi_7(1) = 7$). If the Smith normal form has invariant factors $d_1 \mid d_2 \mid \cdots \mid d_{6b}$ with product $7^b$, then $d_1^{6b} \leq 7^b$ gives $d_1 \leq 7^{1/6} < 2$, forcing $d_1 = 1$. Since $m = d_1$, we get $m = 1$.

## Conclusion

The only possible value of $m$ is $1$. The sum of all possible values is:

$$\boxed{1}$$

### PROOF COMPLETE
DEVIN_CLI_EXITED code=0
