Looking at this problem, I need to find the maximum of ∑a_k where a_k is the integer with the most kth-place votes (smallest on ties), over all possible sets of 2017 rankings of {1,...,38}.

**Answer leak check:** The problem contains only the problem statement — no solutions, hints, or formalization notes. Proceeding.

## Proof

**Setup.** Let v_{i,k} = number of voters placing integer i at position k. Each voter submits a permutation, so every row sum ∑_k v_{i,k} = 2017 (each integer used once per voter) and every column sum ∑_i v_{i,k} = 2017 (each position filled once per voter).

**Key inequality (minimum votes to win).** At position k, suppose a_k wins with v = v_{a_k,k} votes. Since a_k is the *smallest* integer achieving the maximum count:
- For i < a_k: v_{i,k} ≤ v − 1 (strictly fewer).
- For i > a_k: v_{i,k} ≤ v (may tie, but a_k wins the tiebreak).

Therefore:
$$2017 = v + \sum_{i<a_k} v_{i,k} + \sum_{i>a_k} v_{i,k} \le v + (a_k-1)(v-1) + (38-a_k)\,v = 38v - (a_k-1).$$

This gives **v ≥ ⌈(2016 + a_k)/38⌉**. Computing:
- **a_k = 38:** v ≥ ⌈2054/38⌉ = ⌈54.05⌉ = **55**
- **a_k = 37:** v ≥ ⌈2053/38⌉ = ⌈54.03⌉ = **55**
- **a_k ≤ 36:** v ≥ ⌈2052/38⌉ = **54** (since 38·54 = 2052 ≥ 2016 + 36, and the bound only decreases for smaller a_k)

**Budget constraint.** Integer i has exactly 2017 total votes. If i wins w_i positions, it needs at least min_v(i) votes at each, so w_i · min_v(i) ≤ 2017:
- w_38 ≤ ⌊2017/55⌋ = **36**
- w_37 ≤ ⌊2017/55⌋ = **36**
- w_i ≤ ⌊2017/54⌋ = **37** for i ≤ 36

**Upper bound.** Since ∑w_i = 38 and we maximize ∑(i·w_i), we assign greedily: w_38 = 36 (maximum), then w_37 = 2 (filling the remaining 2 positions). Any other distribution replaces a larger integer with a smaller one, yielding a smaller sum. Thus:

$$\sum_{k=1}^{38} a_k \le 36 \cdot 38 + 2 \cdot 37 = 1368 + 74 = \boxed{1442}.$$

**Construction achieving 1442.** We build a 38×38 non-negative integer matrix M with M[i][k] = v_{i,k}, all row sums and column sums equal to 2017, then invoke the integer Birkhoff–von Neumann theorem (any such matrix decomposes into 2017 permutation matrices).

*Positions 1–36: integer 38 wins.* Set M[38][k] = 55 for k = 1,…,36. Set M[37][k] = 53 for k = 1,…,35 and M[37][36] = 52 (total for row 37 so far: 35·53 + 52 = 1907).

*Positions 37–38: integer 37 wins.* Set M[37][37] = M[37][38] = 55 (total row 37: 1907 + 110 = 2017 ✓). Set M[38][37] = 19, M[38][38] = 18 (total row 38: 36·55 + 37 = 2017 ✓).

*Integers 1–36.* At each position, the remaining votes for integers 1–36 are:
- k = 1,…,35: 2017 − 55 − 53 = 1909, each ≤ 54. Assign 1 integer 54, 35 integers 53.
- k = 36: 2017 − 55 − 52 = 1910, each ≤ 54. Assign 2 integers 54, 34 integers 53.
- k = 37: 2017 − 55 − 19 = 1943, each ≤ 54. Assign 35 integers 54, 1 integer 53.
- k = 38: 2017 − 55 − 18 = 1944, each ≤ 54. Assign all 36 integers 54.

**Total "54-slots"** across all positions: 35 + 2 + 35 + 36 = 108. Each of the 36 integers needs exactly 3 slots of 54 (since 3·54 + 35·53 = 162 + 1855 = 2017), requiring 36·3 = 108 slots. ✓

**Slot assignment:** Give all 36 integers one slot at position 38 (36 slots). Give 35 integers a slot at position 37 (35 slots). The remaining integer gets 2 slots at position 36 (which has 2 slots). The 35 integers with 2 slots each get 1 more from positions 1–35 (35 slots). This accounts for all 108 slots, 3 per integer. ✓

**Verification of column sums:** Each column sums to 2017 by construction. **Verification of row sums:** Rows 37, 38 sum to 2017 ✓; each row i ≤ 36 sums to 3·54 + 35·53 = 2017 ✓.

By the integer Birkhoff–von Neumann theorem, M decomposes into 2017 permutation matrices, giving 2017 valid rankings. In this construction, a_k = 38 for k = 1,…,36 and a_k = 37 for k = 37,38, yielding sum = 1442.

**Conclusion.** The maximum possible value is **1442**.

### PROOF COMPLETE
DEVIN_CLI_EXITED code=0
