Error: Agent error: Permission denied: Permission denied: Reached overall message rate limit. Please try again later. Your limit will reset in 52 minutes. (trace ID: 059111c9f7f012abfceaee6ec2980b1b): {
  "cognition.ai/errorKind": "internal",
  "cognition.ai/retryable": true
}
DEVIN_CLI_EXITED code=1
Error: Agent error: Permission denied: Permission denied: Reached overall message rate limit. Please try again later. Your limit will reset in 49 minutes. (trace ID: 577764573cb4ac79c1f4df1a28bb2dfe): {
  "cognition.ai/errorKind": "internal",
  "cognition.ai/retryable": true
}
DEVIN_CLI_EXITED code=1
Error: Agent error: Permission denied: Permission denied: Reached overall message rate limit. Please try again later. Your limit will reset in 45 minutes. (trace ID: ef94d79297de186f77836bb88dd778c6): {
  "cognition.ai/errorKind": "internal",
  "cognition.ai/retryable": true
}
DEVIN_CLI_EXITED code=1
Error: Agent error: Permission denied: Permission denied: Reached overall message rate limit. Please try again later. Your limit will reset in 43 minutes. (trace ID: 03f5643ae690a5eef409ed135aaa0fed): {
  "cognition.ai/errorKind": "internal",
  "cognition.ai/retryable": true
}
DEVIN_CLI_EXITED code=1
Error: Agent error: Permission denied: Permission denied: Reached overall message rate limit. Please try again later. Your limit will reset in 39 minutes. (trace ID: aa69e1e6f84b6e6b5142d84de990ffe4): {
  "cognition.ai/errorKind": "internal",
  "cognition.ai/retryable": true
}
DEVIN_CLI_EXITED code=1
Error: Agent error: Permission denied: Permission denied: Reached overall message rate limit. Please try again later. Your limit will reset in 35 minutes. (trace ID: 3eb8bb1cbf944042e8c2baff4f5809fd): {
  "cognition.ai/errorKind": "internal",
  "cognition.ai/retryable": true
}
DEVIN_CLI_EXITED code=1
Error: Agent error: Permission denied: Permission denied: Reached overall message rate limit. Please try again later. Your limit will reset in 33 minutes. (trace ID: 5ead7afbf437cf7244ce6324854499a8): {
  "cognition.ai/errorKind": "internal",
  "cognition.ai/retryable": true
}
DEVIN_CLI_EXITED code=1
Error: Agent error: Permission denied: Permission denied: Reached overall message rate limit. Please try again later. Your limit will reset in 29 minutes. (trace ID: bef5ca39dab0209482336a476913a3f6): {
  "cognition.ai/errorKind": "internal",
  "cognition.ai/retryable": true
}
DEVIN_CLI_EXITED code=1
Error: Agent error: Permission denied: Permission denied: Reached overall message rate limit. Please try again later. Your limit will reset in 27 minutes. (trace ID: 56af02237cadbf025c2e8b1f272741e0): {
  "cognition.ai/errorKind": "internal",
  "cognition.ai/retryable": true
}
DEVIN_CLI_EXITED code=1
Error: Agent error: Permission denied: Permission denied: Reached overall message rate limit. Please try again later. Your limit will reset in 23 minutes. (trace ID: 464fe8b0c19ba4e7ba30ebedd38f9375): {
  "cognition.ai/errorKind": "internal",
  "cognition.ai/retryable": true
}
DEVIN_CLI_EXITED code=1
Error: Agent error: Permission denied: Permission denied: Reached overall message rate limit. Please try again later. Your limit will reset in 19 minutes. (trace ID: a8a290f39e6a708bd6058a952b19617f): {
  "cognition.ai/errorKind": "internal",
  "cognition.ai/retryable": true
}
DEVIN_CLI_EXITED code=1
Error: Agent error: Permission denied: Permission denied: Reached overall message rate limit. Please try again later. Your limit will reset in 17 minutes. (trace ID: 5078d3ca5b09e04f35fd34032222cbf7): {
  "cognition.ai/errorKind": "internal",
  "cognition.ai/retryable": true
}
DEVIN_CLI_EXITED code=1
Error: Agent error: Permission denied: Permission denied: Reached overall message rate limit. Please try again later. Your limit will reset in 13 minutes. (trace ID: 03d911c86857584a612e052bf18a08fa): {
  "cognition.ai/errorKind": "internal",
  "cognition.ai/retryable": true
}
DEVIN_CLI_EXITED code=1
Error: Agent error: Permission denied: Permission denied: Reached overall message rate limit. Please try again later. Your limit will reset in 11 minutes. (trace ID: 2bbf482d19b8c26d3f6bd49a5c9577e2): {
  "cognition.ai/errorKind": "internal",
  "cognition.ai/retryable": true
}
DEVIN_CLI_EXITED code=1
Error: Agent error: Permission denied: Permission denied: Reached overall message rate limit. Please try again later. Your limit will reset in 7 minutes. (trace ID: 53833028466599ba717c97d001929a0a): {
  "cognition.ai/errorKind": "internal",
  "cognition.ai/retryable": true
}
DEVIN_CLI_EXITED code=1
Error: Agent error: Permission denied: Permission denied: Reached overall message rate limit. Please try again later. Your limit will reset in 3 minutes. (trace ID: 96c53b6259037d61768434b67f3537b3): {
  "cognition.ai/errorKind": "internal",
  "cognition.ai/retryable": true
}
DEVIN_CLI_EXITED code=1
Error: Agent error: Permission denied: Permission denied: Reached overall message rate limit. Please try again later. Your limit will reset in 1 minute. (trace ID: 05431fbde099007149b411a024b373c5): {
  "cognition.ai/errorKind": "internal",
  "cognition.ai/retryable": true
}
DEVIN_CLI_EXITED code=1
Let me read the remaining parts of the AGENTS.md to understand the full analysis task.Now I'm finding the actual analysis task. Let me read the rest.Now I have the complete picture. Let me read the final part of the AI's thinking to confirm it never touches the actual problem.I now have the complete picture. The analysis is clear:

**Problem**: Compute a surface integral using the Divergence Theorem for F=(-a²y, b²x, z²) over an ellipsoid.

**Standard Solution**: Applies Divergence Theorem → div F = 2z → integral of odd function 2z over symmetric ellipsoid = 0. Answer: \boxed{0}

**AI's Thinking**: The AI spends its entire thinking process (~860 lines) solving a COMPLETELY DIFFERENT problem — analyzing whether there exists D > 0 such that |g^{(n)}(x)| ≤ D·n!/x^{n+1} for g(x) = x/((x+1)(x+2) - 2e^{-3x}). It explores Laplace transforms, geometric series, Gamma density convolutions, complex zeros, and asymptotic analysis. It never mentions surface integrals, the Divergence Theorem, vector fields, ellipsoids, or flux.

```xml
<analysis>
  <problem_id>deepmath_103k_00029155</problem_id>
  <dimension1_verdict>DIRECTION_ERROR</dimension1_verdict>
  <dimension1_explanation>The AI's thinking went in a fundamentally wrong direction — it attempted an entirely different problem about derivative bounds for g(x) = x/((x+1)(x+2) - 2e^{-3x}), exploring Laplace transforms and asymptotic analysis, rather than the surface integral problem involving the Divergence Theorem over an ellipsoid. The AI never mentions surface integrals, divergence, vector fields, or ellipsoids at any point in its ~860 lines of thinking.</dimension1_explanation>
  <dimension2_turning_point_type>other</dimension2_turning_point_type>
  <dimension2_explanation>The standard solution's key turning point is applying the Divergence Theorem to convert the surface integral into a volume integral of div F = 2z, then exploiting the symmetry of the ellipsoid (symmetric about z=0) with the oddness of the integrand 2z to conclude the integral is zero. This is a multivariable calculus technique (Divergence Theorem + odd-function-over-symmetric-domain symmetry), not a number-theoretic method.</dimension2_explanation>
  <ai_direction_summary>The AI attempted a completely unrelated analysis problem about Laplace transform representations and derivative bounds for g(x) = x/((x+1)(x+2) - 2e^{-3x}), never engaging with the actual surface integral problem.</ai_direction_summary>
  <standard_solution_key_technique>The standard solution uses the Divergence Theorem to reduce the surface integral to a volume integral of div F = 2z, then applies the symmetry argument that the integral of an odd function over a z-symmetric domain is zero.</standard_solution_key_technique>
  <confidence>high</confidence>
</analysis>
```

### ANALYSIS COMPLETE
DEVIN_CLI_EXITED code=0
