Error: Agent error: Permission denied: Permission denied: Reached overall message rate limit. Please try again later. Your limit will reset in 52 minutes. (trace ID: 6cc8b302afff5994d0419f77498475ea): {
  "cognition.ai/errorKind": "internal",
  "cognition.ai/retryable": true
}
DEVIN_CLI_EXITED code=1
Error: Agent error: Permission denied: Permission denied: Reached overall message rate limit. Please try again later. Your limit will reset in 50 minutes. (trace ID: ea0a097f7f83e5a9c502efa6c68113d1): {
  "cognition.ai/errorKind": "internal",
  "cognition.ai/retryable": true
}
DEVIN_CLI_EXITED code=1
Error: Agent error: Permission denied: Permission denied: Reached overall message rate limit. Please try again later. Your limit will reset in 48 minutes. (trace ID: 36eacfa2719fa593199850e896dea91f): {
  "cognition.ai/errorKind": "internal",
  "cognition.ai/retryable": true
}
DEVIN_CLI_EXITED code=1
Error: Agent error: Permission denied: Permission denied: Reached overall message rate limit. Please try again later. Your limit will reset in 46 minutes. (trace ID: 84610ccd59b832169d32801b7301075f): {
  "cognition.ai/errorKind": "internal",
  "cognition.ai/retryable": true
}
DEVIN_CLI_EXITED code=1
Error: Agent error: Permission denied: Permission denied: Reached overall message rate limit. Please try again later. Your limit will reset in 42 minutes. (trace ID: 3b2b27403ce300316628da4d30b005c1): {
  "cognition.ai/errorKind": "internal",
  "cognition.ai/retryable": true
}
DEVIN_CLI_EXITED code=1
Error: Agent error: Permission denied: Permission denied: Reached overall message rate limit. Please try again later. Your limit will reset in 40 minutes. (trace ID: 583881fecb898c3290f3ec1e338abccd): {
  "cognition.ai/errorKind": "internal",
  "cognition.ai/retryable": true
}
DEVIN_CLI_EXITED code=1
