Looking at this problem, I need to determine whether a function f: R² → R whose every vertical and horizontal slice is a polynomial must itself be a polynomial in two variables.

**Answer: The statement is TRUE.**

## Proof

For each b ∈ R, let e(b) = deg_x f(·, b) (the degree of x ↦ f(x, b) as a polynomial in x). Define the sets:

$$T_m = \{b \in \mathbb{R} : e(b) \le m\}, \quad m = 0, 1, 2, \dots$$

Since every horizontal slice f(·, b) is a polynomial, we have $\mathbb{R} = \bigcup_{m=0}^{\infty} T_m$.

**Claim: Each $T_m$ is closed.**

*Proof of claim.* Let $(b_n) \subset T_m$ with $b_n \to b \in \mathbb{R}$. For each $n$, write $f(x, b_n) = \sum_{j=0}^{m} c_j^{(n)} x^j$. Choose $m+1$ distinct reals $x_0, \dots, x_m$ and form the Vandermonde system:

$$f(x_i, b_n) = \sum_{j=0}^{m} c_j^{(n)} x_i^j, \quad i = 0, \dots, m.$$

Solving via the invertible Vandermonde matrix $V$:

$$c_j^{(n)} = \sum_{i=0}^{m} (V^{-1})_{ji}\, f(x_i, b_n).$$

By hypothesis, each $f(x_i, \cdot)$ is a polynomial in $y$, hence continuous, so $f(x_i, b_n) \to f(x_i, b)$. Thus $c_j^{(n)} \to c_j := \sum_i (V^{-1})_{ji}\, f(x_i, b)$.

For any $x$: $f(x, b_n) = \sum_j c_j^{(n)} x^j \to \sum_j c_j x^j$. But also $f(x, b_n) \to f(x, b)$ (since $f(x, \cdot)$ is a polynomial, hence continuous). Therefore $f(x, b) = \sum_{j=0}^{m} c_j x^j$, a polynomial in $x$ of degree $\le m$, so $b \in T_m$. ∎

**Applying Baire Category.** Since $\mathbb{R}$ is a complete metric space and $\mathbb{R} = \bigcup_{m=0}^{\infty} T_m$ with each $T_m$ closed, the Baire Category Theorem guarantees that some $T_M$ has nonempty interior. Thus there exists an open interval $(\alpha, \beta) \subset T_M$.

**Extracting coefficient functions.** For every $b \in (\alpha, \beta)$:

$$f(x, b) = \sum_{j=0}^{M} a_j(b)\, x^j.$$

Using the Vandermonde system with $x_0, \dots, x_M$:

$$a_j(b) = \sum_{i=0}^{M} (V^{-1})_{ji}\, f(x_i, b).$$

Since each $f(x_i, \cdot)$ is a polynomial in $b$, each $a_j(b)$ is a **polynomial in $b$** (a linear combination of polynomials), defined for all $b \in \mathbb{R}$.

**Extending to all of $\mathbb{R}^2$.** Fix any $a \in \mathbb{R}$. By hypothesis, $y \mapsto f(a, y)$ is a polynomial in $y$. For $y \in (\alpha, \beta)$:

$$f(a, y) = \sum_{j=0}^{M} a_j(y)\, a^j.$$

The right-hand side $Q(y) := \sum_{j=0}^{M} a_j(y)\, a^j$ is a polynomial in $y$ (since each $a_j$ is a polynomial). The polynomial $f(a, \cdot)$ agrees with the polynomial $Q$ on the open interval $(\alpha, \beta)$, so by the identity principle for polynomials:

$$f(a, y) = \sum_{j=0}^{M} a_j(y)\, a^j \quad \text{for all } y \in \mathbb{R}.$$

Since this holds for every $a \in \mathbb{R}$:

$$f(x, y) = \sum_{j=0}^{M} a_j(y)\, x^j \quad \text{for all } (x, y) \in \mathbb{R}^2.$$

Each $a_j(y)$ is a polynomial in $y$, so $f(x, y)$ is a polynomial in $(x, y)$. $\blacksquare$

### PROOF COMPLETE
DEVIN_CLI_EXITED code=0
