## 答案泄露自检

问题文本中不包含泄露的答案、解决方案或形式化说明。继续进行。

## 证明

设 $f:[0,1]\to[0,1]$ 为可微函数，满足 $f(f(x))=x$ 且 $f(0)=1$。

**步骤 1：基本性质。**

由 $f(f(0))=0$，我们得到 $f(1)=0$。对 $f(f(x))=x$ 求导得到
$$f'(f(x))\cdot f'(x)=1 \quad\text{对所有 }x\in[0,1].$$

**步骤 2：换元法。**

令 $I=\displaystyle\int_0^1 (x-f(x))^{2016}\,dx$。

代入 $t=f(x)$，则 $x=f(t)$（因为 $f$ 是对合函数），$dx=f'(t)\,dt$。边界变化为：当 $x=0$ 时 $t=1$；当 $x=1$ 时 $t=0$。且
$$x-f(x)=f(t)-f(f(t))=f(t)-t=-(t-f(t)).$$
由于 $2016$ 是偶数，$(x-f(x))^{2016}=(t-f(t))^{2016}$。因此
$$I=\int_{1}^{0}(t-f(t))^{2016}\,f'(t)\,dt=-\int_0^1 (x-f(x))^{2016}\,f'(x)\,dx. \tag{$\ast$}$$

**步骤 3：通过分部法计算被积函数。**

注意
$$\frac{d}{dx}\bigl[(x-f(x))^{2017}\bigr]=2017\,(x-f(x))^{2016}\,(1-f'(x)).$$
因此
$$(x-f(x))^{2016}\,f'(x)=(x-f(x))^{2016}-\frac{1}{2017}\frac{d}{dx}\bigl[(x-f(x))^{2017}\bigr].$$
从 $0$ 到 $1$ 积分：
$$\int_0^1 (x-f(x))^{2016}\,f'(x)\,dx = I - \frac{1}{2017}\Bigl[(x-f(x))^{2017}\Bigr]_0^1.$$
在 $x=1$ 处：$1-f(1)=1-0=1$。在 $x=0$ 处：$0-f(0)=-1$。由于 $2017$ 是奇数，
$$\Bigl[(x-f(x))^{2017}\Bigr]_0^1 = 1^{2017}-(-1)^{2017}=1-(-1)=2.$$
所以
$$\int_0^1 (x-f(x))^{2016}\,f'(x)\,dx = I - \frac{2}{2017}.$$

**步骤 4：结合 $(\ast)$。**

由 $(\ast)$ 得 $I = -\!\left(I-\dfrac{2}{2017}\right) = -I+\dfrac{2}{2017}$，因此
$$2I=\frac{2}{2017}\quad\Longrightarrow\quad I=\frac{1}{2017}.$$

$$\boxed{\displaystyle\int_0^1 (x-f(x))^{2016}\,dx=\frac{1}{2017}}$$

### PROOF COMPLETE
DEVIN_CLI_EXITED code=0
