Error: Agent error: Permission denied: Permission denied: Reached overall message rate limit. Please try again later. Your limit will reset in 53 minutes. (trace ID: 2178fd2424059cf89b2dff9aa080d19e): {
  "cognition.ai/errorKind": "internal",
  "cognition.ai/retryable": true
}
DEVIN_CLI_EXITED code=1
Error: Agent error: Permission denied: Permission denied: Reached overall message rate limit. Please try again later. Your limit will reset in 50 minutes. (trace ID: 586f12ddb948d4ce4da1b334982c2eae): {
  "cognition.ai/errorKind": "internal",
  "cognition.ai/retryable": true
}
DEVIN_CLI_EXITED code=1
Error: Agent error: Permission denied: Permission denied: Reached overall message rate limit. Please try again later. Your limit will reset in 48 minutes. (trace ID: 68bae70165568ceba5c19c3c3cf5ddb8): {
  "cognition.ai/errorKind": "internal",
  "cognition.ai/retryable": true
}
DEVIN_CLI_EXITED code=1
Error: Agent error: Permission denied: Permission denied: Reached overall message rate limit. Please try again later. Your limit will reset in 46 minutes. (trace ID: b4b29efcaa026dc026d4c5e936becec3): {
  "cognition.ai/errorKind": "internal",
  "cognition.ai/retryable": true
}
DEVIN_CLI_EXITED code=1
Error: Agent error: Permission denied: Permission denied: Reached overall message rate limit. Please try again later. Your limit will reset in 44 minutes. (trace ID: 1c43445ac7f62bed372e927474bf00e5): {
  "cognition.ai/errorKind": "internal",
  "cognition.ai/retryable": true
}
DEVIN_CLI_EXITED code=1
Error: Agent error: Permission denied: Permission denied: Reached overall message rate limit. Please try again later. Your limit will reset in 42 minutes. (trace ID: f6508f85f4f708baaae089bd38b7bc0c): {
  "cognition.ai/errorKind": "internal",
  "cognition.ai/retryable": true
}
DEVIN_CLI_EXITED code=1
Error: Agent error: Permission denied: Permission denied: Reached overall message rate limit. Please try again later. Your limit will reset in 40 minutes. (trace ID: 63423504ac499fb40cfe349994a56627): {
  "cognition.ai/errorKind": "internal",
  "cognition.ai/retryable": true
}
DEVIN_CLI_EXITED code=1
Error: Agent error: Permission denied: Permission denied: Reached overall message rate limit. Please try again later. Your limit will reset in 38 minutes. (trace ID: d44dc3231ec625a3eb0d964cb0320c4d): {
  "cognition.ai/errorKind": "internal",
  "cognition.ai/retryable": true
}
Error: Agent error: Permission denied: Permission denied: Reached overall message rate limit. Please try again later. Your limit will reset in 36 minutes. (trace ID: b806dd44f09ca8cf058febc1d9f3519d): {
  "cognition.ai/errorKind": "internal",
  "cognition.ai/retryable": true
}
DEVIN_CLI_EXITED code=1
Error: Agent error: Permission denied: Permission denied: Reached overall message rate limit. Please try again later. Your limit will reset in 34 minutes. (trace ID: a796c98c780eecebbe666a20ef404f82): {
  "cognition.ai/errorKind": "internal",
  "cognition.ai/retryable": true
}
DEVIN_CLI_EXITED code=1
Error: Agent error: Permission denied: Permission denied: Reached overall message rate limit. Please try again later. Your limit will reset in 32 minutes. (trace ID: adc61ddb1d50f064bdbb69b7fbc516ac): {
  "cognition.ai/errorKind": "internal",
  "cognition.ai/retryable": true
}
DEVIN_CLI_EXITED code=1
Error: Agent error: Permission denied: Permission denied: Reached overall message rate limit. Please try again later. Your limit will reset in 30 minutes. (trace ID: e642e9a301594cba1b9c9d81f539cc2d): {
  "cognition.ai/errorKind": "internal",
  "cognition.ai/retryable": true
}
DEVIN_CLI_EXITED code=1
Error: Agent error: Permission denied: Permission denied: Reached overall message rate limit. Please try again later. Your limit will reset in 28 minutes. (trace ID: 2a5c131106cd6ee3727306111fd937f9): {
  "cognition.ai/errorKind": "internal",
  "cognition.ai/retryable": true
}
DEVIN_CLI_EXITED code=1
Error: Agent error: Permission denied: Permission denied: Reached overall message rate limit. Please try again later. Your limit will reset in 26 minutes. (trace ID: 1e77f8ed07110c16364c201d72883746): {
  "cognition.ai/errorKind": "internal",
  "cognition.ai/retryable": true
}
DEVIN_CLI_EXITED code=1
Error: Agent error: Permission denied: Permission denied: Reached overall message rate limit. Please try again later. Your limit will reset in 24 minutes. (trace ID: d58413b2fdcc99e7546f6d9326252caf): {
  "cognition.ai/errorKind": "internal",
  "cognition.ai/retryable": true
}
DEVIN_CLI_EXITED code=1
Error: Agent error: Permission denied: Permission denied: Reached overall message rate limit. Please try again later. Your limit will reset in 22 minutes. (trace ID: 99e764b275ba009f5d77f8959785cfad): {
  "cognition.ai/errorKind": "internal",
  "cognition.ai/retryable": true
}
DEVIN_CLI_EXITED code=1
Error: Agent error: Permission denied: Permission denied: Reached overall message rate limit. Please try again later. Your limit will reset in 20 minutes. (trace ID: 2689181b466d0e8d8cd15e8c77e99790): {
  "cognition.ai/errorKind": "internal",
  "cognition.ai/retryable": true
}
DEVIN_CLI_EXITED code=1
Error: Agent error: Permission denied: Permission denied: Reached overall message rate limit. Please try again later. Your limit will reset in 18 minutes. (trace ID: 826ee3c8ce927a579b5a9b3b5f009a9d): {
  "cognition.ai/errorKind": "internal",
  "cognition.ai/retryable": true
}
DEVIN_CLI_EXITED code=1
Error: Agent error: Permission denied: Permission denied: Reached overall message rate limit. Please try again later. Your limit will reset in 16 minutes. (trace ID: cf63b48ca4ccb8a8fc4cfa0248baf7ce): {
  "cognition.ai/errorKind": "internal",
  "cognition.ai/retryable": true
}
DEVIN_CLI_EXITED code=1
Error: Agent error: Permission denied: Permission denied: Reached overall message rate limit. Please try again later. Your limit will reset in 14 minutes. (trace ID: fb1afbbbfa9bd7925089fa9053eec029): {
  "cognition.ai/errorKind": "internal",
  "cognition.ai/retryable": true
}
DEVIN_CLI_EXITED code=1
Error: Agent error: Permission denied: Permission denied: Reached overall message rate limit. Please try again later. Your limit will reset in 12 minutes. (trace ID: 56893b2ad456395aa0641515f35ac31c): {
  "cognition.ai/errorKind": "internal",
  "cognition.ai/retryable": true
}
DEVIN_CLI_EXITED code=1
Error: Agent error: Permission denied: Permission denied: Reached overall message rate limit. Please try again later. Your limit will reset in 10 minutes. (trace ID: b1d82b7b716bd710eb4b15dda8f02686): {
  "cognition.ai/errorKind": "internal",
  "cognition.ai/retryable": true
}
DEVIN_CLI_EXITED code=1
Error: Agent error: Permission denied: Permission denied: Reached overall message rate limit. Please try again later. Your limit will reset in 8 minutes. (trace ID: df1a4d1fa7c42e24e88d075361c8ff7d): {
  "cognition.ai/errorKind": "internal",
  "cognition.ai/retryable": true
}
DEVIN_CLI_EXITED code=1
Error: Agent error: Permission denied: Permission denied: Reached overall message rate limit. Please try again later. Your limit will reset in 6 minutes. (trace ID: 7dd63ae891b121468cb776115832414c): {
  "cognition.ai/errorKind": "internal",
  "cognition.ai/retryable": true
}
DEVIN_CLI_EXITED code=1
Error: Agent error: Permission denied: Permission denied: Reached overall message rate limit. Please try again later. Your limit will reset in 4 minutes. (trace ID: 61227a48f775f5fd9dee96b630195494): {
  "cognition.ai/errorKind": "internal",
  "cognition.ai/retryable": true
}
DEVIN_CLI_EXITED code=1
Error: Agent error: Permission denied: Permission denied: Reached overall message rate limit. Please try again later. Your limit will reset in 2 minutes. (trace ID: fa87f19734180d4868276809e302b8d0): {
  "cognition.ai/errorKind": "internal",
  "cognition.ai/retryable": true
}
DEVIN_CLI_EXITED code=1
Error: Agent error: Permission denied: Permission denied: Reached overall message rate limit. Please try again later. Your limit will reset in 37 seconds. (trace ID: 7d8247591c5391f1cdde0c3cb0921f03): {
  "cognition.ai/errorKind": "internal",
  "cognition.ai/retryable": true
}
DEVIN_CLI_EXITED code=1
我已经读完了 AGENTS.md 文件。让我分析一下它的结构：它包含了问题文本（Mary game）、标准解答（答案：2）以及一段很长的轨迹（约 2074 行），该轨迹求解的是一个完全不同的问题（T₂-space topology）。让我检查一下轨迹的中间部分，以全面了解其内容。现在我已经全面了解了 `AGENTS.md` 文件。它包含：
1. **问题文本**：Mary "all or one" 博弈问题（第 4 行）
2. **标准解答**：Mary 问题的解答，答案为 2 个兄弟（第 5-217 行）
3. **轨迹**：关于一个完全不同的 T₂-空间拓扑问题的约 2074 行内容（第 218-2291 行）

让我生成 XML 分析结果。

```xml
<?xml version="1.0" encoding="UTF-8"?>
<analysis>
  <metadata>
    <session_id>r000668-deepmath_103k_00010256</session_id>
    <analysis_type>full-analysis</analysis_type>
    <temperature>30c</temperature>
    <date>2026-08-15</date>
    <agents_md_lines>2292</agents_md_lines>
    <trajectory_lines>2074</trajectory_lines>
  </metadata>

  <problem_text>
    <raw_text>Mary and her brothers play a game called "all or one" to decide who will do the dishes. The game is played by at least three people, and in each round, each player chooses a natural number simultaneously. A player wins if they choose a certain number and all others choose the same different number. Mary chooses the number of available numbers, k > 1, such that the probability of a fixed person winning in the first round is an integer percentage. Given that k and the total number of players n (including Mary) are relatively prime, determine how many brothers Mary has.</raw_text>
    <domain>combinatorics / number theory / probability</domain>
    <key_constraints>
      <constraint>n >= 3 (at least three players)</constraint>
      <constraint>k > 1 (number of available numbers)</constraint>
      <constraint>probability of fixed player winning = integer percentage</constraint>
      <constraint>gcd(k, n) = 1 (k and n relatively prime)</constraint>
    </key_constraints>
  </problem_text>

  <standard_solution>
    <answer>2</answer>
    <answer_format>n - 1 = 3 - 1 = 2 brothers</answer_format>
    <key_steps>
      <step number="1">Model probability: P(fixed player wins) = (k-1)/k^(n-1)</step>
      <step number="2">Set (k-1)/k^(n-1) = p/100 for integer p, yielding k^(n-1) | 100(k-1)</step>
      <step number="3">Check small k values: k=2 gives n=3 (25%), k=5 gives n=3 (16%), k=10 gives n=3 (9%)</step>
        <step number="4">Verify n=4,5,6,7 all fail the divisibility condition</step>
      <step number="5">Conclude n=3 is the unique solution, so Mary has 2 brothers</step>
    </key_steps>
    <correctness>verified — multiple k values (2, 5, 10) all yield n=3, all coprime with 3</correctness>
  </standard_solution>

  <trajectory_analysis>
    <critical_finding>
      <type>PROBLEM_MISMATCH</type>
      <severity>CRITICAL</severity>
      <description>The trajectory (lines 218-2291) works on a COMPLETELY DIFFERENT problem than the stated problem text. The stated problem is the Mary "all or one" game (combinatorics/number theory). The trajectory solves: "For every infinite cardinal κ, does there exist a T₂-space of cardinality κ where every non-empty open set is homeomorphic to the space itself?" (topology/set theory).</description>
      <evidence>
        <item>Trajectory line 218: "The problem asks: For every infinite cardinal κ, does there exist a T₂-space..."</item>
        <item>No mention of Mary, brothers, dishes, or the "all or one" game anywhere in the 2074-line trajectory</item>
        <item>The two problems are from entirely different mathematical domains</item>
      </evidence>
      <possible_causes>
        <cause priority="1">Template filling error: the {题目文本} and {标准解答} placeholders were filled with data from a different problem than the trajectory</cause>
        <cause priority="2">The Devin CLI session received the wrong problem prompt</cause>
        <cause priority="3">The trajectory was extracted from the wrong session</cause>
      </possible_causes>
    </critical_finding>

    <trajectory_content_summary>
      <problem_solved>T₂-space self-similarity for all infinite cardinals κ</problem>
      <domain>general topology / set theory</domain>
      <approaches_attempted>
        <approach id="1" outcome="partial_success">Q with usual topology for κ = ℵ₀ (Sierpiński theorem: countable metrizable spaces without isolated points ≅ Q)</approach>
        <approach id="2" outcome="failed">κ_d × Q (product topology) — fails because {α} × Q is open with cardinality ℵ₀ < κ</approach>
        <approach id="3" outcome="failed">Lexicographic order on κ × Q — fails because open intervals within single copy are small</approach>
        <approach id="4" outcome="failed">Co-<κ filter topology — not T₂ (hyperconnected)</approach>
        <approach id="5" outcome="partial_success">Baire space ω^ω — works for κ = 2^{ℵ₀}, every non-empty open set ≅ ω^ω</approach>
        <approach id="6" outcome="failed">Tree of height 2 — branch space has indiscrete blocks, not T₂</approach>
        <approach id="7" outcome="partial_success">Self-similar tree of height ω with branching b — gives |[T]| = b^{ℵ₀}, works only when κ^{ℵ₀} = κ</approach>
        <approach id="8" outcome="partial_success">G = ⊕_{i<κ} Z/2Z with subspace topology from 2^κ — |G| = κ, T₂, basic open sets ≅ G, but maximal antichain covering issue with partial function trees</approach>
        <approach id="9" outcome="most_promising">κ^λ with tree topology from κ^{<λ} (sequence tree) — works when κ^λ = κ and λ is a limit ordinal. Proved: every non-empty open set ≅ κ^λ via maximal antichain decomposition + homeomorphism κ^λ ≅ ⊕_{i<μ} κ^λ for 1 ≤ μ ≤ κ</approach>
      </approaches_attempted>
      <key_mathematical_insights>
        <insight>Q works for κ = ℵ₀ via Sierpiński's theorem</insight>
        <insight>Baire space ω^ω works for κ = 2^{ℵ₀} because it's non-compact and ω^ω ≅ ⊕_{i<ω} ω^ω</insight>
        <insight>Cantor space 2^ω does NOT work because it's compact but ⊕_{i<ω} 2^ω is not</insight>
        <insight>Sequence trees (compatibility = comparability) enable maximal antichain covering, unlike partial function trees</insight>
        <insight>For tree topology on κ^λ: proved maximal antichain covers all branches when λ is a limit ordinal (key argument: if a_α extends b↾α for all α < λ, then |a| ≥ λ, contradicting a ∈ κ^{<λ})</insight>
        <insight>Proved κ^λ ≅ ⊕_{i<μ} κ^λ for any 1 ≤ μ ≤ κ via explicit homeomorphism using partition of κ into μ parts</insight>
      </key_mathematical_insights>
      <unresolved_issues>
        <issue>For κ = ℵ₀: no limit ordinal λ with b^λ = ℵ₀ (since b^ω ≥ 2^ω > ℵ₀ for b ≥ 2). Q handles this separately.</issue>
        <issue>For singular cardinals like ℵ_ω: κ^ω > κ by König's theorem, so λ = ω doesn't work. Need to find appropriate λ.</issue>
        <issue>General question remains: for every infinite κ, does there exist a limit ordinal λ with κ^λ = κ?</issue>
        <issue>The trajectory ends mid-exploration at this point without resolution</issue>
      </unresolved_issues>
    </trajectory_content_summary>

    <trajectory_completeness>
      <reached_conclusion>false</reached_conclusion>
      <final_state>The trajectory is cut off mid-exploration. The last lines discuss κ = ℵ_ω and König's theorem, showing κ^ω > κ for singular κ with cf(κ) = ω. No final answer is given.</final_state>
      <completion_percentage estimate="60">The agent established the framework (tree topology, maximal antichain, homeomorphism decomposition) but did not resolve the cardinal arithmetic obstacle for singular cardinals.</completion_percentage>
    </trajectory_completeness>

    <reasoning_quality>
      <mathematical_depth>HIGH — The trajectory demonstrates sophisticated understanding of: Sierpiński's theorem, Baire space properties, tree topologies, maximal antichains, König's theorem, cardinal arithmetic, compactness arguments</mathematical_depth>
      <self_correction_frequency>HIGH — The agent frequently identifies errors in its own reasoning (e.g., discovering Cantor space doesn't work due to compactness, discovering partial function trees don't support maximal antichain covering, discovering height-2 trees give non-T₂ spaces)</self_correction_frequency>
      <circular_reasoning_instances>
        <instance>Lines 724-726: Attempting to prove G ≅ G ⊕ G by noting complement of basic clopen set is a finite union of copies of G, which requires G ≅ G ⊕ G — agent recognizes this circularity</instance>
        <instance>Lines 2066-2075: Absorption argument for X ≅ ⊕_{i<μ} X becomes circular — agent recognizes and switches to direct construction</instance>
      </circular_reasoning_instances>
      <exploration_efficiency>LOW — The agent tries 9+ different approaches, many of which fail for predictable reasons. Could benefit from earlier recognition that "every non-empty open set has cardinality κ" is the key constraint.</exploration_efficiency>
    </reasoning_quality>
  </trajectory_analysis>

  <failure_classification>
    <primary_failure>
      <type>PROBLEM_MISMATCH</type>
      <description>The trajectory does not address the stated problem at all. The Mary game problem (combinatorics) is replaced entirely by a T₂-space topology problem.</description>
      <impact>TOTAL — No part of the trajectory is relevant to the stated problem</impact>
    </primary_failure>
    <secondary_failure>
      <type>INCOMPLETE_TRAJECTORY</type>
      <description>Even taking the trajectory's actual problem at face value, the agent does not reach a conclusion. The exploration is cut off while grappling with the cardinal arithmetic obstacle for singular cardinals.</description>
      <impact>SIGNIFICANT — The core mathematical framework is established but the final construction for all infinite κ is not completed</impact>
    </secondary_failure>
    <tertiary_failure>
      <type>EXPLORATION_EFFICIENCY</type>
      <description>The agent cycles through many failed approaches before identifying the key insight (sequence trees with limit ordinal height). Several failed approaches (product topology, filter topology, height-2 trees) could have been ruled out earlier.</description>
      <impact>MODERATE — Excessive exploration consumes trajectory length without proportional progress</impact>
    </tertiary_failure>
  </failure_classification>

  <comparison_to_standard_solution>
    <applicable>false</applicable>
    <reason>The standard solution addresses the Mary game problem (answer: 2 brothers). The trajectory addresses a completely different T₂-space topology problem. No comparison is possible.</reason>
    <note>If the trajectory were meant to solve the Mary problem, it completely failed to engage with the problem. If the trajectory is the correct session and the problem text/solution are wrong, then the standard solution for the T₂-space problem is missing and cannot be compared.</note>
  </comparison_to_standard_solution>

  <recommendations>
    <recommendation priority="1">
      <action>Fix template data alignment</action>
      <detail>Ensure {题目文本} and {标准解答} placeholders are filled with the problem and solution matching the actual trajectory. The current mismatch makes analysis meaningless.</detail>
    </recommendation>
    <recommendation priority="2">
      <action>Verify session extraction</action>
      <detail>Confirm that the trajectory was extracted from the correct Devin CLI session (r000668, problem 00010256). The trajectory's problem (T₂-space topology) may belong to a different problem ID.</detail>
    </recommendation>
    <recommendation priority="3">
      <action>If trajectory is correct, obtain proper standard solution</action>
      <detail>The T₂-space problem requires a standard solution to assess the trajectory's correctness. Key question: does the construction κ^λ with tree topology work for ALL infinite κ, including singular cardinals?</detail>
    </recommendation>
    <recommendation priority="4">
      <action>Address trajectory incompleteness</action>
      <detail>Even with correct problem alignment, the trajectory ends without resolution. The agent needs to either: (a) find a construction for singular cardinals, or (b) prove the result is independent of ZFC for some κ.</detail>
    </recommendation>
  </recommendations>

  <summary>
    <overall_assessment>UNANALYZABLE due to critical problem mismatch. The AGENTS.md template contains problem text and standard solution for the Mary "all or one" game (combinatorics, answer: 2 brothers), but the trajectory is a 2074-line exploration of a T₂-space self-similarity problem (topology/set theory). These are entirely different mathematical problems from different domains. The trajectory itself demonstrates high-quality mathematical reasoning (sophisticated use of Baire space theory, tree topologies, cardinal arithmetic, König's theorem) but is incomplete — it ends mid-exploration without resolving the construction for singular cardinals. The primary failure is the data mismatch, which must be corrected before meaningful analysis can be performed.</overall_assessment>
    <trajectory_mathematical_quality>7/10 — Deep reasoning, good self-correction, but incomplete and inefficient exploration</trajectory_mathematical_quality>
    <problem_alignment_score>0/10 — Complete mismatch between stated problem and trajectory content</problem_alignment_score>
  </summary>
</analysis>
```

### 分析完成
DEVIN_CLI_EXITED code=0
