Looking at this problem, I need to determine whether a configuration of counters on a 100×100 board can produce exactly one "nice" cell (a cell with an even number of counters in its adjacent cells).

**Answer Leak Check:** The problem text contains no leaked solutions or answer values. Proceeding to solve.

---

## Proof

**Setup and reduction to $\mathbb{F}_2$.** Index cells by $(i,j)$ with $1 \le i,j \le 100$, and let adjacency mean sharing a side. Let $x_v \in \mathbb{F}_2$ denote the parity of the number of counters in cell $v$. Since a cell $v$ is *nice* iff the total number of counters in its neighbors is even, and parity of a sum equals the sum of parities, cell $v$ is nice iff
$$\sum_{u \sim v} x_u = 0 \quad \text{in } \mathbb{F}_2.$$

Let $G = P_{100} \mathbin{\square} P_{100}$ be the grid graph and $A$ its adjacency matrix over $\mathbb{F}_2$. The "niceness indicator" vector is $y = Ax$: entry $y_v = 0$ means $v$ is nice, $y_v = 1$ means not nice. Having **exactly one** nice cell at position $c = (c_1, c_2)$ means
$$y = \mathbf{1} + e_c,$$
where $\mathbf{1}$ is the all-ones vector and $e_c$ the unit vector. Thus we need $\mathbf{1} + e_c \in \operatorname{Im}(A)$.

**Orthogonality condition.** Since $A$ is symmetric, $\operatorname{Im}(A) = (\ker A)^\perp$ over $\mathbb{F}_2$. So we need:
$$\langle \mathbf{1} + e_c,\, Z \rangle = 0 \quad \text{for all } Z \in \ker(A),$$
i.e., $\sum_v Z_v + Z_c = 0$ for all $Z \in \ker(A)$. We compute $\ker(A)$ explicitly.

**Structure of $\ker(A)$.** We have $A = I \otimes B + B \otimes I$ where $B = B_{100}$ is the adjacency matrix of the path $P_{100}$ (tridiagonal with 1's on the sub/super-diagonals). Identifying vectors with $100 \times 100$ matrices, $AZ = 0$ becomes
$$BZ + ZB = 0 \iff BZ = ZB \quad (\text{over } \mathbb{F}_2).$$
So $\ker(A)$ equals the **centralizer** (commuting algebra) of $B$.

The matrix $B$ is a Jacobi matrix (tridiagonal with all off-diagonal entries nonzero). Such matrices are **non-derogatory**: $e_1$ is a cyclic vector since $B^k e_1$ has its leading entry in position $k+1$, so $\{e_1, Be_1, \dots, B^{99}e_1\}$ is linearly independent and the minimal polynomial has degree 100 (= matrix size). For a non-derogatory matrix, the centralizer is exactly the algebra of polynomials in $B$:
$$\ker(A) = \{\, f(B) : f \in \mathbb{F}_2[\lambda],\ \deg f < 100 \,\},$$
with basis $\{I, B, B^2, \dots, B^{99}\}$.

**Step 1: The total sum $\sum_v Z_v$ vanishes for all $Z \in \ker(A)$.** For $Z = f(B)$,
$$\sum_{i,j} f(B)_{ij} = \mathbf{1}^\top f(B)\,\mathbf{1}.$$
It suffices to show $\mathbf{1}^\top B^k \mathbf{1} = 0$ for all $k \ge 0$. The matrix $B$ is **persymmetric** (symmetric about the anti-diagonal): $JB = BJ$ where $J$ is the reversal matrix ($J_{ij} = \delta_{i,101-j}$), since $B_{101-i,j} = [|101{-}i{-}j|=1] = [|i{+}j{-}101|=1] = B_{i,101-j}$. The vector $\mathbf{1}$ is palindromic ($J\mathbf{1} = \mathbf{1}$). By induction, $B^k \mathbf{1}$ is palindromic for every $k$: if $Jv = v$ then $J(Bv) = B(Jv) = Bv$. A palindromic vector in $\mathbb{F}_2^{100}$ (even dimension, so no fixed point under reversal) has **even** weight, since entries pair up as $(i, 101{-}i)$. Therefore
$$\mathbf{1}^\top B^k \mathbf{1} = \sum_i (B^k \mathbf{1})_i = \operatorname{wt}(B^k\mathbf{1}) \equiv 0 \pmod 2.$$
By linearity, $\mathbf{1}^\top f(B)\,\mathbf{1} = 0$ for all $f$, so $\sum_v Z_v = 0$ for every $Z \in \ker(A)$.

**Step 2: No position is always zero on $\ker(A)$.** The orthogonality condition now reduces to: $Z_c = 0$ for all $Z \in \ker(A)$, i.e., $f(B)_{c_1, c_2} = 0$ for all polynomials $f$ of degree $< 100$. We show this is impossible. Set $d = |c_1 - c_2|$ (with $0 \le d \le 99$) and take $f(\lambda) = \lambda^d$. Then
$$(B^d)_{c_1, c_2} = \text{number of walks of length } d \text{ from } c_1 \text{ to } c_2 \text{ in } P_{100}.$$
- If $d = 0$ (i.e., $c_1 = c_2$): $(B^0)_{c_1,c_1} = 1$.
- If $d > 0$: a walk of length $d$ from $c_1$ to $c_2$ with $|c_1 - c_2| = d$ must move in a single direction at every step (each step changes the coordinate by $\pm 1$, and to cover distance $d$ in exactly $d$ steps, all steps go the same way). This gives exactly **one** walk, so $(B^d)_{c_1,c_2} = 1$.

In either case $(B^d)_{c_1,c_2} = 1 \neq 0$, contradicting the requirement that $f(B)_{c_1,c_2} = 0$ for all $f$.

**Conclusion.** There is no cell $c$ for which $\mathbf{1} + e_c \in \operatorname{Im}(A)$. Equivalently, no placement of counters (in any integer multiplicities) can make exactly one cell nice.

$$\boxed{\text{No, exactly one cell cannot be nice.}}$$

### PROOF COMPLETE
DEVIN_CLI_EXITED code=0
