## Solution

We find the residue of $f(z) = \dfrac{z}{1 - \cos z}$ at $z = 2k\pi$, $k \in \mathbb{Z}$.

**Step 1: Identify the poles.**

The denominator $1 - \cos z = 0$ when $\cos z = 1$, i.e., at $z = 2n\pi$ for $n \in \mathbb{Z}$. Since $\cos z$ has a zero of order 2 at each such point (because $-\sin(2n\pi) = 0$ but $\cos(2n\pi) = 1 \neq 0$... more precisely, $1 - \cos z$ has Taylor expansion starting with $z^2/2$), each $z = 2k\pi$ is a pole of $f$.

**Step 2: Determine the order of the pole.**

Set $w = z - 2k\pi$. Then $\cos z = \cos(w + 2k\pi) = \cos w$, so

$$1 - \cos z = 1 - \cos w = \frac{w^2}{2} - \frac{w^4}{24} + \cdots = \frac{w^2}{2}\left(1 - \frac{w^2}{12} + \cdots\right).$$

The numerator is $z = w + 2k\pi$.

- **Case $k = 0$:** $f(z) = \dfrac{z}{1 - \cos z} \sim \dfrac{z}{z^2/2} = \dfrac{2}{z}$, so $z = 0$ is a **simple pole** with residue $2$.

- **Case $k \neq 0$:** The numerator $w + 2k\pi \to 2k\pi \neq 0$ while the denominator vanishes to order 2, so $z = 2k\pi$ is a **pole of order 2**.

**Step 3: Compute the residue for $k \neq 0$ via the order-2 pole formula.**

For a pole of order 2 at $z = a$:

$$\operatorname{Res}_{z=a} f(z) = \lim_{z \to a} \frac{d}{dz}\left[(z-a)^2 f(z)\right].$$

With $a = 2k\pi$ and $w = z - a$:

$$(z - a)^2 f(z) = w^2 \cdot \frac{w + 2k\pi}{1 - \cos w} = (w + 2k\pi)\cdot h(w),$$

where $h(w) = \dfrac{w^2}{1 - \cos w}$. Then

$$\operatorname{Res} = \frac{d}{dw}\Big[(w + 2k\pi)\,h(w)\Big]\Bigg|_{w=0} = h(0) + 2k\pi\, h'(0).$$

**Step 4: Evaluate $h(0)$ and $h'(0)$.**

Using the series $1 - \cos w = \dfrac{w^2}{2} - \dfrac{w^4}{24} + \cdots$:

$$h(w) = \frac{w^2}{\frac{w^2}{2}\left(1 - \frac{w^2}{12} + \cdots\right)} = \frac{2}{1 - \frac{w^2}{12} + \cdots} = 2\left(1 + \frac{w^2}{12} + \cdots\right) = 2 + \frac{w^2}{6} + \cdots$$

Therefore:
- $h(0) = 2$,
- $h'(w) = \dfrac{w}{3} + \cdots$, so $h'(0) = 0$.

**Step 5: Conclude.**

$$\operatorname{Res}_{z = 2k\pi} f(z) = h(0) + 2k\pi \cdot h'(0) = 2 + 2k\pi \cdot 0 = 2.$$

This holds for **all** $k \in \mathbb{Z}$ (including $k = 0$, as verified in Step 2).

$$\boxed{\operatorname{Res}_{z=2k\pi}\frac{z}{1-\cos z} = 2 \quad \text{for all } k \in \mathbb{Z}.}$$

### PROOF COMPLETE
DEVIN_CLI_EXITED code=0
