I'll solve this boundary value problem (wave equation on a unit disk in polar coordinates) directly.

## (a) Solution

**The PDE** is the 2D wave equation $u_{tt} = \nabla^2 u$ in polar coordinates on the unit disk $0 < \rho < 1$, with Dirichlet boundary condition $u(1,\phi,t)=0$, boundedness at $\rho=0$, initial displacement $u(\rho,\phi,0)=\rho\cos 3\phi$, and zero initial velocity $u_t(\rho,\phi,0)=0$.

**Separation of variables.** Set $u = R(\rho)\,\Phi(\phi)\,T(t)$. Substituting and dividing:

$$\frac{T''}{T} = \frac{R''}{R} + \frac{1}{\rho}\frac{R'}{R} + \frac{1}{\rho^2}\frac{\Phi''}{\Phi} = -\lambda.$$

**Angular equation:** $\Phi'' + n^2\Phi = 0$, with $n \in \mathbb{Z}$ (periodicity $2\pi$). Solutions: $\cos n\phi$, $\sin n\phi$.

**Temporal equation:** $T'' + \lambda\, T = 0$, giving $T(t) = A\cos(\sqrt{\lambda}\,t) + B\sin(\sqrt{\lambda}\,t)$.

**Radial equation (Bessel):** $R'' + \frac{1}{\rho}R' + \left(\lambda - \frac{n^2}{\rho^2}\right)R = 0$. Boundedness at $\rho=0$ selects $R = J_n(\sqrt{\lambda}\,\rho)$ (rejecting $Y_n$). The boundary condition $R(1)=0$ requires $J_n(\sqrt{\lambda})=0$, so $\sqrt{\lambda} = j_{n,k}$, the $k$-th positive zero of $J_n$. Eigenvalues: $\lambda_{n,k} = j_{n,k}^2$.

**General solution:**

$$u(\rho,\phi,t) = \sum_{n,k}\bigl[A_{n,k}\cos(j_{n,k}t)+B_{n,k}\sin(j_{n,k}t)\bigr]J_n(j_{n,k}\rho)\cos n\phi$$
$$\quad + \sum_{n,k}\bigl[C_{n,k}\cos(j_{n,k}t)+D_{n,k}\sin(j_{n,k}t)\bigr]J_n(j_{n,k}\rho)\sin n\phi.$$

**Applying $u_t(\rho,\phi,0)=0$:** Since $u_t|_{t=0} = \sum j_{n,k}\bigl[B_{n,k}J_n(\cdot)\cos n\phi + D_{n,k}J_n(\cdot)\sin n\phi\bigr] = 0$, we get $B_{n,k}=D_{n,k}=0$ for all $n,k$.

**Applying $u(\rho,\phi,0) = \rho\cos 3\phi$:** The right-hand side has only $\cos 3\phi$ angular dependence, so by orthogonality of $\{cos n\phi, \sin n\phi\}$: all $C_{n,k}=0$, all $A_{n,k}=0$ for $n\neq 3$, and the remaining condition is

$$\sum_{k=1}^{\infty} A_{3,k}\, J_3(j_{3,k}\,\rho) = \rho, \qquad 0 \le \rho \le 1.$$

This is a **Fourier–Bessel expansion** of $f(\rho)=\rho$ in the basis $\{J_3(j_{3,k}\rho)\}$, orthogonal on $[0,1]$ with weight $\rho$:

$$\int_0^1 \rho\, J_3(j_{3,k}\rho)\,J_3(j_{3,m}\rho)\,d\rho = \tfrac{1}{2}\,J_4(j_{3,k})^2\,\delta_{km}.$$

Therefore

$$A_{3,k} = \frac{\displaystyle\int_0^1 \rho^2\, J_3(j_{3,k}\,\rho)\,d\rho}{\tfrac{1}{2}\,J_4(j_{3,k})^2} = \frac{2}{J_4(j_{3,k})^2}\int_0^1 \rho^2\, J_3(j_{3,k}\,\rho)\,d\rho.$$

**Evaluating the integral.** With the substitution $s = j_{3,k}\rho$ and the antiderivative (verified by differentiation using Bessel recurrences)

$$\int s^2 J_3(s)\,ds = -8J_0(s) - 4s\,J_1(s) - s^2 J_2(s),$$

we obtain

$$\int_0^{j_{3,k}} s^2 J_3(s)\,ds = \Bigl[-8J_0 - 4sJ_1 - s^2J_2\Bigr]_0^{j_{3,k}} = 8 - 8J_0(j_{3,k}) - 4j_{3,k}J_1(j_{3,k}) - j_{3,k}^2 J_2(j_{3,k}).$$

Using $J_3(j_{3,k})=0$ and the recurrences $J_2(j) = \frac{j}{4}J_1(j)$ and $J_0(j) = \frac{8-j^2}{4j}J_1(j)$ (both following from $J_{\nu+1}=\frac{2\nu}{s}J_\nu - J_{\nu-1}$ at $s=j_{3,k}$), this simplifies to

$$\int_0^{j_{3,k}} s^2 J_3(s)\,ds = 8 - \frac{J_1(j_{3,k})\,(j_{3,k}^2+4)^2}{4\,j_{3,k}},$$

since $j^4 + 8j^2 + 16 = (j^2+4)^2$. Hence

$$\int_0^1 \rho^2 J_3(j_{3,k}\rho)\,d\rho = \frac{1}{j_{3,k}^3}\left[8 - \frac{J_1(j_{3,k})\,(j_{3,k}^2+4)^2}{4\,j_{3,k}}\right].$$

Also, $J_4(j_{3,k}) = \frac{6}{j_{3,k}}J_3(j_{3,k}) - J_2(j_{3,k}) = -J_2(j_{3,k}) = -\frac{j_{3,k}}{4}J_1(j_{3,k})$, so $J_4(j_{3,k})^2 = \frac{j_{3,k}^2}{16}J_1(j_{3,k})^2$.

**Final coefficients:**

$$\boxed{A_{3,k} = \frac{8\bigl[\,32\,j_{3,k} - (j_{3,k}^2+4)^2\,J_1(j_{3,k})\,\bigr]}{j_{3,k}^6\,J_1(j_{3,k})^2}}, \qquad k=1,2,3,\dots$$

**Complete solution:**

$$\boxed{u(\rho,\phi,t) = \cos 3\phi \sum_{k=1}^{\infty} A_{3,k}\, J_3\!\bigl(j_{3,k}\,\rho\bigr)\,\cos\!\bigl(j_{3,k}\,t\bigr)}$$

where $j_{3,k}$ is the $k$-th positive zero of $J_3$ and $A_{3,k}$ is given above.

---

## (b) Physical Interpretation

This is the **vibrating circular membrane (drumhead)** of radius $1$, clamped at its rim ($u=0$ at $\rho=1$). The equation $u_{tt}=\nabla^2 u$ (with unit wave speed) governs transverse vibrations.

- **Initial shape** $\rho\cos 3\phi$: The factor $\cos 3\phi$ imposes **3 nodal diameters** (lines through the origin at angles $\phi = \pi/6, \pi/2, 5\pi/6$, where $\cos 3\phi=0$), dividing the membrane into 6 alternating up/down sectors. The radial profile $\rho$ (maximum at the rim, zero at center) means the amplitude grows linearly outward.

- **Zero initial velocity**: The membrane is released from rest, so each mode oscillates as a pure cosine in time — no phase shift.

- **Normal modes**: Each term $J_3(j_{3,k}\rho)\cos 3\phi\cos(j_{3,k}t)$ is a **normal mode** of the drum. The angular index $n=3$ gives 3 nodal diameters; the radial index $k$ gives $k-1$ nodal circles (concentric circles where $J_3(j_{3,k}\rho)=0$). The temporal frequency $j_{3,k}$ is the $k$-th eigenfrequency of the $n=3$ family.

- **Superposition**: The initial shape $\rho\cos 3\phi$ is not itself a single eigenfunction (it doesn't vanish at $\rho=1$), so it decomposes into an infinite superposition of $n=3$ modes. The membrane vibrates as a weighted sum of these modes, each oscillating at its own frequency $j_{3,k}$, producing a complex periodic/quasi-periodic waveform that returns to the initial shape at $t=0$ (modulo the overall temporal periodicity of each mode).

### PROOF COMPLETE
DEVIN_CLI_EXITED code=0
