Looking at this problem, I need to solve Laplace's equation in a cylinder $0 \le r \le a$, $0 \le \theta \le 2\pi$, $0 \le z \le H$ with various boundary conditions. Let me first check for answer leaks — the problem text contains only the problem statement with no solutions or answer values. Proceeding to solve.

---

## Setup: Separation of Variables in Cylindrical Coordinates

Laplace's equation:
$$\frac{1}{r}\frac{\partial}{\partial r}\!\left(r\frac{\partial u}{\partial r}\right) + \frac{1}{r^2}\frac{\partial^2 u}{\partial \theta^2} + \frac{\partial^2 u}{\partial z^2} = 0.$$

With $u = R(r)\Theta(\theta)Z(z)$, setting $\Theta'' + n^2\Theta = 0$ ($n = 0,1,2,\dots$) and $Z'' = \mu\, Z$, the radial equation becomes:

$$r^2 R'' + rR' + (\mu\, r^2 - n^2)R = 0.$$

**Two cases:**

- **$\mu = -k^2 < 0$:** $Z'' - k^2 Z = 0$ (hyperbolic), $R = J_n(kr)$ (Bessel, regular at $r=0$). Discrete $k$ arises from homogeneous BCs on $r=a$.
- **$\mu = +k^2 > 0$:** $Z'' + k^2 Z = 0$ (trigonometric), $R = I_n(kr)$ (modified Bessel, regular at $r=0$). Discrete $k$ arises from homogeneous BCs on $z$.

**Orthogonality relations** (with $k_{n,m} = j_{n,m}/a$, zeros of $J_n$; $\kappa_{n,m} = j'_{n,m}/a$, zeros of $J_n'$):

$$\int_0^a J_n\!\left(\frac{j_{n,m}\,r}{a}\right)J_n\!\left(\frac{j_{n,m'}\,r}{a}\right) r\,dr = \frac{a^2}{2}\,J_{n+1}^2(j_{n,m})\,\delta_{mm'},$$

$$\int_0^a J_n\!\left(\frac{j'_{n,m}\,r}{a}\right)J_n\!\left(\frac{j'_{n,m'}\,r}{a}\right) r\,dr = \frac{a^2}{2}\!\left(1 - \frac{n^2}{j_{n,m}^{\prime\,2}}\right)J_n^2(j'_{n,m})\,\delta_{mm'}.$$

---

## Part (a): Dirichlet at $z=0$, $z=H$, $r=a$

BCs: $u(r,\theta,0)=\alpha(r,\theta)$, $u(r,\theta,H)=0$, $u(a,\theta,z)=0$.

Homogeneous Dirichlet at $r=a$ and $z=H$. Use $\mu = -k^2$ with $J_n(j_{n,m}\,r/a)$ (so $R(a)=0$) and $Z(z) = \sinh(k(H-z))$ (so $Z(H)=0$).

$$\boxed{u(r,\theta,z) = \sum_{n=0}^{\infty}\sum_{m=1}^{\infty} J_n\!\left(\frac{j_{n,m}\,r}{a}\right)\sinh\!\left(\frac{j_{n,m}(H-z)}{a}\right)\Big[A_{nm}\cos(n\theta) + B_{nm}\sin(n\theta)\Big]}$$

**Determining coefficients.** At $z=0$:

$$\alpha(r,\theta) = \sum_{n=0}^{\infty}\sum_{m=1}^{\infty} J_n\!\left(\frac{j_{n,m}\,r}{a}\right)\sinh\!\left(\frac{j_{n,m}H}{a}\right)\Big[A_{nm}\cos(n\theta) + B_{nm}\sin(n\theta)\Big].$$

Expand $\alpha$ in Fourier series: $\alpha(r,\theta) = \tfrac{1}{2}a_0(r) + \sum_{n\ge 1}[a_n(r)\cos n\theta + b_n(r)\sin n\theta]$, where

$$a_n(r) = \frac{1}{\pi}\int_0^{2\pi}\alpha(r,\theta)\cos(n\theta)\,d\theta,\quad b_n(r) = \frac{1}{\pi}\int_0^{2\pi}\alpha(r,\theta)\sin(n\theta)\,d\theta.$$

Then match and use Bessel orthogonality. For $n \ge 1$:

$$A_{nm} = \frac{2}{a^2\,J_{n+1}^2(j_{n,m})\,\sinh(j_{n,m}H/a)}\int_0^a a_n(r)\,J_n\!\left(\frac{j_{n,m}\,r}{a}\right) r\,dr,$$

$$B_{nm} = \frac{2}{a^2\,J_{n+1}^2(j_{n,m})\,\sinh(j_{n,m}H/a)}\int_0^a b_n(r)\,J_n\!\left(\frac{j_{n,m}\,r}{a}\right) r\,dr.$$

For $n=0$ (cosine, with $a_0/2$):

$$A_{0m} = \frac{2}{a^2\,J_1^2(j_{0,m})\,\sinh(j_{0,m}H/a)}\int_0^a \tfrac{1}{2}a_0(r)\,J_0\!\left(\frac{j_{0,m}\,r}{a}\right) r\,dr,\quad B_{0m}=0.$$

---

## Part (b): $\alpha(r)\sin 7\theta$ at $z=0$

This is part (a) with only the $n=7$ sine mode: $b_7(r) = \alpha(r)$, all others zero.

$$\boxed{u(r,\theta,z) = \sum_{m=1}^{\infty} B_{7m}\,J_7\!\left(\frac{j_{7,m}\,r}{a}\right)\sinh\!\left(\frac{j_{7,m}(H-z)}{a}\right)\sin(7\theta)}$$

with

$$B_{7m} = \frac{2}{a^2\,J_8^2(j_{7,m})\,\sinh(j_{7,m}H/a)}\int_0^a \alpha(r)\,J_7\!\left(\frac{j_{7,m}\,r}{a}\right) r\,dr.$$

---

## Part (c): Dirichlet at $z=0$, $z=H$; Neumann at $r=a$

BCs: $u(r,\theta,0)=0$, $u(r,\theta,H)=\beta(r)\cos 3\theta$, $\partial_r u(a,\theta,z)=0$.

Homogeneous Dirichlet at $z=0$ and homogeneous Neumann at $r=a$. Use $\mu=-k^2$ with $J_n(j'_{n,m}\,r/a)$ (so $R'(a)=0$) and $Z(z)=\sinh(kz)$ (so $Z(0)=0$).

Only $n=3$ cosine appears:

$$\boxed{u(r,\theta,z) = \sum_{m=1}^{\infty} A_{3m}\,J_3\!\left(\frac{j'_{3,m}\,r}{a}\right)\sinh\!\left(\frac{j'_{3,m}\,z}{a}\right)\cos(3\theta)}$$

At $z=H$: $\beta(r) = \sum_m A_{3m}\sinh(j'_{3,m}H/a)\,J_3(j'_{3,m}r/a)$. By Neumann orthogonality:

$$A_{3m} = \frac{2}{a^2\!\left(1 - \frac{9}{j_{3,m}^{\prime\,2}}\right)J_3^2(j'_{3,m})\,\sinh(j'_{3,m}H/a)}\int_0^a \beta(r)\,J_3\!\left(\frac{j'_{3,m}\,r}{a}\right) r\,dr.$$

---

## Part (d): Neumann at $z=0$, $z=H$, $r=a$

BCs: $\partial_z u(r,\theta,0) = \alpha(r)\sin 3\theta$, $\partial_z u(r,\theta,H)=0$, $\partial_r u(a,\theta,z)=0$.

All BCs are Neumann (homogeneous at $z=H$ and $r=a$, non-homogeneous at $z=0$). Use $\mu = -k^2$ with $J_n(j'_{n,m}\,r/a)$ (Neumann at $r=a$) and $Z(z) = \cosh(k(H-z))$ (so $Z'(H) = -k\sinh(0) = 0$).

Note: $Z'(z) = -k\sinh(k(H-z))$, so $Z'(0) = -k\sinh(kH)$.

Only $n=3$ sine mode:

$$\boxed{u(r,\theta,z) = \sum_{m=1}^{\infty} B_{3m}\,J_3\!\left(\frac{j'_{3,m}\,r}{a}\right)\cosh\!\left(\frac{j'_{3,m}(H-z)}{a}\right)\sin(3\theta)}$$

At $z=0$: $\partial_z u = -\sum_m B_{3m}\,\frac{j'_{3,m}}{a}\sinh(j'_{3,m}H/a)\,J_3(j'_{3,m}r/a)\sin 3\theta = \alpha(r)\sin 3\theta$.

Setting $C_m = -B_{3m}\,\frac{j'_{3,m}}{a}\sinh(j'_{3,m}H/a)$, we expand $\alpha(r) = \sum_m C_m\,J_3(j'_{3,m}r/a)$:

$$C_m = \frac{2}{a^2\!\left(1 - \frac{9}{j_{3,m}^{\prime\,2}}\right)J_3^2(j'_{3,m})}\int_0^a \alpha(r)\,J_3\!\left(\frac{j'_{3,m}\,r}{a}\right) r\,dr,$$

$$B_{3m} = \frac{-a\,C_m}{j'_{3,m}\,\sinh(j'_{3,m}H/a)} = \frac{-2}{a\,j'_{3,m}\,\sinh(j'_{3,m}H/a)\!\left(1 - \frac{9}{j_{3,m}^{\prime\,2}}\right)J_3^2(j'_{3,m})}\int_0^a \alpha(r)\,J_3\!\left(\frac{j'_{3,m}\,r}{a}\right) r\,dr.$$

**Existence for (d):** This is a pure Neumann problem. The compatibility condition $\int_{\partial\Omega}\partial_n u\,dS=0$ requires $\int_0^{2\pi}\!\int_0^a (-\alpha(r)\sin 3\theta)\,r\,dr\,d\theta = 0$, which is **automatically satisfied** since $\int_0^{2\pi}\sin 3\theta\,d\theta = 0$. So a solution always exists (unique up to an additive constant, which is fixed to zero here since no constant mode is excited).

---

## Part (e): General Neumann problem — existence condition

BCs: $\partial_z u(r,\theta,0) = \alpha(r,\theta)$, $\partial_z u(r,\theta,H)=0$, $\partial_r u(a,\theta,z)=0$.

This is a **pure Neumann problem** on all boundaries. By the divergence theorem applied to $\nabla^2 u = 0$:

$$0 = \int_\Omega \nabla^2 u\,dV = \int_{\partial\Omega} \frac{\partial u}{\partial n}\,dS.$$

The boundary contributions are:

| Surface | $\partial u/\partial n$ | $dS$ |
|---------|------------------------|------|
| $z=0$ | $-\partial_z u = -\alpha(r,\theta)$ | $r\,dr\,d\theta$ |
| $z=H$ | $\partial_z u = 0$ | $r\,dr\,d\theta$ |
| $r=a$ | $\partial_r u = 0$ | $a\,d\theta\,dz$ |

Therefore the **necessary and sufficient condition for existence** is:

$$\boxed{\int_0^{2\pi}\!\int_0^a \alpha(r,\theta)\,r\,dr\,d\theta = 0.}$$

**Interpretation:** The net flux through the boundary must vanish — equivalently, the average of $\alpha$ over the bottom disk must be zero (the $\theta$-averaged, $r$-integrated constant mode of $\alpha$ must vanish). When this holds, the solution exists and is unique up to an additive constant.

**Solution form (when the condition holds):**

$$u(r,\theta,z) = C + \sum_{n=0}^{\infty}\sum_{m=1}^{\infty} J_n\!\left(\frac{j'_{n,m}\,r}{a}\right)\cosh\!\left(\frac{j'_{n,m}(H-z)}{a}\right)\Big[A_{nm}\cos(n\theta) + B_{nm}\sin(n\theta)\Big],$$

where $C$ is an arbitrary constant (reflecting non-uniqueness), and the coefficients are obtained by expanding $\alpha(r,\theta)$ in Fourier–Bessel series exactly as in part (d), with the $n=0$ cosine coefficients $A_{0m}$ determined by the $\theta$-averaged part of $\alpha$ (the $m \ge 1$ modes), and the condition above ensuring the $n=0, m=0$ (constant) component of $\alpha$ is zero so that no contradiction arises.

### PROOF COMPLETE
DEVIN_CLI_EXITED code=0
