No answer leak detected. The problem is a clean question with no embedded solution.

## Proof

**Claim:** Yes, $x \in \operatorname{dom}(D)$.

**Key facts used:**
1. The graph $G(D) = \{(u, Du) : u \in \operatorname{dom}(D)\}$ is a **closed subspace** of $H \times H$ (since $D$ is closed and linear).
2. Every closed subspace of a Hilbert space is **weakly closed** (a consequence of the Hahn–Banach separation theorem: closed convex sets are weakly closed, and subspaces are convex).

**Argument:**

Equip $H \times H$ with the natural Hilbert space structure. Since $D$ is closed, $G(D)$ is a closed subspace of $H \times H$, hence weakly closed.

Consider the sequence $(x_n, Dx_n) \in G(D)$. We claim it converges weakly to $(x, D^*x)$ in $H \times H$.

For any $(a, b) \in H \times H$:
$$\langle (x_n, Dx_n), (a, b)\rangle = \langle x_n, a\rangle + \langle Dx_n, b\rangle.$$

- Since $x_n \to x$ strongly, in particular $x_n \rightharpoonup x$ weakly, so $\langle x_n, a\rangle \to \langle x, a\rangle$.
- By hypothesis, $Dx_n \rightharpoonup D^*x$ weakly, so $\langle Dx_n, b\rangle \to \langle D^*x, b\rangle$.

Therefore
$$\langle (x_n, Dx_n), (a, b)\rangle \to \langle x, a\rangle + \langle D^*x, b\rangle = \langle (x, D^*x), (a, b)\rangle,$$

which establishes $(x_n, Dx_n) \rightharpoonup (x, D^*x)$ weakly in $H \times H$.

Since each $(x_n, Dx_n) \in G(D)$ and $G(D)$ is weakly closed, the weak limit belongs to $G(D)$:
$$(x, D^*x) \in G(D).$$

By definition of the graph, this means $x \in \operatorname{dom}(D)$ (and $Dx = D^*x$). $\blacksquare$

### PROOF COMPLETE
DEVIN_CLI_EXITED code=0
