Looking at this problem, I need to compute the winding number of a continuous surjective map γ: [0,T] → [0,1]×[0,1] around a point a ∉ Im(γ).

**Answer Leak Check:** The problem text contains no leaked solutions, answer values, or proof sketches. Proceeding to solve.

---

## Proof

**Step 1: Identify the image.**

Since γ is surjective onto [0,1]×[0,1], we have
$$\operatorname{Im}(\gamma) = [0,1]\times[0,1].$$

The hypothesis $a \notin \operatorname{Im}(\gamma)$ therefore means
$$a \notin [0,1]\times[0,1],$$
i.e., $a$ lies in the exterior $\mathbb{R}^2 \setminus [0,1]^2$.

**Step 2: Separate $a$ from the square.**

The set $[0,1]^2$ is closed and convex, and $\{a\}$ is compact with $a \notin [0,1]^2$. By the strict separating hyperplane theorem, there exists a line $\ell$ in $\mathbb{R}^2$ that strictly separates $a$ from $[0,1]^2$: the point $a$ lies in one open half-plane and the entire square $[0,1]^2$ lies in the other.

**Step 3: The direction map lands in a contractible subset of $S^1$.**

Define the direction map
$$\psi(t) = \frac{\gamma(t) - a}{\|\gamma(t) - a\|} \in S^1.$$
This is well-defined and continuous since $a \notin \operatorname{Im}(\gamma)$, so $\gamma(t) - a \neq 0$ for all $t$.

Because $\gamma(t) \in [0,1]^2$ for every $t$, and $[0,1]^2$ lies entirely in one open half-plane determined by $\ell$ (with $a$ in the other), all vectors $\gamma(t) - a$ point into the same open half-plane. Consequently, the image of $\psi$ is contained in an **open semicircle** of $S^1$.

An open semicircle is contractible (it is homeomorphic to an open interval).

**Step 4: Conclude the winding number is zero.**

If $\gamma$ is closed ($\gamma(0)=\gamma(T)$), then $\psi$ descends to a continuous map $\bar\psi: S^1 \to S^1$, and the winding number $n(\gamma, a)$ equals the degree of $\bar\psi$. Since $\operatorname{Im}(\bar\psi)$ is contained in a contractible subset of $S^1$, the map $\bar\psi$ is null-homotopic, hence
$$\deg(\bar\psi) = 0.$$

If $\gamma$ is not closed, we form the closed curve $\tilde\gamma$ by concatenating $\gamma$ with the straight segment from $\gamma(T)$ back to $\gamma(0)$. This segment lies in $[0,1]^2$ (by convexity), hence also avoids $a$, and its direction from $a$ remains in the same open semicircle. The direction map of $\tilde\gamma$ still lands in a contractible subset of $S^1$, giving $n(\tilde\gamma, a) = 0$. The segment from $\gamma(T)$ to $\gamma(0)$ is contained in the convex set $[0,1]^2 \not\ni a$, so it contributes winding number $0$ around $a$. Therefore
$$n(\gamma, a) = n(\tilde\gamma, a) - 0 = 0.$$

**Equivalently (topological argument):** The complement $\mathbb{R}^2 \setminus \operatorname{Im}(\gamma) = \mathbb{R}^2 \setminus [0,1]^2$ is connected (the exterior of a compact convex set is path-connected). Thus it has a single component, which is unbounded. The winding number is constant on connected components of the complement and equals $0$ on the unbounded component. Since $a$ lies in this unique component,
$$n(\gamma, a) = 0.$$

---

$$\boxed{n(\gamma,\, a) = 0}$$

The key role of surjectivity: it forces $\operatorname{Im}(\gamma) = [0,1]^2$ to **fill** the square, eliminating any bounded component of the complement (such as the interior that would exist if $\gamma$ only traced the boundary). With no bounded component available, every point $a \notin \operatorname{Im}(\gamma)$ lies in the unbounded component, where the winding number is always $0$.

### PROOF COMPLETE
DEVIN_CLI_EXITED code=0
