## Solution

The answer is **yes**: for all sufficiently large integers $x$ and $y$, $p(x+y) < p(x)\,p(y)$.

**Proof.** We use the Hardy–Ramanujan asymptotic formula for the partition function:
$$p(n) \sim \frac{1}{4n\sqrt{3}}\exp\!\left(\pi\sqrt{\tfrac{2n}{3}}\right), \qquad n\to\infty.$$
Taking logarithms gives, with $o(1)\to 0$ as $n\to\infty$,
$$\log p(n) \;=\; \pi\sqrt{\tfrac{2n}{3}} \;-\; \log(4n\sqrt{3}) \;+\; o(1).$$

Consider the difference
$$\Delta(x,y) \;:=\; \log p(x)+\log p(y)-\log p(x+y).$$
Substituting the asymptotic expansion,
$$\Delta(x,y) \;=\; \pi\sqrt{\tfrac{2}{3}}\bigl(\sqrt{x}+\sqrt{y}-\sqrt{x+y}\bigr) \;+\; \log\!\frac{x+y}{4xy\sqrt{3}} \;+\; o(1). \tag{$\ast$}$$

We bound the two main terms from below, writing $m:=\min(x,y)$, $M:=\max(x,y)$.

**First term.** By strict concavity of $\sqrt{\cdot}$, $\sqrt{x}+\sqrt{y}>\sqrt{x+y}$ for $x,y>0$. Rationalizing,
$$\sqrt{x}+\sqrt{y}-\sqrt{x+y} \;=\; \frac{2\sqrt{xy}}{\sqrt{x}+\sqrt{y}+\sqrt{x+y}}.$$
Assuming $x\le y$ (so $m=x$, $M=y$), the denominator satisfies
$$\sqrt{x}+\sqrt{y}+\sqrt{x+y}\;\le\;\sqrt{x}+\sqrt{y}+\sqrt{2y}\;\le\;2\sqrt{y}+\sqrt{2}\sqrt{y}=(2+\sqrt{2})\sqrt{M},$$
while the numerator is $2\sqrt{mM}$. Hence
$$\sqrt{x}+\sqrt{y}-\sqrt{x+y}\;\ge\;\frac{2\sqrt{mM}}{(2+\sqrt{2})\sqrt{M}}=\frac{2}{2+\sqrt{2}}\sqrt{m}=(2-\sqrt{2})\sqrt{m}.$$
So the first term in $(\ast)$ is at least
$$\pi\sqrt{\tfrac{2}{3}}(2-\sqrt{2})\,\sqrt{m} \;=:\; c\,\sqrt{m}, \qquad c>0.$$

**Second term.** Since $\dfrac{x+y}{xy}=\dfrac{1}{x}+\dfrac{1}{y}$ and $\dfrac{xy}{x+y}\ge \dfrac{m}{2}$ (the harmonic-type mean is between $m/2$ and $m$),
$$\log\!\frac{x+y}{4xy\sqrt{3}} \;=\; -\log\!\frac{xy}{x+y}-\log(4\sqrt{3}) \;\ge\; -\log m + \log 2 - \log(4\sqrt{3}) \;=\; -\log m - \log(2\sqrt{3}).$$
Thus the second term is bounded below by $-\log m - C_0$ for an absolute constant $C_0$.

**Combining.** From $(\ast)$,
$$\Delta(x,y)\;\ge\; c\,\sqrt{m}\;-\;\log m\;-\;C_0\;+\;o(1), \qquad m=\min(x,y).$$
As $m\to\infty$, the term $c\sqrt{m}$ dominates $\log m$ (since $\sqrt{m}/\log m\to\infty$), so the right-hand side tends to $+\infty$. In particular, there exists $N$ such that whenever $\min(x,y)\ge N$, we have $\Delta(x,y)>0$.

Therefore, for all sufficiently large integers $x$ and $y$,
$$\log p(x)+\log p(y)>\log p(x+y),$$
which is equivalent to
$$p(x+y)<p(x)\,p(y). \qquad\blacksquare$$

### PROOF COMPLETE
DEVIN_CLI_EXITED code=0
