Looking at this problem, I need to find the probability that team 3 (third-best) is among the last 4 teams remaining in a 32-team single-elimination tournament with random pairing each round, where higher-ranked always wins.

**Key insight:** Team 3 is eliminated the moment it is paired with team 1 or team 2 (the only teams that can beat it). Team 1 can never be eliminated (it beats everyone). Team 2 can only be eliminated by team 1. So team 3 reaches the last 4 iff it avoids teams 1 and 2 for all three rounds (32→16→8→4).

I track the state after each round by the number of "dangerous" teams (from {1, 2}) still alive alongside team 3.

---

**Round 1 (32→16):** Team 3 is paired with one of 31 opponents.

- P(paired with dangerous team) = 2/31 → **fail**.
- P(paired with safe team) = 29/31 → team 3 advances. Among the remaining 30 teams, teams 1 and 2 are paired together with probability 1/29.
  - d = 1 (team 2 eliminated): (29/31)(1/29) = **1/31**
  - d = 2 (both survive): (29/31)(28/29) = **28/31**

---

**Round 2 (16→8):** 16 teams, team 3 + 15 others, with d dangerous.

From d = 1 (prob 1/31):
- P(advance) = 14/15, d stays 1 (only team 1 remains dangerous, can't be paired with team 2).
- P(fail) = 1/15.

From d = 2 (prob 28/31):
- P(advance) = 13/15. Given team 3 safe, the other 14 teams are randomly paired; P(1 paired with 2) = 1/13.
  - d = 1: (28/31)(13/15)(1/13) = 28/465
  - d = 2: (28/31)(13/15)(12/13) = 336/465
- P(fail) = 2/15 → 56/465.

After Round 2:
- d = 1: 14/465 + 28/465 = 42/465 = **14/155**
- d = 2: 336/465 = **112/155**

---

**Round 3 (8→4):** 8 teams, team 3 + 7 others, with d dangerous. Team 3 needs one safe pairing to reach the last 4.

From d = 1 (prob 14/155):
- P(success) = (14/155)(6/7) = 84/1085

From d = 2 (prob 112/155):
- P(success) = (112/155)(5/7) = 560/1085

**Total probability** = (84 + 560)/1085 = 644/1085.

Simplifying: 644 = 4·7·23, 1085 = 5·7·31, so gcd = 7:

$$\frac{644}{1085} = \frac{92}{155}$$

where 92 = 4·23 and 155 = 5·31 are coprime.

---

$$m + n = 92 + 155 = \boxed{247}$$

### PROOF COMPLETE
DEVIN_CLI_EXITED code=0
