# Lower Bound on the Cardinality of Transitive Relations on ℕ

## Problem

Determine a lower bound for $|A|$ where $A = \{R \subseteq \mathbb{N} \times \mathbb{N} : R \text{ is transitive}\}$.

## Proof

**Upper bound (for context).** The set of all binary relations on $\mathbb{N}$ is the power set of $\mathbb{N}\times\mathbb{N}$, which has cardinality $2^{|\mathbb{N}\times\mathbb{N}|} = 2^{\aleph_0}$. Since $A$ is a subset, $|A| \le 2^{\aleph_0}$.

**Lower bound.** We exhibit $2^{\aleph_0}$ distinct transitive relations.

Every equivalence relation is transitive (reflexivity, symmetry, and transitivity are part of the definition). So it suffices to construct $2^{\aleph_0}$ distinct equivalence relations on $\mathbb{N}$.

**Construction.** For each subset $S \subseteq \mathbb{N}$ with $0 \in S$, define a relation $R_S$ on $\mathbb{N}$ by:
$$
(a,b) \in R_S \iff \big(a \in S \text{ and } b \in S\big) \;\text{ or }\; \big(a \notin S \text{ and } b \notin S\big).
$$
This is the equivalence relation whose equivalence classes are $S$ and $\mathbb{N}\setminus S$ (one of which may be empty). Concretely, $R_S = (S\times S) \cup \big((\mathbb{N}\setminus S)\times(\mathbb{N}\setminus S)\big)$.

**$R_S$ is an equivalence relation (hence transitive):**
- *Reflexive:* For every $a$, either $a\in S$ (so $(a,a)\in S\times S$) or $a\notin S$ (so $(a,a)\in (\mathbb{N}\setminus S)\times(\mathbb{N}\setminus S)$).
- *Symmetric:* Immediate from the symmetric definition.
- *Transitive:* If $(a,b)\in R_S$ and $(b,c)\in R_S$, then $a$ and $b$ are in the same block ($S$ or $\mathbb{N}\setminus S$), and $b$ and $c$ are in the same block. By transitivity of "being in the same block," $a$ and $c$ are in the same block, so $(a,c)\in R_S$.

**The map $S \mapsto R_S$ is injective on $\{S \subseteq \mathbb{N} : 0 \in S\}$.**

Suppose $R_{S_1} = R_{S_2}$ with $0 \in S_1$ and $0 \in S_2$. The equivalence class of $0$ under $R_{S_i}$ is exactly $S_i$ (since $0 \in S_i$, the class containing $0$ is $S_i$). Equal relations have equal equivalence classes, so $S_1 = S_2$.

(Note: $R_S = R_{\mathbb{N}\setminus S}$ in general, but the constraint $0\in S$ breaks this symmetry—if $S_1 = \mathbb{N}\setminus S_2$ and $0\in S_1$, then $0\notin S_2$, so $S_2$ is not in our domain. Hence no collision.)

**Counting.** The number of subsets of $\mathbb{N}$ containing $0$ is $2^{\aleph_0 - 1} = 2^{\aleph_0}$ (it is in bijection with the power set of $\mathbb{N}\setminus\{0\}$, which is countably infinite). By injectivity, we obtain $2^{\aleph_0}$ distinct equivalence relations, all of which are transitive.

Therefore:
$$
|A| \ge 2^{\aleph_0}.
$$

**Conclusion.** Combining both bounds, $|A| = 2^{\aleph_0}$, so the sharp lower bound is:

$$
\boxed{|A| \ge 2^{\aleph_0}}
$$

### PROOF COMPLETE
DEVIN_CLI_EXITED code=0
