## 答案泄露自检

问题文本仅包含问题陈述——没有泄露的答案、解决方案草图或形式化说明。可以继续。

## 证明

所给表达式是 Lambert W 函数的 **−1 分支**的自相似（不动点）表示。设

$$W := W_{-1}(x) = \ln\!\cfrac{-x}{-\ln\cfrac{-x}{-\ln\cfrac{-x}{\ldots}}}.$$

由于该连分数是自相似的，其值满足不动点方程

$$W = \ln\!\cfrac{-x}{-W} = \ln\!\cfrac{x}{W} = \ln x - \ln W,$$

等价于 $W\,e^{W} = x$，这正是 Lambert W 函数的定义方程。分支 $-1$ 对应于 $x\in(-1/e,0)$ 且 $W\le -1$ 的解，且当 $x\to 0^{-}$ 时 $W_{-1}(x)\to -\infty$。

**渐近范围。** 令 $u:=-W_{-1}(x)>0$（当 $x\to 0^{-}$ 时 $u\to+\infty$）且 $t:=-x>0$（当 $x\to 0^{-}$ 时 $t\to 0^{+}$）。则 $W\,e^{W}=x$ 变为

$$(-u)\,e^{-u}=-t \quad\Longrightarrow\quad u\,e^{-u}=t \quad\Longrightarrow\quad \ln u - u = \ln t,$$

即

$$u = \ln u - \ln t = -\ln t + \ln u. \tag{1}$$

由于 $u\to\infty$，$\ln u = o(u)$，因此由 (1) 得 $u\sim -\ln t = -\ln(-x)$。迭代一次以进行精确化：将 $u\sim -\ln t$ 代入 $\ln u$ 项中，

$$u = -\ln t + \ln(-\ln t) + o(1) = -\ln(-x) + \ln(-\ln(-x)) + o(1).$$

还原为 $W_{-1}(x)=-u$：

$$\boxed{\,W_{-1}(x) = \ln(-x) - \ln(-\ln(-x)) + o(1)\,}\qquad(x\to 0^{-}). \tag{2}$$

**Θ 界。** 令 $L:=\ln(-x)\to -\infty$。由 (2) 得

$$\frac{W_{-1}(x)}{L} = 1 - \frac{\ln(-L)}{L} + o\!\left(\frac{1}{L}\right).$$

由于 $L\to-\infty$，我们有 $\ln(-L)/L\to 0$，因此

$$\lim_{x\to 0^{-}}\frac{W_{-1}(x)}{\ln(-x)} = 1. \tag{3}$$

极限 (3) 蕴含了当 $x\to 0^{-}$ 时 $W_{-1}(x)=\Theta(\ln(-x))$：具体而言，对于足够接近 $0$ 的 $x$，有 $\tfrac12|\ln(-x)|\le |W_{-1}(x)|\le 2|\ln(-x)|$，这给出了所需的上下界常数。

**关于记号的说明。** 由于 $W_{-1}$ 的定义域为 $x<0$，实值 $\ln x$ 未定义；记号 $\ln x$ 必须理解为 $\ln(-x)=\ln|x|$（即自变量的对数）。在此理解下，(3) 断言

$$W_{-1}(x) = \Theta(\ln x)\quad\text{as }x\to 0^{-}.$$

**结论。** 是的，$W_{-1}(x)$ 被 $\Theta(\ln x)$ 渐近界定（其中 $\ln x:=\ln(-x)$ 反映了 $x<0$ 的事实）；事实上，更强的渐近等价性 $W_{-1}(x)\sim\ln(-x)$ 成立，次主导项 $-\ln(-\ln(-x))$ 是严格低阶的。

### 证明完成
DEVIN_CLI_EXITED code=0
