# Padé Approximant: General Form and Conditions

## Setup

Let $f$ be a function (formal power series) with Taylor/Maclaurin expansion

$$f(x) = \sum_{n=0}^{\infty} c_n x^n.$$

The **Padé approximant** $r_{k,\ell}(x)$ of type $(k,\ell)$ is a rational function that approximates $f$ to the highest possible order at the origin.

## General Form

The Padé approximant of type $(k,\ell)$ is written as a ratio of two polynomials:

$$r_{k,\ell}(x) = \frac{p_{k,\ell}(x)}{q_{k,\ell}(x)},$$

where

- **Numerator:** $p_{k,\ell}(x) = \sum_{i=0}^{k} a_i x^i$ is a polynomial of degree **at most** $k$,
- **Denominator:** $q_{k,\ell}(x) = \sum_{j=0}^{\ell} b_j x^j$ is a polynomial of degree **at most** $\ell$.

## Conditions the Polynomials Must Satisfy

### Condition 1 — Normalization

The denominator is normalized so that its constant term equals one:

$$q_{k,\ell}(0) = b_0 = 1.$$

This removes the trivial scaling ambiguity: multiplying both $p$ and $q$ by the same nonzero constant leaves $r_{k,\ell}$ unchanged, so we fix the scale by requiring $b_0 = 1$.

### Condition 2 — Order Condition (Matching the Taylor Series)

The rational function $r_{k,\ell}$ must agree with $f$ to the highest possible order at $x = 0$. Equivalently, the difference $f(x) - r_{k,\ell}(x)$ must vanish to the highest possible order:

$$f(x) - \frac{p_{k,\ell}(x)}{q_{k,\ell}(x)} = O\!\left(x^{k+\ell+1}\right).$$

Multiplying through by $q_{k,\ell}(x)$, this becomes the fundamental **Padé equation**:

$$q_{k,\ell}(x)\,f(x) - p_{k,\ell}(x) = O\!\left(x^{k+\ell+1}\right).$$

Concretely, writing $f(x) = \sum_{n=0}^{\infty} c_n x^n$, the coefficient of $x^n$ in $q_{k,\ell}(x)\,f(x) - p_{k,\ell}(x)$ must vanish for $n = 0, 1, \dots, k+\ell$. This gives a system of $k+\ell+1$ equations:

$$\sum_{j=0}^{\min(\ell,\,n)} b_j\, c_{n-j} - a_n = 0, \qquad n = 0, 1, \dots, k+\ell,$$

where we set $a_n = 0$ for $n > k$ and $b_j = 0$ for $j > \ell$.

### How the System Splits

The $k+\ell+1$ equations split into two blocks:

**Denominator equations (for $b_1, \dots, b_\ell$):** For $n = k+1, \dots, k+\ell$ (i.e., $\ell$ equations), $a_n = 0$ since $n > k$, giving

$$\sum_{j=1}^{\ell} b_j\, c_{n-j} = -c_n, \qquad n = k+1, \dots, k+\ell.$$

This is a linear system (the **Padé equations**) for the unknowns $b_1, \dots, b_\ell$, with $b_0 = 1$ fixed.

**Numerator equations (for $a_0, \dots, a_k$):** For $n = 0, \dots, k$ (i.e., $k+1$ equations),

$$a_n = \sum_{j=0}^{\min(\ell,\,n)} b_j\, c_{n-j}.$$

Once the $b_j$ are determined, the $a_i$ follow directly by convolution of $(b_j)$ with $(c_n)$.

### Condition 3 — Existence and Uniqueness (Generic Case)

The Padé approximant $r_{k,\ell}$ **exists and is unique** provided the linear system for $b_1, \dots, b_\ell$ is **nonsingular**, i.e., the Hankel matrix

$$H = \bigl(c_{k+\ell+1-i-j}\bigr)_{i,j=1}^{\ell} = \begin{pmatrix} c_{k+1} & c_k & \cdots & c_{k-\ell+2} \\ c_{k+2} & c_{k+1} & \cdots & c_{k-\ell+3} \\ \vdots & & \ddots & \vdots \\ c_{k+\ell} & c_{k+\ell-1} & \cdots & c_{k+1} \end{pmatrix}$$

(with $c_n = 0$ for $n < 0$) has nonzero determinant. When this determinant vanishes, the approximant of type $(k,\ell)$ may still exist but is not unique (the type is said to be **degenerate**); in that case one passes to a **reduced** type $(k', \ell')$ with $k' \le k$, $\ell' \le \ell$, $k' + \ell' < k + \ell$.

## Summary

The Padé approximant of type $(k,\ell)$ is

$$\boxed{r_{k,\ell}(x) = \frac{p_{k,\ell}(x)}{q_{k,\ell}(x)} = \frac{\sum_{i=0}^{k} a_i x^i}{\sum_{j=0}^{\ell} b_j x^j}}$$

with the three conditions:

1. **Degree bounds:** $\deg p_{k,\ell} \le k$ and $\deg q_{k,\ell} \le \ell$.
2. **Normalization:** $q_{k,\ell}(0) = b_0 = 1$.
3. **Padé equation (order $k+\ell$ matching):** $q_{k,\ell}(x)\,f(x) - p_{k,\ell}(x) = O(x^{k+\ell+1})$, i.e., the coefficients of $x^0, x^1, \dots, x^{k+\ell}$ in $q_{k,\ell}\,f - p_{k,\ell}$ are all zero.

These conditions make $r_{k,\ell}$ the unique best rational approximation to $f$ at the origin in the sense of matching the maximum number ($k+\ell$) of Taylor coefficients, generically yielding a unique solution.

### PROOF COMPLETE
DEVIN_CLI_EXITED code=0
