Error: Agent error: Permission denied: Permission denied: Reached overall message rate limit. Please try again later. Your limit will reset in 38 minutes. (trace ID: 77f927f51a576d26ee791e10dc59f354): {
  "cognition.ai/errorKind": "internal",
  "cognition.ai/retryable": true
}
DEVIN_CLI_EXITED code=1
Error: Agent error: Permission denied: Permission denied: Reached overall message rate limit. Please try again later. Your limit will reset in 22 minutes. (trace ID: 87b9f0417a384931a597cefab4a09640): {
  "cognition.ai/errorKind": "internal",
  "cognition.ai/retryable": true
}
DEVIN_CLI_EXITED code=1
Error: Agent error: Permission denied: Permission denied: Reached overall message rate limit. Please try again later. Your limit will reset in 6 minutes. (trace ID: 5b8397b317aa113c94dd0f1a55cb5d09): {
  "cognition.ai/errorKind": "internal",
  "cognition.ai/retryable": true
}
DEVIN_CLI_EXITED code=1
```xml
<analysis>
  <problem_id>polymath_00009</problem_id>
  <dimension1_verdict>TOKEN_LIMIT</dimension1_verdict>
  <dimension1_explanation>The AI correctly identified the same key approach as the standard solution — linear algebra over F_2 on the adjacency matrix, using A·1 = 0 from the even degree condition. The AI went substantially beyond the standard solution, deriving constructions (K_{2n-1} + isolated giving |S| = 2n-1 = 1999), a complement duality result, and a lower bound |S| ≥ n via parity of row weights. The thinking is extremely long (~1700 lines) and was cut off while the AI was exploring whether the lower bound n is achievable, having reached a subtle rank-parity contradiction for alternating matrices. The failure is clearly about running out of tokens, not about wrong direction.</dimension1_explanation>
  <dimension2_turning_point_type>finite_field_structure</dimension2_turning_point_type>
  <dimension2_explanation>The standard solution's key technique is linear algebra over the finite field F_2: it assumes all pairs have odd common neighbors, derives A^T A = J - I over F_2, then uses A·1 = 0 (from even degrees) and (J-I)·1 = 1 to obtain the contradiction 0 = 1, proving |S| ≥ 1.</dimension2_explanation>
  <ai_direction_summary>The AI used the same F_2 linear algebra framework as the standard solution but extended it to an optimization problem — maximizing odd-common-neighbor pairs via the matrix B = A^2, exploring graph constructions, complement duality, and symplectic space structure to find the exact minimum of |S|.</ai_direction_summary>
  <standard_solution_key_technique>Linear algebra over F_2: assume all pairs have odd common neighbors to get A^T A = J - I, then derive 0 = 1 from A·1 = 0 and (J-I)·1 = 1, proving |S| ≥ 1 by contradiction.</standard_solution_key_technique>
  <confidence>high</confidence>
</analysis>
```

### ANALYSIS COMPLETE
DEVIN_CLI_EXITED code=0
