设 D 在 AB 上，E 在 BC（或其延长线）上，F 在 AC 上，且 DF ∥ BE。已知 BD = DF = 10，AD = BE = 25，故 AB = AD + BD = 35。

**建立坐标系。** 取 B = (0, 0)，A = (35, 0)，则 D = (10, 0)。设 C = (c_x, c_y)。

**参数化 E、F。** 设 E 在直线 BC 上：E = u·C = (u c_x, u c_y)。设 F 在 AC 上：F = A + v(C − A) = (35 + v(c_x − 35), v c_y)。

**利用平行条件。** 
$$\vec{DF} = F - D = (25 + v(c_x - 35),\; v c_y), \qquad \vec{BE} = E - B = (u c_x,\; u c_y).$$

由 DF ∥ BE，对应分量成比例：
$$(25 + v(c_x - 35))\cdot u c_y = v c_y \cdot u c_x.$$

约去 $u c_y \neq 0$：
$$25 + v(c_x - 35) = v c_x \;\Longrightarrow\; 25 - 35v = 0 \;\Longrightarrow\; v = \frac{5}{7}.$$

**计算 DF 的长度。** 代入 $v = 5/7$：
$$\vec{DF} = \left(25 + \tfrac{5}{7}(c_x - 35),\; \tfrac{5}{7}c_y\right) = \left(\tfrac{5}{7}c_x,\; \tfrac{5}{7}c_y\right) = \tfrac{5}{7}\,\vec{BC}.$$

因此
$$|\vec{DF}| = \tfrac{5}{7}\,BC.$$

由 $DF = 10$：
$$\tfrac{5}{7}\,BC = 10 \;\Longrightarrow\; BC = 14.$$

**验证 BE = 25。** $|BE| = u\cdot BC = 25$ 给出 $u = 25/14$，即 E 落在 BC 延长线上（C 之外），此时直线 DE 从边 AB 上的点 D 进入、从边 AC 穿出，确实"cuts through"三角形 ABC，与题意一致。

**数值验证。** 取 B = (0,0), A = (35,0), C = (0,14)：
- D = (10,0), F = A + (5/7)(C−A) = (10, 10), DF = (0,10), |DF| = 10 ✓
- E = (25/14)·C = (0, 25), BE = (0,25), |BE| = 25 ✓
- DF = (0,10) ∥ BE = (0,25) ✓
- 直线 DE（方程 5x + 2y = 50）与边 AC（方程 2x + 5y = 70）交于点 (110/21, 119/21)，位于 A、C 之间，故 DE 穿过三角形内部 ✓

$$\boxed{BC = 14}$$

### PROOF COMPLETE
DEVIN_CLI_EXITED code=0
