## Answer Leak Self-Check

I have reviewed the problem text. It contains only the problem statement — no solutions, solution sketches, formalization notes, or embedded answers. No leak detected. Proceeding to solve.

## Problem

Determine the CW complex that is homotopy equivalent to the set defined by the equation $x^2 + y^2 - 1 = 0$.

## Proof

**Step 1: Identify the set.**

The equation $x^2 + y^2 - 1 = 0$, i.e. $x^2 + y^2 = 1$, defines the unit circle
$$S^1 = \{(x,y) \in \mathbb{R}^2 : x^2 + y^2 = 1\}.$$

**Step 2: Construct a CW complex homeomorphic to $S^1$.**

Consider the CW complex $X$ built as follows:

- **0-skeleton:** $X^{(0)} = \{e^0\}$, a single 0-cell (one point).
- **1-skeleton:** Attach a single 1-cell $e^1$ (a copy of the open interval $(0,1)$, with its closure $[0,1]$) to the 0-skeleton via the attaching map
$$\varphi : \partial e^1 = \{0, 1\} \to X^{(0)} = \{e^0\}, \qquad \varphi(0) = \varphi(1) = e^0.$$
That is, both endpoints of the closed 1-cell are glued to the single 0-cell, forming a loop.

So $X = e^0 \cup_\varphi e^1$ has the cell structure: **one 0-cell and one 1-cell**.

**Step 3: Show $X \cong S^1$.**

The quotient space $[0,1]/\{0,1\}$ (the interval with its two endpoints identified) is homeomorphic to $S^1$. An explicit homeomorphism is
$$q : [0,1] \to S^1, \qquad q(t) = (\cos 2\pi t,\; \sin 2\pi t),$$
which is continuous, surjective, and satisfies $q(0) = q(1) = (1,0)$, so it descends to a continuous bijection $\bar{q} : [0,1]/\{0,1\} \to S^1$. Since $[0,1]/\{0,1\}$ is compact and $S^1$ is Hausdorff, $\bar{q}$ is a homeomorphism.

The CW complex $X$ is precisely the quotient $[0,1]/\{0,1\}$, so $X \cong S^1$.

**Step 4: Conclude homotopy equivalence.**

Since $X$ is homeomorphic to $S^1$, it is in particular homotopy equivalent to $S^1$ (a homeomorphism is a homotopy equivalence).

**Conclusion.**

The set $\{(x,y) \in \mathbb{R}^2 : x^2 + y^2 - 1 = 0\} = S^1$ is homotopy equivalent to — in fact homeomorphic to — the CW complex consisting of **one 0-cell and one 1-cell**, where the 1-cell is attached to the 0-cell by the constant map (both endpoints glued to the single 0-cell). This is the minimal CW decomposition of the circle.

### PROOF COMPLETE
DEVIN_CLI_EXITED code=0
