Looking at this problem, I need to find the maximum number of row second-maxima that can be strictly smaller than all column second-maxima, given that all 4044 flagged values are distinct.

Let me work through this systematically.

**Setup.** Let $n = 2022$. Let $R$ be the set of row second-maxima ($|R|=n$) and $C$ the set of column second-maxima ($|C|=n$), with $R \cap C = \emptyset$. Define $t = \min(C)$. Then $k = |\{r \in R : r < t\}|$.

**Upper bound.** Call a row *small* if its second-maximum is $< t$ (there are $k$ such rows) and *large* otherwise ($n-k$ rows).

- **Small rows:** Since the second-largest element is $< t$, at most 1 element (the row max) can be $\geq t$. So small rows contribute $\leq k$ elements $\geq t$.
- **Large rows:** The second-maximum $\geq t$ means at least 2 elements $\geq t$ per row. Large rows have $n(n-k)$ cells total, so they contribute $\leq n(n-k)$ elements $\geq t$.
- **Columns:** Every column second-maximum $\geq t$, so each column has at least 2 elements $\geq t$ (the max and second-max). Total elements $\geq t$: $\geq 2n$.

Combining: $k + n(n-k) \geq 2n$, which gives $n^2 - 2n \geq k(n-1)$, so:
$$k \leq \frac{n(n-2)}{n-1} = n - 1 - \frac{1}{n-1}$$

For $n = 2022$: $k \leq 2021 - \frac{1}{2021} < 2021$, so $k \leq 2020$.

**Construction achieving $k = 2020$.** Take $n-k = 2$ large rows (rows 1, 2) and $k = 2020$ small rows (rows 3–2022).

*Large values:* The top $2n = 4044$ values, denoted $v_1 < v_2 < \cdots < v_{4044}$, where $v_j = n^2 - 4044 + j$.

*Small values:* $\{1, 2, \ldots, n^2 - 4044\}$, all $< v_1$.

**Fill the large rows.** Pair the large values into $n$ column-pairs: column $j$ gets $\{v_j, v_{n+j}\}$ with $v_j < v_{n+j}$, so the column second-maximum is $v_j$. Thus $C = \{v_1, v_2, \ldots, v_n\}$ and $t = v_1$.

Assign elements to rows as follows:
- **Columns 1 and 2:** place the column *max* ($v_{n+1}, v_{n+2}$) in **row 2**, and the column second-max ($v_1, v_2$) in **row 1**.
- **Columns $3, \ldots, n$:** place the column *max* ($v_{n+j}$) in **row 1**, and the column second-max ($v_j$) in **row 2**.

Then:
- **Row 1** $= \{v_1, v_2, v_{n+3}, v_{n+4}, \ldots, v_{2n}\}$: contains $n-2$ column maxima and 2 column second-maxima. The largest is $v_{2n}$, second-largest is $v_{2n-1}$ — both are column maxima, **not** in $C$. ✓
- **Row 2** $= \{v_{n+1}, v_{n+2}, v_3, v_4, \ldots, v_n\}$: contains 2 column maxima and $n-2$ column second-maxima. The largest is $v_{n+2}$, second-largest is $v_{n+1}$ — both are column maxima, **not** in $C$. ✓

So the two large-row second-maxima are $v_{2n-1}$ and $v_{n+1}$, neither in $C = \{v_1, \ldots, v_n\}$ (since $v_{n+1} > v_n$ and $v_{2n-1} > v_n$).

**Fill the small rows.** Distribute the $n^2 - 2n$ small values $\{1, \ldots, n^2-2n\}$ into the $k \times n$ grid (rows 3–2022), using each value once. Fill row $i$ with consecutive blocks so that each row's second-maximum is distinct (e.g., row 3 gets the $n$ largest small values, row 4 the next $n$, etc.). All small-row second-maxima are $< v_1 = t$, and they are mutually distinct. ✓

**Verification.**
- $R = \{v_{2n-1}, v_{n+1}\} \cup \{\text{2020 small-row second-maxima}\}$, all distinct.
- $C = \{v_1, \ldots, v_n\}$, all distinct.
- $R \cap C = \emptyset$: large-row second-maxima exceed $v_n$; small-row second-maxima are below $v_1$. ✓
- $|R \cup C| = 2 + 2020 + 2022 = 4044$. ✓
- Column second-maxima are determined solely by the two large-row entries (both $\geq v_1 >$ all small values), so small rows don't interfere. ✓
- $k = 2020$ (exactly the 2020 small-row second-maxima are $< t = v_1$; the 2 large-row second-maxima are $> v_n \geq v_1$). ✓

**Conclusion.** The upper bound gives $k \leq 2020$ and the construction achieves $k = 2020$.

The maximum possible value of $k$ is $\boxed{2020}$.

### PROOF COMPLETE
DEVIN_CLI_EXITED code=0
