Looking at this problem, I need to find all linear endomorphisms $f$ of $S_n(\mathbb{R})$ (real symmetric $n \times n$ matrices) satisfying $f(O^T S O) = O^T f(S) O$ for all $O \in O_n(\mathbb{R})$, $S \in S_n(\mathbb{R})$.

**Answer:** $f(S) = aS + b\,\mathrm{tr}(S)\,I_n$ for arbitrary $a, b \in \mathbb{R}$.

---

## Proof

### Step 1: The candidate maps are equivariant

For $f(S) = aS + b\,\mathrm{tr}(S)\,I_n$, using $\mathrm{tr}(O^T S O) = \mathrm{tr}(S)$:
$$f(O^T S O) = a\,O^T S O + b\,\mathrm{tr}(S)\,I_n = O^T(aS + b\,\mathrm{tr}(S)\,I_n)O = O^T f(S) O. \checkmark$$

### Step 2: Decomposition

Decompose $S_n(\mathbb{R}) = \mathbb{R}\,I_n \oplus S_n^0(\mathbb{R})$, where $S_n^0(\mathbb{R}) = \{S \in S_n(\mathbb{R}) : \mathrm{tr}(S)=0\}$. Both summands are $O_n$-invariant: $O^T I_n O = I_n$ (trivial rep), and $\mathrm{tr}(O^T S O) = \mathrm{tr}(S) = 0$.

### Step 3: $S_n^0(\mathbb{R})$ is irreducible under $O_n(\mathbb{R})$ for $n \geq 2$

Let $W \neq \{0\}$ be an $O_n$-invariant subspace. Take $S \in W$, $S \neq 0$.

**Getting a nonzero diagonal element in $W$:** Average $D_\varepsilon^T S D_\varepsilon$ over all $2^n$ sign-change matrices $D_\varepsilon = \mathrm{diag}(\varepsilon_1,\ldots,\varepsilon_n)$, $\varepsilon_i = \pm 1$. Since $\frac{1}{2^n}\sum_\varepsilon \varepsilon_i\varepsilon_j = \delta_{ij}$, the average equals $\mathrm{diag}(s_{11},\ldots,s_{nn}) \in W$. If some $s_{ii} \neq 0$, this is a nonzero diagonal traceless matrix in $W$.

If all $s_{ii} = 0$ (purely off-diagonal $S$), pick $i<j$ with $s_{ij}\neq 0$ and the rotation $R_\theta$ in the $(i,j)$-plane. Since $R_\theta^T S R_\theta \in W$ for all $\theta$, the derivative at $\theta=0$ gives $[S, A_{ij}] \in W$ where $A_{ij} = E_{ij}-E_{ji}$. Direct computation yields $[S,A_{ij}]_{ii} = -2s_{ij}$, $[S,A_{ij}]_{jj} = 2s_{ij}$ (other diagonal entries $0$), a nonzero diagonal traceless matrix in $W$.

**Spreading to all $E_{ii}-E_{jj}$:** From a nonzero diagonal traceless $D = \mathrm{diag}(d_1,\ldots,d_n) \in W$, pick $i,j$ with $d_i \neq d_j$. Then $D - P_{ij}^T D P_{ij} = (d_i-d_j)(E_{ii}-E_{jj}) \in W$. Using permutation matrices, $E_{kk}-E_{ll} \in W$ for all $k \neq l$.

**Getting off-diagonal elements:** Compute $[E_{ii}-E_{jj},\, A_{ij}]$ with $S = E_{ii}-E_{jj}$: the only nonzero entries are $[S,A_{ij}]_{ij} = [S,A_{ij}]_{ji} = s_{ii}-s_{jj} = 2$. So $2(E_{ij}+E_{ji}) \in W$, hence $E_{ij}+E_{ji} \in W$ for all $i<j$ (via permutations).

Since $\{E_{ii}-E_{jj}\}_{i<j} \cup \{E_{ij}+E_{ji}\}_{i<j}$ spans $S_n^0(\mathbb{R})$, we conclude $W = S_n^0(\mathbb{R})$. $\square$

### Step 4: The commutant is $\mathbb{R}$

For $n \geq 3$: $S_n^0(\mathbb{R})$ is the irreducible representation of $O_n$ with highest weight $2\omega_1$, which is **absolutely irreducible** (irreducible over $\mathbb{C}$). By Schur's lemma, $\mathrm{End}_{O_n}(S_n^0) = \mathbb{R}\cdot\mathrm{Id}$.

For $n = 2$: $S_2^0(\mathbb{R})$ is 2-dimensional. $SO_2$ acts by rotation of angle $2\theta$ (in coordinates $(a,b)$ for $\left(\begin{smallmatrix}a&b\\b&-a\end{smallmatrix}\right)$), whose commutant is $\left\{\left(\begin{smallmatrix}p&-q\\q&p\end{smallmatrix}\right)\right\} \cong \mathbb{C}$. Adding the reflection $\mathrm{diag}(1,-1) \in O_2$, which acts as $(a,b)\mapsto(a,-b)$: requiring commutativity forces $q=0$, so the commutant of $O_2$ is $\mathbb{R}\cdot\mathrm{Id}$.

### Step 5: Assemble the result

For $n \geq 2$: Since $\mathbb{R}\,I_n$ (trivial) and $S_n^0$ (non-trivial irreducible) are non-isomorphic, Schur's lemma kills all cross-maps. Any equivariant $f$ satisfies:
- $f|_{\mathbb{R}\,I_n} = \alpha\cdot\mathrm{Id}$, i.e., $f(I_n) = \alpha\, I_n$,
- $f|_{S_n^0} = \beta\cdot\mathrm{Id}$.

Writing $S = \frac{\mathrm{tr}(S)}{n}I_n + \left(S - \frac{\mathrm{tr}(S)}{n}I_n\right)$:
$$f(S) = \alpha\,\frac{\mathrm{tr}(S)}{n}I_n + \beta\left(S - \frac{\mathrm{tr}(S)}{n}I_n\right) = \beta\, S + \frac{\alpha-\beta}{n}\,\mathrm{tr}(S)\,I_n.$$

Setting $a = \beta$, $b = \frac{\alpha-\beta}{n}$: $\boxed{f(S) = aS + b\,\mathrm{tr}(S)\,I_n, \quad a,b \in \mathbb{R}.}$

For $n = 1$: $S_1(\mathbb{R}) = \mathbb{R}$, $O_1 = \{\pm 1\}$, and $O^T S O = S$ always, so the condition is vacuous and $f(S) = cS$ for any $c \in \mathbb{R}$. This equals $aS + b\,\mathrm{tr}(S)\,I_1 = (a+b)S$, consistent with the formula.

### PROOF COMPLETE
DEVIN_CLI_EXITED code=0
