## 答案泄露自查

问题文本仅包含要计算的积分 `∫_0^∞ ln(x)/(x²+1) dx`。没有泄露答案，没有解答草图，没有 Lean 语句，没有提示。问题很干净。

## 证明

计算
$$I = \int_0^{\infty} \frac{\ln x}{x^2+1}\,dx.$$

**收敛性。** 在 $x \to 0^+$ 附近，被积函数 behaves like $\ln x$，且 $\int_0^1 \ln x\,dx = [x\ln x - x]_0^1 = -1 < \infty$。在 $x \to \infty$ 附近，被积函数 behaves like $\ln x / x^2$，且 $\int_1^\infty \ln x / x^2\,dx = [-(\ln x+1)/x]_1^\infty = 1 < \infty$。因此该积分收敛。

**对称性论证。** 进行倒易替换 $x = 1/t$，因此 $dx = -dt/t^2$。当 $x$ 从 $0^+$ 变为 $+\infty$ 时，$t$ 从 $+\infty$ 变为 $0^+$。则

$$
I = \int_{\infty}^{0} \frac{\ln(1/t)}{(1/t)^2 + 1}\left(-\frac{dt}{t^2}\right)
  = \int_0^{\infty} \frac{-\ln t}{\,\dfrac{1+t^2}{t^2}\,}\cdot\frac{dt}{t^2}
  = \int_0^{\infty} \frac{-\ln t}{1+t^2}\,dt
  = -\int_0^{\infty}\frac{\ln t}{1+t^2}\,dt
  = -I.
$$

因此 $I = -I$，即 $2I = 0$，所以

$$I = 0.$$

**结论。**

$$\boxed{\displaystyle\int_0^{\infty}\frac{\ln x}{x^2+1}\,dx = 0.}$$

### 证明完成
DEVIN_CLI_EXITED code=0
