## Solution

We consider the operator $L$ acting on (sufficiently smooth) functions on a domain $\Omega$, with the $L^2$ inner product $\langle u, v\rangle = \int_\Omega u\,v\,dx$, and boundary conditions such that all integration-by-parts boundary terms vanish (e.g. $u,v$ compactly supported, or periodic, or zero on $\partial\Omega$).

$$Lu = -\mu\,\Delta u + b\cdot\nabla u.$$

We decompose $L = L_s + L_a$ where $L_s$ is **symmetric** (self-adjoint: $\langle L_s u, v\rangle = \langle u, L_s v\rangle$) and $L_a$ is **skew-symmetric** ($\langle L_a u, v\rangle = -\langle u, L_a v\rangle$). The standard recipe is $L_s = \tfrac12(L + L^*)$, $L_a = \tfrac12(L - L^*)$, where $L^*$ is the formal adjoint.

### Step 1. Compute the formal adjoint $L^*$

For the diffusion term, Green's second identity gives
$$\int_\Omega v\,\Delta u\,dx = \int_\Omega u\,\Delta v\,dx,$$
so $-\mu\Delta$ is self-adjoint.

For the transport term, integrate by parts:
$$\int_\Omega v\,(b\cdot\nabla u)\,dx = -\int_\Omega u\,\nabla\!\cdot\!(vb)\,dx = -\int_\Omega u\,(b\cdot\nabla v)\,dx - \int_\Omega u\,v\,(\nabla\!\cdot\! b)\,dx.$$

Hence
$$\langle Lu, v\rangle = \int_\Omega u\bigl[-\mu\Delta v - b\cdot\nabla v - (\nabla\!\cdot\! b)\,v\bigr]dx = \langle u, L^*v\rangle,$$
giving the formal adjoint
$$L^* = -\mu\Delta - b\cdot\nabla - (\nabla\!\cdot\! b).$$

### Step 2. Symmetric part

$$L_s = \tfrac12(L + L^*) = \tfrac12\bigl[(-\mu\Delta + b\cdot\nabla) + (-\mu\Delta - b\cdot\nabla - \nabla\!\cdot\! b)\bigr]$$
$$\boxed{L_s = -\mu\,\Delta - \tfrac12\,\nabla\!\cdot\! b.}$$

This is the sum of the self-adjoint diffusion $-\mu\Delta$ and the zeroth-order multiplication operator $-\tfrac12(\nabla\!\cdot\! b)$, both symmetric.

### Step 3. Skew-symmetric part

$$L_a = \tfrac12(L - L^*) = \tfrac12\bigl[(-\mu\Delta + b\cdot\nabla) - (-\mu\Delta - b\cdot\nabla - \nabla\!\cdot\! b)\bigr]$$
$$\boxed{L_a = b\cdot\nabla + \tfrac12\,\nabla\!\cdot\! b.}$$

### Step 4. Verification

**$L_s$ symmetric.** Both $-\mu\Delta$ and multiplication by $-\tfrac12\nabla\!\cdot\! b$ are self-adjoint, so $\langle L_s u, v\rangle = \langle u, L_s v\rangle$. ✓

**$L_a$ skew-symmetric.** Using the integration-by-parts identity from Step 1,
$$\langle L_a u, v\rangle = \int_\Omega v(b\cdot\nabla u)\,dx + \tfrac12\int_\Omega u\,v\,(\nabla\!\cdot\! b)\,dx$$
$$= -\int_\Omega u(b\cdot\nabla v)\,dx - \int_\Omega u\,v\,(\nabla\!\cdot\! b)\,dx + \tfrac12\int_\Omega u\,v\,(\nabla\!\cdot\! b)\,dx$$
$$= -\int_\Omega u\bigl(b\cdot\nabla v + \tfrac12(\nabla\!\cdot\! b)\,v\bigr)dx = -\langle u, L_a v\rangle. \checkmark$$

### Interpretation

The non-divergence-form operator $L = -\mu\Delta + b\cdot\nabla$ splits as:

- **Symmetric (dissipative) part**: $L_s = -\mu\Delta - \tfrac12\nabla\!\cdot\! b$ — the diffusion plus a potential correction $-\tfrac12\nabla\!\cdot\! b$ accounting for the fact that $b\cdot\nabla$ alone is not skew-adjoint unless $\nabla\!\cdot\! b = 0$.
- **Skew-symmetric (conservative) part**: $L_a = b\cdot\nabla + \tfrac12\nabla\!\cdot\! b = \tfrac12\bigl[b\cdot\nabla + \nabla\!\cdot\!(b\,\cdot)\bigr]$, which is exactly the skew-adjoint form of the transport. Note that $L_a u = \tfrac12\bigl[b\cdot\nabla u + \nabla\!\cdot\!(b\,u)\bigr] = \tfrac12\nabla\!\cdot\!(b\,u) + \tfrac12 b\cdot\nabla u$, i.e. the average of the non-divergence and divergence forms of the transport — the canonical skew-adjoint realization of advection by $b$.

When $\nabla\!\cdot\! b = 0$ (incompressible drift), the correction vanishes and the split reduces to the familiar $L_s = -\mu\Delta$, $L_a = b\cdot\nabla$.

### PROOF COMPLETE
DEVIN_CLI_EXITED code=0
