## Proof

Let
$$I(t) = \int_{0}^{\infty} e^{-tx}\,\frac{\sin x}{x}\,dx, \qquad t > 0.$$

**Step 1. Compute $I(t)$ in closed form.**

Differentiate under the integral sign with respect to $t$ (justified since for $t \geq t_0 > 0$ the integrand $e^{-tx}\sin x$ is dominated by $e^{-t_0 x}$, which is integrable):

$$I'(t) = -\int_{0}^{\infty} e^{-tx}\sin x\,dx.$$

The integral $\int_{0}^{\infty} e^{-tx}\sin x\,dx$ is the Laplace transform of $\sin x$ evaluated at $t$:

$$\int_{0}^{\infty} e^{-tx}\sin x\,dx = \frac{1}{t^{2}+1}.$$

Hence
$$I'(t) = -\frac{1}{t^{2}+1}.$$

Integrating,

$$I(t) = -\arctan t + C$$

for some constant $C$.

**Step 2. Determine the constant.**

As $t\to\infty$, the factor $e^{-tx}\to 0$ for every $x>0$, and $|e^{-tx}\frac{\sin x}{x}|\le e^{-tx}\le e^{-x}$ (for $t\ge 1$), so by dominated convergence $I(t)\to 0$. Since $\arctan t\to \frac{\pi}{2}$,

$$0 = -\frac{\pi}{2} + C \implies C = \frac{\pi}{2}.$$

Therefore
$$I(t) = \frac{\pi}{2} - \arctan t.$$

**Step 3. Take the limit.**

$$\lim_{t\to\infty} I(t) = \frac{\pi}{2} - \lim_{t\to\infty}\arctan t = \frac{\pi}{2} - \frac{\pi}{2} = 0.$$

$$\boxed{\displaystyle \lim_{t\to\infty}\int_{0}^{\infty} e^{-tx}\,\frac{\sin x}{x}\,dx = 0.}$$

### PROOF COMPLETE
DEVIN_CLI_EXITED code=0
