# Solution

**Answer: No**, $L$ is not bounded by any constant depending only on $d$.

## Setup

Rewrite the defining equation $m^2 - n^2 = P(m) - P(n)$ as $Q(m) = Q(n)$, where $Q(x) := x^2 - P(x)$. This is a polynomial of degree $D = \max(d,2)$. The set $A$ consists of all integer pairs $(m,n)$ on the level curves of $Q$.

## Counterexample family (degree $d = 3$)

For each positive integer $N$, define the cubic polynomial

$$P_N(x) = -x^3 + (N^2+N+2)\,x^2,$$

which has integer coefficients and degree 3. Then

$$Q(x) = x^2 - P_N(x) = x^3 - (N^2+N+1)\,x^2 = x^2\bigl(x - \alpha\bigr), \qquad \alpha := N^2+N+1.$$

The condition $Q(m)=Q(n)$ becomes

$$m^2(m-\alpha) = n^2(n-\alpha).$$

## Exhibiting a solution with large $|m/n|$

Set $m = N(N+1) = N^2+N$ and $n = -N$. Verify directly:

$$Q(m) = (N^2+N)^2\bigl((N^2+N)-(N^2+N+1)\bigr) = (N^2+N)^2\cdot(-1) = -\bigl(N(N+1)\bigr)^2.$$

$$Q(n) = N^2\bigl(-N-(N^2+N+1)\bigr) = N^2\bigl(-(N+1)^2\bigr) = -N^2(N+1)^2 = -\bigl(N(N+1)\bigr)^2.$$

So $Q(m)=Q(n)$, hence $(m,n)\in A$, and

$$\left|\frac{m}{n}\right| = \frac{N(N+1)}{N} = N+1.$$

## $L$ is finite for each $P_N$ yet unbounded across the family

For $m\neq n$, the equation $Q(m)=Q(n)$ factors as $(m-n)\bigl(m^2+mn+n^2-\alpha(m+n)\bigr)=0$. The residual curve $m^2+mn+n^2-\alpha(m+n)=0$ is a conic with positive-definite quadratic form (discriminant $1-4<0$), hence an ellipse with **finitely many** integer points. So $L$ is finite for each fixed $N$.

However, since $L \geq N+1$ for $P_N$ and $N$ is arbitrary, $L$ grows without bound over degree-3 polynomials.

## Conclusion

No constant $C(3)$ can bound $L$ for all cubic $P$, so $L$ is **not** bounded by a function of $d$ alone.

*(Remark: the failure is even more immediate for $d=2$—taking $P(x)=x^2$ gives $Q\equiv 0$, so $A=\mathbb{Z}^2$ and $L=\infty$—and for $d=1$, where $P(x)=ax$ yields solutions with $|m/n|=|a-1|$.) The cubic example above is the strongest, since $L$ is finite for each individual polynomial yet unbounded across the family.*

### PROOF COMPLETE
DEVIN_CLI_EXITED code=0
