Looking at this problem, I need to find a sequence where every non-negative integer has a unique representation as $a_i + 2a_j + 4a_k$.

## Setting Up the Generating Function

Let $f(x) = \sum_{i \geq 0} x^{a_i}$. The number of representations of $n$ as $a_i + 2a_j + 4a_k$ is the coefficient of $x^n$ in $f(x) \cdot f(x^2) \cdot f(x^4)$. The uniqueness condition requires:

$$f(x) \cdot f(x^2) \cdot f(x^4) = \frac{1}{1-x}$$

## Determining the Sequence

**$a_0 = 0$:** The smallest representable number is $7a_0$, so $a_0 = 0$.

**$a_1 = 1$:** Using only $a_0=0$, only $\{0\}$ is representable. To represent 1, the only possibility is $a_1 + 0 + 0 = 1$, giving $a_1 = 1$.

With $\{0,1\}$, the 8 numbers $\{0,1,\ldots,7\}$ are uniquely represented (each corresponds to a binary triple $(i,j,k) \in \{0,1\}^3$).

**$a_2 = 8$:** Since $\max$ with $\{0,1\}$ is 7, we need $a_2$ to represent 8. Checking all candidates ($a_2 \in \{2,4,6,8\}$ from the equation $a_2 + 2a_j + 4a_k = 8$), only $a_2 = 8$ preserves uniqueness — the others create duplicate representations (e.g., $a_2=2$ gives $4\cdot2=8=2+2\cdot1+4\cdot1$; $a_2=4$ gives $4+0+0=4=0+0+4\cdot1$; $a_2=6$ gives $6+0+0=6=0+2\cdot1+4\cdot1$).

## The Pattern

With $f(x) = (1+x)(1+x^8)$, we get $f(x)f(x^2)f(x^4) = (1+x)(1+x^2)(1+x^4)(1+x^8)(1+x^{16})(1+x^{32}) = \frac{1-x^{64}}{1-x}$, covering $\{0,\ldots,63\}$ uniquely.

**General solution:** $f(x) = \prod_{m=0}^{\infty}(1+x^{8^m})$. Then:

$$f(x)\cdot f(x^2)\cdot f(x^4) = \prod_{m=0}^{\infty}(1+x^{8^m})(1+x^{2\cdot 8^m})(1+x^{4\cdot 8^m}) = \prod_{m=0}^{\infty}\frac{1-x^{8^{m+1}}}{1-x^{8^m}} = \frac{1}{1-x}$$

by telescoping. ✓

The exponents of $f(x)$ are precisely the non-negative integers whose **base-8 representation uses only digits 0 and 1**.

## Uniqueness of the Solution

The generating function equation determines $f$ uniquely by strong induction: the coefficient of $x^n$ in $f(x)$ depends only on coefficients of $x^m$ in $f(x^2)$ and $f(x^4)$ for $m \leq n/2$ and $m \leq n/4$ respectively. Each $a_n$ is forced, as verified for $a_0, a_1, a_2$ above.

## Computing $a_{1998}$

The sequence $a_n$ is ordered by value, and the $n$-th element (0-indexed) corresponds to **writing $n$ in binary and interpreting the result as a base-8 number**. This is because the numbers with base-8 digits in $\{0,1\}$, listed in increasing order, correspond bijectively to binary numbers via the digit-by-digit map $0\to0, 1\to1$.

**Verification:** $n=0\to 0_8=0$✓, $n=1\to 1_8=1$✓, $n=2\to 10_8=8$✓, $n=3\to 11_8=9$✓, $n=4\to 100_8=64$✓.

**Convert 1998 to binary:**

$1998 = 2^{10}+2^9+2^8+2^7+2^6+2^3+2^2+2^1 = 11111001110_2$

**Interpret as base-8:**

$$a_{1998} = 8^{10}+8^9+8^8+8^7+8^6+8^3+8^2+8^1$$

Computing:
- $8^6 + 8^7 + 8^8 + 8^9 + 8^{10} = 262144 + 2097152 + 16777216 + 134217728 + 1073741824 = 1227096064$
- $8^3 + 8^2 + 8^1 = 512 + 64 + 8 = 584$

$$a_{1998} = 1227096064 + 584 = \boxed{1227096648}$$

### PROOF COMPLETE
DEVIN_CLI_EXITED code=0
