```xml
<audit>
  <analysis_result_key>2272925</analysis_result_key>
  <problem_id>polymath_00801</problem_id>
  <audit_status>PASS_SELECTABLE</audit_status>
  <check_results>
    <A1>PASS: dimension1_verdict is DIRECTION_ERROR, a valid value.</A1>
    <A2>PASS: dimension1_explanation is non-empty and well over 50 characters.</A2>
    <A3>PASS: dimension2_turning_point_type is "other", a valid value, and d1=DIRECTION_ERROR requires d2.</A3>
    <A4>PASS: dimension2_explanation is non-empty and well over 50 characters.</A4>
    <A5>PASS: ai_direction_summary is non-empty and describes the AI's matching-theory direction.</A5>
    <A6>PASS: standard_solution_key_technique is non-empty and describes the block-height construction.</A6>
    <B1>PASS: No XML tag leaks found in either explanation.</B1>
    <B2>PASS: No template placeholder leaks found in either explanation.</B2>
    <B3>PASS: Both explanations are far longer than 50 characters.</B3>
    <C1>PASS: d1=DIRECTION_ERROR and d2 has a value, consistent.</C1>
    <C2>PASS: d1_exp describes a wrong direction (matching-theory rabbit hole vs. standard block construction), matching DIRECTION_ERROR.</C2>
    <C3>PASS: d2="other" and d2_exp describes a constructive+pigeonhole argument, which is not a named modular-arithmetic type, so "other" is appropriate.</C3>
    <D1>PASS: d1_exp is over 100 characters and contains action verbs "went", "attempted", "never considered".</D1>
    <D2>PASS: d2_exp is over 100 characters and contains mathematical terms "pigeonhole principle", "combinatorial construction", "height-blocks".</D2>
    <D3>PASS: ai_direction_summary describes the actual direction taken (bipartite matching, Hall's theorem deficits, inclusion-exclusion), not just "the AI failed".</D3>
    <D4>PASS: standard_solution_key_technique describes the specific technique (block-height construction with pigeonhole for lower bound, adversary grouping for upper bound, generalization n=m·2^(k-1)).</D4>
    <E1>UNKNOWN — check via script</E1>
  </check_results>
  <issues_found>none</issues_found>
</audit>
```

### AUDIT COMPLETE
DEVIN_CLI_EXITED code=0
