```xml
<audit>
  <analysis_result_key>2270014</analysis_result_key>
  <problem_id>oda_math_460k_00008431</problem_id>
  <audit_status>PASS_SELECTABLE</audit_status>
  <check_results>
    <A1>PASS: dimension1_verdict is DIRECTION_ERROR, a valid enum value</A1>
    <A2>PASS: dimension1_explanation is non-empty and well over 50 characters</A2>
    <A3>PASS: dimension2_turning_point_type is "other", a valid enum, and required since d1=DIRECTION_ERROR</A3>
    <A4>PASS: dimension2_explanation is non-empty and well over 50 characters</A4>
    <A5>PASS: ai_direction_summary is non-empty and describes the off-track direction</A5>
    <A6>PASS: standard_solution_key_technique is non-empty and describes the power-law ansatz</A6>
    <B1>PASS: no XML tag leaks found in either explanation</B1>
    <B2>PASS: no template placeholder leaks found in either explanation</B2>
    <B3>PASS: both explanations are well over 50 characters</B3>
    <C1>PASS: d1=DIRECTION_ERROR and d2 has a value, consistent with the rule</C1>
    <C2>PASS: d1_exp describes the AI going down an unrelated mathematical path (Sturm-Liouville instead of Cauchy-Euler), matching the DIRECTION_ERROR label</C2>
    <C3>PASS: d2_exp describes the Cauchy-Euler power-law substitution, an ODE technique outside number-theoretic categories, matching the "other" label</C3>
    <D1>PASS: d1_exp is over 100 characters and contains action verbs "went" and "considered"</D1>
    <D2>PASS: d2_exp is over 100 characters and contains mathematical terms (Cauchy-Euler, characteristic equation, roots, general solution)</D2>
    <D3>PASS: ai_direction_summary describes the actual direction taken (fourth-order Sturm-Liouville beam eigenvalue problem), not just "the AI failed"</D3>
    <D4>PASS: standard_solution_key_technique describes the specific power-law ansatz technique reducing to the characteristic equation, not a generic statement</D4>
    <E1>UNKNOWN — check via script</E1>
  </check_results>
  <issues_found>none</issues_found>
</audit>
```

### AUDIT COMPLETE
DEVIN_CLI_EXITED code=0
```xml
<audit>
  <analysis_result_key>2270014</analysis_result_key>
  <problem_id>oda_math_460k_00008431</problem_id>
  <audit_status>PASS_SELECTABLE</audit_status>
  <check_results>
    <A1>PASS: dimension1_verdict is DIRECTION_ERROR, a valid value</A1>
    <A2>PASS: dimension1_explanation is non-empty and well over 50 characters</A2>
    <A3>PASS: dimension2_turning_point_type is "other", a valid value, and d1=DIRECTION_ERROR requires d2</A3>
    <A4>PASS: dimension2_explanation is non-empty and well over 50 characters</A4>
    <A5>PASS: ai_direction_summary is non-empty and describes the off-track direction</A5>
    <A6>PASS: standard_solution_key_technique is non-empty and describes the power-law ansatz</A6>
    <B1>PASS: no XML tag leaks found in either explanation</B1>
    <B2>PASS: no template placeholder leaks found in either explanation</B2>
    <B3>PASS: both explanations are well over 50 characters</B3>
    <C1>PASS: d1=DIRECTION_ERROR and d2 has a value, consistent</C1>
    <C2>PASS: d1_exp describes solving an entirely different problem (Sturm-Liouville beam eigenvalue) instead of the Cauchy-Euler ODE, matching the DIRECTION_ERROR label</C2>
    <C3>PASS: d2_exp describes the Cauchy-Euler power-law substitution, an ODE technique outside number-theoretic categories, matching the "other" label</C3>
    <D1>PASS: d1_exp is over 100 characters and contains action verbs ("considered", "went down")</D1>
    <D2>PASS: d2_exp is over 100 characters and contains mathematical terms (Cauchy-Euler, characteristic equation, power-law substitution)</D2>
    <D3>PASS: ai_direction_summary describes the specific wrong direction taken (fourth-order Sturm-Liouville beam eigenvalue problem)</D3>
    <D4>PASS: standard_solution_key_technique describes the specific technique (power-law ansatz y = r^m reducing to quadratic characteristic equation)</D4>
    <E1>UNKNOWN — check via script</E1>
  </check_results>
  <issues_found>none</issues_found>
</audit>
```

### AUDIT COMPLETE
DEVIN_CLI_EXITED code=0
