## Setup

Let the square have side length $s$, and place coordinates with $A=(0,0)$, $B=(s,0)$, $C=(s,s)$, $D=(0,s)$. Let $P=(x,y)$ inside the square. Denote
$$a=PA,\quad b=PB,\quad c=PC=12,\quad d=PD=15,\quad w=s^{2},\quad u=a^{2}.$$

## Two distance relations

From the coordinates:
$$c^{2}=(x-s)^{2}+(y-s)^{2},\qquad d^{2}=x^{2}+(y-s)^{2}.$$
Subtracting gives $c^{2}-d^{2}=s^{2}-2sx$, i.e. $-81=s^{2}-2sx$, so
$$2sx=w+81,\qquad x=\frac{w+81}{2s}.\tag{1}$$

The British-Flag theorem for a square gives $a^{2}+c^{2}=b^{2}+d^{2}$, hence
$$a^{2}-b^{2}=d^{2}-c^{2}=225-144=81,\qquad b^{2}=u-81.\tag{2}$$

Also $d^{2}=x^{2}+(y-s)^{2}=a^{2}-2sy+s^{2}=225$, so
$$2sy=u+w-225,\qquad y=\frac{u+w-225}{2s}.\tag{3}$$

## Position equation

Since $a^{2}=x^{2}+y^{2}$, using (1) and (3):
$$u=\left(\frac{w+81}{2s}\right)^{2}+\left(\frac{u+w-225}{2s}\right)^{2}.$$
Multiplying by $4s^{2}=4w$ and expanding:
$$4wu=(w+81)^{2}+(u+w-225)^{2}=2w^{2}+u^{2}+2uw-288w+57186-450u,$$
which simplifies to
$$\boxed{2w^{2}+u^{2}-2uw-288w-450u+57186=0.}\tag{P}$$

## Angle equation

With $\angle APB=135^{\circ}$, the law of cosines in $\triangle APB$ gives
$$s^{2}=a^{2}+b^{2}-2ab\cos135^{\circ}=a^{2}+b^{2}+\sqrt2\,ab.$$
Using $b^{2}=u-81$ and $ab=\sqrt{u(u-81)}$:
$$w=2u-81+\sqrt{2u(u-81)}.$$
Isolating the root and squaring: $2u(u-81)=(w-2u+81)^{2}$. Expanding and simplifying yields
$$\boxed{w^{2}+2u^{2}-4uw+162w-162u+6561=0.}\tag{A}$$

## Solving the system

Compute $2\cdot(\text{A})-(\text{P})$ and divide by $3$:
$$u^{2}-2uw+204w+42u-14688=0.\tag{B}$$
Factor the $u$-terms: $u^{2}+42u-14688=(u-102)(u+144)$ (since $246^{2}=60516$). Also $204-2u=-2(u-102)$, so (B) becomes
$$(u-102)(u+144-2w)=0.$$

**Case 2:** $u=2w-144$. Substituting into (A) gives $w^{2}-738w+71361=0$, with roots $w=369\pm180\sqrt2$. For both roots one finds either $y<0$ or $y>s$, so $P$ is not inside the square. Rejected.

**Case 1:** $u=102$ (so $a^{2}=102$, $b^{2}=21$). Substituting into (A):
$$w^{2}-246w+10845=0.$$
The discriminant is $246^{2}-4\cdot10845=60516-43380=17136=144\cdot119$, so
$$w=\frac{246\pm12\sqrt{119}}{2}=123\pm6\sqrt{119}.$$

## Selecting the interior root

With $s=\sqrt w$, $x=(w+81)/(2s)$, $y=(u+w-225)/(2s)=(w-123)/(2s)$.

- For $w=123-6\sqrt{119}\approx57.55$: $s\approx7.59$, $x\approx9.13>s$. Not interior.
- For $w=123+6\sqrt{119}\approx188.45$: $s\approx13.73$, $x\approx9.81\in(0,s)$, $y\approx2.38\in(0,s)$. Interior. ✓

## Verification (numerical)

With $w=123+6\sqrt{119}$, $u=102$: $a=\sqrt{102}$, $b=\sqrt{21}$, $s=\sqrt{123+6\sqrt{119}}$.
- $a^{2}+c^{2}=102+144=246=b^{2}+d^{2}=21+225=246$. ✓
- $d^{2}=225$ and $c^{2}=144$ reproduce $x,y$ from (1),(3) with $a^{2}=x^{2}+y^{2}=102$. ✓
- $\cos\angle APB=\dfrac{PA\cdot PB}{ab}=\dfrac{-x(s-x)+y^{2}}{\sqrt{102\cdot21}}\approx\dfrac{-32.73}{46.28}\approx-0.7071=-\tfrac{\sqrt2}{2}$, i.e. $135^{\circ}$. ✓

## Answer

The area of the square solar grid is

$$\boxed{123+6\sqrt{119}\ \text{km}^{2}}.$$

### PROOF COMPLETE
DEVIN_CLI_EXITED code=0
