## 答案泄密自检

我已检查题目文本，未发现泄露的答案、解答、解题思路或形式化说明。本题仅包含问题陈述，未发现答案泄露。

---

## 证明

**定理。** 设 $1 \leq p < \infty$，$w \in A_p(\mathbb{R}^n)$ 为 Muckenhoupt 权，且 $1 \in L^1(w)$（即 $w \in L^1(\mathbb{R}^n)$）。则 Schwartz 函数空间 $\mathcal{S}(\mathbb{R}^n)$ 在 $L^p(w)$ 中稠密。

事实上，稠密性对于所有 $A_p$ 权都成立，无需额外的可积性假设 $1 \in L^1(w)$。由于 $C_c^\infty(\mathbb{R}^n) \subset \mathcal{S}(\mathbb{R}^n)$，只需证明 $C_c^\infty(\mathbb{R}^n)$ 在 $L^p(w)$ 中稠密即可。

---

### 情况 1：$1 < p < \infty$

设 $p' = p/(p-1)$。测度 $\mu = w\,dx$ 是 $\sigma$-有限的，因为 $\mathbb{R}^n = \bigcup_{k} B(0,k)$ 且 $\mu(B(0,k)) = \int_{B(0,k)} w\,dx < \infty$（因为 $w \in L^1_{\mathrm{loc}}$，这包含在 $A_p$ 条件中：对于每个方体 $Q$，平均值 $\frac{1}{|Q|}\int_Q w\,dx$ 必须是有限的）。因此 $L^p(\mu) = L^p(w)$ 是一个 Banach 空间，其对偶空间为 $L^{p'}(\mu) = L^{p'}(w\,dx)$，其对偶关系为
$$T_g(f) = \int_{\mathbb{R}^n} f\, g\, w\,dx, \qquad g \in L^{p'}(w\,dx).$$

根据 Hahn–Banach 定理，$C_c^\infty$ 在 $L^p(w)$ 中稠密当且仅当满足 $\int f\, g\, w\,dx = 0$（对所有 $f \in C_c^\infty$）的唯一函数 $g \in L^{p'}(w\,dx)$ 是 $g = 0$。

假设 $g \in L^{p'}(w\,dx)$，即 $\int |g|^{p'} w\,dx < \infty$，且 $\int f\, g\, w\,dx = 0$ 对所有 $f \in C_c^\infty$ 成立。我们证明 $gw \in L^1_{\mathrm{loc}}$。对于任意紧集 $K \subset \mathbb{R}^n$，利用共轭指数为 $p'$ 和 $p$ 的 Hölder 不等式：

$$\int_K |g|\, w\,dx = \int_K \bigl(|g|\, w^{1/p'}\bigr)\bigl(w^{1/p}\bigr)\,dx \leq \left(\int_K |g|^{p'} w\,dx\right)^{1/p'} \left(\int_K w\,dx\right)^{1/p} < \infty,$$

因为 $w \in L^1_{\mathrm{loc}}$ 且 $\int_K |g|^{p'} w\,dx \leq \int |g|^{p'} w\,dx < \infty$。

因此 $gw$ 是一个局部可积函数，从而是一个分布。条件 $\int f\,(gw)\,dx = 0$（对所有 $f \in C_c^\infty$）意味着 $gw = 0$ 作为分布成立，因此 $gw = 0$ 几乎处处成立。由于 $w > 0$ 几乎处处成立——这由 $A_p$ 条件得出：对于每个方体 $Q$，$\frac{1}{|Q|}\int_Q w^{-1/(p-1)}\,dx$ 的有限性迫使 $w > 0$ 几乎处处成立（否则 $w^{-1/(p-1)} = \infty$ 在任何正测度集上都会使积分发散）——我们得出 $g = 0$ 几乎处处成立。

根据 Hahn–Banach 定理，$C_c^\infty(\mathbb{R}^n)$ 在 $L^p(w)$ 中稠密。

---

### 情况 2：$p = 1$

设 $w \in A_1$，即 $Mw \leq C\, w$ 几乎处处成立，其中 $M$ 是 Hardy–Littlewood 极大函数。测度 $\mu = w\,dx$ 是 $\sigma$-有限的（同上所述，因为 $A_1$ 权属于 $L^1_{\mathrm{loc}}$）。$L^1(\mu) = L^1(w)$ 的对偶空间是 $L^\infty(\mu) = L^\infty(w\,dx)$。

假设 $g \in L^\infty(w\,dx)$ 满足 $\int f\, g\, w\,dx = 0$ 对所有 $f \in C_c^\infty$ 成立。条件 $g \in L^\infty(w\,dx)$ 意味着 $|g| \leq C_0$ 关于 $w$-几乎处处成立。我们证明 $w > 0$ 几乎处处成立：如果 $w = 0$ 在一个正测度集 $E$ 上成立，那么对于几乎所有的 $x \in E$，$w(x) = 0$，因此 $Mw(x) \leq C \cdot 0 = 0$，这意味着 $\int_{B(x,r)} w\,dx = 0$ 对所有 $r > 0$ 成立，从而 $w = 0$ 几乎处处成立——这与非平凡的 $A_1$ 权矛盾。因此 $w > 0$ 几乎处处成立，且 $|g| \leq C_0$ 几乎处处成立（关于 Lebesgue 测度），所以 $g \in L^\infty(dx)$。

那么 $gw \in L^1_{\mathrm{loc}}$（因为 $g \in L^\infty$ 且 $w \in L^1_{\mathrm{loc}}$），因此 $gw$ 是一个分布。同上所述，$\int f\,(gw)\,dx = 0$ 对所有 $f \in C_c^\infty$ 成立意味着 $gw = 0$ 几乎处处成立，因此 $g = 0$ 关于 $w$-几乎处处成立。

根据 Hahn–Banach 定理，$C_c^\infty(\mathbb{R}^n)$ 在 $L^1(w)$ 中稠密。

---

### 结论

在上述两种情况下，$C_c^\infty(\mathbb{R}^n)$ 在 $L^p(w)$ 中稠密，适用于 $w \in A_p$ 且 $1 \leq p < \infty$ 的情况。由于 $C_c^\infty(\mathbb{R}^n) \subset \mathcal{S}(\mathbb{R}^n)$，Schwartz 空间 $\mathcal{S}(\mathbb{R}^n)$ 在 $L^p(w)$ 中稠密。

额外的假设 $1 \in L^1(w)$（即 $w \in L^1(\mathbb{R}^n)$）对于稠密性并不是必需的；该结论对所有 Muckenhoupt $A_p$ 权均成立。该假设可能在其他上下文中很有用（例如，确保常值函数属于 $L^p(w)$，或用于某些嵌入/逼近参数），但它不会削弱也不会增强稠密性结果，该结果完全依赖于 $A_p$ 条件。$\blacksquare$

### 证明完成
