## Answer Leak Self-Check

The problem text contains only the problem statement — no solutions, solution sketches, formalization notes, or embedded answers. No leak detected. Proceeding to solve.

---

## Proof

We determine all isometries of $(\mathbb{R}^2, g)$ where $g = dx^2 + dy^2$ is the standard Euclidean metric.

### Setup

Let $\varphi: \mathbb{R}^2 \to \mathbb{R}^2$ be a smooth map, written in coordinates as $\varphi(x,y) = (u(x,y), v(x,y))$. The pullback of $g$ is

$$\varphi^* g = (du)^2 + (dv)^2,$$

where
$$du = u_x\,dx + u_y\,dy, \qquad dv = v_x\,dx + v_y\,dy.$$

Expanding:

$$\varphi^* g = (u_x^2 + v_x^2)\,dx^2 + 2(u_x u_y + v_x v_y)\,dx\,dy + (u_y^2 + v_y^2)\,dy^2.$$

The condition $\varphi^* g = g$ is equivalent to the three equations:

$$u_x^2 + v_x^2 = 1, \tag{E1}$$
$$u_x u_y + v_x v_y = 0, \tag{E2}$$
$$u_y^2 + v_y^2 = 1. \tag{E3}$$

### Step 1: The Jacobian matrix is orthogonal

Let $J = \begin{pmatrix} u_x & u_y \\ v_x & v_y \end{pmatrix}$ be the Jacobian of $\varphi$. Equations (E1)–(E3) say precisely that $J^T J = I$, i.e., $J$ is an orthogonal matrix at every point. Since $\varphi$ is a diffeomorphism (being an isometry), $\det J \neq 0$, so $J \in O(2)$ everywhere. As $\mathbb{R}^2$ is connected and $\det J$ is continuous, $\det J$ is constant: either $+1$ everywhere or $-1$ everywhere.

### Step 2: The Jacobian is constant

Since $J$ is orthogonal, its rows (and columns) are orthonormal. In particular, the first row $(u_x, u_y)$ is a unit vector field, so we may write

$$u_x = \cos\theta, \quad u_y = \sin\theta$$

for some smooth function $\theta(x,y)$. The orthogonality condition (E2) forces the second row to be $\pm(-\sin\theta, \cos\theta)$. Setting $\varepsilon = \det J = \pm 1$, we have

$$v_x = -\varepsilon\sin\theta, \quad v_y = \varepsilon\cos\theta.$$

Now use the equality of mixed partials. From $u_{xy} = u_{yx}$:

$$(-\sin\theta)\,\theta_y = (\cos\theta)\,\theta_x \quad\Longrightarrow\quad \cos\theta\,\theta_x + \sin\theta\,\theta_y = 0. \tag{A}$$

From $v_{xy} = v_{yx}$:

$$(-\varepsilon\cos\theta)\,\theta_y = (-\varepsilon\sin\theta)\,\theta_x \quad\Longrightarrow\quad -\sin\theta\,\theta_x + \cos\theta\,\theta_y = 0. \tag{B}$$

Equations (A) and (B) form a linear system for $(\theta_x, \theta_y)$ with coefficient matrix $\begin{pmatrix} \cos\theta & \sin\theta \\ -\sin\theta & \cos\theta \end{pmatrix}$, which has determinant $\cos^2\theta + \sin^2\theta = 1 \neq 0$. Therefore

$$\theta_x = 0, \qquad \theta_y = 0.$$

So $\theta$ is constant on $\mathbb{R}^2$. This means $J$ is a **constant** orthogonal matrix.

### Step 3: Integrate to get the explicit form

Since all partial derivatives of $u$ and $v$ are constant, $u$ and $v$ are affine functions. Writing the constant orthogonal matrix as $A = \begin{pmatrix} a & b \\ c & d \end{pmatrix} \in O(2)$, we get

$$u = ax + by + p, \qquad v = cx + dy + q$$

for constants $p, q \in \mathbb{R}$. In matrix form:

$$\varphi\begin{pmatrix} x \\ y \end{pmatrix} = A\begin{pmatrix} x \\ y \end{pmatrix} + \begin{pmatrix} p \\ q \end{pmatrix}, \qquad A \in O(2).$$

### Step 4: Converse — every such map is an isometry

Conversely, any map of the form $\varphi(\mathbf{x}) = A\mathbf{x} + \mathbf{b}$ with $A \in O(2)$ and $\mathbf{b} \in \mathbb{R}^2$ satisfies $D\varphi = A$ everywhere, so $\varphi^*g = (A\mathbf{x})^T(A\mathbf{x})$-pullback gives $\varphi^*g = g$ since $A^TA = I$. Thus every such map is indeed an isometry.

### Step 5: Classification

Every $A \in O(2)$ is either:

- **A rotation** $R_\theta = \begin{pmatrix} \cos\theta & -\sin\theta \\ \sin\theta & \cos\theta \end{pmatrix}$ with $\det A = +1$, or
- **A reflection** (rotation composed with reflection): $R_\theta\begin{pmatrix}1&0\\0&-1\end{pmatrix} = \begin{pmatrix} \cos\theta & \sin\theta \\ \sin\theta & -\cos\theta \end{pmatrix}$ with $\det A = -1$.

Therefore the full isometry group is the Euclidean group $E(2) = O(2) \ltimes \mathbb{R}^2$, consisting of:

$$\boxed{\varphi(\mathbf{x}) = A\mathbf{x} + \mathbf{b}, \quad A \in O(2),\ \mathbf{b} \in \mathbb{R}^2.}$$

Explicitly, every isometry is either:
- **Orientation-preserving**: a rotation by angle $\theta$ about some point, i.e., $\varphi(\mathbf{x}) = R_\theta\,\mathbf{x} + \mathbf{b}$ (this includes pure translations at $\theta=0$ and rotations about arbitrary centers).
- **Orientation-reversing**: a glide reflection, i.e., $\varphi(\mathbf{x}) = R_\theta\begin{pmatrix}1&0\\0&-1\end{pmatrix}\mathbf{x} + \mathbf{b}$ (this includes pure reflections across arbitrary lines as the special case of zero glide).

These are all the isometries of $(\mathbb{R}^2, g)$. $\blacksquare$

### PROOF COMPLETE
DEVIN_CLI_EXITED code=0
