## Solution

**Setting up coordinates.** Place $B = (0,0)$ and $C = (14,0)$. From $AB = 10$ and $AC = 16$:
$$A = \left(\tfrac{10}{7},\, \tfrac{40\sqrt{3}}{7}\right).$$

**Circumcircle of $\triangle ABC$.** The circumcenter is $O = \left(7,\, \tfrac{7\sqrt{3}}{3}\right)$ with circumradius $R = \tfrac{14\sqrt{3}}{3}$ (since $R^2 = 49 + \tfrac{49}{3} = \tfrac{196}{3}$).

**Constructing $\triangle DEF$.** Since the circumcircle of $ABC$ is the incircle of $DEF$, each side of $DEF$ is a tangent line to the circumcircle, parallel to the corresponding side of $ABC$. For each side of $ABC$, we select the tangent line on the **opposite side of $O$** from that side (ensuring the circle is inscribed and $D$ is on the same side of $BC$ as $A$).

The three sides of $ABC$ in line form:
- $BC$: $y = 0$; $O$ is above ($y_O > 0$), so $EF$ is below: $y = -\tfrac{7\sqrt{3}}{3}$.
- $AB$: $4\sqrt{3}\,x - y = 0$; $O$ gives $+\tfrac{77\sqrt{3}}{3} > 0$, so $DE$ is at $4\sqrt{3}\,x - y = -7\sqrt{3}$.
- $AC$: $5\sqrt{3}\,x + 11y = 70\sqrt{3}$; $O$ gives $-\tfrac{28\sqrt{3}}{3} < 0$, so $DF$ is at $5\sqrt{3}\,x + 11y = 126\sqrt{3}$.

**Verification of tangency.** Each line is at distance $R = \tfrac{14\sqrt{3}}{3}$ from $O$:
- $EF$: $\left|\tfrac{7\sqrt{3}}{3} + \tfrac{7\sqrt{3}}{3}\right| = \tfrac{14\sqrt{3}}{3}$ ✓
- $DE$: $\tfrac{|28\sqrt{3} + 7\sqrt{3} - 7\sqrt{3}/3|}{7} = \tfrac{98\sqrt{3}/3}{7} = \tfrac{14\sqrt{3}}{3}$ ✓
- $DF$: $\tfrac{|35\sqrt{3} + 77\sqrt{3}/3 - 126\sqrt{3}|}{14} = \tfrac{196\sqrt{3}/3}{14} = \tfrac{14\sqrt{3}}{3}$ ✓

**Finding vertex $E = DE \cap EF$:**
$$y = -\tfrac{7\sqrt{3}}{3}, \quad 4\sqrt{3}\,x + 7\sqrt{3} = -\tfrac{7\sqrt{3}}{3} \implies x = -\tfrac{7}{3}.$$
So $E = \left(-\tfrac{7}{3},\, -\tfrac{7\sqrt{3}}{3}\right)$.

**Line $EB$ and the second intersection $X$.** The line through $B(0,0)$ and $E$ has direction $(-1, -\sqrt{3})$, parametrized as $(x,y) = (-t,\, -\sqrt{3}\,t)$.

Substituting into the circumcircle equation $(x-7)^2 + (y - \tfrac{7\sqrt{3}}{3})^2 = \tfrac{196}{3}$:
$$(t+7)^2 + 3\!\left(t + \tfrac{7}{3}\right)^2 = \tfrac{196}{3}$$
$$t^2 + 14t + 49 + 3t^2 + 14t + \tfrac{49}{3} = \tfrac{196}{3}$$
$$4t^2 + 28t + \tfrac{196}{3} = \tfrac{196}{3}$$
$$4t(t + 7) = 0 \implies t = 0 \text{ (point } B\text{)} \text{ or } t = -7 \text{ (point } X\text{)}.$$

At $t = -7$: $X = (7,\, 7\sqrt{3})$.

**Verification:** $(7-7)^2 + (7\sqrt{3} - \tfrac{7\sqrt{3}}{3})^2 = (\tfrac{14\sqrt{3}}{3})^2 = \tfrac{196}{3}$ ✓, confirming $X$ lies on the circumcircle.

**Computing $BX^2$:**
$$BX^2 = 7^2 + (7\sqrt{3})^2 = 49 + 147 = \boxed{196}.$$

### PROOF COMPLETE
