## Proof

**Setup.** For a positive integer $n$, write $n = 2^{v_2(n)} \cdot m$ with $m$ odd. Then $\delta(n) = m$, so
$$\frac{\delta(n)}{n} = \frac{m}{2^{v_2(n)} \cdot m} = \frac{1}{2^{v_2(n)}}.$$
Define $S(x) = \sum_{n=1}^{x} \delta(n)/n = \sum_{n=1}^{x} 2^{-v_2(n)}$.

**Grouping by 2-adic valuation.** The count of $n \in \{1,\dots,x\}$ with $v_2(n)=k$ is $\lfloor x/2^k\rfloor - \lfloor x/2^{k+1}\rfloor$ (multiples of $2^k$ that are not multiples of $2^{k+1}$). Setting $a_k = \lfloor x/2^k\rfloor$,
$$S(x) = \sum_{k\ge 0} \frac{a_k - a_{k+1}}{2^k}, \qquad a_{K+1}=0 \text{ for large } K.$$

**Telescoping.** Split the sum:
$$S(x) = \sum_{k=0}^{K}\frac{a_k}{2^k} - \sum_{k=0}^{K}\frac{a_{k+1}}{2^k} = \sum_{k=0}^{K}\frac{a_k}{2^k} - 2\sum_{k=1}^{K+1}\frac{a_k}{2^k}.$$
Since $a_0 = x$ and $a_{K+1}=0$,
$$S(x) = x - \sum_{k=1}^{K}\frac{a_k}{2^k} = x - \sum_{k=1}^{\infty}\frac{\lfloor x/2^k\rfloor}{2^k}.$$

**Comparison with $2x/3$.** Using $\sum_{k=1}^{\infty} 1/4^k = \frac{1/4}{1-1/4} = 1/3$,
$$\frac{2x}{3} = x - \frac{x}{3} = x - \sum_{k=1}^{\infty}\frac{x/2^k}{2^k}.$$
Therefore
$$S(x) - \frac{2x}{3} = \sum_{k=1}^{\infty}\frac{x/2^k - \lfloor x/2^k\rfloor}{2^k} = \sum_{k=1}^{\infty}\frac{\{x/2^k\}}{2^k},$$
where $\{y\} = y - \lfloor y\rfloor \in [0,1)$ is the fractional part.

**Bounding.** Since $0 \le \{x/2^k\} < 1$ for every $k\ge 1$,
$$0 \le S(x) - \frac{2x}{3} = \sum_{k=1}^{\infty}\frac{\{x/2^k\}}{2^k} < \sum_{k=1}^{\infty}\frac{1}{2^k} = 1.$$
(The inequality is strict because each $\{x/2^k\}<1$ and the geometric series sums to exactly $1$.)

Hence $\left|S(x) - \dfrac{2x}{3}\right| < 1$ for every positive integer $x$. $\blacksquare$

### PROOF COMPLETE
DEVIN_CLI_EXITED code=0
