## 答案泄漏检查

我扫描了题目文本，寻找任何泄漏的答案、解答、解答草稿或形式化笔记。未发现。题目清晰地提出了问题，没有任何提示。继续解答。

## 解答

**是的，存在这样的有界连续函数。**

**构造。** 定义 $f: \mathbb{R} \to \mathbb{R}$ 为
$$
f(x) = \begin{cases} 0 & x \le 0, \\ \dfrac{\sin(1/x)}{\log(2/x)} & 0 < x \le 1, \\ \dfrac{\sin 1}{\log 2}\,(2 - x) & 1 < x \le 2, \\ 0 & x > 2. \end{cases}
$$

**有界性与连续性。** 在 $(0,1]$ 上，$|f(x)| \le \frac{1}{\log(2/x)} \le \frac{1}{\log 2}$，因此 $f$ 是有界的，且 $\|f\|_\infty \le 1/\log 2$。在 $x=0$ 处，当 $x \to 0^+$ 时，$|f(x)| \le 1/\log(2/x) \to 0 = f(0)$，因此 $f$ 在 $0$ 处连续。在 $x=1$ 和 $x=2$ 处，分段定义在两侧匹配，因此 $f$ 在各处均连续。

**所有 $p \ge 1$ 时的无限 $p$-变差。** 我们证明对所有 $p \ge 1$，有 $\overline{V}_p(f)_1 = \infty$。

令 $x_k = \frac{1}{k\pi}$（$\sin(1/x)$ 的零点）且 $m_k = \frac{1}{(k+1/2)\pi}$（相邻零点 $x_{k+1}$ 和 $x_k$ 之间的极值点），其中 $k = 1, 2, 3, \ldots$。注意 $0 < \cdots < x_{k+1} < m_k < x_k < \cdots < x_1 < 1$。

在这些点上，$f(x_k) = 0$ 且
$$
|f(m_k)| = \frac{|\sin((k+\tfrac12)\pi)|}{\log\!\big(2(k+\tfrac12)\pi\big)} = \frac{1}{\log\!\big(2(k+\tfrac12)\pi\big)}.
$$

对于每个 $K \ge 2$，考虑划分
$$
\pi_K = \big\{0,\; x_K,\; m_{K-1},\; x_{K-1},\; m_{K-2},\; \ldots,\; m_1,\; x_1,\; 1\big\}.
$$

由于 $f(x_k) = 0$，$[x_{k+1}, x_k]$ 内的每次振荡对 $p$-变差和贡献两个增量，每个增量的绝对值为 $\frac{1}{\log(2(k+1/2)\pi)}$。因此
$$
\sum_{j} |f(t_j) - f(t_{j-1})|^p \;\ge\; \sum_{k=1}^{K-1} \frac{2}{\big(\log(2(k+\tfrac12)\pi)\big)^p}.
$$

当 $K \to \infty$ 时，右端趋于 $\displaystyle 2\sum_{k=1}^{\infty} \frac{1}{\big(\log(2(k+\tfrac12)\pi)\big)^p}$。对于足够大的 $k$，有 $\log(2(k+\tfrac12)\pi) \le k$（因为 $\log k = o(k)$），所以 $\frac{1}{(\log(2(k+1/2)\pi))^p} \ge \frac{1}{k^p} \ge \frac{1}{k}$。由于调和级数发散，对于所有 $p \ge 1$，该级数发散。

因此 $\sup_\pi \sum |f(t_j)-f(t_{j-1})|^p = \infty$，从而对所有 $p \ge 1$ 有 $\overline{V}_p(f)_1 = \infty$。由于 $[0,1] \subseteq [0,T]$ 意味着在任何 $T \ge 1$ 上的 $p$-变差至少为在 $[0,1]$ 上的 $p$-变差，我们也有对所有 $T \ge 1$ 及所有 $p \ge 1$，有 $\overline{V}_p(f)_T = \infty$。

**结论。** 存在一个有界连续函数 $f: \mathbb{R} \to \mathbb{R}$（如上所述），使得对所有 $p \ge 1$，其 $p$-变差 $\overline{V}_p(f)_T$ 是无限的。关键机制是振幅 $1/\log(2/x)$ 衰减得比对数慢于 $x$ 的任何幂，因此每个 $p \ge 1$ 时的 $p$-变差和 $\sum (\text{振幅})^p$ 的发散速度超过了调和级数。

### PROOF COMPLETE
DEVIN_CLI_EXITED code=0
