Looking at this problem, I need to find all possible configurations of point P and compute ∠BCP for each.

## Setup

Let AB = BC = 1. Since △ABC is isosceles with apex B, let ∠BAC = ∠BCA = α, so ∠ABC = 180° − 2α. Then AC = 2cos(α), so **BP = 2cos(α)**.

Place B at the origin with C along direction 0°. Then A is at direction β = ∠ABC = 180° − 2α from BC. Let P be at direction θ from BC. Then:
- ∠CBP = |θ| = 20°, so **θ = ±20°**
- ∠ABP = |β − θ| = 80°

## Finding all configurations

**θ = 20°:** |β − 20°| = 80° gives β = 100° (since β > 0), so α = 40°. P lies inside ∠ABC.

**θ = −20°:** |β + 20°| = 80° gives β = 60° (since β > 0), so α = 60°. P lies outside ∠ABC, on the opposite side of BC from A.

No other valid configurations exist (the other algebraic solutions give α > 90°, impossible for a base angle).

## Case A: α = 40°, ∠ABC = 100°, θ = 20°

BP = 2cos(40°). In △BCP: BC = 1, BP = 2cos(40°), ∠CBP = 20°.

By the law of sines, with ∠BCP = γ and ∠BPC = 160° − γ:

$$\frac{2\cos 40°}{\sin \gamma} = \frac{1}{\sin(160° - \gamma)}$$

So 2cos(40°)·sin(160° − γ) = sin(γ). Since sin(160° − γ) = sin(20° + γ):

$$2\cos 40° \cdot \sin(20° + \gamma) = \sin \gamma$$

**Test γ = 130°:** LHS = 2cos(40°)·sin(150°) = 2cos(40°)·(1/2) = cos(40°). RHS = sin(130°) = sin(50°) = cos(40°). ✓

The equation reduces to tan(γ) = a unique negative constant, giving exactly one solution in (0°, 160°), namely **γ = 130°**.

## Case B: α = 60°, ∠ABC = 60°, θ = −20°

BP = 2cos(60°) = 1 = BC. In △BCP: BC = BP = 1, ∠CBP = 20°.

This is isosceles with BC = BP, so ∠BCP = ∠BPC = (180° − 20°)/2 = **80°**.

## Verification

Both cases satisfy AC = BP:
- Case A: AC = 2cos(40°) = BP ✓
- Case B: AC = 2cos(60°) = 1 = BP ✓

## Answer

The possible values of ∠BCP are **130°** and **80°**.

$$\boxed{210}$$

### PROOF COMPLETE
DEVIN_CLI_EXITED code=0
