Error: Agent error: Permission denied: Permission denied: Reached overall message rate limit. Please try again later. Your limit will reset in 50 minutes. (trace ID: 43a5e6f5d8e913eef2b0839caac3d8f9): {
  "cognition.ai/errorKind": "internal",
  "cognition.ai/retryable": true
}
DEVIN_CLI_EXITED code=1
Error: Agent error: Permission denied: Permission denied: Reached overall message rate limit. Please try again later. Your limit will reset in 48 minutes. (trace ID: 1a74ac5c3ed05a83e9123c2af79a2d73): {
  "cognition.ai/errorKind": "internal",
  "cognition.ai/retryable": true
}
DEVIN_CLI_EXITED code=1
Error: Agent error: Permission denied: Permission denied: Reached overall message rate limit. Please try again later. Your limit will reset in 45 minutes. (trace ID: 45e3cc15c021fd6256d250d423f2705e): {
  "cognition.ai/errorKind": "internal",
  "cognition.ai/retryable": true
}
DEVIN_CLI_EXITED code=1
Error: Agent error: Permission denied: Permission denied: Reached overall message rate limit. Please try again later. Your limit will reset in 42 minutes. (trace ID: 3e1f038996e24b3252982561c78f7906): {
  "cognition.ai/errorKind": "internal",
  "cognition.ai/retryable": true
}
DEVIN_CLI_EXITED code=1
Error: Agent error: Permission denied: Permission denied: Reached overall message rate limit. Please try again later. Your limit will reset in 39 minutes. (trace ID: 464a96a97160bcd2be9a359d475f7d1c): {
  "cognition.ai/errorKind": "internal",
  "cognition.ai/retryable": true
}
DEVIN_CLI_EXITED code=1
Error: Agent error: Permission denied: Permission denied: Reached overall message rate limit. Please try again later. Your limit will reset in 36 minutes. (trace ID: 33f28b64e49e8313c1ecdeb186feae5f): {
  "cognition.ai/errorKind": "internal",
  "cognition.ai/retryable": true
}
DEVIN_CLI_EXITED code=1
Error: Agent error: Permission denied: Permission denied: Reached overall message rate limit. Please try again later. Your limit will reset in 32 minutes. (trace ID: 18bd979ed33fc725da193c6b39698fa9): {
  "cognition.ai/errorKind": "internal",
  "cognition.ai/retryable": true
}
DEVIN_CLI_EXITED code=1
Error: Agent error: Permission denied: Permission denied: Reached overall message rate limit. Please try again later. Your limit will reset in 29 minutes. (trace ID: 86192c75b4b448a1666d6e462ee442af): {
  "cognition.ai/errorKind": "internal",
  "cognition.ai/retryable": true
}
DEVIN_CLI_EXITED code=1
Error: Agent error: Permission denied: Permission denied: Reached overall message rate limit. Please try again later. Your limit will reset in 26 minutes. (trace ID: b8b292563f769b701480e959fa7d8da6): {
  "cognition.ai/errorKind": "internal",
  "cognition.ai/retryable": true
}
DEVIN_CLI_EXITED code=1
Error: Agent error: Permission denied: Permission denied: Reached overall message rate limit. Please try again later. Your limit will reset in 23 minutes. (trace ID: 0187889eed72e65645d504b13a83770f): {
  "cognition.ai/errorKind": "internal",
  "cognition.ai/retryable": true
}
DEVIN_CLI_EXITED code=1
Error: Agent error: Permission denied: Permission denied: Reached overall message rate limit. Please try again later. Your limit will reset in 20 minutes. (trace ID: c3573392bc47a8a0bd7bcd3fcd33f29c): {
  "cognition.ai/errorKind": "internal",
  "cognition.ai/retryable": true
}
DEVIN_CLI_EXITED code=1
Error: Agent error: Permission denied: Permission denied: Reached overall message rate limit. Please try again later. Your limit will reset in 16 minutes. (trace ID: 27c39ce5856abb5b4f3004c0243c5534): {
  "cognition.ai/errorKind": "internal",
  "cognition.ai/retryable": true
}
DEVIN_CLI_EXITED code=1
Error: Agent error: Permission denied: Permission denied: Reached overall message rate limit. Please try again later. Your limit will reset in 12 minutes. (trace ID: acd6d993b1c119bbe3b6d39cd63b522a): {
  "cognition.ai/errorKind": "internal",
  "cognition.ai/retryable": true
}
DEVIN_CLI_EXITED code=1
Error: Agent error: Permission denied: Permission denied: Reached overall message rate limit. Please try again later. Your limit will reset in 10 minutes. (trace ID: f58df5c22604d250276da5800853f7b3): {
  "cognition.ai/errorKind": "internal",
  "cognition.ai/retryable": true
}
DEVIN_CLI_EXITED code=1
Error: Agent error: Permission denied: Permission denied: Reached overall message rate limit. Please try again later. Your limit will reset in 7 minutes. (trace ID: 3ad11afe2dfbcd46bf50623cc8b51ef3): {
  "cognition.ai/errorKind": "internal",
  "cognition.ai/retryable": true
}
DEVIN_CLI_EXITED code=1
Error: Agent error: Permission denied: Permission denied: Reached overall message rate limit. Please try again later. Your limit will reset in 4 minutes. (trace ID: d3a89dfd83d75db564c6c25c9b0526a5): {
  "cognition.ai/errorKind": "internal",
  "cognition.ai/retryable": true
}
DEVIN_CLI_EXITED code=1
Error: Agent error: Permission denied: Permission denied: Reached overall message rate limit. Please try again later. Your limit will reset in 24 seconds. (trace ID: a8adcad5ff8865f5118bd05fb0075cee): {
  "cognition.ai/errorKind": "internal",
  "cognition.ai/retryable": true
}
DEVIN_CLI_EXITED code=1
```xml
<analysis>
  <problem_id>polymath_00935</problem_id>
  <dimension1_verdict>DIRECTION_ERROR</dimension1_verdict>
  <dimension1_explanation>The AI committed to a generating-function / autocorrelation framework (A(x)A(1/x), coefficients c_k, normalization a_k=c·b_k) and exhaustive small-case discriminant analysis, never identifying the standard solution's key variable: the partial sums S_n. Although the AI derived a relation for the total sum S (S = (n-1)c + S^2 - Σa_k^2 - Σa_k a_{k+1}), this is a global identity that does not yield the clean per-n quadratic S_n^2 - S_n + nc = 0, so the entire exploration stayed in a different direction from the intended approach.</dimension1_explanation>
  <dimension2_turning_point_type>other</dimension2_turning_point_type>
  <dimension2_explanation>The standard solution's key turning point is introducing the partial sums S_n = Σ_{i=0}^n a_i (not the total sum) and showing the recurrence collapses to the quadratic S_n^2 - S_n + nc = 0; the non-negativity of its discriminant 1-4nc immediately gives c ≤ 1/(4n), hence c_max = 1/1600. This is a real-algebraic "partial-sum telescoping + quadratic discriminant" technique, not any modular-arithmetic category.</dimension2_turning_point_type>
  <ai_direction_summary>The AI pursued generating functions, autocorrelation coefficients of A(x)A(1/x), normalization b_k=a_k/c, and brute-force small-case (n=2,4) discriminant computations, attempting to characterize the solution branch and its termination rather than deriving a closed-form bound on c.</ai_direction_summary>
  <standard_solution_key_technique>Define partial sums S_n and telescope the recurrence into the quadratic S_n^2 - S_n + nc = 0, then bound c via the discriminant 1 - 4nc ≥ 0.</standard_solution_key_technique>
  <confidence>medium</confidence>
</analysis>
```

### ANALYSIS COMPLETE
DEVIN_CLI_EXITED code=0
