## Proof

Let $p$ be a prime, $k = p+1$, and $n = k^2 - k + 1 = p^2 + p + 1$.

We construct the required $n \times n$ table using the **incidence matrix of the projective plane $\mathbb{P}^2(\mathbb{F}_p)$**.

### Construction of the projective plane

**Points.** The points of $\mathbb{P}^2(\mathbb{F}_p)$ are the equivalence classes of nonzero vectors in $\mathbb{F}_p^3$ under scalar multiplication. We choose canonical representatives:
- $(1, a, b)$ for all $a, b \in \mathbb{F}_p$ — gives $p^2$ points,
- $(0, 1, b)$ for all $b \in \mathbb{F}_p$ — gives $p$ points,
- $(0, 0, 1)$ — gives $1$ point.

Total: $p^2 + p + 1 = n$ points.

**Lines.** Lines are equivalence classes of nonzero triples $(A, B, C) \in \mathbb{F}_p^3$ (under scalar multiplication), with the same canonical representative system as above. A line $(A, B, C)$ is the set of points $(x, y, z)$ satisfying $Ax + By + Cz \equiv 0 \pmod{p}$. Total: $p^2 + p + 1 = n$ lines.

**Incidence.** Point $(x_0, y_0, z_0)$ lies on line $(A, B, C)$ if and only if $Ax_0 + By_0 + Cz_0 \equiv 0 \pmod{p}$.

### Filling the table

Index the $n$ rows by the points and the $n$ columns by the lines of $\mathbb{P}^2(\mathbb{F}_p)$. In cell $(P, L)$ (point $P$, line $L$):
- place **0** if $P$ lies on $L$,
- place **1** otherwise.

### Verification

**Each column has exactly $k = p+1$ zeros.** A line $L: Ax + By + Cz = 0$ is a 2-dimensional linear subspace of $\mathbb{F}_p^3$. Its nonzero vectors form $(p^2 - 1)$ vectors, partitioned into projective points each containing $p-1$ scalar multiples. So the number of projective points on $L$ is $(p^2-1)/(p-1) = p+1 = k$. Thus each column has exactly $k$ zeros.

**Each row has exactly $k = p+1$ zeros.** By projective duality (the same counting applied to the dual plane), each point lies on exactly $p+1 = k$ lines. Thus each row has exactly $k$ zeros.

**No rectangle has zeros at all four corners.** A rectangle is determined by two rows (points $P_1, P_2$) and two columns (lines $L_1, L_2$), with zeros at all four corners meaning $P_1, P_2$ both lie on both $L_1$ and $L_2$. We show this is impossible.

*Claim:* Any two distinct lines of $\mathbb{P}^2(\mathbb{F}_p)$ meet in exactly one point.

*Proof of claim:* Two distinct lines correspond to two distinct 2-dimensional subspaces $U_1, U_2$ of $\mathbb{F}_p^3$. Since $\dim U_1 + \dim U_2 = 4 > 3 = \dim \mathbb{F}_p^3$, we have $\dim(U_1 \cap U_2) \geq 1$. Since $U_1 \neq U_2$, we have $\dim(U_1 \cap U_2) \leq 1$. So $\dim(U_1 \cap U_2) = 1$, giving exactly one projective point. ∎

Now suppose for contradiction that points $P_1 \neq P_2$ both lie on lines $L_1 \neq L_2$. Then $L_1$ and $L_2$ share both $P_1$ and $P_2$, i.e., they meet in at least two points, contradicting the claim that two distinct lines meet in exactly one point.

Therefore no two rows share more than one column where both entries are zero, so no rectangle has zeros at all four corners.

### Summary

For each prime $p$, set $k = p+1$ and $n = p^2+p+1$. Construct the projective plane $\mathbb{P}^2(\mathbb{F}_p)$ over $\mathbb{F}_p$ as above. Fill the $n \times n$ table with 0 at $(P,L)$ when point $P$ is on line $L$, and 1 otherwise. Each row and column has exactly $p+1 = k$ zeros, and since any two distinct lines of $\mathbb{P}^2(\mathbb{F}_p)$ meet in exactly one point, no rectangle has zeros at all four corners.

### PROOF COMPLETE
DEVIN_CLI_EXITED code=0
