## Solution

The target set $T = \{(x,y)\in\mathbb{R}^2 \mid xy=1\}$ is a rectangular hyperbola with two branches: $\{x>0, y=1/x\}$ and $\{x<0, y=1/x\}$. Each branch is homeomorphic to $\mathbb{R}$ (via $x\mapsto (x,1/x)$), and the two branches are disjoint open-and-closed components. Hence

$$T \cong \mathbb{R}\sqcup\mathbb{R},$$

a topological space with **exactly two connected components**, each homeomorphic to $\mathbb{R}$ (non-compact, simply connected, no loops).

---

### (a) $\{(x,y)\mid xy-2x-y+2=0\}$

Factor:
$$xy-2x-y+2 = x(y-2)-(y-2) = (x-1)(y-2).$$

So the set is $\{(x,y)\mid (x-1)(y-2)=0\} = \{x=1\}\cup\{y=2\}$, i.e. a vertical line and a horizontal line **meeting at the point $(1,2)$**.

This space is **connected** (the two lines share a point), whereas $T\cong\mathbb{R}\sqcup\mathbb{R}$ is disconnected. A homeomorphism preserves the number of connected components, so these cannot be homeomorphic.

**(a) is NOT homeomorphic to $T$.**

---

### (b) $\{(x,y)\mid x^2-3x+2=0\}$

Factor: $x^2-3x+2=(x-1)(x-2)=0$, giving $x=1$ or $x=2$. The set is
$$\{1\}\times\mathbb{R}\;\cup\;\{2\}\times\mathbb{R},$$
two **disjoint** vertical lines, each homeomorphic to $\mathbb{R}$.

Explicit homeomorphism with $T$: the two branches of $xy=1$ are
$$B_+ = \{x>0\}\to\mathbb{R},\quad x\mapsto \ln x;\qquad B_- = \{x<0\}\to\mathbb{R},\quad x\mapsto \ln(-x).$$
Map $B_+\to\{x=1\}\times\mathbb{R}$ by $(x,1/x)\mapsto (1,\ln x)$ and $B_-\to\{x=2\}\times\mathbb{R}$ by $(x,1/x)\mapsto(2,\ln(-x))$. Each piece is a homeomorphism $\mathbb{R}\to\mathbb{R}$, and the pieces agree with the disjoint union topology. Hence
$$T \cong \mathbb{R}\sqcup\mathbb{R} \cong \{x=1\}\cup\{x=2\}.$$

**(b) IS homeomorphic to $T$.**

---

### (c) $\{(x,y)\mid 2x^2-2xy+2y^2=1\}$

The quadratic form $Q(x,y)=2x^2-2xy+2y^2$ has matrix $\begin{pmatrix}2&-1\\-1&2\end{pmatrix}$ with eigenvalues $1$ and $3$, both positive. So $Q$ is **positive definite**, and $Q(x,y)=1$ defines an **ellipse** — a single compact connected curve homeomorphic to $S^1$.

Compare with $T\cong\mathbb{R}\sqcup\mathbb{R}$: $T$ is non-compact with two components, while the ellipse is compact with one component. They differ in compactness and in number of connected components.

**(c) is NOT homeomorphic to $T$.**

---

### Conclusion

Only **(b)** is homeomorphic to $\{(x,y)\mid xy=1\}$.

### PROOF COMPLETE
DEVIN_CLI_EXITED code=0
