## Proof

**Step 1: Compute the integral.**

We evaluate
$$I(a_n) = \int_0^{a_n} \frac{e^x - 1}{e^x + 1}\,dx.$$

Substituting $u = e^x$, $dx = du/u$:
$$\int \frac{u-1}{u(u+1)}\,du = \int\!\left(\frac{-1}{u} + \frac{2}{u+1}\right)du = -\ln u + 2\ln(u+1).$$

Reverting to $x$:
$$I(a_n) = \bigl[-x + 2\ln(e^x+1)\bigr]_0^{a_n} = -a_n + 2\ln(e^{a_n}+1) - 2\ln 2.$$

**Step 2: Solve $I(a_n) = \ln n$ for $a_n$.**

$$-a_n + 2\ln(e^{a_n}+1) - 2\ln 2 = \ln n$$
$$2\ln(e^{a_n}+1) = a_n + \ln(4n)$$
$$e^{a_n}+1 = 2\sqrt{n}\,e^{a_n/2}.$$

Let $t = e^{a_n/2}$ (so $e^{a_n}=t^2$):
$$t^2 - 2\sqrt{n}\,t + 1 = 0 \quad\Longrightarrow\quad t = \sqrt{n} \pm \sqrt{n-1}.$$

Since $a_n \ge 0$, we have $t = e^{a_n/2} \ge 1$, so we select the $+$ branch:
$$e^{a_n/2} = \sqrt{n} + \sqrt{n-1}, \qquad a_n = 2\ln\!\bigl(\sqrt{n}+\sqrt{n-1}\bigr).$$

**Step 3: Compute the limit.**

$$a_n - \ln n = 2\ln\!\bigl(\sqrt{n}+\sqrt{n-1}\bigr) - \ln n = \ln\!\frac{\bigl(\sqrt{n}+\sqrt{n-1}\bigr)^2}{n}.$$

Expanding the numerator:
$$\bigl(\sqrt{n}+\sqrt{n-1}\bigr)^2 = 2n - 1 + 2\sqrt{n^2-n}.$$

Therefore
$$a_n - \ln n = \ln\!\left(2 - \frac{1}{n} + 2\sqrt{1 - \tfrac{1}{n}}\right).$$

As $n \to \infty$:
$$2 - \frac{1}{n} + 2\sqrt{1 - \tfrac{1}{n}} \;\longrightarrow\; 2 - 0 + 2\cdot 1 = 4.$$

Hence, by continuity of $\ln$,
$$\lim_{n\to\infty}(a_n - \ln n) = \ln 4 = 2\ln 2.$$

### PROOF COMPLETE
DEVIN_CLI_EXITED code=0
