## Solution of the Linearized Klein-Gordon Equation in 1D

We solve the initial value problem for the linearized Klein–Gordon equation in one spatial dimension:

$$u_{tt} - c^2 u_{xx} + m^2 u = 0, \qquad x \in \mathbb{R},\; t \ge 0,$$

with prescribed initial data $u(x,0) = f(x)$, $u_t(x,0) = g(x)$.

---

### Step 1. Fourier transform in the spatial variable

Let

$$\widehat{u}(k,t) = \int_{-\infty}^{\infty} u(x,t)\, e^{-ikx}\, dx.$$

Applying the Fourier transform to the PDE (using $\widehat{u_{xx}} = -k^2 \widehat{u}$) gives, for each fixed wave number $k \in \mathbb{R}$, an **ordinary differential equation in time**:

$$\widehat{u}_{tt}(k,t) + \bigl(c^2 k^2 + m^2\bigr)\,\widehat{u}(k,t) = 0.$$

Define the **dispersion relation**

$$\omega(k) = \sqrt{c^2 k^2 + m^2}.$$

The transformed equation becomes

$$\widehat{u}_{tt} + \omega(k)^2\,\widehat{u} = 0,$$

the equation of a simple harmonic oscillator of frequency $\omega(k)$.

---

### Step 2. Solve the ODE for each $k$

The general solution is

$$\widehat{u}(k,t) = A(k)\cos\!\bigl(\omega(k)\,t\bigr) + B(k)\sin\!\bigl(\omega(k)\,t\bigr).$$

The initial data transform to $\widehat{u}(k,0) = \widehat{f}(k)$ and $\widehat{u}_t(k,0) = \widehat{g}(k)$, giving

$$A(k) = \widehat{f}(k), \qquad B(k) = \frac{\widehat{g}(k)}{\omega(k)}.$$

Hence

$$\widehat{u}(k,t) = \widehat{f}(k)\cos\!\bigl(\omega(k)\,t\bigr) + \frac{\widehat{g}(k)}{\omega(k)}\sin\!\bigl(\omega(k)\,t\bigr).$$

---

### Step 3. Inverse Fourier transform — general solution

Applying the inverse Fourier transform,

$$u(x,t) = \frac{1}{2\pi}\int_{-\infty}^{\infty} \widehat{u}(k,t)\, e^{ikx}\, dk,$$

we obtain the **general solution in Fourier-integral form**:

$$\boxed{\,u(x,t) = \frac{1}{2\pi}\int_{-\infty}^{\infty}\!\left[\widehat{f}(k)\cos\!\bigl(\omega(k)t\bigr) + \frac{\widehat{g}(k)}{\omega(k)}\sin\!\bigl(\omega(k)t\bigr)\right] e^{ikx}\, dk\,}$$

with $\omega(k) = \sqrt{c^2 k^2 + m^2}$.

---

### Step 4. Explicit Green's-function representation

Using $\cos(\omega t) = \tfrac{1}{2}(e^{i\omega t} + e^{-i\omega t})$ and $\sin(\omega t)/\omega = \tfrac{1}{2i\omega}(e^{i\omega t} - e^{-i\omega t})$, the solution takes the standard **Duhamel / Green's-function form**

$$u(x,t) = \bigl[\partial_t G(t,\cdot) * f\bigr](x) + \bigl[G(t,\cdot) * g\bigr](x),$$

where the **fundamental solution** (Green's function) is

$$\boxed{\,G(t,x) = \frac{1}{2\pi}\int_{-\infty}^{\infty} \frac{\sin\!\bigl(\omega(k)\,t\bigr)}{\omega(k)}\, e^{ikx}\, dk,\qquad \omega(k)=\sqrt{c^2k^2+m^2}.\,}$$

One verifies directly:

- $G(0,x)=0$, $\;\partial_t G(0,x) = \delta(x)$ (since $\partial_t\!\left[\sin(\omega t)/\omega\right]_{t=0}=1$), so the initial conditions are satisfied.
- $G$ satisfies $G_{tt}-c^2 G_{xx}+m^2 G = \delta(t)\delta(x)$ in the distributional sense, hence convolution with $G$ solves the inhomogeneous problem; for the homogeneous problem with initial data, the formula above applies.

---

### Step 5. Closed-form evaluation of $G$ (Bessel representation)

The integral defining $G$ can be evaluated in closed form. Using the standard identity (obtained, e.g., by contour deformation and the integral representation of Bessel functions; cf. the relativistic Green's function / telegrapher's kernel), one finds for $t>0$:

$$\boxed{\,G(t,x) = \frac{1}{2c}\,\Theta\!\bigl(c^2 t^2 - x^2\bigr)\, J_0\!\left(\frac{m}{c}\sqrt{c^2 t^2 - x^2}\right),\,}$$

where $J_0$ is the Bessel function of the first kind of order zero and $\Theta$ is the Heaviside step function.

**Derivation sketch of the Bessel form.** Set $\tau = ct$ and $r=|x|$. Inside the light cone ($r < \tau$) write $r = \tau\cos\theta$ with $\theta\in[0,\pi/2]$. Then $ck = m\sinh\!\varphi$ for a real parameter $\varphi$ gives $\omega = m\cosh\varphi$, and the integral reduces, via the substitution and the identity

$$\frac{1}{\pi}\int_0^\pi \cos\!\bigl(z\cos\theta\bigr)\,d\theta = J_0(z),$$

to the stated Bessel kernel. Outside the light cone ($|x| > ct$) the support function $\Theta$ vanishes, reflecting the **finite propagation speed** $c$.

**Key features confirmed by this closed form:**

1. **Finite propagation speed:** $\operatorname{supp} G(t,\cdot) \subseteq [-ct, ct]$. Signals never travel faster than $c$.
2. **Massless limit ($m\to 0$):** $J_0(0)=1$, so $G \to \frac{1}{2c}\Theta(c^2t^2-x^2)$, recovering the d'Alembert kernel of the 1D wave equation.
3. **Tail inside the light cone:** Unlike the wave equation (where the kernel is concentrated on the characteristic cone $|x|=ct$), the massive term $m^2 u$ spreads the kernel throughout the interior $|x|<ct$, producing the characteristic Bessel "oscillatory tail" — a dispersive effect of the mass.
4. **Dispersion:** The phase velocity $v_p = \omega/k = \sqrt{c^2 + m^2/k^2} \ge c$ and group velocity $v_g = d\omega/dk = c^2 k/\omega \in [0,c)$, so wave packets disperse; only $k\to\infty$ modes travel at speed $c$.

---

### Step 6. Verification

Substituting $G$ back: since $\widehat{G}(k,t) = \sin(\omega t)/\omega$ satisfies $\partial_{tt}\widehat{G} + \omega^2 \widehat{G} = 0$ with $\widehat{G}(k,0)=0$, $\partial_t\widehat{G}(k,0)=1$, the convolution formula yields a function satisfying

$$u_{tt} - c^2 u_{xx} + m^2 u = 0, \qquad u(x,0)=f(x),\quad u_t(x,0)=g(x),$$

completing the solution. $\blacksquare$

---

### Summary

The solution of the 1D linearized Klein–Gordon equation $u_{tt}-c^2 u_{xx}+m^2 u=0$ with data $u(x,0)=f$, $u_t(x,0)=g$ is

$$u(x,t) = \frac{1}{2\pi}\int_{-\infty}^{\infty}\!\left[\widehat{f}(k)\cos\!\bigl(\omega(k)t\bigr) + \frac{\widehat{g}(k)}{\omega(k)}\sin\!\bigl(\omega(k)t\bigr)\right] e^{ikx}\, dk,$$

equivalently $u = (\partial_t G)*f + G*g$ with the fundamental solution

$$G(t,x) = \frac{1}{2c}\,\Theta(c^2 t^2 - x^2)\,J_0\!\left(\tfrac{m}{c}\sqrt{c^2 t^2 - x^2}\right), \qquad \omega(k)=\sqrt{c^2 k^2+m^2}.$$

### PROOF COMPLETE
DEVIN_CLI_EXITED code=0
