I'll solve this problem directly. First, checking for answer leaks: the problem statement contains only the integral and the question — no leaked solutions, proof sketches, or answer values. Proceeding to solve.

## Solution

**Goal.** Determine the asymptotic behavior of
$$I_n=\int_{0}^{1}\frac{n\,e^{-\sqrt{nx}}\sin x}{(1+x^{2})\tan^{-1}x}\,dx\qquad(n\to\infty).$$

**Step 1. Locate the dominant region.** The factor $e^{-\sqrt{nx}}$ decays on the scale $\sqrt{nx}\sim 1$, i.e. $x\sim 1/n$. All other factors ($\sin x$, $1+x^{2}$, $\tan^{-1}x$) are smooth and nonzero near $x=0$. Hence the entire contribution comes from a boundary layer at $x=0$ of width $O(1/n)$.

**Step 2. Rescale.** Set $u=\sqrt{nx}$, so $x=u^{2}/n$ and $dx=2u\,du/n$. The limits $x\in[0,1]$ become $u\in[0,\sqrt{n}]$. Then
$$
I_n=\int_{0}^{\sqrt n}\frac{2u\,e^{-u}\,\sin(u^{2}/n)}{\bigl(1+u^{4}/n^{2}\bigr)\tan^{-1}(u^{2}/n)}\,du.
$$

**Step 3. Pointwise limit of the integrand.** For each fixed $u\ge 0$, as $n\to\infty$ we have $t:=u^{2}/n\to 0$, and using $\sin t\sim t$, $\tan^{-1}t\sim t$,
$$
\frac{\sin(u^{2}/n)}{\tan^{-1}(u^{2}/n)}\to 1,\qquad \frac{1}{1+u^{4}/n^{2}}\to 1.
$$
Thus the integrand converges pointwise to $2u\,e^{-u}$ on $[0,\infty)$.

**Step 4. Dominating function (to pass the limit under the integral).** Consider $g(t):=\sin t/\tan^{-1}t$ for $t>0$, extended by $g(0)=1$. It is continuous on $[0,\infty)$, with $g(t)\to 0$ as $t\to\infty$ (since $|\sin t|\le 1$ and $\tan^{-1}t\to\pi/2$). Hence $g$ is bounded: $|g(t)|\le M## Answer Leak Self-Check

I have reviewed the problem text. It contains only the problem statement and solving constraints. No leaked answers, solutions, solution sketches, or formalization notes are present.

---

## Proof

Define
$$I_n = \int_{0}^{1} \frac{n\, e^{-\sqrt{nx}}\, \sin x}{(1+x^{2})\,\arctan x}\,dx,\qquad n\to\infty.$$

**Step 1: Isolate the singular structure.** Set
$$g(x)=\frac{\sin x}{(1+x^{2})\arctan x},\quad x\in(0,1],\qquad g(0):=1.$$
Since $\sin x\sim x$ and $\arctan x\sim x$ as $x\to 0^{+}$, we have $\lim_{x\to 0}g(x)=1$, so $g$ extends to a continuous function on $[0,1]$. In fact $g$ is $C^\infty$ on $[0,1]$ (the removable singularity at $0$ is resolved by the Taylor series). Note also $g$ is **even**: $g(-x)=g(x)$, so its Taylor expansion at $0$ contains only even powers:
$$g(x)=1-\tfrac{5}{6}x^{2}+O(x^{4}).\tag{1}$$

**Step 2: Rescale the boundary layer.** Substitute $u=\sqrt{nx}$, i.e. $x=u^{2}/n$, $dx=2u\,du/n$. The limits become $u=0$ to $u=\sqrt n$:
$$I_n = 2\int_{0}^{\sqrt n} u\,e^{-u}\,g\!\left(\frac{u^{2}}{n}\right)du.\tag{2}$$

**Step 3: Leading term via dominated convergence.** For each fixed $u\ge 0$,
$$g(u^{2}/n)\xrightarrow[n\to\infty]{}g(0)=1.$$
Since $g$ is continuous on $[0,1]$, it is bounded: $|g(x)|\le M$. The integrand in (2) is dominated by $2M\,u\,e^{-u}$, which is integrable on $[0,\infty)$. Extending the upper limit to $\infty$ introduces only the exponentially small tail $\int_{\sqrt n}^{\infty}2M\,u\,e^{-u}du=O(\sqrt n\,e^{-\sqrt n})$. By dominated convergence,
$$I_n \longrightarrow 2\int_{0}^{\infty}u\,e^{-u}\,du = 2\,\Gamma(2)=2\cdot 1=2.\tag{3}$$

**Step 4: First correction (optional, confirms the rate).** Using (1),
$$g(u^{2}/n)=1-\frac{5}{6}\frac{u^{4}}{n^{2}}+O\!\left(\frac{u^{8}}{n^{4}}\right),\qquad 0\le u\le\sqrt n.$$
Insert into (2):
$$I_n = 2\int_{0}^{\sqrt n}u\,e^{-u}\,du \;-\;\frac{5}{3n^{2}}\int_{0}^{\sqrt n}u^{5}e^{-u}\,du \;+\;O\!\left(\frac{1}{n^{4}}\int_{0}^{\sqrt n}u^{9}e^{-u}\,du\right).$$
The tails beyond $\sqrt n$ are $O(\sqrt n\,e^{-\sqrt n})$, and
$$\int_{0}^{\infty}u^{5}e^{-u}du=5!=120,\qquad \int_{0}^{\infty}u^{9}e^{-u}du=9!=362880.$$
Hence
$$\boxed{I_n = 2 - \frac{200}{n^{2}} + O(n^{-4}).}\tag{4}$$

**Conclusion.** The integral tends to $2$, with leading asymptotic
$$\int_{0}^{1}\frac{n\,e^{-\sqrt{nx}}\sin x}{(1+x^{2})\arctan x}\,dx \;\sim\; 2\qquad(n\to\infty),$$
and more precisely $I_n = 2 - 200/n^{2}+O(n^{-4})$.

### PROOF COMPLETE
DEVIN_CLI_EXITED code=0
