## Solution

**Answer leak check:** The problem text contains no leaked answers, solutions, or proof sketches. Proceeding to solve.

### Setup

The grid is $\{-1,0,1\}^4$ (81 nodes). The squared Euclidean distance between adjacent nodes is exactly 2. Since coordinate differences lie in $\{0, \pm 1, \pm 2\}$ with squared values $\{0,1,4\}$, the only way to get a sum of 2 is **two coordinates each differing by exactly $\pm 1$**. A difference of $\pm 1$ between values in $\{-1,0,1\}$ means exactly one of the old/new values is $0$. So each move selects 2 coordinates and in each, either $0 \to \pm 1$ (2 choices) or $\pm 1 \to 0$ (1 choice, forced).

We seek $N = (A^{2020})_{\mathbf{0},\mathbf{0}}$, the number of closed walks of length 2020 from the origin, where $A$ is the adjacency matrix.

### Eigenvalue Decomposition

Define the single-coordinate transition matrix $M$ (acting on $\{-1,0,1\}$), where $M_{ij}=1$ iff $|i-j|=1$:

$$M = \begin{pmatrix} 0 & 1 & 0 \\ 1 & 0 & 1 \\ 0 & 1 & 0 \end{pmatrix}$$

This is the path graph $P_3$ adjacency matrix, with eigenvalues $\sqrt{2}, 0, -\sqrt{2}$ and normalized eigenvectors:

$$v_+ = \tfrac{1}{2}(1,\,\sqrt{2},\,1), \quad v_0 = \tfrac{1}{\sqrt{2}}(1,\,0,\,-1), \quad v_- = \tfrac{1}{2}(1,\,-\sqrt{2},\,1)$$

(indexed by coordinate value $-1, 0, 1$).

The full adjacency matrix decomposes as $A = \sum_{i<j} M_i \otimes M_j$, where $M_i$ applies $M$ to coordinate $i$ and identity to the rest. Since the $M_i$ commute, simultaneous eigenvectors are tensor products $v_{s_1}\otimes v_{s_2}\otimes v_{s_3}\otimes v_{s_4}$ with $s_i \in \{+,0,-\}$.

**Eigenvalue:** With $\mu_+=\sqrt{2},\; \mu_0=0,\; \mu_-=-\sqrt{2}$, and letting $a,b,c$ = counts of $+,-,0$ signs ($a+b+c=4$):

$$\lambda = \sum_{i<j} \mu_{s_i}\mu_{s_j} = \frac{(\sum_i \mu_{s_i})^2 - \sum_i \mu_{s_i}^2}{2} = \frac{2(a-b)^2 - 2(a+b)}{2} = (a-b)^2 - (a+b)$$

### Projection onto the Origin

The origin $\mathbf{0}=(0,0,0,0)$ corresponds to the basis vector $e_{\mathbf{0}}$. Its coefficient in eigenvector $v_{s_1}\otimes\cdots\otimes v_{s_4}$ is the product of eachLooking at this problem, I need to count closed walks of length 2020 on a specific graph and find the 2-adic valuation of the count.

## Setting Up the Graph Structure

**Nodes:** $(x,y,z,w) \in \{-1,0,1\}^4$, giving $3^4 = 81$ nodes.

**Distance-2 Rule:** Squared distance 2 means exactly two coordinates differ by $\pm 1$ each (contributing $1+1=2$), and the other two are equal. So each step changes exactly 2 coordinates by $\pm 1$.

## Eigenvalue Decomposition

Define $T$ as the $3\times 3$ adjacency matrix of the path graph on $\{-1,0,1\}$:
$$T = \begin{pmatrix} 0 & 1 & 0 \\ 1 & 0 & 1 \\ 0 & 1 & 0 \end{pmatrix}$$

Let $T_i$ apply $T$ to coordinate $i$ (identity on others). The graph's adjacency matrix is:
$$A = \sum_{1 \le i < j \le 4} T_i T_j$$

since each edge corresponds to changing exactly two coordinates by $\pm 1$.

**Eigenvalues of $T$:** $\sqrt{2},\ 0,\ -\sqrt{2}$ with eigenvectors $v_+ = (1,\sqrt{2},1)$, $v_0 = (1,0,-1)$, $v_- = (1,-\sqrt{2},1)$.

Since the $T_i$ commute, eigenvalues of $A$ are $\sum_{i<j} \mu_i\mu_j = \frac{(\sum \mu_i)^2 - \sum \mu_i^2}{2}$, where each $\mu_i \in \{\sqrt{2}, 0, -\sqrt{2}\}$.

With $a$ coordinates at $+\sqrt{2}$, $b$ at $-\sqrt{2}$, $c$ at $0$ ($a+b+c=4$): eigenvalue $= (a-b)^2 - (a+b)$.

## Expanding the Origin

The delta function at coordinate value 0 is $\delta_0 = \frac{1}{\sqrt{2}}(\hat{v}_+ - \hat{v}_-)$ (using normalized eigenvectors $\hat{v}_\pm = v_\pm/2$). **No $v_0$ component**, so only eigenvectors with $c=0$ appear.

$$\delta_{\text{origin}} = \delta_0^{\otimes 4} = \frac{1}{4}(\hat{v}_+ - \hat{v}_-)^{\otimes 4} = \frac{1}{4}\sum_{\epsilon \in \{+,-\}^4} (-1)^{b(\epsilon)}\, \hat{v}_{\epsilon_1}\otimes\cdots\otimes\hat{v}_{\epsilon_4}$$

where $b(\epsilon)$ = number of minus signs. Each coefficient has magnitude $1/4$, so:

$$N_k = (A^k)_{oo} = \frac{1}{16}\sum_{b=0}^{4} \binom{4}{b}\,\lambda(b)^k$$

where $\lambda(b) = (4-2b)^2 - 4$:

| $b$ | $\lambda(b)$ | $\binom{4}{b}$ |
|-----|-------------|----------------|
| 0   | 12          | 1              |
| 1   | 0           | 4              |
| 2   | $-4$        | 6              |
| 3   | 0           | 4              |
| 4   | 12          | 1              |

## Computing $N$

For $k = 2020 \ge 1$ (the $0^{2020}$ terms vanish):

$$N = \frac{1}{16}\left[2\cdot 12^{2020} + 6\cdot(-4)^{2020}\right] = \frac{1}{16}\left[2\cdot 12^{2020} + 6\cdot 4^{2020}\right]$$

$$= \frac{4^{2020}}{16}\left[2\cdot 3^{2020} + 6\right] = \frac{4^{2020}}{8}\left[3^{2020} + 3\right] = \frac{2^{4040}}{2^3}\cdot 3\cdot(3^{2019}+1)$$

$$N = 2^{4037}\cdot 3\cdot(3^{2019}+1)$$

## Verification with Small Cases

- **$k=2$:** $N_2 = \frac{1}{16}[2\cdot144 + 6\cdot16] = \frac{384}{16} = 24$. ✓ (24 neighbors, each with unique return path)
- **$k=4$:** $N_4 = \frac{1}{16}[2\cdot20736 + 6\cdot256] = \frac{43200}{16} = 2700$... let me recheck: $\frac{1}{16}[41472 + 1536] = \frac{43008}{16} = 2688$. Formula gives $2^5\cdot3\cdot28 = 2688$. ✓

## 2-Adic Valuation

$$v_2(N) = 4037 + v_2(3) + v_2(3^{2019}+1) = 4037 + 0 + v_2(3^{2019}+1)$$

**Applying LTE** for $p=2$: With $a=3$, $b=1$ both odd, and $n=2019$ odd:
$$v_2(3^{2019}+1^{2019}) = v_2(3+1) = v_2(4) = 2$$

**Direct verification:** $3^{2019}+1 = (3+1)(3^{2018}-3^{2017}+\cdots-3+1) = 4\cdot Q$ where $Q$ has 2019 terms, each $\equiv 1\pmod{2}$, so $Q\equiv 2019\equiv 1\pmod{2}$ (odd). Thus $v_2(3^{2019}+1) = 2$. ✓

Confirmed by small cases: $3^1+1=4$ ($v_2=2$), $3^3+1=28$ ($v_2=2$), $3^5+1=244$ ($v_2=2$). ✓

## Final Answer

$$v_2(N) = 4037 + 2 = \boxed{4039}$$

The largest integer $n$ such that $2^n$ divides $N$ is $n = 4039$.

### PROOF COMPLETE
DEVIN_CLI_EXITED code=0
