Looking at this problem, I need to find the minimum $n$ such that a tree on 2023 vertices with diameter $2n$ (edges) can satisfy the constraint that no vertex is adjacent to 6 or more secondary vertices (degree $\leq 6$).

## Proof

**Step 1: No vertex can have degree $\geq 7$.**

Call a vertex *primary* if its degree is $\geq 7$, and *secondary* if its degree is $\leq 6$. The constraint requires every vertex to have at most 5 secondary neighbors.

Root the tree at any vertex $r$. Suppose there exists a primary vertex $v \neq r$. Then $v$ has a parent and $\deg(v) - 1 \geq 6$ children. At most 5 of these children are secondary, so at least one child $v_1$ is primary. Since $v_1 \neq r$, the same argument gives a primary child $v_2$ of $v_1$, and so on: $v \to v_1 \to v_2 \to \cdots$ is an infinite chain of distinct primary vertices, contradicting the finiteness of the tree.

If $r$ itself is primary, then $r$ has $\deg(r) \geq 7$ children (no parent), at most 5 secondary, so at least 2 primary. Any such primary child $w \neq r$ triggers the infinite chain above. Contradiction.

Therefore **no primary vertices exist**: every vertex has degree $\leq 6$, hence every vertex is secondary. Since all neighbors are secondary, the constraint forces each vertex to have at most 5 neighbors. Thus:

$$\text{Every vertex has degree } \leq 5.$$

**Step 2: Reduce to a max-degree-5 tree problem.**

The problem becomes: find the smallest $n$ such that a tree on 2023 vertices with maximum degree 5 and diameter $2n$ exists.

**Step 3: Maximum vertices for a given radius.**

A tree with diameter $2r$ (radius $r$, central vertex) and max degree 5 has at most:
- Level 0 (center): 1 vertex, degree 5 (5 children)
- Level 1: 5 vertices
- Level $k$ ($1 \leq k \leq r$): each internal vertex has 1 parent + 4 children = degree 5

$$\text{Max vertices} = 1 + 5 + 5\cdot 4 + 5\cdot 4^2 + \cdots + 5\cdot 4^{r-1} = 1 + \frac{5(4^r - 1)}{3}.$$

**Step 4: Compute for $r = 5$ and $r = 6$.**

- $r = 5$ (diameter $10$, $n = 5$): $\displaystyle 1 + \frac{5(4^5 - 1)}{3} = 1 + \frac{5 \cdot 1023}{3} = 1 + 1705 = 1706 < 2023.$

  No tree with max degree 5 and diameter $\leq 10$ can have 2023 vertices. So $n = 5$ is **impossible**.

- $r = 6$ (diameter $12$, $n = 6$): $\displaystyle 1 + \frac{5(4^6 - 1)}{3} = 1 + \frac{5 \cdot 4095}{3} = 1 + 6825 = 6826 \geq 2023.$

**Step 5: Construct a valid tree with 2023 vertices and diameter 12.**

Start with the full balanced tree of radius 6 (6826 vertices, diameter 12, max degree 5). It has $5 \cdot 4^5 = 5120$ leaves at depth 6. Remove $6826 - 2023 = 4803$ leaves, keeping at least 317 leaves. Since there are 5 subtrees of the root, we can retain leaves in at least 2 different root-subtrees, ensuring two leaves at distance 12 (path through center). Thus the diameter remains exactly 12, and max degree stays $\leq 5$ (removing leaves only decreases degrees). This gives a tree with exactly 2023 vertices, diameter 12, max degree 5.

**Step 6: Verify the constraint.**

In this tree, every vertex has degree $\leq 5 \leq 6$, so every vertex is secondary. Each vertex has at most 5 neighbors, all secondary, so at most 5 secondary neighbors. The constraint (no vertex adjacent to $\geq 6$ secondary vertices) is satisfied. $\checkmark$

**Conclusion.** Since $n = 5$ is impossible (max 1706 vertices) and $n = 6$ is achievable (2023 $\leq$ 6826, with a valid construction), the smallest value is:

$$\boxed{n = 6}$$

### PROOF COMPLETE
DEVIN_CLI_EXITED code=0
