## Solution

Let $I, K, S$ be three distinct non-zero digits. Define:
- $\overline{IKS} = 100I + 10K + S =: A$
- $\overline{KSI} = 100K + 10S + I =: B$
- $P = A \cdot B$ (the six-digit product)

**Conditions:**
1. $P$ is a six-digit integer.
2. $P$ ends in digit $S$.
3. Erasing all zeros from $P$ yields exactly $\overline{IKS}$.

### Step 1: Last-digit constraint

Since $A \equiv S \pmod{10}$ and $B \equiv I \pmod{10}$, the last digit of $P$ is $S \cdot I \pmod{10}$. Requiring this to equal $S$ gives:

$$S(I - 1) \equiv 0 \pmod{10}.$$

### Step 2: Structure of $P$

Since erasing all zeros from the 6-digit $P$ yields the 3-digit $\overline{IKS}$, the number $P$ consists of the digits $I, K, S$ (in order) with exactly three zeros inserted among them, and the final digit is $S$ (non-zero). So position 6 is $S$, and $I, K$ occupy two of positions 1–5 in order, with zeros elsewhere.

### Step 3: Search using the constraint

From $S(I-1)\equiv 0\pmod{10}$, testing $S=2$ gives $2(I-1)\equiv 0\pmod{10}$, so $I\in\{1,6\}$.

**Try $I=1, S=2$:** Then $A = 102 + 10K$, $B = 100K + 21$, with $K \in \{3,4,5,6,7,8,9\}$.

For six digits we need $P \ge 100000$, which requires $K$ large enough:

- $K=6$: $A = 162$, $B = 621$.

$$P = 162 \times 621 = 162 \times 600 + 162 \times 21 = 97200 + 3402 = 100602.$$

### Step 4: Verify all conditions

- $I=1, K=6, S=2$ are distinct non-zero digits. ✓
- $\overline{IKS} = 162$, $\overline{KSI} = 621$. ✓
- $P = 162 \times 621 = 100602$, which is a **six-digit** integer. ✓
- $P$ ends in $2 = S$. ✓
- Erasing all zeros from $100602$: the digits are $1,0,0,6,0,2$; removing the three zeros leaves $1,6,2$, forming $\overline{IKS} = 162$. ✓

All conditions are satisfied.

### Answer

The original six-digit product is $\boxed{100602}$.

### PROOF COMPLETE
DEVIN_CLI_EXITED code=0
