I'll solve this directly using reasoning about continued fraction convergents.

**Answer:** Yes. The upper limit (limsup) of both $n\{n\sqrt{2}\}$ and $n\{n\sqrt{3}\}$ is $+\infty$.

---

## Proof

Let $\alpha$ be any positive irrational number, with continued fraction convergents $p_k/q_k$ ($k=0,1,2,\dots$). Recall two standard facts:

1. **Alternation:** Even-indexed convergents satisfy $p_{2k}/q_{2k} < \alpha$ (increasing), and odd-indexed convergents satisfy $p_{2k+1}/q_{2k+1} > \alpha$ (decreasing). In particular, there are **infinitely many convergents approximating $\alpha$ from above** (the odd ones).

2. **Error bound:** $|q_k\alpha - p_k| < \dfrac{1}{q_{k+1}}$ for every $k$.

Take any odd index $k$. Since $p_k/q_k > \alpha$, we have $p_k > q_k\alpha$, so
$$0 < p_k - q_k\alpha = |q_k\alpha - p_k| < \frac{1}{q_{k+1}} \le 1.$$
Because $\alpha$ is irrational, $q_k\alpha$ is not an integer; combined with $p_k - 1 < q_k\alpha < p_k$, this gives $\lfloor q_k\alpha\rfloor = p_k - 1$. Hence
$$\{q_k\alpha\} = q_k\alpha - (p_k-1) = 1 - (p_k - q_k\alpha) > 1 - \frac{1}{q_{k+1}}.$$
Multiplying by $q_k$:
$$q_k\{q_k\alpha\} > q_k\!\left(1 - \frac{1}{q_{k+1}}\right) = q_k - \frac{q_k}{q_{k+1}} \ge q_k - 1.$$

Since the denominators $q_k \to \infty$ along the odd indices (there are infinitely many of them), we obtain
$$\limsup_{n\to\infty} n\{n\alpha\} \ge \lim_{\substack{k\to\infty\\k\text{ odd}}} q_k\{q_k\alpha\} \ge \lim_{\substack{k\to\infty\\k\text{ odd}}}(q_k - 1) = +\infty.$$

Since $n\{n\alpha\} \le n$ trivially (as $\{n\alpha\}\le 1$), and the subsequence along odd convergents is unbounded, the limsup is exactly $+\infty$.

---

## Applying to $\sqrt{2}$ and $\sqrt{3}$

Both $\sqrt{2}$ and $\sqrt{3}$ are irrational (e.g., $\sqrt{2}$ is irrational since $2$ is not a perfect square; same for $\sqrt{3}$). Therefore the general result above applies to each:

- **$\alpha = \sqrt{2}$:** convergents $1, \frac{3}{2}, \frac{7}{5}, \frac{17}{12}, \frac{41}{29},\dots$ alternate around $\sqrt{2}\approx 1.4142$. The odd convergents $\frac{3}{2}, \frac{17}{12}, \frac{99}{70},\dots$ all exceed $\sqrt{2}$, giving $q_k\{q_k\sqrt{2}\}\to+\infty$.

- **$\alpha = \sqrt{3}$:** convergents $1, \frac{2}{1}, \frac{5}{3}, \frac{7}{4}, \frac{19}{11}, \frac{26}{15},\dots$ alternate around $\sqrt{3}\approx 1.7321$. The odd convergents $\frac{2}{1}, \frac{7}{4}, \frac{26}{15},\dots$ all exceed $\sqrt{3}$, giving $q_k\{q_k\sqrt{3}\}\to+\infty$.

---

## Conclusion

For both $\alpha = \sqrt{2}$ and $\alpha = \sqrt{3}$, the sequence $n\{n\alpha\}$ is unbounded above; in fact
$$\limsup_{n\to\infty} n\{n\sqrt{2}\} = \limsup_{n\to\infty} n\{n\sqrt{3}\} = +\infty.$$

The key mechanism is that the continued-fraction convergents of any irrational number provide infinitely many denominators $q_k$ for which $q_k\alpha$ lies just below an integer (approximation from above), making the fractional part $\{q_k\alpha\}$ arbitrarily close to $1$, and $q_k\{q_k\alpha\}$ grows without bound.

### PROOF COMPLETE
DEVIN_CLI_EXITED code=0
