No answer leak detected in the problem statement. Proceeding to solve.

The work done by the engine pistons is the line integral of the vector field **P** along the volume curve **V**(t):

$$W = \int_C \mathbf{P} \cdot d\mathbf{r}$$

## Setup

The curve is parameterized by $t \in [0,1]$:

$$\mathbf{V}(t) = t\,\mathbf{i} + t^2\,\mathbf{j} + t^3\,\mathbf{k}$$

so
$$x = t,\quad y = t^2,\quad z = t^3$$
$$dx = dt,\quad dy = 2t\,dt,\quad dz = 3t^2\,dt$$

The vector field is

$$\mathbf{P} = (y - x^2)\,\mathbf{i} + (z - y^2)\,\mathbf{j} + (x - z^2)\,\mathbf{k}$$

## Substitute along the curve

Evaluate each component of **P** at $(x,y,z) = (t, t^2, t^3)$:

- $y - x^2 = t^2 - t^2 = 0$
- $z - y^2 = t^3 - (t^2)^2 = t^3 - t^4$
- $x - z^2 = t - (t^3)^2 = t - t^6$

## Compute the dot product $\mathbf{P} \cdot d\mathbf{r}$

$$\mathbf{P} \cdot d\mathbf{r} = (y-x^2)\,dx + (z-y^2)\,dy + (x-z^2)\,dz$$

$$= 0 \cdot dt + (t^3 - t^4)(2t\,dt) + (t - t^6)(3t^2\,dt)$$

$$= 0 + (2t^4 - 2t^5)\,dt + (3t^3 - 3t^8)\,dt$$

$$= \bigl(3t^3 + 2t^4 - 2t^5 - 3t^8\bigr)\,dt$$

## Integrate from $t = 0$ to $t = 1$

$$W = \int_0^1 \bigl(3t^3 + 2t^4 - 2t^5 - 3t^8\bigr)\,dt$$

$$= \left[ \frac{3t^4}{4} + \frac{2t^5}{5} - \frac{2t^6}{6} - \frac{3t^9}{9} \right]_0^1$$

$$= \frac{3}{4} + \frac{2}{5} - \frac{1}{3} - \frac{1}{3}$$

$$= \frac{3}{4} + \frac{2}{5} - \frac{2}{3}$$

## Common denominator (60)

$$\frac{3}{4} = \frac{45}{60},\quad \frac{2}{5} = \frac{24}{60},\quad \frac{2}{3} = \frac{40}{60}$$

$$W = \frac{45 + 24 - 40}{60} = \frac{29}{60}$$

## Result

The work done by the engine pistons during the four-stroke cycle is

$$\boxed{W = \dfrac{29}{60}}$$

### PROOF COMPLETE
DEVIN_CLI_EXITED code=0
