这是 IMO 1972 第 5 题。让我先思考清楚再验证。

**问题重述：** $f, g: \mathbb{R} \to \mathbb{R}$，满足 $f(x+y) + f(x-y) = 2f(x)g(y)$，$f$ 不恒为零，$|f(x)| \le 1$。证明 $|g(x)| \le 1$。

让我先用 Python 验证关键思路，然后写出完整证明。验证通过。核心论证成立：界 $M/|f(x_n)| \to 1$ 从上方收紧。下面写出完整证明。

---

## 证明

**记号.** 设 $M = \sup_{x \in \mathbb{R}} |f(x)|$。由假设 $0 < M \le 1$（$M>0$ 因 $f$ 不恒为零，$M \le 1$ 因 $|f|\le 1$）。

**第一步：建立逐点上界。**

对任意 $x, y \in \mathbb{R}$，由三角不等式及 $|f|\le 1$：

$$|2f(x)g(y)| = |f(x+y)+f(x-y)| \le |f(x+y)| + |f(x-y)| \le 2.$$

故 $|f(x)g(y)| \le 1$。当 $f(x)\ne 0$ 时，

$$|g(y)| \le \frac{1}{|f(x)|}. \tag{$*$}$$

**第二步：用逼近上确界的序列收紧界。**

由 $M = \sup |f| > 0$，存在序列 $\{x_n\}$ 使 $|f(x_n)| \to M$。因 $M>0$，当 $n$ 充分大时 $f(x_n)\ne 0$。对这样的 $n$，由原方程

$$g(y) = \frac{f(x_n+y)+f(x_n-y)}{2f(x_n)},$$

于是

$$|g(y)| \le \frac{|f(x_n+y)|+|f(x_n-y)|}{2|f(x_n)|} \le \frac{M+M}{2|f(x_n)|} = \frac{M}{|f(x_n)|}.$$

令 $n\to\infty$，$|f(x_n)|\to M$，右端 $\dfrac{M}{|f(x_n)|}\to 1$。

因此对**任意** $y\in\mathbb{R}$，

$$|g(y)| \le 1. \qquad \blashsquare$$

**证毕。** $\blacksquare$

---

**关键思路回顾：** 不需要分类解出 $f, g$ 的具体形式。只需注意到——把 $x$ 取在 $|f|$ 接近其上确界 $M$ 的点列上，方程右端 $2f(x)g(y)$ 的系数 $|f(x)|$ 趋于 $M$，而左端 $f(x+y)+f(x-y)$ 始终被 $2M$ 控制，两边一比就给出 $|g(y)|\le M/M = 1$。整个证明只用了三角不等式 + 上确界的序列逼近，没有用到 $f(0)$ 是否为零、$g$ 的连续性等任何额外假设。
