No answer leak detected. The problem is stated cleanly. Here is the proof.

---

**Claim.** Yes, such an $M$ exists: there is $M$ so that for all $m \ge M$, the set $\{y_m^{(1)},\dots,y_m^{(n)}\}$ is linearly independent.

**Proof.**

Let $X$ be the Banach space and let $V := \operatorname{span}\{x_1,\dots,x_n\}$, an $n$-dimensional subspace.

**Step 1: $V$ is complemented by a continuous projection.**

Since $\{x_1,\dots,x_n\}$ is a basis of $V$, by the Hahn–Banach theorem there exist continuous linear functionals $f_1,\dots,f_n \in X^*$ with $f_i(x_j) = \delta_{ij}$. Define
$$
P : X \to V, \qquad P(z) := \sum_{i=1}^n f_i(z)\, x_i .
$$
Then $P$ is a bounded linear operator (a finite linear combination of bounded functionals), and $P(x_j) = \sum_i f_i(x_j) x_i = x_j$, so $P$ is a continuous projection onto $V$.

**Step 2: Reduce to a finite-dimensional problem.**

For each $i$, since $y_m^{(i)} \to x_i$ in norm and $P$ is continuous,
$$
P(y_m^{(i)}) \to P(x_i) = x_i \quad \text{in } V.
$$
Key observation: if $\{y_m^{(i)}\}_{i=1}^n$ is linearly dependent, then applying $P$ gives a nontrivial linear relation among $\{P(y_m^{(i)})\}_{i=1}^n$. Contrapositively:

> If $\{P(y_m^{(i)}\}_{i=1}^n$ is linearly independent in $V$, then $\{y_m^{(i)}\}_{i=1}^n$ is linearly independent in $X$.

So it suffices to show that $\{P(y_m^{(i)})\}_{i=1}^n$ is linearly independent in the **finite-dimensional** space $V$ for all large $m$.

**Step 3: Linear independence is an open condition in finite dimensions.**

Fix the basis $\{x_1,\dots,x_n\}$ of $V$ and write each $v \in V$ in coordinates $v = \sum_{j=1}^n a_j(v) x_j$, where $a_j \in V^*$ are the coordinate functionals. For an $n$-tuple $(v_1,\dots,v_n) \in V^n$, form the $n \times n$ matrix $A = \big(a_j(v_i)\big)_{i,j}$. The tuple is linearly independent iff $\det A \neq 0$.

The map $(v_1,\dots,v_n) \mapsto \det\big(a_j(v_i)\big)$ is continuous (it is a polynomial in the coordinates, and on the finite-dimensional space $V$ every linear functional is continuous). At the point $(x_1,\dots,x_n)$ the matrix is the identity, so
$$
\det\big(a_j(x_i)\big) = \det I = 1 \neq 0.
$$
By continuity, there is a neighborhood of $(x_1,\dots,x_n)$ in $V^n$ on which the determinant stays nonzero, i.e., on which the $n$-tuple remains linearly independent.

**Step 4: Conclude.**

Since $P(y_m^{(i)}) \to x_i$ for each $i$, the $n$-tuple $\big(P(y_m^{(1)}),\dots,P(y_m^{(n)})\big) \to (x_1,\dots,x_n)$ in $V^n$. By Step 3, there exists $M$ such that for all $m \ge M$ this $n$-tuple is linearly independent in $V$. By Step 2, the original set $\{y_m^{(1)},\dots,y_m^{(n)}\}$ is linearly independent in $X$ for all $m \ge M$. $\blacksquare$

### PROOF COMPLETE
DEVIN_CLI_EXITED code=0
