## Proof

The covariant Riemann–Christoffel curvature tensor $R_{ijkl}$ in $n$ dimensions possesses the symmetries:

1. **Antisymmetry in the first pair:** $R_{ijkl} = -R_{jikl}$
2. **Antisymmetry in the second pair:** $R_{ijkl} = -R_{ijlk}$
3. **Pair symmetry:** $R_{ijkl} = R_{klij}$
4. **First Bianchi identity (cyclic identity):** $R_{ijkl} + R_{iklj} + R_{iljk} = 0$

Any component with a repeated index within the first pair ($i=j$) or within the second pair ($k=l$) vanishes by antisymmetry. Hence a non-zero component must have $i\neq j$ and $k\neq l$. We classify the surviving independent non-zero components by the number of **distinct** index values appearing among $\{i,j,k,l\}$.

---

### Case 1: Two distinct indices

The four slots take values from a pair $\{a,b\}$ with $a\neq b$. Since each pair must contain two distinct values, both pairs are $(a,b)$ or $(b,a)$. Using the antisymmetries:
$$R_{abab} = -R_{baab} = -R_{abba} = R_{baba},$$
so all such components reduce to a single independent one, $R_{abab}$. There are $\binom{n}{2}$ choices for the pair $\{a,b\}$.

**Contribution:** $\displaystyle\binom{n}{2} = \frac{n(n-1)}{2}.$

---

### Case 2: Three distinct indices

The four slots use three distinct values $\{a,b,c\}$, so exactly one value is repeated. The repeated value must appear once in each pair (otherwise a pair would have equal entries and the component would vanish). Choose the repeated value: $3$ ways. Suppose it is $a$; then the first pair is $\{a,b\}$ and the second is $\{a,c\}$ (or vice versa). By the pair symmetry $R_{ijkl}=R_{klij}$, the two assignments are equal:
$$R_{abac} = R_{acab}.$$
The antisymmetries within each pair only introduce signs, producing no new independent components. Hence for each choice of repeated value there is exactly **one** independent component, giving $3$ per triple.

The first Bianchi identity with three distinct indices reduces to an identity: e.g. with $(i,j,k,l)=(a,b,a,c)$,
$$R_{abac} + R_{aacb} + R_{acba} = R_{abac} + 0 + (-R_{abac}) = 0,$$
since $R_{aacb}=0$ (repeated index in the second pair slot) and $R_{acba}=-R_{acab}=-R_{abac}$. So Bianchi imposes **no** additional constraint here.

**Contribution:** $\displaystyle 3\binom{n}{3} = \frac{n(n-1)(n-2)}{2}.$

---

### Case 3: Four distinct indices

The four slots use four distinct values $\{a,b,c,d\}$. Each pair $(i,j)$ and $(k,l)$ is a 2-element subset, and the two pairs partition $\{a,b,c,d\}$. The number of ways to partition 4 elements into 2 unordered pairs is $3$:
$$\{a,b\}\{c,d\},\quad \{a,c\}\{b,d\},\quad \{a,d\}\{b,c\}.$$
For each partition, fixing $i<j$, $k<l$, the pair symmetry $R_{ijkl}=R_{klij}$ identifies the two orderings of the pairs, yielding one component per partition — so $3$ components per 4-tuple.

The first Bianchi identity provides exactly one independent relation among these three:
$$R_{abcd} + R_{acdb} + R_{adbc} = 0,$$
which links the three partitions. Thus the number of independent components per 4-tuple is $3 - 1 = 2$.

**Contribution:** $\displaystyle 2\binom{n}{4} = \frac{n(n-1)(n-2)(n-3)}{12}.$

---

### Total

Summing the three contributions:

$$
N = \frac{n(n-1)}{2} + \frac{n(n-1)(n-2)}{2} + \frac{n(n-1)(n-2)(n-3)}{12}.
$$

Factor out $\dfrac{n(n-1)}{12}$:

$$
N = \frac{n(n-1)}{12}\Big[6 + 6(n-2) + (n-2)(n-3)\Big].
$$

Expand the bracket:

$$
6 + 6n - 12 + n^2 - 5n + 6 = n^2 + n.
$$

Therefore

$$
N = \frac{n(n-1)}{12}\,n(n+1) = \frac{n^2(n^2-1)}{12}.
$$

---

### Result

The total number of independent non-zero components of the covariant Riemann–Christoffel curvature tensor in $n$-dimensional space is

$$\boxed{\dfrac{n^2(n^2-1)}{12}}.$$

### PROOF COMPLETE
DEVIN_CLI_EXITED code=0
