## Solution

Let me define variables:
- F = father's age
- D1 = first daughter's age
- D2 = second daughter's age
- S1 = first son's age (what we want)
- S2 = second son's age
- S3 = third son's age

**Translating the conditions:**

1. F = 5.5 × D2
2. D1 = 19, |D1 − S2| = 5, |D1 − D2| = 9
3. (S3 − 1) = S1 / 2  (third son's age last year = half the first son's age)
4. D2 + S3 = S2

**Step 1: Determine D2 and F.**

From |19 − D2| = 9: D2 = 28 or D2 = 10.

From F = 5.5 × D2:
- D2 = 28 → F = 154 (an impossible father's age)
- D2 = 10 → F = 55 (reasonable)

So **D2 = 10** and **F = 55**.

**Step 2: Determine S2.**

From |19 − S2| = 5: S2 = 24 or S2 = 14.

**Step 3: Use condition 4 to find S3.**

D2 + S3 = S2, so S3 = S2 − 10.
- If S2 = 24 → S3 = 14
- If S2 = 14 → S3 = 4

**Step 4: Use condition 3 to find S1.**

S1 = 2(S3 − 1).
- If S3 = 14 → S1 = 26
- If S3 = 4 → S1 = 6

**Step 5: Select the consistent solution.**

The labels "first son," "second son," "third son" denote birth order, so the first son should be the oldest: S1 > S2 > S3.

- Option A: S1 = 26, S2 = 24, S3 = 14 → 26 > 24 > 14 ✓ (consistent ordering)
- Option B: S1 = 6, S2 = 14, S3 = 4 → 6 < 14 ✗ (first son younger than second son — contradicts birth order)

So we take **Option A**.

**Verification of all conditions:**
- F = 55 = 5.5 × 10 = 5.5 × D2 ✓
- D1 = 19; |19 − 24| = 5 ✓; |19 − 10| = 9 ✓
- S3 − 1 = 14 − 1 = 13 = 26/2 = S1/2 ✓
- D2 + S3 = 10 + 14 = 24 = S2 ✓

All conditions are satisfied.

**The age of the first son is 26.**

### PROOF COMPLETE
DEVIN_CLI_EXITED code=0
