Looking at this problem, I need to count 8×8 black/white colorings where every 2×2 sub-square has exactly 2 black and 2 white squares.

## Proof

Let $a_{i,j} \in \{0,1\}$ denote the color of cell $(i,j)$ (1 = black). The condition is that for every $i \in \{1,\dots,7\}$ and $j \in \{1,\dots,7\}$:
$$a_{i,j} + a_{i,j+1} + a_{i+1,j} + a_{i+1,j+1} = 2.$$

**Row-pair analysis.** Fix two consecutive rows $r = (a_{i,1}, \dots, a_{i,8})$ and $r' = (a_{i+1,1}, \dots, a_{i+1,8})$. Define column sums $s_j = r_j + r'_j \in \{0,1,2\}$. The condition on each 2×2 block spanning these two rows becomes:
$$s_j + s_{j+1} = 2 \quad \text{for all } j = 1,\dots,7.$$

This forces $s_{j+1} = 2 - s_j$, so the sequence $(s_1, \Looking at this problem, I need to count 8×8 black/white colorings where every 2×2 sub-square has exactly 2 black and 2 white cells.

**Proof.**

Let $a_{ij} \in \{0,1\}$ denote the color of cell $(i,j)$ ($1$=black, $0$=white). The condition requires that for all $1 \le i \le 7$, $1 \le j \le 7$:
$$a_{ij} + a_{i,j+1} + a_{i+1,j} + a_{i+1,j+1} = 2. \tag{$*$}$$

**Step 1: Row-to-row constraint.** For adjacent rows $i, i+1$, define pair sums $p_j = a_{ij} + a_{i,j+1}$ and $q_j = a_{i+1,j} + a_{i+1,j+1}$ for $j=1,\ldots,7$. Condition $(*)$ gives $q_j = 2 - p_j$ for all $j$. So the pair sums of row $i+1$ are completely determined by row $i$.

**Step 2: Pair sums determine a row up to complement.** Two binary rows $s, t$ of length 8 have the same pair sums iff $s = t$ or both are checkerboard patterns $C_0 = (0,1,0,1,0,1,0,1)$, $C_1 = (1,0,1,0,1,0,1,0)$.

*Proof:* If $s,t$ share pair sums, let $d_j = s_j - t_j$. Then $d_j + d_{j+1} = 0$, so $d_{j+1} = -d_j$. Since $d_j \in \{-1,0,1\}$: if $d_1 = 0$ then $s = t$; if $d_1 = \pm 1$ then $d$ alternates $\pm 1, \mp 1, \ldots$, forcing $s, t$ to be the two checkerboards. Conversely, both checkerboards have all pair sums equal to 1. $\square$

**Step 3: Determining row $i+1$ from row $i$.** The required pair sums $q_j = 2 - p_j$ are exactly the pair sums of $\bar{r}_i$ (the complement of row $i$), since $(1-a_{ij})+(1-a_{i,j+1}) = 2 - p_j$.

By Step 2, the rows with these pair sums are:
- If row $i$ is **not** a checkerboard: only $\bar{r}_i$ (its complement is also non-checkerboard, so uniqueness holds).
- If row $i$ **is** a checkerboard: both checkerboards $C_0, C_1$ (since all pair sums are 1).

**Step 4: Classification.** From Step 3:
- A non-checkerboard row forces the next row to be its complement (also non-checkerboard), so all rows are non-checkerboards alternating $r, \bar{r}, r, \bar{r}, \ldots$
- A checkerboard row allows the next to be either checkerboard, so all rows are checkerboards, each chosen independently.

No mixing is possible (non-checkerboard → non-checkerboard; checkerboard → checkerboard). These cases are exhaustive and disjoint.

**Step 5: Verification.** For the alternating pattern $r, \bar{r}, r, \bar{r}, \ldots$: any 2×2 block spanning rows $r, \bar{r}$ at columns $j, j+1$ has sum $(r_j + r_{j+1}) + ((1-r_j)+(1-r_{j+1})) = 2$. ✓

For all-checkerboard rows: any 2×2 block has sum 2 (verified for all four combinations of $C_0, C_1$ in adjacent rows). ✓

**Step 6: Counting.**

*Case 1 (all checkerboard rows):* Each of 8 rows is independently $C_0$ or $C_1$: $2^8 = 256$ colorings.

*Case 2 (alternating non-checkerboard):* The first row is any of $2^8 - 2 = 254$ non-checkerboard rows; the rest is determined: $254$ colorings.

**Total:** $256 + 254 = \boxed{510}$.

### PROOF COMPLETE
DEVIN_CLI_EXITED code=0
