Error: Agent error: Permission denied: Permission denied: Reached overall message rate limit. Please try again later. Your limit will reset in 52 minutes. (trace ID: d922b74c1b1cf58e098208c7dc99caf9): {
  "cognition.ai/errorKind": "internal",
  "cognition.ai/retryable": true
}
DEVIN_CLI_EXITED code=1
Error: Agent error: Permission denied: Permission denied: Reached overall message rate limit. Please try again later. Your limit will reset in 50 minutes. (trace ID: d2c87961d79bf2555a5f151f2f4fd4f8): {
  "cognition.ai/errorKind": "internal",
  "cognition.ai/retryable": true
}
DEVIN_CLI_EXITED code=1
Error: Agent error: Permission denied: Permission denied: Reached overall message rate limit. Please try again later. Your limit will reset in 46 minutes. (trace ID: 8cf4045b8c8f33800b782573ebb1236d): {
  "cognition.ai/errorKind": "internal",
  "cognition.ai/retryable": true
}
DEVIN_CLI_EXITED code=1
Error: Agent error: Permission denied: Permission denied: Reached overall message rate limit. Please try again later. Your limit will reset in 44 minutes. (trace ID: c98ad86124809970854e9078e7a195e7): {
  "cognition.ai/errorKind": "internal",
  "cognition.ai/retryable": true
}
DEVIN_CLI_EXITED code=1
Error: Agent error: Permission denied: Permission denied: Reached overall message rate limit. Please try again later. Your limit will reset in 40 minutes. (trace ID: fb99b3d3b8804e2430528dba48442359): {
  "cognition.ai/errorKind": "internal",
  "cognition.ai/retryable": true
}
DEVIN_CLI_EXITED code=1
Error: Agent error: Permission denied: Permission denied: Reached overall message rate limit. Please try again later. Your limit will reset in 38 minutes. (trace ID: 03a5c765f927aeaab3b49cd353216e28): {
  "cognition.ai/errorKind": "internal",
  "cognition.ai/retryable": true
}
DEVIN_CLI_EXITED code=1
Error: Agent error: Permission denied: Permission denied: Reached overall message rate limit. Please try again later. Your limit will reset in 36 minutes. (trace ID: 00f62e58b1f0334a85f672e83c738a63): {
  "cognition.ai/errorKind": "internal",
  "cognition.ai/retryable": true
}
DEVIN_CLI_EXITED code=1
Error: Agent error: Permission denied: Permission denied: Reached overall message rate limit. Please try again later. Your limit will reset in 34 minutes. (trace ID: 807073290a42684d0c4cb92cfc3ea4d4): {
  "cognition.ai/errorKind": "internal",
  "cognition.ai/retryable": true
}
DEVIN_CLI_EXITED code=1
Error: Agent error: Permission denied: Permission denied: Reached overall message rate limit. Please try again later. Your limit will reset in 30 minutes. (trace ID: e5594b848f39def1b4ea1ce6c4b6f936): {
  "cognition.ai/errorKind": "internal",
  "cognition.ai/retryable": true
}
DEVIN_CLI_EXITED code=1
Error: Agent error: Permission denied: Permission denied: Reached overall message rate limit. Please try again later. Your limit will reset in 28 minutes. (trace ID: 3235978172161a1d39af87ca7c456eb9): {
  "cognition.ai/errorKind": "internal",
  "cognition.ai/retryable": true
}
DEVIN_CLI_EXITED code=1
Error: Agent error: Permission denied: Permission denied: Reached overall message rate limit. Please try again later. Your limit will reset in 24 minutes. (trace ID: d3209a7181d8642a85be8491c6ba074d): {
  "cognition.ai/errorKind": "internal",
  "cognition.ai/retryable": true
}
DEVIN_CLI_EXITED code=1
Error: Agent error: Permission denied: Permission denied: Reached overall message rate limit. Please try again later. Your limit will reset in 22 minutes. (trace ID: 5c0b3d337f2f91dbfd18aa91ba0878ec): {
  "cognition.ai/errorKind": "internal",
  "cognition.ai/retryable": true
}
DEVIN_CLI_EXITED code=1
Error: Agent error: Permission denied: Permission denied: Reached overall message rate limit. Please try again later. Your limit will reset in 20 minutes. (trace ID: a49d855675acaf82920b791b6294708b): {
  "cognition.ai/errorKind": "internal",
  "cognition.ai/retryable": true
}
DEVIN_CLI_EXITED code=1
Error: Agent error: Permission denied: Permission denied: Reached overall message rate limit. Please try again later. Your limit will reset in 18 minutes. (trace ID: fe98d3725e2bf5729bb93ebd550eb59b): {
  "cognition.ai/errorKind": "internal",
  "cognition.ai/retryable": true
}
DEVIN_CLI_EXITED code=1
Error: Agent error: Permission denied: Permission denied: Reached overall message rate limit. Please try again later. Your limit will reset in 14 minutes. (trace ID: 531b19c388872aea9a734409c9ad512c): {
  "cognition.ai/errorKind": "internal",
  "cognition.ai/retryable": true
}
DEVIN_CLI_EXITED code=1
Error: Agent error: Permission denied: Permission denied: Reached overall message rate limit. Please try again later. Your limit will reset in 12 minutes. (trace ID: 5bafd8749defc8a89d5569d50dc864ae): {
  "cognition.ai/errorKind": "internal",
  "cognition.ai/retryable": true
}
DEVIN_CLI_EXITED code=1
Error: Agent error: Permission denied: Permission denied: Reached overall message rate limit. Please try again later. Your limit will reset in 8 minutes. (trace ID: 0d756e93bd2c787adac9e9c9f663ebaf): {
  "cognition.ai/errorKind": "internal",
  "cognition.ai/retryable": true
}
DEVIN_CLI_EXITED code=1
Error: Agent error: Permission denied: Permission denied: Reached overall message rate limit. Please try again later. Your limit will reset in 6 minutes. (trace ID: 18771e5100ce15c872b90705685f619a): {
  "cognition.ai/errorKind": "internal",
  "cognition.ai/retryable": true
}
DEVIN_CLI_EXITED code=1
Error: Agent error: Permission denied: Permission denied: Reached overall message rate limit. Please try again later. Your limit will reset in 4 minutes. (trace ID: 6c9602b4a745c37547dacfc436fe4505): {
  "cognition.ai/errorKind": "internal",
  "cognition.ai/retryable": true
}
DEVIN_CLI_EXITED code=1
Error: Agent error: Permission denied: Permission denied: Reached overall message rate limit. Please try again later. Your limit will reset in 2 minutes. (trace ID: 6e7554f6eff87ca111e4b9c1fc382b2f): {
  "cognition.ai/errorKind": "internal",
  "cognition.ai/retryable": true
}
DEVIN_CLI_EXITED code=1
基于我对 `AGENTS.md` 的分析，我已经确定了结构：

- **问题**：计算求和 Σ_{j=1}^{n} (-1)^j / [(j+1)!(n-j)!]
- **标准解法**：将 1/[(j+1)!(n-j)!] 重写为 C(n+1,j+1)/(n+1)!，然后应用二项式定理来计算交错和，得到 -n/(n+1)!。
- **AI 的思考过程**：一段长篇且详细的几何解法尝试，针对一个完全不同的问题（三角形 ABC、内切圆、点 K/L/M，求 cos(∠ACB)）。

AI 的思考过程具有丰富的数学内容（绝非简短或连接错误），但它解决的是一个完全不同的问题——一个几何问题，而不是代数求和问题。这是典型的方向错误（DIRECTION_ERROR）。

```xml
<analysis>
  <problem_id>oda_math_460k_00008049</problem_id>
  <dimension1_verdict>DIRECTION_ERROR</dimension1_verdict>
  <dimension1_explanation>The AI's thinking attempts an entirely different problem — a geometry problem about triangle ABC with incircle, points K/L/M, and finding cos(∠ACB) — rather than the actual problem of calculating an alternating factorial sum. The AI never considered the binomial-coefficient approach needed for the sum, because it was working on an unrelated problem altogether.</dimension1_verdict>
  <dimension2_turning_point_type>other</dimension2_turning_point_type>
  <dimension2_explanation>The standard solution's key turning point is recognizing that 1/[(j+1)!(n-j)!] can be rewritten as C(n+1,j+1)/(n+1)! via the binomial-coefficient identity, then applying the binomial theorem (Σ (-1)^k C(m,k) = 0 for m>0) to evaluate the alternating sum in closed form as -n/(n+1)!.</dimension2_explanation>
  <ai_direction_summary>The AI attempted a complex coordinate-geometry solution for an unrelated triangle/incircle/circumcircle problem, never engaging with the actual factorial-sum problem.</ai_direction_summary>
  <standard_solution_key_technique>Rewriting the summand as a binomial coefficient C(n+1,j+1)/(n+1)! and applying the binomial theorem to collapse the alternating sum.</standard_solution_key_technique>
  <confidence>high</confidence>
</analysis>
```

### 分析完成
