## 答案泄漏自检

我已扫描题目文本，未发现任何泄露的答案、解题思路或形式化说明。继续进行求解。

## 求解

**$24!$ 的素因数分解：** $24! = 2^{22} \cdot 3^{10} \cdot 5^4 \cdot 7^3 \cdot 11^2 \cdot 13 \cdot 17 \cdot 19 \cdot 23$。整除 $24!$ 的素数集合为 $\{2, 3, 5, 7, 11, 13, 17, 19, 23\}$（共 9 个素数）。

### 第一步：$d \in \xi$ 要求 $d$ 必须是无平方因子的

设 $d = p_1^{a_1} \cdots p_k^{a_k}$。每个因子都有一个**素数支撑集** $T \subseteq \{p_1,\ldots,p_k\}$（即具有正指数的素数集合）。支撑集恰好为 $T$ 的因子个数为 $\prod_{p_i \in T} a_i$。

两个因子互素当且仅当它们的素数支撑集是不相交的。支撑集 $T = \{p_1,\ldots,p_k\}$（全集）的因子只能与支撑集为 $\emptyset$ 的因子配对，即只能与因子 $1$ 配对。由于 $1$ 只能存在于一个配对中，我们最多只能有一个具有全支撑集的因子。具有全支撑集的因子数量为 $\prod a_i$，因此 $\prod a_i \le 1$。

对于 $k \ge 2$，所有 $a_i \ge 1$，所以 $\prod a_i = 1$ 要求所有 $a_i = 1$，即 $d$ 是无平方因子的。对于 $k = 1$，$d = p^a$ 要求 $a \le 1$，得到 $|S_d| = 2 < 20$。因此，对于 $|S_d| \ge 20$，$d$ 必须是无平方因子的，且具有 $k \ge 2$ 个素数因子。

### 第二步：对于无平方因子的 $d$，互素配对是唯一的

对于具有 $k$ 个素数的无平方因子 $d$，因子对应于 $[k]$ 的子集，如果两个子集不相交，则它们对应的因子是互素的。我证明了补集配对（将 $A$ 与 $\bar{A}$ 配对）是**唯一**的完美匹配：

- $[k]$ 仅与 $\emptyset$ 相邻，因此 $\{[k], \emptyset\}$ 是必须的。
- 在移除它们后，每个 $(k-1)$-子集 $[k]\setminus\{i\}$ 仅与 $\{i\}$ 相邻（因为 $\emptyset$ 已被使用），因此 $\{[k]\setminus\{i\}, \{i\}\}$ 是必须的。
- 归纳进行：在匹配大小为 $(j, k{-}j)$ 的补集对（$j = 0, 1, 2, \ldots$）之后，剩余的最大子集仅与它们的补集相邻（所有较小的子集已被匹配）。因此，每一步都是必须的。

这迫使整个匹配过程必须采用补集配对 $\{x,\, d/x\}$。

### 第三步：条件 3 要求 $2 \mid d$ 且 $3 \nmid d$

每个配对都是 $\{x, d/x\}$，其中 $x \cdot (d/x) = d$ 且 $\gcd(x, d/x) = 1$（因为 $d$ 是无平方因子的）。

我们需要 $6 \mid (x^2 + (d/x)^2 + 1)$，即：
- **模 2：** $x^2 + (d/x)^2 + 1 \equiv 0 \pmod{2}$ 要求 $x$ 和 $d/x$ 奇偶性不同，即 $2 \mid d$（因为 $d$ 是无平方因子的，2 恰好整除 $x$ 或 $d/x$ 中的一个）。
- **模 3：** $x^2 + (d/x)^2 + 1 \equiv 0 \pmod{3}$ 要求 $x^2 \equiv (d/x)^2 \equiv 1 \pmod{3}$，即 $x$ 和 $d/x$ 都不能被 3 整除。如果 $3 \mid d$（$d$ 为无平方因子），则 3 恰好整除 $x$ 或 $d/x$ 中的一个，导致条件失效。因此 $3 \nmid d$。

当 $2 \mid d$ 且 $3 \nmid d$ 时，**每个**补集配对都满足条件 3（奇偶性不同且都不能被 3 整除），因此条件 3 自动满足。

### 第四步：计数

**$d \in \xi$ 的条件：**
1. $d$ 是无平方因子的且整除 $24!$。
2. $2 \mid d$（必须包含素数 2）。
3. $3 \nmid d$（必须排除素数 3）。
4. $k \ge 5$ 个素数因子（因为 $|S_d| = 2^k \ge 20$ 要求 $k \ge 5$；且 $2^4 = 16 < 20$）。

可用素数（排除 3）：$\{2, 5, 7, 11, 13, 17, 19, 23\}$ — 8 个素数。必须包含 2。从 $\{5, 7, 11, 13, 17, 19, 23\}$ 中选择至少 4 个（7 个素数）：

$$\binom{7}{4} + \binom{7}{5} + \binom{7}{6} + \binom{7}{7} = 35 + 21 + 7 + 1 = \boxed{64}$$

### PROOF COMPLETE
DEVIN_CLI_EXITED code=0
