## Answer

**No**, $f$ need not be uniformly continuous on $X$. The completeness of $X$ does not suffice. Below is a counterexample.

---

### Counterexample

Work in $\mathbb{R}^2$ with the Euclidean metric, and set

$$
X \;=\; \bigl\{(x,y)\in\mathbb{R}^2 : x>0,\; xy=1\bigr\}\;\cup\;\bigl\{(x,y)\in\mathbb{R}^2 : x>0,\; xy=-1\bigr\}.
$$

Equip $X$ with the subspace metric $d$ inherited from $\mathbb{R}^2$, and let

$$
A=\{(x,1/x):x>0\},\qquad B=\{(x,-1/x):x>0\}.
$$

**$X$ is complete.** Each of $A$ and $B$ is closed in $\mathbb{R}^2$: if $(x_n,y_n)\in A$ converges to $(x,y)\in\mathbb{R}^2$, then $x_n>0$ and $x_n y_n=1$; should $x=0$ then $y_n=1/x_n\to\pm\infty$, contradicting convergence, so $x>0$ and $y=1/x$, giving $(x,y)\in A$. The same argument applies to $B$. Hence $X=A\cup B$ is closed in the complete space $\mathbb{R}^2$, and is therefore complete.

**$A$ and $B$ are non-empty, closed in $X$, disjoint, and cover $X$.** Disjointness and covering are immediate. Closedness in $X$ holds because $A$ and $B$ are closed in $\mathbb{R}^2$ (hence in the subspace $X$).

**The distance between $A$ and $B$ is zero.** Indeed, the points $a_n=(n,1/n)\in A$ and $b_n=(n,-1/n)\in B$ satisfy

$$
d(a_n,b_n)=\tfrac{2}{n}\xrightarrow[n\to\infty]{}0,
$$

so $d(A,B)=0$.

**Define $f:X\to\mathbb{R}$ by**

$$
f(p)=\begin{cases}0,&p\in A,\\[2pt]1,&p\in B.\end{cases}
$$

The restrictions $f|_A\equiv 0$ and $f|_B\equiv 1$ are constant maps, hence uniformly continuous (into $\mathbb{R}$ with the usual metric).

**But $f$ is not uniformly continuous on $X$.** For the sequences above, $d(a_n,b_n)=2/n\to 0$ while

$$
|f(a_n)-f(b_n)|=|0-1|=1
$$

for every $n$. Thus no choice of $\delta>0$ can make $d(p,q)<\delta\Rightarrow |f(p)-f(q)|<\tfrac12$; $f$ fails to be uniformly continuous (it is not even continuous).

---

### Why completeness does not rescue the conclusion

Since $A\cup B=X$ with $A,B$ closed and disjoint, each of $A,B$ is also open in $X$; they form a separation, so $X$ is disconnected. Completeness of $X$ guarantees that Cauchy sequences in $A$ (resp. $B$) converge *somewhere in $X$*, but a limit of points of $A$ can still lie in $A$ (as it must, $A$ being closed) while points of $B$ approach it arbitrarily closely — exactly the situation $d(A,B)=0$ realized above. Uniform continuity of $f|_A$ and $f|_B$ controls the oscillation *within* each piece, but gives no control across the gap when that gap has zero infimal distance. Hence $f$ need not be uniformly continuous on $X$.

### PROOF COMPLETE
DEVIN_CLI_EXITED code=0
