Looking at this problem, I need to determine the maximum-score configuration and its diameter.

**Answer Leak Check:** No leaked answers found in the problem text. Proceeding.

---

## Proof

**Setup.** We have $N$ points with pairwise distances $\geq 1/2$. The total score is:

$$S(X) = \sum_{i=1}^N S(x_i) = \sum_{i=1}^N \left[2\cdot|\{j: |x_i-x_j|\in[1,2]\}| + |\{j: |x_i-x_j|\in[2,3]\}|\right].$$

**Pairwise contribution analysis.** Each unordered pair $\{i,j\}$ (with $i\neq j$) contributes to $S(X)$ through both $S(x_i)$ and $S(x_j)$. The contribution of pair $\{i,j\}$ depends on $d_{ij}=|x_i-x_j|$:

- If $d_{ij}\in[1,2]$: contributes $2$ to each of $S(x_i), S(x_j)$, total $4$.
- If $d_{ij}\in[2,3]$: contributes $1$ to each, total $2$.
- If $d_{ij}=2$ (in **both** intervals, since they overlap at $2$): contributes $2+1=3$ to each, total $6$.
- Otherwise: contributes $0$.

**Upper bound.** Every pair contributes at most $6$ to $S(X)$, so:

$$S(X) \leq 6\binom{N}{2} = 3N(N-1).$$

**Achievability via the regular simplex.** Consider the regular $(N-1)$-simplex in $\mathbb{R}^{N-1}$ with side length $2$. Its $N$ vertices satisfy $|x_i - x_j| = 2$ for all $i \neq j$. The minimum pairwise distance is $2 \geq 1/2$, satisfying the constraint.

For each vertex $x_i$, all $N-1$ other vertices are at distance $2$, which lies in both $[1,2]$ and $[2,3]$. Therefore:

$$S(x_i) = 2(N-1) + (N-1) = 3(N-1),$$

$$S(X) = 3N(N-1).$$

This matches the upper bound, so **the maximum possible score is $3N(N-1)$**.

**Uniqueness of the maximizer.** Equality in $S(X) \leq 6\binom{N}{2}$ requires every pair to contribute exactly $6$, meaning $|x_i - x_j| = 2$ for all $i \neq j$. A set of $N$ points in Euclidean space with all pairwise distances equal is, up to isometry, a regular $(N-1)$-simplex. Hence the maximizer is unique up to isometry.

**Diameter.** The regular simplex with side length $2$ has diameter $2$ (all pairwise distances are $2$). For any fixed constant $c > 0$ and all $N \geq 1$:

$$2 \leq c\sqrt{N}$$

holds for $N \geq 4/c^2$ (and trivially for small $N$ by adjusting $c$). Taking $c = 2$, we have $2 \leq 2\sqrt{N}$ for all $N \geq 1$.

**Conclusion.** The unique (up to isometry) configuration achieving the maximal score $3N(N-1)$ is the regular $(N-1)$-simplex with side length $2$, which has diameter $2 = O(1) \subseteq O(\sqrt{N})$. Therefore, **yes**, any configuration of $N$ points with the maximal possible score is contained within a domain of diameter $c\sqrt{N}$ for some fixed constant $c$ (e.g., $c = 2$).

### PROOF COMPLETE
DEVIN_CLI_EXITED code=0
