## Answer

**Yes**, for every open set $U \subseteq \mathbb{R}^n$, such a function exists.

---

### Construction

Let $U^c = \mathbb{R}^n \setminus U$ (which is closed) and define the distance function
$$d(x, U^c) = \inf_{a \in U^c} |x - a|,$$
with the convention $d(x, \emptyset) = +\infty$ (covering the case $U = \mathbb{R}^n$). Set
$$g(x) = \frac{d(x,\, U^c)}{1 + d(x,\, U^c)},$$
so $g: \mathbb{R}^n \to [0,1]$ is continuous (composition of the Lipschitz function $d(\cdot, U^c)$ with the continuous map $t \mapsto t/(1+t)$, extended by $g \equiv 1$ when $U = \mathbb{R}^n$).

Let $\mathbb{Q}^n$ denote the set of points with all rational coordinates. Define
$$\boxed{f(x) = g(x)\cdot \mathbf{1}_{\mathbb{Q}^n}(x).}$$

---

### $f$ is continuous on $\mathbb{R}^n \setminus U$

Let $x \in U^c$. Then $d(x, U^c) = 0$, so $g(x) = 0$ and $f(x) = 0$. For any $y \in \mathbb{R}^n$:
$$|f(y) - f(x)| = |f(y)| = g(y)\cdot \mathbf{1}_{\mathbb{Q}^n}(y) \leq g(y).$$
Since $g$ is continuous and $g(x)=0$, we have $g(y) \to 0$ as $y \to x$. Hence $f(y) \to 0 = f(x)$, and $f$ is continuous at $x$. $\checkmark$

---

### $f$ is discontinuous at every point of $U$

Let $x \in U$. Since $U$ is open, $d(x, U^c) > 0$, so $g(x) > 0$.

**Case 1: $x \in \mathbb{Q}^n$.** Then $f(x) = g(x) > 0$. Since $\mathbb{R}^n \setminus \mathbb{Q}^n$ is dense, there exists a sequence $(y_k)$ of irrational points with $y_k \to x$. Then $f(y_k) = 0$ for all $k$, so $f(y_k) \to 0 \neq g(x) = f(x)$. Discontinuous. $\checkmark$

**Case 2: $x \notin \mathbb{Q}^n$.** Then $f(x) = 0$. Since $U$ is open, there exists $r > 0$ with $B(x,r) \subseteq U$. Since $\mathbb{Q}^n$ is dense, there exist rational points $y_k \in \mathbb{Q}^n \cap B(x, 1/k) \subseteq \mathbb{Q}^n \cap U$ with $y_k \to x$. By continuity of $g$:
$$f(y_k) = g(y_k) \to g(x) > 0 \neq 0 = f(x).$$
Discontinuous. $\checkmark$

---

### Conclusion

The function $f(x) = g(x)\cdot\mathbf{1}_{\mathbb{Q}^n}(x)$, where $g(x) = d(x,U^c)/(1+d(x,U^c))$, is discontinuous exactly on $U$ and continuous on $\mathbb{R}^n \setminus U$. Therefore, **yes**, such a function exists for every open set $U \subseteq \mathbb{R}^n$.

### PROOF COMPLETE
DEVIN_CLI_EXITED code=0
