## Solution

**Yes**, we can conclude that $S = \sqrt{T^*T}$.

### Proof

Recall that for any operator $A \in L(H)$, we have $\|Ax\|^2 = \langle Ax, Ax\rangle = \langle A^*A\, x, x\rangle$ for all $x \in H$.

**Step 1: Translate the norm equality into a quadratic-form equality.**

The hypothesis $\|Sx\| = \|Tx\|$ for every $x \in H$ gives, squaring both sides,
$$\|Sx\|^2 = \|Tx\|^2 \quad\forall\, x\in H.$$

Since $S \geq 0$, the operator $S$ is self-adjoint ($S^* = S$). Hence
$$\|Sx\|^2 = \langle Sx, Sx\rangle = \langle S^*S\, x, x\rangle = \langle S^2 x, x\rangle.$$

Likewise
$$\|Tx\|^2 = \langle Tx, Tx\rangle = \langle T^*T\, x, x\rangle.$$

Therefore
$$\langle S^2 x, x\rangle = \langle T^*T\, x, x\rangle \quad\forall\, x\in H. \tag{$\ast$}$$

**Step 2: Use the polarization identity to upgrade ($\ast$) to operator equality.**

Both $S^2$ and $T^*T$ are self-adjoint (the former because $S$ is self-adjoint; the latter always). A standard consequence of the polarization identity states:

> If $A, B \in L(H)$ are self-adjoint and $\langle Ax, x\rangle = \langle Bx, x\rangle$ for all $x \in H$, then $A = B$.

*Proof of this fact.* Set $C = A - B$, which is self-adjoint with $\langle Cx, x\rangle = 0$ for all $x$. The polarization identity for a self-adjoint operator gives
$$4\,\langle Cx, y\rangle = \langle C(x+y), x+y\rangle - \langle C(x-y), x-y\rangle + i\langle C(x+iy), x+iy\rangle - i\langle C(x-iy), x-iy\rangle.$$
Each term on the right is of the form $\langle Cz, z\rangle = 0$, so $\langle Cx, y\rangle = 0$ for all $x, y$. Taking $y = Cx$ yields $\|Cx\|^2 = 0$ for all $x$, hence $C = 0$. ∎

Applying this to ($\ast$) with $A = S^2$ and $B = T^*T$, we obtain
$$S^2 = T^*T. \tag{$\ast\ast$}$$

**Step 3: Invoke uniqueness of the positive square root.**

The operator $T^*T$ is positive: $\langle T^*T\, x, x\rangle = \|Tx\|^2 \geq 0$. By the continuous functional calculus (or the spectral theorem) for bounded self-adjoint operators, there exists a **unique** positive operator $P \geq 0$ satisfying $P^2 = T^*T$. This unique operator is by definition $\sqrt{T^*T}$.

We have shown:
- $S \geq 0$ (given),
- $S^2 = T^*T$ (from Step 2).

Therefore $S$ is *a* positive square root of $T^*T$. By the uniqueness just recalled, $S$ must be *the* positive square root:
$$\boxed{S = \sqrt{T^*T}.}$$

### PROOF COMPLETE
DEVIN_CLI_EXITED code=0
