Looking at this problem, I need to find all values of $r$ for which an irreducible degree-$p$ polynomial $P$ (with two roots of different absolute values) can divide $R(x^r)$ with $\deg R < \deg P = p$.

**Proof.**

Let $\alpha$ be a root of $P$. Since $P \mid R(x^r)$, we have $R(\alpha^r) = 0$. Set $\beta = \alpha^r$, so $\beta$ is a root of $R$.

**Step 1: $\alpha^r \in \mathbb{Q}$.**

Since $\beta$ is a root of $R$, the minimal polynomial of $\beta$ over $\mathbb{Q}$ divides $R$, so:
$$[\mathbb{Q}(\beta) : \mathbb{Q}] \leq \deg R < p = [\mathbb{Q}(\alpha) : \mathbb{Q}].$$

Now $\beta = \alpha^r \in \mathbb{Q}(\alpha)$, so $\mathbb{Q}(\beta) \subseteq \mathbb{Q}(\alpha)$. Since $[\mathbb{Q}(\alpha) : \mathbb{Q}] = p$ is prime, the only intermediate fields are $\mathbb{Q}$ and $\mathbb{Q}(\alpha)$ itself. Thus $[\mathbb{Q}(\beta) : \mathbb{Q}] \in \{1, p\}$. Since $[\mathbb{Q}(\beta) : \mathbb{Q}] < p$, we conclude $[\mathbb{Q}(\beta) : \mathbb{Q}] = 1$, i.e., $\beta = \alpha^r \in \mathbb{Q}$.

**Step 2: All roots of $P$ satisfy $\alpha_i^r = q$ for the same $q \in \mathbb{Q}$.**

Let $\alpha_1, \ldots, \alpha_p$ be the roots of $P$. Since $P$ is irreducible, these are conjugates. For any $i, j$, there exists a $\mathbb{Q}$-embedding $\sigma: \mathbb{Q}(\alpha_i) \to \mathbb{Q}(\alpha_j)$ with $\sigma(\alpha_i) = \alpha_j$. Then:
$$\sigma(\alpha_i^r) = \alpha_j^r.$$
But $\alpha_i^r \in \mathbb{Q}$, so $\sigma(\alpha_i^r) = \alpha_i^r$. Therefore $\alpha_j^r = \alpha_i^r$ for all $i, j$. Call this common value $q \in \mathbb{Q}$.

**Step 3: $P \mid (x^r - q)$, forcing all roots to have the same absolute value.**

Every root $\alpha_i$ of $P$ is a root of $x^r - q$. Since $P$ is irreducible (hence separable over $\mathbb{Q}$), $P$ has $p$ distinct roots, all roots of $x^r - q$. Thus $P \mid (x^r - q)$ in $\mathbb{Q}[x]$.

Now, $q \neq 0$ (since $P$ is irreducible of degree $p \geq 2$ and cannot divide $x^r$). The roots of $x^r - q$ are $q^{1/r}\zeta_r^k$ (for appropriate $r$-th roots of unity $\zeta_r^k$), and **every** root has absolute value $|q|^{1/r}$.

Therefore all roots of $P$ have the same absolute value $|q|^{1/r}$.

**Step 4: Contradiction.**

This contradicts the hypothesis that $P$ has two roots of different absolute values. Hence, no value of $r \geq 1$ permits the scenario described.

**Conclusion.** The set of possible values of $r$ is empty, so the sum of all possible values is:

$$\boxed{0}$$

### PROOF COMPLETE
DEVIN_CLI_EXITED code=0
