## Solution

**Answer leak check:** The problem statement contains only the series and the domain $q \in (0,1)$. No solution, hint, or answer is leaked. Proceeding.

---

We evaluate
$$S = \sum_{n=2}^{\infty} \frac{(1-q)^2\, q^n}{(1-q^{n-1})(1-q^n)}, \qquad q \in (0,1).$$

**Step 1: Rewrite using $q$-integers.** Define the $q$-integer $[k]_q = 1 + q + \cdots + q^{k-1} = \dfrac{1-q^k}{1-q}$. Then
$$1 - q^{n-1} = (1-q)\,[n-1]_q, \qquad 1 - q^n = (1-q)\,[n]_q,$$
so the denominator factors as $(1-q^{n-1})(1-q^n) = (1-q)^2\,[n-1]_q\,[n]_q$. The $(1-q)^2$ cancels, giving the simpler form
$$a_n = \frac{q^n}{[n-1]_q\,[n]_q}.$$

**Step 2: Telescoping decomposition.** The key identity is
$$[n]_q - [n-1]_q = q^{n-1},$$
hence $q^n = q\bigl([n]_q - [n-1]_q\bigr)$. Substituting,
$$a_n = \frac{q\,([n]_q - [n-1]_q)}{[n-1]_q\,[n]_q} = q\left(\frac{1}{[n-1]_q} - \frac{1}{[n]_q}\right).$$

**Step 3: Sum the telescoping series.** For the partial sum up to $N$,
$$S_N = q\sum_{n=2}^{N}\left(\frac{1}{[n-1]_q} - \frac{1}{[n]_q}\right) = q\left(\frac{1}{[1]_q} - \frac{1}{[N]_q}\right).$$

Since $[1]_q = 1$ and $[N]_q = \dfrac{1-q^N}{1-q} \to \dfrac{1}{1-q}$ as $N \to \infty$ (using $q \in (0,1)$ so $q^N \to 0$), we obtain
$$S = q\left(1 - (1-q)\right) = q \cdot q = q^2.$$

**Step 4: Verification.** For $q = \tfrac12$: the partial sums are
$$\tfrac{1}{6},\; \tfrac{3}{14},\; \tfrac{7}{30},\; \ldots \;\longrightarrow\; \tfrac{1}{4} = q^2. \checkmark$$

The terms are positive and the telescoping remainder $\frac{q}{[N]_q} \to q(1-q) > 0$ is exactly the gap to the limit, confirming convergence.

---

$$\boxed{S = q^2}$$

### PROOF COMPLETE
DEVIN_CLI_EXITED code=0
