```xml
<audit>
  <analysis_result_key>2269921</analysis_result_key>
  <problem_id>oda_math_460k_00004701</problem_id>
  <audit_status>PASS</audit_status>
  <check_results>
    <A1>PASS: dimension1_verdict is CONNECTION_ERROR, a valid value.</A1>
    <A2>PASS: dimension1_explanation is non-empty and well over 50 characters.</A2>
    <A3>PASS: d1=CONNECTION_ERROR allows d2 null, but d2 is provided as "other", a valid enum value.</A3>
    <A4>PASS: dimension2_explanation is non-empty and well over 50 characters.</A4>
    <A5>PASS: ai_direction_summary is non-empty and describes the off-topic direction.</A5>
    <A6>PASS: standard_solution_key_technique is non-empty and specific.</A6>
    <B1>PASS: no XML tag leaks found in either explanation.</B1>
    <B2>PASS: no template placeholder leaks found.</B2>
    <B3>PASS: both explanations exceed 50 characters.</B3>
    <C1>PASS: d1=CONNECTION_ERROR permits null d2; d2 is populated, which is acceptable.</C1>
    <C2>PASS: d1_exp describes a data/template mismatch and wrong thinking trace, consistent with CONNECTION_ERROR.</C2>
    <C3>PASS: d2=other and d2_exp describes coordinate geometry (no modular/number-theoretic technique), matching "other".</C3>
    <D1>PASS: d1_exp exceeds 100 chars and contains action verb "attempted".</D1>
    <D2>PASS: d2_exp exceeds 100 chars and contains mathematical terms (coordinate geometry, section formula, intersection).</D2>
    <D3>PASS: ai_direction_summary describes the actual off-topic direction (lattice polytope theory), not just "the AI failed".</D3>
    <D4>PASS: standard_solution_key_technique describes the specific coordinate geometry technique with section formula and linear system.</D4>
    <E1>UNKNOWN — check via script</E1>
  </check_results>
  <issues_found>none</issues_found>
</audit>
```

### AUDIT COMPLETE
DEVIN_CLI_EXITED code=0
```xml
<audit>
  <analysis_result_key>2269921</analysis_result_key>
  <problem_id>oda_math_460k_00004701</problem_id>
  <audit_status>PASS</audit_status>
  <check_results>
    <A1>PASS: dimension1_verdict is CONNECTION_ERROR, a valid enum value and non-empty.</A1>
    <A2>PASS: dimension1_explanation is non-empty and well over 50 characters, describing the off-topic thinking mismatch.</A2>
    <A3>PASS: dimension2_turning_point_type is "other", a valid enum value and non-empty (d2 present though d1=CONNECTION_ERROR allows null).</A3>
    <A4>PASS: dimension2_explanation is non-empty and well over 50 characters, describing the coordinate geometry approach.</A4>
    <A5>PASS: ai_direction_summary is non-empty, describing the off-topic lattice polytope exploration.</A5>
    <A6>PASS: standard_solution_key_technique is non-empty, describing coordinate geometry with the section formula.</A6>
    <B1>PASS: Neither explanation contains XML tag leaks like `</dimension` or `<dimension`.</B1>
    <B2>PASS: Neither explanation contains template placeholder leaks like "1-3 sentences" or "ONE_OF:".</B2>
    <B3>PASS: Both explanations are well over 50 characters in length.</B3>
    <C1>PASS: d1=CONNECTION_ERROR permits d2 to be null; d2 is present with a value, which is acceptable.</C1>
    <C2>PASS: dimension1_explanation describes a wrong/unrelated thinking trace paired with the problem, consistent with CONNECTION_ERROR (data/template mismatch / technical failure).</C2>
    <C3>PASS: dimension2_explanation describes coordinate geometry / analytic computation with no modular arithmetic, consistent with d2=other.</C3>
    <D1>N/A — d1 is CONNECTION_ERROR/TOKEN_LIMIT</D1>
    <D2>N/A — d1 is CONNECTION_ERROR/TOKEN_LIMIT</D2>
    <D3>N/A — d1 is CONNECTION_ERROR/TOKEN_LIMIT</D3>
    <D4>N/A — d1 is CONNECTION_ERROR/TOKEN_LIMIT</D4>
    <E1>UNKNOWN — check via script</E1>
  </check_results>
  <issues_found>none</issues_found>
</audit>
```

### AUDIT COMPLETE
DEVIN_CLI_EXITED code=0
