Looking at this problem, I need to find the maximum value of the largest number written on any arc, given the divisibility condition around a cycle of 1000 arcs.

## Setup

Label the arcs $A_1, A_2, \ldots, A_{1000}$ clockwise, with numbers $(a_i, b_i)$ on arc $A_i$. Define:
- $s_i = a_i + b_i$ (sum on arc $i$)
- $p_i = a_i \cdot b_i$ (product on arc $i$)

The condition states: **the sum on each arc is divisible by the product on the next arc**, i.e., $p_{i+1} \mid s_i$ for all $i$ (indices mod 1000).

## Key Inequality

**Claim:** For any natural numbers $a, b \geq 1$: $ab \geq a + b - 1$.

*Proof:* $ab - a - b + 1 = (a-1)(b-1) \geq 0$. ✓

So for every arc: $p_i \geq s_i - 1$.

## Bounding the Sums

From the divisibility condition: $p_{i+1} \mid s_i$ implies $p_{i+1} \leq s_i$.

Combining with the key inequality applied to arc $i+1$:
$$s_{i+1} - 1 \leq p_{i+1} \leq s_i$$
$$\boxed{s_{i+1} \leq s_i + 1}$$

So **sums can increase by at most 1 per step** around the cycle.

## Upper Bound on the Maximum Number

Let $S = \max_i s_i$ and $s = \min_i s_i$. Traversing the cycle from the arc with minimum sum to the arc with maximum sum takes at most 999 steps (in a cycle of 1000, any two distinct positions are at most 999 apart). Since each step increases the sum by at most 1:
$$S \leq s + 999$$

Since $a_i, b_i \geq 1$, we have $s_i = a_i + b_i \geq 2$, so $s \geq 2$, giving:
$$S \leq 1001$$

Now let $M$ be the largest number written on any arc. On that arc, the other number is at least 1, so the sum is at least $M + 1$, meaning $S \geq M + 1$. Therefore:
$$M \leq S - 1 \leq 1000$$

## Construction Achieving $M = 1000$

On arc $A_i$ (for $i = 1, 2, \ldots, 1000$), write the numbers $(1, i)$.

Then $s_i = i + 1$ and $p_i = i$.

**Verification of the divisibility condition** $p_{i+1} \mid s_i$:

- For $i = 1, \ldots, 999$: $p_{i+1} = i+1$ and $s_i = i+1$, so $(i+1) \mid (i+1)$ ✓
- For $i = 1000$ (wrap-around): $p_1 = 1$ and $s_{1000} = 1001$, so $1 \mid 1001$ ✓

All conditions are satisfied. The largest number written is $1000$.

## Conclusion

The upper bound $M \leq 1000$ follows rigorously from:
1. $p_{i+1} \leq s_i$ (divisibility implies the product is at most the sum)
2. $p_{i+1} \geq s_{i+1} - 1$ (fundamental inequality on products of naturals)
3. These give $s_{i+1} \leq s_i + 1$, bounding the growth of sums around the cycle
4. In 1000 arcs, sums can grow from minimum 2 to at most 1001, so any single number is at most 1000

The construction with arcs $(1,1), (1,2), \ldots, (1,1000)$ achieves this bound.

The greatest possible value of the largest written number is $\boxed{1000}$.

### PROOF COMPLETE
DEVIN_CLI_EXITED code=0
