Looking at this problem, I need to find all possible values of $n$ (points on the lines) given the constraint that each line has exactly 2 points on each side.

## Setup

Three concurrent lines meet at point $O$, creating 6 sectors $S_1, \ldots, S_6$. I classify all depicted points:
- $o \in \{0,1\}$: whether $O$ is depicted (on all three lines)
- $a, b, c$: points on $L_1, L_2, L_3$ only (not at $O$)
- $m$: points on no line

Then $n = a + b + c + o$ and total points $N = a + b + c + o + m$.

## Counting Equations

For each line, points **off** it must total 4 (two per side). Points off $L_1$ are those on $L_2$, $L_3$, or no line: $b + c + m = 4$. Similarly:
$$a + c + m = 4, \quad a + b + m = 4, \quad b + c + m = 4$$

Subtracting pairs gives $a = b = c =: k$. Then $2k + m = 4$, so $m = 4 - 2k$ with $k \in \{0, 1, 2\}$ (since $m \geq 0$).

Thus $n = 3k + o$ where $k \in \{0,1,2\}$ and $o \in \{0,1\}$, giving candidate values $\{0, 1, 3, 4, 6, 7\}$.

## Verifying the 2-2 Split is Achievable

I label the 6 rays of the three lines and the sectors. Each ray of $L_i$ lies on one side of $L_j$ ($j \neq i$); a careful sign analysis shows:

**Case $k = 0$, $m = 4$:** All points off the lines. Setting $s_1 = 2, s_4 = 2$ (all other sectors empty) gives:
- $L_1$: upper $= s_1+s_2+s_3 = 2$, lower $= s_4+s_5+s_6 = 2$ ✓  
- $L_2$: side A $= s_2+s_3+s_4 = 2$, side B $= s_5+s_6+s_1 = 2$ ✓  
- $L_3$: side A $= s_3+s_4+s_5 = 2$, side B $= s_6+s_1+s_2 = 2$ ✓  

So $n = 0$ (with $o=0$) and $n = 1$ (with $o=1$) are both achievable.

**Case $k = 1$, $m = 2$:** Take $s_1 = 1, s_2 = 1$ (rest zero), $a_\pi = 1, b_- = 1, c_{\pi+\beta} = 1$ (one point on each of three rays in the lower half). Verification:
- $L_1$: upper $= 0+0+2 = 2$, lower $= 1+1+0 = 2$ ✓  
- $L_2$: side A $= 1+0+1 = 2$, side B $= 0+1+1 = 2$ ✓  
- $L_3$: side A $= 1+1+0 = 2$, side B $= 0+0+2 = 2$ ✓  

So $n = 3$ and $n = 4$ are achievable.

**Case $k = 2$, $m = 0$:** Place one point on each of the 6 rays ($c_\beta = 1$, giving $a_0=a_\pi=b_+=b_-=c_\beta=c_{\pi+\beta}=1$). Then each line has 4 points off it, with exactly 2 on each side (verified by direct computation). So $n = 6$ and $n = 7$ are achievable.

## Ruling Out Other Values

The formula $n = 3k + o$ with $k \in \{0,1,2\}$, $o \in \{0,1\}$ yields exactly $\{0, 1, 3, 4, 6, 7\}$. The values $n = 2$ and $n = 5$ are impossible since $3k + o$ never equals 2 or 5 for valid $k, o$.

## Conclusion

The possible values of $n$ are $0, 1, 3, 4, 6, 7$, and their sum is:

$$0 + 1 + 3 + 4 + 6 + 7 = \boxed{21}$$

### PROOF COMPLETE
DEVIN_CLI_EXITED code=0
