## Solution

**Key reduction: $x, y, z$ must be positive integers.**

Let $s = x+y+z$, $p = xy+yz+zx$, $q = xyz$. The three conditions give:
- $s \in \mathbb{Z}_{>0}$ (condition 1),
- $q \in \mathbb{Z}_{>0}$ (condition 3),
- $\tfrac{1}{x}+\tfrac{1}{y}+\tfrac{1}{z} = \tfrac{p}{q} \in \mathbb{Z}_{>0}$ (condition 2), so $p = q\cdot m \in \mathbb{Z}$ for some positive integer $m$.

Thus $x,y,z$ are the three positive rational roots of the monic polynomial
$$t^3 - s\,t^2 + p\,t - q = 0,$$
which has **integer coefficients**. By the Rational Root Theorem, every rational root of a monic integer polynomial is an integer (dividing $q$). Hence $x,y,z \in \mathbb{Z}_{>0}$.

**Reduction to Egyptian fractions.** We now need positive integers $x,y,z$ with $\tfrac{1}{x}+\tfrac{1}{y}+\tfrac{1}{z}$ a positive integer. Since $x,y,z \geq 1$, the sum is at most $3$, so the integer value is $1, 2,$ or $3$. Since the reagents Alpha/Beta/Gamma are distinct, we count **ordered** triples.

**Case $m=3$:** $\tfrac{1}{x}+\tfrac{1}{y}+\tfrac{1}{z}=3$ forces $x=y=z=1$.
- $(1,1,1)$: 1 triple, sum $3$.

**Case $m=2$:** WLOG $x\leq y\leq z$. Then $\tfrac{3}{x}\geq 2 \Rightarrow x\leq \tfrac{3}{2}$, so $x=1$. Then $\tfrac{1}{y}+\tfrac{1}{z}=1$, giving $y\leq 2$; $y=2\Rightarrow z=2$ (and $y=1$ is impossible).
- $(1,2,2)$: 3 permutations, each sum $5$, total $15$.

**Case $m=1$:** $\tfrac{1}{x}+\tfrac{1}{y}+\tfrac{1}{z}=1$, $x\leq y\leq z$, $x\leq 3$.
- $x=1$: $\tfrac{1}{y}+\tfrac{1}{z}=0$, impossible.
- $x=2$: $\tfrac{1}{y}+\tfrac{1}{z}=\tfrac{1}{2}$, $y\leq 4$, $y\geq 2$.
  - $y=3 \Rightarrow z=6$: $(2,3,6)$, 6 permutations, each sum $11$, total $66$.
  - $y=4 \Rightarrow z=4$: $(2,4,4)$, 3 permutations, each sum $10$, total $30$.
- $x=3$: $\tfrac{1}{y}+\tfrac{1}{z}=\tfrac{2}{3}$, $y\geq 3$ and $\tfrac{2}{y}\geq\tfrac{2}{3}\Rightarrow y\leq 3$, so $y=3\Rightarrow z=3$: $(3,3,3)$, 1 triple, sum $9$.

**Total:**
$$\underbrace{1\cdot 3}_{(1,1,1)} + \underbrace{3\cdot 5}_{(1,2,2)} + \underbrace{6\cdot 11}_{(2,3,6)} + \underbrace{3\cdot 10}_{(2,4,4)} + \underbrace{1\cdot 9}_{(3,3,3)} = 3 + 15 + 66 + 30 + 9 = \boxed{123}.$$

### PROOF COMPLETE
DEVIN_CLI_EXITED code=0
