```xml
<audit>
  <analysis_result_key>2291045</analysis_result_key>
  <problem_id>polymath_04462</problem_id>
  <audit_status>PASS</audit_status>
  <check_results>
    <A1>PASS: dimension1_verdict is TOKEN_LIMIT, a valid value in the allowed set.</A1>
    <A2>PASS: dimension1_explanation is non-empty and well over 50 characters, describing the AI's graph-theoretic approach and token exhaustion.</A2>
    <A3>PASS: dimension2_turning_point_type is "other", which is in the allowed list; d2 has a value as required for TOKEN_LIMIT.</A3>
    <A4>PASS: dimension2_explanation is non-empty and well over 50 characters, describing the balanced bipartition formula.</A4>
    <A5>PASS: ai_direction_summary is non-empty and describes the graph-theoretic direction the AI took.</A5>
    <A6>PASS: standard_solution_key_technique is non-empty and describes the c³/8 - c²/4 formula technique.</A6>
    <B1>PASS: Neither explanation contains XML tag leaks like </dimension or <dimension.</B1>
    <B2>PASS: Neither explanation contains template placeholder leaks like "1-3 sentences" or "ONE_OF:".</B2>
    <B3>PASS: Both dimension1_explanation and dimension2_explanation are far longer than 50 characters.</B3>
    <C1>PASS: d1=TOKEN_LIMIT requires d2 to have a value, and dimension2_turning_point_type="other" is present.</C1>
    <C2>PASS: dimension1_explanation describes the AI running out of tokens while attempting to prove the maximum, which matches the TOKEN_LIMIT verdict.</C2>
    <C3>PASS: dimension2_turning_point_type="other" is consistent with dimension2_explanation describing a balanced bipartition optimization rather than modular arithmetic or finite field methods.</C3>
    <D1>N/A — d1 is CONNECTION_ERROR/TOKEN_LIMIT</D1>
    <D2>N/A — d1 is CONNECTION_ERROR/TOKEN_LIMIT</D2>
    <D3>N/A — d1 is CONNECTION_ERROR/TOKEN_LIMIT</D3>
    <D4>N/A — d1 is CONNECTION_ERROR/TOKEN_LIMIT</D4>
    <E1>UNKNOWN — check via script</E1>
  </check_results>
  <issues_found>none</issues_found>
</audit>
```

### AUDIT COMPLETE
DEVIN_CLI_EXITED code=0
