Looking at this problem, I need to find all primes $p < 1000$ for which positive integers $a,b,c$ exist satisfying the four divisibility conditions.

## Proof

Let $s_k = a^k + b^k + c^k$. The conditions are $s_1 \equiv s_2 \equiv s_3 \equiv -1 \pmod{p}$ and $s_4 \equiv -7459 \pmod{p}$.

**Case 1: $p \neq 2, 3$.** Apply Newton's identities. Let $e_1, e_2, e_3$ be the elementary symmetric polynomials of $a, b, c$.

- $e_1 = s_1 \equiv -1$
- $e_2 = \frac{s_1^2 - s_2}{2} = \frac{1-(-1)}{2} = 1$
- $e_3 = \frac{s_3 - e_1 s_2 + e_2 s_1}{3} = \frac{-1 - 1 - 1}{3} = -1$

Then $s_4 = e_1 s_3 - e_2 s_2 + e_3 s_1 = (-1)(-1) - (1)(-1) + (-1)(-1) = 1 + 1 + 1 = 3 \pmod{p}$.

So $-7459 \equiv 3 \pmod{p}$, giving $p \mid 7462$. Factoring: $7462 = 2 \times 3731 = 2 \times 7 \times 13 \times 41$.

The primes $> 3$ dividing 7462 are $7, 13, 41$.

**Existence check via the characteristic polynomial.** The values $a, b, c \pmod{p}$ must be roots of:
$$t^3 - e_1 t^2 + e_2 t - e_3 \equiv t^3 + t^2 + t + 1 = (t+1)(t^2+1) \pmod{p}.$$

- **$p = 7$:** $7 \equiv 3 \pmod{4}$, so $-1$ is not a quadratic residue (QRs mod 7 are $\{1,2,4\}$). The only root is $t \equiv -1$, forcing $a \equiv b \equiv c \equiv -1 \pmod{7}$, giving $e_1 \equiv -3 \equiv 4 \not\equiv -1 \pmod{7}$. **No solution.**

- **$p = 13$:** $13 \equiv 1 \pmod{4}$, so $-1$ is a QR: $5^2 = 25 \equiv -1 \pmod{13}$. Roots are $-1, 5, -5 \equiv 12, 5, 8$. Taking $a=12, b=5, c=8$: $e_1 = 25 \equiv 12$, $e_2 = 196 \equiv 1$, $e_3 = 480 \equiv 12 \equiv -1 \pmod{13}$. **Solution exists.**

- **$p = 41$:** $41 \equiv 1 \pmod{4}$, $9^2 = 81 \equiv -1 \pmod{41}$. Roots are $-1, 9, -9 \equiv 40, 9, 32$. Taking $a=40, b=9, c=32$: $e_1 = 81 \equiv 40$, $e_2 = 1928 \equiv 1$, $e_3 = 11520 \equiv 40 \equiv -1 \pmod{41}$. **Solution exists.**

**Case 2: $p = 2$.** Since $a^k \equiv a \pmod{2}$ for all $k \geq 1$, all four conditions reduce to $a+b+c+1 \equiv 0 \pmod{2}$. Also $7459$ is odd, so $a^4+b^4+c^4+7459 \equiv a+b+c+1 \equiv 0$. Taking $a=b=c=1$: $s_k + (\text{constant}) = 3+1=4$ (even) and $3+7459=7462$ (even). **Solution exists.**

**Case 3: $p = 3$.** By Fermat, $a^3 \equiv a$ and $a^4 \equiv a^2 \pmod{3}$, so $s_3 \equiv s_1$ and $s_4 \equiv s_2$ automatically. We need $s_1 \equiv 2$ and $s_2 \equiv 2 \pmod{3}$. Taking $a=1, b=1, c=3$: $s_1 = 5 \equiv 2$, $s_2 = 11 \equiv 2 \pmod{3}$. **Solution exists.**

**Summary.** The valid primes $p < 1000$ are $2, 3, 13, 41$ (with $7$ excluded). Their sum is:
$$2 + 3 + 13 + 41 = \boxed{59}$$

### PROOF COMPLETE
DEVIN_CLI_EXITED code=0
