Error: Agent error: Permission denied: Permission denied: Reached overall message rate limit. Please try again later. Your limit will reset in 13 minutes. (trace ID: e312bc7dd740ce2d518fafc173b0a0b6): {
  "cognition.ai/errorKind": "internal",
  "cognition.ai/retryable": true
}
DEVIN_CLI_EXITED code=1
Error: Agent error: Permission denied: Permission denied: Reached overall message rate limit. Please try again later. Your limit will reset in 20 minutes. (trace ID: ebb59d1e266c02b5ee9035469fe72c37): {
  "cognition.ai/errorKind": "internal",
  "cognition.ai/retryable": true
}
DEVIN_CLI_EXITED code=1
```xml
<audit>
  <analysis_result_key>2271953</analysis_result_key>
  <problem_id>oda_math_460k_00055667</problem_id>
  <audit_status>PASS_SELECTABLE</audit_status>
  <check_results>
    <A1>PASS: dimension1_verdict is "DIRECTION_ERROR", a valid value in the allowed set.</A1>
    <A2>PASS: dimension1_explanation is non-empty and well over 50 characters.</A2>
    <A3>PASS: dimension2_turning_point_type is "other", valid since d1=DIRECTION_ERROR requires a d2 value and "other" is in the allowed list.</A3>
    <A4>PASS: dimension2_explanation is non-empty and well over 50 characters.</A4>
    <A5>PASS: ai_direction_summary is non-empty and describes the AI's actual direction.</A5>
    <A6>PASS: standard_solution_key_technique is non-empty and describes the specific technique.</A6>
    <B1>PASS: No XML tag leaks found in either explanation.</B1>
    <B2>PASS: No template placeholder leaks found in either explanation.</B2>
    <B3>PASS: Both explanations are well over 50 characters.</B3>
    <C1>PASS: d1=DIRECTION_ERROR and d2 has a value ("other"), satisfying the consistency requirement.</C1>
    <C2>PASS: d1_exp describes the AI going in a wrong direction (attempting a completely different problem), matching the DIRECTION_ERROR label.</C2>
    <C3>PASS: d2_exp describes a functional-equation substitution technique and explicitly states it does not fit modular/number-theoretic categories, matching the "other" label.</C3>
    <D1>PASS: d1_exp is over 100 characters and contains action verb "used" (and "explores"/"attempts" as variants).</D1>
    <D2>PASS: d2_exp is over 100 characters and contains mathematical terms (functional-equation, substitution, quadratic, f(1/2)).</D2>
    <D3>PASS: ai_direction_summary describes the specific direction the AI took (symmetric polynomials, cyclic convolution, group rings, DFT decompositions).</D3>
    <D4>PASS: standard_solution_key_technique describes the specific technique (iterative substitution constructing a self-referential quadratic equation).</D4>
    <E1>UNKNOWN — check via script</E1>
  </check_results>
  <issues_found>none</issues_found>
</audit>
```

### AUDIT COMPLETE
DEVIN_CLI_EXITED code=0
