**Answer Leak Self-Check:** I reviewed the problem text. It contains no leaked answers, solution sketches, or formalization notes — only the problem statement and a hint that the unit-disk first eigenvalue is "known." Proceeding to solve.

---

## Proof

We consider the Dirichlet eigenvalue problem on the half-plane $\Omega = \mathbb{R}_+^2 = \{(x,y) : y > 0\}$:

$$-\Delta u = \lambda u \quad \text{in } \Omega, \qquad u = 0 \quad \text{on } \partial\Omega.$$

The **first eigenvalue** (bottom of the spectrum) is defined variationally as

$$\lambda_1(\Omega) = \inf_{\substack{u \in H_0^1(\Omega) \\ u \neq 0}} \frac{\displaystyle\int_\Omega |\nabla u|^2\,dx\,dy}{\displaystyle\int_\Omega u^2\,dx\,dy}.$$

We prove that $\lambda_1(\mathbb{R}_+^2) = 0$.

### Step 1: Lower bound $\lambda_1 \geq 0$

Since $|\nabla u|^2 \geq 0$ pointwise, the Rayleigh quotient is non-negative for every admissible $u$:

$$\frac{\int_\Omega |\nabla u|^2}{\int_\Omega u^2} \geq 0.$$

Taking the infimum yields $\lambda_1(\Omega) \geq 0$.

### Step 2: Upper bound via domain monotonicity

**Domain monotonicity principle.** If $\Omega_1 \subseteq \Omega_2$ are open sets, then every $H_0^1(\Omega_1)$ function extends by zero to an $H_0^1(\Omega_2)$ function with the same Dirichlet energy and $L^2$-norm. Hence the infimum of the Rayleigh quotient over the larger domain is no larger:

$$\Omega_1 \subseteq \Omega_2 \implies \lambda_1(\Omega_1) \geq \lambda_1(\Omega_2).$$

**The half-plane contains disks of arbitrary radius.** For any $R > 0$, the disk $B_R = \{(x,y) : x^2 + (y - R)^2 < R^2\}$ of radius $R$ centered at $(0, R)$ lies entirely in $\mathbb{R}_+^2$ (its lowest point touches $y = 0$). By domain monotonicity,

$$\lambda_1(\mathbb{R}_+^2) \leq \lambda_1(B_R).$$

**Scaling relation for the disk.** The first Dirichlet eigenvalue of the unit disk $B_1$ is the known constant

$$\lambda_1(B_1) = j_{0,1}^2,$$

where $j_{0,1} \approx 2.4048$ is the first positive zero of the Bessel function $J_0$. By the scaling property of the Laplacian — under the dilation $x \mapsto Rx$, the eigenvalue scales as $\lambda \mapsto \lambda/R^2$ — a disk of radius $R$ has

$$\lambda_1(B_R) = \frac{j_{0,1}^2}{R^2}.$$

**Taking $R \to \infty$.** Combining,

$$\lambda_1(\mathbb{R}_+^2) \leq \frac{j_{0,1}^2}{R^2} \quad \text{for every } R > 0.$$

Letting $R \to \infty$, the right-hand side tends to $0$, so

$$\lambda_1(\mathbb{R}_+^2) \leq 0.$$

### Step 3: Conclusion

From Steps 1 and 2:

$$0 \leq \lambda_1(\mathbb{R}_+^2) \leq 0,$$

therefore

$$\boxed{\lambda_1(\mathbb{R}_+^2) = 0.}$$

**Remark.** The value $0$ is the bottom of the **continuous spectrum** of the Dirichlet Laplacian on the half-plane; it is not an $L^2$-eigenvalue (there is no nonzero $L^2$ eigenfunction attaining $\lambda = 0$). The essential point is that the half-plane is unbounded and contains arbitrarily large bounded subdomains, so domain monotonicity forces the first eigenvalue down to zero.

### PROOF COMPLETE
DEVIN_CLI_EXITED code=0
