## Proof

**Claim.** No diffeomorphism exists between $\mathbb{R}^n$ and $\mathbb{R}^m$ when $n \neq m$.

A diffeomorphism is, in particular, a homeomorphism. It therefore suffices to prove the stronger statement:

> **No homeomorphism exists between $\mathbb{R}^n$ and $\mathbb{R}^m$ when $n \neq m$.**

We argue by contradiction. Suppose $f \colon \mathbb{R}^n \to \mathbb{R}^m$ is a homeomorphism. Pick a point $p \in \mathbb{R}^n$ and let $q = f(p) \in \mathbb{R}^m$. Restricting $f$ gives a homeomorphism

$$
\mathbb{R}^n \setminus \{p\} \;\cong\; \mathbb{R}^m \setminus \{q\}.
$$

Hence the two punctured spaces must have the same homotopy type and, in particular, the same singular homology groups.

Recall that punctured Euclidean space deformation-retracts onto a sphere:

$$
\mathbb{R}^k \setminus \{\text{pt}\} \;\simeq\; S^{k-1}.
$$

So the question reduces to comparing $S^{n-1}$ and $S^{m-1}$. We distinguish three cases.

---

**Case 1: $n = 1$, $m \ge 2$.** Then

$$
\mathbb{R}^1 \setminus \{p\} \simeq S^0,
$$

which consists of **two** points, so $H_0(S^0) \cong \mathbb{Z} \oplus \mathbb{Z}$ (two path components). On the other hand,

$$
\mathbb{R}^m \setminus \{q\} \simeq S^{m-1}, \qquad m-1 \ge 1,
$$

and $S^{m-1}$ is **connected**, so $H_0(S^{m-1}) \cong \mathbb{Z}$. Since $\mathbb{Z} \oplus \mathbb{Z} \not\cong \mathbb{Z}$, the punctured spaces are not homotopy-equivalent — contradiction.

**Case 2: $n \ge 2$, $m = 1$.** Symmetric to Case 1 (swap roles); again the number of path components differs — contradiction.

**Case 3: $n, m \ge 2$ with $n \neq m$.** Both punctured spaces are connected, so $H_0$ does not distinguish them. Instead, look at $H_{n-1}$. We have

$$
H_{n-1}\!\bigl(\mathbb{R}^n \setminus \{p\}\bigr) \cong H_{n-1}(S^{n-1}) \cong \mathbb{Z},
$$

since $S^{n-1}$ carries its fundamental class in degree $n-1 \ge 1$. But

$$
H_{n-1}\!\bigl(\mathbb{R}^m \setminus \{q\}\bigr) \cong H_{n-1}(S^{m-1}).
$$

Because $n \neq m$, we have $n-1 \neq m-1$, and $n-1 \ge 1$. The only nonzero reduced homology of $S^{m-1}$ is in degree $m-1$; in every other positive degree the homology vanishes. Since $n-1 \neq m-1$ and $n-1 \ge 1$,

$$
H_{n-1}(S^{m-1}) = 0.
$$

Thus $H_{n-1}$ of the two punctured spaces are $\mathbb{Z}$ and $0$ respectively — not isomorphic. Contradiction.

---

In every case with $n \neq m$, removing a single point produces spaces with different homology, so the punctured spaces cannot be homeomorphic, and therefore $\mathbb{R}^n$ and $\mathbb{R}^m$ themselves cannot be homeomorphic.

Since every diffeomorphism is a homeomorphism, **no diffeomorphism can exist between $\mathbb{R}^n$ and $\mathbb{R}^m$ when $n \neq m$.** $\blacksquare$

### PROOF COMPLETE
DEVIN_CLI_EXITED code=0
