Error: Agent error: Permission denied: Permission denied: Reached overall message rate limit. Please try again later. Your limit will reset in 46 minutes. (trace ID: c72628ab4e7b6a89b13b900a8cb89db4): {
  "cognition.ai/errorKind": "internal",
  "cognition.ai/retryable": true
}
DEVIN_CLI_EXITED code=1
Error: Agent error: Permission denied: Permission denied: Reached overall message rate limit. Please try again later. Your limit will reset in 40 minutes. (trace ID: a1faf2ae8470b616275cd470e8582e72): {
  "cognition.ai/errorKind": "internal",
  "cognition.ai/retryable": true
}
DEVIN_CLI_EXITED code=1
Error: Agent error: Permission denied: Permission denied: Reached overall message rate limit. Please try again later. Your limit will reset in 34 minutes. (trace ID: 6900299c39a55fca7c8b194657497062): {
  "cognition.ai/errorKind": "internal",
  "cognition.ai/retryable": true
}
DEVIN_CLI_EXITED code=1
Error: Agent error: Permission denied: Permission denied: Reached overall message rate limit. Please try again later. Your limit will reset in 30 minutes. (trace ID: f3f8ff3cb2620eef9ea95b4b95400c37): {
  "cognition.ai/errorKind": "internal",
  "cognition.ai/retryable": true
}
DEVIN_CLI_EXITED code=1
Error: Agent error: Permission denied: Permission denied: Reached overall message rate limit. Please try again later. Your limit will reset in 24 minutes. (trace ID: 942eab80f65e71983399b864d53377ac): {
  "cognition.ai/errorKind": "internal",
  "cognition.ai/retryable": true
}
DEVIN_CLI_EXITED code=1
Error: Agent error: Permission denied: Permission denied: Reached overall message rate limit. Please try again later. Your limit will reset in 18 minutes. (trace ID: 9512de8bd44c9619371b924555fe79d3): {
  "cognition.ai/errorKind": "internal",
  "cognition.ai/retryable": true
}
DEVIN_CLI_EXITED code=1
Error: Agent error: Permission denied: Permission denied: Reached overall message rate limit. Please try again later. Your limit will reset in 14 minutes. (trace ID: d7e14fb2a6d352df9621df8fe0ba8736): {
  "cognition.ai/errorKind": "internal",
  "cognition.ai/retryable": true
}
DEVIN_CLI_EXITED code=1
Error: Agent error: Permission denied: Permission denied: Reached overall message rate limit. Please try again later. Your limit will reset in 8 minutes. (trace ID: 5b9ee18d4bf8d14264797453f00446ca): {
  "cognition.ai/errorKind": "internal",
  "cognition.ai/retryable": true
}
DEVIN_CLI_EXITED code=1
Error: Agent error: Permission denied: Permission denied: Reached overall message rate limit. Please try again later. Your limit will reset in 2 minutes. (trace ID: b08467444aecd4c4ab42df4132eaf562): {
  "cognition.ai/errorKind": "internal",
  "cognition.ai/retryable": true
}
DEVIN_CLI_EXITED code=1
基于我对 `AGENTS.md` 的阅读，我现在理解了分析任务。AI 的思考内容非常丰富（约 2300 行），并遵循了一条清晰的数学路径。让我来提供分析结果。

AI 的关键观察结果：
1. 正确识别出 $F(n,2) \equiv \det(A_n) \pmod{2}$（permanent mod 2 = determinant mod 2）
2. 计算了小案例：$n=1$ 为奇数，$n=2,3,4$ 为偶数，$n=5,6$ 为奇数，$n=7,8$ 为偶数——已经符合 $n \equiv 0,1 \pmod 5$ 的模式
3. 在 $\mathbb{F}_2$ 上进行了行归约化，得到了一个稀疏矩阵 $M$
4. **发现了关键的 mod 5 结构**：行 $j$ 连接到列 $j-3$ 和 $j+2$，两者具有相同的 residue mod 5（因为 $(j-3) \equiv (j+2) \pmod 5$）。这给出了一个 residue-class 分解——这正是标准解法中 $2k+1=5$ 条件的结构。
5. 分析了来自边界的级联结构，**成功证明**了对于 $n \equiv 0$ 和 $n \equiv 1 \pmod 5$ 的情况，行列式为 1（奇数）
6. **在分析 $n \equiv 2 \pmod 5$ 的情况时（此时级联发生交互），思考在末尾中断了**

AI 独立发现了与标准解法中 $2k+1 = 5$ 相同的 mod 5 结构，但通过线性代数从第一性原理出发进行了证明。当 token 耗尽时，它正系统地处理剩余情况（$n \equiv 2, 3, 4 \pmod 5$）。

```xml
<analysis>
  <problem_id>polymath_00976</problem_id>
  <dimension1_verdict>TOKEN_LIMIT</dimension1_verdict>
  <dimension1_explanation>The AI's thinking was going in exactly the right direction — it independently discovered the mod 5 structure (equivalent to the standard solution's 2k+1=5 condition) via the permanent≡determinant (mod 2) connection and residue-class decomposition of the bipartite graph. It had already rigorously verified the result for n≡0 and n≡1 (mod 5) and was systematically working through the remaining cases (n≡2,3,4 mod 5, where left and right cascades interact) when the thinking was cut off mid-analysis at the n≡2 case.</dimension1_explanation>
  <dimension2_turning_point_type>mod_p_non_obvious</dimension2_turning_point_type>
  <dimension2_explanation>The standard solution hinges on the theorem that F(n,k) is odd iff n≡0 or 1 (mod 2k+1); for k=2 the modulus is 5, which is not obvious from the problem statement and must be discovered through structural analysis of the banded matrix/permanent. The AI independently rediscovered this same mod-5 structure by observing that row j connects to columns j-3 and j+2, both having the same residue mod 5, yielding a decomposition into 5 independent residue classes.</dimension2_turning_point_type>
  <dimension2_explanation>The key turning point is recognizing that the parity of F(n,2) depends on n mod 5, where 5 = 2k+1 is a non-obvious modulus derived from the bandwidth of the permutation constraint. The standard solution applies this theorem directly; the AI derived the same mod-5 grouping from first principles via linear algebra over F_2.</dimension2_explanation>
  <ai_direction_summary>The AI reduced the problem to computing det(A_n) mod 2 for a pentadiagonal matrix, performed row reduction over F_2 to obtain a sparse bipartite matching problem, and discovered the key mod-5 residue-class decomposition that governs the parity, systematically verifying each case of n mod 5.</ai_direction_summary>
  <standard_solution_key_technique>The standard solution uses the theorem that F(n,k) is odd iff n ≡ 0 or 1 (mod 2k+1), a non-obvious modular condition with modulus 2k+1=5, then counts qualifying n in {1,...,200}.</standard_solution_key_technique>
  <confidence>high</confidence>
</analysis>
```

### 分析完成
DEVIN_CLI_EXITED code=0
