## Answer Leak Check

The problem statement contains no leaked answers, solutions, or hints. Proceeding to solve.

## Proof

Let $F = \langle a, b \rangle$ be the free group on two generators, and let $N$ be the normal closure of $\{ab,\, ab^{-1}\}$ in $F$. The quotient $F/N$ has the presentation

$$F/N \cong \langle a, b \mid ab = 1,\; ab^{-1} = 1 \rangle.$$

**Step 1: Derive relations among the generators.**

From $ab = 1$, we obtain $b = a^{-1}$.

From $ab^{-1} = 1$, we obtain $b^{-1} = a^{-1}$, hence $b = a$.

**Step 2: Combine the two relations.**

Since $b = a^{-1}$ and $b = a$, we get $a = a^{-1}$, i.e.,

$$a^2 = 1.$$

Moreover, $b = a$, so $b$ is identified with $a$. Thus every word in $a, b$ reduces to a power of $a$, and since $a^2 = 1$, every element is either $1$ or $a$.

**Step 3: Identify the quotient.**

The quotient collapses to

$$F/N \cong \langle a \mid a^2 = 1 \rangle \cong \mathbb{Z}/2\mathbb{Z},$$

which has exactly $2$ elements: $\{1, a\}$.

**Step 4: Verify the relations are consistent.**

Check both defining relators in $\mathbb{Z}/2\mathbb{Z}$ with $a \mapsto \bar{1}$, $b \mapsto \bar{1}$:
- $ab \mapsto \bar{1}+\bar{1} = \bar{0} = 1$. ✓
- $ab^{-1} \mapsto \bar{1} + (-\bar{1}) = \bar{0} = 1$. ✓

Both relations hold, confirming $\mathbb{Z}/2\mathbb{Z}$ is a valid quotient. Since the presentation forces $a^2=1$ and $b=a$, no larger quotient is possible, so $F/N \cong \mathbb{Z}/2\mathbb{Z}$.

**Conclusion.**

The index of $N$ in $F$ equals the order of $F/N$:

$$[F : N] = |F/N| = 2.$$

### PROOF COMPLETE
DEVIN_CLI_EXITED code=0
