```xml
<audit>
  <analysis_result_key>2273284</analysis_result_key>
  <problem_id>polymath_01066</problem_id>
  <audit_status>PASS_NOT_SELECTABLE</audit_status>
  <check_results>
    <A1>PASS: dimension1_verdict is PARTIAL_PROGRESS, which is one of the valid values.</A1>
    <A2>PASS: dimension1_explanation is non-empty and well over 50 characters.</A2>
    <A3>PASS: dimension2_turning_point_type is "other", which is one of the valid allowed values.</A3>
    <A4>PASS: dimension2_explanation is non-empty and well over 50 characters.</A4>
    <A5>PASS: ai_direction_summary is non-empty.</A5>
    <A6>PASS: standard_solution_key_technique is non-empty.</A6>
    <B1>PASS: No XML tag leaks found in dimension1_explanation or dimension2_explanation.</B1>
    <B2>PASS: No template placeholder leaks found in either explanation.</B2>
    <B3>PASS: Both explanations are well over 50 characters.</B3>
    <C1>PASS: d1=PARTIAL_PROGRESS, and d2 has a value, which is consistent.</C1>
    <C2>PASS: d1_exp describes partial progress (correct insight found but missed the projective turning point), matching the PARTIAL_PROGRESS label.</C2>
    <C3>PASS: d2_exp describes projective geometry of conics (Newton's Theorem, polar theory), which is not one of the enumerated mod-p/CRT techniques, so "other" is the correct label.</C3>
    <D1>PASS: d1_exp is over 100 characters and contains action verbs "identified", "missed", "attempted".</D1>
    <D2>PASS: d2_exp is over 100 characters and contains mathematical terms (Newton's Theorem, polar theory, homothety, hyperbola).</D2>
    <D3>PASS: ai_direction_summary describes the specific coordinate-geometry brute-force direction the AI took, not just "the AI failed".</D3>
    <D4>PASS: standard_solution_key_technique describes the specific technique (Newton's Theorem, pole-polar duality, reflection-symmetry, homothety), not a generic statement.</D4>
    <E1>UNKNOWN — check via script</E1>
  </check_results>
  <issues_found>none</issues_found>
</audit>
```

### AUDIT COMPLETE
DEVIN_CLI_EXITED code=0
