Looking at this problem, I need to determine the dimension of the moduli space of complex structures on ℝ⁴ that agree with the standard complex structure (of ℂ²) outside a compact set, modulo diffeomorphisms that are the identity at infinity.

## Proof

**Setup.** Let $J_0$ denote the standard complex structure on $\mathbb{R}^4 \cong \mathbb{C}^2$. The moduli space $\mathcal{M}$ consists of integrable almost complex structures $J$ on $\mathbb{R}^4$ with $J = J_0$ outside a compact set, modulo diffeomorphisms $\phi$ with $\phi = \mathrm{id}$ outside a compact set.

**Step 1: Identify the tangent space via Kodaira–Spencer theory.**

The formal tangent space to $\mathcal{M}$ at the point $[J_0]$ is the first cohomology of the Kodaira–Spencer deformation complex. The condition "$J = J_0$ at infinity" translates at the infinitesimal level to **compactly supported** deformations. Thus the tangent space is:

$$T_{[J_0]}\mathcal{M} \cong H^1_c(\mathbb{C}^2, \Theta)$$

where $\Theta$ is the holomorphic tangent sheaf of $\mathbb{C}^2$, and $H^1_c$ denotes cohomology with compact support (i.e., the cohomology of the complex of compactly supported smooth sections):

$$0 \to \Gamma_c(\Theta) \xrightarrow{\bar\partial} \Gamma_c(\Omega^{0,1}(T^{1,0})) \xrightarrow{\bar\partial} \Gamma_c(\Omega^{0,2}(T^{1,0})) \to 0.$$

**Step 2: Compute $H^1_c(\mathbb{C}^2, \Theta)$ via Serre duality.**

For a non-compact complex manifold $X$ of complex dimension $n$, Serre duality gives:

$$H^q_c(X, \mathcal{F}) \cong H^{n-q}(X, \mathcal{F}^* \otimes K_X)^*.$$

With $X = \mathbb{C}^2$, $n = 2$, $\mathcal{F} = \Theta$:

$$H^1_c(\mathbb{C}^2, \Theta) \cong H^{1}(\mathbb{C}^2, \Theta^* \otimes K_{\mathbb{C}^2})^*.$$

**Step 3: Simplify using the trivial canonical bundle.**

The canonical bundle of $\mathbb{C}^2$ is trivial: $K_{\mathbb{C}^2} \cong \mathcal{O}_{\mathbb{C}^2}$. Moreover, $\Theta^* \cong \Omega^1_{\mathbb{C}^2}$ (the holomorphic cotangent sheaf). Therefore:

$$H^1_c(\mathbb{C}^2, \Theta) \cong H^1(\mathbb{C}^2, \Omega^1_{\mathbb{C}^2})^*.$$

**Step 4: Apply Cartan's Theorem B.**

$\mathbb{C}^2$ is a Stein manifold, and $\Omega^1_{\mathbb{C}^2}$ is a coherent analytic sheaf. By Cartan's Theorem B:

$$H^q(\mathbb{C}^2, \mathcal{F}) = 0 \quad \text{for all } q \geq 1 \text{ and all coherent sheaves } \mathcal{F}.$$

In particular, $H^1(\mathbb{C}^2, \Omega^1_{\mathbb{C}^2}) = 0$.

**Step 5: Conclude.**

Therefore:

$$H^1_c(\mathbb{C}^2, \Theta) = 0.$$

The same argument with $q = 2$ shows the obstruction space $H^2_c(\mathbb{C}^2, \Theta) = 0$ as well, so the moduli space is formally smooth at $[J_0]$ with tangent space $\{0\}$.

A smooth moduli space with zero tangent space is **0-dimensional** (a discrete set of points). Since the standard structure $[J_0]$ is one such point, the moduli space is non-empty and discrete.

**Conclusion.** The moduli space of complex structures on $\mathbb{R}^4$ with the standard complex structure at infinity is discrete, hence:

$$\boxed{\dim \mathcal{M} = 0}$$

### PROOF COMPLETE
DEVIN_CLI_EXITED code=0
