Looking at this problem, I need to find the least positive integer $k$ for which there exists a $k$-clique with more than 200 elements in the integer lattice $\mathbb{Z}^2$.

## Analysis of the $k$-friend condition

**Lemma 1.** Two distinct points $A = (a_1, a_2)$ and $B = (b_1, b_2)$ in $S$ are $k$-friends if and only if $\gcd(b_1 - a_1,\, b_2 - a_2) \mid 2k$.

*Proof.* The area of triangle $ABC$ is $\frac{1}{2}|(b_1-a_1)(c_2-a_2) - (b_2-a_2)(c_1-a_1)|$. Setting $d_1 = b_1 - a_1$, $d_2 = b_2 - a_2$, as $C$ ranges over $\mathbb{Z}^2$, the quantity $d_1 m - d_2 n$ (with $m, n \in \mathbb{Z}$) ranges over all multiples of $g = \gcd(d_1, d_2)$ (by Bézout's identity). So twice the area can be any positive multiple of $g$, and area $= k$ is achievable iff $2k$ is a multiple of $g$, i.e., $g \mid 2k$. $\square$

Set $N = 2k$. A $k$-clique $T$ requires: for all distinct $A, B \in T$, $\gcd(B - A) \mid N$.

## Upper bound: necessary conditions on $N$

**Lemma 2.** If $T$ is a $k$-clique (with $N = 2k$), then for every prime $p$ with $v_p(N) = a$:
$$|T| \le p^{2(a+1)}.$$
For primes $p \nmid N$ (where $a = 0$): $|T| \le p^2$.

*Proof.* For distinct $A, B \in T$, $\gcd(B-A) \mid N$ means $v_p(\gcd(B-A)) \le a$ for every prime $p$. This means $p^{a+1} \nmid \gcd(B-A)$, i.e., $A$ and $B$ do **not** agree in both coordinates modulo $p^{a+1}$. Therefore the reduction map $T \to (\mathbb{Z}/p^{a+1}\mathbb{Z})^2$ is **injective**, giving $|T| \le (p^{a+1})^2 = p^{2(a+1)}$. For $p \nmid N$, $a = 0$, so $|T| \le p^2$. $\square$

**Applying Lemma 2 for $|T| > 200$:**

For each prime $p$, we need $p^{2(v_p(N)+1)} > 200$ (if $p \mid N$) or $p^2 > 200$ (if $p \nmid N$):

| Prime $p$ | $p^2$ | Required $v_p(N) = a$ with $p^{2(a+1)} > 200$ | Minimum $a$ |
|---|---|---|---|
| 2 | 4 | $2^{2(a+1)} > 200$: $2^6=64<200$, $2^8=256>200$ | $a \ge 3$ |
| 3 | 9 | $3^{2(a+1)} > 200$: $3^4=81<200$, $3^6=729>200$ | $a \ge 2$ |
| 5 | 25 | $5^4=625>200$ | $a \ge 1$ |
| 7 | 49 | $7^4=2401>200$ | $a \ge 1$ |
| 11 | 121 | $11^4 > 200$ | $a \ge 1$ |
| 13 | 169 | $13^4 > 200$ | $a \ge 1$ |
| 17 | 289 | $289 > 200$ ✓ | $a \ge 0$ (no requirement) |
| $\ge 17$ | $\ge 289$ | $> 200$ ✓ | no requirement |

Since $p^2 \le 200$ for $p \in \{2, 3, 5, 7, 11, 13\}$, each of these primes **must** divide $N$, with the minimum valuations $v_2(N) \ge 3$, $v_3(N) \ge 2$, $v_5(N) \ge 1$, $v_7(N) \ge 1$, $v_{11}(N) \ge 1$, $v_{13}(N) \ge 1$.

Therefore:
$$N \ge 2^3 \cdot 3^2 \cdot 5 \cdot 7 \cdot 11 \cdot 13 = 360360,$$
and since $N = 2k$:
$$k \ge \frac{360360}{2} = 180180.$$

## Lower bound: construction achieving $k = 180180$

**Construction.** Take $N = 360360 = \operatorname{lcm}(1, 2, \ldots, 14)$ and the grid:
$$T = \{(i, j) \in \mathbb{Z}^2 : 0 \le i \le 14,\; 0 \le j \le 14\}.$$
This gives $|T| = 15^2 = 225 > 200$.

**Verification.** For any two distinct points $(i_1, j_1), (i_2, j_2) \in T$, let $d_1 = |i_1 - i_2|$ and $d_2 = |j_1 - j_2|$. Then:
$$\gcd(d_1, d_2) \mid d_1 \quad \text{and} \quad d_1 \le 14.$$
Since $\gcd(d_1, d_2)$ is a positive integer at most 14, and $N = \operatorname{lcm}(1, 2, \ldots, 14)$ is divisible by every integer from 1 to 14, we have $\gcd(d_1, d_2) \mid N$. By Lemma 1, every pair in $T$ is $k$-friends with $k = N/2 = 180180$.

## Conclusion

The necessary conditions force $N = 2k \ge 360360$, hence $k \ge 180180$. The grid construction with $N = 360360$ achieves a $k$-clique of size 225 > 200. Therefore the least positive integer $k$ is:

$$\boxed{180180}$$

### PROOF COMPLETE
DEVIN_CLI_EXITED code=0
