Error: Agent error: Permission denied: Permission denied: Reached overall message rate limit. Please try again later. Your limit will reset in 49 minutes. (trace ID: 8fe000bd2517f5d8fbd1ba3c804c58d2): {
  "cognition.ai/errorKind": "internal",
  "cognition.ai/retryable": true
}
DEVIN_CLI_EXITED code=1
Error: Agent error: Permission denied: Permission denied: Reached overall message rate limit. Please try again later. Your limit will reset in 45 minutes. (trace ID: 036488ae319fe5e5313a7a43320d051b): {
  "cognition.ai/errorKind": "internal",
  "cognition.ai/retryable": true
}
DEVIN_CLI_EXITED code=1
Error: Agent error: Permission denied: Permission denied: Reached overall message rate limit. Please try again later. Your limit will reset in 39 minutes. (trace ID: 4a2c911a11c310ceba1b531b8e709b6d): {
  "cognition.ai/errorKind": "internal",
  "cognition.ai/retryable": true
}
DEVIN_CLI_EXITED code=1
Error: Agent error: Permission denied: Permission denied: Reached overall message rate limit. Please try again later. Your limit will reset in 35 minutes. (trace ID: d246b5ba7eceb40b68f71b8805bea922): {
  "cognition.ai/errorKind": "internal",
  "cognition.ai/retryable": true
}
DEVIN_CLI_EXITED code=1
Error: Agent error: Permission denied: Permission denied: Reached overall message rate limit. Please try again later. Your limit will reset in 29 minutes. (trace ID: 94537d7322e84099b90ce2ca42c1287c): {
  "cognition.ai/errorKind": "internal",
  "cognition.ai/retryable": true
}
DEVIN_CLI_EXITED code=1
Error: Agent error: Permission denied: Permission denied: Reached overall message rate limit. Please try again later. Your limit will reset in 23 minutes. (trace ID: 582bbf89d024f785294e8a587dc3856f): {
  "cognition.ai/errorKind": "internal",
  "cognition.ai/retryable": true
}
DEVIN_CLI_EXITED code=1
Error: Agent error: Permission denied: Permission denied: Reached overall message rate limit. Please try again later. Your limit will reset in 19 minutes. (trace ID: 7bb28fd5768486a9b11e6bc545a037e4): {
  "cognition.ai/errorKind": "internal",
  "cognition.ai/retryable": true
}
DEVIN_CLI_EXITED code=1
Error: Agent error: Permission denied: Permission denied: Reached overall message rate limit. Please try again later. Your limit will reset in 13 minutes. (trace ID: d673b29abeab6a4072d8f21e590a9758): {
  "cognition.ai/errorKind": "internal",
  "cognition.ai/retryable": true
}
DEVIN_CLI_EXITED code=1
Error: Agent error: Permission denied: Permission denied: Reached overall message rate limit. Please try again later. Your limit will reset in 7 minutes. (trace ID: 032f1675b1dabec7476bdbb9cdefd73d): {
  "cognition.ai/errorKind": "internal",
  "cognition.ai/retryable": true
}
DEVIN_CLI_EXITED code=1
Error: Agent error: Permission denied: Permission denied: Reached overall message rate limit. Please try again later. Your limit will reset in 3 minutes. (trace ID: 15fadd57d64f766c2ec7efac1d8620f4): {
  "cognition.ai/errorKind": "internal",
  "cognition.ai/retryable": true
}
DEVIN_CLI_EXITED code=1
Based on my analysis of the AGENTS.md file, I can now compare the standard solution with the AI's thinking.

**Key finding:** The actual problem is about finding the minimum value of $\sum_{1 \le i < j \le 6} \lfloor a_i + a_j \rfloor$ where $\sum a_i = 2014$. The standard solution correctly solves this using fractional part decomposition ($a_i = n_i + f_i$), deriving the formula $10070 - 5S + C$ and performing case analysis on $S \in \{0,1,2,3,4,5\}$ to find the answer $\boxed{10060}$.

The AI's thinking, however, is about a **completely different problem** — a ZF set theory question about countable transitive models and whether $\bigcup^n X \in M$ for some $n$. The AI never mentions the floor sum problem, the real numbers $a_1, \ldots, a_6$, or anything related to the actual problem. This is an extreme direction error.

```xml
<analysis>
  <problem_id>deepmath_103k_00007393</problem_id>
  <dimension1_verdict>DIRECTION_ERROR</dimension1_verdict>
  <dimension1_explanation>The AI's thinking addresses an entirely different problem — a ZF set theory question about countable transitive models and iterated unions — rather than the actual problem about minimizing the sum of floors of pairwise sums of six real numbers. The AI never engages with the floor sum problem at all, indicating a fundamental misdirection, likely due to a problem routing/matching error.</dimension1_explanation>
  <dimension2_turning_point_type>other</dimension2_turning_point_type>
  <dimension2_explanation>The standard solution's key technique is decomposing each $a_i = n_i + f_i$ into integer and fractional parts, deriving the total as $10070 - 5S + C$ (where $S = \sum f_i$ and $C$ counts pairs with $f_i + f_j \ge 1$), then performing case analysis over integer values $S \in \{0,1,2,3,4,5\}$ to find the minimum. This is a floor-function optimization technique not covered by the modular arithmetic categories.</dimension2_explanation>
  <ai_direction_summary>The AI's thinking went entirely into analyzing a ZF set theory problem about countable transitive models and iterated union operations, constructing counterexamples involving $V_\omega$ and hereditarily finite sets, with zero connection to the actual floor sum minimization problem.</ai_direction_summary>
  <standard_solution_key_technique>The standard solution decomposes real numbers into integer and fractional parts, expresses the target sum as $10070 - 5S + C$, and performs case analysis on integer values of $S$ to find the minimum value of 10060.</standard_solution_key_technique>
  <confidence>high</confidence>
</analysis>
```

### ANALYSIS COMPLETE
DEVIN_CLI_EXITED code=0
