Error: Agent error: Permission denied: Permission denied: Reached overall message rate limit. Please try again later. Your limit will reset in 50 minutes. (trace ID: bd2c7e8be4425039852e17b2d5629808): {
  "cognition.ai/errorKind": "internal",
  "cognition.ai/retryable": true
}
DEVIN_CLI_EXITED code=1
Error: Agent error: Permission denied: Permission denied: Reached overall message rate limit. Please try again later. Your limit will reset in 45 minutes. (trace ID: f76f1508a0f9a63bf0224758b9d514f0): {
  "cognition.ai/errorKind": "internal",
  "cognition.ai/retryable": true
}
DEVIN_CLI_EXITED code=1
Error: Agent error: Permission denied: Permission denied: Reached overall message rate limit. Please try again later. Your limit will reset in 39 minutes. (trace ID: 69878794ebbedd84e91a1c547d9fdfe5): {
  "cognition.ai/errorKind": "internal",
  "cognition.ai/retryable": true
}
DEVIN_CLI_EXITED code=1
Error: Agent error: Permission denied: Permission denied: Reached overall message rate limit. Please try again later. Your limit will reset in 34 minutes. (trace ID: 2d29ba4758da71be7afc41161bbd1406): {
  "cognition.ai/errorKind": "internal",
  "cognition.ai/retryable": true
}
DEVIN_CLI_EXITED code=1
Error: Agent error: Permission denied: Permission denied: Reached overall message rate limit. Please try again later. Your limit will reset in 29 minutes. (trace ID: 99c25d76be72ec418261f7f9573a4a9c): {
  "cognition.ai/errorKind": "internal",
  "cognition.ai/retryable": true
}
DEVIN_CLI_EXITED code=1
Error: Agent error: Permission denied: Permission denied: Reached overall message rate limit. Please try again later. Your limit will reset in 23 minutes. (trace ID: 5d156cba7e3b4d221d577ecf5dc85c28): {
  "cognition.ai/errorKind": "internal",
  "cognition.ai/retryable": true
}
DEVIN_CLI_EXITED code=1
Error: Agent error: Permission denied: Permission denied: Reached overall message rate limit. Please try again later. Your limit will reset in 18 minutes. (trace ID: 063bf28b874248506e09888fbea4d56d): {
  "cognition.ai/errorKind": "internal",
  "cognition.ai/retryable": true
}
DEVIN_CLI_EXITED code=1
Error: Agent error: Permission denied: Permission denied: Reached overall message rate limit. Please try again later. Your limit will reset in 13 minutes. (trace ID: ce110bbacf42a6bf30e65c7321b9149c): {
  "cognition.ai/errorKind": "internal",
  "cognition.ai/retryable": true
}
DEVIN_CLI_EXITED code=1
Error: Agent error: Permission denied: Permission denied: Reached overall message rate limit. Please try again later. Your limit will reset in 7 minutes. (trace ID: ba2525f0f87413c055b4a6021359fe62): {
  "cognition.ai/errorKind": "internal",
  "cognition.ai/retryable": true
}
DEVIN_CLI_EXITED code=1
Error: Agent error: Permission denied: Permission denied: Reached overall message rate limit. Please try again later. Your limit will reset in 2 minutes. (trace ID: f76077e858296451e955f922d400a815): {
  "cognition.ai/errorKind": "internal",
  "cognition.ai/retryable": true
}
DEVIN_CLI_EXITED code=1
基于我对 `AGENTS.md` 文件的阅读，我现在已经掌握了所有三个输入：问题、标准解答和 AI 的思考过程。让我来进行分析。

AI 的思考过程实际上与标准解答使用了相同的关键方法——按平行类（方向）进行分组，并分析双类和三类情况。它正确推导出了双类公式 $C-S = \frac{(a-b)^2 - n}{2}$，并在第 1027 行得到了正确答案 $n=72$（类别为 68 和 4）。然而，思考过程极其冗长（超过 1000 行），探索了详尽的配置，并在第 1084 行的最终验证过程中，在“n = 66”处被截断。标准解答很简洁——它系统地涵盖了 4+ 方向、3 方向（3 个子情况）和 2 方向的情况——而 AI 则通过更长的探索路径达到了相同的结果。

```xml
<analysis>
  <problem_id>polymath_00302</problem_id>
  <dimension1_verdict>TOKEN_LIMIT</dimension1_verdict>
  <dimension1_explanation>The AI's thinking used the same key approach as the standard solution — grouping lines by parallel classes (directions) and analyzing the two-class and three-class cases. It correctly derived the two-class formula C-S = ((a-b)^2 - n)/2 and reached the correct answer n=72 (with classes 68 and 4) at line 1027. However, the thinking was extremely verbose (1000+ lines of exhaustive configuration exploration) and was cut off mid-verification at "n = 66" (line 1084), indicating token exhaustion rather than a wrong direction.</dimension1_explanation>
  <dimension2_turning_point_type>other</dimension2_turning_point_type>
  <dimension2_explanation>The standard solution's key technique is systematic case analysis by the number of distinct directions (4+ directions, 3 directions with three subcases by class sizes, 2 directions), combined with quadratic optimization of (a-b)^2 expressions to minimize n. This is combinatorial case analysis with quadratic Diophantine optimization, not modular arithmetic or any of the listed number-theoretic techniques.</dimension2_explanation>
  <ai_direction_summary>The AI explored the same parallel-class case analysis approach as the standard solution, correctly handling two-class and three-class configurations, but with far more exhaustive (and token-consuming) exploration of edge cases and verification.</ai_direction_summary>
  <standard_solution_key_technique>Case analysis by number of parallel directions (4+, 3, 2) with quadratic optimization of (a-b)^2 to find the minimum n=72 from the two-direction case.</standard_solution_key_technique>
  <confidence>high</confidence>
</analysis>
```

### 分析完成完毕
DEVIN_CLI_EXITED code=0
