# 解答

**答案：是的，这样的 2018 个不同的正整数是存在的。**

## 构造与证明

**第一步：选取基础集合。**

取 $a_i = i$，其中 $i = 1, 2, \ldots, 2018$。计算：

$$S_2 = \sum_{i=1}^{2018} i^2 = \frac{2018 \cdot 2019 \cdot 4037}{6}, \qquad S_3 = \sum_{i=1}^{2018} i^3 = \left(\frac{2018 \cdot 2019}{2}\right)^2 = (1009 \cdot 2019)^2.$$

关键观察：$S_3$ **已经是一个完全平方数**，因为求和立方的恒等式 $\sum_{i=1}^n i^3 = \left(\frac{n(n+1)}{2}\right)^2$。

**第二步：缩放构造。**

设 $k$ 为待定的正整数，取我们的 2018 个数为 $k, 2k, 3k, \ldots, 2018k$。它们显然是 2018 个不同的正整数。此时：

$$\sum_{i=1}^{2018} (ik)^2 = k^2 S_2, \qquad \sum_{i=1}^{2018} (ik)^3 = k^3 S_3.$$

我们需要：
- (A) $k^2 S_2$ 是完全立方数。
- (B) $k^3 S_3$ 是完全平方数。

**第三步：分析条件 (B)。**

因为 $S_3$ 已经是完全平方数，设 $S_3 = n^2$。条件 (B) 要求 $k^3 S_3 = k^3 n^2$ 是完全平方数。对每个素数 $p$，需要 $3v_p(k) + 2v_p(n)$ 为偶数，即 $3v_p(k)$ 为偶数，即 $v_p(k)$ 为偶数。因此：

> **(B) 等价于 $k$ 是完全平方数**，即对所有素数 $p$，$v_p(k) \equiv 0 \pmod{2}$。

**第四步：分析条件 (A)。**

对每个素数 $p$，需要 $2v_p(k) + v_p(S_2) \equiv 0 \pmod{3}$，即：

$$v_p(k) \equiv v_p(S_2) \pmod{3}$$

（因为 $2^{-1} \equiv 2 \pmod{3}$，所以 $v_p(k) \equiv -2\,v_p(S_2) \equiv v_p(S_2) \pmod{3}$）。

**第五步：用中国剩余定理确定 $k$。**

对每个整除 $S_2$ 的素数 $p$，我们需要同时满足：

$$v_p(k) \equiv 0 \pmod{2}, \qquad v_p(k) \equiv v_p(S_2) \pmod{3}.$$

因为 $\gcd(2, 3) = 1$，由中国剩余定理，存在唯一的 $r_p \in \{0, 1, 2, 3, 4, 5\}$ 满足上述两个同余式。

对不整除 $S_2$ 的素数 $p$，令 $v_p(k) = 0$（此时 $v_p(S_2) = 0$，两个条件均平凡满足）。

定义：

$$k = \prod_{p \,\mid\, S_2} p^{r_p}.$$

由于 $S_2$ 只有有限个素因子，$k$ 是一个良定义的正整数。

**第六步：验证。**

- **$k$ 是完全平方数**：对每个素数 $p$，$v_p(k) = r_p \equiv 0 \pmod{2}$（当 $p \mid S_2$）或 $v_p(k) = 0$（当 $p \nmid S_2$）。故 $k$ 是完全平方数。设 $k = m^2$，则 $k^3 S_3 = m^6 \cdot n^2 = (m^3 n)^2$，是完全平方数。✓

- **$k^2 S_2$ 是完全立方数**：对每个素数 $p$，$v_p(k^2 S_2) = 2v_p(k) + v_p(S_2) \equiv 0 \pmod{3}$（由构造）。✓

- **$k, 2k, \ldots, 2018k$ 是 2018 个不同的正整数**：显然。✓

## 结论

存在 2018 个不同的正整数 $k, 2k, 3k, \ldots, 2018k$（其中 $k$ 由上述 CRT 构造给出），使得它们的平方和 $k^2 S_2$ 是完全立方数，且它们的立方和 $k^3 S_3$ 是完全平方数。

### 证明完成
DEVIN_CLI_EXITED code=0
