Looking at this problem, I need to find the minimum number of 1-bits in the binary representation of $2023n$ over all positive integers $n$.

## Setup

First, factor $2023 = 7 \cdot 17^2$.

**Popcount 1 is impossible:** A number with one 1-bit is a power of 2. Since 2023 is odd and greater than 1, no power of 2 is divisible by 2023.

**Popcount 2 is impossible:** A number with two 1-bits is $2^a + 2^b = 2^b(2^{a-b}+1)$. Since 2023 is odd, we'd need $2^k \equiv -1 \pmod{2023}$ for some $k \geq 1$. In particular, $2^k \equiv -1 \equiv 6 \pmod{7}$. But the order of 2 mod 7 is 3, with powers $\{1, 2, 4\}$ — none equal to 6. So no such $k$ exists.

## Popcount 3 is achievable

I need to exhibit $a > b > c \geq 0$ with $2^a + 2^b + 2^c \equiv 0 \pmod{2023}$, i.e., modulo both 7 and $289 = 17^2$.

**Key computations mod 289:**
- The order of 2 mod 17 is 8 (since $2^4 \equiv -1 \pmod{17}$, $2^8 \equiv 1$).
- Since $2^8 = 256 \not\equiv 1 \pmod{289}$, the order of 2 mod 289 is $8 \cdot 17 = 136$.
- Since 136 is even, $2^{68} \equiv -1 \pmod{289}$ (the unique element of order 2 in the cyclic group $\langle 2 \rangle_{289}$).
- Therefore $2^{69} \equiv -2 \equiv 287 \pmod{289}$.

**Verification:** I can confirm $2^{136} \equiv 1 \pmod{289}$ by successive squaring: $2^8 \equiv 256$, $2^{16} \equiv 222$, $2^{32} \equiv 154$, $2^{64} \equiv 18$, $2^{128} \equiv 35 \pmod{289}$, so $2^{136} = 2^{128} \cdot 2^8 \equiv 35 \cdot 256 = 8960 \equiv 1 \pmod{289}$. ✓

Also $2^{68} = 2^{64} \cdot 2^4 \equiv 18 \cdot 16 = 288 \equiv -1 \pmod{289}$. ✓

**The construction:** Take $a = 341$, $b = 136$, $c = 0$.

*Mod 289:* $2^0 + 2^{136} + 2^{341} \equiv 1 + 1 + 2^{341} \pmod{289}$. Since $341 = 69 + 2 \cdot 136$, we get $2^{341} \equiv 2^{69} \equiv 287 \pmod{289}$. So the sum is $1 + 1 + 287 = 289 \equiv 0 \pmod{289}$. ✓

*Mod 7:* The order of 2 mod 7 is 3. We compute exponents mod 3: $0 \equiv 0$, $136 \equiv 1$, $341 \equiv 2 \pmod{3}$. So $2^0 + 2^{136} + 2^{341} \equiv 2^0 + 2^1 + 2^2 = 1 + 2 + 4 = 7 \equiv 0 \pmod{7}$. ✓

Since $\gcd(7, 289) = 1$, by CRT: $2023 \mid (2^{341} + 2^{136} + 2^0)$.

## Conclusion

Setting $n = \frac{2^{341} + 2^{136} + 1}{2023}$, which is a positive integer, we get $2023n = 2^{341} + 2^{136} + 2^0$, a number with exactly **3** ones in its binary representation.

Since popcount 1 and 2 are both impossible (shown above), and popcount 3 is achieved, the minimum value of $k(n)$ is:

$$\boxed{3}$$

### PROOF COMPLETE
DEVIN_CLI_EXITED code=0
