No answer leak detected. The problem is a clean yes/no question. I'll solve it directly in the TUI.

---

**Claim.** Yes. If $H$ is a finite-dimensional Hilbert space, then the norm topology, the strong operator topology (SOT), the weak operator topology (WOT), the $\sigma$-strong (ultrastrong) topology, and the $\sigma$-weak (ultraweak) topology on $B(H)$ all coincide.

**Proof.**

Let $n=\dim H<\infty$ and fix an orthonormal basis $\{e_1,\dots,e_n\}$ of $H$. Consider the linear map
$$
\Phi:B(H)\longrightarrow \mathbb{C}^{n^2},\qquad \Phi(T)=\bigl(\langle Te_i,e_j\rangle\bigr)_{i,j=1}^{n}.
$$
This is a linear isomorphism (indeed a $*$-isomorphism onto $M_n(\mathbb{C})$): a bounded operator on $H$ is completely determined by its matrix entries $\langle Te_i,e_j\rangle$, and every $n\times n$ matrix defines an operator.

**Step 1. WOT equals the product topology on $\mathbb{C}^{n^2}$.**

The WOT is the coarsest topology on $B(H)$ making every functional $T\mapsto |\langle Tx,y\rangle|$ continuous, for $x,y\in H$. Since $x,y\in\operatorname{span}\{e_1,\dots,e_n\}$, each $\langle Tx,y\rangle$ is a finite linear combination of the coordinate functions $\langle Te_i,e_j\rangle=\Phi_{ij}(T)$. Hence the WOT is exactly the initial topology induced by the coordinate maps $\Phi_{ij}$, i.e. $\Phi$ is a homeomorphism from $(B(H),\mathrm{WOT})$ onto $\mathbb{C}^{n^2}$ equipped with the product topology.

**Step 2. The product topology on $\mathbb{C}^{n^2}$ equals the Euclidean topology.**

On a finite-dimensional complex vector space, there is a unique Hausdorff locally convex topology; equivalently, the product topology on $\mathbb{C}^{n^2}$ coincides with the Euclidean norm topology. Thus WOT on $B(H)$ is the topology of coordinatewise convergence of matrix entries, which is the same as convergence in any norm on the finite-dimensional space $M_n(\mathbb{C})$.

**Step 3. The norm topology agrees with WOT.**

Via $\Phi$, the operator norm on $B(H)$ becomes a norm on the finite-dimensional space $\mathbb{C}^{n^2}$. All norms on a finite-dimensional space are equivalent, so the operator-norm topology on $B(H)$ corresponds under $\Phi$ to the Euclidean topology on $\mathbb{C}^{n^2}$, which by Step 2 is the same topology as WOT. Therefore
$$
\text{norm topology}=\text{WOT}.
$$

**Step 4. All five topologies are sandwiched between WOT and the norm topology.**

For the topologies in question we have the standard inclusions
$$
\mathrm{WOT}\;\subseteq\;\mathrm{SOT}\;\subseteq\;\sigma\text{-strong}\;\subseteq\;\text{norm topology},
$$
and
$$
\mathrm{WOT}\;\subseteq\;\sigma\text{-weak}\;\subseteq\;\text{norm topology}.
$$
Each of SOT, $\sigma$-strong, and $\sigma$-weak is a vector-space topology lying between WOT (the coarsest) and the norm topology (the finest). Since Step 3 shows the two extremes coincide, every topology trapped between them must coincide with them as well:
$$
\mathrm{WOT}=\mathrm{SOT}=\sigma\text{-strong}=\sigma\text{-weak}=\text{norm topology}.
$$

**Conclusion.** On $B(H)$ for finite-dimensional $H$, all five topologies — norm, strong operator, weak operator, $\sigma$-strong, and $\sigma$-weak — are equivalent. $\blacksquare$

### PROOF COMPLETE
DEVIN_CLI_EXITED code=0
