## Proof

**Claim:** $L_E^p(G)$ is a closed subspace of $L^p(G)$, and hence a complete (Banach) space.

### Setup

Let $G$ be a compact abelian group with normalized Haar measure $m$, and let $\Gamma = \widehat{G}$ be its (discrete) dual group. For $\gamma \in \Gamma$, the Fourier coefficient of $f \in L^1(G)$ is
$$\widehat{f}(\gamma) = \int_G f(x)\,\overline{\gamma(x)}\,dm(x).$$

Since $G$ is compact, $m(G)=1$, and every character $\gamma \colon G \to \mathbb{T}$ is bounded with $|\gamma(x)|=1$. Therefore $\gamma \in L^\infty(G) \subseteq L^{p'}(G)$ for every $p' \ge 1$, where $\frac{1}{p}+\frac{1}{p'}=1$.

### The Fourier coefficient functionals are continuous

For each fixed $\gamma \in \Gamma$, define
$$\Phi_\gamma \colon L^p(G) \to \mathbb{C}, \qquad \Phi_\gamma(f) = \widehat{f}(\gamma) = \int_G f(x)\,\overline{\gamma(x)}\,dm(x).$$

By Hölder's inequality,
$$|\Phi_\gamma(f)| \le \|f\|_{L^p}\,\|\overline{\gamma}\|_{L^{p'}} = \|f\|_{L^p}\cdot\|\gamma\|_{L^{p'}} \le \|f\|_{L^p}\cdot m(G)^{1/p'} = \|f\|_{L^p}.$$

So $\Phi_\gamma$ is a bounded (continuous) linear functional on $L^p(G)$ with $\|\Phi_\gamma\| \le 1$.

This holds for all $1 \le p \le \infty$; in particular it holds for the given $1 < p < \infty$.

### $L_E^p(G)$ is an intersection of closed subspaces

By definition,
$$L_E^p(G) = \{f \in L^p(G) : \widehat{f}(\gamma)=0,\ \forall\,\gamma\notin E\} = \bigcap_{\gamma \notin E} \ker \Phi_\gamma.$$

Each $\ker \Phi_\gamma = \Phi_\gamma^{-1}(\{0\})$ is closed in $L^p(G)$ because $\Phi_\gamma$ is continuous and $\{0\}$ is closed in $\mathbb{C}$. An arbitrary intersection of closed sets is closed, so $L_E^p(G)$ is a **closed** linear subspace of $L^p(G)$.

(Linearity is clear: if $f,g \in L_E^p(G)$ and $\alpha \in \mathbb{C}$, then $\widehat{f+\alpha g}(\gamma) = \widehat{f}(\gamma)+\alpha\widehat{g}(\gamma) = 0$ for all $\gamma \notin E$.)

### Completeness

$L^p(G)$ is a Banach space for $1 < p < \infty$ (indeed it is reflexive). A standard theorem in functional analysis states:

> *A closed subspace of a complete metric space is complete.*

Therefore $L_E^p(G)$, being a closed subspace of the Banach space $L^p(G)$, is itself complete. Equipped with the inherited $L^p$-norm, it is a Banach space.

### Conclusion

Yes — $L_E^p(G)$ is a closed (hence complete) subspace of $L^p(G)$, and is therefore a Banach subspace of $L^p(G)$.

### PROOF COMPLETE
DEVIN_CLI_EXITED code=0
