## Solution

**Answer leak check:** The problem text contains only the problem statement — no solution, proof sketch, or answer is embedded. Proceeding.

**Setup.** Let $f(n)$ denote the number of weak binary representations of $n$ with digits $a_i \in \{0,1,2,3,4,5\}$. We establish a recurrence by conditioning on the least significant digit $a_0$.

Since $n = a_0 + 2\cdot m$ where $m = (n-a_0)/2$ is itself represented by digits $a_1, a_2, \ldots$, we need $a_0 \equiv n \pmod{2}$ and $0 \le a_0 \le 5$:

$$f(n) = \sum_{\substack{a_0 \in \{0,1,2,3,4,5\} \\ a_0 \equiv n\!\!\pmod{2} \\ a_0 \le n}} f\!\left(\frac{n-a_0}{2}\right), \qquad f(0)=1,\quad f(n<0)=0.$$

Equivalently, writing $k = \lfloor n/2 \rfloor$:
$$f(n) = f(k) + f(k-1) + f(k-2).$$

**Key symmetry.** Since $\lfloor 2k/2\rfloor = \lfloor(2k+1)/2\rfloor = k$, both $f(2k)$ and $f(2k+1)$ equal $f(k)+f(k-1)+f(k-2)$. Hence
$$f(2k) = f(2k+1) \quad \text{for all } k \ge 0.$$

Define $g(k) := f(2k) = f(2k+1)$. Using $f(j) = g(\lfloor j/2\rfloor)$:

$$g(2m) = g(m) + 2\,g(m-1), \qquad g(2m+1) = 2\,g(m) + g(m-1),$$
with $g(0)=1$, $g(-1)=0$.

**Computation up to $f(256)=g(128)$.** Building the table (showing selected checkpoints, all verified by the recurrences above):

| $k$ | $g(k)$ | | $k$ | $g(k)$ | | $k$ | $g(k)$ |
|---|---|---|---|---|---|---|---|
| 0 | 1 | | 8 | 18 | | 32 | 128 |
| 1 | 2 | | 16 | 46 | | 64 | 372 |
| 2 | 4 | | 24 | 89 | | 128 | 1102 |
| 3 | 5 | | 31 | 122 | | 127 | 1094 |
| 6 | 13 | | 30 | 121 | | 126 | 1093 |
| 7 | 14 | | 62 | 364 | | 63 | 365 |

Verifying the critical final entries:
- $g(63) = 2g(31)+g(30) = 2(122)+121 = 365$ ✓
- $g(62) = g(31)+2g(30) = 122+2(121) = 364$ ✓
- $g(127) = 2g(63)+g(62) = 2(365)+364 = 1094$ ✓
- $g(128) = g(64)+2g(63) = 372+2(365) = 1102$ ✓

where $g(64) = g(32)+2g(31) = 128+244 = 372$ and $g(32)=g(16)+2g(15)=46+82=128$, etc., all confirmed by direct chain back to $g(0)=1$.

**Applying to $n=513$.** Since $513$ is odd, $a_0 \in \{1,3,5\}$:

$$f(513) = f\!\left(\tfrac{513-1}{2}\right) + f\!\left(\tfrac{513-3}{2}\right) + f\!\left(\tfrac{513-5}{2}\right) = f(256) + f(255) + f(254).$$

Using the symmetry $f(255)=f(254)=g(127)=1094$ and $f(256)=g(128)=1102$:

$$f(513) = 1102 + 1094 + 1094 = \boxed{3290}.$$

**Sanity check of the recurrence.** For $n=5$: representations are $5$; $1+2\cdot2$; $3+2\cdot1$; $1+4\cdot1$ — exactly $4 = f(5)$ ✓. For $n=10$: $f(10)=f(5)+f(4)+f(3)=4+4+2=10$ ✓ (confirmed by enumeration of digit tuples).

### PROOF COMPLETE
DEVIN_CLI_EXITED code=0
