Error: Agent error: Permission denied: Permission denied: Reached overall message rate limit. Please try again later. Your limit will reset in 49 minutes. (trace ID: 79a893b586c59f5f882d433ab75cfb08): {
  "cognition.ai/errorKind": "internal",
  "cognition.ai/retryable": true
}
DEVIN_CLI_EXITED code=1
Error: Agent error: Permission denied: Permission denied: Reached overall message rate limit. Please try again later. Your limit will reset in 45 minutes. (trace ID: 0868f387befa597a7fb06941877628a2): {
  "cognition.ai/errorKind": "internal",
  "cognition.ai/retryable": true
}
DEVIN_CLI_EXITED code=1
Error: Agent error: Permission denied: Permission denied: Reached overall message rate limit. Please try again later. Your limit will reset in 39 minutes. (trace ID: 99f80a418593cfbcc73fa37f642fc873): {
  "cognition.ai/errorKind": "internal",
  "cognition.ai/retryable": true
}
DEVIN_CLI_EXITED code=1
Error: Agent error: Permission denied: Permission denied: Reached overall message rate limit. Please try again later. Your limit will reset in 35 minutes. (trace ID: 7a0a3ac079d1556f3be1b28ccbcba8ce): {
  "cognition.ai/errorKind": "internal",
  "cognition.ai/retryable": true
}
DEVIN_CLI_EXITED code=1
Error: Agent error: Permission denied: Permission denied: Reached overall message rate limit. Please try again later. Your limit will reset in 31 minutes. (trace ID: b87850e812f8c7a5014952019c3a3eda): {
  "cognition.ai/errorKind": "internal",
  "cognition.ai/retryable": true
}
DEVIN_CLI_EXITED code=1
Error: Agent error: Permission denied: Permission denied: Reached overall message rate limit. Please try again later. Your limit will reset in 27 minutes. (trace ID: 015ec4ec4656718fc1466011cdd3df22): {
  "cognition.ai/errorKind": "internal",
  "cognition.ai/retryable": true
}
DEVIN_CLI_EXITED code=1
Error: Agent error: Permission denied: Permission denied: Reached overall message rate limit. Please try again later. Your limit will reset in 25 minutes. (trace ID: 654d8147ca47c8df026394bd84ca3e9c): {
  "cognition.ai/errorKind": "internal",
  "cognition.ai/retryable": true
}
DEVIN_CLI_EXITED code=1
Error: Agent error: Permission denied: Permission denied: Reached overall message rate limit. Please try again later. Your limit will reset in 19 minutes. (trace ID: f0ac1ae45559b3727cb23bbe86b77a33): {
  "cognition.ai/errorKind": "internal",
  "cognition.ai/retryable": true
}
DEVIN_CLI_EXITED code=1
Error: Agent error: Permission denied: Permission denied: Reached overall message rate limit. Please try again later. Your limit will reset in 14 minutes. (trace ID: c0d497e5e189c396ea6dbd502f551a31): {
  "cognition.ai/errorKind": "internal",
  "cognition.ai/retryable": true
}
DEVIN_CLI_EXITED code=1
Error: Agent error: Permission denied: Permission denied: Reached overall message rate limit. Please try again later. Your limit will reset in 11 minutes. (trace ID: b3f5a72d0b9e255f21e6d19334f73220): {
  "cognition.ai/errorKind": "internal",
  "cognition.ai/retryable": true
}
DEVIN_CLI_EXITED code=1
Error: Agent error: Permission denied: Permission denied: Reached overall message rate limit. Please try again later. Your limit will reset in 9 minutes. (trace ID: 77b63869bb03b4c38fec70bd3fb8abe7): {
  "cognition.ai/errorKind": "internal",
  "cognition.ai/retryable": true
}
DEVIN_CLI_EXITED code=1
Error: Agent error: Permission denied: Permission denied: Reached overall message rate limit. Please try again later. Your limit will reset in 3 minutes. (trace ID: 6b66066d74cbe23b4f838cb3fd2a5149): {
  "cognition.ai/errorKind": "internal",
  "cognition.ai/retryable": true
}
DEVIN_CLI_EXITED code=1
根据我对 `AGENTS.md` 的阅读，该文件包含：
1. 一个模板标题
2. 问题 1（二项式展开），附带完整、正确的解答，标记为“标准解答”
3. 问题 2（S² 旋转对称性），附带一段极长、不完整且在句子中间中断的解答尝试

任务是对 S² 问题的 Devin 失败案例进行分析。以下是我的分析：

```xml
<?xml version="1.0" encoding="UTF-8"?>
<devin_failure_analysis>
  <metadata>
    <run_id>r000597</run_id>
    <problem_id>deepmath_103k_00006968</problem_id>
    <dataset>deepmath_103k</dataset>
    <analysis_type>full-analysis</analysis_type>
    <config>30c</config>
    <date>2026-08-15</date>
  </metadata>

  <problem_summary>
    <domain>differential_geometry / topology / group_actions</domain>
    <statement>
      设 f 为 S² 上的连续函数。假设存在 C > 0，使得对于每个旋转 R ∈ SO(3)，
      集合 {x ∈ S² : f(x) ≥ f(Rx)} 的每个连通分支的面积均 ≥ C。
      问：是否存在一个非单位元旋转 R₀ ∈ SO(3)，使得 f(x) = f(R₀x) 在 S² 的某个开子集上成立？
    </statement>
    <difficulty>research_level</difficulty>
    <expected_answer>Yes（存在这样的非平凡旋转）</expected_answer>
    <expected_reasoning>
      该问题要求证明一个强条件（对所有旋转、所有连通分支面积有下界）
      蕴含某种局部对称性。关键思路：若 f 无任何局部对称性，
      则对每个非单位元 R，{f = f∘R} 内部为空（无处稠密），
      此时可通过选择适当的旋转使 {f ≥ f∘R} 产生任意小的连通分支，
      与条件矛盾。因此 f 必须在某个开集上具有非平凡旋转对称性。
    </expected_reasoning>
  </problem_summary>

  <devin_response_characterization>
    <total_lines>~1775 (lines 207-1982)</total_lines>
    <termination_status>truncated_mid_sentence</termination_status>
    <final_answer_provided>false</final_answer_provided>
    <boxed_answer>none</boxed_answer>
    <conclusion_reached>false</conclusion_reached>
    <intuition_stated>Yes（多次声称"我相信答案是Yes"但从未给出证明）</intuition_stated>
  </devin_response_characterization>

  <approaches_attempted>
    <approach name="contrapositive" outcome="abandoned" lines="229-316">
      尝试反证法：假设无局部对称性，推导存在小连通分支。未完成。
    </approach>
    <approach name="small_rotation_linearization" outcome="abandoned" lines="249-282">
      对小旋转角 θ 做一阶展开 g_R ≈ -θ·h_n，分析 {h_n ≤ 0}。未完成。
    </approach>
    <approach name="specific_examples" outcome="abandoned" lines="318-398">
      考察 zonal 函数、bump 函数、f = 1-θ²+εθ²cos(3φ) 等具体例子。未推广到一般情况。
    </approach>
    <approach name="spherical_harmonics" outcome="abandoned" lines="463-467">
      提及球谐展开但立即放弃，认为"对连通分支的拓扑条件没有直接帮助"。
    </approach>
    <approach name="nodal_domain_analysis" outcome="abandoned" lines="1552-1560">
      将问题转化为 g_R 的正波节域面积下界问题。提及 Courant 定理但未深入。
    </approach>
    <approach name="isoperimetric_inequality" outcome="abandoned" lines="1610-1614">
      尝试用 S² 等周不等式约束小连通分支的周长。未得出矛盾。
    </approach>
    <approach name="haar_measure_averaging" outcome="abandoned" lines="1687-1705">
      计算 area({f ≥ f∘R}) 在 SO(3) 上的平均值为 2π。但指出"条件关于连通分支而非总面积"。
    </approach>
    <approach name="key_lemma_proof_attempt" outcome="abandoned" lines="1634-1677">
      尝试证明关键引理：无局部对称性 ⟹ 存在任意小连通分支。尝试用严格局部极大和鞍点构造小"岛屿"，但发现无法隔离小连通分支。
    </approach>
    <approach name="level_set_lens_construction" outcome="abandoned" lines="1741-1822">
      尝试用水平曲线 L_t 与 R⁻¹(L_t) 的相切/交叉构造小透镜区域。发现透镜区域与内部连通，无法形成独立小连通分支。
    </approach>
    <approach name="vector_field_poincare_hopf" outcome="abandoned" lines="1898-1953">
      用 Poincaré-Hopf 定理分析向量场 ω = x×∇f 的零点结构。分析临界点附近 h_n 的零集为过临界点的直线，不产生小连通分支。未完成一般情况分析。
    </approach>
    <approach name="involution_rotation" outcome="truncated" lines="1978-1982">
      考虑 R = R⁻¹（对合旋转）的特殊情况。在此处被截断，未完成。
    </approach>
  </approaches_attempted>

  <failure_mode_analysis>
    <primary_failure_mode>exploration_death_spiral</primary_failure_mode>
    <primary_failure_description>
      Devin 进入了一个无限探索循环：不断尝试新方法、发现困难、放弃、换方法，
      从未对任何单一方法投入足够的深度以完成证明。最终因 token 耗尽被截断。
    </primary_failure_description>

    <secondary_failure_modes>
      <mode id="no_convergence" severity="critical">
        从未收敛到结论。虽然多次声称"我相信答案是Yes"，但从未给出完整证明，
        也未给出最终答案。响应在尝试第11种方法时被截断。
      </mode>
      <mode id="circular_reasoning" severity="high">
        反复出现"这变得复杂了，让我换个角度"的模式（出现至少15次），
        每次都在接近关键步骤时放弃并重启。
      </mode>
      <mode id="lack_of_commitment" severity="high">
        尝试了10+种不同的数学工具/方法，但对每种方法的投入深度都不足以完成。
        没有选择一个最有希望的方法并坚持到底。
      </mode>
      <mode id="no_intermediate_verification" severity="medium">
        从未验证中间步骤的正确性。例如在关键引理证明中，
        发现"薄环区域与内部连通"后直接放弃，而非修正方法。
      </mode>
      <mode id="no_structuring" severity="medium">
        没有在开始时制定证明计划/路线图。没有将问题分解为可管理的子目标。
        没有设置时间/篇幅限制来约束探索深度。
      </mode>
      <mode id="premature_abandonment" severity="high">
        多次在有希望的方向上过早放弃。例如：
        - 球谐分析仅提及2行就放弃
        - Haar测度平均计算出 area=2π 后未进一步利用
        - 透镜构造发现连通性问题后未尝试修正（如用两个不同水平集）
        - Poincaré-Hopf 分析接近关键洞察但未继续
      </mode>
      <mode id="token_exhaustion" severity="critical">
        响应在 ~1775 行处被截断，表明 token 预算耗尽。
        这是探索死亡螺旋的直接后果——大量 token 浪费在重复的探索-放弃循环中。
      </mode>
    </secondary_failure_modes>
  </failure_mode_analysis>

  <root_cause_analysis>
    <root_cause id="1" category="meta_reasoning">
      <description>缺乏元认知控制：Devin 没有监控自己的推理进度，没有意识到自己在循环</description>
      <evidence>反复出现"让我换个角度思考"但新角度与前述方法高度重叠</evidence>
    </root_cause>
    <root_cause id="2" category="planning">
      <description>缺乏证明规划：未在开始时制定结构化的证明路线图</description>
      <evidence>从未输出"证明计划"或"步骤1,2,3..."的结构化分解</evidence>
    </root_cause>
    <root_cause id="3" category="problem_difficulty">
      <description>问题本身为研究级难度，可能超出单次推理的能力边界</description>
      <evidence>问题涉及微分几何、拓扑、群论、PDE 的交叉，需要深度洞察</evidence>
    </root_cause>
    <root_cause id="4" category="resource_management">
      <description>Token 资源管理失败：未在探索和深度之间做权衡</description>
      <evidence>~1775 行中没有任何一段超过 ~50 行的连续深入论证</evidence>
    </root_cause>
  </root_cause_analysis>

  <strengths_observed>
    <strength>数学直觉正确：正确猜测答案为"Yes"</strength>
    <strength>知识面广：涉及球谐分析、Morse理论、Poincaré-Hopf、等周不等式、Haar测度等多个相关领域</strength>
    <strength>识别了关键要素：正确识别了反证法框架、小旋转线性化、波节域分析等核心思路</strength>
    <strength>尝试了交叉验证：用具体例子（zonal函数、bump函数）验证直觉</strength>
  </strengths_observed>

  <comparison_with_success_case>
    <success_case>Problem 1 (二项式展开问题)</success_case>
    <success_characteristics>
      - 明确的解题策略（容斥原理）并在开头就确定
      - 逐步计算并验证每个中间结果
      - 用替代方法交叉验证最终答案
      - 明确的最终答案 \boxed{4023}
      - 适度的篇幅（~160行）
    </success_characteristics>
    <contrast>
      Problem 1 成功因为：问题有明确的算法路径（容斥原理），计算可验证，
      篇幅可控。Problem 2 失败因为：问题是证明题而非计算题，无明确算法路径，
      需要创造性洞察，Devin 无法在多种可能的方法中做出选择并坚持。
    </contrast>
  </comparison_with_success_case>

  <improvement_recommendations>
    <recommendation id="1" priority="critical">
      引入证明规划阶段：在开始推理前，先输出结构化的证明计划（目标、子目标、方法选择），
      并在推理过程中对照计划检查进度。
    </recommendation>
    <recommendation id="2" priority="critical">
      引入探索预算机制：限制每种方法的尝试篇幅（如最多200行），
      超过则必须做出"继续深入"或"放弃并总结"的决策。
    </recommendation>
    <recommendation id="3" priority="high">
      引入循环检测：当检测到"换个角度"模式重复出现时，
      强制要求总结已有发现并选择最优方法深入。
    </recommendation>
    <recommendation id="4" priority="high">
      强制结论输出：即使证明未完成，也必须在 token 耗尽前输出当前最佳答案
      和已建立的部分结果。
    </recommendation>
    <recommendation id="5" priority="medium">
      对研究级问题，考虑分阶段求解：先输出直觉和关键引理，
      再尝试证明关键引理，而非一次性完成全部证明。
    </recommendation>
  </improvement_recommendations>

  <quantitative_metrics>
    <approaches_tried>11</approaches_tried>
    <approaches_completed>0</approaches_completed>
    <completion_rate>0.00</completion_rate>
    <lines_before_first_abandonment>~110</lines_before_first_abandonment>
    <avg_lines_per_approach>~160</avg_lines_per_approach>
    <redundancy_ratio>high (multiple approaches overlap significantly)</redundancy_ratio>
    <final_answer>NOT_PROVIDED</final_answer>
    <correct_intuition>Yes (答案为Yes的直觉正确)</correct_intuition>
    <intuition_to_proof>NOT_ACHIEVED</intuition_to_proof>
  </quantitative_metrics>

  <overall_assessment>
    <verdict>FAILURE — non-terminating exploration without convergence</verdict>
    <failure_category>exploration_death_spiral / token_exhaustion</failure_category>
    <severity>critical</severity>
    <core_issue>
      Devin 展现了正确的数学直觉和广泛的知识储备，但完全缺乏将直觉转化为
      严格证明的执行能力。核心问题不是知识不足，而是元认知控制失败——
      无法在多种方法中做出选择、无法坚持单一方法到完成、无法检测自身的
      循环行为。最终在 ~1775 行的无效探索后因 token 耗尽被截断，
      未产出任何可用的答案或证明。
    </core_issue>
  </overall_assessment>
</devin_failure_analysis>
```

### 分析完成
DEVIN_CLI_EXITED code=0
