Looking at this problem, I need to check for answer leaks first, then analyze the structure of the sets involved.

**Answer Leak Check:** The problem statement contains no leaked solutions, answer values, or proof sketches. Proceeding to solve.

---

## Solution

**Key Observation:** The sets in the hypothesis are *monotone increasing* in $n$, which makes the limit condition far stronger than it first appears.

**Proof.**

Fix $\varepsilon > 0$ and $\delta > 0$. For each $n \in \mathbb{N}$, define

$$A_n \;=\; \bigcap_{m \,\geq\, n}\bigl\{x \in \Omega : f_m(x) \leq f(x) - \varepsilon\bigr\}.$$

**Step 1: Monotonicity.** Since $\{m : m \geq n+1\} \subset \{m : m \geq n\}$, the intersection defining $A_{n+1}$ is taken over *fewer* sets than that defining $A_n$. Therefore

$$A_n \;\subseteq\; A_{n+1} \qquad \text{for all } n \in \mathbb{N}.$$

So $(A_n)_{n \geq 1}$ is an **increasing** sequence of $\mathcal{A}$-measurable sets, and consequently

$$a_n \;:=\; \mu(A_n)$$

is a **non-decreasing** sequence of non-negative real numbers.

**Step 2: The limit forces all terms to be zero.** By hypothesis,

$$\lim_{n \to \infty} a_n \;=\; 0.$$

A non-decreasing sequence of non-negative reals satisfies $\lim_{n\to\infty} a_n = \sup_n a_n$. Hence

$$\sup_{n \in \mathbb{N}} a_n \;=\; 0.$$

Since each $a_n \geq 0$, this forces

$$a_n \;=\; 0 \qquad \text{for every } n \in \mathbb{N}.$$

**Step 3: The conclusion holds trivially.** Take $N = 1$ (indeed, any positive integer works). Then

$$\mu\!\left(\bigcap_{m \,\geq\, N}\bigl\{x \in \Omega : f_m(x) \leq f(x) - \varepsilon\bigr\}\right) \;=\; a_N \;=\; 0 \;<\; \delta.$$

Moreover, for every $n \geq N$, we likewise have $a_n = 0 < \delta$, so the bound holds uniformly for all indices beyond $N$.

**Step 4: The hypothesis holds for every $\varepsilon > 0$.** The argument above applies to each fixed $\varepsilon > 0$ separately (the hypothesis is given for every $\varepsilon > 0$, and $\delta > 0$ is arbitrary). Thus for any choice of $\varepsilon > 0$ and $\delta > 0$, an appropriate $N$ exists—in fact, $N = 1$ always works. $\blacksquare$

**Answer: Yes.** Such an $N$ always exists. The essential point is that $\bigcap_{m \geq n}\{f_m \leq f - \varepsilon\}$ is *increasing* in $n$, so the measures $a_n = \mu(\bigcap_{m \geq n}\{\cdots\})$ form a non-decreasing non-negative sequence. A non-decreasing sequence of non-negative numbers can only converge to $0$ if it is identically $0$, so the limit condition $\lim_{n \to \infty} a_n = 0$ already implies $a_n = 0$ for every $n$, making the desired inequality $a_N < \delta$ automatic for any $N$.

### PROOF COMPLETE
DEVIN_CLI_EXITED code=0
