I'll solve this problem using my reasoning, without any tool calls or file writes.

## Proof

**Setup.** Let $N = \underbrace{99\ldots 9}_{2009} = 10^{2009}-1$. We seek the 2008-th rightmost digit of $7^N$, i.e., the digit in the $10^{2007}$ place. This equals the leading digit of the residue $r = 7^N \bmod 10^{2008}$.

**Key claim.** $7^N \equiv 7^{-1} \pmod{10^{2008}}$.

We prove this via CRT, splitting $10^{2008} = 2^{2008}\cdot 5^{2008}$.

**Modulo $2^{2008}$.** Since $7^2 = 49 = 1+48$ with $v_2(7^2-1)=4$, and $7\equiv -1\pmod 8$ (so $7 = (-1)(-7)$ with $-7\equiv 1\pmod 8$, $v_2(-7-1)=3$), the order of $-7$ mod $2^k$ is $2^{k-3}$ for $k\ge 4$. The order of $-1$ is $2$, in the complementary factor, so $\operatorname{ord}_{2^k}(7) = \operatorname{lcm}(2,\,2^{k-3}) = 2^{k-3}$ for $k\ge 4$. Thus $\operatorname{ord}_{2^{2008}}(7)=2^{2005}$.

Now $10^{2009}=2^{2009}\cdot 5^{2009}\equiv 0\pmod{2^{2005}}$ (since $2009\ge 2005$), so $N\equiv -1\pmod{2^{2005}}$. Therefore
$$7^N \equiv 7^{-1}\pmod{2^{2008}}.$$

**Modulo $5^{2008}$.** Since $7\equiv 2\pmod 5$ is a primitive root mod $5$ (order $4$), and $2^4=16\not\equiv 1\pmod{25}$, the element $7$ is a primitive root mod $5^k$ for all $k$, with $\operatorname{ord}_{5^k}(7)=\varphi(5^k)=4\cdot 5^{k-1}$. So $\operatorname{ord}_{5^{2008}}(7)=4\cdot 5^{2007}$.

Now $10^{2009}\equiv 0\pmod{5^{2007}}$ (since $2009\ge 2007$), giving $N\equiv -1\pmod{5^{2007}}$; and $10^{2009}\equiv 0\pmod 4$, giving $N\equiv 3\equiv -1\pmod 4$. By CRT (since $\gcd(4,5^{2007})=1$):
$$N\equiv -1\pmod{4\cdot 5^{2007}}.$$
Therefore $7^N\equiv 7^{-1}\pmod{5^{2008}}$.

**Combining.** By CRT, $7^N\equiv 7^{-1}\pmod{10^{2008}}$, confirming the claim.

**Computing the residue.** The residue $r = 7^{-1}\bmod 10^{2008}$ satisfies $7r = 1 + m\cdot 10^{2008}$ for some $m\in\{1,2,3,4,5,6\}$ (since $1\le r < 10^{2008}$ forces $1\le m\le 6$). We need $7\mid(1+m\cdot 10^{2008})$.

Compute $10^{2008}\bmod 7$: since $10\equiv 3\pmod 7$ and $10^6\equiv 1\pmod 7$, with $2008 = 6\cdot 334+4$:
$$10^{2008}\equiv 3^4 = 81\equiv 4\pmod 7.$$
So $1+4m\equiv 0\pmod 7$, i.e., $4m\equiv 6\pmod 7$. Since $4^{-1}\equiv 2\pmod 7$:
$$m\equiv 6\cdot 2 = 12\equiv 5\pmod 7.$$
The unique solution in $\{1,\ldots,6\}$ is $m=5$. Hence
$$r = \frac{1+5\cdot 10^{2008}}{7}.$$

**Extracting the leading digit.** We compute
$$\frac{r}{10^{2007}} = \frac{1+5\cdot 10^{2008}}{7\cdot 10^{2007}} = \frac{5\cdot 10 + 10^{-2007}}{7} = \frac{50+\varepsilon}{7},\quad 0<\varepsilon<1.$$
Since $\frac{50}{7}=7.142\ldots$ and $\frac{51}{7}=7.285\ldots$, we have $7 < \frac{r}{10^{2007}} < 8$, so
$$\left\lfloor \frac{r}{10^{2007}}\right\rfloor = 7.$$

**Verification (small cases).** For $n=2$: $7^{99}\bmod 10 = 7^{99\bmod 4}=7^3\equiv 3$, and $7^{-1}\bmod 10 = 3$ ✓. For $n=3$: $7^{999}\bmod 100 = 7^{999\bmod 4}\equiv 7^3=343\equiv 43$, and $7^{-1}\bmod 100=43$ (since $7\cdot 43=301$) ✓; tens digit $=4$. For $n=4$: $\operatorname{ord}_{1000}(7)=100$, $9999\bmod 100=99$, $7^{999}\equiv 7^{-1}\equiv 143\pmod{1000}$ (since $7\cdot 143=1001$); hundreds digit $=1$ ✓.

**Conclusion.** The 2008-th rightmost digit of $7^{\overbrace{99\ldots 9}^{2009}}$ is $\boxed{7}$.

### PROOF COMPLETE
DEVIN_CLI_EXITED code=0
