# Solution

**Claim:** Not every infinite group has a maximal subgroup.

**Counterexample:** The Prüfer $p$-group $C_{p^\infty}$ (for any prime $p$) is an infinite group with no maximal subgroup.

---

## Construction of $C_{p^\infty}$

Let $p$ be a fixed prime. Define the Prüfer $p$-group as the subgroup of $(\mathbb{Q}/\mathbb{Z}, +)$ generated by the elements $\frac{1}{p}, \frac{1}{p^2}, \frac{1}{p^3}, \dots$:

$$C_{p^\infty} = \left\langle \tfrac{1}{p^n} + \mathbb{Z} \;\middle|\; n = 1, 2, 3, \dots \right\rangle \subseteq \mathbb{Q}/\mathbb{Z}.$$

Equivalently,

$$C_{p^\infty} = \left\{ \tfrac{a}{p^n} + \mathbb{Z} \;\middle|\; n \geq 0,\; 0 \leq a < p^n \right\}.$$

This is an infinite abelian group: it contains elements of order $p^n$ for every $n$, so it is infinite.

## Classification of subgroups

For each $n \geq 0$, set

$$H_n = \left\langle \tfrac{1}{p^n} + \mathbb{Z} \right\rangle = \left\{ \tfrac{k}{p^n} + \mathbb{Z} \;\middle|\; 0 \leq k < p^n \right\}.$$

Then $H_n$ is a cyclic group of order $p^n$, and

$$H_0 = \{0\} \;\subset\; H_1 \;\subset\; H_2 \;\subset\; H_3 \;\subset\; \cdots$$

with $[H_{n+1} : H_n] = p$ for all $n$.

**Every proper subgroup of $C_{p^\infty}$ is some $H_n$.**

*Proof.* Let $K \leq C_{p^\infty}$ be a proper subgroup. Every element of $C_{p^\infty}$ has order $p^m$ for some $m$, so every element of $K$ lies in some $H_n$. If $K$ contains an element of order $p^m$, then $K$ contains $H_m$ (since $H_m$ is the unique subgroup of order $p^m$ in $C_{p^\infty}$, being the $p^m$-torsion of $\mathbb{Q}/\mathbb{Z}$ restricted to $p$-powers). Let $N = \sup\{n : H_n \subseteq K\}$. If $N = \infty$, then $K$ contains every $H_n$, hence $K = \bigcup_n H_n = C_{p^\infty}$, contradicting properness. So $N < \infty$, meaning $K = H_N$. $\square$

In particular, the union of the entire ascending chain is the whole group:

$$\bigcup_{n=0}^{\infty} H_n = C_{p^\infty}.$$

## No maximal subgroup exists

Let $H_n$ be any proper subgroup (i.e., any $n \geq 0$). Then

$$H_n \;\subsetneq\; H_{n+1} \;\subsetneq\; C_{p^\infty},$$

where $H_{n+1}$ is also a proper subgroup (it is finite, while $C_{p^\infty}$ is infinite). Therefore $H_n$ is **not** a maximal subgroup, since there exists a proper subgroup $H_{n+1}$ strictly between $H_n$ and $C_{p^\infty}$.

Since every proper subgroup is some $H_n$, and no $H_n$ is maximal, the group $C_{p^\infty}$ has **no maximal subgroups**.

## Conclusion

The Prüfer $p$-group $C_{p^\infty}$ is an infinite group with no maximal subgroup. Therefore, **not every infinite group has a maximal subgroup**.

### PROOF COMPLETE
DEVIN_CLI_EXITED code=0
