I'll solve this step-by-step. First, let me check for answer leaks — the problem contains no leaked solutions or answer values. Now let me solve.

## Setting Up the Triangle

Given $r = 4$ and $R = \frac{65}{8}$, I recognize these as the inradius and circumradius of the **13-14-15 triangle**. Verification:
- $s = 21$, area $= \sqrt{21 \cdot 8 \cdot 7 \cdot 6} = 84$, so $r = 84/21 = 4$ ✓
- $R = \frac{13 \cdot 14 \cdot 15}{4 \cdot 84} = \frac{2730}{336} = \frac{65}{8}$ ✓

Assign $a = BC = 13$, $b = CA = 14$, $c = AB = 15$.

## Coordinate System (Incenter at Origin)

Place $I$ at the origin with incircle $x^2 + y^2 = 16$. The sides are tangent lines. Computing the angles:
$$\cos A = \tfrac{3}{5},\; \sin A = \tfrac{4}{5}; \quad \cos B = \tfrac{33}{65},\; \sin B = \tfrac{56}{65}; \quad \cos C = \tfrac{5}{13},\; \sin C = \tfrac{12}{13}$$

The touchpoints (using $\cot(A/2)=2$, $\cot(B/2)=7/4$):
- $F = (4, 0)$ on $AB$ (line $x=4$)
- $D = (-4\cos B,\; 4\sin B) = \left(-\tfrac{132}{65},\; \tfrac{224}{65}\right)$ on $BC$
- $E = (-4\cos A,\; -4\sin A) = \left(-\tfrac{12}{5},\; -\tfrac{16}{5}\right)$ on $CA$

**Vertices:**
- $A = (4,\; -4\cot\tfrac{A}{2}) = (4, -8)$
- $B = (4,\; 4\cot\tfrac{B}{2}) = (4, 7)$
- $C$: solving $BC: -33x + 56y = 260$ and $CA: 3x + 4y = -20$ gives $C = \left(-\tfrac{36}{5},\; \tfrac{2}{5}\right)$

**Side length check:** $AB = 15$ ✓, $AC = 14$ ✓, $BC = 13$ ✓

## Finding Relay Station $P$ and Beacon $M$

**Line $FD$:** Direction $D - F = \left(-\tfrac{392}{65}, \tfrac{224}{65}\right) \propto (-7, 4)$.

Parametrize: $(x,y) = (4 - 7t,\; 4t)$. Intersect with $CA: 3x + 4y = -20$:
$$3(4 - 7t) + 4(4t) = -20 \implies 12 - 5t = -20 \implies t = \tfrac{32}{5}$$
$$P = \left(4 - \tfrac{224}{5},\; \tfrac{128}{5}\right) = \left(-\tfrac{204}{5},\; \tfrac{128}{5}\right)$$

**Beacon $M$** = midpoint of $P$ and $E$:
$$M = \left(\frac{-\frac{204}{5} - \frac{12}{5}}{2},\; \frac{\frac{128}{5} - \frac{16}{5}}{2}\right) = \left(-\frac{108}{5},\; \frac{56}{5}\right)$$

## Finding the Circumcenter $O$

Since $A = (4,-8)$ and $B = (4,7)$ share $x = 4$, the perpendicular bisector of $AB$ is $y = -\frac{1}{2}$.

Setting $O = (o_x, -\frac{1}{2})$ and equating $OA^2 = OC^2$:
$$(o_x - 4)^2 + \tfrac{225}{4} = \left(o_x + \tfrac{36}{5}\right)^2 + \tfrac{81}{100}$$
$$-\tfrac{112}{5}\,o_x = -\tfrac{98}{5} \implies o_x = \tfrac{7}{8}$$
$$O = \left(\tfrac{7}{8},\; -\tfrac{1}{2}\right)$$

**Verification:** $R = OA = \sqrt{\left(\tfrac{25}{8}\right)^2 + \left(\tfrac{15}{2}\right)^2} = \sqrt{\tfrac{4225}{64}} = \tfrac{65}{8}$ ✓, and $OI^2 = \tfrac{49}{64} + \tfrac{1}{4} = \tfrac{65}{64}$ (matches Euler's formula $R^2 - 2Rr = \tfrac{4225}{64} - 65 = \tfrac{65}{64}$) ✓

## Computing $|OM^2 - IM^2|$

$$IM^2 = \left(\tfrac{108}{5}\right)^2 + \left(\tfrac{56}{5}\right)^2 = \tfrac{11664 + 3136}{25} = \tfrac{14800}{25} = 592$$

$$OM^2 = \left(-\tfrac{108}{5} - \tfrac{7}{8}\right)^2 + \left(\tfrac{56}{5} + \tfrac{1}{2}\right)^2 = \left(\tfrac{899}{40}\right)^2 + \left(\tfrac{117}{10}\right)^2$$
$$= \tfrac{808201}{1600} + \tfrac{13689}{100} = \tfrac{808201 + 219024}{1600} = \tfrac{1027225}{1600} = \tfrac{41089}{64}$$

$$|OM^2 - IM^2| = \left|\tfrac{41089}{64} - 592\right| = \left|\tfrac{41089 - 37888}{64}\right| = \frac{3201}{64}$$

## Consistency Check via Beacon $N$

Line $DE$ has direction $\propto (-1, -18)$. Meeting $AB$ ($x=4$) at $t = -\frac{392}{65}$ gives $Q = (4, 112)$. Then $N = \text{midpoint}(Q, F) = (4, 56)$.

$$IN^2 = 16 + 3136 = 3152, \quad ON^2 = \left(\tfrac{25}{8}\right)^2 + \left(\tfrac{113}{2}\right)^2 = \tfrac{625}{64} + \tfrac{12769}{4} = \tfrac{204929}{64}$$
$$|ON^2 - IN^2| = \left|\tfrac{204929 - 201728}{64}\right| = \tfrac{3201}{64}$$

Both beacons yield the same value, confirming the result.

## Result

$$\boxed{|OM^2 - IM^2| = \frac{3201}{64}}$$

### PROOF COMPLETE
DEVIN_CLI_EXITED code=0
