Error: Agent error: Permission denied: Permission denied: Reached overall message rate limit. Please try again later. Your limit will reset in 51 minutes. (trace ID: 3e8addb3656f02c49e4c3e6554e952e4): {
  "cognition.ai/errorKind": "internal",
  "cognition.ai/retryable": true
}
DEVIN_CLI_EXITED code=1
Error: Agent error: Permission denied: Permission denied: Reached overall message rate limit. Please try again later. Your limit will reset in 47 minutes. (trace ID: 2116c72eb15cc9b9cbca242693d0cfc0): {
  "cognition.ai/errorKind": "internal",
  "cognition.ai/retryable": true
}
DEVIN_CLI_EXITED code=1
Error: Agent error: Permission denied: Permission denied: Reached overall message rate limit. Please try again later. Your limit will reset in 41 minutes. (trace ID: 4872ccfe0bc57a55daaf159f7a3a76fe): {
  "cognition.ai/errorKind": "internal",
  "cognition.ai/retryable": true
}
DEVIN_CLI_EXITED code=1
Error: Agent error: Permission denied: Permission denied: Reached overall message rate limit. Please try again later. Your limit will reset in 37 minutes. (trace ID: 8f999340fc140d2b0daab42692d0f110): {
  "cognition.ai/errorKind": "internal",
  "cognition.ai/retryable": true
}
DEVIN_CLI_EXITED code=1
Error: Agent error: Permission denied: Permission denied: Reached overall message rate limit. Please try again later. Your limit will reset in 31 minutes. (trace ID: 40df944320c2469318a2377647a23528): {
  "cognition.ai/errorKind": "internal",
  "cognition.ai/retryable": true
}
DEVIN_CLI_EXITED code=1
Error: Agent error: Permission denied: Permission denied: Reached overall message rate limit. Please try again later. Your limit will reset in 25 minutes. (trace ID: 360ccf80cbd2945ada53d3df45e59047): {
  "cognition.ai/errorKind": "internal",
  "cognition.ai/retryable": true
}
DEVIN_CLI_EXITED code=1
Error: Agent error: Permission denied: Permission denied: Reached overall message rate limit. Please try again later. Your limit will reset in 21 minutes. (trace ID: 334bf4f1cbbacaa5111b93c32a54ce1a): {
  "cognition.ai/errorKind": "internal",
  "cognition.ai/retryable": true
}
DEVIN_CLI_EXITED code=1
Error: Agent error: Permission denied: Permission denied: Reached overall message rate limit. Please try again later. Your limit will reset in 15 minutes. (trace ID: c7b94a010fc293ee65cf772c34f7087a): {
  "cognition.ai/errorKind": "internal",
  "cognition.ai/retryable": true
}
DEVIN_CLI_EXITED code=1
Error: Agent error: Permission denied: Permission denied: Reached overall message rate limit. Please try again later. Your limit will reset in 9 minutes. (trace ID: 37beaa529dd2f29f26af795cffc11d8b): {
  "cognition.ai/errorKind": "internal",
  "cognition.ai/retryable": true
}
DEVIN_CLI_EXITED code=1
Error: Agent error: Permission denied: Permission denied: Reached overall message rate limit. Please try again later. Your limit will reset in 5 minutes. (trace ID: f3fcc2f7ddfefc03af8fb650d56db546): {
  "cognition.ai/errorKind": "internal",
  "cognition.ai/retryable": true
}
DEVIN_CLI_EXITED code=1
我已经阅读了 `AGENTS.md` 文件。让我核实一下 AI 思考过程的剩余部分，以确认我的分析。根据我对 `AGENTS.md` 文件的全面阅读，我的分析如下：

**问题**是一个关于使用乘积法则逆向求解 SDE（随机微分方程）\( dX(t) = \frac{1}{2} e^{t/2} B(t) dt + e^{t/2} dB(t) \) 的问题。

**标准解答**正确地识别出该 SDE 正好是乘积 \( e^{t/2} B(t) \) 的微分，应用了 Itô 引理，并得出 \( X(t) = X_0 + e^{t/2} B(t) \)。

**AI 的思维**却完全不同——它解决的是一个关于“寻找与给定三角形相似且外接于另一个给定锐角三角形的最大面积三角形”的几何问题。AI 从未涉及过 SDE、Itô 演算或布朗运动。它花了 1260 多行推导外接三角形的三角恒等式、余弦定律形式和面积公式——全都是针对一个与题目无关的几何问题。

```xml
<analysis>
  <problem_id>oda_math_460k_00065490</problem_id>
  <dimension1_verdict>DIRECTION_ERROR</dimension1_verdict>
  <dimension1_explanation>The AI completely misidentified the problem: instead of solving the stochastic differential equation (an SDE involving Brownian motion B(t), Itô calculus, and the product rule), it spent its entire thinking process solving an unrelated geometry problem about finding the maximum-area triangle similar to a given triangle and circumscribed about another acute triangle. The AI never touched any stochastic calculus, Itô's lemma, or Brownian motion concepts — it went in a fundamentally wrong direction from the very first sentence.</dimension1_explanation>
  <dimension2_turning_point_type>other</dimension2_turning_point_type>
  <dimension2_explanation>The standard solution's key turning point is recognizing that the given SDE is exactly the Itô differential of the product e^{t/2}·B(t), then applying Itô's lemma to f(t,B(t)) = e^{t/2}B(t) to verify that df = (1/2)e^{t/2}B(t)dt + e^{t/2}dB(t), which matches the SDE exactly, yielding X(t) = X_0 + e^{t/2}B(t). This is a stochastic calculus technique (Itô's lemma / product rule reversal), not a number-theoretic method.</dimension2_explanation>
  <ai_direction_summary>The AI's thinking went entirely into classical Euclidean geometry — analyzing circumscribed triangles, angle decompositions, law of sines/cosines, and trigonometric area maximization — which is completely unrelated to the actual SDE problem.</ai_direction_summary>
  <standard_solution_key_technique>The standard solution uses Itô's lemma to recognize the SDE as the differential of the product e^{t/2}B(t), then adds the initial condition X_0 to obtain the solution.</standard_solution_key_technique>
  <confidence>high</confidence>
</analysis>
```

### ANALYSIS COMPLETE
DEVIN_CLI_EXITED code=0
