Looking at this problem, I need to find the maximum area of triangle AGO over all triangles with inradius 3 and circumradius 8, then compute AG² at that maximum.

**Setting up coordinates.** Place the incenter I at the origin with incircle radius r = 3. The contact points D, E, F lie on the circle of radius 3. Using the fact that the central angles are ∠EIF = π−A, ∠FID = π−B, ∠DIE = π−C, I place:
- D = (3, 0) at angle 0
- E = (−3 cos C, 3 sin C) at angle π−C  
- F = (−3 cos B, −3 sin B) at angle π+B

**Key constraint.** From r = 4R sin(A/2)sin(B/2)sin(C/2): sin(A/2)sin(B/2)sin(C/2) = 3/32. Also OI² = R²−2Rr = 16, so |O| = 4.

**Parametrization.** Set s = sin(A/2), and write B = (π−A)/2 + δ, C = (π−A)/2 − δ. The constraint gives:
$$\sin^2(\delta/2) = \frac{(3/4 - s)(s - 1/4)}{2s}, \quad s \in (1/4, 3/4)$$

This yields **cos δ = (16s² + 3)/(16s)**.

**Computing all points in terms of s.** Setting Δ = √((9−16s²)(16s²−1)):

- **A** = (−3 cos δ/s, −3 sin δ/s) = (−3 − 9/(16s²), −3Δ/(16s²))
- **G** = ((5−16s²)/8, −Δ/8) (centroid of D, E, F)
- **O** = (16s²−5, Δ) (circumcenter, verified |O|² = 16 ✓)

**Remarkable relation:** G = −O/8, so I, G, O are collinear with IG = 1/2.

**Area of AGO.** Since G = −O/8, we get O − G = 9O/8, so:
$$\text{Area} = \frac{1}{2}|\det(A,\, O-G)| = \frac{9}{16}|\det(A, O)|$$

Computing det(A, O) = −3Δ/(2s²), so:
$$\text{Area} = \frac{27\,\Delta}{32\,s^2} = \frac{27}{2}\cdot\frac{\sqrt{(9-u)(u-1)}}{u}, \quad u = 16s^2 \in (1,9)$$

**Maximizing.** Set g(u) = √((9−u)(u−1))/u. Then g²(u) = −1 + 10/u − 9/u². With v = 1/u, this is h(v) = −9v² + 10v − 1, a downward parabola maximized at **v = 5/9**, i.e., **u = 9/5**, giving g = 4/3 and **max area = 18**.

At the maximum: s² = 9/80, 16s² = 9/5, Δ = 12/5.

**Computing AG² at the maximum:**
- A = (−3 − 9/(9/5), −3·(12/5)/(9/5)) = (−8, −4)
- G = ((5−9/5)/8, −(12/5)/8) = (2/5, −3/10)

$$AG^2 = \left(-8 - \frac{2}{5}\right)^2 + \left(-4 + \frac{3}{10}\right)^2 = \left(\frac{42}{5}\right)^2 + \left(\frac{37}{10}\right)^2 = \frac{1764}{25} + \frac{1369}{100} = \frac{7056 + 1369}{100} = \frac{8425}{100} = \frac{337}{4}$$

**Verification:** |O|² = (−16/5)² + (12/5)² = 400/25 = 16 ✓; |O−A|² = (24/5)² + (32/5)² = 1600/25 = 64 = R² ✓; sin(A/2)sin(B/2)sin(C/2) = (3/(4√5))·(√5/8) = 3/32 ✓; Area = (1/2)|det(G−A, O−A)| = (1/2)·36 = 18 ✓.

Since 337 is prime, gcd(337, 4) = 1, so AG² = 337/4 with m = 337, n = 4.

**m = 337**

### PROOF COMPLETE
DEVIN_CLI_EXITED code=0
