## Solution

**Answer Leak Check:** I examined the problem text. It contains no leaked answers, solution sketches, or formalization notes. Proceeding to solve.

### Setup

A configuration $D = (q_0, \delta, F)$ over states $\{1,\dots,6\}$ produces an **activation schedule**:
$$F_D = \{n \ge 0 : \delta^n(q_0) \in F\}.$$

Since the state space is finite (6 states), the orbit $q_0, \delta(q_0), \delta^2(q_0), \dots$ is **eventually periodic**: it has a preperiod (tail) of length $\mu \ge 0$ and a cycle of length $\lambda \ge 1$, using $\mu + \lambda$ distinct states. The constraint is $\mu + \lambda \le 6$.

The activation schedule is thus an eventually periodic subset of $\mathbb{N}_0$: an arbitrary subset of $\{0,\dots,\mu-1\}$ (tail) followed by a periodic pattern of period $\lambda$ (cycle). Since tail states and cycle states are disjoint, the choice of $F$ restricted to orbit states independently determines each bit.

### Key Reduction

**Every eventually periodic set $S \subseteq \mathbb{N}_0$ with minimal preperiod $\mu^*$ and minimal period $\lambda^*$ satisfying $\mu^* + \lambda^* \le 6$ is realizable**, and conversely, every realizable schedule has such a minimal representation with $\mu^* + \lambda^* \le 6$.

*Realizability:* Given $(\mu^*, \lambda^*)$ with $\mu^*+\lambda^* \le 6$, build an orbit with $\mu^*$ tail states and $\lambda^*$ cycle states, set $\delta$ to traverse the tail then cycle, set $q_0$ to the first state, and choose $F$ to match the desired bits. Remaining $6 - \mu^* - \lambda^*$ states map arbitrarily.

*Minimality of $\mu^*+\lambda^*$:* Any valid representation $(\mu, \lambda)$ has $\mu \ge \mu^*$ and $\lambda$ a multiple of $\lambda^*$, so $\mu + \lambda \ge \mu^* + \lambda^*$. Thus the minimal representation achieves the smallest sum.

### Counting Distinct Schedules

For a fixed minimal period $\lambda^*$, let $a(\lambda^*)$ = number of **aperiodic** binary strings of length $\lambda^*$ (minimal period exactly $\lambda^*$), given by the Möbius formula:
$$a(n) = \sum_{d \mid n} \mu(d)\cdot 2^{n/d}.$$

**Case $\mu^* = 0$ (purely periodic):** The schedule is determined by an aperiodic cycle pattern of length $\lambda^*$. Count: $a(\lambda^*)$.

**Case $\mu^* \ge 1$:** The cycle pattern is aperiodic ($a(\lambda^*)$ choices). The last tail bit $t_{\mu^*-1}$ must differ from $c_{\lambda^*-1}$ (otherwise the set would be periodic from $\mu^*-1$, contradicting minimality) — this gives 1 forced choice. The remaining $\mu^*-1$ tail bits are free ($2^{\mu^*-1}$ choices). Count: $a(\lambda^*) \cdot 2^{\mu^*-1}$.

### Summing Over All Valid $(\mu^*, \lambda^*)$

For each $\lambda^*$, summing over $\mu^* = 0, 1, \dots, 6-\lambda^*$:
$$a(\lambda^*)\left(1 + \sum_{\mu=1}^{6-\lambda^*} 2^{\mu-1}\right) = a(\lambda^*)\left(1 + 2^{6-\lambda^*} - 1\right) = a(\lambda^*) \cdot 2^{6-\lambda^*}.$$

### Computing $a(\lambda^*)$ for $\lambda^* = 1, \dots, 6$

| $\lambda^*$ | $a(\lambda^*)$ | $2^{6-\lambda^*}$ | Product |
|---|---|---|---|
| 1 | $\mu(1)\cdot 2 = 2$ | $32$ | $64$ |
| 2 | $4 - 2 = 2$ | $16$ | $32$ |
| 3 | $8 - 2 = 6$ | $8$ | $48$ |
| 4 | $16 - 4 = 12$ | $4$ | $48$ |
| 5 | $32 - 2 = 30$ | $2$ | $60$ |
| 6 | $64 - 8 - 4 + 2 = 54$ | $1$ | $54$ |

### Verification with 2 States

For 2 states ($\mu+\lambda \le 2$): $a(1)\cdot 2^1 + a(2)\cdot 2^0 = 4 + 2 = 6$. Enumerating: $\emptyset$, $\mathbb{N}_0$, even numbers, odd numbers, $\{0\}$, $\{1,2,3,\dots\}$ — exactly 6 distinct schedules. ✓

### Final Computation

$$\text{Total} = 64 + 32 + 48 + 48 + 60 + 54 = \boxed{306}.$$

### PROOF COMPLETE
DEVIN_CLI_EXITED code=0
