No answer leak detected. Solving the wave equation on a disk.

---

**Problem.** Solve $u_{tt} = c^2 \nabla^2 u$ on the disk $0 \le r \le a$ with
$$u(a,\theta,t)=0,\qquad u(r,\theta,0)=0,\qquad u_t(r,\theta,0)=\alpha(r)\sin 3\theta.$$

---

## Step 1. Separation of variables in polar coordinates

Write $u = R(r)\,\Theta(\theta)\,T(t)$. The angular equation gives $\Theta'' + n^2\Theta = 0$, so $\Theta = \cos n\theta$ or $\sin n\theta$, $n = 0,1,2,\dots$. The radial equation (regular at $r=0$) is
$$r^2 R'' + r R' + (k^2 r^2 - n^2)R = 0, \qquad R(r) = J_n(kr),$$
and the boundary condition $R(a)=0$ requires $k a = j_{n,m}$, the $m$-th positive zero of $J_n$. Thus $k_{n,m} = j_{n,m}/a$. The time equation is $T'' + c^2 k_{n,m}^2\, T = 0$.

The general solution (regular at the origin, Dirichlet at $r=a$) is
$$u(r,\theta,t) = \sum_{n=0}^{\infty}\sum_{m=1}^{\infty} J_n(k_{n,m}r)\bigl[A_{nm}\cos(ck_{n,m}t)+B_{nm}\sin(ck_{n,m}t)\bigr]\bigl(a_{nm}\cos n\theta + b_{nm}\sin n\theta\bigr).$$

## Step 2. Apply the initial conditions

**Initial displacement** $u(r,\theta,0)=0$ forces every $A_{nm}=0$.

**Initial velocity** $u_t(r,\theta,0) = \alpha(r)\sin 3\theta$. Differentiating the remaining (sine-in-time) terms:
$$u_t(r,\theta,0) = \sum_{n,m} J_n(k_{n,m}r)\, B_{nm}\, c\,k_{n,m}\,\bigl(a_{nm}\cos n\theta + b_{nm}\sin n\theta\bigr).$$

The right-hand side is purely $\sin 3\theta$ with no $\cos n\theta$ component and no other $n$. By orthogonality of $\{\sin n\theta, \cos n\theta\}$, only $n=3$ with the $\sin 3\theta$ factor survives. Absorbing the constant $b_{3m}$ into $B_{3m}$, we set
$$u(r,\theta,t) = \sin 3\theta \sum_{m=1}^{\infty} B_{3m}\, J_3(k_{3,m}r)\,\sin(ck_{3,m}t), \qquad k_{3,m}=\frac{j_{3,m}}{a}.$$

Then
$$u_t(r,\theta,0) = \sin 3\theta \sum_{m=1}^{\infty} B_{3m}\, c\,k_{3,m}\, J_3(k_{3,m}r) \stackrel{!}{=} \alpha(r)\sin 3\theta.$$

Cancelling $\sin 3\theta$:
$$\sum_{m=1}^{\infty} B_{3m}\, c\,k_{3,m}\, J_3(k_{3,m}r) = \alpha(r), \qquad 0 \le r \le a.$$

## Step 3. Bessel–Fourier coefficients

The functions $\{J_3(k_{3,m}r)\}_{m\ge 1}$ are orthogonal on $[0,a]$ with weight $r$:
$$\int_0^a r\, J_3(k_{3,m}r)\,J_3(k_{3,m'}r)\,dr = \frac{a^2}{2}\bigl[J_3'(j_{3,m})\bigr]^2 \delta_{mm'} = \frac{a^2}{2}\bigl[J_4(j_{3,m})\bigr]^2 \delta_{mm'},$$
using $J_n'(x)\big|_{x=j_{n,m}} = -J_{n+1}(j_{n,m})$ (from $J_n' = \tfrac{n}{x}J_n - J_{n+1}$ and $J_n(j_{n,m})=0$).

Multiplying both sides by $r\,J_3(k_{3,m}r)$ and integrating:
$$B_{3m}\, c\,k_{3,m}\, \frac{a^2}{2}\bigl[J_4(j_{3,m})\bigr]^2 = \int_0^a r\,\alpha(r)\,J_3(k_{3,m}r)\,dr.$$

Hence
$$\boxed{B_{3m} = \frac{2}{a^2\, c\, k_{3,m}\,\bigl[J_4(j_{3,m})\bigr]^2}\int_0^a r\,\alpha(r)\,J_3\!\left(\tfrac{j_{3,m}}{a}\,r\right)dr.}$$

## Step 4. Final solution

$$\boxed{\,u(r,\theta,t) = \sin 3\theta \sum_{m=1}^{\infty} \frac{2\,\sin\!\bigl(c\,\tfrac{j_{3,m}}{a}\,t\bigr)\,J_3\!\bigl(\tfrac{j_{3,m}}{a}\,r\bigr)}{a^2\, c\,\tfrac{j_{3,m}}{a}\,\bigl[J_4(j_{3,m})\bigr]^2}\int_0^a s\,\alpha(s)\,J_3\!\bigl(\tfrac{j_{3,m}}{a}\,s\bigr)\,ds\,}$$

where $j_{3,m}$ is the $m$-th positive zero of the Bessel function $J_3$.

**Verification.** (i) Each term satisfies $u_{tt}=c^2\nabla^2 u$ (separation of variables). (ii) $J_3(j_{3,m}\cdot a/a)=J_3(j_{3,m})=0$, so $u(a,\theta,t)=0$. (iii) At $t=0$, every $\sin(ck_{3,m}\cdot 0)=0$, giving $u(r,\theta,0)=0$. (iv) Differentiating and setting $t=0$ recovers $\alpha(r)\sin 3\theta$ by the orthogonality expansion above. Regularity at $r=0$ is guaranteed since $J_3(kr)\sim r^3$ near the origin.

### PROOF COMPLETE
DEVIN_CLI_EXITED code=0
