## Solution

The curve is $\alpha(t) = (r\cos t, r\sin t)$ for $0 < t < \pi$, i.e. in coordinates $(u,v)$ we have $u = r\cos t$, $v = r\sin t$. This is the upper semicircle of radius $r$ centered at the origin, running from $(r,0)$ to $(-r,0)$.

The region "between the $u$-axis and the curve" is the open upper half-disk
$$R = \{(u,v) : u^2 + v^2 < r^2,\; v > 0\}.$$

The hyperbolic area form on the Poincaré half-plane is $\dfrac{du\wedge dv}{v^2}$, so the area is
$$A = \iint_R \frac{du\,dv}{v^2}.$$

### Computation

Switch to polar coordinates $u = \rho\cos\theta$, $v = \rho\sin\theta$, with $0 < \rho < r$ and $0 < \theta < \pi$. Then $du\,dv = \rho\,d\rho\,d\theta$ and $v^2 = \rho^2\sin^2\theta$, giving
$$A = \int_0^\pi \int_0^r \frac{\rho\,d\rho\,d\theta}{\rho^2\sin^2\theta} = \left(\int_0^r \frac{d\rho}{\rho}\right)\left(\int_0^\pi \frac{d\theta}{\sin^2\theta}\right).$$

Both factors diverge:
- $\displaystyle\int_0^r \frac{d\rho}{\rho} = \lim_{\varepsilon\to 0^+}\ln(r/\varepsilon) = +\infty$ (logarithmic divergence at $\rho=0$),
- $\displaystyle\int_0^\pi \frac{d\theta}{\sin^2\theta} = \left[-\cot\theta\right]_0^\pi = +\infty$ (divergence at $\theta=0$ and $\theta=\pi$).

### Direct verification of divergence

Even more directly: for any fixed $u_0 \in (-r, r)$, the vertical slice of $R$ at $u = u_0$ satisfies $0 < v < \sqrt{r^2 - u_0^2}$. The contribution along this slice is
$$\int_0^{\sqrt{r^2-u_0^2}} \frac{dv}{v^2} = \lim_{\varepsilon\to 0^+}\left(\frac{1}{\varepsilon} - \frac{1}{\sqrt{r^2-u_0^2}}\right) = +\infty.$$

Since every interior vertical slice already contributes an infinite amount, the total area is infinite. The divergence comes from the neighborhood of the $u$-axis ($v \to 0$), where the area form $du\wedge dv/v^2$ blows up — geometrically, the $u$-axis is at infinite hyperbolic distance from every point of the half-plane, and the region accumulates an infinite amount of hyperbolic area near it.

### Conclusion

The area between the $u$-axis and the semicircle $\alpha(t) = (r\cos t, r\sin t)$, $0 < t < \pi$, with respect to the Poincaré area form $du\wedge dv/v^2$, is **infinite**.

### PROOF COMPLETE
DEVIN_CLI_EXITED code=0
