I'll solve this directly in the TUI using reasoning only, no tools.

## Solution

**Yes**, such a constant exists. In fact, $C = 1$ works.

### Key Inequality

For $1 < r \le 2$ and all real $a, b$:
$$|a+b|^r + |a-b|^r \le 2|a|^r + 2|b|^r. \tag{$\star$}$$

**Proof of ($\star$):** By homogeneity, assume $b \neq 0$ and set $t = a/b$, dividing both sides by $|b|^r$. We need $g(t) := |t+1|^r + |t-1|^r - 2|t|^r \le 2$ for all $t \in \mathbb{R}$.

- **At $t = 0$:** $g(0) = 1 + 1 - 0 = 2$.
- **As $|t| \to \infty$:** By Taylor expansion, $(t \pm 1)^r = t^r(1 \pm 1/t)^r \approx t^r \pm r t^{r-1} + \frac{r(r-1)}{2}t^{r-2}$, so $g(t) \approx r(r-1)|t|^{r-2} \to 0$ (since $r < 2$).
- **For $t > 1$:** $g'(t) = r\bigl[(t+1)^{r-1} + (t-1)^{r-1} - 2t^{r-1}\bigr]$. Since $0 < r-1 < 1$, the map $x \mapsto x^{r-1}$ is **concave**, so $(t+1)^{r-1} + (t-1)^{r-1} \le 2t^{r-1}$, giving $g'(t) \le 0$. Thus $g$ is decreasing on $(1,\infty)$, so $g(t) \le g(1) = 2^r - 2 < 2$.
- **For $0 < t < 1$:** $g'(t) = r\bigl[(1+t)^{r-1} - (1-t)^{r-1} - 2t^{r-1}\bigr]$. Near $t = 0^+$, $(1+t)^{r-1} - (1-t)^{r-1} \approx 2(r-1)t$ while $2t^{r-1}$ dominates since $r-1 < 1$ (so $t^{r-1} \gg t$). Hence $g'(t) < 0$ near $0^+$, and one checks $g'(t) < 0$ throughout $(0,1)$ (the concavity argument applied to $h(s) = (1+s)^{r-1}$ shows the bracket is negative). So $g$ is decreasing on $(0,1)$, giving $g(t) \le g(0) = 2$.

By symmetry $g(-t) = g(t)$, so $g(t) \le 2$ for all $t$. $\square$

### Main Proof

We compute:
$$\mathbb{E}\bigl[|Y_n|^r - |Y_{n-1}|^r\bigr] = \mathbb{E}\Bigl[\mathbb{E}\bigl[|Y_{n-1} + X_n|^r - |Y_{n-1}|^r \;\big|\; \mathcal{F}_{n-1}\bigr]\Bigr].$$

Condition on $\mathcal{F}_{n-1}$ and fix $a = Y_{n-1}$. By hypothesis, the conditional distribution of $X_n$ given $Y_{n-1} = a$ is symmetric about zero, so $X_n \stackrel{d}{=} -X_n$ (conditionally). Therefore:

$$\mathbb{E}\bigl[|a + X_n|^r \;\big|\; a\bigr] = \mathbb{E}\bigl[|a - X_n|^r \;\big|\; a\bigr] = \tfrac{1}{2}\,\mathbb{E}\bigl[|a+X_n|^r + |a-X_n|^r \;\big|\; a\bigr].$$

Applying inequality ($\star$) pointwise with $b = X_n$:

$$|a + X_n|^r + |a - X_n|^r \le 2|a|^r + 2|X_n|^r.$$

Taking conditional expectation and dividing by 2:

$$\mathbb{E}\bigl[|a + X_n|^r \;\big|\; a\bigr] \le |a|^r + \mathbb{E}\bigl[|X_n|^r \;\big|\; a\bigr].$$

Subtracting $|a|^r$:

$$\mathbb{E}\bigl[|a + X_n|^r - |a|^r \;\big|\; a\bigr] \le \mathbb{E}\bigl[|X_n|^r \;\big|\; a\bigr].$$

Now take expectation over $a = Y_{n-1}$:

$$\mathbb{E}\bigl[|Y_n|^r - |Y_{n-1}|^r\bigr] \le \mathbb{E}\bigl[\mathbb{E}[|X_n|^r \mid \mathcal{F}_{n-1}]\bigr] = \mathbb{E}\bigl[|X_n|^r\bigr].$$

### Conclusion

The inequality holds with **$C = 1$** (independent of $r$ and $n$):

$$\mathbb{E}\bigl[|Y_n|^r - |Y_{n-1}|^r\bigr] \le \mathbb{E}\bigl[|X_n|^r\bigr], \qquad 1 < r \le 2.$$

The two essential ingredients are: (1) the **symmetry** of $X_n$ given $Y_{n-1}$, which allows us to replace $\mathbb{E}[|a+X|^r]$ by the symmetrized average $\tfrac{1}{2}\mathbb{E}[|a+X|^r + |a-X|^r]$; and (2) the **uniform convexity-type inequality** ($\star$), valid for $1 < r \le 2$, which bounds the symmetrized increment by $|b|^r$. The symmetry hypothesis is crucial—without it, the martingale-difference condition $\mathbb{E}[X_n \mid \mathcal{F}_{n-1}] = 0$ alone would not suffice to control the one-sided increment $|a+X|^r - |a|^r$.

### PROOF COMPLETE
DEVIN_CLI_EXITED code=0
