I'll solve this problem directly by reasoning.

## Problem

Six cards numbered 1–6 are lined up in a row. Count the arrangements where **some one card** can be removed so the remaining five are in ascending or descending order.

## Proof

Let $A$ = set of permutations of $\{1,\dots,6\}$ that become **ascending** after removing one card, and $D$ = those becoming **descending** after removing one card. We seek $|A \cup D|$.

### Counting $|A|$

A permutation is in $A$ iff it is obtained from the sorted permutation $(1,2,3,4,5,6)$ by displacing at most one element. Equivalently: choose a 5-element subset $S = \{1,\dots,6\}\setminus\{a\}$ (6 choices), write it in increasing order, and insert $a$ at one of 6 positions — giving $6\times 6 = 36$ (permutation, removable-position) pairs.

Now count **distinct** permutations by classifying by how many positions are "removable":

- **Identity** $(1,2,3,4,5,6)$: removing any of the 6 cards leaves an ascending sequence → 6 removable positions. (1 permutation)
- **Adjacent transpositions** (swap $k, k+1$): e.g. $(1,3,2,4,5,6)$ — removing either of the two swapped cards restores order → 2 removable positions each. There are 5 such permutations.
- **All other displaced permutations**: exactly 1 removable position.

Let $x$ = number of permutations with exactly 1 removable position. Then
$$x\cdot 1 + 5\cdot 2 + 1\cdot 6 = 36 \implies x = 20,$$
so $|A| = 20 + 5 + 1 = \mathbf{26}$.

### Counting $|D|$

By symmetry (reverse the order), $|D| = \mathbf{26}$.

### Showing $A \cap D = \emptyset$

Suppose a permutation $p$ lies in both $A$ and $D$. Then there exist positions $i, j$ such that:
- removing position $i$ leaves an **ascending** 5-sequence,
- removing position $j$ leaves a **descending** 5-sequence.

**If $i = j$**: the same 5-sequence is both ascending and descending, forcing all 5 values equal — impossible since cards are distinct.

**If $i \neq j$**: consider the $6 - 2 = 4$ positions other than $i$ and $j$. Their values, read in position order, form a subsequence of the ascending 5-sequence (hence **increasing**) and simultaneously a subsequence of the descending 5-sequence (hence **decreasing**). A sequence that is both increasing and decreasing must be constant — but 4 distinct card values cannot be constant. **Contradiction.**

Therefore $A \cap D = \emptyset$.

### Final count

$$|A \cup D| = |A| + |D| - |A\cap D| = 26 + 26 - 0 = \boxed{52}.$$

### PROOF COMPLETE
DEVIN_CLI_EXITED code=0
