Looking at this problem, I need to evaluate the contour integral using the Argument Principle and count zeros of $f_n(z)$ inside $|z|<2$.

## Proof

**Setup.** We have
$$f_n(z) = \sum_{k=0}^{n} \frac{1}{k!\, z^k} = \frac{P_n(z)}{n!\, z^n}, \qquad P_n(z) = \sum_{k=0}^{n} \frac{n!}{k!}\, z^{n-k}.$$

$P_n(z)$ is a polynomial of degree $n$, and $f_n$ has a pole of order $n$ at $z=0$. The zeros of $f_n$ are exactly the zeros of $P_n$.

**Substitution.** Set $g_n(w) = \sum_{k=0}^{n} \frac{w^k}{k!}$ (the $n$-th partial sum of $e^w$). Then $P_n(z) = n!\, z^n\, g_n(1/z)$, so the zeros of $P_n$ are $z_0 = 1/w_0$ where $w_0$ ranges over the zeros of $g_n$. The condition $|z_0| < 2$ is equivalent to $|w_0| > 1/2$.

**Rouché's theorem on $|w| = 1/2$.** On the circle $|w| = 1/2$:
$$|g_n(w) - 1| = \left|\sum_{k=1}^{n} \frac{w^k}{k!}\right| \leq \sum_{k=1}^{n} \frac{(1/2)^k}{k!} \leq \sum_{k=1}^{\infty} \frac{(1/2)^k}{k!} = e^{1/2} - 1 \approx 0.6487 < 1 = |1|.$$

Since $e^{1/2} - 1 < 1$, by Rouché's theorem $g_n(w)$ and the constant function $1$ have the same number of zeros inside $|w| < 1/2$, namely **zero**. Moreover, the strict inequality shows $g_n(w) \neq 0$ on $|w| = 1/2$ as well (if $g_n(w_0)=0$ then $|g_n(w_0)-1|=1$, contradicting the strict bound). Hence **all $n$ zeros of $g_n$ lie in $|w| > 1/2$**.

**Counting zeros of $f_n$ in $|z|<2$.** Since every zero $w_0$ of $g_n$ satisfies $|w_0| > 1/2$, every zero $z_0 = 1/w_0$ of $P_n$ (hence of $f_n$) satisfies $|z_0| < 2$. Therefore:
$$N = \text{number of zeros of } f_n \text{ in } |z|<2 = n.$$

**Applying the Argument Principle.** The function $f_n$ has:
- $N = n$ zeros (counting multiplicity) inside $|z|<2$,
- $P = n$ poles (a single pole of order $n$ at $z=0$) inside $|z|<2$.

By the Argument Principle:
$$\oint_{|z|=2} \frac{f_n'(z)}{f_n(z)}\,dz = 2\pi i\,(N - P) = 2\pi i\,(n - n) = \boxed{0}.$$

**Verification with small $n$.**
- $n=1$: $f_1(z) = (z+1)/z$; zero at $z=-1$ ($|z|=1<2$), pole of order 1 at $0$. $N=P=1$, integral $= 0$. ✓
- $n=2$: $f_2(z) = (2z^2+2z+1)/(2z^2)$; zeros at $z = \frac{-1\pm i}{2}$ with $|z|=\frac{1}{\sqrt{2}}<2$, pole of order 2 at $0$. $N=P=2$, integral $= 0$. ✓

**Conclusion.** The contour integral equals $0$, and the number of zeros of $f_n(z)$ within the closed disk $|z|<2$ is $n$.

### PROOF COMPLETE
DEVIN_CLI_EXITED code=0
