## Proof

**Claim:** Yes. For every Borel set $A \subseteq \mathbb{R}$ with $\lambda(A) > 0$, there exist Borel sets $B, C$ with $B \cap C = \emptyset$, $B \cup C = A$, and $\lambda(B), \lambda(C) > 0$.

**Construction.** Define the function
$$f(x) := \lambda\big(A \cap (-\infty, x]\big), \qquad x \in \mathbb{R}.$$

**Step 1. $f$ is continuous.** For $x < y$,
$$0 \le f(y) - f(x) = \lambda\big(A \cap (x, y]\big) \le \lambda\big((x,y]\big) = y - x.$$
Thus $f$ is Lipschitz (hence continuous) on $\mathbb{R}$.

**Step 2. Boundary behavior.** Since $A$ has finite measure on bounded intervals (as a Borel set), and using continuity from above/below of Lebesgue measure:
$$\lim_{x \to -\infty} f(x) = \lambda\!\left(\bigcap_{n} A \cap (-\infty, -n]\right) = \lambda(\emptyset) = 0,$$
$$\lim_{x \to +\infty} f(x) = \lambda\!\left(\bigcup_{n} A \cap (-\infty, n]\right) = \lambda(A).$$
The first limit uses $A \cap (-\infty, -n] \downarrow \emptyset$ with finite measure for large $n$; the second uses upward continuity of measure.

**Step 3. Intermediate value.** Since $\lambda(A) > 0$, the value $\lambda(A)/2$ lies strictly between $\lim_{x\to-\infty} f(x) = 0$ and $\lim_{x\to+\infty} f(x) = \lambda(A)$. By continuity of $f$ and the intermediate value theorem, there exists $x_0 \in \mathbb{R}$ with
$$f(x_0) = \lambda(A \cap (-\infty, x_0]) = \frac{\lambda(A)}{2}.$$

**Step 4. Define the partition.** Set
$$B := A \cap (-\infty, x_0], \qquad C := A \cap (x_0, +\infty).$$

Both are Borel sets (intersections of Borel sets). They satisfy:
- $B \cap C = \emptyset$ since $(-\infty, x_0] \cap (x_0, +\infty) = \emptyset$.
- $B \cup C = A$ since $(-\infty, x_0] \cup (x_0, +\infty) = \mathbb{R}$.
- $\lambda(B) = f(x_0) = \lambda(A)/2 > 0$.
- $\lambda(C) = \lambda(A) - \lambda(B) = \lambda(A)/2 > 0$.

Thus $B$ and $C$ have all the required properties. $\blacksquare$

### PROOF COMPLETE
DEVIN_CLI_EXITED code=0
