## 解法

**问题设定：** 对于正整数 $x$，令 $A(x) = |x^2 - x - 6|$。我们需要找出所有使得 $A(x)$ 恰好有 4 个正因数的 $x$，然后对它们求和。

**因式分解：** $x^2 - x - 6 = (x-3)(x+2)$，因此 $A(x) = |x-3|\cdot|x+2|$。由于 $x \geq 1$，有 $x+2 \geq 3 > 0$，因此 $|x+2| = x+2$。

**关键事实：** 一个正整数 $n$ 恰好有 4 个正因数，当且仅当 $n = p^3$（$p$ 为素数）或 $n = pq$（$p \neq q$ 均为素数）。

---

### 情况 1：$x = 3$

$A(3) = 0$，它没有有限个因数。排除。

### 情况 2：$x = 1, 2$（此时 $|x-3| = 3-x$）

- $x = 1$：$A = (3)(3) = 9$。等等——$|1-3| = 2$，$|1+2|=3$，所以 $A = 2 \cdot 3 = 6$。因数：$\{1,2,3,6\}$ → **4 个因数。** ✓
- $x = 2$：$|2-3|=1$，$|2+2|=4$，$A = 1 \cdot 4 = 4$。因数：$\{1,2,4\}$ → 3 个因数。✗

### 情况 3：$x \geq 4$（此时 $|x-3| = x-3$）

$A = (x-3)(x+2)$。令 $a = x-3 \geq 1$，$b = x+2 = a+5$，因此 $A = a(a+5)$ 且 $b - a = 5$。

令 $d = \gcd(a, a+5) = \gcd(a, 5)$，因此 $d \in \{1, 5\}$。

**子情况 3a：$d = 1$（$5 \nmid a$）。** 此时 $a$ 与 $a+5$ 互质，所以 $\tau(a(a+5)) = \tau(a)\cdot\tau(a+5) = 4$。

因数对 $(\tau(a), \tau(a+5))$ 的乘积为 4：
- $(1, 4)$：$a = 1$，$\tau(6) = 4$。 ✓ → $x = 4$，$A = 6$，因数 $\{1,2,3,6\}$。 ✓
- $(4, 1)$：$a+5 = 1$，不可能（因为 $a+5 \geq 6$）。
- $(2, 2)$：$a$ 为素数且 $a+5$ 为素数。若 $a$ 为奇素数，则 $a+5$ 为偶数且 $> 2$，不是素数。因此 $a = 2$，$a+5 = 7$（素数）。 ✓ → $x = 5$，$A = 14$，因数 $\{1,2,7,14\}$。 ✓

**子情况 3b：$d = 5$（$5 \mid a$）。** 令 $a = 5k$，$a+5 = 5(k+1)$，因此 $A = 25\,k(k+1)$，且 $\gcd(k, k+1) = 1$。

将 $k$ 和 $k+1$ 中的 5 的幂提取出来：令 $k = 5^s m$，$k+1 = 5^t n$，其中 $\gcd(m,5)=\gcd(n,5)=1$，$\gcd(m,n)=1$，且 $s, t$ 中至多有一个为正数。则
$$A = 5^{2+s+t}\cdot m \cdot n, \quad \tau(A) = (3+s+t)\,\tau(m)\,\tau(n) = 4.$$

由于 $3+s+t \geq 3$：
- $3+s+t = 3$：需要 $\tau(m)\tau(n) = 4/3$，非整数。 ✗
- $3+s+t = 4$（即 $s+t=1$）：需要 $m = n = 1$，即 $k = 5^s$ 且 $k+1 = 5^t$。
  - $s=1, t=0$：$k=5, k+1=6 \neq 5^0 = 1$。 ✗
  - $s=0, t=1$：$k=1, k+1=2 \neq 5^1 = 5$。 ✗
- $3+s+t \geq 5$：乘积 $\geq 5 > 4$。 ✗

此子情况下无解。

---

### 验证

| $x$ | $A(x)$ | 因数 | 数量 |
|-----|--------|----------|-------|
| 1 | 6 | 1,2,3,6 | 4 ✓ |
| 4 | 6 | 1,2,3,6 | 4 ✓ |
| 5 | 14 | 1,2,7,14 | 4 ✓ |

所有其他正整数 $x$ 均不满足条件（已通过结构性论证和抽样检查验证）。

### 答案

所有使温室达到“Optimally Balanced”状态的正整数 $x$ 的和为：

$$1 + 4 + 5 = \boxed{10}$$

### 证明完成
DEVIN_CLI_EXITED code=0
