## Solution

We evaluate $\displaystyle \oint_{|z|=1} \sqrt{z}\,dz$ with a branch cut along the positive real axis.

**Branch choice.** With the cut on $[0,+\infty)$, we take $\arg(z)\in(0,2\pi)$, so
$$\sqrt{z} = |z|^{1/2}\,e^{i\arg(z)/2}.$$

**Parametrization.** Set $z = e^{2\pi i t}$, $t\in[0,1]$, traversing the unit circle counterclockwise. Then $dz = 2\pi i\, e^{2\pi i t}\,dt$, and for $t\in(0,1)$ the argument is $2\pi t\in(0,2\pi)$, giving
$$\sqrt{z} = \sqrt{e^{2\pi i t}} = e^{i\pi t}.$$

(The endpoints $t=0,1$ lie on the branch cut, but values at isolated points do not affect the integral.)

**Computing the integral:**
$$\oint_{|z|=1}\sqrt{z}\,dz = \int_0^1 e^{i\pi t}\cdot 2\pi i\, e^{2\pi i t}\,dt = 2\pi i\int_0^1 e^{3\pi i t}\,dt.$$

Evaluating:
$$2\pi i\int_0^1 e^{3\pi i t}\,dt = 2\pi i\left[\frac{e^{3\pi i t}}{3\pi i}\right]_0^1 = \frac{2}{3}\left(e^{3\pi i}-1\right).$$

Since $e^{3\pi i} = \cos(3\pi)+i\sin(3\pi) = -1$:

$$\frac{2}{3}(-1-1) = \frac{2}{3}(-2) = -\frac{4}{3}.$$

**Verification via antiderivative.** On this branch, $\frac{2}{3}z^{3/2}$ is an antiderivative of $\sqrt{z}$. Traversing the circle from just above to just below the cut:
- Start (above, $\arg\to 0^+$): $z^{3/2}\to e^{i\cdot 0}=1$.
- End (below, $\arg\to 2\pi^-$): $z^{3/2}\to e^{i\cdot 3\pi}=-1$.

Thus $\oint = \frac{2}{3}[(-1)-(1)] = -\frac{4}{3}$, confirming the result.

$$\boxed{\oint_{|z|=1}\sqrt{z}\,dz = -\dfrac{4}{3}}$$

### PROOF COMPLETE
DEVIN_CLI_EXITED code=0
