Based on my reading of the full AGENTS.md, I now understand the analysis task. Let me analyze the AI's thinking versus the standard solution.

Key observations:
- The standard solution identifies the jump structure (jumps at powers of 2), derives the formula f(n) = 3·2^m - 1 - n, and computes f(2002) = 1069.
- The AI's thinking follows the SAME approach: it identifies the run/jump structure, derives the same jump points j_k = 2^k, derives the same formula f(n) = 3·2^{k+1} - 1 - n, and computes the same answer f(2002) = 1069.
- However, after finding the correct answer, the AI becomes obsessed with proving uniqueness. It constructs an alternative function (starting at f(1)=11) that it believes is also surjective, yielding f(2002)=113. This sends it into an extended rabbit hole debating whether the function is unique.
- The thinking is truncated mid-thought (ending at "cycle" while exploring yet another case analysis), indicating it ran out of tokens.

The AI was in the right direction and found the correct answer, but ran out of tokens while trying to verify uniqueness — a question the standard solution doesn't even address rigorously.

```xml
<analysis>
  <problem_id>polymath_00387</problem_id>
  <dimension1_verdict>TOKEN_LIMIT</dimension1_verdict>
  <dimension1_explanation>The AI used the same key approach as the standard solution — identifying the run/jump structure, deriving jump points at powers of 2 (j_k = 2^k), and obtaining the identical formula f(n) = 3·2^m - 1 - n yielding f(2002) = 1069. However, after reaching the correct answer, the AI spent the remainder of its tokens obsessively trying to prove uniqueness of the function, constructing a (plausibly valid) alternative surjective function with f(2002)=113, and ran out of tokens mid-thought while still debating whether the answer is unique.</dimension1_explanation>
  <dimension2_turning_point_type>other</dimension2_turning_point_type>
  <dimension2_explanation>The key technique in the standard solution is identifying the power-of-2 structure of the jump points and deriving the closed-form formula f(n) = 3·2^m - 1 - n for n in [2^m, 2^{m+1}-1]. This is a structural/combinatorial argument about tiling the positive integers with decreasing runs, not a modular-arithmetic technique.</dimension2_explanation>
  <ai_direction_summary>The AI's thinking went in the correct direction — replicating the standard solution's run/jump structure and power-of-2 formula — but then diverged into an extended, ultimately unresolved quest to prove uniqueness of the function.</ai_direction_summary>
  <standard_solution_key_technique>The standard solution identifies that jumps occur at powers of 2 and derives the closed-form formula f(n) = 3·2^m - 1 - n for the interval [2^m, 2^{m+1}-1], then evaluates at n=2002 with m=10.</standard_solution_key_technique>
  <confidence>high</confidence>
</analysis>
```

### ANALYSIS COMPLETE
DEVIN_CLI_EXITED code=0
