## 解答

我们要找 $g(x)$ 使得 $f(x) \sim g(x)\,e^x$ 当 $x\to\infty$，其中 $\varepsilon\in(0,1)$。

**关键观察。** 注意到
$$
\frac{f(x)}{e^x}=\frac{\sum_{n=1}^\infty n^\varepsilon \frac{x^n}{n!}}{\sum_{n=0}^\infty \frac{x^n}{n!}}=\mathbb{E}\!\left[N^{\varepsilon}\right],
$$
其中 $N\sim\operatorname{Poisson}(x)$。因此问题等价于求 $\mathbb{E}[N^\varepsilon]$ 当 $x\to\infty$ 时的渐近。

**断言：** $g(x)=x^\varepsilon$，即 $\mathbb{E}[N^\varepsilon]\sim x^\varepsilon$。

**上界（Jensen）。** 由于 $t\mapsto t^\varepsilon$ 在 $t>0$ 上是凹函数（$\varepsilon\in(0,1)$），由 Jensen 不等式
$$
\mathbb{E}[N^\varepsilon]\le \bigl(\mathbb{E}[N]\bigr)^\varepsilon = x^\varepsilon.
$$
于是 $\mathbb{E}\!\left[(N/x)^\varepsilon\right]\le 1$。

**下界。** 对任意 $\delta\in(0,1)$，在事件 $\{|N-x|\le \delta x\}$ 上有 $N\ge (1-\delta)x$，故 $(N/x)^\varepsilon\ge (1-\delta)^\varepsilon$。因此
$$
\mathbb{E}\!\left[(N/x)^\varepsilon\right]\ge (1-\delta)^\varepsilon\,\Pr\!\bigl(|N-x|\le \delta x\bigr).
$$
由 Chebyshev 不等式（或大数律），
$$
\Pr\!\bigl(|N-x|>\delta x\bigr)\le \frac{\operatorname{Var}(N)}{\delta^2 x^2}=\frac{x}{\delta^2 x^2}=\frac{1}{\delta^2 x}\xrightarrow[x\to\infty]{}0,
$$
所以 $\Pr(|N-x|\le\delta x)\to 1$。从而
$$
\liminf_{x\to\infty}\mathbb{E}\!\left[(N/x)^\varepsilon\right]\ge (1-\delta)^\varepsilon.
$$
令 $\delta\to 0^+$，得 $\liminf\ge 1$。结合上界 $\le 1$，有
$$
\lim_{x\to\infty}\mathbb{E}\!\left[(N/x)^\varepsilon\right]=1,
$$
即 $\mathbb{E}[N^\varepsilon]\sim x^\varepsilon$。

**结论。**
$$
f(x)=\mathbb{E}[N^\varepsilon]\cdot e^x \sim x^\varepsilon\, e^x,
$$
故
$$
\boxed{g(x)=x^{\varepsilon}}.
$$

### 证明完成
DEVIN_CLI_EXITED code=0
