## Solution

**Field setup.** Let $K = \mathbb{Q}(\sqrt{-41})$. Since $-41 \equiv 3 \pmod{4}$, the ring of integers is $\mathcal{O}_K = \mathbb{Z}[\sqrt{-41}]$ with discriminant $D = 4(-41) = -164$.

**Minkowski bound.** For this imaginary quadratic field ($n=2$, $r=0$ real places, $s=1$ complex place):

$$M_K = \left(\frac{2}{\pi}\right)^1 \cdot \frac{2!}{2^2} \cdot \sqrt{|D|} = \frac{2}{\pi}\cdot\frac{1}{2}\cdot\sqrt{164} = \frac{2\sqrt{41}}{\pi} \approx \frac{12.806}{3.14159} \approx 4.076.$$

By Minkowski's theorem, every ideal class contains an integral ideal of norm $\leq M_K \approx 4.076$. Hence the class group is generated by classes of prime ideals lying above rational primes $p \leq 4$, i.e. $p = 2$ and $p = 3$.

**Factoring small primes.** The minimal polynomial is $x^2 + 41$.

- **$p = 2$:** $x^2 + 41 \equiv x^2 + 1 \equiv (x+1)^2 \pmod{2}$, and $2 \mid D$, so $2$ ramifies: $(2) = \mathfrak{p}^2$ with $\mathfrak{p} = (2, 1+\sqrt{-41})$, $N(\mathfrak{p})=2$.
- **$p = 3$:** $x^2 + 41 \equiv x^2 - 1 \equiv (x-1)(x+1) \pmod{3}$ (since $-41 \equiv 1 \pmod 3$), so $3$ splits: $(3) = \mathfrak{q}_1 \mathfrak{q}_2$ with $\mathfrak{q}_1 = (3, \sqrt{-41}-1)$, $\mathfrak{q}_2 = (3, \sqrt{-41}+1)$, each of norm $3$, and $[\mathfrak{q}_2] = [\mathfrak{q}_1]^{-1}$.

**Counting reduced forms.** To determine the class number precisely, we count reduced binary quadratic forms of discriminant $D = -164$. A reduced form $[a,b,c]$ satisfies $b^2 - 4ac = -164$, $|b| \le a \le c$, with $b \ge 0$ when $|b|=a$ or $a=c$. Writing $b = 2b'$ (since $b$ must be even), we get $ac = b'^2 + 41$, and the bound $a \le \sqrt{|D|/3} \approx 7.39$ gives $a \le 7$.

| $a$ | valid $b'$ | $c = (b'^2+41)/a$ | reduced forms |
|-----|-----------|-------------------|---------------|
| 1 | 0 | 41 | $[1, 0, 41]$ |
| 2 | 1 | 21 | $[2, 2, 21]$ |
| 3 | $\pm 1$ | 14 | $[3, 2, 14],\ [3, -2, 14]$ |
| 4 | — | — | none ($b'^2 \equiv 3 \pmod 4$ impossible) |
| 5 | $\pm 2$ | 9 | $[5, 4, 9],\ [5, -4, 9]$ |
| 6 | $\pm 1$ | 7 | $[6, 2, 7],\ [6, -2, 7]$ |
| 7 | $\pm 1$ | 6 | none ($a \le c$ fails: $7 > 6$) |

Total: $1 + 1 + 2 + 0 + 2 + 2 + 0 = \mathbf{8}$ reduced forms.

Since the class number equals the number of reduced forms of the fundamental discriminant, we obtain $h_K = 8$.

**Structure (confirming consistency).** The ambiguous forms (those fixed by $[a,b,c]\mapsto[a,-b,c]$, i.e. with $b=0$ or $a=|b|$ or $a=c$) are $[1,0,41]$ (the identity) and $[2,2,21]$ (with $a=|b|$). Thus there are exactly $2$ elements of order dividing $2$, i.e. exactly one element of order $2$. Among groups of order $8$, only $\mathbb{Z}/8\mathbb{Z}$ has a unique element of order $2$, so the class group is cyclic. This is consistent with our generators: $[\mathfrak{p}]$ has order $2$ (since $\mathfrak{p}^2=(2)$ is principal, but $\mathfrak{p}$ is not, as $N(a+b\sqrt{-41})=a^2+41b^2=2$ has no integer solution), and $[\mathfrak{q}_1]$ generates the full group of order $8$.

**Answer.** The ideal class group of $\mathbb{Q}(\sqrt{-41})$ has order $\boxed{8}$.

### PROOF COMPLETE
DEVIN_CLI_EXITED code=0
