**Answer Leak Self-Check:** I reviewed the problem text. It contains no leaked answers, solution sketches, formalization notes, or embedded official solutions. Proceeding to solve.

---

## Solution

Let $S = \sum_{k=1}^{n} y_k$. The function to maximize over $\mu > 0$ is

$$g(\mu) = \exp\!\left(\frac{-n\mu^{2}}{\sigma^{2}}\right)\exp\!\left(\frac{2\mu}{\sigma^{2}}\,S\right) = \exp\!\left(\frac{-n\mu^{2}+2\mu S}{\sigma^{2}}\right).$$

Since the exponential is monotonically increasing, maximizing $g(\mu)$ is equivalent to maximizing the exponent

$$h(\mu) = \frac{-n\mu^{2}+2\mu S}{\sigma^{2}}.$$

### Completing the square

Rewrite the numerator:

$$-n\mu^{2}+2\mu S = -n\!\left(\mu - \frac{S}{n}\right)^{2} + \frac{S^{2}}{n}.$$

Hence

$$h(\mu) = \frac{-n\!\left(\mu - \frac{S}{n}\right)^{2}}{\sigma^{2}} + \frac{S^{2}}{n\sigma^{2}}.$$

The first term is $\le 0$ for all $\mu$, with equality iff $\mu = S/n$. Therefore the **unconstrained** maximum of $h$ is

$$h^{*} = \frac{S^{2}}{n\sigma^{2}}, \qquad \text{attained at } \mu^{*} = \frac{S}{n}.$$

### Enforcing the constraint $\mu > 0$

**Case 1: $S > 0$.** Then $\mu^{*} = S/n > 0$, which lies in the feasible region. The maximum is attained and

$$f(y) = \exp\!\left(\frac{S^{2}}{n\sigma^{2}}\right) = \exp\!\left(\frac{\left(\sum_{k=1}^{n} y_k\right)^{2}}{n\sigma^{2}}\right).$$

**Case 2: $S \le 0$.** Then $\mu^{*} = S/n \le 0$, which is **outside** the feasible region $\mu > 0$. Since the parabola $-n\mu^{2}+2\mu S$ opens downward with vertex at $\mu = S/n \le 0$, the function $h(\mu)$ is strictly decreasing on $(0,\infty)$. Thus

$$\sup_{\mu>0} h(\mu) = \lim_{\mu \to 0^{+}} h(\mu) = 0,$$

so $f(y) = \sup_{\mu > 0} g(\mu) = e^{0} = 1$ (the supremum is not attained for $S < 0$; for $S = 0$ it is also not attained since $\mu > 0$ is strict, but $\sup = 1$).

### Final result

Combining both cases:

$$\boxed{f(y) = \max_{\mu>0}\left[\exp\!\left(\frac{-n\mu^{2}}{\sigma^{2}}\right)\exp\!\left(\frac{2\mu}{\sigma^{2}}\sum_{k=1}^{n}y_{k}\right)\right] = \exp\!\left(\frac{\left(\sum_{k=1}^{n}y_{k}\right)^{2}}{n\sigma^{2}}\right)}$$

when $\sum_{k=1}^{n} y_k > 0$ (the maximizer is $\mu^{*} = \frac{1}{n}\sum_{k=1}^{n} y_k$), and $f(y) = 1$ (as a supremum) when $\sum_{k=1}^{n} y_k \le 0$.

**Remark.** In the typical statistical setting where $y_k \sim N(\mu_0, \sigma^2)$ with $\mu_0 > 0$, the sum $S = \sum y_k$ is positive with high probability (concentrated around $n\mu_0$), so the primary case $S > 0$ applies and the maximum value is $\exp\!\left(\frac{(\sum y_k)^2}{n\sigma^2}\right)$.

### PROOF COMPLETE
DEVIN_CLI_EXITED code=0
