I'll solve this problem directly in my reasoning, then output the proof.

**Setup.** Place $M$ at the origin, $A=(-c,0)$, $B=(c,0)$ so $AB=2c$, and $C=(x,y)$ with $y\neq 0$.

**Circumcenter.** Since $O$ lies on the perpendicular bisector of $AB$ (the $y$-axis), $O=(0,k)$. From $OA=OC$:
$$c^2+k^2=x^2+(y-k)^2 \implies 2yk=x^2+y^2-c^2. \quad(\star)$$

**Circumcircle of $\triangle AMO$.** Since $\angle AMO=90°$, this circle has diameter $AO$, center $(-c/2,\,k/2)$, equation $(X+c/2)^2+(Y-k/2)^2=(c^2+k^2)/4$.

**Bisecting condition.** The midpoint of $CM$ is $(x/2,y/2)$. Substituting into the circle equation:
$$(x+c)^2+(y-k)^2=c^2+k^2 \implies x^2+2xc+y^2-2yk=0.$$
Using $(\star)$: $x^2+2xc+y^2-(x^2+y^2-c^2)=0 \implies 2xc+c^2=0$, so $x=-c/2$.

**Side lengths.** With $C=(-c/2,y)$:
$$AC=\sqrt{c^2/4+y^2},\quad BC=\sqrt{9c^2/4+y^2},\quad AB=2c.$$
Setting $q=AC$, $p=BC$, $r=AB=2c$: $p^2-q^2=2c^2=r^2/2$, i.e. $(p-q)(p+q)=2m^2$ where $m=c=r/2$.

**Integrality.** For $p,q$ integers, $u=p-q$ and $v=p+q$ share parity. Since $uv=2m^2$ is even, both must be even, forcing $m$ even: $m=2n$, $r=4n$. Write $u=2s$, $v=2t$ with $st=2n^2$, giving $p=s+t$, $q=t-s$, $r=4n$.

**Non-degeneracy.** $y^2=q^2-n^2>0$ requires $q>n$, i.e. $t-s>n$ (strictly). Triangle inequality $p+q>2m$ reduces to the same condition $q>n$.

**Perimeter.** $P=p+q+r=2t+4n$. Since $t-s\ge n+1$ and $s\ge 1$: $t\ge n+2$, so $P\ge 6n+4$.

For $P<24$: $6n+4<24\Rightarrow n\le 3$. Check each:

- **$n=1$:** $st=2$, divisors $s<\sqrt2$: only $s=1$, $t=2$, $t-s=1\not>1$. ✗
- **$n=2$:** $st=8$, $s<2\sqrt2\approx2.83$: $s\in\{1,2\}$. $s=2\Rightarrow t=4$, $t-s=2\not>2$ ✗. $s=1\Rightarrow t=8$, $t-s=7>2$ ✓. $P=16+8=24$, sides $(p,q,r)=(9,7,8)$.
- **$n=3$:** $st=18$, $s<3\sqrt2\approx4.24$: $s\in\{1,2,3\}$. Best: $s=2,t=9$, $P=18+12=30>24$.

**Verification of $(9,7,8)$.** $A=(-4,0),B=(4,0),C=(-2,3\sqrt5)$. $AC=\sqrt{4+45}=7$ ✓, $BC=\sqrt{36+45}=9$ ✓. $k=(4+45-16)/(6\sqrt5)=11\sqrt5/10$. Midpoint of $CM=(-1,3\sqrt5/2)$; checking the circumcircle of $AMO$: $1+(19\sqrt5/20)^2=1+1805/400=22.05/4=5.5125=\text{radius}^2$ ✓.

**Conclusion.** The least possible perimeter is $\boxed{24}$.

### PROOF COMPLETE
DEVIN_CLI_EXITED code=0
