Error: Agent error: Permission denied: Permission denied: Reached overall message rate limit. Please try again later. Your limit will reset in 45 minutes. (trace ID: 0d0619c6872aeb59cc2473702589a412): {
  "cognition.ai/errorKind": "internal",
  "cognition.ai/retryable": true
}
DEVIN_CLI_EXITED code=1
Error: Agent error: Permission denied: Permission denied: Reached overall message rate limit. Please try again later. Your limit will reset in 29 minutes. (trace ID: c0e424f39e593cede0574344b3d1255c): {
  "cognition.ai/errorKind": "internal",
  "cognition.ai/retryable": true
}
DEVIN_CLI_EXITED code=1
Error: Agent error: Permission denied: Permission denied: Reached overall message rate limit. Please try again later. Your limit will reset in 13 minutes. (trace ID: d0135ef8fc949e94bdce26e08b8eaea5): {
  "cognition.ai/errorKind": "internal",
  "cognition.ai/retryable": true
}
DEVIN_CLI_EXITED code=1
Error: Agent error: Permission denied: Permission denied: Reached overall message rate limit. Please try again later. Your limit will reset in 3 minutes. (trace ID: c4985a0286574ae11b746b1b816c85b9): {
  "cognition.ai/errorKind": "internal",
  "cognition.ai/retryable": true
}
DEVIN_CLI_EXITED code=1
我已经阅读了完整的 `AGENTS.md`。它包含了两个数学问题的长篇 CoT（思维链）推理轨迹。现在我将直接输出 XML 分析结果。

```xml
<?xml version="1.0" encoding="UTF-8"?>
<analysis>
  <metadata>
    <task_id>full-analysis-30c-r000504-deepmath_103k_00000330</task_id>
    <type>devin_failure_analysis</type>
    <source>AGENTS.md</source>
    <total_lines>2930</total_lines>
    <problems_count>2</problems_count>
  </metadata>

  <problem id="1">
    <statement>Solve the recursive relation T(n) = 2nT(√n) + 1</statement>
    <cot_line_range>4-555</cot_line_range>
    <final_answer>Θ(n² log n)</final_answer>
    <ground_truth>Θ(n² log n)</ground_truth>
    <correctness>true</correctness>
    <reasoning_quality>
      <score>6</score>
      <score_scale>1-10</score_scale>
      <notes>最终答案正确，验证了k=0,1,2,3的小例子。但推理过程冗长（约530行），存在大量试错、自我纠正和绕弯路。</notes>
    </reasoning_quality>
    <errors>
      <error type="minor" severity="low">
        <location>lines 79-85</location>
        <description>尝试用常数特解S_p(k)=A求解非齐次递推，失败后才转向变系数法。这是不必要的弯路。</description>
        <impact>浪费时间但未导致错误结论</impact>
      </error>
      <error type="notational" severity="low">
        <location>lines 301-415</location>
        <description>在迭代展开法中，对求和项的指数表达反复修正，sum_{i=0}^{k-1} 1/2^i 的下标和边界多次出错，最终才确认为 2 - 1/2^{k-1}。</description>
        <impact>计算冗余但最终修正</impact>
      </error>
      <error type="arithmetic" severity="low">
        <location>line 487</location>
        <description>计算512*289时过程混乱（"148,48+1=148"等），虽最终得到147,969但中间步骤表述不清。</description>
        <impact>不影响结论</impact>
      </error>
    </errors>
    <strengths>
      <strength>正确选择了n=2^{2^k}的代换，使递归在log log n步内终止</strength>
      <strength>通过变系数线性递推的求积因子法得到了精确解</strength>
      <strength>用k=0,1,2,3四个小例子验证了公式的正确性</strength>
      <strength>正确将2^{2^{k+1}}=n²和2^k=log n转换回n的函数</strength>
    </strengths>
    <failure_modes>
      <mode>过度推理：一个可以用代换+展开法在50行内解决的问题，用了530行</mode>
      <mode>重复验证：同一结论（Θ(n² log n)）在lines 205, 267, 433, 457, 459, 505, 529, 532处反复确认</mode>
    </failure_modes>
  </problem>

  <problem id="2">
    <statement>Determine if lim_{x→∞} f(x)/x^{1/4} = 0, where f(x) = Σ Λ(n)/√n · cos(√x log n + π/4)</statement>
    <cot_line_range>556-2930</cot_line_range>
    <final_answer>极限为0，等价于黎曼假设(RH)</final_answer>
    <ground_truth>该问题与黎曼假设相关；极限为0在RH下成立，但"等价于RH"的断言需要更严格的论证</ground_truth>
    <correctness>partial</correctness>
    <reasoning_quality>
      <score>3</score>
      <score_scale>1-10</score_scale>
      <notes>推理极度冗长（约2370行），大量循环论证，关键问题（级数收敛性、正则化方案）始终未解决。最终结论的"等价于RH"方向存在内部矛盾且未解决。</notes>
    </reasoning_quality>
    <errors>
      <error type="conceptual" severity="critical">
        <location>lines 600-608, 2640-2651, 2906-2908</location>
        <description>级数f(x) = Σ Λ(n)/√n · cos(√x log n + π/4)的收敛性问题贯穿整个推理但从未解决。AI多次承认级数发散（partial sums增长如N^{1/2}/t），但继续将其等同于-ζ'/ζ(1/2+it)的解析延拓，这一等价关系未加证明。</description>
        <impact>整个推理的基础不牢固</impact>
      </error>
      <error type="logical_contradiction" severity="critical">
        <location>lines 2610-2624, 2687-2693, 2803-2808</location>
        <description>AI反复发现：即使RH不成立（存在β>1/2的零点），该零点对-ζ'/ζ(1/2+it)在t=γ处的贡献仅为O(1)常数，因此f(x)/x^{1/4}仍趋于0。这与"极限为0等价于RH"的结论直接矛盾。AI承认了这一矛盾（line 2689: "maybe the limit being 0 does NOT imply RH"）但未解决，最终仍断言"等价于RH"。</description>
        <impact>最终结论的"等价"部分缺乏逻辑支撑</impact>
      </error>
      <error type="circular_reasoning" severity="high">
        <location>lines 2400-2470, 2516-2530, 2580-2600</location>
        <description>AI在"f(x)等于-ζ'/ζ"、"f(x)不等于-ζ'/ζ因为级数发散"、"f(x)是正则化版本"之间反复摇摆，未给出明确定义。在line 2653假设"intended interpretation is the regularized sum"，在line 2910再次假设"regularized interpretation"，但正则化方案从未具体指定。</description>
        <impact>无法确定所讨论的数学对象是什么</impact>
      </error>
      <error type="incomplete" severity="high">
        <location>lines 2799-2808</location>
        <description>"极限为0蕴含RH"方向的证明失败。AI展示了单个离线零点贡献O(1)，无法证明极限不为0，然后跳过这一困难直接给出结论。</description>
        <impact>"等价于RH"的双向证明只完成了一个方向（且该方向也有gap）</impact>
      </error>
      <error type="handwaving" severity="medium">
        <location>lines 2853, 2876-2888</location>
        <description>在最后试图通过explicit formula的积分表示来论证离线零点贡献增长项x^{(β-1/2)/2}，但这与之前lines 2610-2618的O(1)分析矛盾。AI没有解释为什么两种方法给出不同结果，只是选择了支持自己结论的那个。</description>
        <impact>结论的可靠性存疑</impact>
      </error>
    </errors>
    <strengths>
      <strength>正确识别了问题与黎曼zeta函数和RH的关联</strength>
      <strength>正确推导了RH下-ζ'/ζ(1/2+it)=O(log t)的bound</strength>
      <strength>识别了π/4相位与稳相法(stationary phase)的联系</strength>
      <strength>尝试了多种方法：explicit formula、Mellin transform、Perron公式、分部积分</strength>
    </strengths>
    <failure_modes>
      <mode mode_type="infinite_loop">推理在"级数是否收敛"、"f(x)的定义是什么"、"离线零点贡献是O(1)还是增长"三个问题上无限循环，每个问题都讨论了3-5次但从未解决</mode>
      <mode mode_type="contradiction_unresolved">发现核心矛盾（离线零点贡献O(1) vs 等价于RH）后选择忽略，直接给出与矛盾不符的结论</mode>
      <mode mode_type="definition_undefined">2370行推理中始终未明确f(x)的数学定义（级数？正则化和？解析延拓？），导致所有后续讨论缺乏基础</mode>
      <mode mode_type="length_without_depth">2370行中有效推理内容约300行，其余为重复、摇摆和自我否定</mode>
      <mode mode_type="confirmation_bias">在line 2853选择了支持"等价于RH"结论的论证（离线零点贡献x^{(β-1/2)/2}），忽略了之前自己给出的O(1)分析</mode>
    </failure_modes>
  </problem>

  <overall_assessment>
    <total_cot_lines>2930</total_cot_lines>
    <effective_reasoning_ratio>~15%</effective_reasoning_ratio>
    <problem1_outcome>正确但极度冗长</problem1_outcome>
    <problem2_outcome>结论部分正确（RH下极限为0），但"等价于RH"的断言未证明且与自身分析矛盾</problem2_outcome>
    <primary_failure_pattern>
      问题2展现了典型的"推理死循环"失败模式：AI在关键概念问题（级数收敛性、函数定义、离线零点贡献量级）上反复摇摆，每次接近解决时就跳到另一个角度重新开始，最终在未解决核心矛盾的情况下给出结论。这导致：
      1. 2370行推理中约85%为冗余内容
      2. 核心数学对象f(x)的定义始终未明确
      3. 最终结论的"等价于RH"部分与AI自己的分析（离线零点贡献O(1)）矛盾
      4. 结论的可靠性依赖于未证明的假设（f(x) = 正则化的-ζ'/ζ）
    </primary_failure_pattern>
    <root_causes>
      <root_cause>缺乏对数学对象的明确定义就开始推理</root_cause>
      <root_cause>发现矛盾后不追溯修正，而是选择性地采用支持预期结论的论证</root_cause>
      <root_cause>没有在推理早期做"可行性评估"——该问题涉及RH等价性，是开放性问题级别，AI不应在缺乏严格定义的情况下给出确定性结论</root_cause>
      <root_cause>推理缺乏结构化规划，采用"想到哪写到哪"的模式，导致同一子问题被反复讨论</root_cause>
    </root_causes>
    <recommendations>
      <recommendation>在开始复杂推理前，先明确所有数学对象的定义和收敛性</recommendation>
      <recommendation>发现逻辑矛盾时必须解决后再继续，不能跳过</recommendation>
      <recommendation>对开放性问题（如RH等价性）应明确标注"conditional on"而非给出确定性断言</recommendation>
      <recommendation>引入推理结构化：先列出需要解决的子问题，逐个解决并标记状态，避免重复</recommendation>
    </recommendations>
  </overall_assessment>
</analysis>
```

### 分析完成
DEVIN_CLI_EXITED code=0
