Looking at this problem, I need to determine the number of real roots of $e^x = m(m+1)$ where $m < 0$.

**Interpretation.** The constraint "where $m < 0$" identifies $m$ as the variable we are solving for (subject to $m < 0$), with $x$ ranging over all reals. Since $e^x > 0$ for every real $x$, the right-hand side $m(m+1)$ must be positive.

---

## Proof

**Setup.** Rewrite the equation as a quadratic in $m$:

$$m^2 + m - e^x = 0.$$

**Discriminant.** The discriminant is

$$\Delta = 1 + 4e^x.$$

Since $e^x > 0$ for all real $x$, we have $\Delta = 1 + 4e^x > 1 > 0$, so the quadratic always has two distinct real roots:

$$m = \frac{-1 \pm \sqrt{1 + 4e^x}}{2}.$$

**Sign analysis of the two roots.** Let $s = \sqrt{1 + 4e^x}$. Since $e^x > 0$, we have $s > 1$.

- **Root 1 (plus branch):** $m_1 = \dfrac{-1 + s}{2}$. Since $s > 1$, we get $m_1 > \dfrac{-1+1}{2} = 0$. So $m_1 > 0$, which **violates** the constraint $m < 0$.

- **Root 2 (minus branch):** $m_2 = \dfrac{-1 - s}{2}$. Since $s > 1$, we get $m_2 < \dfrac{-1-1}{2} = -1 < 0$. So $m_2 < 0$, which **satisfies** the constraint $m < 0$.

**Verification.** Confirm $m_2(m_2 + 1) = e^x$:

$$m_2 = \frac{-1-s}{2}, \quad m_2 + 1 = \frac{1-s}{2}.$$

$$m_2(m_2+1) = \frac{(-1-s)(1-s)}{4} = \frac{-(1-s^2)}{4} = \frac{s^2 - 1}{4} = \frac{(1+4e^x)-1}{4} = e^x. \checkmark$$

**Conclusion.** For every real value of $x$, the equation $e^x = m(m+1)$ has exactly **one** real root $m$ satisfying $m < 0$, namely

$$m = \frac{-1 - \sqrt{1 + 4e^x}}{2}.$$

The number of real roots is $\boxed{1}$.

### PROOF COMPLETE
DEVIN_CLI_EXITED code=0
