```xml
<audit>
  <analysis_result_key>2269804</analysis_result_key>
  <problem_id>deepmath_103k_00011365</problem_id>
  <audit_status>PASS_SELECTABLE</audit_status>
  <check_results>
    <A1>PASS: dimension1_verdict is DIRECTION_ERROR, which is one of the allowed values.</A1>
    <A2>PASS: dimension1_explanation is non-empty and well over 50 characters, describing the wrong-problem direction.</A2>
    <A3>PASS: dimension2_turning_point_type is "other", which is one of the allowed values, and d1=DIRECTION_ERROR requires d2 to be present.</A3>
    <A4>PASS: dimension2_explanation is non-empty and well over 50 characters, describing the Cantor-set construction technique.</A4>
    <A5>PASS: ai_direction_summary is non-empty and describes the Lie-group direction the AI took.</A5>
    <A6>PASS: standard_solution_key_technique is non-empty and describes the Cantor-set bump-function construction.</A6>
    <B1>PASS: No XML tag leaks (no `</dimension` or `<dimension` strings) found in either explanation.</B1>
    <B2>PASS: No template placeholder leaks (no "1-3 sentences", "ONE_OF:", "Your 1-3 sentence") found in either explanation.</B2>
    <B3>PASS: Both dimension1_explanation and dimension2_explanation are well over 50 characters.</B3>
    <C1>PASS: d1=DIRECTION_ERROR and d2="other" has a value, satisfying the consistency requirement.</C1>
    <C2>PASS: d1_exp describes the AI addressing an entirely different problem (wrong direction), which matches the DIRECTION_ERROR label.</C2>
    <C3>PASS: d2_exp describes a real-analysis/topology construction (Cantor set, bump functions) which is not a standard number-theoretic turning point, correctly matching the "other" label.</C3>
    <D1>PASS: dimension1_explanation is over 100 characters and contains action verbs "addresses", "engages", "exploring".</D1>
    <D2>PASS: dimension2_explanation is over 100 characters and contains mathematical terms (Cantor set, bump functions, continuity, nowhere dense).</D2>
    <D3>PASS: ai_direction_summary describes the specific Lie-group direction (Malcev's theorem, Q-structures) the AI actually took, not just "the AI failed".</D3>
    <D4>PASS: standard_solution_key_technique describes the specific Cantor-set/damped-bump construction technique, not a generic "clever method".</D4>
    <E1>UNKNOWN — check via script</E1>
  </check_results>
  <issues_found>none</issues_found>
</audit>
```

### AUDIT COMPLETE
DEVIN_CLI_EXITED code=0
```xml
<audit>
  <analysis_result_key>2269804</analysis_result_key>
  <problem_id>deepmath_103k_00011365</problem_id>
  <audit_status>PASS_SELECTABLE</audit_status>
  <check_results>
    <A1>PASS: dimension1_verdict is DIRECTION_ERROR, a valid value.</A1>
    <A2>PASS: dimension1_explanation is non-empty and well over 50 characters.</A2>
    <A3>PASS: dimension2_turning_point_type is "other", a valid value in the allowed list.</A3>
    <A4>PASS: dimension2_explanation is non-empty and well over 50 characters.</A4>
    <A5>PASS: ai_direction_summary is non-empty.</A5>
    <A6>PASS: standard_solution_key_technique is non-empty.</A6>
    <B1>PASS: No XML tag leaks found in either explanation.</B1>
    <B2>PASS: No template placeholder leaks found in either explanation.</B2>
    <B3>PASS: Both explanations are well over 50 characters.</B3>
    <C1>PASS: d1=DIRECTION_ERROR and d2 has a value, consistent.</C1>
    <C2>PASS: d1_exp describes the AI taking a wrong direction (addressing an unrelated Lie-group problem), matching the DIRECTION_ERROR label.</C2>
    <C3>PASS: d2_exp describes a real-analysis/topology construction (Cantor set + bump functions), which is not a number-theoretic turning point, matching the "other" label.</C3>
    <D1>PASS: d1_exp is over 100 characters and contains action verbs "addresses", "engages", "exploring".</D1>
    <D2>PASS: d2_exp is over 100 characters and contains mathematical terms (Cantor set, nowhere dense, bump functions, continuity).</D2>
    <D3>PASS: ai_direction_summary describes the specific direction taken (Lie-group algebraicity via Malcev's theorem and Q-structures).</D3>
    <D4>PASS: standard_solution_key_technique describes the specific technique (Cantor set zero set with damped alternating-sign bumps).</D4>
    <E1>UNKNOWN — check via script</E1>
  </check_results>
  <issues_found>none</issues_found>
</audit>
```

### AUDIT COMPLETE
DEVIN_CLI_EXITED code=0
