Looking at the problem, I need to find all primes $p > 5$ such that $\{1, a, a^2, \ldots, a^{p-5}\}$ can be rearranged into an arithmetic progression mod $p$.

**Answer Leak Check:** No leaked answers found in the problem text. Proceeding to solve.

---

## Proof

**Setup.** The sequence $1, a, a^2, \ldots, a^{p-5}$ has $p-4$ terms (indices $0$ to $p-5$). Rearranging as $b_0, \ldots, b_{p-5}$ with $b_n \equiv b_{n-1} + r \pmod{p}$ means $b_n \equiv b_0 + nr \pmod{p}$, so the set $\{b_0, b_0+r, \ldots, b_0+(p-5)r\}$ equals $\{1, a, \ldots, a^{p-5}\}$ mod $p$. Since $r \not\equiv 0$, this AP has $p-4$ distinct terms, so the powers $1, a, \ldots, a^{p-5}$ must be distinct mod $p$.

**Step 1: $a$ must be a primitive root for $p > 7$.**

The powers $a^0, a^1, \ldots, a^{p-5}$ being distinct requires $\text{ord}(a) \geq p-4$. Since $\text{ord}(a) \mid (p-1)$, we need a divisor of $p-1$ that is $\geq p-4$. For $p > 7$:
- $p-1$ works (primitive root).
- $p-2 \mid p-1$ only if $p-2 \mid 1$, impossible for $p > 3$.
- $p-3 \mid p-1$ only if $p-3 \mid 2$, giving $p \leq 5$.
- $p-4 \mid p-1$ only if $p-4 \mid 3$, giving $p \in \{5, 7\}$.

So for $p > 7$, $a$ must be a primitive root (order $p-1$). For $p = 7$, the order could be $3$ or $6$.

**Step 2: Reformulation via complements.**

Assume $a$ is a primitive root. Then $\{1, a, \ldots, a^{p-5}\} = \mathbb{F}_p^* \setminus \{a^{p-4}, a^{p-3}, a^{p-2}\}$, since the full set $\{a^0, \ldots, a^{p-2}\} = \mathbb{F}_p^*$.

Since $S = \{1, a, \ldots, a^{p-5}\} \subseteq \mathbb{F}_p^*$, we have $0 \notin S$, so $0$ lies in the complement. The AP $S = \{c, c+r, \ldots, c+(p-5)r\}$ has complement in $\mathbb{F}_p$ equal to $\{c+(p-4)r, \ldots, c+(p-1)r\} = \{c-4r, c-3r, c-2r, c-r\}$, which is a **4-term AP** containing $0$.

Therefore $\{0, a^{p-4}, a^{p-3}, a^{p-2}\}$ must be a 4-term AP in $\mathbb{F}_p$.

**Step 3: Analyzing the 4-term AP condition.**

Let $x = a^{p-4}$. The three nonzero elements are $x, ax, a^2x$. The set $\{0, x, ax, a^2x\}$ is a 4-term AP. Writing the AP as $\{c', c'+d, c'+2d, c'+3d\}$ with $d \neq 0$, the element $0$ occupies position $j \in \{0,1,2,3\}$. The three nonzero terms (as multiples of $d$) are:

- $j=0$: $\{1, 2, 3\}$
- $j=1$: $\{-1, 1, 2\}$
- $j=2$: $\{-2, -1, 1\}$
- $j=3$: $\{-3, -2, -1\} = -\{1, 2, 3\}$ (same as $j=0$ up to scaling)

We must assign $(x, ax, a^2x) = d(\alpha, \beta, \gamma)$ where $(\alpha, \beta, \gamma)$ is a permutation of the three nonzero values, with the geometric constraint $\frac{\beta}{\alpha} = \frac{\gamma}{\beta} = a$, i.e., $\beta^2 \equiv \alpha\gamma \pmod{p}$.

**Pattern $\{1, 2, 3\}$ (cases $j=0, j=3$):** Check all 6 permutations for $\beta^2 = \alpha\gamma$:
- $(1,2,3)$: $4 = 3 \Rightarrow p \mid 1$. No.
- $(1,3,2)$: $9 = 2 \Rightarrow p = 7$. ✓ ($a = 3$)
- $(2,1,3)$: $1 = 6 \Rightarrow p = 5$. No.
- $(2,3,1)$: $9 = 2 \Rightarrow p = 7$. ✓ ($a = 3/2 \equiv 5 \pmod 7$)
- $(3,1,2)$: $1 = 6 \Rightarrow p = 5$. No.
- $(3,2,1)$: $4 = 3 \Rightarrow p \mid 1$. No.

**Pattern $\{-1, 1, 2\}$ (case $j=1$):** All 6 permutations give $\beta^2 = \alpha\gamma$ requiring $p \in \{1, 3, 5\}$. No solution for $p > 5$.

**Pattern $\{-2, -1, 1\}$ (case $j=2$):** All 6 permutations give $\beta^2 = \alpha\gamma$ requiring $p \in \{1, 3, 5\}$. No solution for $p > 5$.

**Step 4: The case $p = 7$ with order 3.**

For $p = 7$, if $\text{ord}(a) = 3$, then $S = \langle a \rangle = \{1, 2, 4\}$ (the unique subgroup of order 3 in $\mathbb{F}_7^*$). Checking if $\{1, 2, 4\}$ is a 3-term AP: we need $2m \equiv x + y$ for some pair. $2 \cdot 1 = 2$, $2+4=6 \neq 2$; $2 \cdot 2 = 4$, $1+4=5 \neq 4$; $2 \cdot 4 = 1$, $1+2=3 \neq 1$. Not an AP. So order 3 fails.

**Step 5: Verification for $p = 7$.**

For $a = 3$ (order 6): $\{1, 3, 2\} = \{1, 2, 3\}$. Arrange as $(b_0, b_1, b_2) = (1, 2, 3)$ with $r = 1$: $2 - 1 = 1 \equiv r$, $3 - 2 = 1 \equiv r \pmod{7}$. ✓

For $a = 5$ (order 6): $\{1, 5, 4\}$. Arrange as $(5, 1, 4)$ with $r = 3$: $1 - 5 = -4 \equiv 3$, $4 - 1 = 3 \pmod{7}$. ✓

**Conclusion.** For $p > 7$, no primitive root $a$ satisfies the 4-term AP condition. For $p = 7$, both primitive roots work. The order-3 case for $p = 7$ fails. No other primes $> 5$ admit solutions.

The only prime $p > 5$ satisfying the condition is $\boxed{p = 7}$.

### PROOF COMPLETE
DEVIN_CLI_EXITED code=0
