```xml
<audit>
  <analysis_result_key>2269981</analysis_result_key>
  <problem_id>oda_math_460k_00008114</problem_id>
  <audit_status>PASS_SELECTABLE</audit_status>
  <check_results>
    <A1>PASS: dimension1_verdict is DIRECTION_ERROR, which is a valid value.</A1>
    <A2>PASS: dimension1_explanation is non-empty and well over 50 characters.</A2>
    <A3>PASS: dimension2_turning_point_type is "other", which is a valid enum value, and d1=DIRECTION_ERROR requires d2.</A3>
    <A4>PASS: dimension2_explanation is non-empty and well over 50 characters.</A4>
    <A5>PASS: ai_direction_summary is non-empty and describes the AI's actual direction.</A5>
    <A6>PASS: standard_solution_key_technique is non-empty and describes a specific technique.</A6>
    <B1>PASS: No XML tag leaks (</dimension or <dimension) found in either explanation.</B1>
    <B2>PASS: No template placeholder leaks ("1-3 sentences", "ONE_OF:", "Your 1-3 sentence") found.</B2>
    <B3>PASS: Both explanations are well over 50 characters.</B3>
    <C1>PASS: d1=DIRECTION_ERROR requires d2 to have a value, and d2="other" is present.</C1>
    <C2>PASS: d1_exp describes the AI going in a wrong direction (solving an unrelated 3D geometry problem), which matches DIRECTION_ERROR.</C2>
    <C3>PASS: d2_exp describes a calculus technique (quotient rule + discriminant analysis) with no number-theoretic turning point, which matches d2="other".</C3>
    <D1>PASS: d1_exp is over 100 characters and contains action verbs "considered", "hallucinated", "spent".</D1>
    <D2>PASS: d2_exp is over 100 characters and contains mathematical terms (quotient rule, f'(x), numerator, discriminant).</D2>
    <D3>PASS: ai_direction_summary describes the specific direction the AI took (3D solid-of-revolution problem with coordinate systems and piecewise optimization).</D3>
    <D4>PASS: standard_solution_key_technique describes the specific technique (quotient rule differentiation + discriminant of quadratic numerator to conclude decreasing).</D4>
    <E1>UNKNOWN — check via script</E1>
  </check_results>
  <issues_found>none</issues_found>
</audit>
```

### AUDIT COMPLETE
DEVIN_CLI_EXITED code=0
```xml
<audit>
  <analysis_result_key>2269981</analysis_result_key>
  <problem_id>oda_math_460k_00008114</problem_id>
  <audit_status>PASS_SELECTABLE</audit_status>
  <check_results>
    <A1>PASS: dimension1_verdict is "DIRECTION_ERROR", a valid value.</A1>
    <A2>PASS: dimension1_explanation is non-empty and well over 50 characters.</A2>
    <A3>PASS: dimension2_turning_point_type is "other", a valid value (d1=DIRECTION_ERROR requires d2).</A3>
    <A4>PASS: dimension2_explanation is non-empty and well over 50 characters.</A4>
    <A5>PASS: ai_direction_summary is non-empty.</A5>
    <A6>PASS: standard_solution_key_technique is non-empty.</A6>
    <B1>PASS: no XML tag leaks found in either explanation.</B1>
    <B2>PASS: no template placeholder leaks found in either explanation.</B2>
    <B3>PASS: both explanations exceed 50 characters.</B3>
    <C1>PASS: d1=DIRECTION_ERROR and d2 has a value ("other"), consistent.</C1>
    <C2>PASS: d1_exp describes the AI going in a wrong direction (3D geometry instead of calculus), matching DIRECTION_ERROR.</C2>
    <C3>PASS: d2_exp describes a basic calculus quotient-rule technique with no number-theoretic turning point, matching "other".</C3>
    <D1>PASS: d1_exp exceeds 100 chars and contains action verbs ("considered", "spent", "hallucinated").</D1>
    <D2>PASS: d2_exp exceeds 100 chars and contains mathematical terms (quotient rule, discriminant, numerator).</D2>
    <D3>PASS: ai_direction_summary describes the specific direction taken (3D solid-of-revolution of a rotating box).</D3>
    <D4>PASS: standard_solution_key_technique describes the specific technique (quotient rule + discriminant analysis).</D4>
    <E1>UNKNOWN — check via script</E1>
  </check_results>
  <issues_found>none</issues_found>
</audit>
```

### AUDIT COMPLETE
DEVIN_CLI_EXITED code=0
