## Proof

**Answer:** The functions are $f(x) = x + c$ and $f(x) = -x + c$ for any integer $c$.

**Verification.** If $f(x) = x + c$ with $c \in \mathbb{Z}$, then for $q = a/b$ in lowest terms,
$$f(q) = \frac{a}{b} + c = \frac{a+bc}{b}, \qquad \gcd(a+bc,\, b) = \gcd(a,b) = 1,$$
so $f(q)$ has denominator $b = \operatorname{den}(q)$. Similarly $f(x) = -x + c$ gives $f(q) = (-a+bc)/b$ with $\gcd(-a+bc, b) = \gcd(a,b) = 1$. Both families work.

**Necessity.** Let $f \in C^1(\mathbb{R})$ satisfy the condition. Since $\operatorname{den}(0) = 1$, we have $f(0) \in \mathbb{Z}$.

**Claim.** For every rational $r$, $f'(r) \in \{-1, 1\}$.

*Proof of Claim.* Fix $r = a/b$ in lowest terms ($b \geq 1$, $\gcd(a,b)=1$), and set $A/b = f(r)$ with $\gcd(A,b)=1$. For each positive integer $n$ define
$$r_n = \frac{a}{b} + \frac{1}{bn} = \frac{an+1}{bn}.$$
Call $n$ **good** if $\operatorname{den}(r_n) = bn$, i.e. $\gcd(an+1,\, bn)=1$. Since $\gcd(an+1,n)=\gcd(1,n)=1$ always, goodness is equivalent to $\gcd(an+1, b)=1$, which excludes only finitely many residue classes of $n$ modulo the primes dividing $b$. Hence good $n$ form an infinite set, and moreover **for any prime $p$ there are good $n$ divisible by $p$**: by CRT choose $n \equiv 0 \pmod{p}$ and $n$ in an allowed residue class mod each prime $p_i \mid b$ (the class $0$ is always allowed mod $p_i$ since $a^{-1} \not\equiv 0$).

For good $n$, $\operatorname{den}(r_n) = bn$, so $f(r_n) = K_n/(bn)$ with $\gcd(K_n, bn) = 1$. Since $f$ is differentiable at $r$ and $r_n - r = 1/(bn)$,
$$f(r_n) - f(r) = f'(r)\cdot\frac{1}{bn} + o\!\left(\frac{1}{n}\right).$$
Substituting,
$$\frac{K_n}{bn} - \frac{A}{b} = \frac{K_n - An}{bn} = \frac{f'(r)}{bn} + o\!\left(\frac{1}{n}\right),$$
so $K_n - An = f'(r) + o(1)$. The quantities $K_n - An$ are **integers** converging to $f'(r)$, hence they are eventually constant: there exists $L_r \in \mathbb{Z}$ with $K_n = An + L_r$ for all sufficiently large good $n$, and $f'(r) = L_r$.

Now use the coprimality $\gcd(K_n, bn) = 1$. For large good $n$,
$$\gcd(K_n, n) = \gcd(An + L_r,\, n) = \gcd(L_r, n) = 1.$$
If $|L_r| > 1$, pick a prime $p \mid L_r$ and a good $n$ divisible by $p$; then $\gcd(L_r, n) \geq p > 1$, contradiction. If $L_r = 0$, then $\gcd(0, n) = n > 1$ for $n > 1$, contradiction. Therefore $|L_r| = 1$, i.e. $f'(r) = \pm 1$. $\square$

**Conclusion.** The derivative $f'$ is continuous (since $f \in C^1$) and maps the dense set $\mathbb{Q}$ into $\{-1, 1\}$. By continuity $f'(\mathbb{R}) \subseteq \{-1,1\}$, and since $\mathbb{R}$ is connected while $f'$ is continuous, $f'$ is constant: either $f' \equiv 1$ or $f' \equiv -1$. Thus
$$f(x) = x + c \quad\text{or}\quad f(x) = -x + c$$
for some constant $c$. Finally $f(0) = c \in \mathbb{Z}$ (as $\operatorname{den}(0)=1$), so $c$ is an integer.

The continuously differentiable functions satisfying the condition are exactly $f(x) = x + c$ and $f(x) = -x + c$ with $c \in \mathbb{Z}$.

### PROOF COMPLETE
