## 答案泄漏自检

我检查了问题文本，未发现任何泄露的答案、解决方案、解决方案大纲或形式化说明。继续解题。

## 证明

**答案是：错误。** 该论断不成立。连续时间条件 $\int_0^\infty P(A_t)\,dt < \infty$ **并不能**推导出 $P(A_t \text{ 无限次发生}) = 0$。我通过一个明确的反例来证明这一点。

### 反例

设 $(\Omega, \mathcal{F}, P)$ 为任意概率空间（例如，$\Omega = [0,1]$，$\mathcal{F}$ = Borel 集，$P$ = Lebesgue 测度）。对于 $t \geq 0$，定义：

$$A_t = \begin{cases} \Omega & \text{若 } t \in \{0, 1, 2, 3, \dots\}, \\ \emptyset & \text{其他情况}. \end{cases}$$

每个 $A_t$ 都是可测集（它是 $\Omega$ 或 $\emptyset$），因此这是一个合法的事件族。

**验证积分条件。** 函数 $t \mapsto P(A_t)$ 在每个非负整数处取值为 $1$，在其他所有地方取值为 $0$。该函数是 Borel 可测的（它是可数个单点集示性函数之和）。其 Lebesgue 积分为：

$$\int_0^\infty P(A_t)\,dt = \int_0^\infty \mathbf{1}_{\mathbb{Z}_{\geq 0}}(t)\,dt = \lambda(\mathbb{Z}_{\geq 0}) = 0 < \infty,$$

因为非负整数集的 Lebesgue 测度为零。因此假设条件成立。

**验证“无限次发生”。** 连续时间下“$A_t$ 无限次发生”的自然含义为 $\limsup_{t\to\infty} A_t = \bigcap_{T>0}\,\bigcup_{t \geq T} A_t$。对于任意 $T > 0$，存在一个整数 $n \geq T$，且 $A_n = \Omega$，因此：

$$\bigcup_{t \geq T} A_t \supseteq A_n = \Omega \implies \bigcup_{t \geq T} A_t = \Omega.$$

因此 $\limsup_{t\to\infty} A_t = \bigcap_{T>0} \Omega = \Omega$，且：

$$P(A_t \text{ 无限次发生}) = P(\Omega) = 1 \neq 0.$$

### 为什么离散的 Borel–Cantelli 引理不能直接推广

离散的 Borel–Cantelli 引理指出：若 $\sum_{n=0}^\infty P(A_n) < \infty$，则 $P(A_n \text{ i.o.}) = 0$。关键区别在于：

- **离散情况：** 求和 $\sum P(A_n)$ 为每个整数时间点赋予了**全部**权重 $1$。如果该和收敛，概率质量必须衰减得足够快，以至于 Borel–Cantelli 引理（使用并集上界 $P(\bigcup_{n \geq N} A_n) \leq \sum_{n \geq N} P(A_n) \to 0$）强制要求 $A_n$ 只能发生有限次。

- **连续情况：** 积分 $\int P(A_t)\,dt$ 仅控制了 $P(A_t)$ 的 **Lebesgue 测度**（作为 $t$ 的函数）。在可数集（如整数集）上的函数对积分的贡献为零，却仍然可以在每个这样的点上取值为 $1$。因此，积分条件对 $A_t$ 在零测集上的表现**没有任何约束**——特别是对可数的无界点集没有约束，而这正是“无限次发生”所关注的内容。

### 该条件*确实*能推导出的结论

通过 Tonelli 定理，如果 $(t,\omega) \mapsto \mathbf{1}_{A_t}(\omega)$ 是联合可测的，那么：

$$E\!\left[\int_0^\infty \mathbf{1}_{A_t}\,dt\right] = \int_0^\infty P(A_t)\,dt < \infty \implies \int_0^\infty \mathbf{1}_{A_t}\,dt < \infty \ \text{a.s.}$$

这意味着集合 $\{t \geq 0 : A_t \text{ 发生}\}$ 具有**有限的 Lebesgue 测度**（几乎必然）。但有限的 Lebesgue 测度并不能排除无界性——一个集合可以是可数且无界的（如 $\mathbb{Z}_{\geq 0}$），同时测度为零。因此，即使是这种较弱的结论，也不足以推导出“不会无限次发生”。

### 结论

该论断为**假**。反例表明 $\int_0^\infty P(A_t)\,dt = 0 < \infty$，但 $P(A_t \text{ 无限次发生}) = 1$。

### 证明完成
DEVIN_CLI_EXITED code=0
