## Proof

Let the six edge lengths be distinct natural numbers with sum 2007. The conditions (i), (ii) refer to edges of length 2 and 3; for the problem to have a determinate finite answer these conditions must be active, so **2 and 3 occur among the edge lengths**. (If neither occurred, both conditions would be vacuous and the number of tetrahedra with six distinct natural edge-lengths summing to 2007 would be enormous — not a fixed competition answer.)

Since all six lengths are distinct, there is a unique edge of length 2 and a unique edge of length 3. In the complete graph $K_4$, two edges are either **opposite** (disjoint) or **adjacent** (sharing a vertex).

---

### Case I: the edges of length 2 and 3 are opposite

Label so that $AB = 2$ and $CD = 3$. Put $a = AC,\ b = BC,\ c = AD,\ d = BD$. The four faces give:

- $ABC$ contains $AB = 2$: $|a - b| = 1$.
- $ABD$ contains $AB = 2$: $|c - d| = 1$.
- $ACD$ contains $CD = 3$: $|a - c| \in \{1, 2\}$.
- $BCD$ contains $CD = 3$: $|b - d| \in \{1, 2\}$.

Also $a + b + c + d = 2007 - 5 = 2002$, and $a,b,c,d$ are distinct, different from $2, 3$.

Write $a = b + \alpha$, $c = d + \gamma$ with $\alpha, \gamma \in \{\pm 1\}$, and let $u = b - d$. Then $a - c = u + \alpha - \gamma$ and $b - d = u$, so $|u| \in \{1,2\}$ and $|u + \alpha - \gamma| \in \{1,2\}$. The sum gives $2(b + d) + \alpha + \gamma = 2002$, i.e. $b + d = (2002 - \alpha - \gamma)/2$, and $b, d$ must be integers.

Checking the four sign pairs $(\alpha, \gamma)$:

- $(1,1)$: $b + d = 1000$, need $u$ even, so $u = \pm 2$. Gives $(a,b,c,d) = (502,501,500,499)$ or $(500,499,502,501)$.
- $(-1,-1)$: $b + d = 1002$, $u = \pm 2$. Gives $(501,502,499,500)$ or $(499,500,501,502)$.
- $(1,-1)$: only $u = -1$ satisfies the difference bounds, but yields $a = d = 501,\ b = c = 500$ — not distinct. Rejected.
- $(-1,1)$: only $u = 1$, yields $a = d = 500,\ b = c = 501$ — not distinct. Rejected.

Thus the only valid edge multiset is $\{2, 3, 499, 500, 501, 502\}$, with four labelings of $(AC, BC, AD, BD)$:

$$L_1 = (502,501,500,499),\ L_2 = (501,502,499,500),\ L_3 = (500,499,502,501),\ L_4 = (499,500,501,502).$$

Swapping $A \leftrightarrow B$ exchanges $(a,b,c,d) \leftrightarrow (b,a,d,c)$, sending $L_1 \leftrightarrow L_2$ and $L_3 \leftrightarrow L_4$. Swapping $C \leftrightarrow D$ exchanges $(a,b,c,d) \leftrightarrow (c,d,a,b)$, sending $L_1 \leftrightarrow L_3$ and $L_2 \leftrightarrow L_4$. Hence all four labelings are congruent: **1 tetrahedron** in this case.

---

### Case II: the edges of length 2 and 3 are adjacent

Let $A$ be their common vertex, with $AB = 2$, $AC = 3$. Face $ABC$ contains both. Condition (i) (edge 2 present) forces the third edge $BC$ to satisfy $|BC - 3| = 1$, so $BC \in \{2, 4\}$; since $2$ is already used, $BC = 4$. (Condition (ii) on $ABC$: $|4 - 2| = 2 \in \{1,2\}$ ✓.)

The remaining edges are $AD, BD, CD$. Face $ABD$ contains $AB = 2$: $|AD - BD| = 1$. Face $ACD$ contains $AC = 3$: $|AD - CD| \in \{1, 2\}$. Face $BCD$ has no edge of length $2$ or $3$, so it is unconstrained by (i), (ii). The sum gives $AD + BD + CD = 2007 - 9 = 1998$.

Write $BD = AD + \beta$ ($\beta = \pm 1$) and $CD = AD + \delta$ ($\delta \in \{\pm 1, \pm 2\}$
warning: response truncated (model hit max output token limit)
Error: Response truncated: model hit max output token limit. The output above is incomplete.
