## 答案泄漏自检

扫描题目文本……未发现嵌入的解答、解答纲要、形式化说明或 Lean 定理。继续进行求解。

## 证明

**答案是：是的。** $R$ 必然是一个有限生成的 $\mathbb{R}$-代数。

设 $\mathbb{C} = \mathbb{R}[i]/(i^2+1)$，视为 $\mathbb{R}$-代数。由于 $\mathbb{C}$ 是一个秩为 $2$ 的自由 $\mathbb{R}$-模（以 $\{1, i\}$ 为基），它是 $\mathbb{R}$ 上的**忠实平坦**（faithfully flat）模。

假设 $R \otimes_{\mathbb{R}} \mathbb{C}$ 由元素 $x_1, \dots, x_n$ 作为 $\mathbb{C}$-代数生成。$\mathbb{R}$-向量空间的分解 $\mathbb{C} = \mathbb{R}\cdot 1 \oplus \mathbb{R}\cdot i$ 给出了一个直和分解
$$
R \otimes_{\mathbb{R}} \mathbb{C} \;\cong\; (R\otimes 1) \;\oplus\; (R\otimes i),
$$
因此每个 $x_j$ 都可以唯一地写成
$$
x_j = a_j \otimes 1 + b_j \otimes i, \qquad a_j, b_j \in R.
$$

设 $A \subseteq R$ 为由所有 $a_j, b_j$（$j = 1,\dots, n$）生成的 $\mathbb{R}$-子代数：
$$
A = \mathbb{R}[\,a_1, b_1, \dots, a_n, b_n\,] \subseteq R.
$$
那么 $A$ 是一个有限生成的 $\mathbb{R}$-代数（最多 $2n$ 个生成元）。

包含映射 $\iota: A \hookrightarrow R$ 诱导了一个 $\mathbb{C}$-代数同态
$$
\iota \otimes \mathrm{id}: A \otimes_{\mathbb{R}} \mathbb{C} \longrightarrow R \otimes_{\mathbb{R}} \mathbb{C}.
$$
由于 $a_j \otimes 1$ 和 $b_j \otimes i$ 都属于 $A \otimes_{\mathbb{R}} \mathbb{C}$ 的像，每个生成元 $x_j$ 都在 $\iota \otimes \mathrm{id}$ 的像中。该像是一个包含所有 $x_j$ 的 $\mathbb{C}$-子代数，因此它等于由 $x_1, \dots, x_n$ 生成的整个 $\mathbb{C}$-代数，即
$$
\iota \otimes \mathrm{id}: A \otimes_{\mathbb{R}} \mathbb{C} \xrightarrow{\;\;\sim\;\;} R \otimes_{\mathbb{R}} \mathbb{C}
$$
是满射的（因此，由于 $\mathbb{C}$ 在 $\mathbb{R}$ 上是平坦的，它也是单射的）。

现在我们使用 $\mathbb{C}$ 在 $\mathbb{R}$ 上的**忠实平坦性**：一个 $\mathbb{R}$-模映射 $M \to N$ 是满射当且仅当其标量扩展 $M \otimes_{\mathbb{R}} \mathbb{C} \to N \otimes_{\mathbb{R}} \mathbb{C}$ 是满射。将此应用于 $\iota: A \to R$，满射 $\iota \otimes \mathrm{id}$ 意味着 $\iota: A \to R$ 是满射。因此 $A = R$。

由于 $A$ 是一个有限生成的 $\mathbb{R}$-代数且 $A = R$，我们得出 $R$ 是一个有限生成的 $\mathbb{R}$-代数。$\blacksquare$

### 证明完成
DEVIN_CLI_EXITED code=0
