## Solution

**Setup.** Let $x_i \in \{0,1\}$ indicate whether person $i$ is a truth-teller ($1$) or liar ($0$). When Arnaldo asks person $j$ about set $A$ (with $|A|=k$), the true parity is $\left(\sum_{i \in A} x_i\right) \bmod 2$. Person $j$ reports this parity if $x_j=1$, and the opposite if $x_j=0$. Therefore the reported answer $a \in \{0,1\}$ satisfies:

$$a \equiv \sum_{i \in A} x_i + (1 - x_j) \equiv \sum_{i \in A} x_i + 1 + x_j \pmod{2}.$$

Equivalently, each question $(j, A)$ yields the **linear equation over $\mathbb{F}_2$**:

$$\left(\mathbf{e}_j + \sum_{i \in A} \mathbf{e}_i\right) \cdot \mathbf{x} \equiv c \pmod{2}$$

for some known constant $c$, where the **coefficient vector** is $\mathbf{v} = \mathbf{e}_j + \sum_{i \in A} \mathbf{e}_i$.

---

**The complement ambiguity.** Consider $\mathbf{x}' = \mathbf{x} + \mathbf{1}$ (flip everyone's role). For any question with coefficient vector $\mathbf{v}$:

$$\mathbf{v} \cdot \mathbf{x}' = \mathbf{v} \cdot \mathbf{x} + \mathbf{v} \cdot \mathbf{1}.$$

The weight of $\mathbf{v}$ is: $|\mathbf{v}| = k-1$ if $j \in A$ (the $\mathbf{e}_j$ cancels), or $k+1$ if $j \notin A$. Since $\mathbf{v}\cdot\mathbf{1} = |\mathbf{v}| \bmod 2$:

- **$k$ odd:** both $k-1$ and $k+1$ are even, so $\mathbf{v}\cdot\mathbf{1}=0$ for every question. Thus $\mathbf{x}$ and $\mathbf{x}+\mathbf{1}$ **always give identical answers** — they are indistinguishable. Hence $Q(n,k)=0$.

- **$k$ even:** both $k-1$ and $k+1$ are odd, so $\mathbf{v}\cdot\mathbf{1}=1$ for every question. Thus $\mathbf{x}$ and $\mathbf{x}+\mathbf{1}$ **always give different answers** — the complement is distinguishable.

---

**$k$ even: the available vectors span $\mathbb{F}_2^n$.** For $k$ even:

- If $j \in A$: $\mathbf{v} = \sum_{i \in A\setminus\{j\}} \mathbf{e}_i$, a **weight-$(k{-}1)$** vector (odd weight). As $j$ and $A$ vary, we obtain **all** weight-$(k{-}1)$ vectors (provided $k \geq 2$).
- If $j \notin A$: $\mathbf{v}$ is a **weight-$(k{+}1)$** vector (odd weight), and we obtain all such (provided $k \leq n{-}1$).

**Key fact:** Over $\mathbb{F}_2$, the set of all weight-$m$ vectors with $m$ odd and $1 \leq m \leq n-1$ spans all of $\mathbb{F}_2^n$. *(Proof: two weight-$m$ vectors differing by a swap give a weight-2 vector in their sum; weight-2 vectors generate the even-weight subspace; adding any odd-weight vector gives everything.)*

For even $k$ with $2 \leq k \leq n$: $k-1$ is odd with $1 \leq k-1 \leq n-1$, so the weight-$(k{-}1)$ vectors alone **span $\mathbb{F}_2^n$**. (For $k=n$: only weight-$(n{-}1)$ vectors arise, but $n-1$ is odd with $1 \leq n-1 \leq n-1$, so they still span.)

Therefore we can select $n$ linearly independent coefficient vectors and ask the corresponding $n$ questions (non-adaptively). The resulting full-rank system uniquely determines $\mathbf{x}$.

---

**Lower bound.** All $2^n$ configurations are a priori possible, and each question has only $2$ outcomes, so at least $n$ questions are needed. Combined with the upper bound:

$$Q(n,k) = n \quad \text{for even } k,\qquad Q(n,k) = 0 \quad \text{for odd } k.$$

---

**Computation for $n=10$.**

| $k$ | parity | $Q(10,k)$ |
|-----|--------|-----------|
| 1 | odd | 0 |
| 2 | even | 10 |
| 3 | odd | 0 |
| 4 | even | 10 |
| 5 | odd | 0 |
| 6 | even | 10 |
| 7 | odd | 0 |
| 8 | even | 10 |
| 9 | odd | 0 |
| 10 | even | 10 |

$$Q(10,1) + Q(10,10) + \sum_{k=2}^{9} Q(10,k) = 0 + 10 + (10+0+10+0+10+0+10+0) = 0 + 10 + 40 = \boxed{50}.$$

### PROOF COMPLETE
DEVIN_CLI_EXITED code=0
