```xml
<audit>
  <analysis_result_key>2290288</analysis_result_key>
  <problem_id>polymath_01897</problem_id>
  <audit_status>PASS</audit_status>
  <check_results>
    <A1>PASS: dimension1_verdict is CONNECTION_ERROR, a valid value.</A1>
    <A2>PASS: dimension1_explanation is non-empty and well over 50 characters.</A2>
    <A3>PASS: dimension2_turning_point_type is "other", a valid value (note: A3 only required when d1 is DIRECTION_ERROR or PARTIAL_PROGRESS; here d1=CONNECTION_ERROR so d2 may be null, but a valid value is present anyway).</A3>
    <A4>PASS: dimension2_explanation is non-empty and well over 50 characters.</A4>
    <A5>PASS: ai_direction_summary is non-empty and describes the AI's actual direction.</A5>
    <A6>PASS: standard_solution_key_technique is non-empty and describes the partition/degree-imbalance technique.</A6>
    <B1>PASS: No XML tag leaks found in dimension1_explanation or dimension2_explanation.</B1>
    <B2>PASS: No template placeholder leaks ("1-3 sentences", "ONE_OF:", etc.) found.</B2>
    <B3>PASS: Both explanations are well over 50 characters.</B3>
    <C1>PASS: d1=CONNECTION_ERROR, d2 may be null per rule; d2 is present and valid, which is acceptable.</C1>
    <C2>PASS: dimension1_explanation describes a connection error interrupting the proof mid-way, consistent with the CONNECTION_ERROR verdict.</C2>
    <C3>PASS: dimension2_explanation describes partition/degree-balance combinatorial analysis, consistent with the "other" turning_point_type (explicitly noted as not modular arithmetic or finite field structure).</C3>
    <D1>N/A — d1 is CONNECTION_ERROR/TOKEN_LIMIT</D1>
    <D2>N/A — d1 is CONNECTION_ERROR/TOKEN_LIMIT</D2>
    <D3>N/A — d1 is CONNECTION_ERROR/TOKEN_LIMIT</D3>
    <D4>N/A — d1 is CONNECTION_ERROR/TOKEN_LIMIT</D4>
    <E1>UNKNOWN — check via script</E1>
  </check_results>
  <issues_found>none</issues_found>
</audit>
```

### AUDIT COMPLETE
DEVIN_CLI_EXITED code=0
