**Answer: Yes, $F/F''F^n$ is finite.**

## Proof

Let $F$ be free on $\{a,b\}$. Set $M = F/F''$ (the free metabelian group of rank 2) and $G = F/F''F^n = M/N$ where $N = F''F^n/F''$ is the verbal subgroup of $M$ generated by all $n$-th powers. We show $G$ is finite.

**Step 1: The abelianization $G/G'$ is finite.**

Since $G$ has exponent dividing $n$ (every $n$-th power is killed), $G/G'$ is a quotient of $F/F'F^n \cong (\mathbb{Z}/n\mathbb{Z})^2$. Conversely the natural map $F/F'F^n \to G/G'$ is surjective, and $F'F^n \supseteq F''F^n$, so
$$G/G' \cong F/F'F^n \cong (\mathbb{Z}/n\mathbb{Z})^2,$$
which is finite of order $n^2$.

**Step 2: $G'$ is a module over $R = \mathbb{Z}[(\mathbb{Z}/n)^2]$.**

$G'$ is abelian (since $G$ is metabelian) and $G/G' \cong (\mathbb{Z}/n)^2$ acts on it by conjugation, giving it the structure of a module over the group ring $R = \mathbb{Z}[(\mathbb{Z}/n)^2]$.

**Step 3: $G'$ is finitely generated (cyclic) as an $R$-module.**

By the Magnus embedding theorem, the commutator subgroup $M' = F'/F''$ of the free metabelian group of rank 2 is a **free $\mathbb{Z}[\mathbb{Z}^2]$-module of rank 1**, freely generated by the commutator $[a,b]$. Equivalently
$$M' \cong \mathbb{Z}[\mathbb{Z}^2] = \mathbb{Z}[x^{\pm 1}, y^{\pm 1}]$$
as a module over itself.

Now $G' = M'/(M' \cap N)$ is a quotient of $M'$ as an abelian group. The conjugation action of $\mathbb{Z}^2 = M/M'$ on $M'$ descends to the $R$-action on $G'$, because $a^n$ and $b^n$ act trivially on $G'$ (they are trivial in $G$). Thus $G'$ is a quotient of $M'$ **as an $R$-module**. Viewing $M' \cong \mathbb{Z}[\mathbb{Z}^2]$ as an $R$-module via the quotient map $\mathbb{Z}[\mathbb{Z}^2] \twoheadrightarrow R$, we have
$$M' \otimes_{\mathbb{Z}[\mathbb{Z}^2]} R \cong R.$$
Hence $G'$ is a quotient of $R$ as an $R$-module; in particular $G'$ is **cyclic** (hence finitely generated) over $R$.

**Step 4: $G'$ is finite.**

The ring $R = \mathbb{Z}[(\mathbb{Z}/n)^2]$ is a free $\mathbb{Z}$-module of rank $n^2$, so it is finitely generated over $\mathbb{Z}$. Since $G'$ is finitely generated over $R$, it is finitely generated over $\mathbb{Z}$.

Moreover $G$ has exponent $n$, so every element of $G'$ has order dividing $n$; i.e., $G'$ is a **torsion** abelian group. A finitely generated torsion abelian group is finite. Therefore $G'$ is finite.

**Step 5: Conclusion.**

Both $G/G' \cong (\mathbb{Z}/n)^2$ and $G'$ are finite, so $G = F/F''F^n$ is finite. $\blacksquare$

### PROOF COMPLETE
DEVIN_CLI_EXITED code=0
