**Answer Leak Self-Check:** The problem text contains only the question — no solution, proof sketch, or answer value is embedded. Proceeding to solve.

---

## Proof

Let $D^2 = \{x \in \mathbb{R}^2 : \|x\| \le 1\}$ be the closed unit disk and $S^1 = \partial D^2 = \{x : \|x\| = 1\}$ its boundary. Let $f: D^2 \to D^2$ be continuous with $f|_{S^1} = \mathrm{id}_{S^1}$. We show $f$ must be surjective.

**Step 1. Reduction to a retraction.**

Suppose, for contradiction, that $f$ is not surjective. Then there exists a point $p \in D^2 \setminus f(D^2)$. Since $f|_{S^1} = \mathrm{id}$, every point of $S^1$ lies in $f(D^2)$ (it is its own image), so $p \notin S^1$; hence $p$ lies in the interior $\mathring{D^2}$.

Define a map $r: D^2 \to S^1$ as follows. For each $x \in D^2$, the point $f(x)$ is different from $p$ (because $p \notin f(D^2)$). Consider the ray starting at $p$ and passing through $f(x)$:
$$\rho_x(t) = p + t\,(f(x) - p), \qquad t \ge 0.$$
Since $\|p\| < 1$ and $\|f(x)\| \le 1$, this ray meets $S^1$ at a unique point on the side $t \ge 1$ (the ray exits the disk exactly once). Set
$$r(x) = p + t_x\,(f(x)-p), \qquad t_x = \text{the unique } t \ge 1 \text{ with } \|\rho_x(t)\| = 1.$$
Explicitly, solving $\|p + t(f(x)-p)\|^2 = 1$ for $t$ gives a quadratic with a unique root $t_x \ge 1$ (the other root lies in $[0,1]$ or is non-positive); $t_x$ depends continuously on $f(x)$, hence on $x$. Thus $r$ is continuous.

**Step 2. $r$ is a retraction onto $S^1$.**

For $x \in S^1$, we have $f(x) = x$, so the ray from $p$ through $x$ meets $S^1$ at $x$ itself on the outward side (since $p$ is interior and $x$ is already on $S^1$, the first exit point in the direction $x - p$ is $x$). Hence $r(x) = x$ for all $x \in S^1$. Therefore $r: D^2 \to S^1$ is a continuous retraction of the disk onto its boundary.

**Step 3. No such retraction exists (contradiction).**

We use the fundamental group. The disk $D^2$ is convex, hence contractible, so $\pi_1(D^2) = 0$. The circle has $\pi_1(S^1) \cong \mathbb{Z}$. Let $i: S^1 \hookrightarrow D^2$ be the inclusion. A retraction satisfies $r \circ i = \mathrm{id}_{S^1}$, which on fundamental groups induces
$$r_* \circ i_* = \mathrm{id}_{\pi_1(S^1)} = \mathrm{id}_{\mathbb{Z}}.$$
But $i_*: \pi_1(S^1) \to \pi_1(D^2)$ is the map $\mathbb{Z} \to 0$, necessarily the zero homomorphism, and $r_*: \pi_1(D^2) \to \pi_1(S^1)$ is the map $0 \to \mathbb{Z}$, also zero. Their composition $r_* \circ i_*$ is the zero map $\mathbb{Z} \to \mathbb{Z}$, which is not the identity on $\mathbb{Z}$ — contradiction.

(Equivalently, this is the classical *no-retraction theorem*, a direct corollary of the Brouwer fixed point theorem.)

**Conclusion.**

The contradiction shows that no point of $D^2$ can be omitted from $f(D^2)$. Hence $f(D^2) = D^2$; the function $f$ is surjective. $\blacksquare$

### PROOF COMPLETE
DEVIN_CLI_EXITED code=0
