## Solution

Let $\alpha = 5 + \sqrt{26}$ and $\beta = 5 - \sqrt{26}$.

**Key observations:**
- $\alpha + \beta = 10$, $\alpha\beta = 25 - 26 = -1$.
- So $\alpha, \beta$ are roots of $x^2 - 10x - 1 = 0$.
- $|\beta| = |5 - \sqrt{26}| = \sqrt{26} - 5 \approx 0.09902... < 1$.

**Define the integer sequence.** Let $a_n = \alpha^n + \beta^n$. By the recurrence from the minimal polynomial:
$$a_n = 10\,a_{n-1} + a_{n-2}, \quad a_0 = 2,\; a_1 = 10.$$
By induction, every $a_n$ is a positive integer (and strictly increasing for $n \ge 1$).

**Isolate the fractional part.** Since $\beta < 0$ and $1963$ is odd, $\beta^{1963} < 0$, so:
$$\alpha^{1963} = a_{1963} - \beta^{1963} = a_{1963} + |\beta|^{1963}.$$
Here $a_{1963}$ is a positive integer and $0 < |\beta|^{1963} < 1$. Therefore the **fractional part** of $\alpha^{1963}$ is exactly $|\beta|^{1963} = (\sqrt{26}-5)^{1963}$.

**Bound the fractional part.** Since $\sqrt{26} < 5.1$, we have $|\beta| = \sqrt{26}-5 < 0.1 = 10^{-1}$. Hence:
$$0 < |\beta|^{1963} < (10^{-1})^{1963} = 10^{-1963}.$$

This means:
$$\alpha^{1963} = a_{1963} + \varepsilon, \quad \text{where } 0 < \varepsilon < 10^{-1963}.$$

**Reading off the digits.** Writing $\alpha^{1963}$ in decimal form:
$$\alpha^{1963} = a_{1963}.\underbrace{00\ldots0}_{\ge 1963 \text{ zeros}}\ldots$$

The fractional part $\varepsilon$ is strictly less than $10^{-1963}$, so it does not affect any of the first 1963 digits after the decimal point — all of them are **0**. (In fact, since $|\beta| \approx 0.09902$ and $\log_{10}(0.09902)\approx -1.00436$, we get $|\beta|^{1963} \approx 10^{-1971.6}$, so even the first $\sim$1971 digits are 0, but the bound $<10^{-1963}$ already suffices.)

**Conclusion.** The first 1963 digits after the decimal point in the decimal expansion of $(\sqrt{26}+5)^{1963}$ are all **0** — that is, a string of 1963 consecutive zeros.

### PROOF COMPLETE
DEVIN_CLI_EXITED code=0
