Looking at this problem, I need to find AB + AC given the constraints about triangle ABC with the angle bisector and right angle conditions.

## Setup

Since sin A = 4/5 and A < 90°, we have cos A = 3/5. The angle bisector gives angle A/2 = α where cos²α = 4/5, sin²α = 1/5, so cos α = 2/√5, sin α = 1/√5.

**Coordinate system:** Place A at the origin with the angle bisector AD along the positive x-axis. Then D = (1, 0), and:
- B = (2m/√5, m/√5) where m = AB
- C = (2n/√5, −n/√5) where n = AC

Let s = m + n (our target) and p = mn.

## Deriving the equations

**Right angle condition** (B−D)·(C−D) = 0 yields:
$$\frac{3p}{5} - \frac{2s}{\sqrt{5}} + 1 = 0 \quad \Longrightarrow \quad p = \frac{2s\sqrt{5} - 5}{3} \tag{1}$$

**Ratio condition** BD/CD = 3/2 means 4BD² = 9CD². Computing:
- BD² = m² − 4m/√5 + 1, CD² = n² − 4n/√5 + 1

Setting u = m − 2/√5, v = n − 2/√5, this becomes:
$$4u^2 - 9v^2 = 1 \tag{2}$$

with u + v = s − 4/√5 and uv = (4s√5 − 13)/15 (from equation 1).

## Solving the system

Substituting s = t/√5 to rationalize, and using u, v as roots of the quadratic from their sum and product, equation (2) reduces (after squaring to eliminate the radical) to:

$$25(3t-20)^2(t-4)^2 = 507(t-4)^2(t-10)(3t-10)$$

Factoring correctly: 3t² − 40t + 100 = (t−10)(3t−10). Dividing by (t−4)²:

$$25(3t-20)^2 = 507(t-10)(3t-10)$$

Expanding: 225t² − 3000t + 10000 = 1521t² − 20280t + 50700, giving:

$$1296t^2 - 17280t + 40700 = 0 \implies 324t^2 - 4320t + 10175 = 0$$

Discriminant = 4320² − 4·324·10175 = 18,662,400 − 13,186,800 = 5,475,600 = 2340²

$$t = \frac{4320 \pm 2340}{648} \implies t = \frac{185}{18} \text{ or } t = \frac{55}{18}$$

## Selecting the valid solution

**t = 185/18** gives s = 37√5/18. The angle bisector foot E is at distance AE = 448/111 ≈ 4.04 from A. Since AD = 1 < AE, point D lies **inside** the triangle — invalid.

**t = 55/18** gives s = 11√5/18. Here AE = 32/33 ≈ 0.97 < 1 = AD, so D lies **beyond E, outside** the triangle. ✓

For this solution: d² = 125/324, so d = ±5√5/18. Choosing the sign that gives BD/CD = 3/2:
- AB = √5/6, AC = 4√5/9

## Verification

- **B** = (1/3, 1/6), **C** = (8/9, −4/9), **D** = (1, 0)
- (B−D)·(C−D) = (−2/3)(−1/9) + (1/6)(−4/9) = 2/27 − 2/27 = **0** ✓
- BD² = 17/36, CD² = 17/81 → BD/CD = √(81/36) = **3/2** ✓
- cos A = 3/5, sin A = **4/5** ✓, A < 90° ✓
- AB + AC = √5/6 + 4√5/9 = 3√5/18 + 8√5/18 = **11√5/18** ✓

## Answer

AB + AC = 11√5/18, where a = 11, b = 5, c = 18 are pairwise relatively prime (gcd(11,5) = gcd(11,18) = gcd(5,18) = 1).

$$a + b + c = 11 + 5 + 18 = \boxed{34}$$

### PROOF COMPLETE
DEVIN_CLI_EXITED code=0
