## Proof

We want the percentage of primes among all 100-digit decimal numbers.

**Range of 100-digit numbers.** A 100-digit decimal integer $n$ satisfies $10^{99} \le n \le 10^{100}-1$. The total count is
$$T = (10^{100}-1) - 10^{99} + 1 = 10^{100} - 10^{99} = 9\times 10^{99}.$$

**Prime Number Theorem (PNT).** The prime-counting function satisfies
$$\pi(x) \sim \frac{x}{\ln x}, \qquad x\to\infty.$$

**Count of 100-digit primes.** The number of primes in $[10^{99},\,10^{100})$ is
$$P = \pi(10^{100}) - \pi(10^{99}) \approx \frac{10^{100}}{\ln 10^{100}} - \frac{10^{99}}{\ln 10^{99}}.$$

Using $\ln 10^{k} = k\ln 10$:
$$\ln 10^{100} = 100\ln 10,\qquad \ln 10^{99} = 99\ln 10.$$

So
$$P \approx \frac{10^{100}}{100\ln 10} - \frac{10^{99}}{99\ln 10} = \frac{10^{99}}{\ln 10}\!\left(\frac{10}{100} - \frac{1}{99}\right) = \frac{10^{99}}{\ln 10}\!\left(\frac{1}{10} - \frac{1}{99}\right).$$

Compute the bracket:
$$\frac{1}{10} - \frac{1}{99} = \frac{99-10}{990} = \frac{89}{990}.$$

Hence
$$P \approx \frac{10^{99}}{\ln 10}\cdot\frac{89}{990}.$$

**Percentage.**
$$\frac{P}{T}\times 100\% = \frac{\dfrac{10^{99}}{\ln 10}\cdot\dfrac{89}{990}}{9\times 10^{99}}\times 100\% = \frac{89}{990\cdot 9\cdot\ln 10}\times 100\%.$$

Since $990\cdot 9 = 8910$:
$$= \frac{89\cdot 100}{8910\cdot\ln 10}\% = \frac{8900}{8910\cdot\ln 10}\% = \frac{890}{891}\cdot\frac{1}{\ln 10}\%.$$

Now $\frac{890}{891}\approx 0.99888$ and $\frac{1}{\ln 10}\approx 0.43429$. Therefore
$$\frac{P}{T}\times 100\% \approx 0.99888 \times 0.43429\% \approx 0.43381\%.$$

**Leading-order form.** The factor $\frac{890}{891}$ is essentially $1$, so to leading order the percentage is simply
$$\boxed{\frac{1}{\ln 10}\,\% \approx 0.4343\%}.$$

**Consistency check via local density.** PNT also gives the local prime density near a large $N$ as $\sim 1/\ln N$. For $N\approx 10^{100}$ this is $1/(100\ln 10)\approx 0.004343$, i.e. $0.4343\%$, matching the leading term above. The exact first-order correction from the lower endpoint $10^{99}$ (where the density $1/\ln 10^{99}$ is slightly higher) reduces the result by the factor $\frac{890}{891}\approx 0.99888$, giving the refined value $\approx 0.4338\%$.

Thus, the percentage of primes among all 100-digit numbers is approximately **0.4343%** (more precisely ≈ 0.4338%).

### PROOF COMPLETE
DEVIN_CLI_EXITED code=0
