I'll solve this directly in the TUI as instructed.

**Answer leak check:** The problem statement contains only the problem and procedural constraints — no solution, answer, or proof sketch is leaked. Proceeding.

---

## Proof

We wish to show that $B_4(1) \subseteq f\big(B_1(0)\big)$, where $f(z) = 6z^6 - 2z^2 + 1$.

Fix an arbitrary $w \in B_4(1)$, i.e. $|w - 1| < 4$. It suffices to show that the equation
$$f(z) = w \quad\Longleftrightarrow\quad 6z^6 - 2z^2 + (1 - w) = 0$$
has at least one solution $z$ with $|z| < 1$.

**Setup for Rouché.** On the circle $|z| = 1$ we decompose
$$g(z) := 6z^6 - 2z^2 + (1-w) = \underbrace{6z^6}_{=:h(z)} + \underbrace{\bigl(-2z^2 + 1 - w\bigr)}_{=:p(z)}.$$

**Estimate the two parts on $|z|=1$.** For $|z| = 1$:
- $|h(z)| = |6z^6| = 6|z|^6 = 6$.
- $|p(z)| = |-2z^2 + 1 - w| \le 2|z|^2 + |1-w| = 2 + |w-1|$.

Since $w \in B_4(1)$, we have $|w-1| < 4$, hence
$$|p(z)| \le 2 + |w-1| < 2 + 4 = 6 = |h(z)| \quad\text{for all } |z|=1.$$

The inequality is **strict** on the entire boundary $|z|=1$.

**Apply Rouché's theorem.** Since $|p(z)| < |h(z)|$ holds at every point of $|z|=1$, Rouché's theorem tells us that $g = h + p$ and $h$ have the same number of zeros (counted with multiplicity) inside the disk $|z|<1$.

The function $h(z) = 6z^6$ has a single zero at $z = 0$ of multiplicity $6$, so it has **6** zeros in $|z|<1$.

Therefore $g(z) = 6z^6 - 2z^2 + (1-w)$ also has 6 zeros (counted with multiplicity) in $|z|<1$. In particular it has **at least one** zero $z_0$ with $|z_0| < 1$, and this $z_0$ satisfies
$$f(z_0) = 6z_0^6 - 2z_0^2 + 1 = w.$$

**Conclusion.** For every $w \in B_4(1)$ we have produced a point $z_0 \in B_1(0)$ with $f(z_0) = w$. Hence
$$B_4(1) \subseteq f\big(B_1(0)\big). \qquad\blacksquare$$

### PROOF COMPLETE
DEVIN_CLI_EXITED code=0
