I'll check for answer leaks first, then solve directly. The problem statement contains only the PDE, boundary/initial conditions, and three sub-questions — no solutions, sketches, or formalization notes. No leak.

---

## (a) Green's function via method of images

The operator is $L = \partial_t^2 - c^2\partial_x^2$ on the half-line $x>0$ with homogeneous Dirichlet data $u(0,t)=0$ (the boundary driving $h(t)$ is handled separately in part (b) by lifting to a particular solution). The retarded Green's function $G_D(x,t;\xi,\tau)$ satisfies

$$L G_D = \delta(x-\xi)\delta(t-\tau),\qquad x,\xi>0,\quad G_D=0\ \text{for}\ t<\tau,\quad G_D(0,t;\xi,\tau)=0.$$

On the **full line** the retarded Green's function for the 1-D wave operator is

$$G_{\text{free}}(x,t;\xi,\tau)=\frac{1}{2c}\,H\!\big(c(t-\tau)-|x-\xi|\big),$$

where $H$ is the Heaviside step function. (One verifies $L G_{\text{free}}=\delta(x-\xi)\delta(t-\tau)$ by differentiating the "tent" of support $|x-\xi|\le c(t-\tau)$; the two jump discontinuities at $x=\xi\pm c(t-\tau)$ each contribute $c$ and the kink at $x=\xi$ contributes the delta in $x$.)

**Method of images.** To enforce $G_D(0,t;\xi,\tau)=0$, place an image source of opposite sign at the reflected point $-\xi$:

$$\boxed{\;G_D(x,t;\xi,\tau)=\frac{1}{2c}\Big[H\!\big(c(t-\tau)-|x-\xi|\big)-H\!\big(c(t-\tau)-|x+\xi|\big)\Big],\qquad x,\xi>0.\;}$$

At $x=0$: $|0-\xi|=|0+\xi|=\xi$, so the two Heaviside factors are identical and cancel, giving $G_D(0,t;\xi,\tau)=0$. The image source lies outside the physical domain ($-\xi<0$), so causality and the PDE inside $x>0$ are preserved. This is the Dirichlet Green's function for the half-line.

The general solution with source $Q$, initial data $f,g$ and **homogeneous** boundary $u(0,t)=0$ is then

$$u(x,t)=\frac{\partial}{\partial t}\!\int_0^\infty\! G_D(x,t;\xi,0)\,f(\xi)\,d\xi+\int_0^\infty\! G_D(x,t;\xi,0)\,g(\xi)\,d\xi+\int_0^t\!\!\int_0^\infty\! G_D(x,t;\xi,\tau)\,Q(\xi,\tau)\,d\xi\,d\tau.$$

---

## (b) Solution for $Q=0$, $f=0$, $g=0$ (pure boundary driving)

With zero initial data and zero source, the only forcing is the inhomogeneous boundary condition $u(0,t)=h(t)$. Use d'Alembert's general solution

$$u(x,t)=F(x-ct)+G(x+ct).$$

**Initial conditions** (valid for arguments $>0$, i.e. $x>0$ at $t=0$):

$$u(x,0)=F(x)+G(x)=0,\qquad u_t(x,0)=-cF'(x)+cG'(x)=0.$$

From the first, $G=-F$; substituting into the second gives $-cF'-cF'=0\Rightarrow F'=0$, so $F=G=0$ for **positive** arguments. Hence $F(s)=G(s)=0$ for $s>0$.

**Boundary condition** at $x=0$:

$$u(0,t)=F(-ct)+G(ct)=h(t).$$

Since $ct>0$, $G(ct)=0$, leaving $F(-ct)=h(t)$, i.e.

$$F(s)=h\!\Big(-\frac{s}{c}\Big)\quad\text{for }s<0.$$

Now evaluate $u(x,t)=F(x-ct)+G(x+ct)$ at a point $(x,t)$ with $x>0$. Since $x+ct>0$, $G(x+ct)=0$. For $F(x-ct)$:

- If $x-ct>0$ (i.e. $t<x/c$): $F(x-ct)=0$.
- If $x-ct<0$ (i.e. $t>x/c$): $F(x-ct)=h\!\big(t-\tfrac{x}{c}\big)$.

Therefore

$$\boxed{\;u(x,t)=h\!\Big(t-\frac{x}{c}\Big)\,H\!\Big(t-\frac{x}{c}\Big),\qquad x>0,\ t\ge 0.\;}$$

The solution is a pure right-traveling wave: the boundary signal $h$ is simply translated to the right at speed $c$, delayed by the travel time $x/c$. (Consistency check: at $x=0$, $u(0,t)=h(t)\,H(t)=h(t)$ for $t\ge0$; at $t=0$, $u(x,0)=h(-x/c)H(-x/c)=0$ for $x>0$; and $u_t(x,0)=0$ for $x>0$. All conditions satisfied.)

---

## (c) When does $h(t)$ influence $u(x_1,t_1)$?

From part (b),

$$u(x_1,t_1)=h\!\Big(t_1-\frac{x_1}{c}\Big)\,H\!\Big(t_1-\frac{x_1}{c}\Big).$$

So $h$ influences $u(x_1,t_1)$ **iff** the argument $t_1-x_1/c\ge 0$, i.e.

$$\boxed{\;t_1\ge \frac{x_1}{c}\quad\Longleftrightarrow\quad t\ge \frac{x_1}{c}\ \text{is the earliest time the boundary affects }x_1.\;}$$

Equivalently, the boundary value $h(t)$ at a specific instant $t$ affects $u(x_1,t_1)$ precisely when $t=t_1-x_1/c\ge 0$.

**Physical interpretation.** Disturbances imposed at the boundary $x=0$ propagate into the domain at the finite wave speed $c$. A signal launched from the origin at time $t$ reaches the observation point $x_1$ at time $t+x_1/c$. Thus $u(x_1,t_1)$ can only "know about" boundary values $h(t)$ with $t\le t_1-x_1/c$; before the arrival time $t=x_1/c$ the point $x_1$ is still quiescent (the domain of dependence of $(x_1,t_1)$ does not yet intersect the boundary $x=0$). This is the half-line manifestation of finite propagation speed / the causal structure of the wave equation.

### PROOF COMPLETE
DEVIN_CLI_EXITED code=0
