Looking at the problem, I need to determine whether, for two singular probability measures $\nu_1, \nu_2$ on $(\Omega, \Sigma)$, there always exists a linear map $M: L^1(\nu_1) \to L^1(\nu_2)$ satisfying $L_{\nu_2} \circ M([1_E]_{\nu_1}) = L_{\nu_1}([1_E]_{\nu_1})$ for all $E \in \Sigma$.

---

## Proof

**Answer: Yes.** Such a linear map always exists, even when $\nu_1$ and $\nu_2$ are singular.

### Construction

Since $\nu_2$ is a probability measure, the constant function $\mathbf{1} \in L^1(\nu_2)$, with $\|\mathbf{1}\|_{L^1(\nu_2)} = \int \mathbf{1}\,d\nu_2 = \nu_2(\Omega) = 1 < \infty$.

Define $M: L^1(\nu_1) \to L^1(\nu_2)$ by:
$$M(g) = \left(\int_\Omega g\,d\nu_1\right) \cdot \mathbf{1}.$$

### Verification

**Well-definedness (respects $\nu_1$-equivalence classes).** If $g_1 = g_2$ $\nu_1$-a.e., then $\int g_1\,d\nu_1 = \int g_2\,d\nu_1$, so $M(g_1) = M(g_2)$. Thus $M$ descends to a well-defined map on equivalence classes $[g]_{\nu_1} \in L^1(\nu_1)$.

**Linearity.** For $a \in \mathbb{R}$ and $g_1, g_2 \in L^1(\nu_1)$:
$$M(a\,g_1 + g_2) = \left(\int (a\,g_1 + g_2)\,d\nu_1\right)\mathbf{1} = \left(a\!\int g_1\,d\nu_1 + \int g_2\,d\nu_1\right)\mathbf{1} = a\,M(g_1) + M(g_2).$$

**Codomain.** For any $g \in L^1(\nu_1)$, $M(g) = c \cdot \mathbf{1}$ where $c = \int g\,d\nu_1 \in \mathbb{R}$. Since $\mathbf{1} \in L^1(\nu_2)$ and $L^1(\nu_2)$ is a vector space, $c\cdot\mathbf{1} \in L^1(\nu_2)$.

**Integral condition.** For every $E \in \Sigma$:
$$L_{\nu_2}\!\big(M([1_E]_{\nu_1})\big) = \int_\Omega M([1_E]_{\nu_1})\,d\nu_2 = \int_\Omega \nu_1(E)\cdot\mathbf{1}\,d\nu_2 = \nu_1(E)\cdot\underbrace{\int_\Omega \mathbf{1}\,d\nu_2}_{=\,1} = \nu_1(E).$$

Since $L_{\nu_1}([1_E]_{\nu_1}) = \int 1_E\,d\nu_1 = \nu_1(E)$, we conclude:
$$L_{\nu_2} \circ M([1_E]_{\nu_1}) = L_{\nu_1}([1_E]_{\nu_1}) \quad \text{for all } E \in \Sigma. \quad \checkmark$$

### Remark on the singularity assumption

The map $M$ is a **rank-one operator** that factors through $\mathbb{R}$: it applies the bounded linear functional $L_{\nu_1}: L^1(\nu_1) \to \mathbb{R}$ to obtain a scalar, then embeds that scalar into $L^1(\nu_2)$ via multiplication by $\mathbf{1}$. This construction is valid for **any** pair of probability measures—singular or not.

The singularity $\nu_1 \perp \nu_2$ only precludes the existence of a Radon–Nikodym derivative $\frac{d\nu_1}{d\nu_2}$, which would be needed for a *multiplication-type* map $M(g) = g \cdot \frac{d\nu_1}{d\nu_2}$. But the problem asks only for a linear map, not a multiplication operator. The rank-one construction above bypasses the need for any absolute continuity relationship between the measures.

**Additional note:** $M$ is in fact **bounded** (continuous), since $\|M(g)\|_{L^1(\nu_2)} = |\int g\,d\nu_1| \cdot \|\mathbf{1}\|_{L^1(\nu_2)} = |L_{\nu_1}(g)| \leq \|g\|_{L^1(\nu_1)}$, giving $\|M\| \leq 1$. $\square$

### PROOF COMPLETE
