```xml
<audit>
  <analysis_result_key>2269576</analysis_result_key>
  <problem_id>deepmath_103k_00021333</problem_id>
  <audit_status>PASS_SELECTABLE</audit_status>
  <check_results>
    <A1>PASS: dimension1_verdict is DIRECTION_ERROR, a valid value.</A1>
    <A2>PASS: dimension1_explanation is non-empty and well over 50 characters.</A2>
    <A3>PASS: dimension2_turning_point_type is mod_p_grouping, a valid value, and d1 is DIRECTION_ERROR so d2 is required.</A3>
    <A4>PASS: dimension2_explanation is non-empty and well over 50 characters.</A4>
    <A5>PASS: ai_direction_summary is non-empty and describes the AI's actual direction.</A5>
    <A6>PASS: standard_solution_key_technique is non-empty and describes a specific technique.</A6>
    <B1>PASS: No XML tag leaks (</dimension or <dimension) found in either explanation.</B1>
    <B2>PASS: No template placeholder leaks ("1-3 sentences", "ONE_OF:", "Your 1-3 sentence") found.</B2>
    <B3>PASS: Both explanations are well over 50 characters.</B3>
    <C1>PASS: d1=DIRECTION_ERROR and d2 has a value (mod_p_grouping), consistent with the rule.</C1>
    <C2>PASS: d1_exp describes a wrong direction (entirely different problem about 3-manifolds), matching the DIRECTION_ERROR label.</C2>
    <C3>PASS: d2_exp describes modular arithmetic mod 2 forcing coefficients to vanish mod 2, matching the mod_p_grouping label (grouping/reduction mod p).</C3>
    <D1>PASS: d1_exp is over 100 characters and contains action verbs ("addresses", "indicating", "misidentification").</D1>
    <D2>PASS: d2_exp is over 100 characters and contains mathematical terms (modular arithmetic, congruence, coefficients, mod 2).</D2>
    <D3>PASS: ai_direction_summary describes the specific direction taken (3-dimensional manifold topology, lens spaces, embeddings in R⁴).</D3>
    <D4>PASS: standard_solution_key_technique describes the specific technique (modular arithmetic mod 2, linear congruence in c and d).</D4>
    <E1>UNKNOWN — check via script</E1>
  </check_results>
  <issues_found>none</issues_found>
</audit>
```

### AUDIT COMPLETE
DEVIN_CLI_EXITED code=0
```xml
<audit>
  <analysis_result_key>2269576</analysis_result_key>
  <problem_id>deepmath_103k_00021333</problem_id>
  <audit_status>PASS_SELECTABLE</audit_status>
  <check_results>
    <A1>PASS: dimension1_verdict is DIRECTION_ERROR, a valid value.</A1>
    <A2>PASS: dimension1_explanation is non-empty and well over 50 characters.</A2>
    <A3>PASS: dimension2_turning_point_type is mod_p_grouping, a valid value.</A3>
    <A4>PASS: dimension2_explanation is non-empty and well over 50 characters.</A4>
    <A5>PASS: ai_direction_summary is non-empty and describes the AI's actual direction.</A5>
    <A6>PASS: standard_solution_key_technique is non-empty and describes a specific technique.</A6>
    <B1>PASS: No XML tag leaks found in either explanation.</B1>
    <B2>PASS: No template placeholder leaks found in either explanation.</B2>
    <B3>PASS: Both explanations are well over 50 characters.</B3>
    <C1>PASS: d1=DIRECTION_ERROR and d2 has a value, consistent.</C1>
    <C2>PASS: d1_exp describes a wrong direction (entirely different problem about 3-manifolds), matching the DIRECTION_ERROR label.</C2>
    <C3>PASS: d2_exp describes modular arithmetic mod 2 with grouping of coefficients (a-b) and (-a-b) vanishing mod 2, matching the mod_p_grouping label.</C3>
    <D1>PASS: d1_exp is over 100 characters and contains action verbs "addresses" and "explored" (via context); length and verb criteria met.</D1>
    <D2>PASS: d2_exp is over 100 characters and contains mathematical terms (mod 2, congruence, coefficients, vanish mod 2).</D2>
    <D3>PASS: ai_direction_summary describes the specific direction taken (3-dimensional manifold topology, lens spaces, embeddings in R⁴).</D3>
    <D4>PASS: standard_solution_key_technique describes the specific technique (mod 2 arithmetic, linear congruence in c and d, coefficients vanishing).</D4>
    <E1>UNKNOWN — check via script</E1>
  </check_results>
  <issues_found>none</issues_found>
</audit>
```

### AUDIT COMPLETE
DEVIN_CLI_EXITED code=0
