## Proof

**Claim:** For a non-constant entire function $f$, the function $r \mapsto M_r = \max\{|f(z)| : |z| = r\}$ is strictly increasing on $[0, \infty)$.

---

**Step 1: $M_r$ is non-decreasing.**

Let $0 \le r_1 < r_2$. Since the closed disk $\overline{D(0, r_1)}$ is contained in $\overline{D(0, r_2)}$,

$$\max_{|z| \le r_1} |f(z)| \le \max_{|z| \le r_2} |f(z)|.$$

By the **maximum modulus principle**, the maximum of $|f|$ on each closed disk $\overline{D(0, r)}$ is attained on the boundary $|z| = r$ (unless $f$ is constant, which it is not). Therefore

$$\max_{|z| \le r_i} |f(z)| = \max_{|z| = r_i} |f(z)| = M_{r_i}, \quad i = 1, 2.$$

Hence $M_{r_1} \le M_{r_2}$.

---

**Step 2: $M_r$ is strictly increasing.**

Suppose for contradiction that $M_{r_1} = M_{r_2}$ for some $0 \le r_1 < r_2$. Let $z_1$ be a point with $|z_1| = r_1$ where $|f(z_1)| = M_{r_1} = M_{r_2}$.

Since $r_1 < r_2$, the point $z_1$ lies in the **interior** of the disk $D(0, r_2)$. Thus $|f|$ attains its maximum over $\overline{D(0, r_2)}$ at the interior point $z_1$:

$$|f(z_1)| = M_{r_2} = \max_{|z| \le r_2} |f(z)|.$$

By the **maximum modulus principle**, a function analytic on a domain that attains its maximum modulus at an interior point must be **constant** on that domain. Therefore $f$ is constant on $D(0, r_2)$, and by the **identity theorem** (since $f$ is entire), $f$ is constant on all of $\mathbb{C}$.

This contradicts the hypothesis that $f$ is non-constant. Hence $M_{r_1} < M_{r_2}$ whenever $r_1 < r_2$.

---

**Conclusion:** The map $r \mapsto M_r$ is strictly increasing on $[0, \infty)$ for every non-constant entire function $f$. $\blacksquare$

### PROOF COMPLETE
DEVIN_CLI_EXITED code=0
