## Proof

We solve Laplace's equation on the rectangle $(0,1)\times(0,2)$ with the given mixed boundary conditions via separation of variables.

**Step 1: Eigenfunction expansion in $x$.**

The Neumann conditions $u_x(0,y)=0$ and $u_x(1,y)=0$ suggest expanding in cosine modes. Seeking $u(x,y)=X(x)Y(y)$ gives
$$X''+\lambda X=0,\quad X'(0)=0,\;X'(1)=0.$$
The eigenvalues and eigenfunctions are
$$\lambda_n=n^2\pi^2,\quad X_n(x)=\cos(n\pi x),\qquad n=0,1,2,\dots$$

**Step 2: General solution.**

For $n=0$: $Y''=0\Rightarrow Y=a_0+b_0 y$. For $n\ge 1$: $Y''-n^2\pi^2 Y=0\Rightarrow Y=a_n\cosh(n\pi y)+b_n\sinh(n\pi y)$. Thus
$$u(x,y)=a_0+b_0 y+\sum_{n=1}^{\infty}\bigl[a_n\cosh(n\pi y)+b_n\sinh(n\pi y)\bigr]\cos(n\pi x).$$

**Step 3: Apply $u(x,0)=0$.**

Setting $y=0$: $a_0+\sum_{n=1}^\infty a_n\cos(n\pi x)=0$ for all $x\in[0,1]$, so $a_0=0$ and $a_n=0$ for all $n\ge 1$. Hence
$$u(x,y)=b_0\,y+\sum_{n=1}^{\infty}b_n\sinh(n\pi y)\cos(n\pi x).$$

**Step 4: Apply $u_y(x,2)=1-x$.**

Differentiating:
$$u_y(x,y)=b_0+\sum_{n=1}^{\infty}b_n\,n\pi\cosh(n\pi y)\cos(n\pi x).$$
At $y=2$:
$$b_0+\sum_{n=1}^{\infty}b_n\,n\pi\cosh(2n\pi)\cos(n\pi x)=1-x.$$

Expand $1-x$ as a cosine series $1-x=c_0+\sum_{n=1}^\infty c_n\cos(n\pi x)$ on $[0,1]$:
$$c_0=\int_0^1(1-x)\,dx=\tfrac{1}{2},$$
$$c_n=2\int_0^1(1-x)\cos(n\pi x)\,dx=\frac{2\bigl(1-(-1)^n\bigr)}{n^2\pi^2}.$$
So $c_n=0$ for even $n$, and $c_n=\dfrac{4}{n^2\pi^2}$ for odd $n$.

Matching coefficients:
$$b_0=c_0=\frac{1}{2},\qquad b_n=\frac{c_n}{n\pi\cosh(2n\pi)}.$$
For odd $n$: $b_n=\dfrac{4}{n^3\pi^3\cosh(2n\pi)}$; for even $n$: $b_n=0$.

**Step 5: The solution.**

$$\boxed{\,u(x,y)=\frac{y}{2}+\sum_{k=0}^{\infty}\frac{4}{(2k+1)^3\pi^3\,\cosh\!\bigl(2(2k+1)\pi\bigr)}\,\sinh\!\bigl((2k+1)\pi y\bigr)\,\cos\!\bigl((2k+1)\pi x\bigr)\,}$$

**Step 6: Verification of all boundary conditions.**

- *Laplace's equation:* Each term $b_n\sinh(n\pi y)\cos(n\pi x)$ satisfies $\Delta u=0$ since $\sinh$ and $\cos$ are the separated harmonic solutions; $b_0 y$ is harmonic. ✓
- *$u(x,0)=0$:* $\sinh(0)=0$ and the linear term vanishes at $y=0$. ✓
- *$u_x(0,y)=0$:* $u_x=-\sum b_n\sinh(n\pi y)\,n\pi\sin(n\pi x)$; $\sin(0)=0$. ✓
- *$u_x(1,y)=0$:* $\sin(n\pi)=0$ for all integer $n$. ✓
- *$u_y(x,2)=1-x$:* $u_y(x,2)=\tfrac{1}{2}+\sum_{n\text{ odd}}\frac{4}{n^2\pi^2}\cos(n\pi x)=c_0+\sum c_n\cos(n\pi x)=1-x$. ✓

The series converges uniformly on compact subsets (exponentially decaying coefficients due to $\cosh(2n\pi)$ in the denominator), so termwise differentiation is justified and the solution is classical.

### PROOF COMPLETE
DEVIN_CLI_EXITED code=0
