Looking at this problem, I need to find the smallest positive integer that is **not** a power of 2 and **cannot** be written as the average of two or more distinct powers of 2.

## Key Reformulation

A number $n$ is **Harmonious** iff there exist $k \geq 2$ distinct powers of 2, say $2^{a_1}, \dots, 2^{a_k}$, with average $n$, i.e., their sum equals $kn$.

Since a sum of $k$ distinct powers of 2 is exactly a number whose binary representation has exactly $k$ ones, the condition becomes:

> **$n$ is Harmonious iff there exists $k \geq 2$ such that $kn$ has exactly $k$ ones in binary.**

## Checking small non-powers of 2

**Powers of 2** up to 12: 1, 2, 4, 8. **Non-powers of 2** from 3 to 12: 3, 5, 6, 7, 9, 10, 11, 12.

| $n$ | $k$ | $kn$ (binary) | ones | = $k$? | Construction |
|-----|-----|----------------|------|--------|--------------|
| 3 | 2 | 6 = 110₂ | 2 | ✓ | {2, 4} |
| 5 | 2 | 10 = 1010₂ | 2 | ✓ | {2, 8} |
| 6 | 2 | 12 = 1100₂ | 2 | ✓ | {4, 8} |
| 7 | 3 | 21 = 10101₂ | 3 | ✓ | {1, 4, 16} |
| 9 | 2 | 18 = 10010₂ | 2 | ✓ | {2, 16} |
| 10 | 2 | 20 = 10100₂ | 2 | ✓ | {4, 16} |
| 11 | 5 | 55 = 110111₂ | 5 | ✓ | {1, 2, 4, 16, 32} |
| 12 | 2 | 24 = 11000₂ | 2 | ✓ | {8, 16} |

All non-powers of 2 from 3 to 12 are Harmonious. ✓

## Showing 13 is NOT Harmonious

For $n = 13$, we need $k \geq 2$ with $13k$ having exactly $k$ ones in binary.

**Upper bound on $k$:** The number $13k < 16k = 2^4 k$, so $13k$ has at most $\lfloor \log_2(13k) \rfloor + 1$ binary digits, hence at most that many ones. We need $k \leq \lfloor \log_2(13k) \rfloor + 1$.

- $k = 8$: $\lfloor \log_2(104) \rfloor + 1 = 7 < 8$. **Impossible.**
- For $k \geq 8$: $13k$ has at most $\approx 4 + \log_2 k$ bits, which is less than $k$. **Impossible.**

So we only need to check $k = 2, 3, 4, 5, 6, 7$:

| $k$ | $13k$ | binary | ones | = $k$? |
|-----|-------|--------|------|--------|
| 2 | 26 | 11010₂ | 3 | ✗ |
| 3 | 39 | 100111₂ | 4 | ✗ |
| 4 | 52 | 110100₂ | 3 | ✗ |
| 5 | 65 | 1000001₂ | 2 | ✗ |
| 6 | 78 | 1001110₂ | 4 | ✗ |
| 7 | 91 | 1011011₂ | 5 | ✗ |

No value of $k \geq 2$ works. Therefore **13 is not Harmonious**.

## Conclusion

- 13 is not a power of 2 (not a "Fundamental Tone"). ✓
- 13 cannot be expressed as the average of two or more distinct powers of 2. ✓
- Every smaller non-power of 2 (3, 5, 6, 7, 9, 10, 11, 12) is Harmonious. ✓

**The smallest positive integer that is not a Fundamental Tone and cannot be classified as a Harmonious frequency is $\boxed{13}$.**

### PROOF COMPLETE
DEVIN_CLI_EXITED code=0
