## Solution

**Setup.** The sequence is the concatenation of digits of $1, 2, 3, 4, \ldots$. The number of digits contributed by all $k$-digit positive integers is

$$9 \cdot 10^{k-1} \cdot k,$$

since there are $9 \cdot 10^{k-1}$ numbers with exactly $k$ digits, each contributing $k$ digits. Define the cumulative count

$$D(m) = \sum_{k=1}^{m} 9k \cdot 10^{k-1}.$$

Then $f(n) = m$ precisely when $D(m-1) < 10^n \le D(m)$.

**Closed form for $D(m)$.** A direct computation gives:

| $m$ | $D(m)$ |
|-----|--------|
| 1 | 9 |
| 2 | 189 |
| 3 | 2889 |
| 4 | 38889 |

The pattern suggests $D(m) = m \cdot 10^m - \dfrac{10^m - 1}{9}$. We verify by induction: the increment is

$$D(m) - D(m-1) = m \cdot 10^m - (m-1)\cdot 10^{m-1} - \frac{10^m - 10^{m-1}}{9} = 10^{m-1}\!\left(10m - (m-1) - \frac{9}{9}\right) = 10^{m-1}(9m) = 9m\cdot 10^{m-1}. \checkmark$$

The base case $D(1) = 10 - 1 = 9$ holds, so for all $m \ge 1$:

$$D(m) = m \cdot 10^m - \frac{10^m - 1}{9} = 10^m\!\left(m - \tfrac{1}{9}\right) + \tfrac{1}{9}.$$

**Computing $f(1)$, $f(2)$, $f(3)$.**

- $n=1$: $10^1 = 10$. Since $D(1)=9 < 10 \le D(2)=189$, we get $f(1)=2$. (The 10th digit is the leading "1" of the two-digit number 10.)
- $n=2$: $10^2 = 100$. Since $D(1)=9 < 100 \le D(2)=189$, we get $f(2)=2$. (Given: the 100th digit is the leading "5" of 55.)
- $n=3$: $10^3 = 1000$. Since $D(2)=189 < 1000 \le D(3)=2889$, we get $f(3)=3$.

**Computing $f(1987)$.** We need the unique $m$ with $D(m-1) < 10^{1987} \le D(m)$.

Since $D(m) = 10^m\!\left(m - \tfrac{1}{9}\right) + \tfrac{1}{9}$, the condition $D(m) \ge 10^{1987}$ is (for large $m$) essentially $m \cdot 10^m \ge 10^{1987}$, i.e. $m + \log_{10} m \gtrsim 1987$.

*Check $m = 1983$:* We need $D(1983) < 10^{1987}$, i.e.

$$10^{1983}\cdot \frac{17846}{9} + \frac{1}{9} < 10^{1983}\cdot 10^4 = 10^{1987}.$$

This reduces to $\frac{17846}{9} < 10000$, i.e. $17846 < 90000$. **True.** ✓

*Check $m = 1984$:* We need $D(1984) \ge 10^{1987}$, i.e.

$$10^{1984}\cdot \frac{17855}{9} + \frac{1}{9} \ge 10^{1984}\cdot 10^3 = 10^{1987}.$$

This reduces to $\frac{17855}{9} \ge 1000$, i.e. $17855 \ge 9000$. **True.** ✓

Therefore $D(1983) < 10^{1987} \le D(1984)$, giving $f(1987) = 1984$.

**The sum.**

$$S = f(1) + f(2) + f(3) + f(1987) = 2 + 2 + 3 + 1984 = \boxed{1991}.$$

### PROOF COMPLETE
DEVIN_CLI_EXITED code=0
