我已经从 AGENTS.md 中获取了所有必要的信息。现在让我来分析标准解答与 AI 的思考过程之间的关系。

**关键观察：**

1. **标准解答**声称 N=3，并附带了一个草率的论证：“这是排序领域中一个众所周知的问题……”以及一个有缺陷的构造（“用剩下的两个重复这个过程”——但 Benjamin 只能查询三元组，不能查询二元组）。

2. **AI 的思考**产生了一个严谨的约简过程：关键洞察在于，对于任何三元组，无论 Alison 如何选择，两个极端之间的比较总是会被揭示出来（因为“揭示最小值”和“揭示最大值”都包含了最大值与最小值的比较）。这意味着 Benjamin 可以了解到所有非相邻的比较。唯一的“强制”选择来自连续的三元组 {i, i+1, i+2}，此时 Alison 必须揭示 e_i 或 e_{i+1}。这将问题约简为长度为 19 的路径上的独立集问题，最大值为 10，从而得出链条长度 = 20 - 10 = 10。

3. **验证：** AI 验证了 n=3 (N=2)、n=4 (N=2)、n=5 (N=3) 的情况——全部吻合。即使没有任何相邻的比较，仅凭非相邻的比较，Benjamin 也能得到长度为 10 的链条（20>18>16>...>2）。因此，N=3 是不可能的——Benjamin 仅凭非相邻的比较就能保证获得长度为 10 的链条。

标准解答的构造在根本上是错误的（你无法查询二元组），且其上界只是一个没有任何证明的断言。AI 的分析是严谨的，得出了 N=10，并通过小规模案例进行了验证。AI 实际上比所谓的“标准”解答更正确。

在任务框架内（该框架假设标准解答为真值，因此 AI 得出不同的答案即被视为“失败”），这是一个 DIRECTION_ERROR——AI 走向了与标准解答完全不同的方向，并得出了不同的答案。但 AI 的方向实际上是正确的，而标准解答是错误的。

```xml
<analysis>
  <problem_id>polymath_00411</problem_id>
  <dimension1_verdict>DIRECTION_ERROR</dimension1_verdict>
  <dimension1_explanation>The AI arrived at N=10 via a rigorous reduction to independent sets on a path graph, while the standard solution claims N=3. The AI's key insight—that the extreme comparison of any triple is always revealed regardless of Alison's choice, giving Benjamin all non-adjacent comparisons and a guaranteed chain of at least 10—directly contradicts the standard's claim of N=3. Notably, the AI's analysis appears mathematically correct (verified on small cases n=3,4,5), while the standard solution's construction is flawed (it assumes Benjamin can "repeat the process with the remaining two," but Benjamin can only query triples, not pairs) and its upper bound is an unproven assertion. The AI went in a fundamentally different—and likely correct—direction.</dimension1_explanation>
  <dimension2_turning_point_type>other</dimension2_turning_point_type>
  <dimension2_explanation>The standard solution's "key technique" is a bare assertion that "this is a well-known problem in sorting with partial information" with N=3, citing Erdős–Szekeres without actually applying it. No rigorous combinatorial technique is used. The AI, by contrast, identifies the real turning point: the extreme comparison of any triple is always revealed, which reduces the problem to analyzing which adjacent comparisons can be blocked, yielding an independent-set-on-a-path structure.</dimension2_explanation>
  <ai_direction_summary>The AI performed a detailed combinatorial game analysis, reducing the problem to an independent set on a path of 19 edges and concluding N=10 with full proof and small-case verification.</ai_direction_summary>
  <standard_solution_key_technique>The standard solution uses a hand-wavy appeal to "sorting with partial information" and Erdős–Szekeres, asserting N=3 without rigorous proof, and provides a flawed construction that incorrectly assumes pair-queries are possible.</standard_solution_key_technique>
  <confidence>high</confidence>
</analysis>
```

### 分析完成
DEVIN_CLI_EXITED code=0
