Looking at this problem, I need to find which satellite is removed on the 49th iteration of a Josephus-style process with 2022 satellites, removing every 2023rd.

**Answer Leak Check:** The problem text contains no leaked answers, solutions, or solution sketches. Proceeding.

## Analysis

Let me track positions in the ring (0-indexed). Let $p_k$ be the starting position at step $k$, and $r_k$ the removed position.

**Setup:** Ring of $n = 2022$ satellites, step size $s = 2023$. At step $k$, the ring has $2023 - k$ elements.

**Key recurrence:** The removed position is
$$r_k = (p_k + s - 1) \bmod (2023 - k) = (p_k + 2022) \bmod (2023 - k).$$

Since $2022 = (2023 - k) + (k - 1)$, this simplifies to:
$$r_k = (p_k + k - 1) \bmod (2023 - k).$$

After removal, the next start is $p_{k+1} = r_k$ (the element after the removed one shifts into that index).

**Computing the first steps** (with $p_1 = 0$):

| $k$ | $p_k$ | $r_k = (p_k + k-1) \bmod (2023-k)$ | $p_{k+1}$ |
|-----|-------|--------------------------------------|-----------|
| 1 | 0 | $0$ | 0 |
| 2 | 0 | $1$ | 1 |
| 3 | 1 | $3$ | 3 |
| 4 | 3 | $6$ | 6 |
| 5 | 6 | $10$ | 10 |

The removed positions are $0, 1, 3, 6, 10, \ldots = T(0), T(1), T(2), T(3), T(4), \ldots$ where $T(j) = j(j+1)/2$ are triangular numbers. So $r_k = T(k-1) = (k-1)k/2$.

**No-wrapping condition:** This holds as long as $r_k = T(k-1) < 2023 - k$, equivalently $T(k) = k(k+1)/2 < 2023$. Since $T(63) = 2016 < 2023$ and $T(64) = 2080 > 2023$, the pattern is valid for all $k \le 63$, in particular for $k = 49$.

**Mapping ring position to original satellite number:** I claim the satellite removed at step $k$ is satellite $T(k) = k(k+1)/2$ in the original numbering.

**Proof of claim:** At step $k$, the previously removed satellites are $\{T(1), T(2), \ldots, T(k-1)\} = \{1, 3, 6, \ldots, T(k-1)\}$, all of which are $< T(k)$. The ring position $r_k = T(k-1)$ (0-indexed) corresponds to the $(T(k-1)+1)$-th remaining satellite (1-indexed). The number of remaining satellites $\le T(k)$ is:
$$T(k) - (k-1) = \frac{k(k+1)}{2} - (k-1) = \frac{k^2 - k + 2}{2} = \frac{(k-1)k}{2} + 1 = T(k-1) + 1.$$
Since $T(k)$ itself is still present (not yet removed), it is exactly the $(T(k-1)+1)$-th remaining satellite. So step $k$ removes satellite $T(k)$. $\checkmark$

**Verification with small example** ($n=10$, step $=11$): Steps 1–4 remove satellites $1, 3, 6, 10 = T(1),\ldots,T(4)$. Confirmed by direct simulation. The pattern breaks at step 5 (where $T(5)=15 > 10$), exactly when wrapping begins—consistent with our condition.

**Final computation:** For the 49th iteration:
$$T(49) = \frac{49 \times 50}{2} = \frac{2450}{2} = 1225.$$

Check: $T(49) = 1225 \le 2022$ ✓, and $T(48) = 1176 < 2023 - 49 = 1974$ ✓, so no wrapping occurs.

## Answer

The satellite decommissioned during the 49th iteration is satellite **1225**.

### PROOF COMPLETE
DEVIN_CLI_EXITED code=0
