## Answer Leak Check

The problem statement contains no leaked answers, solutions, or solution sketches. Proceeding to solve.

## Proof

Let $S: \ell^2(\mathbb{N}) \to \ell^2(\mathbb{N})$ denote the **right shift** operator, $(Sx)_j = x_{j+1}$ for $j = 1, 2, 3, \ldots$. Then the finite difference operator can be written as
$$\partial_h = \tfrac{1}{h}(S - I),$$
where $I$ is the identity. The question reduces to computing the operator norm $\|S - I\|$ on $\ell^2(\mathbb{N})$.

---

### Step 1. $S$ is a contraction with $\|S\| = 1$

For any $x \in \ell^2(\mathbb{N})$,
$$\|Sx\|^2 = \sum_{j=1}^{\infty}|x_{j+1}|^2 = \sum_{j=2}^{\infty}|x_j|^2 = \|x\|^2 - |x_1|^2 \leq \|x\|^2.$$
Equality is approached by sequences with $x_1 = 0$, so $\|S\| = 1$.

---

### Step 2. Upper bound: $\|S - I\| \leq 2$

For any $x$ with $\|x\| = 1$,
$$\|(S-I)x\|^2 = \|Sx\|^2 - 2\,\mathrm{Re}\langle Sx, x\rangle + \|x\|^2.$$
Using $\|Sx\|^2 = \|x\|^2 - |x_1|^2$ and the Cauchy–Schwarz estimate $|\langle Sx,x\rangle| \leq \|Sx\|\,\|x\| \leq \|x\|^2$, we get
$$\|(S-I)x\|^2 = 2\|x\|^2 - |x_1|^2 - 2\,\mathrm{Re}\langle Sx,x\rangle \leq 2\|x\|^2 + 2\|x\|^2 = 4\|x\|^2.$$
(The term $-|x_1|^2$ only helps.) Hence $\|S-I\| \leq 2$.

---

### Step 3. Lower bound: $\|S - I\| \geq 2$

For each $n \geq 1$, define the unit vector
$$x^{(n)}_j = \frac{(-1)^j}{\sqrt{n}}, \quad j = 1, \ldots, n; \qquad x^{(n)}_j = 0, \quad j > n.$$
Then $\|x^{(n)}\| = 1$ and
$$\bigl((S-I)x^{(n)}\bigr)_j = x^{(n)}_{j+1} - x^{(n)}_j = \frac{(-1)^{j+1} - (-1)^j}{\sqrt{n}} = \frac{-2(-1)^j}{\sqrt{n}}, \quad j = 1, \ldots, n-1,$$
while at $j = n$ we have $x^{(n)}_{n+1} - x^{(n)}_n = 0 - \frac{(-1)^n}{\sqrt{n}} = -\frac{(-1)^n}{\sqrt{n}}$, and the component vanishes for $j > n$. Therefore
$$\|(S-I)x^{(n)}\|^2 = \sum_{j=1}^{n-1}\frac{4}{n} + \frac{1}{n} = \frac{4(n-1)+1}{n} = 4 - \frac{3}{n} \xrightarrow{n\to\infty} 4.$$
So $\|S-I\| \geq \lim_{n\to\infty}\|(S-I)x^{(n)}\| = 2$.

---

### Step 4. Conclusion

Combining Steps 2 and 3, $\|S - I\| = 2$, and consequently
$$\|\partial_h\| = \frac{1}{h}\|S - I\| = \frac{2}{h}.$$

**Yes**, such a constant exists, and the **optimal** (smallest) value is
$$\boxed{C_h = \frac{2}{h}}.$$

The bound is sharp: it is approached (but not attained) by the alternating-sign sequences $x^{(n)}$ above, which concentrate the difference $|x_{j+1} - x_j| = 2/\sqrt{n}$ across $n-1$ positions, yielding $\|\partial_h x^{(n)}\| / \|x^{(n)}\| \to 2/h$.

### PROOF COMPLETE
