## Solution

**Setup.** Let $S = \{a, b, c, d\}$ with $a < b < c < d$. Define the gaps $g_1 = b-a$, $g_2 = c-b$, $g_3 = d-c$. A labeling of the square's vertices (a 4-cycle) works when we can cyclically order the four elements so every adjacent pair differs by $\ge 4$.

**Identifying the candidate cycles.** Up to dihedral symmetry, there are exactly three distinct cyclic orderings of four labeled elements:

1. $(a, b, c, d)$: requires $g_1\ge4,\; g_2\ge4,\; g_3\ge4,\; (g_1{+}g_2{+}g_3)\ge4$.
2. $(a, b, d, c)$: requires $g_1\ge4,\; (g_2{+}g_3)\ge4,\; g_3\ge4,\; (g_1{+}g_2)\ge4$.
3. $(a, c, b, d)$: requires $(g_1{+}g_2)\ge4,\; g_2\ge4,\; (g_2{+}g_3)\ge4,\; (g_1{+}g_2{+}g_3)\ge4$.

**Simplifying.** In Cycle 2, $g_1\ge4$ forces $g_1+g_2\ge4$, and $g_3\ge4$ forces $g_2+g_3\ge4$, so Cycle 2 is equivalent to $g_1\ge4 \wedge g_3\ge4$. In Cycle 3, $g_2\ge4$ forces all three other conditions, so Cycle 3 is equivalent to $g_2\ge4$. Cycle 1 is subsumed (its conditions imply both Cycles 2 and 3). Therefore:

$$S \text{ works} \iff \bigl(g_1\ge4 \wedge g_3\ge4\bigr) \;\vee\; \bigl(g_2\ge4\bigr).$$

**Counting via the complement.** It is cleaner to count failing sets:
$$\text{Failing} = \bigl(g_2\le3\bigr) \wedge \bigl(g_1\le3 \vee g_3\le3\bigr).$$

By inclusion–exclusion, with symmetry between $g_1$ and $g_3$:
$$|\text{Failing}| = 2\,|g_1\le3 \wedge g_2\le3| - |g_1\le3 \wedge g_2\le3 \wedge g_3\le3|.$$

*Counting $|g_1\le3 \wedge g_2\le3|$.* Write $b=a+i$, $c=a+i+j$ with $i,j\in\{1,2,3\}$; then $d$ ranges over $c{+}1,\dots,10$, giving $10-c = 10-a-i-j$ choices. Summing over $a$ for fixed $i,j$ yields $\sum_{a=1}^{9-i-j}(10{-}a{-}i{-}j)=\tfrac{(9-m)(10-m)}{2}$ where $m=i+j$. Grouping by $m$:

| $m$ | #$(i,j)$ | value | contribution |
|-----|-----------|-------|--------------|
| 2 | 1 | 28 | 28 |
| 3 | 2 | 21 | 42 |
| 4 | 3 | 15 | 45 |
| 5 | 2 | 10 | 20 |
| 6 | 1 | 6 | 6 |

Total: $28+42+45+20+6 = 141$.

*Counting $|g_1\le3 \wedge g_2\le3 \wedge g_3\le3|$.* Write $b=a+i$, $c=a+i+j$, $d=a+i+j+k$ with $i,j,k\in\{1,2,3\}$; need $d\le10$. The count is $\sum_{i,j,k} \max(0,\,10-i-j-k)$. Grouping by $m=i+j+k$:

| $m$ | #$(i,j,k)$ | $10-m$ | contribution |
|-----|-------------|--------|--------------|
| 3 | 1 | 7 | 7 |
| 4 | 3 | 6 | 18 |
| 5 | 6 | 5 | 30 |
| 6 | 7 | 4 | 28 |
| 7 | 6 | 3 | 18 |
| 8 | 3 | 2 | 6 |
| 9 | 1 | 1 | 1 |

Total: $7+18+30+28+18+6+1 = 108$.

**Final computation.**
$$|\text{Failing}| = 2(141) - 108 = 282 - 108 = 174.$$
$$|\text{Working}| = \binom{10}{4} - 174 = 210 - 174 = 36.$$

**Verification of the overlap.** The overlap $A\cap B$ (i.e., $g_1\ge4\wedge g_3\ge4\wedge g_2\ge4$) requires $g_1+g_2+g_3\ge12$, but $d-a\le 9$, so it is empty — confirming the direct count $|A|=1$ (only $\{1,5,6,10\}$, from $b=5,c=6$) and $|B|=35$ also gives $1+35=36$.

The number of possibilities for $S$ is $\boxed{36}$.

### PROOF COMPLETE
DEVIN_CLI_EXITED code=0
