## Solution

The statement is **FALSE**.

### Counterexample

Take $M = N = \mathbb{R}^2$, both with their standard smooth structure (so they are smooth surfaces). Define
$$f : \mathbb{R}^2 \to \mathbb{R}^2, \qquad f(x, y) = (x^3, y).$$

**$f$ is a homeomorphism.** It is clearly continuous. Its inverse is
$$f^{-1}(u, v) = (u^{1/3}, v),$$
which is also continuous (the real cube root is continuous on all of $\mathbb{R}$). Hence $f$ is a homeomorphism.

**$f$ is smooth.** The component functions $x^3$ and $y$ are $C^\infty$.

**$\det(J_f)$ has constant sign.** The Jacobian matrix is
$$J_f = \begin{pmatrix} 3x^2 & 0 \\ 0 & 1 \end{pmatrix},$$
so
$$\det(J_f) = 3x^2 \ge 0 \quad \text{for all } (x,y) \in \mathbb{R}^2.$$
The determinant is everywhere non-negative — it has a constant (non-negative) sign. (It vanishes along the line $x = 0$.)

**$f$ is NOT a diffeomorphism.** A diffeomorphism requires the inverse to be smooth. But
$$f^{-1}(u, v) = (u^{1/3}, v),$$
and the map $u \mapsto u^{1/3}$ is not differentiable at $u = 0$ (its derivative blows up). In particular, $f^{-1}$ is not $C^1$ at the origin, hence not smooth.

Equivalently, one can see the obstruction directly: $\det(J_f)(0,0) = 0$, so the inverse function theorem does not apply at the origin, and indeed the inverse fails to be smooth there.

### Conclusion

We have exhibited two smooth surfaces $M, N$ and a smooth homeomorphism $f: M \to N$ with $\det(J_f)$ of constant sign, yet $f$ is not a diffeomorphism. The hypothesis "constant sign" permits the determinant to vanish (as it does along $x = 0$), and this vanishing is exactly where smoothness of the inverse breaks down. Therefore the statement is **false**.

### PROOF COMPLETE
DEVIN_CLI_EXITED code=0
