**Answer Leak Check:** The problem text contains no leaked answers, solutions, or solution sketches. Proceeding to solve.

---

## Proof

Let $p$ be a prime. We consider a nonabelian semidirect product $G = \mathbb{Z}_{p^2} \rtimes \mathbb{Z}_p$, which exists for every prime $p$ (verified below). We show that **not** all nontrivial elements of $G$ have order $p$; in fact $G$ always contains an element of order $p^2$.

### The semidirect product exists and is nonabelian

A semidirect product $\mathbb{Z}_{p^2} \rtimes \mathbb{Z}_p$ is determined by a homomorphism
$$\phi: \mathbb{Z}_p \to \operatorname{Aut}(\mathbb{Z}_{p^2}).$$

The automorphism group $\operatorname{Aut}(\mathbb{Z}_{p^2}) \cong (\mathbb{Z}_{p^2})^\times$ is cyclic of order $\varphi(p^2) = p(p-1)$.

- **For $p=2$:** $\operatorname{Aut}(\mathbb{Z}_4) \cong \mathbb{Z}_2$, and the unique nontrivial map $\mathbb{Z}_2 \to \operatorname{Aut}(\mathbb{Z}_4)$ yields the dihedral group $D_4$, which is nonabelian.

- **For odd $p$:** Since $p \mid p(p-1) = |\operatorname{Aut}(\mathbb{Z}_{p^2})|$, the cyclic group $\operatorname{Aut}(\mathbb{Z}_{p^2})$ contains a unique subgroup of order $p$. Concretely, the element $1+p \in (\mathbb{Z}_{p^2})^\times$ has order $p$, since
  $$(1+p)^p = \sum_{k=0}^{p}\binom{p}{k}p^k = 1 + p^2 + \sum_{k\ge 2}\binom{p}{k}p^k \equiv 1 \pmod{p^2},$$
  while $(1+p)^1 = 1+p \not\equiv 1 \pmod{p^2}$. Mapping a generator of $\mathbb{Z}_p$ to the automorphism $x \mapsto x^{1+p}$ gives a nontrivial (hence nonabelian) semidirect product.

So a nonabelian $G = \mathbb{Z}_{p^2} \rtimes \mathbb{Z}_p$ exists for every prime $p$.

### $G$ contains an element of order $p^2$

Write $\mathbb{Z}_{p^2} = \langle a \rangle$ (normal subgroup of $G$) and $\mathbb{Z}_p = \langle b \rangle$, so $G = \langle a, b \rangle$ with $|a| = p^2$, $|b| = p$.

The key observation is that $a$ is an element of $G$ (it lies in the normal subgroup $\mathbb{Z}_{p^2} \le G$), and its order **in $G$** is the same as its order in $\mathbb{Z}_{p^2}$, namely $p^2$.

**Why the order is preserved:** The subgroup $\langle a \rangle = \mathbb{Z}_{p^2}$ is normal in $G$ by construction of the semidirect product. The order of $a$ as an element of $G$ equals the order of $a$ in this subgroup, which is $p^2$. Concretely, $a^k = 1$ in $G$ if and only if $p^2 \mid k$, so $|a| = p^2$ in $G$.

Since $p^2 > p$ for every prime $p$, the element $a$ is a nontrivial element of $G$ whose order is $p^2 \neq p$.

### Conclusion

The nonabelian semidirect product $\mathbb{Z}_{p^2} \rtimes \mathbb{Z}_p$ does **not** have the property that all its nontrivial elements have order $p$. The generator $a$ of the normal subgroup $\mathbb{Z}_{p^2}$ has order $p^2$ in $G$. $\blacksquare$

### PROOF COMPLETE
DEVIN_CLI_EXITED code=0
