## Solution

**Answer leak check:** The problem statement contains only the problem — no leaked solutions, sketches, or answer values. Proceeding to solve.

---

**Claim:** The largest constant is $k = 9$.

### Step 1: Reduction to one variable

The inequality is homogeneous of degree 3 (LHS has degree 3; $2ab$ has degree 2 and $\sqrt[k]{(a^k+b^k)/2}$ has degree 1). Setting $b=1$, $a=t>0$, we need
$$t^3 + 1 \;\geq\; 2t\,\sqrt[k]{\frac{t^k+1}{2}} \qquad \forall\, t>0. \tag{$\star$}$$

### Step 2: Local analysis near $t=1$ gives $k \leq 9$

Both sides equal $2$ at $t=1$. Setting $t = 1+\varepsilon$ and expanding to second order:

- **LHS:** $(1+\varepsilon)^3 + 1 = 2 + 3\varepsilon + 3\varepsilon^2 + O(\varepsilon^3)$.
- **RHS:** A careful Taylor expansion of $2(1+\varepsilon)\bigl(\tfrac{(1+\varepsilon)^k+1}{2}\bigr)^{1/k}$ yields
$$2 + 3\varepsilon + \frac{k+3}{4}\,\varepsilon^2 + O(\varepsilon^3).$$

For ($\star$) to hold near $t=1$, the coefficient of $\varepsilon^2$ in (LHS $-$ RHS) must be non-negative:
$$3 - \frac{k+3}{4} = \frac{9-k}{4} \;\geq\; 0 \;\;\Longrightarrow\;\; k \leq 9.$$

Hence **$k \leq 9$ is necessary**.

### Step 3: Proving $k = 9$ works globally

With $k=9$, raise both sides of ($\star$) to the 9th power (both sides positive):
$$(t^3+1)^9 \;\geq\; 2^9\, t^9 \cdot \frac{t^9+1}{2} \;=\; 256\, t^9(t^9+1).$$

Set $s = t^3 > 0$, so $t^9 = s^3$. Since $s^3+1 = (s+1)(s^2-s+1)$, this becomes
$$(s+1)^9 \;\geq\; 256\, s^3(s+1)(s^2-s+1),$$
i.e. (dividing by $s+1>0$),
$$(s+1)^8 \;\geq\; 256\, s^3(s^2-s+1). \tag{$\star\star$}$$

### Step 4: Key substitution $p = s + 1/s$

Let $p = s + \tfrac{1}{s} \geq 2$ (by AM-GM, equality iff $s=1$). Observe:
- $(s+1)^2 = s^2 + 2s + 1 = s\!\left(s + \tfrac{1}{s} + 2\right) = s(p+2)$, so $(s+1)^8 = s^4(p+2)^4$.
- $s^2 - s + 1 = s\!\left(s + \tfrac{1}{s} - 1\right) = s(p-1)$, so $s^3(s^2-s+1) = s^4(p-1)$.

Substituting into ($\star\star$) and cancelling $s^4 > 0$:
$$(p+2)^4 \;\geq\; 256\,(p-1), \qquad p \geq 2. \tag{$\star\star\star$}$$

### Step 5: Verifying $(\star\star\star)$

Define $F(p) = (p+2)^4 - 256(p-1)$.

- $F(2) = 4^4 - 256 = 256 - 256 = 0$.
- $F'(p) = 4(p+2)^3 - 256$, so $F'(2) = 256 - 256 = 0$.
- $F''(p) = 12(p+2)^2 > 0$ for all $p$.

Since $F'' > 0$ everywhere, $F$ is **strictly convex**, so $p = 2$ is the unique global minimum. As $F(2) = 0$, we have $F(p) \geq 0$ for all $p$, with equality **only** at $p = 2$ (i.e., $s = 1$, i.e., $t = 1$, i.e., $a = b$).

### Step 6: Conclusion

- **$k = 9$ is sufficient:** Step 3–5 proves the inequality holds for all $a, b > 0$ when $k = 9$.
- **$k = 9$ is necessary:** Step 2 shows any $k > 9$ violates the inequality near $a = b$.

Therefore the largest constant is
$$\boxed{k = 9}.$$

### PROOF COMPLETE
DEVIN_CLI_EXITED code=0
