## Solution

**Step 1: Factor the coefficient.**

Let $a = x^n$, $b = x^m$. The numerator is:
$$ab + abx^2 + xa^2 + xb^2$$

Grouping: $xa^2 + ab + abx^2 + xb^2 = (xa+b)(a+bx)$.

Verification: $(xa+b)(a+bx) = xa^2 + abx^2 + ab + b^2x$ ✓

The denominator is $x^{2n}+2x^{n+m}+x^{2m} = (x^n+x^m)^2 = (a+b)^2$.

So each coefficient equals:
$$\frac{(x^{n+1}+x^m)(x^n+x^{m+1})}{(x^n+x^m)^2}$$

**Step 2: Set up the telescoping product.**

Let $f(n,m) = x^n+x^m$. The coefficient is $\dfrac{f(n+1,m)\cdot f(n,m+1)}{f(n,m)^2}$, so:

$$P = \underbrace{\prod_{m=1}^{100}\prod_{n=1}^{100}\frac{f(n+1,m)}{f(n,m)}}_{P_1}\cdot\underbrace{\prod_{m=1}^{100}\prod_{n=1}^{100}\frac{f(n,m+1)}{f(n,m)}}_{P_2}$$

**Step 3: Evaluate $P_1$ and $P_2$.**

For $P_1$, fixing $m$ and telescoping over $n$:
$$P_1 = \prod_{m=1}^{100}\frac{f(101,m)}{f(1,m)} = \prod_{k=1}^{100}\frac{x^{101}+x^k}{x+x^k}$$

For $P_2$, fixing $n$ and telescoping over $m$:
$$P_2 = \prod_{n=1}^{100}\frac{f(n,101)}{f(n,1)} = \prod_{k=1}^{100}\frac{x^k+x^{101}}{x^k+x} = \prod_{k=1}^{100}\frac{x^{101}+x^k}{x+x^k} = P_1$$

So $P = P_1^2$.

**Step 4: Simplify $P_1$.**

$$\frac{x^{101}+x^k}{x+x^k} = \frac{x^k(x^{101-k}+1)}{x(1+x^{k-1})} = x^{k-1}\cdot\frac{1+x^{101-k}}{1+x^{k-1}}$$

$$P_1 = \prod_{k=1}^{100}x^{k-1}\cdot\prod_{k=1}^{100}\frac{1+x^{101-k}}{1+x^{k-1}}$$

**First product:** $\prod_{k=1}^{100}x^{k-1} = x^{\sum_{k=0}^{99}k} = x^{4950}$.

**Second product** (substituting $j=k-1$, so $101-k=100-j$):
$$\prod_{j=0}^{99}\frac{1+x^{100-j}}{1+x^j} = \frac{\prod_{i=1}^{100}(1+x^i)}{\prod_{j=0}^{99}(1+x^j)} = \frac{\prod_{i=1}^{100}(1+x^i)}{2\prod_{j=1}^{99}(1+x^j)} = \frac{1+x^{100}}{2}$$

Therefore:
$$P_1 = x^{4950}\cdot\frac{1+x^{100}}{2}$$

**Step 5: Compute $P$.**

$$P = P_1^2 = x^{9900}\left(\frac{1+x^{100}}{2}\right)^2$$

**Step 6: Identify parameters.**

Comparing with $x^a\left(\dfrac{1+x^b}{c}\right)^d$:
- $a = 9900$
- $b = 100$
- $c = 2$
- $d = 2$

$$a+b+c+d = 9900+100+2+2 = \boxed{10004}$$

### PROOF COMPLETE
DEVIN_CLI_EXITED code=0
