## Proof that $R(\underbrace{3,3,\ldots,3}_{k}) \leq 3k!$

**Notation.** Let $f(k) = R(\underbrace{3,3,\ldots,3}_{k})$, the $k$-color Ramsey number where each color requires a monochromatic triangle $K_3$.

---

### Step 1. The multicolor recursion

**Lemma (multicolor Ramsey recursion).** For any $r_1, \ldots, r_k \geq 2$,
$$R(r_1, \ldots, r_k) \;\leq\; \sum_{i=1}^{k} R(r_1, \ldots, r_i - 1, \ldots, r_k).$$

*Proof of Lemma.* Set $R_i := R(r_1, \ldots, r_i - 1, \ldots, r_k)$ and $n := \sum_{i=1}^{k} R_i$. Consider any $k$-coloring of the edges of $K_n$. Pick a vertex $v$; its $n - 1$ incident edges are partitioned into $k$ color classes. If, for every color $i$, the number of edges of color $i$ incident to $v$ were at most $R_i - 1$, then the total number of incident edges would be at most
$$\sum_{i=1}^{k}(R_i - 1) = \Bigl(\sum_{i=1}^{k} R_i\Bigr) - k = n - k \;<\; n - 1 \qquad (\text{since } k \geq 2),$$
a contradiction. Hence for some color $i$, at least $R_i$ neighbors of $v$ are connected to $v$ by color $i$. Call this neighbor set $S$, $|S| \geq R_i$.

Within $S$ (whose edges are $k$-colored), by definition of $R_i = R(r_1, \ldots, r_i - 1, \ldots, r_k)$, there is either:
- a monochromatic $K_{r_i - 1}$ in color $i$ — which together with $v$ forms a monochromatic $K_{r_i}$ in color $i$; or
- a monochromatic $K_{r_j}$ in color $j$ for some $j \neq i$.

In either case $K_n$ contains a monochromatic $K_{r_j}$ in some color $j$. $\blacksquare$

---

### Step 2. Reducing the last argument from 3 to 2

**Fact.** $R(r_1, \ldots, r_{k-1}, 2) = R(r_1, \ldots, r_{k-1})$.

*Proof.* A monochromatic $K_2$ in color $k$ is simply any edge of color $k$. Given a $k$-coloring of $K_n$ with $n \geq R(r_1, \ldots, r_{k-1})$: if any edge has color $k$, we have a $K_2$ in color $k$; otherwise all edges use only $k - 1$ colors, and by definition of $R(r_1, \ldots, r_{k-1})$ there is a monochromatic $K_{r_i}$ in some color $i < k$. $\blacksquare$

---

### Step 3. The recursion for $f(k)$

Applying the Lemma with all $r_i = 3$:
$$f(k) \;\leq\; \sum_{i=1}^{k} R(\underbrace{3,\ldots,3}_{k-1},\, 2,\, \underbrace{3,\ldots,3}_{\text{rest}}) = k \cdot R(\underbrace{3,\ldots,3}_{k-1},\, 2).$$

By the Fact, $R(\underbrace{3,\ldots,3}_{k-1}, 2) = R(\underbrace{3,\ldots,3}_{k-1}) = f(k-1)$. Therefore
$$f(k) \;\leq\; k \cdot f(k-1).$$

---

### Step 4. Unrolling and the base case

**Base case.** $f(1) = R(3) = 3$: with a single color, $K_3$ is automatically monochromatic, and $K_2$ does not contain a triangle.

Unrolling the recursion $f(k) \leq k \cdot f(k-1)$ down to $f(1)$:
$$f(k) \;\leq\; k \cdot (k-1) \cdot (k-2) \cdots 2 \cdot f(1) \;=\; k! \cdot 3 \;=\; 3\,k!\,.$$

---

### Conclusion

$$\boxed{R(\underbrace{3,3,\ldots,3}_{k}) \;\leq\; 3\,k!\,.}$$

### PROOF COMPLETE
DEVIN_CLI_EXITED code=0
