**Answer Leak Self-Check:** I scanned the problem text for any leaked solutions, proof sketches, formalization notes, or embedded answer values. None found. Proceeding to solve.

---

## USA Mathematical Olympiad 1978, Problem 1

**Given:** $a+b+c+d+e = 8$ and $a^2+b^2+c^2+d^2+e^2 = 16$, with $a,b,c,d,e \in \mathbb{R}$.

**Find:** the maximum value of $e$.

---

### Proof

Set
$$s := a+b+c+d = 8 - e, \qquad q := a^2+b^2+c^2+d^2 = 16 - e^2.$$

By the Cauchy–Schwarz inequality (equivalently, the QM–AM inequality) applied to the four real numbers $a,b,c,d$,
$$a^2+b^2+c^2+d^2 \;\ge\; \frac{(a+b+c+d)^2}{4},$$
with equality if and only if $a = b = c = d$.

Substituting $s$ and $q$:
$$16 - e^2 \;\ge\; \frac{(8-e)^2}{4}.$$

Multiplying both sides by $4$:
$$64 - 4e^2 \;\ge\; 64 - 16e + e^2.$$

Rearranging:
$$0 \;\ge\; 5e^2 - 16e \;=\; e(5e - 16).$$

Hence
$$e(5e - 16) \le 0 \quad\Longrightarrow\quad 0 \le e \le \frac{16}{5}.$$

Therefore $e \le \dfrac{16}{5}$.

**Attainment.** Equality in Cauchy–Schwarz requires $a = b = c = d$. Setting $a = b = c = d = \dfrac{6}{5}$ and $e = \dfrac{16}{5}$:
- Sum: $4 \cdot \dfrac{6}{5} + \dfrac{16}{5} = \dfrac{24+16}{5} = \dfrac{40}{5} = 8$. ✓
- Sum of squares: $4 \cdot \dfrac{36}{25} + \dfrac{256}{25} = \dfrac{144+256}{25} = \dfrac{400}{25} = 16$. ✓

Both constraints are satisfied, so the upper bound $\dfrac{16}{5}$ is achieved.

---

### Conclusion

The maximum value of $e$ is $\boxed{\dfrac{16}{5}}$.

### PROOF COMPLETE
DEVIN_CLI_EXITED code=0
