Looking at this problem, I need to find EN² where E is the intersection of extended roads, and N is the second intersection of two circles.

## Setting Up Coordinates

Since AB ∥ CD with AB = 5 < CD = 10, extending DA beyond A and BC beyond B, they meet at E on the AB side. By similarity of △EAB and △ECD (ratio 1:2):

- EA/ED = EB/EC = 1/2, so ED = 2·EA, EC = 2·EB
- AD = ED − EA = EA = 7, so **EA = 7, ED = 14**
- BC = EC − EB = EB = 9, so **EB = 9, EC = 18**

Let ∠AEB = α. By the law of cosines in △EAB:
AB² = EA² + EB² − 2·EA·EB·cos α → 25 = 49 + 81 − 126cos α → **cos α = 5/6**, sin α = √11/6.

**Coordinates** (E at origin, EA along x-axis):
- A = (7, 0), D = (14, 0)
- B = (9·5/6, 9·√11/6) = (15/2, 3√11/2)
- C = (15, 3√11)
- M = midpoint of CD = (29/2, 3√11/2)

## Circle 1 (through M, B, C)

B and M share y-coordinate 3√11/2, so the perpendicular bisector of BM gives center x = 11. Solving for the y-coordinate using equal distances to B and C yields center **(11, 26√11/11)**, radius² = **2475/121**.

## Circle 2 (through M, D, A)

A and D lie on the x-axis, so perpendicular bisector of AD gives center x = 21/2. Solving yields center **(21/2, 19√11/22)**, radius² = **2475/121** (same radius).

## Radical Axis (line through M and N)

Subtracting the two circle equations:

$$\left(-\tfrac{1}{2}\right)\left(2x - \tfrac{43}{2}\right) + \left(-\tfrac{3\sqrt{11}}{2}\right)\left(2y - \tfrac{71\sqrt{11}}{22}\right) = 0$$

Simplifying: **x + 3√11·y = 64**

Verification: M = (29/2, 3√11/2) → 29/2 + 3√11·3√11/2 = 29/2 + 99/2 = 64 ✓

## Finding N

Substituting x = 64 − 3√11·y into Circle 1 and simplifying (knowing y = 3√11/2 is one root for M), by Vieta's formulas the product of roots = 6897/242, giving:

$$y_N = \frac{6897}{242 \cdot \frac{3\sqrt{11}}{2}} = \frac{6897 \cdot 2}{726\sqrt{11}} = \frac{19\sqrt{11}}{11}$$

Then x_N = 64 − 3√11·(19√11/11) = 64 − 57 = **7**.

So **N = (7, 19√11/11)**.

## Verification

- On radical axis: 7 + 3√11·19√11/11 = 7 + 57 = 64 ✓
- On Circle 1: (7−11)² + (19√11/11 − 26√11/11)² = 16 + 49·11/121 = 16 + 539/121 = 2475/121 ✓

## Computing EN²

$$EN^2 = 7^2 + \left(\frac{19\sqrt{11}}{11}\right)^2 = 49 + \frac{361 \cdot 11}{121} = 49 + \frac{3971}{121} = \frac{5929 + 3971}{121} = \frac{9900}{121} = \frac{900}{11}$$

Since gcd(900, 11) = 1, we have a = 900, b = 11.

$$100a + b = 100 \cdot 900 + 11 = \boxed{90011}$$

### PROOF COMPLETE
DEVIN_CLI_EXITED code=0
