## 答案泄漏自检

问题文本仅包含问题陈述，没有泄漏答案、解决方案或形式化说明。继续解答。

---

## 证明

**答案是肯定的。** 假设 $f$ 是可测的，且 $f\,\mathbb{1}_{[0,\theta]}$ 对所有 $\theta\ge 0$ 是可积的（这隐含在期望的定义中），条件 $\mathbb{E}[f\,\mathbb{1}_{[0,\theta]}]=0$ 对所有 $\theta\ge 0$ 成立，意味着 $f=0$ 几乎必然成立。

**设定。** 设 $(\Omega,\mathcal{F},P)$ 为概率空间，其中 $\Omega=[0,\infty)$，$\mathcal{F}$ 为 Borel $\sigma$-代数。条件为
$$
\int_{[0,\theta]} f\,dP = 0 \quad\text{对所有 } \theta\ge 0. \tag{1}
$$

**第一步：Jordan 分解。** 写 $f = f^+ - f^-$，其中 $f^+ = \max(f,0)$ 且 $f^- = \max(-f,0)$。定义 $[0,\infty)$ 上的两个测度
$$
\nu^+(A) = \int_A f^+\,dP, \qquad \nu^-(A) = \int_A f^-\,dP.
$$
根据 (1)，$\nu^+([0,\theta]) - \nu^-([0,\theta]) = 0$，即
$$
\nu^+([0,\theta]) = \nu^-([0,\theta]) \quad\text{对所有 } \theta\ge 0. \tag{2}
$$

**第二步：$\sigma$-有限性。** 对于每个 $n\in\mathbb{N}$，$f\,\mathbb{1}_{[0,n]}$ 的可积性意味着 $\nu^+([0,n])<\infty$ 且 $\nu^-([0,n])<\infty$。由于 $[0,\infty)=\bigcup_{n=1}^\infty [0,n]$，$\nu^+$ 和 $\nu^-$ 都是 $\sigma$-有限的。

**第三步：测度的唯一性。** 集族 $\{[0,\theta]:\theta\ge 0\}$ 是一个 $\pi$-系，它生成 $[0,\infty)$ 上的 Borel $\sigma$-代数。序列 $\{[0,n]\}_{n\ge 1}$ 位于该 $\pi$-系中，其并集为 $[0,\infty)$，且在每个 $\nu^+$ 和 $\nu^-$ 下测度均为有限。根据 $\sigma$-有限测度的唯一性定理（$\pi$-$\lambda$ 定理），(2) 意味着
$$
\nu^+(A) = \nu^-(A) \quad\text{对所有 Borel 集 } A\subseteq[0,\infty). \tag{3}
$$

**第四步：结论。** 取 $A = \{f>0\} = \{x : f(x)>0\}$，这是一个 Borel 集。在 $A$ 上，$f^- = 0$，因此 $\nu^-(A) = \int_A f^-\,dP = 0$。根据 (3)，$\nu^+(A) = 0$，即
$$
\int_{\{f>0\}} f^+\,dP = 0.
$$
由于在 $\{f>0\}$ 上 $f^+ = f > 0$，唯一的可能是 $P(\{f>0\})=0$。

同理，取 $B = \{f<0\}$。在 $B$ 上，$f^+ = 0$，因此 $\nu^+(B)=0$，根据 (3)，$\nu^-(B)=0$，即
$$
\int_{\{f<0\}} f^-\,dP = 0.
$$
由于在 $\{f<0\}$ 上 $f^- = -f > 0$，我们得到 $P(\{f<0\})=0$。

结合这两个结果：
$$
P(\{f\neq 0\}) = P(\{f>0\}) + P(\{f<0\}) = 0.
$$

因此 $f = 0$ 几乎必然成立。$\blacksquare$

### 证明完成
DEVIN_CLI_EXITED code=0
