Looking at this problem, I need to find point P inside quadrilateral ABCD where the circumcircles of ABP & CDP are tangent, and circumcircles of ADP & BCP are tangent.

## Setting Up Coordinates

Place O at the origin with the circle |z| = 8. Since AC ⊥ BD:

**Chord distances from center:** For AC = 2√61, half-length = √61, distance = √(64−61) = √3. For BD = 6√7, half-length = 3√7, distance = √(64−63) = 1.

Place AC horizontal, BD vertical:
- A = (−√61, √3), C = (√61, √3)  
- B = (1, 3√7), D = (1, −3√7)

All points satisfy x² + y² = 64. ✓ The quadrilateral ABCD is convex with A left, B top, C right, D bottom.

## Key Insight: Inversion → Parallelogram

Under inversion centered at P, each circumcircle (through P) maps to a line. **Two circles tangent at P invert to parallel lines.** So:
- (ABP) tangent (CDP) at P ⟺ lines A'B' ∥ C'D'  
- (ADP) tangent (BCP) at P ⟺ lines A'D' ∥ B'C'

Both conditions together ⟺ **A'B'C'D' is a parallelogram** ⟺ A' + C' = B' + D'.

Using complex coordinates with inversion formula X' = P + (X−P)/|X−P|², the parallelogram condition becomes:

$$\frac{1}{\overline{a}} + \frac{1}{\overline{c}} = \frac{1}{\overline{b}} + \frac{1}{\overline{d}}$$

where a = A−P, b = B−P, c = C−P, d = D−P. Taking conjugates: **1/a + 1/c = 1/b + 1/d**, i.e., (a+c)/(ac) = (b+d)/(bd).

## Deriving the Equations

Using A+C = 2i√3 and B+D = 2, this becomes:

$$(i\sqrt{3} - P)(B-P)(D-P) = (1-P)(A-P)(C-P)$$

Setting P = p + iq and expanding both sides, then equating real and imaginary parts yields:

**(I):** p² − 128p − q² + 2pq√3 + 64 = 0  
**(II):** 2pq − 128q + (−p² + q² + 64)√3 = 0

From these, eliminating variables:
- From (I): s = 128p − 2pq√3 where s = p² − q² + 64  
- Substituting into (II) and simplifying: **q(p−16) = 16√3(p−1)**, so q = 16√3(p−1)/(p−16)

Substituting back with t = p−1 and clearing denominators gives:

$$t^4 - 60t^3 + 1830t^2 - 27900t - 14175 = 0$$

## Factoring the Quartic

This factors as:

$$(t^2 - 30t + 945)(t^2 - 30t - 15) = 0$$

The first factor has negative discriminant (no real roots). The second gives:

$$t = 15 \pm 4\sqrt{15}$$

So p = 16 ± 4√15. Since P must be inside the circle (radius 8), we take **p = 16 − 4√15** (≈ 0.508).

Then q = 16√3(15 − 4√15)/(−4√15) = **16√3 − 12√5** (≈ 0.880).

**Verification:** Both equations (I) and (II) check out exactly with these values. ✓

## Computing OP

$$p^2 = (16 - 4\sqrt{15})^2 = 496 - 128\sqrt{15}$$
$$q^2 = (16\sqrt{3} - 12\sqrt{5})^2 = 1488 - 384\sqrt{15}$$
$$OP^2 = p^2 + q^2 = 1984 - 512\sqrt{15}$$

Expressing as (√a − √b)² = a + b − 2√(ab):
- a + b = 1984  
- 2√(ab) = 512√15 → ab = 256²·15 = 983040

Solving x² − 1984x + 983040 = 0: discriminant = 1984² − 4·983040 = 4096 = 64²

$$x = \frac{1984 \pm 64}{2} \implies a = 1024,\; b = 960$$

**Check:** √1024 − √960 = 32 − 8√15, and (32 − 8√15)² = 1024 + 960 − 512√15 = 1984 − 512√15 ✓

## Answer

$$100a + b = 100 \times 1024 + 960 = \boxed{103360}$$

### PROOF COMPLETE
DEVIN_CLI_EXITED code=0
