```xml
<audit>
  <analysis_result_key>2269473</analysis_result_key>
  <problem_id>deepmath_103k_00001716</problem_id>
  <audit_status>PASS_SELECTABLE</audit_status>
  <check_results>
    <A1>PASS: dimension1_verdict is DIRECTION_ERROR, a valid value.</A1>
    <A2>PASS: dimension1_explanation is non-empty and well over 50 characters.</A2>
    <A3>PASS: dimension2_turning_point_type is "other", a valid value, and d1=DIRECTION_ERROR requires d2 to be present.</A3>
    <A4>PASS: dimension2_explanation is non-empty and well over 50 characters.</A4>
    <A5>PASS: ai_direction_summary is non-empty and describes the AI's actual direction.</A5>
    <A6>PASS: standard_solution_key_technique is non-empty and describes the specific technique.</A6>
    <B1>PASS: No XML tag leaks (no `</dimension` or `<dimension` strings) in either explanation.</B1>
    <B2>PASS: No template placeholder leaks ("1-3 sentences", "ONE_OF:", etc.) in either explanation.</B2>
    <B3>PASS: Both explanations are far longer than 50 characters.</B3>
    <C1>PASS: d1=DIRECTION_ERROR requires d2 to have a value, and d2="other" is present.</C1>
    <C2>PASS: d1_exp describes the AI going entirely into C*-algebra theory instead of the actual limit problem, which is a wrong direction matching DIRECTION_ERROR.</C2>
    <C3>PASS: d2="other" and d2_exp describes leading-term dominance in limits, a calculus technique not in the listed number-theoretic categories, which correctly justifies "other".</C3>
    <D1>PASS: d1_exp is well over 100 characters and contains action verbs ("went", "addresses", "engages").</D1>
    <D2>PASS: d2_exp is over 100 characters and contains mathematical terms (radicand, denominator, limit, √(25−a²)/2).</D2>
    <D3>PASS: ai_direction_summary describes the specific direction (C*-algebra theory, commutator ideal J equals A) the AI actually took, not just "the AI failed".</D3>
    <D4>PASS: standard_solution_key_technique describes the specific technique (leading-term dominance, approximate numerator by n√(25−a²), denominator by 2n) rather than a generic statement.</D4>
    <E1>UNKNOWN — check via script</E1>
  </check_results>
  <issues_found>none</issues_found>
</audit>
```

### AUDIT COMPLETE
DEVIN_CLI_EXITED code=0
```xml
<audit>
  <analysis_result_key>2269473</analysis_result_key>
  <problem_id>deepmath_103k_00001716</problem_id>
  <audit_status>PASS_SELECTABLE</audit_status>
  <check_results>
    <A1>PASS: dimension1_verdict is "DIRECTION_ERROR", a valid value.</A1>
    <A2>PASS: dimension1_explanation is non-empty and well over 50 characters, describing the C*-algebra direction mismatch.</A2>
    <A3>PASS: dimension2_turning_point_type is "other", a valid value from the allowed list.</A3>
    <A4>PASS: dimension2_explanation is non-empty and well over 50 characters, describing leading-term dominance technique.</A4>
    <A5>PASS: ai_direction_summary is non-empty and describes the AI's C*-algebra direction.</A5>
    <A6>PASS: standard_solution_key_technique is non-empty and describes the leading-term dominance method.</A6>
    <B1>PASS: No XML tag leaks (no `</dimension` or `<dimension` strings) in either explanation.</B1>
    <B2>PASS: No template placeholder leaks (no "1-3 sentences", "ONE_OF:", "Your 1-3 sentence") in either explanation.</B2>
    <B3>PASS: Both explanations are well over 50 characters.</B3>
    <C1>PASS: d1=DIRECTION_ERROR requires d2 to have a value, and d2="other" is present.</C1>
    <C2>PASS: d1_exp describes the AI going in a completely wrong direction (C*-algebra vs. calculus limit), consistent with DIRECTION_ERROR.</C2>
    <C3>PASS: d2_exp describes leading-term dominance/asymptotic analysis, a calculus technique correctly labeled "other" since it is not a number-theoretic category.</C3>
    <D1>PASS: d1_exp is well over 100 characters and contains action verbs ("went", "never addresses", "never mentions", "never factors", "never engages").</D1>
    <D2>PASS: d2_exp is over 100 characters and contains mathematical terms (radicand, denominator, limit, √(25−a²)/2).</D2>
    <D3>PASS: ai_direction_summary describes the specific direction the AI took (C*-algebra theory, commutator ideal J equals A), not just "the AI failed".</D3>
    <D4>PASS: standard_solution_key_technique describes the specific technique (leading-term dominance, approximating numerator by n√(25−a²) and denominator by 2n), not a generic statement.</D4>
    <E1>UNKNOWN — check via script</E1>
  </check_results>
  <issues_found>none</issues_found>
</audit>
```

### AUDIT COMPLETE
DEVIN_CLI_EXITED code=0
