Looking at this problem, I need to check for answer leaks first, then solve.

**Answer Leak Check:** The problem text contains no leaked answers, solutions, or solution sketches. Proceeding to solve.

---

## Problem Analysis

**Given:**
- A teacher brings her students to a festival.
- Each student is allowed to ride the carousel **only once**.
- The carousel has already gone **three rounds**.
- Question: How many students were able to ride?

## Reasoning

This is an elementary-level problem. Let me reason through it carefully.

**Key facts from the problem:**
1. Each student rides the carousel **exactly once** (no student rides more than once).
2. The carousel completed **3 rounds**.
3. We are asked how many students rode.

**Interpreting "rounds" and "riding once":**

A "round" of a carousel is one full rotation. During each round, the students seated on the carousel ride through that rotation. After a round completes, those students get off (since each may ride only once), and a new group of students boards for the next round.

The critical missing piece is the **number of seats** on the carousel. If the carousel has $n$ seats, then:
- Round 1: $n$ students ride.
- Round 2: $n$ different students ride (the first group cannot ride again).
- Round 3: $n$ more different students ride.

**Total students who rode** $= n + n + n = 3n$.

## The Problem as Stated Is Underspecified

The problem text alone does not specify the number of seats on the carousel. This problem is typically accompanied by a **picture** showing the carousel with a specific number of seats (a common version shows 5 seats, which would yield $3 \times 5 = 15$ students).

**General solution:** If the carousel has $n$ seats, then the number of students who were able to ride is:

$$\boxed{3n}$$

where $n$ is the number of seats on the carousel.

**Proof:**
- Each round, exactly $n$ students occupy the $n$ seats (one student per seat).
- Since each student rides only once, the students in each round are distinct from those in every other round.
- Over 3 rounds, the total number of distinct students who rode is $n + n + n = 3n$.
- No student is double-counted because the "ride only once" constraint guarantees the three groups are disjoint.

Therefore, the number of students who were able to ride equals **3 times the number of seats on the carousel**.

### PROOF COMPLETE
DEVIN_CLI_EXITED code=0
