Looking at this problem, I need to find the principal curvatures of the surface $x_1\sin(x_3) - x_2\cos(x_3) = 0$.

**Answer-leak check:** The problem statement contains no solutions, hints, or formalization notes. Proceeding.

---

## Proof

**Step 1: Identify the surface.**

The equation $x_1 \sin x_3 - x_2 \cos x_3 = 0$ is equivalent to $x_2 = x_1 \tan x_3$ (where $\cos x_3 \neq 0$). This means the point $(x_1, x_2)$ lies on the line through the origin in the $(x_1,x_2)$-plane making angle $x_3$ with the $x_1$-axis. Setting $x_1 = u\cos v,\; x_2 = u\sin v,\; x_3 = v$, we verify:
$$x_1\sin x_3 - x_2\cos x_3 = u\cos v\sin v - u\sin v\cos v = 0.\;\checkmark$$

So the surface is a **helicoid** with parametrization
$$\mathbf{r}(u,v) = (u\cos v,\; u\sin v,\; v), \qquad u\in\mathbb{R},\; v\in\mathbb{R}.$$

**Step 2: First fundamental form.**

$$\mathbf{r}_u = (\cos v,\sin v,0),\qquad \mathbf{r}_v = (-u\sin v,\, u\cos v,\, 1).$$

$$E = \mathbf{r}_u\cdot\mathbf{r}_u = 1,\quad F = \mathbf{r}_u\cdot\mathbf{r}_v = 0,\quad G = \mathbf{r}_v\cdot\mathbf{r}_v = u^2+1.$$

The coordinate curves are orthogonal ($F=0$).

**Step 3: Unit normal.**

$$\mathbf{r}_u\times\mathbf{r}_v = (\sin v,\,-\cos v,\, u),\qquad |\mathbf{r}_u\times\mathbf{r}_v| = \sqrt{1+u^2}.$$

$$\mathbf{n} = \frac{(\sin v,\,-\cos v,\, u)}{\sqrt{1+u^2}}.$$

**Step 4: Second fundamental form.**

$$\mathbf{r}_{uu}=(0,0,0),\quad \mathbf{r}_{uv}=(-\sin v,\cos v,0),\quad \mathbf{r}_{vv}=(-u\cos v,-u\sin v,0).$$

$$e = \mathbf{r}_{uu}\cdot\mathbf{n} = 0,$$
$$f = \mathbf{r}_{uv}\cdot\mathbf{n} = \frac{-\sin^2 v - \cos^2 v}{\sqrt{1+u^2}} = \frac{-1}{\sqrt{1+u^2}},$$
$$g = \mathbf{r}_{vv}\cdot\mathbf{n} = \frac{-u\sin v\cos v + u\sin v\cos v}{\sqrt{1+u^2}} = 0.$$

**Step 5: Shape operator and principal curvatures.**

The shape operator matrix (in the $\{\mathbf{r}_u,\mathbf{r}_v\}$ basis) is
$$S = \begin{pmatrix}E&F\\F&G\end{pmatrix}^{-1}\begin{pmatrix}e&f\\f&g\end{pmatrix} = \begin{pmatrix}1&0\\0&\tfrac{1}{1+u^2}\end{pmatrix}\begin{pmatrix}0&\tfrac{-1}{\sqrt{1+u^2}}\\[2pt]\tfrac{-1}{\sqrt{1+u^2}}&0\end{pmatrix} = \begin{pmatrix}0&\tfrac{-1}{\sqrt{1+u^2}}\\[2pt]\tfrac{-1}{(1+u^2)^{3/2}}&0\end{pmatrix}.$$

The principal curvatures are the eigenvalues of $S$:
$$\operatorname{tr}(S) = 0 \quad\Longrightarrow\quad H = 0 \;\text{(minimal surface)},$$
$$\det(S) = -\frac{1}{(1+u^2)^2}.$$

The characteristic equation $\lambda^2 + \frac{1}{(1+u^2)^2} = 0$ gives
$$\boxed{\kappa_1 = \frac{1}{1+u^2},\qquad \kappa_2 = -\frac{1}{1+u^2}.}$$

**Step 6: Express in original coordinates.**

Since $x_1 = u\cos v$ and $x_2 = u\sin v$, we have $u^2 = x_1^2 + x_2^2$ (the squared distance from the point to the $x_3$-axis). Therefore, at any point $(x_1,x_2,x_3)$ on the surface,

$$\kappa_1 = \frac{1}{1+x_1^2+x_2^2},\qquad \kappa_2 = -\frac{1}{1+x_1^2+x_2^2}.$$

**Verification.** The helicoid is a classical minimal surface: $H = \tfrac12(\kappa_1+\kappa_2)=0\;\checkmark$, and the Gaussian curvature $K = \kappa_1\kappa_2 = -\tfrac{1}{(1+u^2)^2}\;\checkmark$, both consistent with known results.

### PROOF COMPLETE
DEVIN_CLI_EXITED code=0
