I'll solve this step-by-step using coordinate geometry.

## Setup

Place $B=(0,0)$, $C=(14,0)$. Since $AB=13$, $AC=15$: $A=(x,y)$ with $x^2+y^2=169$ and $(x-14)^2+y^2=225$, giving $x=5$, $y=12$. So **$A=(5,12)$, $B=(0,0)$, $C=(14,0)$**.

**Area** (Heron): $s=21$, $K=\sqrt{21\cdot8\cdot7\cdot6}=84$.

**Circumradius**: $R=\frac{13\cdot14\cdot15}{4\cdot84}=\frac{65}{8}$.

**Circumcenter** $O$: Perpendicular bisector of $BC$ is $x=7$. Perpendicular bisector of $AB$ (midpoint $(5/2,6)$, slope $-5/12$) gives at $x=7$: $y=33/8$. So $O=(7,33/8)$.

**Midpoints**: $M_{AB}=(5/2,6)$, $M_{BC}=(7,0)$, $M_{AC}=(19/2,6)$.

## Key Observation

Since each circle is tangent to a side at its midpoint, each center lies on the **perpendicular bisector** of that side — which passes through $O$. So $X$, $M_{AB}$, $O$ are collinear (and similarly for $Y$, $Z$).

Let $d_i$ = distance from $O$ to $M_i$ (the midpoint). The center lies on the opposite side of the midpoint from $O$ (outside the triangle), at distance $r_i$ from $M_i$. So $|O\text{-center}| = d_i + r_i$.

For **internal tangency** with the circumcircle (small circle inside, tangent internally): $d_i + r_i = R - r_i$, giving $r_i = \frac{R-d_i}{2}$.

## Computing each circle

**Circle $w_1$ (tangent to $AB$):**
$|OM_{AB}| = \sqrt{(7-5/2)^2+(33/8-6)^2}=\sqrt{(9/2)^2+(−15/8)^2}=\sqrt{81/4+225/64}=\sqrt{1521/64}=39/8$.
$r_1 = \frac{65/8-39/8}{2}=\frac{13}{8}$.

Outside direction (perpendicular to $AB$, away from $C$): $(-12/13,5/13)$.
$X = (5/2,6)+\frac{13}{8}(-12/13,5/13)=(5/2-3/2,\;6+5/8)=\boxed{(1,53/8)}$.

**Circle $w_2$ (tangent to $BC$):**
$|OM_{BC}| = 33/8$. $r_2=\frac{65/8-33/8}{2}=2$.
Outside direction (downward): $Y=(7,-2)$.

**Circle $w_3$ (tangent to $AC$):**
$|OM_{AC}|=\sqrt{(7-19/2)^2+(33/8-6)^2}=\sqrt{(−5/2)^2+(−15/8)^2}=\sqrt{25/4+225/64}=\sqrt{625/64}=25/8$.
$r_3=\frac{65/8-25/8}{2}=5/2$.

Outside direction (perpendicular to $AC=(9,-12)$, unit $(3/5,-4/5)$; outside is $(4/5,3/5)$):
$Z=(19/2,6)+\frac{5}{2}(4/5,3/5)=(19/2+2,\;6+3/2)=\boxed{(23/2,15/2)}$.

## Verification of tangency

- $|XO|=\sqrt{36+400/64}=\sqrt{169/4}=52/8$; $R-r_1=52/8$ ✓
- $|YO|=33/8+2=49/8$; $R-r_2=49/8$ ✓
- $|ZO|=\sqrt{81/4+729/64}=\sqrt{2025/64}=45/8$; $R-r_3=45/8$ ✓

## Area of $\triangle XYZ$

With $X=(1,53/8)$, $Y=(7,-2)$, $Z=(23/2,15/2)$:

$$\vec{YX}=(6,\,-69/8),\quad \vec{ZX}=(21/2,\,7/8)$$

$$\text{Cross} = 6\cdot\frac{7}{8}-\left(-\frac{69}{8}\right)\cdot\frac{21}{2}=\frac{42}{8}+\frac{1449}{16}=\frac{84+1449}{16}=\frac{1533}{16}$$

$$\text{Area}=\frac{1}{2}\cdot\frac{1533}{16}=\boxed{\frac{1533}{32}}$$

### PROOF COMPLETE
DEVIN_CLI_EXITED code=0
