Looking at this problem, I need to analyze the maximum load in a balls-into-bins model and optimize over the number of bins.

## Setup

We have $T$ balls ($X_1, \dots, X_T$) thrown uniformly at random into $K = K^*(T)$ bins. Let $N_k = \sum_{t=1}^T \mathbb{I}\{X_t = k\}$ and $M_{T,K} = \max_{k} N_k$. Then:
$$f(K, T) = \mathbb{E}[M_{T,K}] - \frac{T}{K}$$
where $\lambda = T/K$ is the average load per bin. We seek $K^*(T)$ maximizing the growth exponent $\alpha$.

## Answer Leak Check

No solutions, sketches, or answer values are present in the problem statement. Proceeding.

## Lower Bound: $\alpha = 1/2$ is achievable

**Claim:** $K^*(T) = 3$ gives $f(3, T) = \Theta(\sqrt{T})$.

With $K = 3$, each $N_k \sim \text{Binomial}(T, 1/3)$ with mean $\lambda = T/3$ and variance $\sigma^2 = T \cdot \frac{1}{3} \cdot \frac{2}{3} = \frac{2T}{9}$. By the CLT, $N_k \approx \mathcal{N}(T/3,\, 2T/9)$ for large $T$.

The maximum of $K$ i.i.d. Gaussians $\mathcal{N}(\mu, \sigma^2)$ satisfies:
$$\mathbb{E}[\max(N_1, \dots, N_K)] = \mu + \sigma \cdot c_K$$
where $c_K = \mathbb{E}[\max(Z_1, \dots, Z_K)]$ for i.i.d. standard normals is a positive constant depending only on $K$. For $K = 3$, $c_3 > 0$.

Therefore:
$$f(3, T) = \mathbb{E}[M_{T,3}] - \frac{T}{3} = c_3 \cdot \sqrt{\frac{2T}{9}} \cdot (1 + o(1)) = \Theta(\sqrt{T}).$$

This confirms $f(K^*(T), T) = \Omega(T^{1/2})$ with $K^*(T) = 3$.

## Upper Bound: $\alpha \leq 1/2$

**Claim:** For all $K \geq 1$, $f(K, T) = O(\sqrt{T})$.

Let $\lambda = T/K$. We use the standard concentration bound for bin counts: for each bin,
$$\Pr[N_k \geq \lambda + t] \leq \exp\!\left(-\frac{t^2}{2\lambda + t}\right).$$

**Regime 1: $\lambda \geq C \log K$ (Gaussian regime, $C$ a large constant).**

For $t \leq \lambda$, the bound gives $\Pr[N_k \geq \lambda + t] \leq e^{-t^2/(3\lambda)}$. By union bound:
$$\Pr[M_{T,K} \geq \lambda + t] \leq K \cdot e^{-t^2/(3\lambda)}.$$

Setting $t = \sqrt{6\lambda \log K}$ yields $\Pr[M \geq \lambda + \sqrt{6\lambda\log K}] \leq K^{-1}$. Integrating the tail (standard calculation) gives:
$$\mathbb{E}[M_{T,K}] \leq \lambda + O\!\left(\sqrt{\lambda \log K}\right).$$

Now we optimize. Since $\lambda = T/K$:
$$\lambda \log K = \frac{T \log K}{K} = T \cdot \varphi(K), \quad \text{where } \varphi(K) = \frac{\log K}{K}.$$

The function $\varphi(K) = \frac{\log K}{K}$ (natural log) has derivative $\varphi'(K) = \frac{1 - \log K}{K^2}$, vanishing at $K = e$, with global maximum $\varphi(e) = \frac{1}{e}$. Therefore:
$$\lambda \log K \leq \frac{T}{e} \quad \text{for all } K \geq 1.$$

Hence:
$$f(K, T) = \mathbb{E}[M_{T,K}] - \lambda \leq O\!\left(\sqrt{\lambda \log K}\right) \leq O\!\left(\sqrt{\frac{T}{e}}\right) = O(\sqrt{T}).$$

**Regime 2: $\lambda < C \log K$ (sparse regime).**

Here $K$ is large relative to $T$. The maximum load satisfies $\mathbb{E}[M_{T,K}] \leq \lambda + O\!\left(\frac{\log K}{\log \log K}\right)$ (the classical bound for the sparse regime; the excess over the mean is dominated by the $\frac{\log K}{\log\log K}$ term).

- If $K \leq T$: then $\log K \leq \log T$, so $f(K,T) \leq O(\log T) = o(\sqrt{T})$.
- If $K > T$: then $\lambda < 1$. With $T$ balls in $K > T$ bins, the birthday-paradox analysis gives $M_{T,K} = O\!\left(\frac{\log T}{\log \log T}\right)$ w.h.p. (the maximum collision multiplicity when $T \leq K$). Since $T/K < 1$, we get $f(K,T) \leq O\!\left(\frac{\log T}{\log\log T}\right) = o(\sqrt{T})$.

In both sub-cases, $f(K, T) = o(\sqrt{T}) \subset O(\sqrt{T})$.

## Conclusion

- **Lower bound:** $K^*(T) = 3$ achieves $f(K^*(T), T) = \Theta(\sqrt{T}) = \Omega(T^{1/2})$.
- **Upper bound:** For every choice of $K$, $f(K, T) = O(\sqrt{T})$, so no choice achieves $\Omega(T^\alpha)$ for any $\alpha > 1/2$.

The key optimization is that $\frac{\log K}{K} \leq \frac{1}{e}$ (maximized at $K = e \approx 2.718$, so $K = 3$ in integers), which caps $\lambda \log K \leq T/e$ and thus caps $f \leq O(\sqrt{T/e})$.

The largest possible value is:

$$\boxed{\alpha = \frac{1}{2}}$$

### PROOF COMPLETE
DEVIN_CLI_EXITED code=0
