I'll solve this directly in the TUI as instructed, without using any tools or writing files.

---

**Proof.**

We work in the upper half-space model $\mathbb{H}^n = \{(x_1,\dots,x_n)\in\mathbb{R}^n : x_n > 0\}$ with the hyperbolic metric
$$ds^2 = \frac{dx_1^2 + \cdots + dx_n^2}{x_n^2}.$$

The projection is $\pi:\mathbb{H}^n \to \mathbb{R}$, $\pi(x_1,\dots,x_n)=x_n$. The target $\mathbb{R}=(0,\infty)$ is endowed with the metric $dt^2/t^2$ (the metric of the hyperbolic line, so that $\pi$ becomes a Riemannian submersion; this is the natural metric induced on the base of the warped-product decomposition of $\mathbb{H}^n$).

**Step 1: Compute the differential.** For a point $x=(x_1,\dots,x_n)\in\mathbb{H}^n$ and a tangent vector $\mathbf{v}=(v_1,\dots,v_n)\in T_x\mathbb{H}^n$, the differential of $\pi$ is
$$d_x\pi(\mathbf{v}) = v_n,$$
since $\pi$ simply selects the last coordinate. As a tangent vector in the target $(0,\infty)$ at $t=x_n$, this is $v_n\,\partial/\partial t$.

**Step 2: Compute the length of $\mathbf{v}$ in $\mathbb{H}^n$.** The hyperbolic metric tensor is $g_{ij}=\delta_{ij}/x_n^2$, so
$$\|\mathbf{v}\|_{\mathrm{hyp}}^2 = g(\mathbf{v},\mathbf{v}) = \frac{v_1^2+\cdots+v_n^2}{x_n^2}, \qquad \|\mathbf{v}\|_{\mathrm{hyp}} = \frac{\sqrt{v_1^2+\cdots+v_n^2}}{x_n}.$$

**Step 3: Compute the length of $d_x\pi(\mathbf{v})$ in the target.** With the metric $dt^2/t^2$ on $(0,\infty)$, evaluated at $t=x_n$:
$$\|d_x\pi(\mathbf{v})\|^2 = \frac{v_n^2}{t^2}\bigg|_{t=x_n} = \frac{v_n^2}{x_n^2}, \qquad \|d_x\pi(\mathbf{v})\| = \frac{|v_n|}{x_n}.$$

**Step 4: Compare the two lengths.** We have
$$\|d_x\pi(\mathbf{v})\|^2 = \frac{v_n^2}{x_n^2} \le \frac{v_1^2+\cdots+v_n^2}{x_n^2} = \|\mathbf{v}\|_{\mathrm{hyp}}^2,$$
where the inequality holds simply because $v_n^2 \le v_1^2+\cdots+v_n^2$ (a sum of non-negative terms is at least any single term). Taking square roots (all quantities are non-negative):
$$\|d_x\pi(\mathbf{v})\| \le \|\mathbf{v}\|_{\mathrm{hyp}}.$$

**Step 5: Conclusion.** The inequality $\|d_x\pi(\mathbf{v})\| \le \|\mathbf{v}\|_{\mathrm{hyp}}$ holds for every $x\in\mathbb{H}^n$ and every $\mathbf{v}\in T_x\mathbb{H}^n$, with no dependence on the value of $x_n$. Therefore $d_x\pi$ does not increase the length of any tangent vector. $\blacksquare$

**Remark.** Geometrically, $\mathbb{H}^n$ with metric $(dx_1^2+\cdots+dx_n^2)/x_n^2$ is the warped product $\mathbb{R}^{n-1}\times_{1/x_n}(0,\infty)$, and $\pi$ is the projection onto the base factor $(0,\infty)$ equipped with the metric $dt^2/t^2$. The projection onto the base of a warped product is a Riemannian submersion, and Riemannian submersions never increase the length of tangent vectors — exactly the inequality verified above.

### PROOF COMPLETE
DEVIN_CLI_EXITED code=0
