## Solution

**Check for exactness.** The 1-form is
$$\omega = (\ln y)\,e^{-x}\,dx - \frac{e^{-x}}{y}\,dy + z\,dz,$$
with $P=(\ln y)e^{-x}$, $Q=-e^{-x}/y$, $R=z$.

Verify the exactness conditions:
- $\dfrac{\partial P}{\partial y}=\dfrac{e^{-x}}{y}=\dfrac{\partial Q}{\partial x}$ ✓
- $\dfrac{\partial P}{\partial z}=0=\dfrac{\partial R}{\partial x}$ ✓
- $\dfrac{\partial Q}{\partial z}=0=\dfrac{\partial R}{\partial y}$ ✓

The form is exact on the domain $y>0$ (which holds since $y=e^{t^4}>0$), so $\omega=df$ for some potential $f$.

**Find the potential.**
- From $\dfrac{\partial f}{\partial x}=(\ln y)e^{-x}$: $\;f=-(\ln y)e^{-x}+g(y,z)$.
- From $\dfrac{\partial f}{\partial y}=-\dfrac{e^{-x}}{y}+\dfrac{\partial g}{\partial y}=-\dfrac{e^{-x}}{y}$: $\;\dfrac{\partial g}{\partial y}=0$, so $g=h(z)$.
- From $\dfrac{\partial f}{\partial z}=h'(z)=z$: $\;h(z)=\dfrac{z^2}{2}$.

Thus
$$f(x,y,z)=-(\ln y)\,e^{-x}+\frac{z^2}{2}.$$

**Evaluate at endpoints.**
$$r(0)=(-1,\,1,\,1),\qquad r(1)=(0,\,e,\,2).$$

$$f(r(1))=f(0,e,2)=-(\ln e)\,e^{0}+\frac{2^2}{2}=-1+2=1.$$

$$f(r(0))=f(-1,1,1)=-(\ln 1)\,e^{1}+\frac{1^2}{2}=0+\frac{1}{2}=\frac{1}{2}.$$

**Result.** Since $\omega$ is exact,
$$\int_C \omega = f(r(1))-f(r(0)) = 1-\frac{1}{2}=\boxed{\dfrac{1}{2}}.$$

### PROOF COMPLETE
DEVIN_CLI_EXITED code=0
