Looking at this problem, I need to find the OGF of words over an alphabet of size $m$ avoiding a pattern $p$ of length $k$, given the autocorrelation polynomial $c(z)$.

**Answer Leak Check**: The problem statement contains no leaked answers, solutions, or solution sketches. Proceeding to solve.

---

## Proof

**Setup.** Let $\mathcal{A}$ be an alphabet of size $m$. Let $p = p_1 p_2 \cdots p_k$ be a fixed pattern of length $k$. Define the **autocorrelation polynomial**

$$c(z) = \sum_{s=0}^{k-1} c_s\, z^s, \qquad c_s = \begin{cases} 1 & \text{if } p_{s+1}\cdots p_k = p_1 \cdots p_{k-s},\\ 0 & \text{otherwise.}\end{cases}$$

Note $c_0 = 1$ always (the full self-overlap at shift $0$). The coefficient $c_s$ records whether $p$ has a self-overlap of length $k - s$ at shift $s$.

**Goal.** Let $F(z) = \sum_{n \ge 0} a_n z^n$ where $a_n$ is the number of words of length $n$ over $\mathcal{A}$ containing no occurrence of $p$. We derive a closed form for $F(z)$.

---

### Step 1: Marked words and the cluster decomposition (Goulden–Jackson)

Introduce a variable $u$ marking occurrences of $p$. Define

$$M(z, u) = \sum_{w} z^{|w|}(1+u)^{\operatorname{occ}(w)},$$

where $\operatorname{occ}(w)$ is the number of occurrences of $p$ in $w$. Each occurrence is independently marked (factor $u$) or unmarked (factor $1$), giving $(1+u)$ per occurrence.

**Cluster decomposition.** In any marked word, the marked occurrences partition into **clusters**: maximal groups of pairwise-overlapping marked copies of $p$. Each cluster is a contiguous block. The unmarked letters (those not covered by any marked occurrence) fill the remaining positions. Since clusters and unmarked-letter runs are contiguous and non-overlapping, every marked word decomposes **uniquely** as a sequence of atoms, each being either:

- a single unmarked letter (GF contribution $mz$), or
- a cluster (GF contribution $\operatorname{cl}(z,u)$).

Therefore:

$$\boxed{M(z, u) = \frac{1}{1 - mz - \operatorname{cl}(z,u)}.}$$

---

### Step 2: Cluster generating function

A cluster consists of $j \ge 1$ overlapping copies of $p$ at positions $0, s_1, s_1 + s_2, \ldots, s_1 + \cdots + s_{j-1}$, where each shift $s_i \ge 1$ is a valid self-overlap ($c_{s_i} = 1$). The cluster has length $k + s_1 + \cdots + s_{j-1}$ and carries $j$ marks. Since all copies are identical to $p$, consecutive valid self-overlaps automatically yield a globally consistent cluster.

Summing over all valid shift sequences:

$$\operatorname{cl}(z, u) = \sum_{j \ge 1} u^j\, z^k \left(\sum_{\substack{s \ge 1 \\ c_s = 1}} z^s\right)^{j-1} = \sum_{j \ge 1} u^j\, z^k \bigl(c(z) - 1\bigr)^{j-1}.$$

This is a geometric series:

$$\operatorname{cl}(z, u) = \frac{u\, z^k}{1 - u\bigl(c(z) - 1\bigr)}.$$

---

### Step 3: Extraction of the avoidance GF

Words avoiding $p$ are exactly those with $\operatorname{occ}(w) = 0$. Setting $u = -1$:

$$M(z, -1) = \sum_w z^{|w|}\, 0^{\operatorname{occ}(w)} = \sum_{\operatorname{occ}(w)=0} z^{|w|} = F(z).$$

Compute the cluster GF at $u = -1$:

$$\operatorname{cl}(z, -1) = \frac{-z^k}{1 + \bigl(c(z) - 1\bigr)} = \frac{-z^k}{c(z)}.$$

Substituting into $M(z,u)$:

$$F(z) = \frac{1}{1 - mz - \operatorname{cl}(z,-1)} = \frac{1}{1 - mz + \dfrac{z^k}{c(z)}} = \frac{c(z)}{(1 - mz)\,c(z) + z^k}.$$

---

### Step 4: Verification

**Pattern of length 1** (e.g., $p = \text{a}$), alphabet size $m$: $c(z) = 1$. Avoiding words use only the other $m-1$ letters, so $F(z) = 1/(1-(m-1)z)$. The formula gives $1/(z + 1 - mz) = 1/(1-(m-1)z)$. ✓

**Pattern $p = \text{aa}$**, binary alphabet ($m = 2$): self-overlaps at shifts $0$ and $1$, so $c(z) = 1 + z$. Avoiding words are counted by $a_n = F_{n+2}$ (Fibonacci), with OGF $(1+z)/(1 - z - z^2)$. The formula gives $(1+z)/((1-2z)(1+z) + z^2) = (1+z)/(1 - z - z^2)$. ✓

---

### Result

The ordinary generating function of words over an alphabet of size $m$ that avoid a pattern $p$ of length $k$ with autocorrelation polynomial $c(z)$ is:

$$\boxed{F(z) \;=\; \frac{c(z)}{z^k + (1 - m\,z)\,c(z)}.}$$

### PROOF COMPLETE
DEVIN_CLI_EXITED code=0
