Looking at the problem, I need to first check for answer leaks, then prove the solvable theorems.

**Answer Leak Check:** The problem text contains comments describing proof strategies for the "solved" sub-theorems (e.g., `alpha_le_one_not_isGoodPair` describes the boundedness argument, `exists_finset_sum_two_pow` describes the strong induction approach). These are part of the FormalConjectures repository's standard documentation, not leaks of the main open problem. The main theorem `erdos_349` and the open conjectures do not have leaked answers. No answer leak detected.

The open problems (`erdos_349`, `complete_for_alpha_in_Ioo_one_to_goldenRatio`, `floor_3_halves_odd`, `floor_3_halves_even`) are genuine open research problems. I prove the four "solved" theorems below.

---

## Proof of `exists_finset_sum_two_pow` (Binary Expansion)

**Theorem.** Every natural number *k* is a sum of distinct powers of two: there exists a finite set *E* ⊆ ℕ with *k* = Σ_{i ∈ E} 2^i.

**Proof.** By strong induction on *k*.

**Base case** (*k* = 0): Take *E* = ∅. Then Σ_{i ∈ ∅} 2^i = 0 = *k*. ✓

**Inductive step** (*k* ≥ 1): Assume the result holds for all natural numbers less than *k*. Let *m* = ⌊log₂ *k*⌋, so 2^*m* ≤ *k* < 2^*m*+1. Define *r* = *k* − 2^*m*. Then 0 ≤ *r* < 2^*m* ≤ *k*.

- If *r* = 0: take *E* = {*m*}, giving Σ = 2^*m* = *k*. ✓
- If *r* > 0: since *r* < *k*, by the induction hypothesis there exists a finite set *E*' with *r* = Σ_{i ∈ E'} 2^i. Since *r* < 2^*m*, every element *j* ∈ *E*' satisfies *j* < *m* (otherwise 2^*j* ≥ 2^*m* > *r*). Set *E* = *E*' ∪ {*m*}. This is a finite set with *m* ∉ *E*', so:

  Σ_{i ∈ E} 2^i = 2^*m* + Σ_{i ∈ E'} 2^i = 2^*m* + *r* = *k*. ✓

By strong induction, the result holds for all *k* ∈ ℕ. □

---

## Proof that the pair (1, 2) is good

**Theorem.** The sequence ⌊1 · 2^*n*⌋ = 2^*n* is additively complete: every *k* ≥ 1 is a finite sum of distinct powers of two.

**Proof.** For *t* = 1, *α* = 2, we have ⌊*tα^n*⌋ = ⌊2^*n*⌋ = 2^*n* for all *n* ≥ 0. The range of the sequence is {1, 2, 4, 8, 16, …}. By the binary expansion theorem above, every natural number *k* ≥ 0 is a sum of distinct powers of two. In particular, every integer *k* ≥ 1 is a sum of distinct elements from {2^*n* : *n* ≥ 0}. Since every sufficiently large integer (indeed, every positive integer) is representable, the sequence is additively complete. Hence (1, 2) is a good pair. □

---

## Proof of `alpha_le_one_not_isGoodPair`

**Theorem.** For 0 < *α* ≤ 1 and any *t* > 0, the pair (*t*, *α*) is not good: the sequence ⌊*tα^n*⌋ is not additively complete.

**Proof.** Since 0 < *α* ≤ 1, we have 0 < *α^n* ≤ 1 for every *n* ≥ 0. Therefore 0 < *tα^n* ≤ *t*, which gives:

  ⌊*tα^n*⌋ ∈ {0, 1, 2, …, ⌊*t*⌋}    for all *n* ≥ 0.

The range *S* = {⌊*tα^n*⌋ : *n* ∈ ℕ} is a finite subset of {0, 1, …, ⌊*t*⌋}, so |*S*| ≤ ⌊*t*⌋ + 1. Any sum of distinct elements of *S* is bounded above by:

  Σ_{*s* ∈ *S*} *s* ≤ 0 + 1 + 2 + … + ⌊*t*⌋ = ⌊*t*⌋(⌊*t*⌋ + 1) / 2 =: *M*.

No integer strictly greater than *M* can be expressed as a sum of distinct terms of the sequence. Since there are infinitely many integers exceeding *M*, the sequence is not additively complete. □

---

## Proof of `alpha_gt_two_not_isGoodPair`

**Theorem.** For *α* > 2 and any *t* > 0, the pair (*t*, *α*) is not good: the sequence *a_n* = ⌊*tα^n*⌋ is not additively complete.

**Proof.** Let *a_n* = ⌊*tα^n*⌋ for *n* ≥ 0, and let *S* = {*a_n* : *n* ∈ ℕ} be the set of distinct values. We show that infinitely many positive integers cannot be expressed as sums of distinct elements of *S*.

**Step 1: The sequence is eventually strictly increasing.** Since *α* > 2 > 1:

  *tα^{n+1}* − *tα^n* = *tα^n*(*α* − 1) → ∞ as *n* → ∞.

So there exists *N*₀ such that for all *n* ≥ *N*₀, ⌊*tα^{n+1}*⌋ > ⌊*tα^n*⌋, i.e., *a_{n+1}* > *a_n*. In particular, for *n* ≥ *N*₀, the values *a_{N*₀}*, *a_{N*₀+1}*, … are distinct and strictly increasing, and *a_m* > *a_n* whenever *m* > *n* ≥ *N*₀.

**Step 2: The gap *a_{n+1}* − 1 exceeds the partial sum *S_n* for large *n*.** Define *S_n* = Σ_{m=0}^{n} *a_m*. We have the bounds:

  *a_{n+1}* = ⌊*tα^{n+1}*⌋ ≥ *tα^{n+1}* − 1,

  *S_n* = Σ_{m=0}^{n} ⌊*tα^m*⌋ ≤ Σ_{m=0}^{n} *tα^m* = *t*(*α^{n+1}* − 1)/(*α* − 1).

Therefore:

  *a_{n+1}* − 1 − *S_n* ≥ (*tα^{n+1}* − 1) − 1 − *t*(*α^{n+1}* − 1)/(*α* − 1)
  = *tα^{n+1}* · (*α* − 2)/(*α* − 1) − 2 + *t*/(*α* − 1).

Since *α* > 2, the coefficient (*α* − 2)/(*α* − 1) > 0, so the right-hand side tends to +∞ as *n* → ∞. Hence there exists *N*₁ ≥ *N*₀ such that for all *n* ≥ *N*₁:

  *a_{n+1}* − 1 > *S_n*.    (∗)

**Step 3: *a_{n+1}* − 1 is not representable.** Fix *n* ≥ *N*₁ and consider the non-negative integer *b* = *a_{n+1}* − 1 (which is non-negative for large *n* since *a_{n+1}* → ∞). Any sum of distinct elements of *S* falls into one of two cases:

- **Case 1: All summands are ≤ *a_n*.** Since the sequence is strictly increasing past *N*₀, the elements of *S* not exceeding *a_n* are contained in {*a*₀, *a*₁, …, *a_n*}. The maximum sum of distinct such elements is at most *S_n*. By (∗), *S_n* < *b*. So the sum is strictly less than *b*.

- **Case 2: Some summand is ≥ *a_{n+1*.** Since *a_{n+1}* is the smallest element of *S* exceeding *a_n* (for *n* ≥ *N*₀), any such summand is at least *a_{n+1}*. So the sum is at least *a_{n+1}* = *b* + 1 > *b*.

In both cases, the sum cannot equal *b* = *a_{n+1}* − 1. Since this holds for every *n* ≥ *N*₁, the integers {*a_{n+1}* − 1 : *n* ≥ *N*₁} are all non-representable. These are infinitely many distinct integers (since *a_n* is eventually strictly increasing), so *S* is not additively complete. □

---

## Summary of results on the structure of good pairs

Combining the four proved results with the known partial information:

| Range of *α* | Good pair? | Status |
|---|---|---|
| 0 < *α* ≤ 1 | Never (for any *t* > 0) | **Proved above** |
| *α* = 1 | Never (subcase of above) | **Proved above** |
| 1 < *α* < (1+√5)/2 | Conjectured: always (for any *t* > 0) | Open (`complete_for_alpha_in_Ioo_one_to_goldenRatio`) |
| *α* = 2, *t* = 1 | Yes (binary expansion) | **Proved above** |
| *α* > 2 | Never (for any *t* > 0) | **Proved above** |

The remaining open questions are:
1. **Complete characterization** (`erdos_349`): What is the exact set of good pairs (*t*, *α*)?
2. **Golden ratio conjecture**: Is the sequence complete for all *t* > 0 and 1 < *α* < φ = (1+√5)/2?
3. **Parity of ⌊(3/2)^*n*⌋**: Are there infinitely many odd values? Infinitely many even values?

These are genuine open research problems in additive number theory.

### PROOF COMPLETE
DEVIN_CLI_EXITED code=0
