## 解答

**答案是肯定的。** 存在整数 $k < n$ 且 $k \geq 3$，以及满足 $|E_1| \neq |E_2|$ 的极大线性 $k$-一致超图 $H_1 = (n, E_1)$ 和 $H_2 = (n, E_2)$。

### 定义回顾

- **线性超图 (Linear hypergraph)**：任意两条不同的边最多相交于一个顶点。
- **$k$-一致 ($k$-uniform)**：每条边恰好有 $k$ 个顶点。
- **极大 (Maximal)**：在不违反线性条件的情况下，无法添加任何新的 $k$-边。

### 构造：$k = 3$, $n = 6$

我们构造顶点集 $V = \{1,2,3,4,5,6\}$ 上的两个极大线性 3-一致超图。

---

**$H_1$ 包含 2 条边：**

$$E_1 = \big\{\{1,2,3\},\ \{4,5,6\}\big\}$$

*线性性*：两条边不相交，因此它们的交集大小为 $0 \leq 1$。✓

*极大性*：根据鸽巢原理，从两个大小为 3 的部分 $\{1,2,3\}$ 和 $\{4,5,6\}$ 中选取的任意 3 元子集 $S \subseteq V$，必然在其中一个部分包含至少 2 个元素。那 2 个元素已经被现有边覆盖（它们共同属于 $\{1,2,3\}$ 或 $\{4,5,6\}$），因此将 $S$ 作为新边添加会违反线性性。因此，没有 3-集可以被添加。✓

因此 $H_1$ 是极大的，且 $|E_1| = 2$。

---

**$H_2$ 包含 4 条边：**

$$E_2 = \big\{\{1,3,5\},\ \{1,4,6\},\ \{2,3,6\},\ \{2,4,5\}\big\}$$

*线性性*：我们验证所有 $\binom{4}{2}=6$ 对边的交集：
- $\{1,3,5\} \cap \{1,4,6\} = \{1\}$ — 大小 1 ✓
- $\{1,3,5\} \cap \{2,3,6\} = \{3\}$ — 大小 1 ✓
- $\{1,3,5\} \cap \{2,4,5\} = \{5\}$ — 大小 1 ✓
- $\{1,4,6\} \cap \{2,3,6\} = \{6\}$ — 大小 1 ✓
- $\{1,4,6\} \cap \{2,4,5\} = \{4\}$ — 大小 1 ✓
- $\{2,3,6\} \cap \{2,4,5\} = \{2\}$ — 大小 1 ✓

所有交集大小恰好为 1。✓

*极大性*：这 4 条边覆盖了 $\binom{6}{2} = 15$ 对顶点中的 $4 \times 3 = 12$ 对。剩余（Leave）图 $L$ 由 3 条未覆盖的对组成。我们确认哪些对被覆盖了：

| 边 | 覆盖的对 |
|-----|---------------|
| $\{1,3,5\}$ | $(1,3),(1,5),(3,5)$ |
| $\{1,4,6\}$ | $(1,4),(1,6),(4,6)$ |
| $\{2,3,6\}$ | $(2,3),(2,6),(3,6)$ |
| $\{2,4,5\}$ | $(2,4),(2,5),(4,5)$ |

剩余（Leave）图：$L = \{(1,2),(3,4),(5,6)\}$ — 一个完美匹配。由于匹配图不包含三角形，$L$ 中不存在三角形。因此，$V$ 的每个 3-集至少包含一对被覆盖的边，这意味着没有 3-集可以在不违反线性性的情况下被添加。✓

因此 $H_2$ 是极大的，且 $|E_2| = 4$。

---

### 结论

对于 $k = 3$ 和 $n = 6$（满足 $k \geq 3$ 且 $k < n$），我们构造了两个极大线性 3-一致超图 $H_1$ 和 $H_2$，分别有 $|E_1| = 2$ 和 $|E_2| = 4$ 条边。由于 $|E_1| \neq |E_2|$，答案是 **肯定的**。

### PROOF COMPLETE
DEVIN_CLI_EXITED code=0
