## Proof

Let $\mathcal{F}$ be the family of holomorphic functions $f$ on the open unit disk $\mathbb{D}$ with $\Re(f(z))>0$ for all $z\in\mathbb{D}$ and $f(0)=1$.

**Step 1: Reduction to the Carathéodory class.**

For $f\in\mathcal{F}$, the function $g(z)=\frac{f(z)-1}{f(z)+1}$ is holomorphic on $\mathbb{D}$ (since $\Re f>0$ implies $f(z)\neq -1$). Since $\Re f(z)>0$, the Möbius map $w\mapsto\frac{w-1}{w+1}$ sends the right half-plane to the unit disk, so $|g(z)|<1$ for all $z\in\mathbb{D}$. Also $g(0)=\frac{f(0)-1}{f(0)+1}=0$. Thus $g$ is a Schwarz function: holomorphic, $|g|<1$, $g(0)=0$.

Conversely, any Schwarz function $g$ (holomorphic, $|g|<1$, $g(0)=0$) yields $f(z)=\frac{1+g(z)}{1-g(z)}\in\mathcal{F}$, since this Möbius map sends the unit disk to the right half-plane and $f(0)=1$.

**Step 2: Computing $f'(0)$ in terms of $g$.**

From $f=\frac{1+g}{1-g}$ we get
$$f'(z)=\frac{2g'(z)}{(1-g(z))^2},$$
so at $z=0$, using $g(0)=0$:
$$f'(0)=2g'(0).$$

**Step 3: Applying the Schwarz lemma.**

Since $g$ is holomorphic on $\mathbb{D}$ with $|g(z)|<1$ and $g(0)=0$, the Schwarz lemma gives $|g'(0)|\le 1$. Therefore
$$|f'(0)|=2|g'(0)|\le 2.$$

**Step 4: Attainment.**

Equality $|g'(0)|=1$ in the Schwarz lemma occurs precisely when $g(z)=e^{i\theta}z$ for some real $\theta$. Taking $\theta=0$, i.e. $g(z)=z$, gives
$$f(z)=\frac{1+z}{1-z}.$$
This function satisfies $f(0)=1$, $\Re f(z)>0$ on $\mathbb{D}$ (as it maps $\mathbb{D}$ onto the right half-plane), and $f'(0)=2$.

**Conclusion.**

The supremum is $\alpha=2$, and it is attained, for example, by $f(z)=\frac{1+z}{1-z}$.

### PROOF COMPLETE
DEVIN_CLI_EXITED code=0
