Looking at this problem, I need to identify which theorem to prove. The file contains multiple theorems:
- `erdos_340` (main conjecture) — marked `research open`
- `erdos_340.variants.third` — marked `textbook` (the trivial $N^{1/3}$ lower bound)
- Several others marked `research open` or `research solved`

The only provable theorem is `erdos_340.variants.third`. Let me first check for answer leaks — the test theorems give specific sequence values (not solutions), the `_22_mem_sub` has its own proof (different theorem), and no solution sketches appear for the main theorems. No leak detected.

---

## Proof of `erdos_340.variants.third`

**Statement.** Let $A = \{a_1 < a_2 < \cdots\} = \{1, 2, 4, 8, 13, 21, 31, 45, 66, 81, 97, \ldots\}$ be the greedy Sidon sequence: $a_1 = 1$, and $a_{k+1}$ is the smallest integer greater than $a_k$ such that $\{a_1, \ldots, a_{k+1}\}$ is Sidon (all pairwise sums $a_i + a_j$ with $i \leq j$ are distinct). We prove:

$$n^{1/3} = O\!\left(|A \cap \{1, \ldots, n\}|\right) \quad \text{as } n \to \infty.$$

(The parameter $\varepsilon > 0$ in the theorem statement does not appear in the mathematical content and plays no role.)

---

### Step 1: The greedy sequence yields a maximal Sidon set on every initial segment.

For $N \geq 1$, set $S_N := A \cap \{1, \ldots, N\}$ and $k_N := |S_N|$.

**Claim.** $S_N$ is a *maximal* Sidon subset of $\{1, \ldots, N\}$: for every $m \in \{1, \ldots, N\} \setminus S_N$, the set $S_N \cup \{m\}$ is not Sidon.

*Proof of claim.* The greedy algorithm processes integers $1, 2, 3, \ldots$ in increasing order. For each integer $m$, it includes $m$ in $A$ if and only if $(A \cap \{1, \ldots, m-1\}) \cup \{m\}$ is Sidon. If $m \in \{1, \ldots, N\} \setminus S_N$, then by definition $m$ was rejected, so $(A \cap \{1, \ldots, m-1\}) \cup \{m\}$ is **not** Sidon. Since $A \cap \{1, \ldots, m-1\} \subseteq S_N$, the superset $S_N \cup \{m\}$ is also not Sidon (adding elements cannot restore the Sidon property once it is violated). $\square$

---

### Step 2: Counting forbidden values for a Sidon set.

Let $S = \{b_1, \ldots, b_k\} \subseteq \{1, \ldots, N\}$ be any Sidon set with $|S| = k$. An integer $m$ is called **forbidden** (with respect to $S$) if $S \cup \{m\}$ is not Sidon.

$S \cup \{m\}$ fails to be Sidon iff there exist $x, y, z, w \in S \cup \{m\}$ with $x + y = z + w$ and $\{x,y\} \neq \{z,w\}$. Since $S$ itself is Sidon, any such relation must involve $m$. The possibilities are:

- **Type 1:** $m + b_i = b_j + b_\ell$ for some $i, j, \ell \in [k]$, giving $m = b_j + b_\ell - b_i$.
- **Type 2:** $m + m = b_j + b_\ell$ for some $j, \ell \in [k]$, giving $m = (b_j + b_\ell)/2$ (requires $b_j + b_\ell$ even).
- **Type 3:** $m + m = m + b_i$, giving $m = b_i \in S$ — irrelevant since we count $m \notin S$.

**Count for Type 1:** Each ordered triple $(b_i, b_j, b_\ell) \in S^3$ yields one value $m = b_j + b_\ell - b_i$. There are $k^3$ ordered triples, so at most $k^3$ distinct forbidden values of Type 1.

**Count for Type 2:** Each (ordered) pair $(b_j, b_\ell) \in S^2$ yields at most one value $m = (b_j + b_\ell)/2$. There are $k^2$ ordered pairs, so at most $k^2$ distinct forbidden values of Type 2.

**Total:** The number of forbidden integers is at most
$$k^3 + k^2 \leq 2k^3 \quad \text{(for } k \geq 1\text{)}.$$

---

### Step 3: Deriving the lower bound.

Since $S_N$ is maximal in $\{1, \ldots, N\}$ (Step 1), every element of $\{1, \ldots, N\} \setminus S_N$ is forbidden with respect to $S_N$ (Step 2). Applying the count with $S = S_N$ and $k = k_N$:

$$N - k_N = \left|\{1, \ldots, N\} \setminus S_N\right| \leq 2\, k_N^3.$$

For $N \geq 1$ we have $k_N \geq 1$ (since $1 = a_1 \in A$), so:

$$N \leq 2\, k_N^3 + k_N \leq 2\, k_N^3 + k_N^3 = 3\, k_N^3.$$

Therefore:
$$k_N \geq \left(\frac{N}{3}\right)^{1/3} = 3^{-1/3}\, N^{1/3}.$$

---

### Step 4: Conclusion.

For all $N \geq 1$:
$$N^{1/3} \leq 3^{1/3} \cdot k_N = 3^{1/3} \cdot |A \cap \{1, \ldots, N\}|.$$

This is precisely the statement $n^{1/3} = O\!\left(|A \cap [1, n]|\right)$ as $n \to \infty$, with Big-O constant $C = 3^{1/3}$ and threshold $n_0 = 1$.

Equivalently, in the notation of the Lean theorem:
$$(\text{fun } n \mapsto n^{1/3}) \;{=}O[\text{atTop}]\; (\text{fun } n \mapsto |A \cap [1,n]|). \qquad \blacksquare$$

### PROOF COMPLETE
DEVIN_CLI_EXITED code=0
