Looking at this problem, I need to determine whether a primitive integer row vector $(a_1, \ldots, a_n)$ with $\gcd = 1$ can always be completed to an $n \times n$ integer matrix with determinant exactly 1.

**Answer: Yes, the equation always has an integer solution.**

## Proof

**Key Fact.** A vector $(a_1, \ldots, a_n) \in \mathbb{Z}^n$ with $\gcd(a_1, \ldots, a_n) = 1$ can be extended to a $\mathbb{Z}$-basis of $\mathbb{Z}^n$; equivalently, it is the first row of some matrix in $GL_n(\mathbb{Z})$ (determinant $\pm 1$).

**Proof of Key Fact.** Consider the $1 \times n$ row matrix $R = [a_1 \; a_2 \; \cdots \; a_n]$. We apply elementary column operations — each corresponding to right-multiplication by an elementary matrix in $GL_n(\mathbb{Z})$ — to reduce $R$ to $[1 \; 0 \; \cdots \; 0]$ via the Euclidean algorithm:

1. Since $\gcd(a_1,\ldots,a_n)=1$, some $a_i \neq 0$. Swap column $i$ to position 1 (if needed).
2. For each $j \geq 2$, write $a_j = q_j a_1 + r_j$ with $|r_j| < |a_1|$ (or $r_j=0$). Subtract $q_j$ times column 1 from column $j$, replacing the $j$-th entry by $r_j$.
3. If all $r_j = 0$, then $|a_1| = \gcd = 1$; negate column 1 if $a_1 = -1$. We obtain $[1\;0\;\cdots\;0]$.
4. If some $r_j \neq 0$, swap the column with the smallest nonzero $|r_j|$ into position 1 and repeat from step 2.

This is the Euclidean algorithm on $n$ integers; it terminates because the absolute value of the entry in position 1 strictly decreases at each iteration (when not already $\pm 1$). The final result is $[1\;0\;\cdots\;0]$.

Each elementary column operation is right-multiplication by a matrix in $GL_n(\mathbb{Z})$. The composition of all operations gives a matrix $U \in GL_n(\mathbb{Z})$ with
$$R \cdot U = [1 \; 0 \; \cdots \; 0].$$
Setting $A = U^{-1} \in GL_n(\mathbb{Z})$, we get $R = [1\;0\;\cdots\;0]\cdot A$, so the first row of $A$ is $(a_1, \ldots, a_n)$, and $\det(A) = \pm 1$. $\square$

**Handling the sign.** From the Key Fact, we obtain an integer matrix $A$ with first row $(a_1, \ldots, a_n)$ and $\det(A) = \pm 1$.

- If $\det(A) = 1$, then $A$ is the desired solution: set the $x_{kl}$'s to the entries of rows $2, \ldots, n$ of $A$.

- If $\det(A) = -1$ and $n = 2$: Write $A = \begin{pmatrix} a_1 & a_2 \\ x_{11} & x_{12}\end{pmatrix}$. Negate the second row to obtain $\begin{pmatrix} a_1 & a_2 \\ -x_{11} & -x_{12}\end{pmatrix}$, which has determinant $-(-1) = 1$.

- If $\det(A) = -1$ and $n \geq 3$: Swap rows 2 and 3 of $A$. The first row is unchanged, and the determinant flips from $-1$ to $1$.

In every case, we produce an $n \times n$ integer matrix with first row $(a_1, \ldots, a_n)$ and determinant exactly $1$. The entries of rows $2, \ldots, n$ give the required integer values of the $x_{kl}$'s.

**Conclusion.** For every $n \geq 2$ and every $(a_1, \ldots, a_n) \in \mathbb{Z}^n$ with $\gcd(a_1, \ldots, a_n) = 1$, the determinant equation always has an integer solution. $\blacksquare$

### PROOF COMPLETE
DEVIN_CLI_EXITED code=0
