Looking at this problem, I need to find the smallest $n$ such that any circular arrangement of 1000 balls (40 colors, 25 each) must contain $n$ consecutive balls with at least 20 distinct colors.

**Answer leak check:** The problem statement contains no solutions, hints, or leaked answers. Proceeding.

---

## Proof

**Notation.** The 1000 positions are arranged in a circle. A *window of length $L$* is a set of $L$ consecutive positions. For each color $c$, its 25 balls partition the circle into 25 *gaps* $g_1^{(c)}, \dots, g_{25}^{(c)}$ (consecutive runs of positions without color $c$), with $\sum g_i^{(c)} = 975$.

A window of length $L$ *misses* color $c$ if it contains no ball of color $c$, which happens exactly when the window fits entirely within one gap of $c$. The number of length-$L$ windows missing color $c$ is:
$$M_c(L) = \sum_{i=1}^{25} \max(0,\, g_i^{(c)} - L + 1).$$

---

### Lower Bound: $n \geq 452$

**Construction (clustered arrangement).** Place the balls in 40 contiguous blocks of 25: positions $0$–$24$ color 0, positions $25$–$49$ color 1, …, positions $975$–$999$ color 39, arranged in a circle.

Any window of length $451$ starts at some position within a block. The first position occupies part of one block; the remaining $450$ positions span at most $\lceil 450/25 \rceil = 18$ additional blocks. So the window touches at most $1 + 18 = 19$ blocks, hence at most $19$ colors.

Thus every window of length $451$ has $\leq 19$ colors, so $n \geq 452$.

---

### Upper Bound: $n \leq 452$

We show that **every** arrangement has a window of length $452$ with $\geq 20$ colors.

**Suppose for contradiction** that some arrangement has every window of length $452$ containing $\leq 19$ colors. Then every window of length $451$ (being a sub-window of some length-$452$ window) also has $\leq 19$ colors, so each such window **misses** $\geq 21$ colors.

**Counting total misses.** There are $1000$ windows of length $451$. Each misses $\geq 21$ colors, so:
$$\text{Total misses} \geq 1000 \times 21 = 21000.$$

**Upper bound on total misses.** For each color $c$:
$$M_c(451) = \sum_{i=1}^{25} \max(0,\, g_i^{(c)} - 450).$$

**Key lemma.** For gaps $g_1, \dots, g_{25} \geq 0$ with $\sum g_i = 975$:
$$\sum_{i=1}^{25} \max(0, g_i - 450) \leq 525,$$
with equality **if and only if** one gap equals $975$ and the rest equal $0$ (i.e., all 25 balls of the color are contiguous).

*Proof of lemma.* Set $h_i = g_i - 450$, so $\sum h_i = 975 - 25 \times 450 = 975 - 11250 = -10275$. Wait — let me recompute: $\sum h_i = 975 - 25 \cdot 450 = 975 - 11250 < 0$. Since $\sum h_i < 0$, the sum $\sum \max(0, h_i)$ is maximized when the positive $h_i$ are as concentrated as possible. The largest any single $g_i$ can be is $975$ (all others $0$), giving $\max(0, 975 - 450) = 525$. If instead two gaps are positive with $g_1 + g_2 = 975$ (both $\geq 1$), then $\max(0, g_1 - 450) + \max(0, g_2 - 450) \leq (975 - 1 - 450) + 0 = 524 < 525$. Any further splitting only reduces the sum (by convexity of $\max(0, \cdot)$). Hence the maximum is $525$, achieved uniquely when one gap is $975$. $\square$

Applying the lemma to each color: $M_c(451) \leq 525$ for every $c$, so:
$$\text{Total misses} = \sum_{c=1}^{40} M_c(451) \leq 40 \times 525 = 21000.$$

**Equality forced.** Combining both inequalities: $21000 \leq \text{Total misses} \leq 21000$, so equality holds throughout. This forces:

1. Every color $c$ has $M_c(451) = 525$, so by the lemma, **every color's 25 balls form a single contiguous block**.
2. Every window of length $451$ misses exactly $21$ colors (has exactly $19$ colors).

Since every color forms a contiguous block of $25$, the circle is partitioned into $40$ blocks of $25$ — this is exactly the **clustered arrangement** (up to permuting color labels).

**Contradiction.** In the clustered arrangement, consider the window starting at the last position of block $i$ and ending at the first position of block $i+19$ (indices mod $40$). Its length is:
$$1 + 18 \times 25 + 1 = 452,$$
and it touches blocks $i, i+1, \dots, i+19$ — exactly $20$ distinct colors. This contradicts the assumption that every window of length $452$ has $\leq 19$ colors.

Therefore, **every** arrangement contains a window of length $452$ with $\geq 20$ colors, giving $n \leq 452$.

---

### Conclusion

The lower bound $n \geq 452$ (clustered construction) and upper bound $n \leq 452$ (counting argument with equality analysis) together yield:

$$\boxed{n = 452}$$

### PROOF COMPLETE
DEVIN_CLI_EXITED code=0
