Looking at this problem, I need to find the maximum number of edges in a graph on 10 vertices where no two triangles share a common vertex (every vertex is in at most one triangle).

## Answer Leak Check

The problem text contains no leaked answers, solutions, or solution sketches. Proceeding to solve.

## Solution

**Setup.** Let $G$ be a graph on 10 vertices where every vertex belongs to at most one triangle. Let $t$ be the number of triangles (which are necessarily vertex-disjoint), $S$ the set of vertices in some triangle ($|S|=3t$), and $T$ the remaining vertices ($|T|=10-3t$). Since triangles are vertex-disjoint, $t \leq 3$.

**Decomposing the edge count:** $e(G) = e(S) + e(T) + e(S,T)$.

**Bounding $e(S)$.** Within $S$, we have $3t$ triangle edges. Between any two distinct triangles $T_i, T_j$, the cross-edges form a *matching*: if vertex $a \in T_i$ connects to two vertices $b,c \in T_j$, then $\{a,b,c\}$ is a triangle (since $b$–$c$ is a triangle edge), putting $a$ in two triangles. Thus at most 3 edges per pair, giving:
$$e(S) \leq 3t + 3\binom{t}{2}.$$

**Bounding $e(T)$.** The subgraph on $T$ is triangle-free (any triangle in $T$ would make those vertices belong to $S$). By Mantel's theorem:
$$e(T) \leq \left\lfloor \frac{|T|^2}{4}\right\rfloor = \left\lfloor \frac{(10-3t)^2}{4}\right\rfloor.$$

**Bounding $e(S,T)$.** Each vertex $v \in T$ connects to at most **one** vertex per triangle: if $v$ connects to two vertices $a,b$ in the same triangle, then $\{v,a,b\}$ is a triangle (using edge $a$–$b$), putting $a$ and $b$ in two triangles. With $t$ triangles:
$$e(S,T) \leq t \cdot |T| = t(10-3t).$$

**Combining the bounds** for each value of $t$:

| $t$ | $e(S) \leq$ | $e(T) \leq$ | $e(S,T) \leq$ | **Total $\leq$** |
|---|---|---|---|---|
| 0 | 0 | 25 | 0 | **25** |
| 1 | 3 | 12 | 7 | 22 |
| 2 | 9 | 4 | 8 | 21 |
| 3 | 18 | 0 | 3 | 21 |

For every $t \geq 1$, the upper bound is strictly less than 25.

**Achieving 25 with $t=0$.** The complete bipartite graph $K_{5,5}$ has 25 edges and is bipartite, hence triangle-free. With zero triangles, the condition "no two triangles share a vertex" is vacuously satisfied.

**Verification that $t \geq 1$ cannot reach 25.** For $t=1$: the 7-vertex remainder graph has at most 12 edges (Mantel), cross-edges are capped at 7 (one per remaining vertex), and the triangle contributes 3, totaling at most 22. For $t=2$ and $t=3$, the bounds give 21 each. The vertex "cost" of triangles (3 vertices each, plus the matching/independence constraints on cross-edges) always reduces the total below the triangle-free optimum.

**Conclusion.** The maximum number of fiber-optic cables is:

$$\boxed{25}$$

### PROOF COMPLETE
DEVIN_CLI_EXITED code=0
