Looking at this problem, I need to prove that M, M', N, N' are concyclic. Let me first check for answer leaks — the problem text contains no solutions, answer values, or proof sketches. Proceeding to solve.

**Proof.**

Place the circumcenter $O$ at the origin, with circumradius $R$. Let $\mathbf{a}, \mathbf{b}, \mathbf{c}$ be the position vectors of $A, B, C$, so $|\mathbf{a}|=|\mathbf{b}|=|\mathbf{c}|=R$. The orthocenter is $\mathbf{h} = \mathbf{a}+\mathbf{b}+\mathbf{c}$ (standard identity when $O$ is the origin).

**Lines.** Line $OA$ is $\{s\mathbf{a} : s\in\mathbb{R}\}$; line $AH$ is $\{\mathbf{a}+t(\mathbf{b}+\mathbf{c}) : t\in\mathbb{R}\}$, since $\mathbf{h}-\mathbf{a}=\mathbf{b}+\mathbf{c}$.

**Linear relation among $\mathbf{a},\mathbf{b},\mathbf{c}$.** Since three vectors in the plane satisfy a unique (up to scale) relation $\alpha\mathbf{a}+\beta\mathbf{b}+\gamma\mathbf{c}=\mathbf{0}$, and $\mathbf{a}\cdot\mathbf{b}=R^2\cos 2C$, $\mathbf{b}\cdot\mathbf{c}=R^2\cos 2A$, $\mathbf{a}\cdot\mathbf{c}=R^2\cos 2B$, one verifies that $(\alpha,\beta,\gamma)\propto(\sin 2A,\sin 2B,\sin 2C)$. Indeed:
$$\sin 2A + \sin 2B\cos 2C + \sin 2C\cos 2B = \sin 2A + \sin(2B+2C)=\sin 2A+\sin(2\pi-2A)=0,$$
and similarly for the other two dot-product equations.

**Finding $M, M'$.** Write $M = s_M\mathbf{a}$ and $M' = \mathbf{a}+t_{M'}(\mathbf{b}+\mathbf{c})$. The condition $M' = \tfrac{1}{2}(B+M)$ gives:
$$\mathbf{a}+t_{M'}(\mathbf{b}+\mathbf{c}) = \tfrac{1}{2}(\mathbf{b}+s_M\mathbf{a})$$
$$\Longrightarrow\quad (2-s_M)\mathbf{a} + (2t_{M'}-1)\mathbf{b} + 2t_{M'}\mathbf{c} = \mathbf{0}.$$
This is proportional to $(\sin 2A,\sin 2B,\sin 2C)$. Setting $D = \sin 2C - \sin 2B$ (nonzero since $B\neq C$ from $AB<AC$, and $A\neq 90°$ so $H\neq A$), we obtain:
$$s_M = 2 - \frac{\sin 2A}{D},\qquad t_{M'} = \frac{\sin 2C}{2D}.$$

**Finding $N, N'$.** Write $N = \mathbf{a}+t_N(\mathbf{b}+\mathbf{c})$ and $N' = s_{N'}\mathbf{a}$. The condition $N' = \tfrac{1}{2}(C+N)$ gives:
$$s_{N'}\mathbf{a} = \tfrac{1}{2}(\mathbf{c}+\mathbf{a}+t_N(\mathbf{b}+\mathbf{c}))$$
$$\Longrightarrow\quad (2s_{N'}-1)\mathbf{a} - t_N\mathbf{b} - (1+t_N)\mathbf{c} = \mathbf{0}.$$
This yields:
$$t_N = \frac{\sin 2B}{D},\qquad s_{N'} = \frac{1}{2}\!\left(1-\frac{\sin 2A}{D}\right).$$

**Notation.** Set $d = \frac{\sin 2A}{D}$, $p = \frac{\sin 2B}{D}$, $q = \frac{\sin 2C}{D} = p+1$. Then:
$$s_M = 2-d,\quad s_{N'}=\tfrac{1-d}{2},\quad t_{M'}=\tfrac{q}{2},\quad t_N = p.$$

**Power of a point.** The lines $OA$ and $AH$ meet at $A$, with $M, N'$ on $OA$ and $M', N$ on $AH$. By the converse of the power-of-a-point theorem, $M, M', N, N'$ are concyclic if and only if (using directed lengths):
$$AM \cdot AN' = AM' \cdot AN.$$

**Computing directed lengths.** On $OA$ (parameter $s$, with $A$ at $s=1$):
$$AM = R(s_M - 1) = R(1-d),\qquad AN' = R(s_{N'}-1) = R\!\left(-\tfrac{1+d}{2}\right).$$
On $AH$ (parameter $t$, with $A$ at $t=0$), using $|\mathbf{b}+\mathbf{c}|^2 = 2R^2+2R^2\cos 2A = 4R^2\cos^2 A$:
$$AM' = t_{M'}\cdot|\mathbf{b}+\mathbf{c}| = \tfrac{q}{2}\cdot 2R\cos A,\qquad AN = t_N\cdot|\mathbf{b}+\mathbf{c}| = p\cdot 2R\cos A.$$

Therefore:
$$AM\cdot AN' = R^2(1-d)\cdot\!\left(-\tfrac{1+d}{2}\right) = -\tfrac{R^2(1-d^2)}{2},$$
$$AM'\cdot AN = \tfrac{q}{2}\cdot p\cdot 4R^2\cos^2 A = 2pqR^2\cos^2 A.$$

**The key identity.** The equality $AM\cdot AN' = AM'\cdot AN$ is equivalent to:
$$d^2 - 1 = 4pq\cos^2 A,$$
i.e., $\frac{\sin^2 2A - D^2}{D^2} = \frac{4\cos^2 A\sin 2B\sin 2C}{D^2}$, i.e.,
$$\sin^2 2A - (\sin 2C - \sin 2B)^2 = 4\cos^2 A\sin 2B\sin 2C,$$
which expands to:
$$\sin^2 2A = \sin^2 2B + \sin^2 2C + 2\sin 2B\sin 2C\cos 2A.$$

**This identity holds** because $2A+2B+2C = 2\pi$, so $2A = 2\pi - 2B - 2C$ and $\sin 2A = -\sin(2B+2C) = -(\sin 2B\cos 2C + \cos 2B\sin 2C)$. Then:
$$\sin^2 2A = \sin^2 2B\cos^2 2C + \cos^2 2B\sin^2 2C + 2\sin 2B\sin 2C\cos 2B\cos 2C$$
$$= \sin^2 2B + \sin^2 2C - 2\sin^2 2B\sin^2 2C + 2\sin 2B\sin 2C\cos 2B\cos 2C$$
$$= \sin^2 2B + \sin^2 2C + 2\sin 2B\sin 2C(\cos 2B\cos 2C - \sin 2B\sin 2C)$$
$$= \sin^2 2B + \sin^2 2C + 2\sin 2B\sin 2C\cos(2B+2C)$$
$$= \sin^2 2B + \sin^2 2C + 2\sin 2B\sin 2C\cos(2\pi - 2A)$$
$$= \sin^2 2B + \sin^2 2C + 2\sin 2B\sin 2C\cos 2A. \quad\checkmark$$

**Conclusion.** The identity gives $AM\cdot AN' = AM'\cdot AN$. Since $M, N'$ lie on line $OA$ and $M', N$ lie on line $AH$, both passing through $A$, the converse of the power-of-a-point theorem implies that $M, M', N, N'$ are concyclic. $\blacksquare$

### PROOF COMPLETE
DEVIN_CLI_EXITED code=0
