Looking at this problem, I need to determine whether an inner product can be defined on the vector space underlying ℓ¹(ℕ) whose induced norm is not equivalent to the standard ℓ¹ norm.

**Answer: Yes, it is possible.**

## Proof

**Key observation:** ℓ¹(ℕ) ⊂ ℓ²(ℕ). For any $x = (x_n) \in \ell^1$, since $\sum |x_n| < \infty$, we have $|x_n| \to 0$, so eventually $|x_n| \leq 1$, whence $|x_n|^2 \leq |x_n|$. Therefore
$$\sum_{n=1}^{\infty} |x_n|^2 \leq \sum_{n=1}^{N} |x_n|^2 + \sum_{n=N+1}^{\infty} |x_n| < \infty,$$
so $x \in \ell^2$.

**Defining the inner product.** Since $\ell^1 \subset \ell^2$, the standard $\ell^2$ inner product
$$\langle x, y \rangle = \sum_{n=1}^{\infty} x_n \overline{y_n}$$
is well-defined for all $x, y \in \ell^1$ (by Cauchy–Schwarz applied in $\ell^2$). This is a genuine inner product on the vector space $\ell^1(\mathbb{N})$:

1. **Positive definiteness:** $\langle x, x \rangle = \sum |x_n|^2 \geq 0$, with equality iff $x = 0$. ✓
2. **Conjugate symmetry:** $\langle x, y \rangle = \overline{\langle y, x \rangle}$. ✓
3. **Linearity in the first argument:** $\langle \alpha x + \beta y, z \rangle = \alpha \langle x, z \rangle + \beta \langle y, z \rangle$. ✓
4. **Finiteness:** $\langle x, y \rangle$ is finite for all $x, y \in \ell^1$ since both lie in $\ell^2$. ✓

The induced norm is $\|x\|_2 = \sqrt{\langle x, x\rangle} = \left(\sum |x_n|^2\right)^{1/2}$.

**The norms are not equivalent.** Two norms $\|\cdot\|$ and $\|\cdot\|'$ are equivalent if there exist constants $c, C > 0$ with $c\|x\| \leq \|x\|' \leq C\|x\|$ for all $x$.

*Upper bound holds:* For all $x \in \ell^1$,
$$\|x\|_2 = \left(\sum |x_n|^2\right)^{1/2} \leq \sum |x_n| = \|x\|_1,$$
since $\sum a_n^2 \leq \left(\sum a_n\right)^2$ for non-negative $a_n$. So $\|x\|_2 \leq 1 \cdot \|x\|_1$.

*Lower bound fails:* Consider the sequence of vectors $x^{(n)} = \sum_{k=1}^{n} e_k \in \ell^1$, where $e_k$ is the $k$-th standard basis vector. Then:
$$\|x^{(n)}\|_1 = n, \qquad \|x^{(n)}\|_2 = \sqrt{n}.$$
The ratio is
$$\frac{\|x^{(n)}\|_1}{\|x^{(n)}\|_2} = \frac{n}{\sqrt{n}} = \sqrt{n} \xrightarrow{n \to \infty} \infty.$$

Therefore, there is **no** constant $c > 0$ such that $c\|x\|_1 \leq \|x\|_2$ for all $x \in \ell^1$. The norms $\|\cdot\|_1$ and $\|\cdot\|_2$ are **not equivalent** on $\ell^1(\mathbb{N})$.

**Conclusion.** The $\ell^2$ inner product $\langle x, y \rangle = \sum x_n \overline{y_n}$ is a well-defined inner product on the vector space $\ell^1(\mathbb{N})$, and its induced norm $\|\cdot\|_2$ is not equivalent to $\|\cdot\|_1$. Hence **yes**, it is possible to define such an inner product.

### PROOF COMPLETE
DEVIN_CLI_EXITED code=0
