Looking at the problem, I need to check for answer leaks first, then solve.

**Answer leak check:** The problem text contains only the problem statement — no solutions, hints, or formalization notes. Clean.

Now let me solve it.

---

**Proof.**

Let $n = |S|$ and let $2^S$ denote the power set of $S$. We prove that $|P| = 2^{n-1}$, i.e., $P$ contains exactly half of the $2^n$ subsets of $S$.

**Preliminary observation.** The empty set cannot belong to $P$ (unless $P = \{\emptyset\}$, a degenerate case addressed at the end). Indeed, if $|P| \geq 2$ and $\emptyset \in P$, then $\emptyset \cap B = \emptyset$ for every $B \in P$, contradicting the intersecting property. Henceforth assume $|P| \geq 2$, so every member of $P$ is nonempty.

---

**Step 1 (Upper bound): $|P| \le 2^{n-1}$.**

For each subset $A \subseteq S$, let $\bar{A} = S \setminus A$ be its complement. Since $A \cap \bar{A} = \emptyset$, the two sets $A$ and $\bar{A}$ are disjoint, so they **cannot both** belong to $P$ (this would violate the pairwise-intersection property).

Note that $A \neq \bar{A}$ for every $A$: if $A = \bar{A}$, then every $x \in S$ satisfies $x \in A \iff x \notin A$, a contradiction. Therefore the $2^n$ subsets of $S$ partition into $2^{n-1}$ complementary pairs $\{A, \bar{A}\}$. From each pair, **at most one** member lies in $P$, giving

$$|P| \le 2^{n-1}.$$

---

**Step 2 (Lower bound): $|P| \ge 2^{n-1}$.**

We show that from each complementary pair $\{A, \bar{A}\}$, **at least one** member belongs to $P$.

Suppose for contradiction that **neither** $A$ nor $\bar{A}$ is in $P$.

- Since $P$ is maximal, $A$ cannot be added to $P$; thus there exists $B \in P$ with $A \cap B = \emptyset$, i.e., $B \subseteq \bar{A}$.
- Since $P$ is maximal, $\bar{A}$ cannot be added to $P$; thus there exists $C \in P$ with $\bar{A} \cap C = \emptyset$, i.e., $C \subseteq A$.

Now $B \subseteq \bar{A}$ and $C \subseteq A$ imply $B \cap C \subseteq \bar{A} \cap A = \emptyset$, so $B \cap C = \emptyset$.

Since $\emptyset \notin P$ (by our preliminary observation), $B$ and $C$ are nonempty. Moreover, $B \neq C$: if $B = C$, then $B \subseteq \bar{A} \cap A = \emptyset$, forcing $B = \emptyset$, a contradiction. Thus $B$ and $C$ are **two distinct** members of $P$ with $B \cap C = \emptyset$, contradicting the intersecting property of $P$.

Therefore, at least one of $A, \bar{A}$ belongs to $P$. $\checkmark$

---

**Conclusion.**

From each of the $2^{n-1}$ complementary pairs, **exactly one** member belongs to $P$ (at most one by Step 1, at least one by Step 2). Hence

$$|P| = 2^{n-1} = \frac{2^n}{2},$$

which is exactly half of all subsets of $S$. $\blacksquare$

---

**Remark on the degenerate case.** If $P = \{\emptyset\}$, then $P$ is maximal intersecting (no set can be added since $\emptyset \cap B = \emptyset$ for all $B$) with $|P| = 1$. This equals $2^{n-1}$ only when $n = 1$. For $n \ge 2$ this is the unique exception; it is excluded under the natural reading that "any two members of $P$ have at least one element in common" applies to **all** pairs $A, B \in P$ (including $A = B$), which forces every member to be nonempty. Under this reading $\emptyset \notin P$ unconditionally, and the proof above applies in full generality.

### PROOF COMPLETE
DEVIN_CLI_EXITED code=0
