## Solution

**Answer leak check:** The problem statement contains only the definition of the operator and kernel; no solution, sketch, or answer value is present. Proceeding.

---

We compute the operator norm of $B$ on $L^2(\mathbb{R})$, where

$$Bf(x) = \int_{\mathbb{R}} k(x,y)\,f(y)\,dy, \qquad k(x,y)=\frac{1}{\sqrt{2\pi}}\,e^{-(x-y)^2/2}.$$

**Step 1: Recognize $B$ as convolution.** Since $k(x,y)=g(x-y)$ with $g(t)=\frac{1}{\sqrt{2\pi}}e^{-t^2/2}$, we have

$$Bf(x) = \int_{\mathbb{R}} g(x-y)\,f(y)\,dy = (g*f)(x).$$

**Step 2: Apply the Fourier transform.** Use the symmetric convention $\widehat{h}(\xi)=\frac{1}{\sqrt{2\pi}}\int h(x)e^{-ix\xi}\,dx$, under which convolution becomes

$$\widehat{g*f}(\xi)=\sqrt{2\pi}\,\widehat{g}(\xi)\,\widehat{f}(\xi).$$

A standard computation gives

$$\widehat{g}(\xi)=\frac{1}{\sqrt{2\pi}}\,e^{-\xi^2/2},$$

so the Fourier multiplier of $B$ is

$$m(\xi)=\sqrt{2\pi}\cdot\widehat{g}(\xi)=\sqrt{2\pi}\cdot\frac{1}{\sqrt{2\pi}}e^{-\xi^2/2}=e^{-\xi^2/2}.$$

**Step 3: Norm via Plancherel.** By Plancherel, $\|Bf\|_2=\|m\,\widehat{f}\,\|_2$, so the operator norm on $L^2$ is

$$\|B\|_{L^2\to L^2}=\sup_{\xi\in\mathbb{R}}|m(\xi)|=\sup_{\xi\in\mathbb{R}} e^{-\xi^2/2}=1,$$

attained in the limit as $\xi\to 0$ (i.e., for low-frequency / approximately constant functions).

**Step 4: The value $1$ is achieved as a supremum.** Taking $f_n(x)=\frac{1}{\sqrt{2\pi n}}e^{-x^2/(2n)}$ (a Gaussian widening with $n$), its Fourier transform concentrates near $\xi=0$, giving $\|Bf_n\|_2/\|f_n\|_2\to e^0=1$. Hence the supremum is sharp.

**Verification (Schur test, alternative).** With $\varphi\equiv 1$,
$$\sup_x\int|k(x,y)|\,dy=\sup_x\int\frac{1}{\sqrt{2\pi}}e^{-(x-y)^2/2}dy=1,\qquad \sup_y\int|k(x,y)|\,dx=1,$$
so Schur's test gives $\|B\|\le 1$, and the Gaussian sequence above shows $\|B\|\ge 1$, confirming $\|B\|=1$.

---

$$\boxed{\|B\|=1}$$

### PROOF COMPLETE
