I'll solve this directly. The problem is a "verify that..." task (the target value is part of the problem statement, not a leak of auxiliary solution material), so I'll give a complete proof using only real trig identities and orthogonality — no contour integrals.

---

## Proof

Let
$$f(x)=\frac{\sin 2x\,\sin 3x\,\sin 5x\,\sin 30x}{\sin x\,\sin 6x\,\sin 10x\,\sin 15x},\qquad I=\int_0^\pi f(x)^2\,dx.$$

### Step 1. Simplify $f(x)$ to a ratio of cosines

Using the double-angle identities $\sin 2\theta=2\sin\theta\cos\theta$ and $\sin 2\theta=2\sin\theta\cos\theta$:

- $\sin 2x = 2\sin x\cos x$ cancels the factor $\sin x$;
- $\sin 30x = 2\sin 15x\cos 15x$ cancels the factor $\sin 15x$;
- $\sin 6x = 2\sin 3x\cos 3x$ cancels the factor $\sin 3x$;
- $\sin 10x = 2\sin 5x\cos 5x$ cancels the factor $\sin 5x$.

All cancellations are legitimate away from the (isolated, removable) zeros; the final expression extends continuously. We obtain
$$f(x)=\frac{\cos x\,\cos 15x}{\cos 3x\,\cos 5x}.$$

(One may verify, e.g., $f(\pi/4)=1$ on both sides.)

### Step 2. Express $f$ as a polynomial in $\cos^2 x$

From the triple- and quintuple-angle formulas
$$\cos 3x=\cos x\,(4\cos^2 x-3),\qquad \cos 5x=\cos x\,(16\cos^4 x-20\cos^2 x+5),$$
and $\cos 15x=\cos(3\cdot 5x)=\cos 5x\,(4\cos^2 5x-3)$, we get
$$f(x)=\frac{\cos 15x/\cos 5x}{\cos 3x/\cos x}=\frac{4\cos^2 5x-3}{4\cos^2 x-3}.$$

Set $u=\cos^2 x$. Since $\cos 5x=\cos x\,(16u^2-20u+5)$, we have $\cos^2 5x=u(16u^2-20u+5)^2$, hence
$$f=\frac{4u(16u^2-20u+5)^2-3}{4u-3}.$$
Polynomial division (the numerator vanishes at the roots of $4u-3$, since $f$ is bounded) gives
$$f(x)=256u^4-448u^3+224u^2-32u+1,\qquad u=\cos^2 x.$$

### Step 3. Rewrite in terms of $v=\cos 2x$

With $u=(1+v)/2$, $v=\cos 2x$, expanding $16(1+v)^4-56(1+v)^3+56(1+v)^2-16(1+v)+1$ yields
$$f(x)=16v^4+8v^3-16v^2-8v+1,\qquad v=\cos 2x.$$
(Check: at $x=0$, $v=1$, $f=16+8-16-8+1=1=\frac{1\cdot1}{1\cdot1}$; at $x=\pi/4$, $v=0$, $f=1$.)

### Step 4. Square and integrate via orthogonality

Let $g(c)=16c^4+8c^3-16c^2-8c+1$, so $f(x)=g(\cos 2x)$. Substituting $\theta=2x$,
$$I=\int_0^\pi g(\cos 2x)^2\,dx=\frac12\int_0^{2\pi}g(\cos\theta)^2\,d\theta=\pi\cdot\overline{g(\cos\theta)^2},$$
where $\overline{\cdot}$ denotes the average over $[0,2\pi]$.

Squaring $g$ (collecting coefficients of $c^m$):
$$g(c)^2=256c^8+256c^7-448c^6-512c^5+160c^4+272c^3+32c^2-16c+1.$$

Only even powers contribute to the average, using the standard identity
$$\overline{\cos^{2k}\theta}=\frac{1}{2\pi}\int_0^{2\pi}\cos^{2k}\theta\,d\theta=\frac{1}{4^k}\binom{2k}{k},\qquad \overline{\cos^{2k+1}\theta}=0.$$

Thus
$$\overline{g(\cos\theta)^2}=\sum_{k=0}^{4}[\,c^{2k}\,]\,g^2\;\frac{1}{4^k}\binom{2k}{k}.$$

Computing each term:

| $2k$ | coeff of $c^{2k}$ in $g^2$ | $\binom{2k}{k}/4^k$ | product |
|---|---|---|---|
| 0 | $1$ | $1$ | $1$ |
| 2 | $32$ | $2/4$ | $16$ |
| 4 | $160$ | $6/16$ | $60$ |
| 6 | $-448$ | $20/64$ | $-140$ |
| 8 | $256$ | $70/256$ | $70$ |

Summing:
$$\overline{g(\cos\theta)^2}=1+16+60-140+70=7.$$

Therefore
$$I=\pi\cdot 7=7\pi.$$

### PROOF COMPLETE
DEVIN_CLI_EXITED code=0
