Looking at this problem, I need to analyze the asymptotic behavior of $\det(P_\Delta(\lambda))$ as $\lambda \to \infty$.

## Proof

Let $B_j = A_j + \Delta_j$ for $j = 0, 1, \ldots, m$, so $P_\Delta(\lambda) = B_m\lambda^m + \cdots + B_1\lambda + B_0$.

**Step 1: $\det(P_\Delta(\lambda))$ is a polynomial in $\lambda$ of degree at most $mn$.**

Each entry of $P_\Delta(\lambda)$ is a polynomial in $\lambda$ of degree at most $m$. By the Leibniz formula,
$$\det(P_\Delta(\lambda)) = \sum_{\sigma \in S_n} \operatorname{sgn}(\sigma) \prod_{i=1}^{n} [P_\Delta(\lambda)]_{i,\sigma(i)}.$$
Each product $\prod_{i=1}^n [P_\Delta(\lambda)]_{i,\sigma(i)}$ is a polynomial of degree at most $mn$ (degree at most $m$ from each of $n$ factors). Hence $\det(P_\Delta(\lambda))$ is a polynomial of degree at most $mn$.

**Step 2: The coefficient of $\lambda^{mn}$ in $\det(P_\Delta(\lambda))$ is exactly $\det(B_m)$.**

To obtain the $\lambda^{mn}$ term, we must select the highest-degree ($\lambda^m$) contribution from every factor in every product. The coefficient of $\lambda^{mn}$ is:
$$\sum_{\sigma \in S_n} \operatorname{sgn}(\sigma) \prod_{i=1}^{n} (B_m)_{i,\sigma(i)} = \det(B_m) = \det(A_m + \Delta_m).$$
Any other selection of terms yields degree strictly less than $mn$.

**Step 3: The difference $Q(\lambda) := \det(P_\Delta(\lambda)) - \det(A_m + \Delta_m)\lambda^{mn}$ is a polynomial of degree at most $mn - 1$.**

This follows immediately from Steps 1 and 2: the $\lambda^{mn}$ terms cancel exactly, leaving a polynomial of degree $\leq mn - 1$.

**Step 4: The limit holds whenever $Q \not\equiv 0$.**

Suppose $Q(\lambda)$ is a nonzero polynomial of degree $d$ with $0 \leq d \leq mn - 1$, and let $c_d \neq 0$ be its leading coefficient. Then as $|\lambda| \to \infty$,
$$|Q(\lambda)| \sim |c_d|\,|\lambda|^d,$$
so
$$\frac{|\lambda|^{mn}}{|Q(\lambda)|} \sim \frac{|\lambda|^{mn}}{|c_d|\,|\lambda|^d} = \frac{|\lambda|^{mn - d}}{|c_d|}.$$
Since $mn - d \geq 1$, we have $|\lambda|^{mn-d} \to \infty$, and therefore
$$\lim_{\lambda \to \infty} \frac{|\lambda|^{mn}}{|\det(P_\Delta(\lambda)) - \det(A_m + \Delta_m)\lambda^{mn}|} = \infty.$$

**Step 5: Degenerate case.**

If $Q(\lambda) \equiv 0$, i.e., $\det(P_\Delta(\lambda)) = \det(A_m + \Delta_m)\lambda^{mn}$ identically, then the denominator vanishes for all $\lambda$ and the expression is undefined. This occurs, for example, when $n = 1$, $m \geq 1$, and $B_j = 0$ for all $j < m$ (so $P_\Delta(\lambda) = B_m\lambda^m$).

**Conclusion.** The limit holds if and only if $\det(P_\Delta(\lambda)) \not\equiv \det(A_m + \Delta_m)\lambda^{mn}$, i.e., whenever $Q(\lambda)$ is not identically zero. In the generic (non-degenerate) case, $Q$ is a nonzero polynomial of degree at most $mn - 1$, the numerator $|\lambda|^{mn}$ dominates the denominator $|Q(\lambda)| = O(|\lambda|^{mn-1})$, and the limit equals $\infty$.

### PROOF COMPLETE
DEVIN_CLI_EXITED code=0
