## Solution

This is the 2D wave equation on the unit disk with Dirichlet (fixed-rim) boundary conditions. We solve by separation of variables in polar coordinates.

### Step 1 — Separate variables

Set $z = T(t)\,R(\rho)\,\Phi(\phi)$. The angular equation gives $\Phi'' + n^2\Phi = 0$ (with integer $n = 0,1,2,\dots$ for $2\pi$-periodicity), so $\Phi = \cos n\phi$ or $\sin n\phi$. The radial equation becomes

$$\rho^2 R'' + \rho R' + (k^2\rho^2 - n^2)R = 0,$$

the Bessel equation of order $n$, whose regular solution at $\rho=0$ is $R(\rho) = J_n(k\rho)$. The boundary condition $z(1,\phi,t)=0$ forces $J_n(k)=0$, so $k$ must be a positive zero of $J_n$. Denote the positive zeros of $J_n$ by

$$0 < k_{n,1} < k_{n,2} < k_{n,3} < \cdots.$$

The time equation $T'' + a^2 k_{n,m}^2\, T = 0$ gives $T(t) = C\cos(ak_{n,m}t) + D\sin(ak_{n,m}t)$. The initial condition $\partial_t z\big|_{t=0}=0$ kills the sine terms, leaving only $\cos(ak_{n,m}t)$.

### Step 2 — Eigenfunction expansion

The eigenfunctions $\{J_n(k_{n,m}\rho)\cos n\phi,\; J_n(k_{n,m}\rho)\sin n\phi\}$ form a complete orthogonal system on the disk (weight $\rho\,d\rho\,d\phi$). Hence

$$\boxed{\;z(\rho,\phi,t) = \sum_{n=0}^{\infty}\sum_{m=1}^{\infty} J_n(k_{n,m}\rho)\Big[A_{n,m}\cos n\phi + B_{n,m}\sin n\phi\Big]\cos\!\big(a\,k_{n,m}\,t\big)\;}$$

with the convention $B_{0,m}=0$ (since $\sin 0 = 0$).

### Step 3 — Determine coefficients from $z(\rho,\phi,0)=F(\rho,\phi)$

Using the standard identities
$$\int_0^1 J_n(k_{n,m}\rho)^2\,\rho\,d\rho = \tfrac12\,J_{n+1}(k_{n,m})^2,$$
$$\int_0^{2\pi}\cos^2(n\phi)\,d\phi = \int_0^{2\pi}\sin^2(n\phi)\,d\phi = \begin{cases}2\pi,&n=0\\ \pi,&n\ge 1.\end{cases}$$

orthogonality gives, for $n\ge 1$:

$$A_{n,m} = \frac{2}{\pi\,J_{n+1}(k_{n,m})^2}\int_0^{2\pi}\!\!\int_0^1 F(\rho,\phi)\,J_n(k_{n,m}\rho)\cos(n\phi)\,\rho\,d\rho\,d\phi,$$

$$B_{n,m} = \frac{2}{\pi\,J_{n+1}(k_{n,m})^2}\int_0^{2\pi}\!\!\int_0^1 F(\rho,\phi)\,J_n(k_{n,m}\rho)\sin(n\phi)\,\rho\,d\rho\,d\phi,$$

and for $n=0$ (only the cosine/constant term survives):

$$A_{0,m} = \frac{1}{\pi\,J_1(k_{0,m})^2}\int_0^{2\pi}\!\!\int_0^1 F(\rho,\phi)\,J_0(k_{0,m}\rho)\,\rho\,d\rho\,d\phi.$$

### Step 4 — Verification

- **PDE**: Each term $J_n(k_{n,m}\rho)\cos n\phi\cos(ak_{n,m}t)$ is an eigenfunction of the polar Laplacian with eigenvalue $-k_{n,m}^2$, and $\partial_t^2$ of $\cos(ak_{n,m}t)$ gives $-a^2k_{n,m}^2\cos(ak_{n,m}t)$, so the wave equation holds termwise.
- **Boundary**: At $\rho=1$, $J_n(k_{n,m})=0$ by definition of $k_{n,m}$, so $z(1,\phi,t)=0$.
- **Initial displacement**: At $t=0$, $\cos(0)=1$, and the expansion reduces to the Fourier–Bessel series of $F$, so $z(\rho,\phi,0)=F(\rho,\phi)$.
- **Initial velocity**: $\partial_t z\big|_{t=0}\propto \sin(ak_{n,m}\cdot 0)=0$ for every term, so $\partial_t z(\rho,\phi,0)=0$.

All conditions are satisfied. $\blacksquare$

### PROOF COMPLETE
DEVIN_CLI_EXITED code=0
