Error: Agent error: Permission denied: Permission denied: Reached overall message rate limit. Please try again later. Your limit will reset in 1 minute. (trace ID: a4b544f930743c070099235d07f44c90): {
  "cognition.ai/errorKind": "internal",
  "cognition.ai/retryable": true
}
Error: Agent error: Permission denied: Permission denied: Reached overall message rate limit. Please try again later. Your limit will reset in 1 minute. (trace ID: d46635455a9cb6f9cd5a7003fd759f0b): {
  "cognition.ai/errorKind": "internal",
  "cognition.ai/retryable": true
}
DEVIN_CLI_EXITED code=1
```xml
<audit>
  <analysis_result_key>2289982</analysis_result_key>
  <problem_id>polymath_00626</problem_id>
  <audit_status>PASS_NOT_SELECTABLE</audit_status>
  <check_results>
    <A1>PASS: dimension1_verdict is PARTIAL_PROGRESS, a valid enum value.</A1>
    <A2>PASS: dimension1_explanation is non-empty and well over 50 characters.</A2>
    <A3>PASS: dimension2_turning_point_type is "other", a valid enum value, and d1 is PARTIAL_PROGRESS so a value is required.</A3>
    <A4>PASS: dimension2_explanation is non-empty and well over 50 characters.</A4>
    <A5>PASS: ai_direction_summary is non-empty and substantive.</A5>
    <A6>PASS: standard_solution_key_technique is non-empty and substantive.</A6>
    <B1>PASS: No XML tag leaks (no </dimension or <dimension strings) in either explanation.</B1>
    <B2>PASS: No template placeholder leaks ("1-3 sentences", "ONE_OF:", etc.) in either explanation.</B2>
    <B3>PASS: Both explanations are far longer than 50 characters.</B3>
    <C1>PASS: d1=PARTIAL_PROGRESS and d2 has a value ("other"), satisfying the consistency rule.</C1>
    <C2>PASS: d1_exp describes correct framing plus partial computation with an error at n=12 breaking the pattern, which matches PARTIAL_PROGRESS (not a pure direction error or token shortage).</C2>
    <C3>PASS: d2="other" and d2_exp explicitly states the technique "does not fit into any modular arithmetic category", which is semantically consistent with the "other" label.</C3>
    <D1>PASS: d1_exp is well over 100 characters and contains action verbs ("identified", "computed", "concluded").</D1>
    <D2>PASS: d2_exp is over 100 characters and contains mathematical terms (Gallai partition, recursive/balanced construction, lower bound, 2n/5 ratio).</D2>
    <D3>PASS: ai_direction_summary describes the actual direction taken (minimizing max monochromatic degree over Gallai colorings, computing small cases, conjecturing ⌊n/2⌋), not just "the AI failed".</D3>
    <D4>PASS: standard_solution_key_technique describes the specific technique (Gallai coloring structural analysis, recursive partition property of rainbow-triangle-free colorings), not a generic "clever method".</D4>
    <E1>UNKNOWN — check via script</E1>
  </check_results>
  <issues_found>none (note: d1=PARTIAL_PROGRESS excludes this result from PASS_SELECTABLE, which requires DIRECTION_ERROR; all A-D checks pass but it is not eligible for the direction-error selection pool)</issues_found>
</audit>
```

### AUDIT COMPLETE
DEVIN_CLI_EXITED code=0
