## Solution

The statement is **FALSE**.

### Counterexample

The key tool is König's theorem and its corollary:

**König's Theorem.** If $\kappa_i < \lambda_i$ for all $i \in I$, then $\sum_{i \in I} \kappa_i < \prod_{i \in I} \lambda_i$.

**Corollary.** For every infinite cardinal $\kappa$, $\kappa^{\operatorname{cf}(\kappa)} > \kappa$.

*Proof of corollary.* Let $\mu = \operatorname{cf}(\kappa)$ and write $\kappa = \sum_{i < \mu} \kappa_i$ where each $\kappa_i < \kappa$ (possible since $\kappa$ is the supremum of $\mu$-many smaller cardinals). Set $\lambda_i = \kappa_i^+$, so $\kappa_i < \kappa_i^+ \leq \kappa$. By König's theorem:
$$\kappa = \sum_{i<\mu} \kappa_i < \prod_{i<\mu} \kappa_i^+ \leq \prod_{i<\mu} \kappa = \kappa^{\mu} = \kappa^{\operatorname{cf}(\kappa)}. \qquad \square$$

**Construction.** Let $\kappa = \aleph_\omega$, which is a singular cardinal with $\operatorname{cf}(\aleph_\omega) = \omega = \aleph_0$. Take:
- $Y$ any set with $|Y| = \aleph_\omega$,
- $X = \mathbb{N}$, so $|X| = \aleph_0$.

Then:
$$|X| = \aleph_0 < \aleph_\omega = |Y|,$$
so the hypothesis $|X| < |Y|$ is satisfied. However, by the corollary above (with $\kappa = \aleph_\omega$ and $\operatorname{cf}(\kappa) = \aleph_0 = |X|$):
$$|Y^X| = |Y|^{|X|} = (\aleph_\omega)^{\aleph_0} = (\aleph_\omega)^{\operatorname{cf}(\aleph_\omega)} > \aleph_\omega = |Y|.$$

Therefore $|Y^X| \not\leq |Y|$, contradicting the claimed conclusion.

### Conclusion

The statement is **false**. When $Y$ has singular cardinality $\kappa$ and $|X| = \operatorname{cf}(\kappa)$, König's theorem forces $|Y^X| = \kappa^{\operatorname{cf}(\kappa)} > \kappa = |Y|$, even though $|X| = \operatorname{cf}(\kappa) < \kappa = |Y|$.

### PROOF COMPLETE
DEVIN_CLI_EXITED code=0
