**Answer Leak Self-Check:** Scanned the problem text — no leaked solutions, answer values, solution sketches, or formalization notes present. Proceeding to solve.

## Solution

Let $\varphi = \frac{1+\sqrt{5}}{2}$ and $\psi = \frac{1-\sqrt{5}}{2}$, so $F_n = \frac{\varphi^n - \psi^n}{\sqrt{5}}$ (Binet's formula), with $\varphi\psi = -1$.

The ratio is
$$R = \frac{a_{30}+a_{29}}{a_{26}+a_{25}} = \frac{\varphi^{30}F_{30}+\varphi^{29}F_{29}}{\varphi^{26}F_{26}+\varphi^{25}F_{25}} = \varphi^4\cdot\frac{\varphi F_{30}+F_{29}}{\varphi F_{26}+F_{25}}.$$

**Key identity:** For $n\ge 1$,
$$\varphi F_n + F_{n-1} = \frac{\varphi(\varphi^n-\psi^n)+(\varphi^{n-1}-\psi^{n-1})}{\sqrt{5}} = \frac{\varphi^{n-1}(\varphi^2+1)-\psi^{n-1}(\varphi\psi+1)}{\sqrt{5}}.$$

Since $\varphi^2 = \varphi+1$ gives $\varphi^2+1 = \varphi+2$, and $\varphi\psi = -1$ gives $\varphi\psi+1 = 0$, the $\psi$ term vanishes:
$$\varphi F_n + F_{n-1} = \frac{\varphi^{n-1}(\varphi+2)}{\sqrt{5}}.$$

Applying with $n=30$ and $n=26$:
$$\varphi F_{30}+F_{29} = \frac{\varphi^{29}(\varphi+2)}{\sqrt{5}},\qquad \varphi F_{26}+F_{25} = \frac{\varphi^{25}(\varphi+2)}{\sqrt{5}}.$$

Therefore
$$R = \varphi^4\cdot\frac{\varphi^{29}(\varphi+2)/\sqrt{5}}{\varphi^{25}(\varphi+2)/\sqrt{5}} = \varphi^4\cdot\varphi^4 = \varphi^8.$$

**Computing $\varphi^8$:**
- $\varphi^2 = \varphi+1 = \frac{3+\sqrt{5}}{2}$
- $\varphi^4 = \left(\frac{3+\sqrt{5}}{2}\right)^2 = \frac{14+6\sqrt{5}}{4} = \frac{7+3\sqrt{5}}{2}$
- $\varphi^8 = \left(\frac{7+3\sqrt{5}}{2}\right)^2 = \frac{49+42\sqrt{5}+45}{4} = \frac{94+42\sqrt{5}}{4} = \frac{47+21\sqrt{5}}{2}$

So $R = \frac{47+21\sqrt{5}}{2}$, giving $A = \frac{47}{2}$ and $B = \frac{21}{2}$.

**Verification:** $\varphi^8 \approx 46.98$; numerically $\frac{47+21\cdot 2.2361}{2} = \frac{47+46.958}{2} \approx 46.98$. ✓

$$A + B = \frac{47}{2} + \frac{21}{2} = \frac{68}{2} = \boxed{34}.$$

### PROOF COMPLETE
DEVIN_CLI_EXITED code=0
