# Recursive Homotopy Dynamics of the Fundamental *n*-Groupoid Π_n(M)

## Preliminary: Answer-Leak Check

The problem statement contains only the task description — no solutions, proof sketches, formalization notes, or embedded answer values. No leak detected. Proceeding to solve.

---

## 1. Setup and the Recursive Principle

Let *M* be a smooth manifold. The **fundamental *n*-groupoid** Π_n(*M*) is a weak *n*-groupoid whose cells encode the homotopy-*n*-type of *M*. Its defining feature is a **recursive boundary structure**: each *k*-cell is a smooth homotopy whose source and target are (*k*−1)-cells, and those (*k*−1)-cells must be **parallel** (share identical (*k*−2)-boundaries). This globular recursion is the "homotopy dynamics."

We denote the set of *k*-cells by *C_k* and the source/target (face) maps by

$$\partial_0, \partial_1 : C_k \longrightarrow C_{k-1}, \qquad k \geq 1,$$

satisfying the **globular identities**

$$\partial_i \,\partial_j = \partial_j \,\partial_i \quad (i,j \in \{0,1\}),$$

and the **parallelism condition** for every *k*-cell *σ*:

$$\partial_0\partial_0(\sigma) = \partial_0\partial_1(\sigma), \qquad \partial_1\partial_0(\sigma) = \partial_1\partial_1(\sigma).$$

This says: the source and target of *σ*'s source equal the source and target of *σ*'s target — i.e., the two (*k*−1)-cells bounding *σ* are parallel. This is the engine of the recursion.

---

## 2. The 0-Cell (Base Case)

**Definition.** A 0-cell is a point of the manifold:

$$C_0 \;:=\; M.$$

A 0-cell *x* ∈ *C_0* has **no boundary** — it is the base case of the recursion. There are no face maps defined on *C_0*.

**Interpretation.** The 0-cells are the *objects* (states, locations) of the groupoid. They carry no homotopy information themselves; they are the atoms upon which all higher structure is built. The set of 0-cells, modulo the equivalence generated by 1-cells, recovers *π_0(M)* — the set of path-components of *M*.

---

## 3. The 1-Cell

**Definition.** Given 0-cells *x*, *y* ∈ *C_0*, a **1-cell** *f* : *x* → *y* is a smooth path

$$\gamma : [0,1] \to M, \qquad \gamma(0) = x,\;\; \gamma(1) = y.$$

The face maps are evaluation at the endpoints:

$$\partial_0(f) = \gamma(0) = x \quad (\text{source}), \qquad \partial_1(f) = \gamma(1) = y \quad (\text{target}).$$

**Recursive dynamics.** The 1-cell is built on 0-cells: its boundary ∂*f* consists of two 0-cells. No parallelism constraint is needed at this level beyond the existence of well-defined source and target points. The recursion seeds here — *C_1* is the set of all smooth paths in *M*, fibered over *C_0* × *C_0* by the face maps.

**Composition.** Given *f* : *x* → *y* and *g* : *y* → *z* with ∂₁(*f*) = ∂₀(*g*), the composite *g* ∘ *f* : *x* → *z* is defined by smooth path concatenation (reparametrized). **Invertibility (groupoid property):** every 1-cell *f* : *x* → *y* has an inverse *f*⁻¹ : *y* → *x* given by *γ*⁻¹(*t*) = *γ*(1−*t*), with *f*⁻¹ ∘ *f* homotopic to id_x and *f* ∘ *f*⁻¹ homotopic to id_y — these homotopies are **2-cells**.

**Interpretation.** 1-cells are *processes* or *transitions*: ways of moving through *M* from one point to another. They encode the path-level structure. The fundamental groupoid Π_1(*M*) (the 1-truncation) has 0-cells as objects and 1-cells modulo 2-cell equivalence as morphisms; its vertex automorphism groups recover *π_1(M, x)*.

---

## 4. The 2-Cell

**Definition.** Given **parallel** 1-cells *f*, *g* : *x* → *y* (i.e., ∂₀*f* = ∂₀*g* = *x* and ∂₁*f* = ∂₁*g* = *y*), a **2-cell** *α* : *f* ⇒ *g* is a smooth homotopy relative boundary:

$$H : [0,1]^2 \to M, \qquad H(s,0) = f(s),\;\; H(s,1) = g(s),\;\; H(0,t) = x,\;\; H(1,t) = y.$$

The face maps extract the top and bottom of the homotopy:

$$\partial_0(\alpha) = H(-,0) = f \quad (\text{source 1-cell}), \qquad \partial_1(\alpha) = H(-,1) = g \quad (\text{target 1-cell}).$$

**Recursive dynamics — the parallelism constraint activates.** The 2-cell *α* can exist only between 1-cells *f*, *g* that are parallel. This is enforced by the globular identities applied to *α*:

$$\partial_0\partial_0(\alpha) = \partial_0(f) = x = \partial_0(g) = \partial_0\partial_1(\alpha),$$
$$\partial_1\partial_0(\alpha) = \partial_1(f) = y = \partial_1(g) = \partial_1\partial_1(\alpha).$$

The boundary conditions *H*(0,·) = *x* and *H*(1,·) = *y* (constant in the homotopy parameter) are precisely what makes the source and target 1-cells parallel. This is the first nontrivial level of the recursion: **the 2-cell's existence is conditioned on a compatibility relation among 1-cells, which in turn is conditioned on 0-cells.**

**Composition.**
- *Vertical composition*: given *α* : *f* ⇒ *g* and *β* : *g* ⇒ *h* (with ∂₁*α* = ∂₀*β*), the composite *β* ∘_v *α* : *f* ⇒ *h* is defined by stacking homotopies in the *t*-parameter (reparametrized).
- *Horizontal composition (whiskering)*: given *α* : *f* ⇒ *g* (both *x* → *y*) and a 1-cell *h* : *y* → *z*, the whiskering *h* ∘ *α* : *h* ∘ *f* ⇒ *h* ∘ *g* is defined by concatenating *h* with the homotopy *α*.

**Invertibility.** Every 2-cell *α* : *f* ⇒ *g* has a vertical inverse *α*⁻¹ : *g* ⇒ *f* given by *H*⁻¹(*s*, *t*) = *H*(*s*, 1−*t*). This makes the hom-sets of 1-cells into **groupoids** (not just categories) — Π_n(*M*) is a 2-groupoid at this level.

**Interpretation.** 2-cells are *deformations*: they assert that two paths from *x* to *y* can be continuously deformed into each other while keeping endpoints fixed. They encode the 2-dimensional homotopy information of *M*. The automorphism 2-cells of the identity 1-cell id_x, modulo 3-cell equivalence, recover *π_2(M, x)*.

---

## 5. The 3-Cell

**Definition.** Given **parallel** 2-cells *α*, *β* : *f* ⇒ *g* (i.e., ∂₀*α* = ∂₀*β* = *f* and ∂₁*α* = ∂₁*β* = *g*, where *f*, *g* : *x* → *y* are themselves parallel 1-cells), a **3-cell** *Γ* : *α* ⇝ *β* is a smooth homotopy-of-homotopies relative boundary:

$$K : [0,1]^3 \to M,$$

satisfying, for all *s*, *t*, *u* ∈ [0,1]:

$$K(s,t,0) = \alpha(s,t), \qquad K(s,t,1) = \beta(s,t) \quad (\text{source and target 2-cells}),$$
$$K(0,t,u) = x, \qquad K(1,t,u) = y \quad (\text{fixed 0-cell boundary}),$$
$$K(s,0,u) = f(s), \qquad K(s,1,u) = g(s) \quad (\text{fixed 1-cell boundary}).$$

The face maps are:

$$\partial_0(\Gamma) = K(-,-,0) = \alpha \quad (\text{source 2-cell}), \qquad \partial_1(\Gamma) = K(-,-,1) = \beta \quad (\text{target 2-cell}).$$

**Recursive dynamics — three-level globular condition.** The 3-cell *Γ* can exist only between 2-cells *α*, *β* that are parallel. The parallelism of *α* and *β* means they share the same 1-cell boundary (*f* and *g*), which in turn requires *f* and *g* to share the same 0-cell boundary (*x* and *y*). The globular identities now run three levels deep:

$$\partial_0\partial_0\partial_0(\Gamma) = \partial_0\partial_0\partial_1(\Gamma) = x, \qquad \partial_1\partial_0\partial_0(\Gamma) = \partial_1\partial_0\partial_1(\Gamma) = y,$$
$$\partial_0\partial_0(\Gamma) = \partial_0\partial_1(\Gamma) = f, \qquad \partial_1\partial_0(\Gamma) = \partial_1\partial_1(\Gamma) = g.$$

The boundary conditions *K*(0,·,·) = *x*, *K*(1,·,·) = *y*, *K*(·,0,·) = *f*, *K*(·,1,·) = *g* (constant in the two higher parameters) enforce this three-level parallelism. **The 3-cell's existence is conditioned on a compatibility relation among 2-cells, conditioned on 1-cells, conditioned on 0-cells** — the full recursive chain.

**Composition.**
- *Vertical composition*: given *Γ* : *α* ⇝ *β* and *Δ* : *β* ⇝ *δ* (with ∂₁*Γ* = ∂₀*Δ*), stack in the *u*-parameter.
- *Horizontal compositions*: whiskering with 2-cells (along a 1-cell) and with 1-cells (along a 0-cell), satisfying the interchange law up to higher coherence.

**Invertibility.** Every 3-cell *Γ* : *α* ⇝ *β* has an inverse *Γ*⁻¹ : *β* ⇝ *α* given by *K*⁻¹(*s*, *t*, *u*) = *K*(*s*, *t*, 1−*u*). This makes the 2-cell hom-groupoids into 2-groupoids — Π_n(*M*) is a 3-groupoid at this level.

**Interpretation.** 3-cells are *meta-deformations*: homotopies between homotopies. They assert that two different ways of deforming path *f* into path *g* can themselves be deformed into each other, while fixing all lower (1-cell and 0-cell) boundaries. They encode the 3-dimensional homotopy information of *M*. The automorphism 3-cells of the identity 2-cell id_{id_x}, modulo 4-cell equivalence (trivial in Π_3), recover *π_3(M, x)*.

---

## 6. The General Recursive Pattern

Combining the four levels, the recursive homotopy dynamics of Π_n(*M*) follows this uniform scheme for 1 ≤ *k* ≤ *n*:

| Level *k* | *C_k* consists of | Face maps ∂₀, ∂₁ : *C_k* → *C_{k-1}* | Parallelism constraint |
|---|---|---|---|
| 0 | Points of *M* | (none — base case) | (none) |
| 1 | Smooth paths *γ* : [0,1] → *M* | ∂₀*γ* = *γ*(0), ∂₁*γ* = *γ*(1) | (automatic) |
| 2 | Smooth homotopies *H* : [0,1]² → *M* rel bdy | ∂₀*H* = *H*(·,0), ∂₁*H* = *H*(·,1) | ∂₀∂₀ = ∂₀∂₁, ∂₁∂₀ = ∂₁∂₁ (same 0-cell bdy) |
| 3 | Smooth homotopies-of-homotopies *K* : [0,1]³ → *M* rel bdy | ∂₀*K* = *K*(·,·,0), ∂₁*K* = *K*(·,·,1) | Same 1-cell bdy ⟹ same 0-cell bdy |

**General recursive definition** (for 1 ≤ *k* ≤ *n*):

$$C_k = \left\{ \sigma : [0,1]^k \to M \;\middle|\; \begin{array}{l} \sigma \text{ smooth},\; \sigma\big|_{t_k=0} \in C_{k-1},\; \sigma\big|_{t_k=1} \in C_{k-1}, \\ \partial_0\big(\sigma\big|_{t_k=0}\big) = \partial_0\big(\sigma\big|_{t_k=1}\big), \\ \partial_1\big(\sigma\big|_{t_k=0}\big) = \partial_1\big(\sigma\big|_{t_k=1}\big), \\ \sigma \text{ is constant (in the } t_k \text{ sense) on lower faces} \end{array} \right\}$$

with ∂₀(*σ*) = *σ*|_{t_k=0} and ∂₁(*σ*) = *σ*|_{t_k=1}.

**The dynamics in one sentence:** Each *k*-cell is a (*k*-dimensional) smooth homotopy whose boundary is a pair of parallel (*k*−1)-cells; the parallelism propagates down through all lower levels via the globular identities, terminating at the 0-cells. The (*k*+1)-cells govern the equivalence of *k*-cells, so that truncating at level *n* (quotienting *C_n* by (*n*+1)-homotopy, which is set to be trivial) yields the homotopy-*n*-type of *M*.

**Homotopy group extraction (the payoff of the recursion):**

$$\pi_0(M) = C_0 \big/ (\text{equivalence generated by } C_1),$$
$$\pi_1(M, x) = \{\, f \in C_1 : \partial_0 f = \partial_1 f = x \,\} \big/ (\text{equivalence generated by } C_2),$$
$$\pi_2(M, x) = \{\, \alpha \in C_2 : \partial_0\alpha = \partial_1\alpha = \mathrm{id}_x \,\} \big/ (\text{equivalence generated by } C_3),$$
$$\pi_3(M, x) = \{\, \Gamma \in C_3 : \partial_0\Gamma = \partial_1\Gamma = \mathrm{id}_{\mathrm{id}_x} \,\} \big/ (\text{trivial, in } \Pi_3).$$

Each homotopy group is the automorphism group at the appropriate level of the recursive cell tower, modulo the equivalence imposed by the next level up. This is the recursive homotopy dynamics of Π_n(*M*).

---

### PROOF COMPLETE
DEVIN_CLI_EXITED code=0
