```xml
<audit>
  <analysis_result_key>2290325</analysis_result_key>
  <problem_id>polymath_05782</problem_id>
  <audit_status>PASS</audit_status>
  <check_results>
    <A1>PASS: dimension1_verdict is TOKEN_LIMIT, a valid value.</A1>
    <A2>PASS: dimension1_explanation is non-empty and well over 50 characters, describing the AI's correct direction and mid-write-up truncation.</A2>
    <A3>PASS: dimension2_turning_point_type is null, but A3 only requires a value when d1 is DIRECTION_ERROR or PARTIAL_PROGRESS; here d1=TOKEN_LIMIT so the null is acceptable.</A3>
    <A4>PASS: dimension2_explanation is non-empty and far exceeds 50 characters, detailing the Abel transformation and monotonicity bounds.</A4>
    <A5>PASS: ai_direction_summary is non-empty and describes the LP/extreme-point analysis and Chebyshev inequality approach the AI took.</A5>
    <A6>PASS: standard_solution_key_technique is non-empty and describes the Abel transformation and partial-sum monotonicity bounding.</A6>
    <B1>PASS: Neither dimension1_explanation nor dimension2_explanation contains XML tag leaks.</B1>
    <B2>PASS: Neither explanation contains template placeholder leaks such as "1-3 sentences" or "ONE_OF:".</B2>
    <B3>PASS: Both explanations are well above the 50-character minimum.</B3>
    <C1>PASS: d1=TOKEN_LIMIT and dimension2_explanation has a substantive value, satisfying the requirement that d2 should have a value; the null turning_point_type is acceptable since A3 does not require it for TOKEN_LIMIT.</C1>
    <C2>PASS: dimension1_explanation describes the AI going in the right direction but being truncated mid-write-up, which is semantically consistent with the TOKEN_LIMIT verdict.</C2>
    <C3>PASS: dimension2_turning_point_type is null, so there is no label to be inconsistent with; the explanation describes the standard solution's Abel transformation technique coherently.</C3>
    <D1>N/A — d1 is CONNECTION_ERROR/TOKEN_LIMIT</D1>
    <D2>N/A — d1 is CONNECTION_ERROR/TOKEN_LIMIT</D2>
    <D3>N/A — d1 is CONNECTION_ERROR/TOKEN_LIMIT</D3>
    <D4>N/A — d1 is CONNECTION_ERROR/TOKEN_LIMIT</D4>
    <E1>UNKNOWN — check via script</E1>
  </check_results>
  <issues_found>none</issues_found>
</audit>
```

### AUDIT COMPLETE
DEVIN_CLI_EXITED code=0
