## Proof

We count distinct paths from $(1,1)$ to $(5,11)$ using dynamic programming. Let $f(r,c)$ denote the number of valid paths reaching node $(r,c)$, with $f(1,1)=1$ and $f(r,c)=0$ for blocked nodes. The recurrence is:

$$f(r,c)=f(r,c-1)+f(r-1,c)+f(r-1,c-1)$$

where any term referring to a blocked cell or out-of-bounds cell contributes $0$.

**Blocked cells:** $(2,3),(2,6),(2,9),(4,2),(4,3),(4,6),(4,7),(4,10)$.

**Row 1** (only Right moves possible): $f(1,c)=1$ for all $c=1,\dots,11$.

**Row 2** ($f(2,c)=f(2,c-1)+f(1,c)+f(1,c-1)$, blocked cells $=0$):

| c | 1 | 2 | 3 | 4 | 5 | 6 | 7 | 8 | 9 | 10 | 11 |
|---|---|---|---|---|---|---|---|---|---|---|---|
| f | 1 | 3 | 0 | 2 | 4 | 0 | 2 | 4 | 0 | 2 | 4 |

**Row 3** ($f(3,c)=f(3,c-1)+f(2,c)+f(2,c-1)$):

| c | 1 | 2 | 3 | 4 | 5 | 6 | 7 | 8 | 9 | 10 | 11 |
|---|---|---|---|---|---|---|---|---|---|---|---|
| f | 1 | 5 | 8 | 10 | 16 | 20 | 22 | 28 | 32 | 34 | 40 |

**Row 4** ($f(4,c)=f(4,c-1)+f(3,c)+f(3,c-1)$, blocked cells $=0$):

| c | 1 | 2 | 3 | 4 | 5 | 6 | 7 | 8 | 9 | 10 | 11 |
|---|---|---|---|---|---|---|---|---|---|---|---|
| f | 1 | 0 | 0 | 18 | 44 | 0 | 0 | 50 | 110 | 0 | 74 |

**Row 5** ($f(5,c)=f(5,c-1)+f(4,c)+f(4,c-1)$):

| c | 1 | 2 | 3 | 4 | 5 | 6 | 7 | 8 | 9 | 10 | 11 |
|---|---|---|---|---|---|---|---|---|---|---|---|
| f | 1 | 2 | 2 | 20 | 82 | 126 | 126 | 176 | 336 | 446 | 520 |

**Verification of key entries:**
- $(4,4)=0+10+8=18$ ✓
- $(4,8)=0+28+22=50$ ✓
- $(5,9)=176+110+50=336$ ✓
- $(5,11)=446+74+0=520$ ✓

The final entry $f(5,11)=520$ gives the number of distinct valid paths.

### Answer

The number of distinct paths from $(1,1)$ to $(5,11)$ is $\boxed{520}$.

### PROOF COMPLETE
DEVIN_CLI_EXITED code=0
