Looking at this problem, I need to evaluate $\int_0^\infty \frac{2(e^{-t^2} - e^{-t})}{t}\,dt$.

**Answer leak check:** The problem statement contains no leaked solutions or answer values. Proceeding.

## Proof

**Key identity.** For $t > 0$, viewing $e^{-st}$ as a function of $s$:

$$e^{-t^2} - e^{-t} = e^{-t\cdot t} - e^{-t\cdot 1} = \int_1^t \frac{d}{ds}e^{-st}\,ds = \int_1^t (-t)\,e^{-st}\,ds$$

Dividing by $t$:

$$\frac{e^{-t^2} - e^{-t}}{t} = -\int_1^t e^{-st}\,ds = \int_t^1 e^{-st}\,ds$$

**Swapping the order of integration.** Set $J = \int_0^\infty \frac{e^{-t^2}-e^{-t}}{t}\,dt = \int_0^\infty \int_t^1 e^{-st}\,ds\,dt$. Split at $t=1$:

- **Region $0 < t < 1$:** $s$ ranges over $(t, 1)$, i.e., $\{(t,s): 0<s<1,\; 0<t<s\}$:
$$\int_0^1 \int_t^1 e^{-st}\,ds\,dt = \int_0^1 \int_0^s e^{-st}\,dt\,ds = \int_0^1 \frac{1-e^{-s^2}}{s}\,ds$$

- **Region $t > 1$:** $\int_t^1 e^{-st}\,ds = -\int_1^t e^{-st}\,ds$, with $s$ over $(1,t)$, i.e., $\{(t,s): s>1,\; t>s\}$:
$$\int_1^\infty \int_t^1 e^{-st}\,ds\,dt = -\int_1^\infty \int_s^\infty e^{-st}\,dt\,ds = -\int_1^\infty \frac{e^{-s^2}}{s}\,ds$$

Therefore:
$$J = \int_0^1 \frac{1-e^{-s^2}}{s}\,ds - \int_1^\infty \frac{e^{-s^2}}{s}\,ds$$

**Substitution $u = s^2$** ($du = 2s\,ds$, $ds/s = du/(2u)$):

$$\int_0^1 \frac{1-e^{-s^2}}{s}\,ds = \frac{1}{2}\int_0^1 \frac{1-e^{-u}}{u}\,du, \qquad \int_1^\infty \frac{e^{-s^2}}{s}\,ds = \frac{1}{2}\int_1^\infty \frac{e^{-u}}{u}\,du$$

So:
$$J = \frac{1}{2}\left[\int_0^1 \frac{1-e^{-u}}{u}\,du - \int_1^\infty \frac{e^{-u}}{u}\,du\right]$$

**Classical representation of the Euler–Mascheroni constant.** It is a well-known identity that:

$$\gamma = \int_0^1 \frac{1-e^{-u}}{u}\,du - \int_1^\infty \frac{e^{-u}}{u}\,du$$

*Proof sketch of this identity:* From the definition $\gamma = \lim_{n\to\infty}\left(\sum_{k=1}^n \frac{1}{k} - \ln n\right)$, use $\frac{1}{k} = \int_0^\infty e^{-ku}\,du$ and Frullani's formula $\ln n = \int_0^\infty \frac{e^{-u}-e^{-nu}}{u}\,du$. Then:

$$\sum_{k=1}^n \frac{1}{k} - \ln n = \int_0^\infty \left(\sum_{k=1}^n e^{-ku} - \frac{e^{-u}-e^{-nu}}{u}\right)du = \int_0^\infty \left(\frac{e^{-u}(1-e^{-nu})}{1-e^{-u}} - \frac{e^{-u}-e^{-nu}}{u}\right)du$$

Taking $n\to\infty$ (with $e^{-nu}\to 0$) and splitting the resulting integral at $u=1$ yields the stated identity. $\square$

**Conclusion.** Combining:

$$J = \frac{1}{2}\,\gamma$$

The original integral is $I = 2J$, so:

$$\int_0^\infty \frac{2\left(e^{-t^2} - e^{-t}\right)}{t}\,dt = 2 \cdot \frac{\gamma}{2} = \gamma$$

where $\gamma \approx 0.5772$ is the Euler–Mascheroni constant.

### PROOF COMPLETE
DEVIN_CLI_EXITED code=0
