I'll solve this directly in my reasoning. Let me analyze the convergence of the improper integral at both endpoints.

## Proof

Consider the integral
$$I(\alpha) = \int_0^{+\infty} \frac{e^x \arctan(xe^{-x})}{(x + \sqrt[3]{x})^\alpha}\,dx.$$

We analyze the behavior of the integrand $f(x) = \frac{e^x \arctan(xe^{-x})}{(x + \sqrt[3]{x})^\alpha}$ near the two endpoints $x = 0^+$ and $x = +\infty$.

---

### Behavior near $x = 0^+$

As $x \to 0^+$:

- $e^x = 1 + x + O(x^2) \to 1$.
- $xe^{-x} = x(1 - x + O(x^2)) = x - x^2 + O(x^3) \to 0$, so $\arctan(xe^{-x}) = xe^{-x} + O((xe^{-x})^3) = x - x^2 + O(x^3)$.
- Therefore $e^x \arctan(xe^{-x}) = (1+x+O(x^2))(x - x^2 + O(x^3)) = x + O(x^3) \sim x$.
- $x + \sqrt[3]{x} = x^{1/3}(1 + x^{2/3})$, and since $x^{2/3} \to 0$, we get $(x + \sqrt[3]{x})^\alpha \sim x^{\alpha/3}$.

Hence
$$f(x) \sim \frac{x}{x^{\alpha/3}} = x^{1 - \alpha/3} \quad \text{as } x \to 0^+.$$

The integral $\int_0^{\varepsilon} x^{1-\alpha/3}\,dx$ converges if and only if $1 - \alpha/3 > -1$, i.e., $\alpha < 6$.

---

### Behavior near $x = +\infty$

As $x \to +\infty$:

- $xe^{-x} \to 0$, so $\arctan(xe^{-x}) \sim xe^{-x}$.
- Therefore $e^x \arctan(xe^{-x}) \sim e^x \cdot xe^{-x} = x$.
- $x + \sqrt[3]{x} = x(1 + x^{-2/3})$, and since $x^{-2/3} \to 0$, we get $(x + \sqrt[3]{x})^\alpha \sim x^\alpha$.

Hence
$$f(x) \sim \frac{x}{x^\alpha} = x^{1-\alpha} \quad \text{as } x \to +\infty.$$

The integral $\int_{M}^{+\infty} x^{1-\alpha}\,dx$ converges if and only if $1 - \alpha < -1$, i.e., $\alpha > 2$.

---

### Combining both conditions

The integral $I(\alpha)$ converges if and only if both endpoint conditions are satisfied simultaneously:

- Near $0$: $\alpha < 6$,
- Near $+\infty$: $\alpha > 2$.

At the boundary values: $\alpha = 6$ gives $f(x) \sim x^{-1}$ near $0$ (logarithmic divergence), and $\alpha = 2$ gives $f(x) \sim x^{-1}$ near $+\infty$ (logarithmic divergence), so both endpoints are excluded.

Therefore, the improper integral converges if and only if
$$\boxed{2 < \alpha < 6}.$$

### PROOF COMPLETE
DEVIN_CLI_EXITED code=0
