## 证明

设 α = ∠A, β = ∠B, γ = ∠C。由于 O 到 A、B、C 的距离相等，因此 O 是 △ABC 的**外心**。设外接圆半径 R = 1，将 O 置于原点，并令 C = (1, 0)。

**坐标设置：** 圆心角 BOC = 2α（A 处的圆周角所对的弧），因此 B = (cos 2α, sin 2α)。同理，圆心角 AOC = 2β，因此 A = (cos 2β, −sin 2β)（置于 x 轴下方）。直线 CO 即为 x 轴。

**中点：**
- M = AB 的中点 = ((cos 2β + cos 2α)/2, (−sin 2β + sin 2α)/2)
- N = BC 的中点 = ((1 + cos 2α)/2, sin 2α/2)

MN 的中点 P：
- P_y = (−sin 2β + 2 sin 2α)/4

直线 CO 平分 MN 当且仅当 P 位于 x 轴上，即 P_y = 0：

$$2\sin 2\alpha = \sin 2\beta \qquad (\star)$$

**求 α 的最小值：**

由于 △ABC 为锐角三角形，α, β, γ ∈ (0°, 90°)，因此 2α, 2β ∈ (0°, 180°) 且所有正弦值均为正。

根据 (⋆)：sin 2β = 2 sin 2α ≤ 1，所以 sin 2α ≤ 1/2，得出 2α ∈ (0°, 30°] ∪ [150°, 180°)，即 **α ∈ (0°, 15°] ∪ [75°, 90°)**。

**情况 α ∈ (0°, 15°]：** 此处 2 sin 2α ∈ (0, 1]。2β 的两个解为：
- 2β = arcsin(2 sin 2α) ≤ 90°，所以 β ≤ 45°。此时 α + β ≤ 60° < 90°，所以 γ > 90°。非锐角三角形。
- 2β = 180° − arcsin(2 sin 2α) ≥ 90°。此时 γ = 90° − α + arcsin(2 sin 2α)/2。由于对于 α ∈ (0°, 15°]，有 arcsin(2 sin 2α) > 2α（因为 2 sin 2α > sin 2α），我们得到 γ > 90°。非锐角三角形。

所以对于 α ∈ (0°, 15°]，不存在锐角三角形。

**情况 α ∈ (15°, 75°)：** sin 2α > 1/2，所以 2 sin 2α > 1；(⋆) 无解。不存在三角形。

**情况 α ∈ [75°, 90°)：** 在 α = 75° 时：2α = 150°，sin 2α = 1/2，sin 2β = 1，2β = 90°，β = 45°，γ = 60°。均为锐角。✓

对于 α > 75°，存在有效的锐角解（例如 α = 80°，β ≈ 21.6°，γ ≈ 78.4°）。

**在 α = 75°, β = 45°, γ = 60° 时的验证：**
- A = (0, −1), B = (−√3/2, 1/2), C = (1, 0)
- M = (−√3/4, −1/4), N = ((2−√3)/4, 1/4)
- P = MN 的中点 = ((1−√3)/4, **0**) — 位于直线 CO（x 轴）上。✓

由于 α = 75° 可以构成锐角三角形，且在 α < 75° 时不存在满足 (⋆) 的锐角三角形，因此最小值为：

$$\boxed{75°}$$

### 证明完成
DEVIN_CLI_EXITED code=0
