Looking at this problem, I need to find ∠ACB given the parallelism condition AD ∥ OG.

**Answer Leak Check:** No leaked answers or solutions found in the problem text. Proceeding to solve.

---

**Proof.**

Let γ = ∠ACB and β = ∠ABC, so β + γ = 140°.

**Coordinate setup.** Place C at the origin and B at (1, 0). By the sine rule, AC = sin β / sin 40° = sin(140° − γ) / sin 40°. Since the angle at C is γ, vertex A = (AC cos γ, AC sin γ). Since CD = AC and C is between B and D, point D = (−AC, 0).

**Centroid and circumcenter.** The centroid is:
$$G = \left(\frac{AC\cos\gamma + 1}{3},\; \frac{AC\sin\gamma}{3}\right).$$

The circumcenter lies on the perpendicular bisector of BC, so O = (1/2, y_O). From |OA| = |OC|:
$$\tfrac{1}{4} + y_O^2 = (\tfrac{1}{2} - AC\cos\gamma)^2 + (y_O - AC\sin\gamma)^2$$
which gives $y_O = \frac{AC - \cos\gamma}{2\sin\gamma}$.

**Parallelism condition.** The direction of AD is:
$$D - A = -AC(1 + \cos\gamma,\; \sin\gamma).$$

The direction of OG = G − O has components:
- x: $\frac{2AC\cos\gamma - 1}{6}$
- y: $\frac{2AC\sin^2\gamma - 3AC + 3\cos\gamma}{6\sin\gamma}$

Setting the cross product $(D-A) \times (G-O) = 0$, dividing by $AC/6$, and multiplying by $\sin\gamma$:

$$-(1+\cos\gamma)(2AC\sin^2\gamma - 3AC + 3\cos\gamma) + \sin^2\gamma(2AC\cos\gamma - 1) = 0.$$

Substituting $c = \cos\gamma$, $s^2 = 1 - c^2$, and noting $2ACs^2 - 3AC = -AC(1+2c^2)$:

$$(1+c)\big(AC(1+2c^2) - 3c\big) + (1-c^2)(2ACc - 1) = 0.$$

Factoring out $(1+c)$ [valid since $1+c \neq 0$ for non-degenerate triangles]:

$$(1+c)\big[AC(1+2c^2) - 3c + (1-c)(2ACc - 1)\big] = 0.$$

Expanding the bracket:
$$AC(1+2c^2) - 3c + 2ACc - 2ACc^2 - 1 + c = AC(1+2c) - (1+2c) = (1+2c)(AC-1).$$

So the condition reduces to:

$$\boxed{(1 + 2\cos\gamma)(AC - 1) = 0.}$$

**Case 1: $1 + 2\cos\gamma = 0$.** Then $\cos\gamma = -1/2$, giving **γ = 120°**. The triangle has angles 40°, 20°, 120°. Direct substitution confirms AD ∥ OG (numerically: the cross product vanishes exactly).

**Case 2: $AC = 1$ (i.e., AC = BC).** Then $\sin(140°-\gamma) = \sin 40°$, giving $\gamma = 100°$ (the other root γ = 0° is degenerate). The triangle has angles 40°, 40°, 100° and is isosceles with AC = BC. Substitution confirms AD ∥ OG.

Both solutions yield valid non-degenerate triangles with O ≠ G (so OG is a well-defined line) and all stated conditions satisfied.

**Answer:** $\angle ACB = 100°$ or $\angle ACB = 120°$.

### PROOF COMPLETE
DEVIN_CLI_EXITED code=0
