我将直接在 TUI 中解决此问题。首先，进行答案泄露检查：问题文本仅包含问题陈述，没有泄露解决方案、答案或证明草图。很好。

现在让我仔细分析这个问题。

**问题重述。** 给定 $N_0 \in \mathbb{N}$ 和一个复数序列 $\{F_N\}$，满足：
1. $\lim_{N\to\infty} |F_N|^{1/N} = 0$，
2. 对于所有 $N \geq N_0$，有 $|F_N| \leq N \sum_{k=N+1}^{\infty} |F_k|$。

我们需要证明还是证伪：存在 $N_1$ 使得对于所有 $N \geq N_1$，$F_N = 0$。

**结论：该命题为假。** 我将构造一个明确的反例。

---

**反例。** 取 $N_0 = 1$ 并定义
$$F_N = \frac{N}{(N+1)!}, \qquad N \geq 1.$$
（实数且为正，因此 $|F_N| = F_N$。）

**验证条件 2（尾部不等式）。** 首先观察恒等式
$$\frac{k}{(k+1)!} = \frac{1}{k!} - \frac{1}{(k+1)!},$$
因为 $\frac{1}{k!} - \frac{1}{(k+1)!} = \frac{(k+1)-1}{(k+1)!} = \frac{k}{(k+1)!}$。因此，该级数是收敛的（绝对收敛），且尾部和可以通过伸缩求和（telescoping）计算：
$$\sum_{k=N}^{\infty} \frac{k}{(k+1)!} = \sum_{k=N}^{\infty}\left(\frac{1}{k!}-\frac{1}{(k+1)!}\right) = \frac{1}{N!}.$$
因此 $\sum_{k=N+1}^{\infty} |F_k| = \frac{1}{(N+1)!}$，我们需要的不等式变为
$$\frac{N}{(N+1)!} \leq N \cdot \frac{1}{(N+1)!},$$
即 $\frac{N}{(N+1)!} \leq \frac{N}{(N+1)!}$，这对于所有 $N \geq 1$ **以等式成立**。✓

**验证条件 1（根增长条件）。** 我们需要证明
$$\left(\frac{N}{(N+1)!}\right)^{1/N} \xrightarrow{N\to\infty} 0.$$
利用 Stirling 公式，$(N+1)! \sim \sqrt{2\pi(N+1)}\left(\frac{N+1}{e}\right)^{N+1}$，因此
$$\frac{N}{(N+1)!} \sim \frac{N\, e^{N+1}}{(N+1)^{N+1}\sqrt{2\pi(N+1)}}.$$
取 $1/N$ 次幂：
$$\left(\frac{N}{(N+1)!}\right)^{1/N} \sim \frac{N^{1/N}\cdot e^{(N+1)/N}}{(N+1)^{(N+1)/N}\cdot(2\pi(N+1))^{1/(2N)}}.$$
当 $N \to \infty$ 时：$N^{1/N}\to 1$，$e^{(N+1)/N}\to e$，$(2\pi(N+1))^{1/(2N)}\to 1$，以及 $(N+1)^{(N+1)/N} = (N+1)^{1+1/N} \sim N+1 \to \infty$。因此
$$\left(\frac{N}{(N+1)!}\right)^{1/N} \sim \frac{e}{N+1} \xrightarrow{N\to\infty} 0. \quad\checkmark$$

**$F_N$ 不会最终消失。** 对于每个 $N \geq 1$，都有 $F_N = \frac{N}{(N+1)!} > 0$，因此不存在 $N_1$ 使得对于所有 $N \geq N_1$，$F_N = 0$。

---

**为什么此反例有效——直观理解。** 设 $S_N = \sum_{k=N}^{\infty}|F_k|$。条件 2 等价于 $S_N \leq (N+1)\,S_{N+1}$，即 $S_{N+1} \geq S_N/(N+1)$。这仅给出了尾部和的**下界** $S_N \geq C/N!$，这比任何指数函数衰减得都快。因此 $a_N^{1/N}\to 0$ 的要求与 $S_{N_0}>0$ 是完全兼容的：在边界 $S_{N+1}=S_N/(N+1)$ 处取等号，得到 $a_N = \frac{N}{N+1}S_N \sim C/N!$，其 $N$ 次方根趋向于 $0$。条件 1 的超指数衰减条件不足以强制序列最终为零；它仅排除了指数级或更慢的衰减，而阶乘级衰减（满足边界等式）恰好满足条件。

### PROOF COMPLETE
DEVIN_CLI_EXITED code=0
