## Solution

**Answer leak check:** The problem statement contains only the equation and the question — no solution, answer, hint, or formalization notes. No leak detected. Proceeding.

---

**Claim:** The sum of all solutions is $\boxed{0}$.

**Proof.**

Let $w = \dfrac{e^x - 1}{e^x + 1}$. The equation is
$$\ln w = x.$$

**Step 1 — Reduce to an algebraic equation.**

Applying the exponential to both sides, and using $e^{\ln w} = w$ (valid for every branch of the complex logarithm, and in particular for the principal branch $\operatorname{Log}$), the equation $\ln w = x$ is equivalent to
$$w = e^x,$$
together with the branch condition $\operatorname{Im}(x) \in (-\pi,\pi]$ when $\ln$ is taken as the principal logarithm. Substituting $w$:
$$\frac{e^x - 1}{e^x + 1} = e^x.$$

The denominator $e^x + 1 \neq 0$ for any solution (since $e^x = -1$ would force $w$ to be undefined, and we will see the candidates are $\pm i$). Multiplying through:
$$e^x - 1 = e^x(e^x + 1) = e^{2x} + e^x,$$
$$-1 = e^{2x},$$
$$e^{2x} = -1.$$

**Step 2 — Solve $e^{2x} = -1$.**

Since $-1 = e^{i\pi}$, we have $2x = i(\pi + 2\pi k)$ for $k \in \mathbb{Z}$, i.e.
$$x = i\!\left(\frac{\pi}{2} + \pi k\right), \qquad k \in \mathbb{Z}.$$

Equivalently $e^x \in \{i, -i\}$:
- $e^x = i \iff x = i\!\left(\tfrac{\pi}{2} + 2\pi k\right)$,
- $e^x = -i \iff x = i\!\left(-\tfrac{\pi}{2} + 2\pi k\right)$.

**Step 3 — Apply the branch condition (principal logarithm).**

With $\ln = \operatorname{Log}$ (principal branch), we require $\operatorname{Im}(x) \in (-\pi, \pi]$.

- From $e^x = i$: $\operatorname{Im}(x) = \tfrac{\pi}{2} + 2\pi k \in (-\pi,\pi]$ forces $k = 0$, giving $x = \dfrac{i\pi}{2}$.
- From $e^x = -i$: $\operatorname{Im}(x) = -\tfrac{\pi}{2} + 2\pi k \in (-\pi,\pi]$ forces $k = 0$, giving $x = -\dfrac{i\pi}{2}$.

So there are exactly two solutions: $x_1 = \dfrac{i\pi}{2}$ and $x_2 = -\dfrac{i\pi}{2}$.

**Step 4 — Verify neither is extraneous.**

For $x = \tfrac{i\pi}{2}$: $e^x = i$, and
$$\frac{e^x-1}{e^x+1} = \frac{i-1}{i+1} = \frac{(i-1)^2}{(i+1)(i-1)} = \frac{-2i}{-2} = i = e^x. \quad\checkmark$$

For $x = -\tfrac{i\pi}{2}$: $e^x = -i$, and
$$\frac{e^x-1}{e^x+1} = \frac{-i-1}{-i+1} = \frac{-(1+i)}{1-i}\cdot\frac{1+i}{1+i} = \frac{-(1+i)^2}{2} = \frac{-2i}{2} = -i = e^x. \quad\checkmark$$

Both satisfy the original equation with the principal logarithm.

**Step 5 — Compute the sum.**

$$x_1 + x_2 = \frac{i\pi}{2} + \left(-\frac{i\pi}{2}\right) = 0.$$

**Remark on the multivalued interpretation.** Even if $\ln$ is taken as the multivalued complex logarithm (so that the full solution set is $\{i(\tfrac{\pi}{2}+2\pi k):k\in\mathbb{Z}\}\cup\{i(-\tfrac{\pi}{2}+2\pi k):k\in\mathbb{Z}\}$), this set is symmetric under $x\mapsto -x$: the partner of $i(\tfrac{\pi}{2}+2\pi k)$ is $i(-\tfrac{\pi}{2}-2\pi k)$, also a solution. Pairing solutions as $(x,-x)$, every pair sums to $0$, so the symmetrically regularized sum is again $0$ — consistent with the principal-branch answer.

---

The sum of all solutions is $\boxed{0}$.

### PROOF COMPLETE
DEVIN_CLI_EXITED code=0
