Looking at this problem, I need to find the cardinality of the set of continuous surjections from $D$ to $E$, where $D, E \subseteq \mathbb{R}^n$ are non-empty, open, path-connected, and homeomorphic.

**Answer leak check:** The problem statement contains no solutions, hints, or leaked answers. Proceeding.

---

## Proof

We consider two cases.

### Case $n = 0$

$\mathbb{R}^0 = \{0\}$. The only non-empty open subset is $\{0\}$, which is trivially path-connected. So $D = E = \{0\}$, and there is exactly one function $\{0\} \to \{0\}$, which is a continuous surjection. **Cardinality = 1.**

### Case $n \geq 1$

We show the cardinality is $\mathfrak{c} = 2^{\aleph_0}$.

#### Upper bound: at most $\mathfrak{c}$

Since $D \subseteq \mathbb{R}^n$ is a separable metric space, it admits a countable dense subset $Q \subseteq D$. Any continuous function $f: D \to \mathbb{R}^n$ is uniquely determined by its restriction $f|_Q: Q \to \mathbb{R}^n$ (by continuity and density). The number of such restrictions is

$$|\mathbb{R}^n|^{|Q|} = \mathfrak{c}^{\aleph_0} = (2^{\aleph_0})^{\aleph_0} = 2^{\aleph_0 \cdot \aleph_0} = 2^{\aleph_0} = \mathfrak{c}.$$

Hence there are at most $\mathfrak{c}$ continuous functions $D \to \mathbb{R}^n$, and therefore at most $\mathfrak{c}$ continuous surjections $D \to E$.

#### Lower bound: at least $\mathfrak{c}$

Since $D$ and $E$ are homeomorphic, fix a homeomorphism $h: D \to E$. It suffices to construct $\mathfrak{c}$ distinct continuous surjections $D \to D$, since composing each with $h$ yields $\mathfrak{c}$ distinct continuous surjections $D \to E$ (composition of continuous surjections is a continuous surjection, and $h$'s injectivity preserves distinctness).

**Construction.** Since $D$ is non-empty and open in $\mathbb{R}^n$, there exist $p \in D$ and $r > 0$ with $\overline{B}(p, r) \subseteq D$.

For each $\alpha > 0$, define the **radial power map** $\phi_\alpha: \overline{B}(p,r) \to \overline{B}(p,r)$ by

$$\phi_\alpha(x) = p + \left(\frac{\lVert x - p \rVert}{r}\right)^{\alpha - 1}(x - p), \quad x \neq p; \qquad \phi_\alpha(p) = p.$$

Writing $\rho = \lVert x - p \rVert \in [0, r]$, the radial component of $\phi_\alpha$ is $\rho \mapsto \rho^\alpha / r^{\alpha-1}$, which is a continuous strictly increasing bijection $[0, r] \to [0, r]$ (sending $0 \mapsto 0$, $r \mapsto r$), with inverse given by $\phi_{1/\alpha}$. Thus:

- **$\phi_\alpha$ is a homeomorphism** of $\overline{B}(p,r)$ onto itself (hence a continuous surjection).
- **$\phi_\alpha$ is the identity on $\partial B(p,r)$**: when $\rho = r$, $\phi_\alpha(x) = p + (x - p) = x$.
- **$\phi_\alpha$ is continuous at $p$**: $\lVert \phi_\alpha(x) - p \rVert = \rho^\alpha / r^{\alpha-1} \to 0$ as $\rho \to 0$.

Now define $f_\alpha: D \to D$ by

$$f_\alpha(x) = \begin{cases} \phi_\alpha(x) & \text{if } x \in \overline{B}(p, r), \\ x & \text{if } x \in D \setminus \overline{B}(p, r). \end{cases}$$

**Well-defined and continuous:** The two pieces agree on $\partial B(p,r)$ (where $\phi_\alpha = \mathrm{id}$), so $f_\alpha$ is continuous by the pasting lemma.

**Surjective onto $D$:** For any $y \in D$:
- If $y \in \overline{B}(p,r)$: then $y = \phi_\alpha(\phi_{1/\alpha}(y))$ and $\phi_{1/\alpha}(y) \in \overline{B}(p,r) \subseteq D$, so $y = f_\alpha(\phi_{1/\alpha}(y))$.
- If $y \in D \setminus \overline{B}(p,r)$: then $y = f_\alpha(y)$ (identity).

So $f_\alpha$ is a continuous surjection $D \to D$.

**Distinctness:** For $\alpha \neq \beta$, pick any $x$ with $0 < \lVert x - p \rVert < r$. Then the radial components $\rho^\alpha / r^{\alpha-1}$ and $\rho^\beta / r^{\beta-1}$ differ (since $t \mapsto t^\alpha / r^{\alpha-1}$ is strictly convex/concave and differs from $t \mapsto t^\beta / r^{\beta-1}$ on $(0,r)$ for $\alpha \neq \beta$), so $\phi_\alpha(x) \neq \phi_\beta(x)$, hence $f_\alpha \neq f_\beta$.

Since there are $\mathfrak{c}$ choices of $\alpha > 0$, we obtain $\mathfrak{c}$ distinct continuous surjections $D \to D$.

Composing with $h$: the family $\{h \circ f_\alpha : \alpha > 0\}$ gives $\mathfrak{c}$ distinct continuous surjections $D \to E$.

#### Conclusion for $n \geq 1$

The number of continuous surjections $D \to E$ is at most $\mathfrak{c}$ and at least $\mathfrak{c}$, so it equals $\mathfrak{c} = 2^{\aleph_0}$.

---

### Final Answer

$$\boxed{\text{The cardinality is } \begin{cases} 1 & \text{if } n = 0, \\ 2^{\aleph_0} & \text{if } n \geq 1. \end{cases}}$$

For the non-trivial case $n \geq 1$, the cardinality of the set of all continuous surjections from $D$ to $E$ is $2^{\aleph_0}$, the cardinality of the continuum.

### PROOF COMPLETE
DEVIN_CLI_EXITED code=0
