Looking at this problem, I need to analyze the function $f(x) = \sum_{i=1}^n \|x - a_i\|$ on a Hilbert space $H$ where $a_1, \ldots, a_n$ are unit vectors.

**Answer Leak Check:** The problem statement contains no leaked solutions, hints, or formalization notes. Proceeding to solve.

---

## Proof

**Step 1: Convexity, continuity, and coercivity.**

Each $g_i(x) = \|x - a_i\|$ is convex (norm composed with an affine map) and continuous. Hence $f = \sum g_i$ is convex and continuous.

$f$ is coercive: by the reverse triangle inequality, $\|x - a_i\| \geq \|x\| - \|a_i\| = \|x\| - 1$ for each $i$. Summing,
$$f(x) \geq n(\|x\| - 1) \to +\infty \quad \text{as } \|x\| \to \infty.$$

**Step 2: Existence of a minimum.**

Since $f$ is coercive, there exists $R > 0$ such that $\inf_H f = \inf_{\|x\| \leq R} f$. The closed ball $\overline{B}(0,R)$ is weakly compact (Hilbert spaces are reflexive; Banach–Alaoglu). Since $f$ is convex and continuous, it is weakly lower semicontinuous, so $f$ attains its infimum on $\overline{B}(0,R)$. The set $\operatorname{Argmin}(f)$ is non-empty, closed, and convex.

**Step 3: Subdifferential characterization of minimizers.**

Since $f$ is convex, $x^*$ is a minimizer iff $0 \in \partial f(x^*)$. The subdifferential of each $g_i$ is:
$$\partial g_i(x) = \begin{cases} \left\{\frac{x - a_i}{\|x - a_i\|}\right\} & \text{if } x \neq a_i, \\ \{v \in H : \|v\| \leq 1\} & \text{if } x = a_i. \end{cases}$$

By the sum rule (which applies since each $g_i$ is continuous):
$$\partial f(x) = \sum_{i=1}^n \partial g_i(x).$$

**Case A: $x^* \notin \{a_1, \ldots, a_n\}$.** Then $0 = \sum_{i=1}^n \frac{x^* - a_i}{\|x^* - a_i\|}$, i.e., the unit vectors pointing from each $a_i$ toward $x^*$ sum to zero.

**Case B: $x^* = a_k$ for some $k$.** Then $0 \in \sum_{i \neq k} \frac{a_k - a_i}{\|a_k - a_i\|} + \overline{B}$, equivalently:
$$\left\|\sum_{i \neq k} \frac{a_k - a_i}{\|a_k - a_i\|}\right\| \leq 1.$$

**Step 4: Strict convexity — uniqueness criterion.**

**Claim.** $f$ is strictly convex if and only if $a_1, \ldots, a_n$ are not all collinear.

*Proof.* Suppose $f$ is not strictly convex: there exist $x \neq y$ and $t \in (0,1)$ with $f(tx + (1-t)y) = tf(x) + (1-t)f(y)$. Since $f = \sum g_i$ with each $g_i$ convex, equality of the sum forces $g_i(tx + (1-t)y) = tg_i(x) + (1-t)g_i(y)$ for every $i$. Equality in the convexity of the norm holds iff $(x - a_i)$ and $(y - a_i)$ are positively collinear (or one is zero), meaning $a_i, x, y$ are collinear with $a_i$ not strictly between $x$ and $y$. In particular, every $a_i$ lies on the line through $x$ and $y$.

Conversely, if all $a_i$ lie on a line $L$, choose $x, y \in L$ with all $a_i$ on one side (not between $x$ and $y$). Then each $g_i$ is affine on $[x,y]$, so $f$ is affine on $[x,y]$, hence not strictly convex. $\square$

**Conclusion:**
- **Not all collinear $\Rightarrow$ $f$ strictly convex $\Rightarrow$ unique minimizer.**
- **All collinear $\Rightarrow$ reduce to one dimension (next step).**

**Step 5: The collinear case — explicit solution.**

Suppose all $a_i$ lie on a line $L$. For any $x \in H$, let $x'$ be the orthogonal projection of $x$ onto $L$. Since each $a_i \in L$, the Pythagorean theorem gives $\|x - a_i\|^2 = \|x - x'\|^2 + \|x' - a_i\|^2$, so $\|x - a_i\| \geq \|x' - a_i\|$ with equality iff $x = x'$. Hence $f(x) \geq f(x')$ with equality iff $x \in L$. The minimization reduces to $L$.

Since the $a_i$ are unit vectors on $L$, and $L$ intersects the unit sphere in at most two points, the $a_i$ take at most two distinct values. Say $p$ of the $a_i$ equal $b$ and $q = n - p$ equal $c$ (with $b, c$ unit vectors on $L$; $b = c$ allowed). Parameterizing $L$ by $t \mapsto b + t(c - b)/\|c - b\|$ (or any point if $b = c$), the problem becomes:
$$\min_{t \in \mathbb{R}} \; g(t) = p\,|t - t_b| + q\,|t - t_c|.$$

Computing the subdifferential:
- For $t \in (t_b, t_c)$ (assuming $t_b < t_c$): $g'(t) = -p + q = q - p$.
- At $t = t_b$: $\partial g(t_b) = p \cdot [-1, 1] + q \cdot \{+1\} = [q - p,\; q + p]$.
- At $t = t_c$: $\partial g(t_c) = p \cdot \{-1\} + q \cdot [-1, 1] = [-p - q,\; q - p]$.

The condition $0 \in \partial g(t)$ yields:
- **$p > q$:** $g'(t) = q - p < 0$ on $(t_b, t_c)$, and $0 \in [q-p, q+p]$ at $t_b$. Unique minimizer is $t = t_b$, i.e., $x = b$.
- **$p < q$:** $g'(t) = q - p > 0$ on $(t_b, t_c)$, and $0 \in [-p-q, q-p]$ at $t_c$. Unique minimizer is $t = t_c$, i.e., $x = c$.
- **$p = q$ (requires $n$ even):** $g'(t) = 0$ on $(t_b, t_c)$, and $0 \in \partial g(t_b) \cap \partial g(t_c)$. The function $g$ is constant on $[t_b, t_c]$ and strictly increasing outside. The set of minimizers is the entire segment $\{x \in L : x \text{ between } b \text{ and } c\} = [b, c]$.

**Step 6: Summary of behavior.**

The function $f$ is **convex, continuous, and coercive**, hence attains its minimum on $H$. The full characterization of minimizers is:

1. **Non-collinear case** ($a_1, \ldots, a_n$ do not all lie on one line): $f$ is strictly convex, so there is a **unique minimizer** $x^*$, characterized by $0 \in \partial f(x^*)$ (Cases A or B above).

2. **Collinear case** (all $a_i$ on a line $L$): the minimum is attained on $L$. The $a_i$ take at most two distinct values $b, c$ with multiplicities $p, q = n - p$:
   - If $p \neq q$: the **unique minimizer** is the majority point ($b$ if $p > q$, $c$ if $q > p$).
   - If $p = q$ (so $n$ is even): the set of minimizers is the **entire segment** $[b, c]$.

**Special cases.** For $n = 1$: minimizer is $a_1$ (unique). For $n = 2$ with $a_1 \neq a_2$: $p = q = 1$, so the minimizer set is the segment $[a_1, a_2]$, with minimum value $\|a_1 - a_2\|$ (by the triangle inequality $\|x - a_1\| + \|x - a_2\| \geq \|a_1 - a_2\|$, equality iff $x \in [a_1, a_2]$). For $n = 2$ with $a_1 = a_2$: minimizer is $a_1$ (unique).

### PROOF COMPLETE
DEVIN_CLI_EXITED code=0
