**Answer: Yes.**

**Proof.**

Let $\theta: R \to S$ be an isomorphism of topological rings, i.e., a ring isomorphism that is simultaneously a homeomorphism.

**Step 1: $\theta$ restricts to a group isomorphism $R^{\times} \to S^{\times}$.**

If $u \in R^{\times}$, there exists $v \in R$ with $uv = vu = 1_R$. Applying $\theta$,
$$\theta(u)\theta(v) = \theta(uv) = \theta(1_R) = 1_S, \qquad \theta(v)\theta(u) = \theta(vu) = \theta(1_R) = 1_S,$$
so $\theta(u) \in S^{\times}$. Thus $\theta(R^{\times}) \subseteq S^{\times}$.

The same argument applied to the inverse isomorphism $\theta^{-1}: S \to R$ gives $\theta^{-1}(S^{\times}) \subseteq R^{\times}$, hence $S^{\times} \subseteq \theta(R^{\times})$. Therefore $\theta(R^{\times}) = S^{\times}$.

Since $\theta$ is a ring homomorphism, its restriction preserves multiplication and the identity, so
$$\theta|_{R^{\times}}: R^{\times} \to S^{\times}$$
is a group homomorphism. It is bijective (being the restriction of a bijection onto its image, with image exactly $S^{\times}$), hence a group isomorphism.

**Step 2: The restriction is a homeomorphism.**

Equip $R^{\times}$ and $S^{\times}$ with the subspace topologies inherited from $R$ and $S$ respectively. A general topological fact: *the restriction of a homeomorphism $f: X \to Y$ to any subspace $A \subseteq X$ is a homeomorphism from $A$ onto $f(A)$ (each carrying the subspace topology).*

Indeed, $f|_A: A \to f(A)$ is a bijection. It is continuous as the restriction of a continuous map to a subspace. Its inverse is $(f^{-1})|_{f(A)}: f(A) \to A$, which is likewise continuous as the restriction of the continuous map $f^{-1}$ to a subspace.

Applying this with $f = \theta$, $X = R$, $Y = S$, $A = R^{\times}$, and using $\theta(R^{\times}) = S^{\times}$ from Step 1, we conclude that
$$\theta|_{R^{\times}}: R^{\times} \to S^{\times}$$
is a homeomorphism.

**Step 3: Conclusion.**

$\theta|_{R^{\times}}$ is simultaneously a group isomorphism and a homeomorphism, hence a topological group isomorphism. $\blacksquare$

### PROOF COMPLETE
DEVIN_CLI_EXITED code=0
