Error: Agent error: Permission denied: Permission denied: Reached overall message rate limit. Please try again later. Your limit will reset in 14 minutes. (trace ID: 998bddf671535f4975658ea934a61a5d): {
  "cognition.ai/errorKind": "internal",
  "cognition.ai/retryable": true
}
Error: Agent error: Permission denied: Permission denied: Reached overall message rate limit. Please try again later. Your limit will reset in 21 minutes. (trace ID: 1201eaee6b724ed1b2d152746567efb7): {
  "cognition.ai/errorKind": "internal",
  "cognition.ai/retryable": true
}
DEVIN_CLI_EXITED code=1
```xml
<audit>
  <analysis_result_key>2271890</analysis_result_key>
  <problem_id>oda_math_460k_00064932</problem_id>
  <audit_status>PASS_NOT_SELECTABLE</audit_status>
  <check_results>
    <A1>PASS: dimension1_verdict is DIRECTION_ERROR, a valid value</A1>
    <A2>PASS: dimension1_explanation is non-empty and well over 50 characters</A2>
    <A3>PASS: dimension2_turning_point_type is "other", a valid value, and d1 is DIRECTION_ERROR so d2 is required</A3>
    <A4>PASS: dimension2_explanation is non-empty and well over 50 characters</A4>
    <A5>PASS: ai_direction_summary is non-empty and describes the AI's actual direction</A5>
    <A6>PASS: standard_solution_key_technique is non-empty and describes a specific technique</A6>
    <B1>PASS: no XML tag leaks found in either explanation</B1>
    <B2>PASS: no template placeholder leaks found in either explanation</B2>
    <B3>PASS: both explanations are well above 50 characters</B3>
    <C1>PASS: d1=DIRECTION_ERROR and d2 has a value, consistent</C1>
    <C2>PASS: d1_exp describes the AI solving an entirely unrelated problem (Dirichlet series instead of projection matrix), which matches the DIRECTION_ERROR label</C2>
    <C3>PASS: d2=other and d2_exp describes elementary linear algebra (projection-matrix identification) which is not any listed number-theoretic category, so "other" is appropriate</C3>
    <D1>FAIL: dimension1_explanation is over 100 characters but contains none of the required action verbs (identified, missed, explored, used, went, attempted, tried, failed, overlooked, ignored)</D1>
    <D2>PASS: dimension2_explanation is over 100 characters and contains mathematical terms (projection matrix, vv^T, a^2/(a^2+b^2), etc.)</D2>
    <D3>PASS: ai_direction_summary describes the specific direction the AI took (Dirichlet series abscissa of convergence with van der Corput, Bohr-Cahen, Euler-Maclaurin)</D3>
    <D4>PASS: standard_solution_key_technique describes the specific technique (entry-by-entry comparison with rank-1 form vv^T/(v^Tv) to recover a:b=4:3, then primitive-vector condition)</D4>
    <E1>UNKNOWN — check via script</E1>
  </check_results>
  <issues_found>D1 fails: dimension1_explanation lacks any of the required action verbs (identified, missed, explored, used, went, attempted, tried, failed, overlooked, ignored)</issues_found>
</audit>
```

### AUDIT COMPLETE
DEVIN_CLI_EXITED code=0
