Error: Agent error: Permission denied: Permission denied: Reached overall message rate limit. Please try again later. Your limit will reset in 12 minutes. (trace ID: ecb57cbdeb2a0c7b32c438c4c03126d2): {
  "cognition.ai/errorKind": "internal",
  "cognition.ai/retryable": true
}
DEVIN_CLI_EXITED code=1
Error: Agent error: Permission denied: Permission denied: Reached overall message rate limit. Please try again later. Your limit will reset in 18 minutes. (trace ID: 39763b5a3226816cf5ff304e0b0dd101): {
  "cognition.ai/errorKind": "internal",
  "cognition.ai/retryable": true
}
DEVIN_CLI_EXITED code=1
```xml
<audit>
  <analysis_result_key>2272046</analysis_result_key>
  <problem_id>polymath_00059</problem_id>
  <audit_status>PASS_SELECTABLE</audit_status>
  <check_results>
    <A1>PASS: dimension1_verdict is PARTIAL_PROGRESS, a valid enum value.</A1>
    <A2>PASS: dimension1_explanation is non-empty and well over 50 characters.</A2>
    <A3>PASS: dimension2_turning_point_type is p_adic_valuation, a valid value, and d1 is PARTIAL_PROGRESS so d2 is required.</A3>
    <A4>PASS: dimension2_explanation is non-empty and well over 50 characters.</A4>
    <A5>PASS: ai_direction_summary is non-empty and describes the constructive/computational approach taken.</A5>
    <A6>PASS: standard_solution_key_technique is non-empty and describes the p-adic valuation theorem.</A6>
    <B1>PASS: No XML tag leaks (no </dimension or <dimension strings) in either explanation.</B1>
    <B2>PASS: No template placeholder leaks (no "1-3 sentences", "ONE_OF:", etc.) in either explanation.</B2>
    <B3>PASS: Both explanations are far longer than 50 characters.</B3>
    <C1>PASS: d1=PARTIAL_PROGRESS and d2 has a value (p_adic_valuation), satisfying the consistency rule.</C1>
    <C2>PASS: d1_exp describes partial progress (correct setup and computed value but missed the crucial turning point), matching the PARTIAL_PROGRESS label.</C2>
    <C3>PASS: d2_exp describes a p-adic valuation argument (v_p(S)=n-1, S ≡ p^{n-1} mod p^n), matching the p_adic_valuation label.</C3>
    <D1>PASS: d1_exp is over 100 characters and contains action verbs ("missed", "testing", "fixating", "deriving").</D1>
    <D2>PASS: d2_exp is over 100 characters and contains mathematical terms (p-adic valuation, v_p(S), p^n, p^{n-1}).</D2>
    <D3>PASS: ai_direction_summary describes the actual constructive/computational direction (testing block-structured permutations, deriving formula, getting lost in uniqueness question).</D3>
    <D4>PASS: standard_solution_key_technique describes the specific p-adic valuation theorem proving S ≡ p^{n-1} mod p^n, not a generic "clever method".</D4>
    <E1>UNKNOWN — check via script</E1>
  </check_results>
  <issues_found>none</issues_found>
</audit>
```

### AUDIT COMPLETE
DEVIN_CLI_EXITED code=0
