## 答案泄漏自检

我扫描了问题文本以查找泄漏的答案、解决方案草图或形式化说明。未发现。继续进行求解。

## 证明

**是的**，这些硬币总是可以被分成总价值相等的三组。

**设定。** 设这 241 枚硬币的价值为正整数 $a_1, a_2, \dots, a_{241}$，且 $\sum a_i = 360$。我们将把它们分成三组，每组的总和为 $120$。

**步骤 1：分类。** 设 $m$ 为价值 $\ge 2$ 的硬币数量；其余 $241 - m$ 枚硬币的价值各为 $1$。设价值 $\ge 2$ 的硬币为 $b_1 \ge b_2 \ge \cdots \ge b_m$。那么：

$$\sum_{i=1}^{m} b_i = 360 - (241 - m) = 119 + m.$$

由于每个 $b_i \ge 2$，我们得到 $2m \le 119 + m$，因此 $m \le 119$，且一元硬币的数量为 $241 - m \ge 122$。

**步骤 2：最大硬币价值。** 任何硬币的价值 $\le 360 - 240 = 120$（因为其余 240 枚硬币的价值 $\ge 1$）。因此，每个 $b_i \le 120$。

**步骤 3：装箱论证（将非一元硬币打包成 3 个容量为 120 的箱子）。** 我们使用 *First-Fit-Decreasing* (FFD) 算法：按价值递减顺序处理硬币 $b_1, b_2, \dots, b_m$，将每枚硬币放入第一个仍有空间的箱子中。

*假设 FFD 在处理硬币 $b_j$ 时失败*，这意味着 $b_j$ 无法放入任何箱子中。那么每个箱子的当前装载量 $> 120 - b_j$，因此总装载量 $> 3(120 - b_j) = 360 - 3b_j$。在 $b_j$ 之前处理的所有硬币都 $\ge b_j$，所以包含 $b_j$ 在内的已处理硬币总和满足：

$$\sum_{i=1}^{j} b_i > (360 - 3b_j) + b_j = 360 - 2b_j.$$

由于所有硬币的总和为 $119 + m \le 238$，我们得到 $360 - 2b_j < 238$，即 $b_j > 61$。

现在，所有已放置的硬币 $b_1, \dots, b_{j-1}$ 都 $> 61$。一个箱子中不可能有两枚这样的硬币（因为 $61 + 61 = 122 > 120$），且每个箱子都必须至少有一枚硬币（其装载量 $> 120 - b_j \ge 0$）。因此，三个箱子中每箱恰好包含一枚硬币，这意味着 $j - 1 = 3$，即 $j = 4$。因此 $b_1, b_2, b_3, b_4 > 61$，得出：

$$b_1 + b_2 + b_3 + b_4 > 4 \times 61 = 244 > 238 \ge 119 + m,$$

这与总和 $\sum b_i = 119 + m$ 矛盾。**因此，FFD 从不会失败**，且非一元硬币可以被分成三组，其总和 $s_1, s_2, s_3$ 满足 $s_i \le 120$ 且 $s_1 + s_2 + s_3 = 119 + m$。

**步骤 4：用一元硬币填充。** 对于第 $i$ 组，添加 $120 - s_i$ 枚价值为 $1$ 的硬币。这是合法的，因为：

- $120 - s_i \ge 0$（因为 $s_i \le 120$），且
- 所需的一元硬币总数 $= \sum_{i=1}^{3}(120 - s_i) = 360 - (119 + m) = 241 - m$，这恰好等于可用的一元硬币数量。

每组现在的总和恰好为 $120$，且所有 241 枚硬币都已用尽（非一元硬币在三个组中，一元硬币作为填充物分配）。这给出了所需的三组等值硬币。 $\blacksquare$

### PROOF COMPLETE
DEVIN_CLI_EXITED code=0
