## Answer Leak Check

The problem statement only asks to calculate the surface area — no solution, proof sketch, or answer value is embedded. No leak detected. Proceeding.

## Setup

- **Cone:** $x^2+y^2=z^2$, i.e. $z=\pm\sqrt{x^2+y^2}$. Let $r=\sqrt{x^2+y^2}$, so the upper nappe is $z=r$ and the lower nappe is $z=-r$.
- **Sphere:** $x^2+y^2+z^2=6z \Rightarrow x^2+y^2+(z-3)^2=9$: center $(0,0,3)$, radius $3$, so $z\in[0,6]$.

## Find the region of the cone inside the sphere

Substitute $x^2+y^2=r^2=z^2$ (on the cone) into the sphere inequality $x^2+y^2+z^2\le 6z$:

$$z^2+z^2\le 6z \;\Longrightarrow\; 2z^2\le 6z \;\Longrightarrow\; z(z-3)\le 0 \;\Longrightarrow\; 0\le z\le 3.$$

**Upper nappe** ($z=r\ge 0$): the condition $0\le z\le 3$ gives $0\le r\le 3$. This is a nontrivial surface patch.

**Lower nappe** ($z=-r\le 0$): the sphere requires $z\ge 0$, so $z=-r\ge 0$ forces $r=0$, i.e. only the origin. No area contribution.

So we only integrate over the upper nappe, $z=\sqrt{x^2+y^2}$, for $r\in[0,3]$.

## Surface area element

For $z=\sqrt{x^2+y^2}=r$:

$$\frac{\partial z}{\partial x}=\frac{x}{r},\qquad \frac{\partial z}{\partial y}=\frac{y}{r},$$

$$dS=\sqrt{1+\left(\frac{\partial z}{\partial x}\right)^2+\left(\frac{\partial z}{\partial y}\right)^2}\,dA=\sqrt{1+\frac{x^2+y^2}{r^2}}\,dA=\sqrt{1+1}\,dA=\sqrt{2}\,dA.$$

In polar coordinates $dA = r\,dr\,d\theta$.

## Integrate

$$A=\iint dS=\sqrt{2}\int_0^{2\pi}\int_0^3 r\,dr\,d\theta=\sqrt{2}\cdot 2\pi\cdot\left[\frac{r^2}{2}\right]_0^3=\sqrt{2}\cdot 2\pi\cdot\frac{9}{2}=9\sqrt{2}\,\pi.$$

## Verification (boundary consistency)

At $z=3$: $r=3$, giving the circle $x^2+y^2=9$ at height $z=3$, which lies on the sphere since $9+9=18=6\cdot 3$. ✓

At $z=0$: $r=0$, the apex (origin), which lies on the sphere since $0=6\cdot 0$. ✓

The cone's half-angle is $45°$, so the slant factor $\sec 45°=\sqrt{2}$ matches the $\sqrt{2}$ obtained above, and the projected disk has radius $3$, area $9\pi$. Multiplying: $9\pi\cdot\sqrt{2}$. ✓

## Result

The surface area of the portion of the cone $x^2+y^2=z^2$ lying inside the sphere $x^2+y^2+z^2=6z$ is

$$\boxed{9\sqrt{2}\,\pi}.$$

### PROOF COMPLETE
DEVIN_CLI_EXITED code=0
