Looking at this problem, I need to find the smallest natural number $n$ whose 2-digit cyclic rotation (moving the last two digits to the front) equals $2n$.

**Answer leak check:** The problem text contains no leaked solutions or proof sketches. Proceeding.

---

## Proof

**Setup.** Let $n = \overline{a_m \cdots a_2 a_1 a_0}$ be a $k$-digit decimal number. The rotation $r = \overline{a_1 a_0 a_m \cdots a_2}$ moves the last two digits to the front. Write $n = 100q + b$, where $b = \overline{a_1 a_0}$ (the last two digits, $10 \le b \le 99$ so that $r$ is also $k$-digit) and $q = \overline{a_m \cdots a_2}$ (the leading $k-2$ digits). Then:

$$r = b \cdot 10^{k-2} + q$$

The condition $r = 2n$ gives:

$$b \cdot 10^{k-2} + q = 2(100q + b) = 200q + 2b$$

$$b(10^{k-2} - 2) = 199q \quad \Longrightarrow \quad q = \frac{b(10^{k-2} - 2)}{199}$$

**Integrality constraint.** Since $199$ is prime and $b \le 99 < 199$, we have $\gcd(b, 199) = 1$, so we need:

$$199 \mid (10^{k-2} - 2), \quad \text{i.e.,} \quad 10^{k-2} \equiv 2 \pmod{199}$$

**Finding the order of 10 mod 199.** Note $100^{-1} \equiv 2 \pmod{199}$ (since $100 \cdot 2 = 200 \equiv 1$). Therefore $10^{-2} \equiv 2 \pmod{199}$, which means:

$$10^{97} \equiv 10^{-2} \equiv 2 \pmod{199} \quad \text{if } 10^{99} \equiv 1 \pmod{199}$$

Verify $10^{99} \equiv 1$: since $10^{97} \equiv 2$, we get $10^{99} = 10^{97} \cdot 10^2 \equiv 2 \cdot 100 = 200 \equiv 1 \pmod{199}$. ✓

The order of 10 mod 199 divides 99 = 3² × 11. Checking proper divisors:
- $10^1 \equiv 10$, $10^3 \equiv 5$, $10^9 \equiv 125$, $10^{11} \equiv 162$, $10^{33} \equiv 92$ (all $\neq 1$)

So the **order of 10 mod 199 is exactly 99**.

**Smallest $k$.** The solutions to $10^t \equiv 2 \pmod{199}$ are $t \equiv 97 \pmod{99}$. The smallest positive $t$ is **97**, giving $k - 2 = 97$, i.e., $k = 99$ digits. No solution exists for $k < 99$.

**Smallest $b$.** Set $M = \frac{10^{97} - 2}{199}$, so $q = bM$. We need $q$ to be a 97-digit number: $10^{96} \le q < 10^{97}$.

Since $M \approx \frac{10^{97}}{199} \approx 5.025 \times 10^{94}$ (a 95-digit number):
- $bM \ge 10^{96}$ requires $b \ge \frac{10^{96}}{M} \approx 19.9$, so $b \ge 20$.
- $bM < 10^{97}$ requires $b < 199$, always satisfied since $b \le 99$.

The smallest valid $b$ is **$b = 20$** (with $a_1 = 2, a_0 = 0$, ensuring $r$ is 99-digit).

**The answer.** With $b = 20$:

$$n = 100q + 20 = 100 \cdot \frac{20(10^{97}-2)}{199} + 20 = \frac{2000(10^{97}-2) + 20 \cdot 199}{199} = \frac{2000 \cdot 10^{97} - 20}{199} = \frac{20(10^{99}-1)}{199}$$

This is a 99-digit number (since $\frac{20}{199} \approx 0.1005$, so $n \approx 1.005 \times 10^{98}$, satisfying $10^{98} < n < 10^{99}$).

**Verification that $r = 2n$:**

$$r = 20 \cdot 10^{97} + q = 20 \cdot 10^{97} + \frac{20(10^{97}-2)}{199} = \frac{20 \cdot 199 \cdot 10^{97} + 20(10^{97}-2)}{199} = \frac{20(200 \cdot 10^{97} - 2)}{199} = \frac{40(10^{99}-1)}{199} = 2n \quad \checkmark$$

**Minimality.** Any solution requires $k \ge 99$ (since 97 is the smallest exponent with $10^t \equiv 2 \pmod{199}$). Among 99-digit solutions, $b = 20$ gives the smallest $n$. No $k > 99$ solution can be smaller (more digits = larger number). Therefore $n = \frac{20(10^{99}-1)}{199}$ is the smallest.

$$\boxed{n = \dfrac{20(10^{99}-1)}{199}}$$

### PROOF COMPLETE
DEVIN_CLI_EXITED code=0
