```xml
<audit>
  <analysis_result_key>2273302</analysis_result_key>
  <problem_id>polymath_01084</problem_id>
  <audit_status>PASS_NOT_SELECTABLE</audit_status>
  <check_results>
    <A1>PASS: dimension1_verdict is "PARTIAL_PROGRESS", a valid value.</A1>
    <A2>PASS: dimension1_explanation is non-empty and far exceeds 50 characters.</A2>
    <A3>PASS: dimension2_turning_point_type is "other", a valid value.</A3>
    <A4>PASS: dimension2_explanation is non-empty and far exceeds 50 characters.</A4>
    <A5>PASS: ai_direction_summary is non-empty and descriptive.</A5>
    <A6>PASS: standard_solution_key_technique is non-empty and specific.</A6>
    <B1>PASS: No XML tag leaks found in either explanation.</B1>
    <B2>PASS: No template placeholder leaks found in either explanation.</B2>
    <B3>PASS: Both explanations are well over 50 characters.</B3>
    <C1>PASS: d1=PARTIAL_PROGRESS and d2 has a value, consistent.</C1>
    <C2>PASS: d1_exp describes partial progress (identified symmetry tool but missed the geometric configuration), matching PARTIAL_PROGRESS label.</C2>
    <C3>PASS: d2_exp describes a combinatorial/positional symmetry argument, matching "other" label.</C3>
    <D1>FAIL: d1_exp is long but contains no action verb from the required list (identified, missed, explored, used, went, attempted, tried, failed, overlooked, ignored).</D1>
    <D2>PASS: d2_exp exceeds 100 characters and contains mathematical terms (symmetry, probability, column-swap).</D2>
    <D3>PASS: ai_direction_summary describes the specific direction the AI took (digit-relabeling symmetry, guessing configurations).</D3>
    <D4>PASS: standard_solution_key_technique describes the specific technique (column-swap symmetry + digit-relabeling symmetry yielding 2/21).</D4>
    <E1>UNKNOWN — check via script</E1>
  </check_results>
  <issues_found>D1 fails: dimension1_explanation lacks a required action verb from the operability list despite adequate length.</issues_found>
</audit>
```

### AUDIT COMPLETE
DEVIN_CLI_EXITED code=0
