## Green's Function for the Exterior of a Disk in ℝ²

**Setup and conventions.** Let $\Omega = \{x \in \mathbb{R}^2 : |x| > R\}$ with boundary $\partial\Omega = \{|x|=R\}$. We seek the Dirichlet Green's function $G(x,y)$ satisfying

$$-\Delta_x G(x,y) = \delta(x-y), \qquad x,y \in \Omega,$$

$$G(x,y) = 0 \quad \text{for } |x| = R, \qquad G(x,y) \text{ bounded as } |x|\to\infty.$$

We use the fundamental solution $\Phi(x,y) = -\dfrac{1}{2\pi}\log|x-y|$, which satisfies $-\Delta_x \Phi = \delta(x-y)$.

**Kelvin inversion.** For a source point $y \in \Omega$ (so $|y|>R$), define its inverse (image) point with respect to the circle $|x|=R$:

$$y^* = \frac{R^2}{|y|^2}\, y, \qquad |y^*| = \frac{R^2}{|y|} < R.$$

The key identity, valid for every $x$ with $|x|=R$, is

$$|x - y^*| = \frac{R}{|y|}\,|x - y|.$$

*Proof of the identity.* With $|x|=R$ and using $y^* = (R^2/|y|^2)y$:
$$|x-y^*|^2 = R^2 + \frac{R^4}{|y|^2} - 2\,\frac{R^2}{|y|^2}\,x\cdot y = \frac{R^2}{|y|^2}\bigl(|y|^2 + R^2 - 2\,x\cdot y\bigr) = \frac{R^2}{|y|^2}|x-y|^2.$$
Taking square roots gives the claim. $\square$

**Construction.** Since $y^*$ lies strictly inside the disk, the function $x \mapsto \log|x-y^*|$ is harmonic throughout $\Omega$. We therefore set

$$G(x,y) = -\frac{1}{2\pi}\log|x-y| + \frac{1}{2\pi}\log|x-y^*| + C(y),$$

where the constant $C(y)$ is chosen to enforce the boundary condition. On $|x|=R$, using the identity above,

$$G\big|_{|x|=R} = -\frac{1}{2\pi}\log|x-y| + \frac{1}{2\pi}\Bigl[\log\frac{R}{|y|} + \log|x-y|\Bigr] + C(y) = \frac{1}{2\pi}\log\frac{R}{|y|} + C(y).$$

Setting this equal to zero gives

$$C(y) = -\frac{1}{2\pi}\log\frac{R}{|y|} = \frac{1}{2\pi}\log\frac{|y|}{R}.$$

**Result.** Substituting $C(y)$,

$$\boxed{\,G(x,y) = \frac{1}{2\pi}\log\!\left(\frac{|y|\,|x - y^*|}{R\,|x - y|}\right), \qquad y^* = \frac{R^2}{|y|^2}\,y,\quad |x|>R,\ |y|>R.\,}$$

**Verification of all required properties.**

1. *PDE.* The term $-\frac{1}{2\pi}\log|x-y|$ contributes $-\Delta_x(\cdot)=\delta(x-y)$. The terms $\frac{1}{2\pi}\log|x-y^*|$ and $\frac{1}{2\pi}\log\frac{|y|}{R}$ are harmonic in $x$ on $\Omega$ (the first because $y^*\notin\Omega$, the second because it is constant in $x$). Hence $-\Delta_x G = \delta(x-y)$ in $\Omega$.

2. *Boundary condition.* As computed above, $G=0$ on $|x|=R$.

3. *Behavior at infinity.* As $|x|\to\infty$, $|x-y^*|/|x-y|\to 1$, so
$$G(x,y) \to \frac{1}{2\pi}\log\frac{|y|}{R},$$
a finite constant. Thus $G$ is bounded at infinity — the correct exterior condition in two dimensions (vanishing at infinity is incompatible with the logarithmic growth of the 2D fundamental solution while simultaneously maintaining $G=0$ on the boundary).

4. *Non-negativity (consistency check).* $G=0$ on $\partial\Omega$, $G\to \frac{1}{2\pi}\log\frac{|y|}{R}>0$ (since $|y|>R$) at infinity, and $G\to+\infty$ as $x\to y$. By the maximum principle for $-\Delta$ on the exterior domain (truncated at $|x|=M$ and letting $M\to\infty$), $G\ge 0$ in $\Omega$, as expected for a Dirichlet Green's function.

**Polar-coordinate form.** Writing $x=(r,\theta)$, $y=(\rho,\phi)$ with $r,\rho>R$ and $y^*=(R^2/\rho,\phi)$:

$$G(x,y) = \frac{1}{4\pi}\log\!\left[\frac{\rho^2}{R^2}\cdot\frac{r^2 + R^4/\rho^2 - 2r(R^2/\rho)\cos(\theta-\phi)}{r^2 + \rho^2 - 2r\rho\cos(\theta-\phi)}\right].$$

This is the Green's function for the exterior of the disk of radius $R$ in $\mathbb{R}^2$.

### PROOF COMPLETE
DEVIN_CLI_EXITED code=0
