## Solution

**Answer leak check:** The problem statement contains no leaked solution, answer value, or proof sketch. Proceeding.

**Claim.** $\mathbb{R}^{2n}\setminus\mathbb{R}^n$ is path connected if and only if $n\ge 2$.

---

### Setup

Identify $\mathbb{R}^{2n}=\mathbb{R}^n\times\mathbb{R}^n$ with coordinates $(x,y)$, $x,y\in\mathbb{R}^n$. The embedded subspace is
$$\mathbb{R}^n=\{(x,0):x\in\mathbb{R}^n\}=\mathbb{R}^n\times\{0\}.$$
Hence
$$\mathbb{R}^{2n}\setminus\mathbb{R}^n=\mathbb{R}^n\times\bigl(\mathbb{R}^n\setminus\{0\}\bigr).$$

Since $\mathbb{R}^n$ is path connected, the product $\mathbb{R}^n\times(\mathbb{R}^n\setminus\{0\})$ is path connected **if and only if** $\mathbb{R}^n\setminus\{0\}$ is path connected (a product $X\times Y$ with $X$ path connected is path connected iff $Y$ is path connected; conversely, if $X\times Y$ is path connected then $Y$, as a continuous image under projection, is path connected).

So the problem reduces to: **for which $n$ is $\mathbb{R}^n\setminus\{0\}$ path connected?**

---

### Case $n=1$: not path connected

$\mathbb{R}\setminus\{0\}=(-\infty,0)\cup(0,+\infty)$ is the disjoint union of two open half-lines. A continuous path from a negative point to a positive point would, by the intermediate value theorem, pass through $0$, which is excluded. Hence $\mathbb{R}\setminus\{0\}$ is not path connected.

Therefore $\mathbb{R}^{2}\setminus\mathbb{R}^1$ is not path connected.

---

### Case $n\ge 2$: path connected

Let $p,q\in\mathbb{R}^n\setminus\{0\}$. We construct a path from $p$ to $q$ avoiding the origin.

**Key observation:** in $\mathbb{R}^n$ with $n\ge 2$, there exists a vector $v\in\mathbb{R}^n$ with $v\ne 0$ such that $v$ is not a scalar multiple of $p$ and not a scalar multiple of $q$. (When $n\ge 2$, the union of the two lines $\mathbb{R}p$ and $\mathbb{R}q$ is a proper subset of $\mathbb{R}^n$, so such a $v$ exists.)

Consider the two-segment polygonal path through the intermediate point $v$:
$$\gamma(t)=\begin{cases}(1-2t)\,p+2t\,v, & 0\le t\le\tfrac12,\\(2-2t)\,v+(2t-1)\,q, & \tfrac12\le t\le 1.\end{cases}$$

- On the first segment, $(1-2t)p+2tv=0$ would require $v=-\frac{1-2t}{2t}\,p$, i.e., $v\in\mathbb{R}p$, contradicting the choice of $v$. So the first segment avoids $0$.
- On the second segment, $(2-2t)v+(2t-1)q=0$ would require $v=-\frac{2t-1}{2-2t}\,q$, i.e., $v\in\mathbb{R}q$, contradicting the choice of $v$. So the second segment avoids $0$.

Thus $\gamma$ is a path in $\mathbb{R}^n\setminus\{0\}$ from $p$ to $q$. Hence $\mathbb{R}^n\setminus\{0\}$ is path connected for $n\ge 2$.

Therefore $\mathbb{R}^{2n}\setminus\mathbb{R}^n$ is path connected for all $n\ge 2$.

---

### Conclusion

$\mathbb{R}^{2n}\setminus\mathbb{R}^n$ is path connected **if and only if $n\ge 2$**. The codimension of $\mathbb{R}^n$ in $\mathbb{R}^{2n}$ is $n$, and the removal of a linear subspace of codimension $\ge 2$ from Euclidean space preserves path connectivity, while codimension $1$ (the case $n=1$) disconnects the space.

### PROOF COMPLETE
DEVIN_CLI_EXITED code=0
