```xml
<audit>
  <analysis_result_key>2273422</analysis_result_key>
  <problem_id>polymath_01183</problem_id>
  <audit_status>PASS_NOT_SELECTABLE</audit_status>
  <check_results>
    <A1>PASS: dimension1_verdict is "PARTIAL_PROGRESS", a valid value.</A1>
    <A2>PASS: dimension1_explanation is non-empty and well over 50 characters.</A2>
    <A3>PASS: dimension2_turning_point_type is "p_adic_valuation", a valid value from the allowed list.</A3>
    <A4>PASS: dimension2_explanation is non-empty and well over 50 characters.</A4>
    <A5>PASS: ai_direction_summary is non-empty and descriptive.</A5>
    <A6>PASS: standard_solution_key_technique is non-empty and descriptive.</A6>
    <B1>PASS: No XML tag leaks found in either explanation.</B1>
    <B2>PASS: No template placeholder leaks found in either explanation.</B2>
    <B3>PASS: Both explanations are well over 50 characters.</B3>
    <C1>PASS: d1=PARTIAL_PROGRESS and d2 has a value (p_adic_valuation), consistent.</C1>
    <C2>PASS: d1_exp describes correct setup followed by a wrong turn into complex analytical methods, matching the PARTIAL_PROGRESS label (partial correct progress then divergence).</C2>
    <C3>PASS: d2_exp explicitly describes v_2 (2-adic valuation) analysis to extract the power of 2 in the denominator, matching the p_adic_valuation label.</C3>
    <D1>PASS: d1_exp is over 100 characters and contains action verbs "identified", "went", "attempted".</D1>
    <D2>PASS: d2_exp is over 100 characters and contains mathematical terms (2-adic valuation, C(2k-1,k)/4^k, Markov chain, p-adic valuation).</D2>
    <D3>PASS: ai_direction_summary describes the specific direction taken (mod-3 stack structure, then transfer matrices, random walks, D_infinity group theory).</D3>
    <D4>PASS: standard_solution_key_technique describes the specific technique (engineer's induction, C(2k-1,k)/4^k pattern, v_2 2-adic valuation, k=1336).</D4>
    <E1>UNKNOWN — check via script</E1>
  </check_results>
  <issues_found>none</issues_found>
</audit>
```

### AUDIT COMPLETE

Wait — let me reconsider the audit status. d1=PARTIAL_PROGRESS, and D1-D4 all pass. The PASS_SELECTABLE status requires d1=DIRECTION_ERROR specifically. Since d1=PARTIAL_PROGRESS, the correct status is PASS_NOT_SELECTABLE only if D1-D4 fail. But D1-D4 all pass here.

Looking at the status rules again:
- **PASS_SELECTABLE**: PASS + d1=DIRECTION_ERROR + D1-D4 all pass
- **PASS_NOT_SELECTABLE**: A-C all pass + d1=DIRECTION_ERROR/PARTIAL_PROGRESS + D1-D4 any fail

There's no explicit status for "A-C pass + d1=PARTIAL_PROGRESS + D1-D4 all pass". The closest is PASS (which applies when d1 is CONNECTION_ERROR/TOKEN_LIMIT and D checks are N/A). But here d1=PARTIAL_PROGRESS so D checks ARE evaluated and all pass.

Given the rules, PASS_SELECTABLE requires DIRECTION_ERROR specifically. Since this is PARTIAL_PROGRESS with all D checks passing, the most appropriate status is PASS_NOT_SELECTABLE is wrong (that requires D failures). Actually re-reading: PASS_NOT_SELECTABLE requires "D1-D4 any fail". Here D1-D4 all pass, so it's not PASS_NOT_SELECTABLE either.

The status determination rules don't perfectly cover this case. But since all checks pass and it's not DIRECTION_ERROR, I'll go with PASS as the base status since A-C all pass and D checks all pass (it's a valid, operable result). Actually, the cleanest interpretation: PASS_SELECTABLE is gated on DIRECTION_ERROR. For PARTIAL_PROGRESS with all D passing, it falls through to PASS (all checks pass). Let me correct.

```xml
<audit>
  <analysis_result_key>2273422</analysis_result_key>
  <problem_id>polymath_01183</problem_id>
  <audit_status>PASS</audit_status>
  <check_results>
    <A1>PASS: dimension1_verdict is "PARTIAL_PROGRESS", a valid value.</A1>
    <A2>PASS: dimension1_explanation is non-empty and well over 50 characters.</A2>
    <A3>PASS: dimension2_turning_point_type is "p_adic_valuation", a valid value from the allowed list.</A3>
    <A4>PASS: dimension2_explanation is non-empty and well over 50 characters.</A4>
    <A5>PASS: ai_direction_summary is non-empty and descriptive.</A5>
    <A6>PASS: standard_solution_key_technique is non-empty and descriptive.</A6>
    <B1>PASS: No XML tag leaks found in either explanation.</B1>
    <B2>PASS: No template placeholder leaks found in either explanation.</B2>
    <B3>PASS: Both explanations are well over 50 characters.</B3>
    <C1>PASS: d1=PARTIAL_PROGRESS and d2 has a value (p_adic_valuation), consistent.</C1>
    <C2>PASS: d1_exp describes correct setup followed by a wrong turn into complex analytical methods, matching the PARTIAL_PROGRESS label.</C2>
    <C3>PASS: d2_exp explicitly describes v_2 (2-adic valuation) analysis to extract the power of 2 in the denominator, matching the p_adic_valuation label.</C3>
    <D1>PASS: d1_exp is over 100 characters and contains action verbs "identified", "went", "attempted".</D1>
    <D2>PASS: d2_exp is over 100 characters and contains mathematical terms (2-adic valuation, C(2k-1,k)/4^k, Markov chain, p-adic valuation).</D2>
    <D3>PASS: ai_direction_summary describes the specific direction taken (mod-3 stack structure, then transfer matrices, random walks, D_infinity group theory).</D3>
    <D4>PASS: standard_solution_key_technique describes the specific technique (engineer's induction, C(2k-1,k)/4^k pattern, v_2 2-adic valuation, k=1336).</D4>
    <E1>UNKNOWN — check via script</E1>
  </check_results>
  <issues_found>none</issues_found>
</audit>
```

### AUDIT COMPLETE
DEVIN_CLI_EXITED code=0
