I'll solve this directly. Let me work through the eigenmatrix computation for both graph families.

## Answer Leak Check

The problem statement contains only the graph parameters (no solutions, proof sketches, or answer values). No leak detected. Proceeding.

---

## Proof

A 2-class association scheme has relations $R_0$ (identity), $R_1$ (the graph), $R_2$ (complement), with adjacency matrices $A_0 = I$, $A_1$, $A_2 = J - I - A_1$. The first eigenmatrix $P$ has $P_{ij}$ = eigenvalue of $A_i$ on the $j$-th eigenspace $V_j$; the second eigenmatrix $Q$ (with $E_j = \frac{1}{v}\sum_i Q_{ji} A_i$) satisfies $PQ = vI$, with $Q_{j0} = m_j$ (multiplicity) and $Q_{0i} = 1$.

### Latin Square Graphs

Parameters: $v = n^2$, $k = r(n-1)$, $\lambda = (n-2)+(r-1)(r-2)$, $\mu = r(r-1)$.

**Eigenvalues of $A_1$.** For a SRG$(v,k,\lambda,\mu)$, the nontrivial eigenvalues are $\frac{(\lambda-\mu)\pm\sqrt{(\lambda-\mu)^2+4(k-\mu)}}{2}$.

$$\lambda - \mu = (n-2)+(r-1)(r-2)-r(r-1) = (n-2)-2(r-1) = n-2r,$$
$$k - \mu = r(n-1)-r(r-1) = r(n-r),$$
$$(\lambda-\mu)^2+4(k-\mu) = (n-2r)^2+4r(n-r) = n^2-4nr+4r^2+4rn-4r^2 = n^2.$$

So $\sqrt{\cdot} = n$, giving eigenvalues $r_1 = \frac{(n-2r)+n}{2} = n-r$ and $s_1 = \frac{(n-2r)-n}{2} = -r$.

**Multiplicities.** From $m_1+m_2 = n^2-1$ and $k + m_1 r_1 + m_2 s_1 = 0$:
$$r(n-1) + m_1(n-r) - r(n^2-1-m_1) = 0 \implies m_1 n + r(n-n^2) = 0 \implies m_1 = r(n-1).$$
$$m_2 = n^2-1-r(n-1) = (n-1)(n+1-r).$$

Note $m_1 = k = r(n-1)$ and $m_2 = v-1-k = (n-1)(n+1-r)$, so $m_i = k_i$ for all $i$ (pseudocyclic / self-dual property).

**Eigenvalues of $A_2 = J-I-A_1$:** $v-1-k = (n-1)(n+1-r)$, $-1-r_1 = r-n-1$, $-1-s_1 = r-1$.

**First eigenmatrix:**
$$P = \begin{pmatrix} 1 & 1 & 1 \\ r(n-1) & n-r & -r \\ (n-1)(n+1-r) & r-n-1 & r-1 \end{pmatrix}.$$

**Second eigenmatrix.** Using $Q_{ji} = \frac{m_j}{k_i}P_{ij}$ and $m_i = k_i$: since $k_0=m_0=1$, $k_1=m_1=r(n-1)$, $k_2=m_2=(n-1)(n+1-r)$, one verifies $Q_{ji} = P_{ji}$ for all $j,i$ (e.g., $Q_{21} = \frac{m_2}{k_1}P_{12} = \frac{(n-1)(n+1-r)}{r(n-1)}(-r) = -(n+1-r) = r-n-1 = P_{21}$). Direct check: $(P^2)_{00} = 1 + r(n-1) + (n-1)(n+1-r) = 1+(n-1)(n+1) = n^2 = v$, and similarly all entries give $P^2 = n^2 I$, confirming $Q = vP^{-1} = P$.

$$Q = \begin{pmatrix} 1 & 1 & 1 \\ r(n-1) & n-r & -r \\ (n-1)(n+1-r) & r-n-1 & r-1 \end{pmatrix} = P.$$

### Negative Latin Square Graphs

The negative Latin square graph $NL_r(n)$ is obtained by the formal substitution $n \to -n$, $r \to -r$ applied to the Latin square graph parameters and eigenstructure. Verify the given parameters:
- $v = (-n)^2 = n^2$ ✓
- $k = (-r)(-n-1) = r(n+1)$ ✓
- $\mu = (-r)(-r-1) = r(r+1)$ ✓
- $\lambda = (-n-2)+(-r-1)(-r-2) = (r+1)(r+2)-(n+2)$ ✓

**Direct eigenvalue computation** (sanity check): $\lambda-\mu = 2r-n$, $k-\mu = r(n-r)$, discriminant $= (2r-n)^2+4r(n-r) = n^2$, giving eigenvalues $r$ and $r-n$.

**Applying the substitution** $n\to -n, r\to -r$ to the Latin $P$ (and using $v = (-n)^2 = n^2$ so $PQ = vI$ is preserved):

- Row 0: $[1,1,1]$ (unchanged).
- Row 1: $[r(n-1),\, n-r,\, -r] \to [(-r)(-n-1),\, -n+r,\, r] = [r(n+1),\, r-n,\, r]$.
- Row 2: $[(n-1)(n+1-r),\, r-n-1,\, r-1] \to [(-n-1)(-n+1+r),\, -r+n-1,\, -r-1] = [(n+1)(n-r-1),\, n-r-1,\, -r-1]$.

The multiplicities transform as $m_1 \to r(n+1) = k$ and $m_2 \to (n+1)(n-r-1) = v-1-k$, preserving $m_i = k_i$. The self-duality $P = Q$ is preserved since $P^2 = (-n)^2 I = n^2 I$ holds under the formal substitution (verified: $(P^2)_{00} = 1 + r(n+1) + (n+1)(n-r-1) = 1+(n+1)(n-1) = n^2$).

**Eigenmatrices for negative Latin square graphs:**
$$P = Q = \begin{pmatrix} 1 & 1 & 1 \\ r(n+1) & r-n & r \\ (n+1)(n-r-1) & n-r-1 & -r-1 \end{pmatrix}.$$

### Summary

Both families yield self-dual 2-class association schemes ($P = Q$):

**Latin square graphs** $\mathrm{L}_r(n)$:
$$\boxed{P = Q = \begin{pmatrix} 1 & 1 & 1 \\ r(n-1) & n-r & -r \\ (n-1)(n+1-r) & r-n-1 & r-1 \end{pmatrix}}$$

**Negative Latin square graphs** $\mathrm{NL}_r(n)$:
$$\boxed{P = Q = \begin{pmatrix} 1 & 1 & 1 \\ r(n+1) & r-n & r \\ (n+1)(n-r-1) & n-r-1 & -r-1 \end{pmatrix}}$$

The second is obtained from the first by the substitution $(n,r)\to(-n,-r)$, which preserves $v = n^2$ and the self-duality $P = Q$ (equivalently $P^2 = vI$).

### PROOF COMPLETE
DEVIN_CLI_EXITED code=0
