Looking at this problem, I need to prove:
$$2XY\sum_{i,j}|x_i - y_j| \geq X^2\sum_{j,l}|y_j - y_l| + Y^2\sum_{i,k}|x_i - x_k|$$

**Answer Leak Check:** The problem statement contains only the problem to be proved — no solutions, sketches, or leaked answers. Proceeding.

---

**Proof.**

**Step 1: Reduce via the identity $|a-b| = a + b - 2\min(a,b)$.**

For positive reals, $|a - b| = a + b - 2\min(a,b)$. Define:
$$S_{xy} = \sum_{i=1}^m\sum_{j=1}^n \min(x_i, y_j), \quad S_{xx} = \sum_{i,k=1}^m \min(x_i, x_k), \quad S_{yy} = \sum_{j,l=1}^n \min(y_j, y_l).$$

Then:
- $\sum_{i,j}|x_i - y_j| = nX + mY - 2S_{xy}$,
- $\sum_{j,l}|y_j - y_l| = 2nY - 2S_{yy}$,
- $\sum_{i,k}|x_i - x_k| = 2mX - 2S_{xx}$.

Substituting:

$$\text{LHS} = 2XY(nX + mY - 2S_{xy}) = 2nX^2Y + 2mXY^2 - 4XY\cdot S_{xy},$$

$$\text{RHS} = X^2(2nY - 2S_{yy}) + Y^2(2mX - 2S_{xx}) = 2nX^2Y + 2mXY^2 - 2X^2 S_{yy} - 2Y^2 S_{xx}.$$

Therefore:

$$\text{LHS} - \text{RHS} = 2\bigl(X^2 S_{yy} + Y^2 S_{xx} - 2XY\cdot S_{xy}\bigr).$$

It suffices to prove:

$$X^2 S_{yy} + Y^2 S_{xx} \geq 2XY\cdot S_{xy}. \tag{$\star$}$$

**Step 2: Integral representation and Cauchy–Schwarz.**

For positive reals $a, b$:
$$\min(a, b) = \int_0^\infty \mathbf{1}[a > t]\,\mathbf{1}[b > t]\,dt.$$

Set $A(t) = \#\{i : x_i > t\}$ and $B(t) = \#\{j : y_j > t\}$. Then:

$$S_{xy} = \int_0^\infty A(t)\,B(t)\,dt, \quad S_{xx} = \int_0^\infty A(t)^2\,dt, \quad S_{yy} = \int_0^\infty B(t)^2\,dt.$$

By the **Cauchy–Schwarz inequality**:

$$S_{xy}^2 = \left(\int_0^\infty A(t)\,B(t)\,dt\right)^2 \leq \left(\int_0^\infty A(t)^2\,dt\right)\left(\int_0^\infty B(t)^2\,dt\right) = S_{xx}\,S_{yy}. \tag{$\dagger$}$$

**Step 3: AM-GM combines with Cauchy–Schwarz.**

Since $X, Y > 0$ and $S_{xx}, S_{yy} \geq 0$, the **AM-GM inequality** gives:

$$X^2 S_{yy} + Y^2 S_{xx} \geq 2\sqrt{X^2 S_{yy} \cdot Y^2 S_{xx}} = 2XY\sqrt{S_{xx}\,S_{yy}}.$$

By $(\dagger)$, $\sqrt{S_{xx}\,S_{yy}} \geq S_{xy}$, so:

$$X^2 S_{yy} + Y^2 S_{xx} \geq 2XY\sqrt{S_{xx}\,S_{yy}} \geq 2XY\cdot S_{xy}.$$

This establishes $(\star)$, and hence $\text{LHS} - \text{RHS} \geq 0$, completing the proof. $\blacksquare$

### PROOF COMPLETE
DEVIN_CLI_EXITED code=0
