## Solution

We compute $\operatorname{Tor}_1^R\!\big(R/(x),\; R/(x)\oplus R/(y,z)\big)$ for the formal power series ring $R = k[[x,y,z]]$.

**Answer-leak check:** The problem statement contains only the problem to be solved; no solution, hint, or formalization note is present. Proceeding.

---

### Step 1. Additivity in the second argument

$\operatorname{Tor}$ is additive in each variable, so

$$\operatorname{Tor}_1^R\!\big(R/(x),\, R/(x)\oplus R/(y,z)\big)\;\cong\;\operatorname{Tor}_1^R\!\big(R/(x),R/(x)\big)\;\oplus\;\operatorname{Tor}_1^R\!\big(R/(x),R/(y,z)\big).$$

We compute the two summands separately.

---

### Step 2. A free resolution of $R/(x)$

Since $x$ is a non‑zerodivisor in the domain $R=k[[x,y,z]]$, the quotient $R/(x)$ has the length‑one free resolution

$$0 \longrightarrow R \xrightarrow{\;\cdot x\;} R \longrightarrow R/(x) \longrightarrow 0.$$

---

### Step 3. $\operatorname{Tor}_1^R(R/(x),R/(x))$

Tensor the resolution with $R/(x)$:

$$0 \longrightarrow R/(x) \xrightarrow{\;\cdot x\;} R/(x) \longrightarrow 0.$$

Multiplication by $x$ on $R/(x)$ is the zero map (since $x=0$ in $R/(x)$). Hence

$$\operatorname{Tor}_1^R(R/(x),R/(x)) = \ker(\cdot x : R/(x)\to R/(x)) \big/ \operatorname{im}(0) = R/(x).$$

---

### Step 4. $\operatorname{Tor}_1^R(R/(x),R/(y,z))$

Tensor the same resolution with $R/(y,z)$:

$$0 \longrightarrow R/(y,z) \xrightarrow{\;\cdot x\;} R/(y,z) \longrightarrow 0.$$

Now $R/(y,z)\cong k[[x]]$, a one‑dimensional regular local ring (a DVR), and $x$ is its uniformizer — in particular a **non‑zerodivisor**. Therefore multiplication by $x$ on $R/(y,z)$ is injective, giving

$$\operatorname{Tor}_1^R(R/(x),R/(y,z)) = \ker(\cdot x : R/(y,z)\to R/(y,z)) = 0.$$

---

### Step 5. Combine

$$\operatorname{Tor}_1^R\!\big(R/(x),\, R/(x)\oplus R/(y,z)\big)\;\cong\; R/(x)\;\oplus\; 0 \;\cong\; R/(x).$$

Since $R/(x)\cong k[[y,z]]$, the result is (up to isomorphism) the formal power series ring in two variables $k[[y,z]]$.

---

**Conclusion.**

$$\boxed{\operatorname{Tor}_1^R\!\big(R/(x),\, R/(x)\oplus R/(y,z)\big)\;\cong\; R/(x)\;\cong\; k[[y,z]].}$$

### PROOF COMPLETE
DEVIN_CLI_EXITED code=0
