I'll solve this directly in the TUI. Let me first check for answer leaks — the problem text contains only the problem statement and constraints, no solutions or answer values. No leak detected.

## Proof

We wish to compute
$$L = \lim_{n\to\infty} n^{2020}\int_0^{\pi/2}\bigl[(\sin x)^n(\pi/2-x)^n\bigr]\,dx = \lim_{n\to\infty} n^{2020}\int_0^{\pi/2} \varphi(x)^n\,dx,$$
where $\varphi(x) = \sin x\cdot(\pi/2 - x)$.

**Key observation: $\varphi$ is bounded strictly below $1$ on $[0,\pi/2]$.**

For $x\in[0,\pi/2]$ we use the standard inequality $\sin x \le x$ (valid for $x\ge 0$). Hence
$$\varphi(x) = \sin x\cdot(\pi/2 - x) \le x(\pi/2 - x).$$
The quadratic $x(\pi/2 - x) = \frac{\pi}{2}x - x^2$ attains its maximum on $[0,\pi/2]$ at $x = \pi/4$, with value
$$\max_{[0,\pi/2]} x(\pi/2-x) = \frac{\pi}{4}\cdot\frac{\pi}{4} = \frac{\pi^2}{16}.$$
Since $\pi^2 \approx 9.87 < 16$, we have
$$M := \frac{\pi^2}{16} < 1, \qquad\text{so}\qquad 0 \le \varphi(x) \le M < 1 \;\;\text{for all } x\in[0,\pi/2].$$

**Bounding the integral.** Since $0\le\varphi(x)\le M<1$,
$$0 \le \int_0^{\pi/2}\varphi(x)^n\,dx \le \int_0^{\pi/2} M^n\,dx = \frac{\pi}{2}\,M^n.$$
Multiplying by $n^{2020}\ge 0$,
$$0 \le n^{2020}\int_0^{\pi/2}\varphi(x)^n\,dx \le \frac{\pi}{2}\,n^{2020}\,M^n.$$

**The upper bound tends to $0$.** Because $0 < M < 1$, write $M = e^{-\alpha}$ with $\alpha = -\ln M > 0$. Then
$$n^{2020} M^n = n^{2020} e^{-\alpha n} = \exp\!\bigl(2020\ln n - \alpha n\bigr).$$
Since $\alpha n$ grows linearly while $2020\ln n$ grows only logarithmically, $2020\ln n - \alpha n \to -\infty$, and therefore
$$n^{2020} M^n \to 0 \quad\text{as } n\to\infty.$$
Consequently $\frac{\pi}{2}\,n^{2020}M^n \to 0$ as well.

**Conclusion by the squeeze theorem.** The non-negative quantity $n^{2022}\int_0^{\pi/2}\varphi(x)^n\,dx$ is squeezed between $0$ and a sequence tending to $0$, so
$$\boxed{L = \lim_{n\to\infty} n^{2020}\int_0^{\pi/2}\bigl[(\sin x)^n(\pi/2-x)^n\bigr]\,dx = 0.}$$

The essential reason is that the integrand $\bigl[\sin x\cdot(\pi/2-x)\bigr]^n$ is uniformly bounded by $M^n$ with $M=\pi^2/16<1$, so the integral decays exponentially in $n$, which dominates any polynomial growth $n^{2020}$.

### PROOF COMPLETE
DEVIN_CLI_EXITED code=0
