## Proof

We show that for $s > \tfrac{1}{2}$, every $f \in H^s(\mathbb{T})$ admits a continuous representative. The key tool is absolute convergence of the Fourier series, which follows from the Cauchy–Schwarz inequality and the summability of $(1+n^2)^{-s}$.

---

**Setup.** Identify $\mathbb{T} = [-\pi,\pi]/\!\sim$ with the normalized measure $dx/(2\pi)$. The Sobolev space $H^s(\mathbb{T})$ consists of (equivalence classes of) $L^2$ functions whose Fourier coefficients
$$\hat f(n) = \frac{1}{2\pi}\int_{-\pi}^{\pi} f(x)\,e^{-inx}\,dx,\qquad n\in\mathbb Z,$$
satisfy the finiteness condition
$$\|f\|_{H^s}^2 := \sum_{n\in\mathbb Z}(1+n^2)^s\,|\hat f(n)|^2 < \infty.$$

**Step 1: A summable weight.** For $s>\tfrac12$,
$$\sum_{n\in\mathbb Z}(1+n^2)^{-s} < \infty,$$
because $(1+n^2)^{-s}\sim |n|^{-2s}$ as $|n|\to\infty$ and $\sum_{n\neq 0}|n|^{-2s}$ converges iff $2s>1$, which holds by hypothesis. Set
$$C_s := \Bigl(\sum_{n\in\mathbb Z}(1+n^2)^{-s}\Bigr)^{1/2}<\infty.$$

**Step 2: Absolute summability of Fourier coefficients.** By the Cauchy–Schwarz inequality applied to the sequences $a_n=(1+n^2)^{-s/2}$ and $b_n=(1+n^2)^{s/2}|\hat f(n)|$,
$$\sum_{n\in\mathbb Z}|\hat f(n)|
= \sum_{n\in\mathbb Z}(1+n^2)^{-s/2}\,(1+n^2)^{s/2}|\hat f(n)|
\le \Bigl(\sum_{n\in\mathbb Z}(1+n^2)^{-s}\Bigr)^{1/2}\Bigl(\sum_{n\in\mathbb Z}(1+n^2)^{s}|\hat f(n)|^2\Bigr)^{1/2}
= C_s\,\|f\|_{H^s}.$$
Since $f\in H^s(\mathbb T)$, the right-hand side is finite, hence
$$\sum_{n\in\mathbb Z}|\hat f(n)|<\infty.$$

**Step 3: Uniform convergence to a continuous function.** Consider the symmetric partial sums
$$S_N(x)=\sum_{|n|\le N}\hat f(n)\,e^{inx}.$$
Each $S_N$ is continuous (a trigonometric polynomial). By the Weierstrass $M$-test with $M_n=|\hat f(n)|$ and Step 2, the series $\sum_n \hat f(n)e^{inx}$ converges **absolutely and uniformly** on $[-\pi,\pi]$. The uniform limit of continuous functions is continuous, so
$$g(x):=\sum_{n\in\mathbb Z}\hat f(n)\,e^{inx}\in C([-\pi,\pi]).$$
Moreover $g(-\pi)=g(\pi)$ (each $e^{inx}$ is $2\pi$-periodic and convergence is uniform), so $g$ descends to a continuous function on $\mathbb T$.

**Step 4: $g=f$ a.e.** The partial sums $S_N$ converge to $g$ in $L^2(\mathbb T)$ as well, since uniform convergence implies $L^2$ convergence. But $S_N$ is precisely the $N$-th Fourier partial sum of $f$, and standard Fourier theory gives $S_N\to f$ in $L^2(\mathbb T)$. Uniqueness of $L^2$ limits yields $g=f$ in $L^2$, hence $g=f$ almost everywhere.

---

**Conclusion.** Yes. For every $s>\tfrac12$ and every $f\in H^s(\mathbb T)$, the Fourier series of $f$ converges absolutely and uniformly to a continuous function $g\in C([-\pi,\pi])$ with $g=f$ a.e. Equivalently, the Sobolev embedding $H^s(\mathbb T)\hookrightarrow C(\mathbb T)$ holds for all $s>\tfrac12$.

### PROOF COMPLETE
DEVIN_CLI_EXITED code=0
