## Problem

Find $\limsup x_n$ and $\liminf x_n$ for $x_n = n\sin n$ and explain the reason.

## Proof

**Claim:** $\limsup_{n\to\infty} n\sin n = +\infty$ and $\liminf_{n\to\infty} n\sin n = -\infty$.

**Key tool — Weyl's equidistribution theorem.** If $\alpha$ is irrational, the sequence $\{n\alpha\}$ (fractional parts) is equidistributed modulo $1$; in particular it is dense in $[0,1)$.

Since $\frac{1}{2\pi}$ is irrational, the sequence of fractional parts $\left\{\frac{n}{2\pi}\right\}$ is equidistributed mod $1$. Equivalently, $n \pmod{2\pi}$ is equidistributed (hence dense) in $[0, 2\pi)$.

---

**Step 1: $\sin n$ is dense in $[-1,1]$.**

The map $t \mapsto \sin t$ is continuous and surjective from $[0,2\pi)$ onto $[-1,1]$. Since $\{n \bmod 2\pi\}$ is dense in $[0,2\pi)$, the image $\{\sin n : n \in \mathbb{N}\}$ is dense in $[-1,1]$.

---

**Step 2: $\limsup n\sin n = +\infty$.**

Consider the open arc $A^+ = \{t \in [0,2\pi) : \sin t > \tfrac{1}{2}\} = (\tfrac{\pi}{6}, \tfrac{5\pi}{6})$, which has measure $\tfrac{2\pi}{3}$.

By equidistribution, the asymptotic density of the set $S^+ = \{n \in \mathbb{N} : n \bmod 2\pi \in A^+\}$ is

$$\frac{|A^+|}{2\pi} = \frac{2\pi/3}{2\pi} = \frac{1}{3} > 0.$$

Hence $S^+$ is **infinite and unbounded**: there are arbitrarily large $n$ with $\sin n > \tfrac{1}{2}$. For every such $n$,

$$n\sin n > \frac{n}{2}.$$

Given any $M > 0$, choose $n \in S^+$ with $n > 2M$; then $n\sin n > M$. Since $S^+$ is unbounded, this holds for arbitrarily large $n$, so

$$\limsup_{n\to\infty} n\sin n = +\infty.$$

---

**Step 3: $\liminf n\sin n = -\infty$.**

Consider the arc $A^- = \{t \in [0,2\pi) : \sin t < -\tfrac{1}{2}\} = (\tfrac{7\pi}{6}, \tfrac{11\pi}{6})$, of measure $\tfrac{2\pi}{3}$.

By the same equidistribution argument, the set $S^- = \{n \in \mathbb{N} : n \bmod 2\pi \in A^-\}$ has asymptotic density $\frac{1}{3} > 0$, so it is infinite and unbounded. For every $n \in S^-$,

$$n\sin n < -\frac{n}{2}.$$

Given any $M > 0$, choose $n \in S^-$ with $n > 2M$; then $n\sin n < -M$. Since $S^-$ is unbounded,

$$\liminf_{n\to\infty} n\sin n = -\infty.$$

---

**Reason (summary).** The irrationality of $1/(2\pi)$ makes $\{n \bmod 2\pi\}$ equidistributed (Weyl) and hence dense in $[0,2\pi)$. Consequently $\sin n$ returns infinitely often to values $> 1/2$ and $< -1/2$, with the visiting $n$'s growing without bound. Multiplying by the unbounded factor $n$ then forces $n\sin n$ to be unbounded above and below, giving $\limsup = +\infty$ and $\liminf = -\infty$.

$$\boxed{\limsup_{n\to\infty} n\sin n = +\infty, \qquad \liminf_{n\to\infty} n\sin n = -\infty.}$$

### PROOF COMPLETE
DEVIN_CLI_EXITED code=0
