我来分析这道群论题。首先读取乘法表，然后计算元素阶分布来识别群的类型。## 解答

### 第一步：计算元素阶分布

根据乘法表逐个计算元素的阶：

| 元素 | 幂运算 | 阶 |
|------|--------|-----|
| $e$ | $e$ | 1 |
| $\alpha$ | $\alpha^2=\eta,\ \alpha^3=\beta,\ \alpha^4=e$ | 4 |
| $\eta$ | $\eta^2=e$ | 2 |
| $\beta$ | $\beta^2=\eta,\ \beta^3=\alpha,\ \beta^4=e$ | 4 |
| $\gamma$ | $\gamma^2=e$ | 2 |
| $\zeta$ | $\zeta^2=\eta,\ \zeta^3=\delta,\ \zeta^4=e$ | 4 |
| $\varepsilon$ | $\varepsilon^2=e$ | 2 |
| $\delta$ | $\delta^2=\eta,\ \delta^3=\zeta,\ \delta^4=e$ | 4 |

**阶分布**：1 个 1 阶 + 3 个 2 阶 + 4 个 4 阶 = 8 个元素。

### 第二步：通过阶分布识别群的同构类型

8 阶群共有 5 个（3 个 Abel 群 + 2 个非 Abel 群），其阶分布分别为：

| 群 | 1阶 | 2阶 | 4阶 | 8阶 |
|----|-----|-----|-----|-----|
| $\mathbb{Z}_8$ | 1 | 1 | 2 | 4 |
| $\mathbb{Z}_4 \times \mathbb{Z}_2$ | **1** | **3** | **4** | 0 |
| $\mathbb{Z}_2^3$ | 1 | 7 | 0 | 0 |
| $D_4$（二面体群） | 1 | 5 | 2 | 0 |
| $Q_8$（四元数群） | 1 | 1 | 6 | 0 |

我们的群阶分布为 $\{1:1,\ 2:3,\ 4:4\}$，**唯一匹配 $\mathbb{Z}_4 \times \mathbb{Z}_2$**。

### 第三步：Abel 群性质

$\mathbb{Z}_4 \times \mathbb{Z}_2$ 是 **Abel 群**（交换群）。我通过程序验证了乘法表的对称性：对所有 $i, j$，$g_i \cdot g_j = g_j \cdot g_i$ 均成立。

### 第四步：正规子群判定

**关键定理**：Abel 群的每个子群都是正规子群。

**证明**：设 $G$ 是 Abel 群，$H$ 是 $G$ 的任意子群。对任意 $g \in G$ 和 $h \in H$：
$$ghg^{-1} = gg^{-1}h = h \in H$$
因此 $gHg^{-1} \subseteq H$，且由 $h = g(g^{-1}hg)g^{-1}$ 知 $H \subseteq gHg^{-1}$，故 $gHg^{-1} = H$。

**直接验证**：我对所有 $g \in G$ 逐一计算了 $gHg^{-1}$，结果均为 $\{e, \gamma\} = H$。例如：
- $g = \alpha$：$\alpha \cdot \gamma \cdot \alpha^{-1} = \alpha \cdot \gamma \cdot \beta = \zeta \cdot \beta = \gamma \in H$ ✓
- $g = \zeta$：$\zeta \cdot \gamma \cdot \zeta^{-1} = \zeta \cdot \gamma \cdot \delta = \alpha \cdot \delta = \gamma \in H$ ✓

### 结论

$G \cong \mathbb{Z}_4 \times \mathbb{Z}_2$ 是 Abel 群，其所有子群都是正规子群。因此 $H = \{e, \gamma\}$ 是 $G$ 的正规子群。

$$\boxed{\text{是}}$$

**理由**：群 $G$ 的阶分布为 1 个 1 阶、3 个 2 阶、4 个 4 阶元素，与 $\mathbb{Z}_4 \times \mathbb{Z}_2$ 唯一匹配，故 $G$ 是 Abel 群。Abel 群中每个子群都是正规子群（因为 $ghg^{-1} = h$ 对所有 $g, h$ 成立），所以 $H = \{e, \gamma\}$ 是 $G$ 的正规子群。证毕。
计算验证完毕。以下是完整的推理过程。

## 解题过程

### 第一步：确定各元素的阶

从乘法表逐行计算每个元素的幂：

| 元素 | 幂运算 | 阶 |
|------|--------|-----|
| $e$ | $e$ | 1 |
| $\alpha$ | $\alpha^2=\eta,\ \alpha^3=\beta,\ \alpha^4=e$ | 4 |
| $\eta$ | $\eta^2=e$ | 2 |
| $\beta$ | $\beta^2=\eta,\ \beta^3=\alpha,\ \beta^4=e$ | 4 |
| $\gamma$ | $\gamma^2=e$ | 2 |
| $\zeta$ | $\zeta^2=\eta,\ \zeta^3=\delta,\ \zeta^4=e$ | 4 |
| $\varepsilon$ | $\varepsilon^2=e$ | 2 |
| $\delta$ | $\delta^2=\eta,\ \delta^3=\zeta,\ \delta^4=e$ | 4 |

**阶分布**：1 个 1 阶元素，3 个 2 阶元素（$\eta, \gamma, \varepsilon$），4 个 4 阶元素（$\alpha, \beta, \zeta, \delta$）。

### 第二步：识别群的同构类型（沿探索方向）

8 阶群共有 5 个（3 个 Abel 群 + 2 个非 Abel 群）。按阶分布逐一排除：

- $\mathbb{Z}_8$：有 4 个 **8 阶**元素 → 不符（本群无 8 阶元素）
- $\mathbb{Z}_2^3$：7 个 2 阶元素 → 不符（本群仅 3 个）
- $D_4$（二面体群）：5 个 2 阶 + 2 个 4 阶 → 不符，且非 Abel
- $Q_8$（四元数群）：1 个 2 阶 + 6 个 4 阶 → 不符，且非 Abel
- $\mathbb{Z}_4 \times \mathbb{Z}_2$：**1 个 1 阶 + 3 个 2 阶 + 4 个 4 阶** → ✅ 完全吻合

因此 $G \cong \mathbb{Z}_4 \times \mathbb{Z}_2$，这是一个 **Abel 群**。

### 第三步：验证 Abel 性

逐对检查 $xy = yx$（计算已验证全部 $8 \times 8 = 64$ 对），结果：**所有元素两两可换**，$G$ 确实是 Abel 群。

等价地，所有共轭类均为单元素集：对任意 $g, x \in G$，$gxg^{-1} = x$。

### 第四步：判断 $H$ 是否正规

$H = \{e, \gamma\}$，其中 $\gamma$ 是 2 阶元素。

**关键定理**：Abel 群的**每个**子群都是正规子群。

**证明**：对任意 $g \in G$ 和任意 $h \in H$，由于 $G$ 是 Abel 群，
$$ghg^{-1} = gg^{-1}h = h \in H$$
因此 $gHg^{-1} = H$ 对所有 $g \in G$ 成立。

**具体验证**（计算已逐元素确认）：

| $g$ | $g\gamma g^{-1}$ | $\in H$? |
|-----|-------------------|-----------|
| $e$ | $\gamma$ | ✅ |
| $\alpha$ | $\gamma$ | ✅ |
| $\eta$ | $\gamma$ | ✅ |
| $\beta$ | $\gamma$ | ✅ |
| $\gamma$ | $\gamma$ | ✅ |
| $\zeta$ | $\gamma$ | ✅ |
| $\varepsilon$ | $\gamma$ | ✅ |
| $\delta$ | $\gamma$ | ✅ |

每个 $g \in G$ 都满足 $g\gamma g^{-1} = \gamma$（即 $\gamma$ 在 $G$ 的中心中），故 $gHg^{-1} = H$ 恒成立。

### 结论

$$\boxed{\text{是}}$$

$H = \{e, \gamma\}$ 是 $G$ 的正规子群。理由：由阶分布（1 个 1 阶 + 3 个 2 阶 + 4 个 4 阶）可知 $G \cong \mathbb{Z}_4 \times \mathbb{Z}_2$ 是 Abel 群，而 Abel 群的每个子群都是正规子群。具体地，$\gamma$ 与所有元素可换（$\gamma$ 在 $G$ 的中心中），故对所有 $g \in G$ 均有 $gHg^{-1} = H$。
让我先分析这道群论题。我需要判断 H = {e, γ} 是否是 G 的正规子群。

首先，让我用 Python 验证群的结构和性质。表格中有一个键拼写错误。让我来修复它并重新运行。## 解题过程

### 第一步：识别群的结构（按探索方向——元素阶分布）

从乘法表计算每个元素的阶：

| 元素 | 阶 |
|------|-----|
| $e$ | 1 |
| $\alpha$ | 4 ($\alpha^2=\eta,\ \alpha^3=\beta,\ \alpha^4=e$) |
| $\eta$ | 2 ($\eta^2=e$) |
| $\beta$ | 4 ($\beta^2=\eta,\ \beta^3=\alpha,\ \beta^4=e$) |
| $\gamma$ | 2 ($\gamma^2=e$) |
| $\zeta$ | 4 ($\zeta^2=\eta,\ \zeta^3=\delta,\ \zeta^4=e$) |
| $\varepsilon$ | 2 ($\varepsilon^2=e$) |
| $\delta$ | 4 ($\delta^2=\eta,\ \delta^3=\zeta,\ \delta^4=e$) |

**阶分布**：1个1阶元素 + 3个2阶元素 + 4个4阶元素 = $\{1:1,\ 2:3,\ 4:4\}$

对比8阶群的可能类型：
- $D_4$（二面体群）：$\{1:1,\ 2:5,\ 4:2\}$ — 不匹配
- $Q_8$（四元数群）：$\{1:1,\ 2:1,\ 4:6\}$ — 不匹配
- $\mathbb{Z}_4 \times \mathbb{Z}_2$：$\{1:1,\ 2:3,\ 4:4\}$ — **匹配**

### 第二步：验证 G 是 Abel 群

逐对验证交换律 $xy = yx$，对所有 $x, y \in G$ 均成立。例如：

$$\alpha \cdot \gamma = \zeta = \gamma \cdot \alpha$$
$$\beta \cdot \zeta = \gamma = \zeta \cdot \beta$$
$$\alpha \cdot \delta = \gamma = \delta \cdot \alpha$$

**G 是 Abel 群**（同构于 $\mathbb{Z}_4 \times \mathbb{Z}_2$）。

### 第三步：验证 H 是子群

$H = \{e, \gamma\}$，其中 $\gamma^2 = e$：
- **封闭性**：$e \cdot e = e$，$e \cdot \gamma = \gamma$，$\gamma \cdot \gamma = e$，均在 $H$ 中 ✓
- **逆元**：$e^{-1} = e$，$\gamma^{-1} = \gamma$，均在 $H$ 中 ✓

### 第四步：判断正规性

**Abel 群的每条基本性质**：若 $G$ 是 Abel 群，则对任意 $g \in G$ 和任意 $h \in H$：

$$ghg^{-1} = gg^{-1}h = h \in H$$

因此 $gHg^{-1} = H$ 对所有 $g \in G$ 成立。

**逐元素验证**（计算验证）：

| $g$ | $gHg^{-1}$ | $= H$? |
|-----|-----------|--------|
| $e$ | $\{e, \gamma\}$ | ✓ |
| $\alpha$ | $\{e, \gamma\}$ | ✓ |
| $\eta$ | $\{e, \gamma\}$ | ✓ |
| $\beta$ | $\{e, \gamma\}$ | ✓ |
| $\gamma$ | $\{e, \gamma\}$ | ✓ |
| $\zeta$ | $\{e, \gamma\}$ | ✓ |
| $\varepsilon$ | $\{e, \gamma\}$ | ✓ |
| $\delta$ | $\{e, \gamma\}$ | ✓ |

### 结论

$G$ 是 Abel 群（同构于 $\mathbb{Z}_4 \times \mathbb{Z}_2$），其任意子群都是正规子群。$H = \{e, \gamma\}$ 是 $G$ 的正规子群。

$$\boxed{\text{是}}$$

**理由**：$G$ 的阶分布为 $\{1:1,\ 2:3,\ 4:4\}$，与 $\mathbb{Z}_4 \times \mathbb{Z}_2$ 一致；经逐对验证，$G$ 是 Abel 群。Abel 群中 $ghg^{-1} = h$ 对所有 $g, h$ 成立，故 $gHg^{-1} = H$ 对所有 $g \in G$ 成立，$H$ 是正规子群。证毕。
