## Solution

We determine all $\beta \in \mathbb{R}$ such that the Fredholm equation
$$x(t) + \int_0^1 (1+\alpha t s)\, x(s)\, ds = \beta + t^2$$
is solvable in $L_2[0,1]$ **for every** $\alpha \in \mathbb{R}$.

**Step 1. Reduce to a finite-dimensional system.**

Define the two scalar quantities
$$A = \int_0^1 x(s)\,ds, \qquad B = \int_0^1 s\,x(s)\,ds.$$
Then
$$\int_0^1 (1+\alpha t s)x(s)\,ds = A + \alpha t B,$$
so the equation becomes
$$x(t) = (\beta - A) + t^2 - \alpha B\,t. \tag{$\ast$}$$

**Step 2. Self-consistency equations for $A$ and $B$.**

Integrating $(\ast)$ and $s\cdot(\ast)$ over $[0,1]$:

$$A = \int_0^1\!\big[(\beta-A)+s^2-\alpha Bs\big]ds = (\beta-A)+\tfrac13-\tfrac{\alpha B}{2},$$
$$B = \int_0^1\! s\big[(\beta-A)+s^2-\alpha Bs\big]ds = \tfrac{\beta-A}{2}+\tfrac14-\tfrac{\alpha B}{3}.$$

Rearranging:
$$2A + \tfrac{\alpha B}{2} = \beta + \tfrac13, \tag{1}$$
$$B\!\left(1+\tfrac{\alpha}{3}\right) = \tfrac{\beta-A}{2}+\tfrac14. \tag{2}$$

**Step 3. Solve for $B$.**

From (1): $A = \tfrac12\!\left(\beta+\tfrac13-\tfrac{\alpha B}{2}\right)$, so $\beta - A = \tfrac12\!\left(\beta-\tfrac13+\tfrac{\alpha B}{2}\right)$.

Substituting into (2):
$$B\!\left(1+\tfrac{\alpha}{3}\right) = \tfrac14\!\left(\beta-\tfrac13+\tfrac{\alpha B}{2}\right)+\tfrac14 = \tfrac14\!\left(\beta+\tfrac23+\tfrac{\alpha B}{2}\right).$$

Multiplying by $4$:
$$4B + \tfrac{4\alpha B}{3} = \beta + \tfrac23 + \tfrac{\alpha B}{2},$$
$$B\!\left(4 + \tfrac{5\alpha}{6}\right) = \beta + \tfrac23,$$
$$\boxed{\,B = \dfrac{6\beta+4}{24+5\alpha}\,}, \qquad \alpha \neq -\tfrac{24}{5}. \tag{3}$$

**Step 4. The critical value $\alpha = -\tfrac{24}{5}$.**

When $\alpha = -\tfrac{24}{5}$, the coefficient of $B$ vanishes, and the equation reduces to
$$0 = \beta + \tfrac23.$$
For solvability at this value of $\alpha$, we **must** have
$$\beta = -\tfrac23.$$

**Step 5. Verify $\beta = -\tfrac23$ works for all $\alpha$.**

With $\beta = -\tfrac23$, equation (3) gives $B = \dfrac{-4+4}{24+5\alpha}=0$ for every $\alpha\neq -\tfrac{24}{5}$, and at $\alpha=-\tfrac{24}{5}$ consistency also forces $B=0$ (any $B$ is consistent, but $B=0$ is a valid choice). Then from (1):
$$2A = -\tfrac23+\tfrac13 = -\tfrac13 \implies A = -\tfrac16.$$

The candidate solution is
$$x(t) = \big(\beta - A\big) + t^2 - \alpha B\,t = \Big(-\tfrac23+\tfrac16\Big)+t^2-0 = t^2 - \tfrac12.$$

**Verification.**
$$\int_0^1\!\big(s^2-\tfrac12\big)ds = \tfrac13-\tfrac12 = -\tfrac16 = A.\ \checkmark$$
$$\int_0^1 s\big(s^2-\tfrac12\big)ds = \tfrac14-\tfrac14 = 0 = B.\ \checkmark$$

Since $B=0$, the $\alpha$-dependent term $\alpha t B$ vanishes identically, so $x(t)=t^2-\tfrac12$ satisfies the original equation **for every** $\alpha\in\mathbb{R}$:
$$x(t)+A+\alpha t B = \Big(t^2-\tfrac12\Big)-\tfrac16+0 = t^2-\tfrac23 = \beta+t^2.\ \checkmark$$

**Step 6. Uniqueness.**

If $\beta\neq -\tfrac23$, then at $\alpha=-\tfrac{24}{5}$ the system has no solution (the $B$-equation becomes $0=\beta+\tfrac23\neq 0$), so the original equation is **not** solvable for that value of $\alpha$. Hence no other $\beta$ qualifies.

**Conclusion.** The unique real number $\beta$ for which the equation is solvable in $L_2[0,1]$ for every $\alpha\in\mathbb{R}$ is

$$\boxed{\beta = -\dfrac{2}{3}}.$$

### PROOF COMPLETE
DEVIN_CLI_EXITED code=0
