## Solution

**Answer leak check:** The problem text contains no leaked answers or solution sketches. Proceeding.

**Setup.** The matrix $A$ has exactly two 1's at distinct positions $(a,b)$ and $(c,d)$, chosen uniformly from all $\binom{n^2}{2}$ pairs. We seek $P(A^2 = O)$.

**Key observation — diagonal entries.** $(A^2)_{ii} = \sum_j A_{ij}A_{ji} \geq A_{ii}^2$. So if any 1 sits on the diagonal (position $(i,i)$), then $(A^2)_{ii} \geq 1$ and $A^2 \neq O$. Hence **both** 1's must be off-diagonal: $a \neq b$ and $c \neq d$.

**Characterizing $A^2 = O$ with both 1's off-diagonal.** Since $A_{ij}=1$ only for $(i,j)\in\{(a,b),(c,d)\}$, the product $A_{ij}A_{jk}=1$ requires both factors to be 1. The only possible two-step chains are:

- **Chain $a \to b \to d$:** uses route $(a,b)$ then route $(b,d)$. Route $(b,d)$ is active iff $(b,d)=(a,b)$ or $(b,d)=(c,d)$. The first gives $b=a$ (impossible since $a\neq b$). The second gives $b=c$. So this chain exists **iff $b = c$**.

- **Chain $c \to d \to b$:** uses route $(c,d)$ then route $(d,b)$. Route $(d,b)$ is active iff $(d,b)=(a,b)$ (giving $d=a$) or $(d,b)=(c,d)$ (giving $d=c$, impossible since $c\neq d$). So this chain exists **iff $d = a$**.

Therefore $A^2 = O$ if and only if all four conditions hold:
$$a \neq b,\quad c \neq d,\quad b \neq c,\quad d \neq a.$$

**Counting.** Count ordered pairs $((a,b),(c,d))$ satisfying all four conditions, then divide by 2 (since the pair of routes is unordered).

- **Choose $(a,b)$ with $a \neq b$:** $n(n-1)$ choices.

- **Given $(a,b)$, choose $(c,d)$ with $c \neq d$, $(c,d)\neq(a,b)$, $c \neq b$, $d \neq a$:**
  - $c \neq b$ gives $n-1$ choices for $c$; $d \neq a$ gives $n-1$ choices for $d$: $(n-1)^2$ total.
  - Subtract cases with $c = d$: need $c \neq b$ and $c \neq a$ (since $d=c$ and $d \neq a$), giving $n-2$ cases.
  - Subtract the case $(c,d) = (a,b)$: this satisfies $c \neq b$ (since $a \neq b$) and $d \neq a$ (since $b \neq a$), so it's 1 case. (This is disjoint from the $c=d$ cases since $a \neq b$.)
  - Valid count: $(n-1)^2 - (n-2) - 1 = (n-1)^2 - (n-1) = (n-1)(n-2)$.

So the number of ordered pairs is $n(n-1)\cdot(n-1)(n-2) = n(n-1)^2(n-2)$, and the number of unordered pairs is $\frac{n(n-1)^2(n-2)}{2}$.

**Probability.**

$$P = \frac{\frac{n(n-1)^2(n-2)}{2}}{\binom{n^2}{2}} = \frac{n(n-1)^2(n-2)}{n^2(n^2-1)} = \frac{(n-1)^2(n-2)}{n(n-1)(n+1)} = \boxed{\dfrac{(n-1)(n-2)}{n(n+1)}}.$$

**Verification.**

- **$n=2$:** Formula gives $\frac{1\cdot 0}{2\cdot 3}=0$. Indeed, the only off-diagonal pair is $\{(1,2),(2,1)\}$, but $b=2=c$, so $A^2\neq O$. ✓

- **$n=3$:** Formula gives $\frac{2\cdot 1}{3\cdot 4}=\frac{1}{6}$. Total pairs $=\binom{9}{2}=36$, so we expect 6 valid pairs. Enumerating all $\binom{6}{2}=15$ off-diagonal pairs and checking $b\neq c$, $d\neq a$ yields exactly 6 valid pairs. ✓

### PROOF COMPLETE
