I'll solve this by dynamic programming. First, let me reason about the diagram structure and then count paths.

**Answer-leak check:** The problem statement contains no solutions, answer values, or proof sketches. Proceeding.

## Setting up the diagram

There are 29 unit squares with 5 in the top row. The frog moves only **down** (same column, next row) or **down-left** (one column left, next row). Since 5×6 = 30 and 30 − 1 = 29, the diagram is a 5-column-wide, 6-row-tall rectangle with exactly one square removed. The removal must leave every non-bottom square with at least one legal hop, and the top row must keep all 5 squares.

- If the missing square were the bottom-**left** corner, the square above it (row 5, column 1) would have neither a "down" (column 1 gone) nor a "down-left" (column 0 never exists) target — the frog could get stuck. Invalid.
- Removing the bottom-**right** corner (row 6, column 5) leaves row 6 with columns 1–4. Then every square still has at least one move: column-1 squares always have "down", column-5 squares (only at row 5) have "down-left" to column 4, and interior squares have both.

So the diagram is: **rows 1–5 occupy columns 1–5; row 6 (bottom) occupies columns 1–4.**

## Dynamic program

Let $f(r,c)$ be the number of distinct paths from square $(r,c)$ to the bottom row. The recurrence is
$$f(r,c) = f(r+1,c) + f(r+1,c-1),$$
counting only those targets that exist, with base case $f(6,c)=1$ for $c=1,2,3,4$.

**Row 6** (columns 1–4): $[1,\;1,\;1,\;1]$.

**Row 5** (columns 1–5):
- $f(5,5)=f(6,4)=1$ (down to col 5 doesn't exist)
- $f(5,4)=f(6,4)+f(6,3)=2$, similarly $f(5,3)=f(5,2)=2$
- $f(5,1)=f(6,1)=1$ (down-left doesn't exist)

Row 5: $[1,\;2,\;2,\;2,\;1]$.

**Row 4:**
- $f(4,5)=f(5,5)+f(5,4)=1+2=3$
- $f(4,4)=f(5,4)+f(5,3)=2+2=4$, $f(4,3)=4$
- $f(4,2)=f(5,2)+f(5,1)=2+1=3$
- $f(4,1)=f(5,1)=1$

Row 4: $[1,\;3,\;4,\;4,\;3]$.

**Row 3:**
- $f(3,5)=f(4,5)+f(4,4)=3+4=7$
- $f(3,4)=f(4,4)+f(4,3)=4+4=8$
- $f(3,3)=f(4,3)+f(4,2)=4+3=7$
- $f(3,2)=f(4,2)+f(4,1)=3+1=4$
- $f(3,1)=f(4,1)=1$

Row 3: $[1,\;4,\;7,\;8,\;7]$.

**Row 2:**
- $f(2,5)=f(3,5)+f(3,4)=7+8=15$
- $f(2,4)=f(3,4)+f(3,3)=8+7=15$
- $f(2,3)=f(3,3)+f(3,2)=7+4=11$
- $f(2,2)=f(3,2)+f(3,1)=4+1=5$
- $f(2,1)=f(3,1)=1$

Row 2: $[1,\;5,\;11,\;15,\;15]$.

**Row 1 (top):**
- $f(1,5)=f(2,5)+f(2,4)=15+15=30$
- $f(1,4)=f(2,4)+f(2,3)=15+11=26$
- $f(1,3)=f(2,3)+f(2,2)=11+5=16$
- $f(1,2)=f(2,2)+f(2,1)=5+1=6$
- $f(1,1)=f(2,1)=1$

Row 1: $[1,\;6,\;16,\;26,\;30]$.

## Total

The frog may start in any of the five top-row squares, so the total number of distinct paths is
$$f(1,1)+f(1,2)+f(1,3)+f(1,4)+f(1,5)=1+6+16+26+30=\boxed{79}.$$

### PROOF COMPLETE
DEVIN_CLI_EXITED code=0
