## Answer Leak Check

I checked the problem text. No answers, solutions, solution sketches, or formalization notes are leaked. Proceeding to solve.

## Proof

**Setup.** Let $T = \mathbb{C}^2/\Lambda$ be a complex torus of dimension 2, where $\Lambda \subset \mathbb{C}^2$ is a lattice of rank 4. Let $\mathcal{L}$ be an ample line bundle on $T$ giving a polarization of type $(m,n)$ with $m \mid n$.

**Step 1: The Riemann form and polarization type.** The first Chern class $c_1(\mathcal{L}) \in H^2(T,\mathbb{Z}) \cong \bigwedge^2 \operatorname{Hom}(\Lambda,\mathbb{Z})$ corresponds to an alternating $\mathbb{Z}$-valued bilinear form $E : \Lambda \times \Lambda \to \mathbb{Z}$, the *Riemann form*. By the theory of elementary divisors for alternating forms on a free $\mathbb{Z}$-module of rank 4, there exist positive integers $d_1 \mid d_2$ and a symplectic basis $\{\lambda_1, \lambda_2, \mu_1, \mu_2\}$ of $\Lambda$ such that
$$E(\lambda_i, \mu_j) = d_i\,\delta_{ij}, \qquad E(\lambda_i,\lambda_j) = E(\mu_i,\mu_j) = 0.$$
The polarization type is $(d_1, d_2) = (m, n)$, so
$$E = m\,\lambda_1^* \wedge \mu_1^* + n\,\lambda_2^* \wedge \mu_2^*.$$

**Step 2: Vanishing of higher cohomology.** Since $\mathcal{L}$ is ample and $T$ is an abelian variety (a complex torus carrying an ample line bundle), by the Kodaira vanishing theorem (equivalently, Mumford's vanishing theorem for abelian varieties),
$$H^i(T, \mathcal{L}) = 0 \quad \text{for all } i > 0.$$
Hence $h^0(T, \mathcal{L}) = \chi(T, \mathcal{L})$, the holomorphic Euler characteristic.

**Step 3: Riemann–Roch.** Since $T$ is a torus, its tangent bundle is trivial, so the Todd class $\operatorname{td}(T) = 1$. By the Hirzebruch–Riemann–Roch theorem:
$$\chi(T, \mathcal{L}) = \int_T \operatorname{ch}(\mathcal{L}) \cdot \operatorname{td}(T) = \int_T e^{c_1(\mathcal{L})} = \int_T \frac{c_1(\mathcal{L})^2}{2!}.$$

**Step 4: Computing the top Chern number.** Under the identification $c_1(\mathcal{L}) = E \in \bigwedge^2 \operatorname{Hom}(\Lambda, \mathbb{Z})$, we compute:
$$E \wedge E = \bigl(m\,\lambda_1^* \wedge \mu_1^* + n\,\lambda_2^* \wedge \mu_2^*\bigr) \wedge \bigl(m\,\lambda_1^* \wedge \mu_1^* + n\,\lambda_2^* \wedge \mu_2^*\bigr).$$
The only nonzero terms come from cross-terms (since $\alpha \wedge \alpha = 0$ for any 2-form $\alpha$):
$$E \wedge E = 2mn\,\lambda_1^* \wedge \mu_1^* \wedge \lambda_2^* \wedge \mu_2^*.$$
The 4-form $\lambda_1^* \wedge \mu_1^* \wedge \lambda_2^* \wedge \mu_2^*$ is the positive generator of $H^4(T, \mathbb{Z}) \cong \mathbb{Z}$ (with the symplectic orientation), so
$$\int_T c_1(\mathcal{L})^2 = \int_T E \wedge E = 2mn.$$

**Step 5: Conclusion.** Combining Steps 3 and 4:
$$h^0(T, \mathcal{L}) = \chi(T, \mathcal{L}) = \frac{1}{2}\int_T c_1(\mathcal{L})^2 = \frac{1}{2} \cdot 2mn = mn.$$

**Verification against known cases.** For a principally polarized abelian surface ($m = n = 1$), this gives $h^0 = 1$, matching the uniqueness of the theta function. For polarization type $(1, n)$, this gives $h^0 = n$, the classical result for level-$n$ structures. Both confirm the formula.

$$\boxed{h^0(T, \mathcal{L}) = mn.}$$

### PROOF COMPLETE
DEVIN_CLI_EXITED code=0
