## 解答

设 $N = n!$，则当 $n\to\infty$ 时 $N\to\infty$，且 $N$ 为正整数。需计算

$$\lim_{n\to\infty}\sin^2\!\bigl(\pi\sqrt{N^2-N}\bigr).$$

**第一步：展开根式。**

$$\sqrt{N^2-N}=N\sqrt{1-\frac1N}=N\left(1-\frac{1}{2N}-\frac{1}{8N^2}-O(N^{-3})\right)=N-\frac12-\frac{1}{8N}-O(N^{-2}).$$

因此

$$\pi\sqrt{N^2-N}=\pi N-\frac{\pi}{2}-\frac{\pi}{8N}-O(N^{-2}).$$

**第二步：利用 $N$ 为整数化简正弦。**

记 $\theta_N=\dfrac{\pi}{2}+\dfrac{\pi}{8N}+O(N^{-2})$，则 $\pi\sqrt{N^2-N}=\pi N-\theta_N$。由 $N\in\mathbb{Z}$，

$$\sin(\pi N-\theta_N)=\sin(\pi N)\cos\theta_N-\cos(\pi N)\sin\theta_N=-(-1)^N\sin\theta_N.$$

而

$$\sin\theta_N=\sin\!\left(\frac{\pi}{2}+\frac{\pi}{8N}+O(N^{-2})\right)=\cos\!\left(\frac{\pi}{8N}+O(N^{-2})\right).$$

故

$$\sin^2\!\bigl(\pi\sqrt{N^2-N}\bigr)=\cos^2\!\left(\frac{\pi}{8N}+O(N^{-2})\right).$$

**第三步：取极限。**

当 $n\to\infty$ 时 $N=n!\to\infty$，所以 $\dfrac{\pi}{8N}+O(N^{-2})\to 0$，从而

$$\cos^2\!\left(\frac{\pi}{8N}+O(N^{-2})\right)\longrightarrow \cos^2(0)=1.$$

**结论：**

$$\boxed{\lim_{n\to\infty}\sin^2\!\left(\pi\sqrt{(n!)^2-n!}\right)=1}.$$

### 证明完成
DEVIN_CLI_EXITED code=0
