Looking at this problem, I need to understand the function $f$ defined by the recurrence, then count $n \leq 1988$ with $f(n)=n$.

## Step 1: Compute small values and identify the pattern

Computing $f$ for small $n$:

| $n$ | binary | $f(n)$ | $f(n)=n$? |
|-----|--------|--------|-----------|
| 1 | 1 | 1 | ✓ |
| 3 | 11 | 3 | ✓ |
| 5 | 101 | 5 | ✓ |
| 7 | 111 | 7 | ✓ |
| 9 | 1001 | 9 | ✓ |
| 11 | 1011 | 13 | ✗ |
| 13 | 1101 | 11 | ✗ |
| 15 | 1111 | 15 | ✓ |
| 17 | 10001 | 17 | ✓ |
| 19 | 10011 | 25 | ✗ |
| 21 | 10101 | 21 | ✓ |
| 23 | 10111 | 29 | ✗ |
| 25 | 11001 | 19 | ✗ |
| 27 | 11011 | 27 | ✓ |
| 29 | 11101 | 23 | ✗ |
| 31 | 11111 | 31 | ✓ |

**Key observation:** $f(n)$ reverses the binary representation of $n$ (dropping leading zeros). For example, $11 = 1011_2 \to 1101_2 = 13$, and $25 = 11001_2 \to 10011_2 = 19$.

## Step 2: Verify the binary reversal interpretation

Let $R(n)$ = value of the reversed binary representation of $n$. If $n$ has $L$-bit binary representation $B$, then $R(n)$ is the value of $\overleftarrow{B}$.

**Check $R(2n) = R(n)$:** Binary of $2n$ is $B\mathtt{0}$; reversing gives $\mathtt{0}\overleftarrow{B} = \overleftarrow{B}$ (leading zero dropped) $= R(n)$. ✓

**Check $R(4n+1) = 2R(2n+1) - R(n)$:** Binary of $4n+1$ is $B\mathtt{01}$ (length $L+2$); reversing gives $\mathtt{10}\overleftarrow{B}$, value $= 2^{L+1} + R(n)$. Binary of $2n+1$ is $B\mathtt{1}$ (length $L+1$); reversing gives $\mathtt{1}\overleftarrow{B}$, value $= 2^L + R(n)$. So $2R(2n+1) - R(n) = 2(2^L + R(n)) - R(n) = 2^{L+1} + R(n)$. ✓

**Check $R(4n+3) = 3R(2n+1) - 2R(n)$:** Binary of $4n+3$ is $B\mathtt{11}$; reversing gives $\mathtt{11}\overleftarrow{B}$, value $= 2^{L+1} + 2^L + R(n) = 3\cdot 2^L + R(n)$. And $3R(2n+1) - 2R(n) = 3(2^L + R(n)) - 2R(n) = 3\cdot 2^L + R(n)$. ✓

All recurrences match, with base cases $R(1)=1$, $R(3)=3$. **So $f(n) = R(n)$, the binary reversal of $n$.**

## Step 3: $f(n) = n$ iff $n$ is a binary palindrome

$f(n) = n$ iff reversing the binary representation of $n$ gives $n$ itself, i.e., the binary representation of $n$ is a **palindrome**.

## Step 4: Count binary palindromes $\leq 1988$

$1988 = 11111000100_2$ (11 bits).

**Palindromes with 1 to 10 bits** (all $\leq 2^{10}-1 = 1023 < 1988$):

A $k$-bit palindrome is determined by its first $\lceil k/2 \rceil$ bits (first bit = 1), giving $2^{\lceil k/2\rceil - 1}$ palindromes.

| $k$ | count |
|-----|-------|
| 1 | $2^0 = 1$ |
| 2 | $2^0 = 1$ |
| 3 | $2^1 = 2$ |
| 4 | $2^1 = 2$ |
| 5 | $2^2 = 4$ |
| 6 | $2^2 = 4$ |
| 7 | $2^3 = 8$ |
| 8 | $2^3 = 8$ |
| 9 | $2^4 = 16$ |
| 10 | $2^4 = 16$ |

**Subtotal (1–10 bits):** $1+1+2+2+4+4+8+8+16+16 = 62$.

**11-bit palindromes $\leq 1988$:** An 11-bit palindrome has the form $1\,b_2\,b_3\,b_4\,b_5\,b_6\,b_5\,b_4\,b_3\,b_2\,1$ with 5 free bits ($b_2,\ldots,b_6$), giving 32 total. We compare lexicographically against $1988 = 1\,1\,1\,1\,1\,0\,0\,0\,1\,0\,0$:

- **$b_2 = 0$:** palindrome $< 1988$ (differs at position 2). Free: $b_3,b_4,b_5,b_6$ → $2^4 = 16$.
- **$b_2=1, b_3=0$:** palindrome $< 1988$ (position 3). Free: $b_4,b_5,b_6$ → $2^3 = 8$.
- **$b_2=1, b_3=1, b_4=0$:** palindrome $< 1988$ (position 4). Free: $b_5,b_6$ → $2^2 = 4$.
- **$b_2=1, b_3=1, b_4=1, b_5=0$:** palindrome $< 1988$ (position 5). Free: $b_6$ → $2^1 = 2$.
- **$b_2=b_3=b_4=b_5=1$:** palindrome $= 1\,1\,1\,1\,1\,b_6\,1\,1\,1\,1\,1$. At position 6: if $b_6=0$, palindrome $= 11111011111_2 = 2015 > 1988$; if $b_6=1$, palindrome $= 2047 > 1988$. Both excluded → $0$.

**Subtotal (11 bits):** $16 + 8 + 4 + 2 + 0 = 30$.

## Step 5: Final count

$$62 + 30 = \boxed{92}$$

The number of positive integers $n \leq 1988$ for which $f(n) = n$ is $\mathbf{92}$.

### PROOF COMPLETE
DEVIN_CLI_EXITED code=0
