Looking at this problem, I need to find the largest k such that there exists a connected graph on 2019 vertices where covering all vertices with ≤ k paths (each path having ≥ 2 vertices, sharing allowed) is impossible.

## Solution

**Answer: k = 1008**

### Key Definitions

A "metro line" is a path in the graph with ≥ 2 vertices. Lines may share stations. We need every station on at least one line. The plan is *impracticable* for a given graph G if no collection of ≤ k paths covers all vertices of G.

We seek: max k such that some connected graph G on 2019 vertices requires more than k paths to cover all vertices.

### Lower Bound Construction (Star Graph)

Consider the **star** S on 2019 vertices: one center c connected to 2018 leaves ℓ₁, …, ℓ₂₀₁₈.

**Each path in the star covers at most 2 leaves.** Indeed, every leaf has degree 1, so any path containing a leaf must have that leaf as an endpoint. Since each path has exactly 2 endpoints, it covers at most 2 leaves.

With 2018 leaves to cover, we need at least ⌈2018/2⌉ = **1009** paths.

This is achievable: pair the leaves as (ℓ₁,ℓ₂), (ℓ₃,ℓ₄), …, (ℓ₂₀₁₇,ℓ₂₀₁₈). For each pair (ℓᵢ, ℓⱼ), the path ℓᵢ–c–ℓⱼ covers both leaves and the center. This gives 1009 paths covering all 2019 vertices.

So the star requires **exactly 1009** paths. For k = 1008, the plan is impracticable for the star.

### Upper Bound (Any Connected Graph Needs ≤ 1009 Paths)

**Theorem.** *Any tree T with L ≥ 2 leaves can have all its vertices covered by ⌈L/2⌉ paths (each ≥ 2 vertices, sharing allowed).*

**Proof.** By a bottom-up leaf-pairing argument. Root T at any internal vertex r (which exists since n ≥ 3 when L ≥ 2 and T is not a single edge; the case n = 2 is trivial).

Process vertices in post-order. At each vertex v, collect all unpaired leaves arriving from v's children's subtrees. Pair leaves from **different** children of v; each pair (a, b) yields the path from a to b, which passes through v. Pass at most one unpaired leaf upward.

- **Path count:** Each pair contributes one path. We form ⌊L/2⌋ pairs, plus one extra path for the leftover leaf when L is odd (from that leaf to the root). Total: ⌈L/2⌉.

- **Coverage of leaves:** Every leaf is an endpoint of some path. ✓

- **Coverage of internal vertices:** Any internal vertex v with ≥ 2 children has at least two unpaired leaves arriving from different subtrees, so a pair is formed at v and the path passes through v. Any internal vertex v with exactly 1 child (degree 2 in the tree) passes its unpaired leaf upward; that leaf is eventually paired with a leaf outside v's subtree, so the resulting path passes through v. The root (degree ≥ 2) has ≥ 2 children, so a pair forms there. ✓

- **Odd L case:** The single unpaired leaf w gets a path from w to the root, covering all vertices on that path. Any vertex not on this path lies in a subtree with no unpaired leaf, so it is covered by a paired-leaf path by the argument above. ✓

This proves the theorem. □

**Corollary.** Any connected graph G on 2019 vertices can be covered by ≤ 1009 paths.

Take any spanning tree T of G. A tree on 2019 vertices has at most 2018 leaves (the star achieves this maximum). By the theorem, T is covered by ⌈L(T)/2⌉ ≤ ⌈2018/2⌉ = 1009 paths. Since T is a subgraph of G, these paths are also valid paths in G. Hence G requires at most 1009 paths.

### Conclusion

- The **star** on 2019 vertices requires exactly **1009** paths — no fewer suffices.
- **Every** connected graph on 2019 vertices can be covered with at most **1009** paths.

Therefore the maximum number of paths needed over all connected graphs on 2019 vertices is 1009. The plan becomes impracticable (requires more than k lines) precisely when k < 1009. The largest such k is:

$$\boxed{1008}$$

### PROOF COMPLETE
DEVIN_CLI_EXITED code=0
