# Solution

## Setup and Geometry

Consider the cross-section: an ellipse with semi-major axis $a$ (horizontal) and semi-minor axis $b$ (vertical), $a > b$. The cylinder is weightless; the entire mass $M$ is concentrated in the heavy wire located at the top of the minor axis. The ground is frictionless, so the only forces are gravity (acting downward at the wire) and the normal force (acting upward at the contact point).

**Equilibrium condition:** With no friction, the system is in equilibrium only when the center of mass (the wire) lies directly above the contact point. In the symmetric position ($\theta = 0$), the minor axis is vertical: the wire sits at the top, the contact point at the bottom — both on the same vertical line. So equilibrium holds by symmetry.

**Stability criterion:** Since the only potential energy is gravitational, $U = Mgh(\theta)$, where $h(\theta)$ is the height of the wire above the ground. The equilibrium is **stable** if $h$ has a local **minimum** at $\theta=0$, and **unstable** if it has a local **maximum**.

## Height of the Wire as a Function of Tilt Angle

Let the ellipse be rotated by angle $\theta$ from equilibrium. A point on the ellipse, parameterized by $\varphi$ as $(a\cos\varphi,\, b\sin\varphi)$ in the ellipse's frame, has $y$-coordinate (relative to the center) after rotation:

$$y(\varphi) = a\cos\varphi\,\sin\theta + b\sin\varphi\,\cos\theta.$$

The **lowest point** of the rotated ellipse determines the height $H$ of the center above the ground:

$$H = d(\theta) = -\min_\varphi\, y(\varphi) = \max_\varphi\bigl(-a\cos\varphi\,\sin\theta - b\sin\varphi\,\cos\theta\bigr).$$

This is the amplitude of $A\cos\varphi + B\sin\varphi$ with $A = -a\sin\theta$, $B = -b\cos\theta$, so:

$$d(\theta) = \sqrt{a^2\sin^2\theta + b^2\cos^2\theta}.$$

The wire sits at the top of the minor axis: in the ellipse frame this is $(0, b)$, which after rotation by $\theta$ has $y$-coordinate $b\cos\theta$ relative to the center. Therefore the height of the wire above the ground is:

$$\boxed{h(\theta) = \sqrt{a^2\sin^2\theta + b^2\cos^2\theta} + b\cos\theta.}$$

**Check:** At $\theta = 0$: $h(0) = b + b = 2b$. The center is at height $b$ and the wire is $b$ above the center, giving $2b$. ✓

## Stability Analysis

Define $f(\theta) = a^2\sin^2\theta + b^2\cos^2\theta$, so $d(\theta) = \sqrt{f(\theta)}$.

Computing derivatives:
- $f(0) = b^2$, $\;f'(0) = (a^2 - b^2)\sin 2\theta\big|_0 = 0$, $\;f''(0) = 2(a^2-b^2)\cos 0 = 2(a^2 - b^2)$.

Since $d = f^{1/2}$:

$$d''(0) = -\tfrac{1}{4}f(0)^{-3/2}\,f'(0)^2 + \tfrac{1}{2}f(0)^{-1/2}\,f''(0) = 0 + \frac{1}{2}\cdot\frac{1}{b}\cdot 2(a^2-b^2) = \frac{a^2 - b^2}{b}.$$

Now $h(\theta) = d(\theta) + b\cos\theta$, so:

$$h'(0) = d'(0) - b\sin 0 = 0, \qquad h''(0) = d''(0) - b\cos 0 = \frac{a^2 - b^2}{b} - b = \frac{a^2 - 2b^2}{b}.$$

## Critical Ratio

The sign of $h''(0)$ determines stability:

| Condition | $h''(0)$ | Behavior of $h$ at $\theta=0$ | Equilibrium |
|---|---|---|---|
| $a^2 > 2b^2$, i.e. $b/a < 1/\sqrt{2}$ | $> 0$ | local minimum | **Stable** |
| $a^2 < 2b^2$, i.e. $b/a > 1/\sqrt{2}$ | $< 0$ | local maximum | **Unstable** |
| $a^2 = 2b^2$, i.e. $b/a = 1/\sqrt{2}$ | $= 0$ | inflection (borderline) | **Critical** |

**Consistency with the problem's assertion:**
- When $b/a \to 0$ (very flat ellipse): $a^2 \gg 2b^2$, so $h''(0) > 0$ → **stable**. ✓
- When $b/a \to 1$ (nearly circular): $a^2 \approx b^2 < 2b^2$, so $h''(0) < 0$ → **unstable**. ✓

## Conclusion

The assertion is correct. The critical value of the ratio $b/a$ separating stable from unstable equilibrium is:

$$\boxed{\dfrac{b}{a} = \dfrac{1}{\sqrt{2}} = \dfrac{\sqrt{2}}{2} \approx 0.707.}$$

For $b/a < 1/\sqrt{2}$ the equilibrium is stable; for $b/a > 1/\sqrt{2}$ it is unstable.

### PROOF COMPLETE
DEVIN_CLI_EXITED code=0
