Looking at this problem, I need to first perform the Answer Leak Self-Check, then assess solvability.

**Answer Leak Self-Check:** The problem text contains demonstrations ("we show that the Bell states with $n=2$ and GHZ states with $n=3$ are AME states, and the GHZ state with $n=4$ is not an AME state"), but these are illustrative examples within the formalization, not a leak of the answer to the open problem itself (which asks for a *complete characterization* of all $(n,d)$). No leak detected of the open problem's resolution.

---

## Analysis

This is **Open Quantum Problem 35**, a genuinely open problem in quantum information theory. The question asks for a *complete characterization* of all pairs $(n, d)$ for which an AME$(n,d)$ pure state exists. This is not a problem with a known complete solution — it is formalized by the Formal Conjectures project precisely *because* it remains open.

### What is known (partial characterization)

**Trivial / low-party cases:**
- **AME$(2,d)$** exists for all $d \geq 2$: the Bell (maximally entangled) state $\frac{1}{\sqrt{d}}\sum_{i} |ii\rangle$ is AME, since tracing out either party yields $\frac{1}{d}I_d$.
- **AME$(3,d)$** exists for all $d \geq 2$: the GHZ state $\frac{1}{\sqrt{d}}\sum_{i}|iii\rangle$ is AME, since every single-party reduced state is $\frac{1}{d}I_d$ (the only subset of "at most half" of 3 parties is a single party).

**Four parties:**
- **AME$(4,2)$ does not exist** (the 4-qubit GHZ fails: tracing out two parties gives a non-maximally-mixed state; this is the demonstration noted in the problem).
- AME$(4,d)$ is connected to the existence of 2 mutually orthogonal Latin squares (MOLS) of order $d$ in the "classical" (permutation-matrix / real-unitary) setting, but **quantum** AME states can exist even when the classical combinatorial design does not.
- **AME$(4,6)$ exists** — the quantum resolution of Euler's "36 officers" problem (Rather, Burchardt, Bruzda, Rajchel-Mieldzioć, Lakshminarayan, Życzkowski, PRL 128, 080507, 2022), even though 2 MOLS of order 6 do not exist classically.

**Qubit case ($d = 2$):**
- AME$(5,2)$ exists.
- AME$(6,2)$ exists.
- **AME$(7,2)$ does not exist** (Huber, Gühne, Siewert, PRL 118, 200502, 2017).
- AME$(n,2)$ for $n \geq 7$ generally: existence is not fully settled for all $n$, though non-existence results propagate in various ways.

**General connections:**
- AME states are equivalent to perfect tensors and relate to quantum error-correcting codes (QECCs): an AME$(n,d)$ pure state corresponds to a pure $[[n,0,\lceil n/2\rceil+1]]_d$ quantum code (or related parameter families).
- Existence is constrained by coding-theoretic bounds (Singleton, Hamming, linear programming bounds), which rule out many $(n,d)$ pairs but do not give a complete characterization.
- For fixed $n$, AME$(n,d)$ is known to exist for all sufficiently large $d$ (via probabilistic / algebraic constructions), but the exact threshold is generally unknown.

### Why a complete solution is unavailable

The problem asks: *"For which numbers of parties $n$ and local dimensions $d$ does there exist a pure AME state?"* This requires a complete necessary-and-sufficient condition on the pair $(n,d)$. No such complete characterization exists in the literature. The frontier includes:
- Settling AME$(n,2)$ for all $n$ (especially large $n$).
- Settling AME$(4,d)$ for all $d$ (the $d=6$ quantum solution suggests the classical MOLS obstruction is not the full story).
- Settling AME$(n,d)$ for odd $n \geq 5$ and general $d$.
- Understanding the exact threshold in $d$ above which AME$(n,d)$ always exists for fixed $n$.

These are active research questions (the most recent reference, arXiv:2508.04777 (2025), is a continuing survey of the problem), not settled mathematics.

### Conclusion

A complete proof characterizing all $(n,d)$ for which AME$(n,d)$ exists **does not exist** — this is an open problem. I can verify the specific demonstrations mentioned in the problem (Bell states are AME$(2,d)$, GHZ is AME$(3,d)$, 4-qubit GHZ is not AME), and I can cite the known partial results above, but I cannot produce a complete solution because none is known to mathematics.

### I CANNOT SOLVE THIS
DEVIN_CLI_EXITED code=0
