## Solution

We count the number of "attacking" pairs (two cells sharing a row, column, or diagonal) on an 8×8 board, then divide by the total number of pairs.

**Total pairs.** Choosing 2 distinct cells from 64:
$$\binom{64}{2} = \frac{64\cdot 63}{2} = 2016.$$

**Pairs sharing a row.** Each of the 8 rows contains $\binom{8}{2}=28$ pairs:
$$8 \times 28 = 224.$$

**Pairs sharing a column.** By symmetry, also $224$.

**Pairs sharing a diagonal.** Consider one diagonal direction. The diagonal lengths are
$$1,2,3,4,5,6,7,8,7,6,5,4,3,2,1.$$
The number of pairs along these diagonals is
$$2\bigl[\tbinom{2}{2}+\tbinom{3}{2}+\tbinom{4}{2}+\tbinom{5}{2}+\tbinom{6}{2}+\tbinom{7}{2}\bigr] + \tbinom{8}{2} = 2(1+3+6+10+15+21)+28 = 112+28 = 140.$$
Both diagonal directions give $2 \times 140 = 280$.

**Disjointness.** A pair of *distinct* cells lies in at most one of {same row, same column, same diagonal} — two distinct cells cannot simultaneously be in the same row and same column (that would force them to be the same cell), and a common diagonal combined with a common row/column also forces coincidence. So the categories are mutually exclusive.

**Total attacking pairs:**
$$224 + 224 + 280 = 728.$$

**Probability:**
$$\frac{728}{2016} = \frac{91}{252} = \frac{13}{36}.$$

The probability that the two Queen-Units can establish a high-speed data link is $\boxed{\dfrac{13}{36}}$.

### PROOF COMPLETE
DEVIN_CLI_EXITED code=0
