我先检查一下是否有答案泄露：问题文本仅包含问题陈述，没有解决方案、草图或 Lean 语句。未检测到泄露。

## 证明

**第一步：消除常数交叉项。**

对于所有 $i,j$，定义
$$F_i(x) := f_i(x) - \tfrac{1}{2}\sum_{j=1}^n c_{ij}\,x_j.$$
由于 $c_{ji}=-c_{ij}$（由 $i=j$ 时的反对称关系得出，$c_{ii}=0$；交换 $i,j$ 得出），我们计算
$$\frac{\partial F_i}{\partial x_j}-\frac{\partial F_j}{\partial x_i}
= \Bigl(\frac{\partial f_i}{\partial x_j}-\tfrac12 c_{ij}\Bigr)-\Bigl(\frac{\partial f_j}{\partial x_i}-\tfrac12 c_{ji}\Bigr)
= c_{ij}-\tfrac12 c_{ij}+\tfrac12 c_{ij}=0.$$
因此
$$\frac{\partial F_i}{\partial x_j}=\frac{\partial F_j}{\partial x_i}\qquad\text{for all }i,j. \tag{$\ast$}$$

**第二步：应用 Poincaré 引理。**

1-形式 $\omega=\sum_{i=1}^n F_i\,dx_i$ 在 $\mathbb{R}^n$ 上是闭的，因为根据 $(\ast)$，$d\omega=\sum_{i<j}\bigl(\frac{\partial F_j}{\partial x_i}-\frac{\partial F_i}{\partial x_j}\bigr)dx_i\wedge dx_j=0$。由于 $\mathbb{R}^n$ 是星形域（因此是单连通且可缩的），Poincaré 引理给出了一个 $C^2$ 函数 $G:\mathbb{R}^n\to\mathbb{R}$，使得
$$\frac{\partial G}{\partial x_i}=F_i,\qquad i=1,\dots,n.$$
明确地，可以通过同伦公式给出
$$G(x)=\int_0^1\sum_{i=1}^n F_i(tx)\,x_i\,dt,$$
对此进行微分（使用 $(\ast)$ 和链式法则）可验证 $\partial G/\partial x_i=F_i$。$G$ 的连续二阶偏导数继承自 $F_i$ 的连续二阶偏导数，而后者又继承自 $f_i$ 减去一个线性项。

**第三步：定义 $g$ 并验证线性。**

设 $g:=-G$。则
$$f_i+\frac{\partial g}{\partial x_i}=f_i-\frac{\partial G}{\partial x_i}=f_i-F_i=\tfrac12\sum_{j=1}^n c_{ij}\,x_j.$$
右边是 $x_1,\dots,x_n$ 的齐次线性函数（常数 $a_0=0$，系数 $a_j=\tfrac12 c_{ij}$）。因此，对于每个 $i=1,\dots,n$，$f_i+\partial g/\partial x_i$ 是线性的，得证。$\blacksquare$

### 证明完成
DEVIN_CLI_EXITED code=0
