Looking at this problem, I need to determine whether $f(x)>0$, $F(x)=\int_0^x f(t)\,dt$, and $\int_0^\infty f(x)^p e^{-x}\,dx < \infty$ (for $p>1$) implies $\int_0^\infty F(x)^p e^{-x}\,dx < \infty$.

This is a weighted Hardy-type inequality. I'll prove it is **TRUE** using a truncation argument to avoid circular assumptions about the boundary term at infinity.

**Proof.**

Let $J = \int_0^\infty f(x)^p e^{-x}\,dx < \infty$. For any $R > 0$, define
$$I_R = \int_0^R F(x)^p e^{-x}\,dx, \qquad J_R = \int_0^R f(x)^p e^{-x}\,dx \leq J.$$

**Step 1: Integration by parts on $[0,R]$.**

Set $u = F(x)^p$, $dv = e^{-x}\,dx$, so $du = p\,F(x)^{p-1}f(x)\,dx$ and $v = -e^{-x}$. Then
$$I_R = \bigl[-F(x)^p e^{-x}\bigr]_0^R + p\int_0^R F(x)^{p-1}f(x)\,e^{-x}\,dx.$$

Since $F(0) = 0$, the boundary term at $0$ vanishes. At $x = R$ we get $-F(R)^p e^{-R} \leq 0$, so
$$I_R \leq p\int_0^R F(x)^{p-1}f(x)\,e^{-x}\,dx. \tag{1}$$

**Step 2: Hölder's inequality.**

Write the integrand as a product:
$$F(x)^{p-1}f(x)\,e^{-x} = \Bigl(F(x)^{p-1}e^{-x(p-1)/p}\Bigr)\Bigl(f(x)\,e^{-x/p}\Bigr).$$

Applying Hölder with conjugate exponents $\frac{p}{p-1}$ and $p$:
$$\int_0^R F(x)^{p-1}f(x)\,e^{-x}\,dx \leq \left(\int_0^R F(x)^p e^{-x}\,dx\right)^{\!(p-1)/p}\!\left(\int_0^R f(x)^p e^{-x}\,dx\right)^{\!1/p} = I_R^{(p-1)/p}\, J_R^{1/p}. \tag{2}$$

**Step 3: Combine and solve.**

From (1) and (2):
$$I_R \leq p\, I_R^{(p-1)/p}\, J_R^{1/p}.$$

Since $f > 0$ implies $F(x) > 0$ for $x > 0$, we have $I_R > 0$, so we may divide by $I_R^{(p-1)/p}$:
$$I_R^{1/p} \leq p\, J_R^{1/p} \leq p\, J^{1/p},$$
hence
$$I_R \leq p^p\, J. \tag{3}$$

**Step 4: Take $R \to \infty$.**

Since $F(x)^p e^{-x} \geq 0$, by the monotone convergence theorem:
$$\int_0^\infty F(x)^p e^{-x}\,dx = \lim_{R\to\infty} I_R \leq p^p\, J < \infty.$$

Therefore $\int_0^\infty F(x)^p e^{-x}\,dx < \infty$, and the statement is **true**. $\blacksquare$

### PROOF COMPLETE
DEVIN_CLI_EXITED code=0
