**Problem.** Is the metric space $(\ell^2, d_2)$ separable, where $\ell^2$ is the set of all real sequences $x=(x_n)_{n\geq 1}$ with $\sum_{n=1}^\infty x_n^2 < \infty$ and $d_2(x,y)=\bigl(\sum_{n=1}^\infty (x_n-y_n)^2\bigr)^{1/2}$?

**Answer: Yes, the space is separable.**

---

### Proof

We exhibit a countable dense subset.

**The candidate set.** Let
$$
D = \bigl\{ (q_1, q_2, \dots, q_N, 0, 0, \dots) : N\in\mathbb{N},\; q_1,\dots,q_N \in \mathbb{Q} \bigr\},
$$
the set of all real sequences that are eventually zero and whose (finitely many) nonzero entries are rational.

**$D$ is countable.** For each fixed $N$, the set $\mathbb{Q}^N \times \{0\}^{\infty}$ is countable (a finite product of countable sets). Then $D = \bigcup_{N=1}^\infty \mathbb{Q}^N \times \{0\}^{\infty}$ is a countable union of countable sets, hence countable.

**$D$ is dense in $\ell^2$.** Let $x = (x_n)_{n\geq 1} \in \ell^2$ and let $\varepsilon > 0$. We must find $y \in D$ with $d_2(x,y) < \varepsilon$.

Since $\sum_{n=1}^\infty x_n^2$ converges, its tail tends to zero: there exists $N \in \mathbb{N}$ such that
$$
\sum_{n=N+1}^{\infty} x_n^2 < \frac{\varepsilon^2}{2}.
$$
For each $n \in \{1,\dots,N\}$, since $\mathbb{Q}$ is dense in $\mathbb{R}$, choose $q_n \in \mathbb{Q}$ with
$$
|q_n - x_n| < \frac{\varepsilon}{\sqrt{2N}}.
$$
Define $y = (q_1, \dots, q_N, 0, 0, \dots) \in D$. Then
$$
d_2(x,y)^2 = \sum_{n=1}^{N}(q_n - x_n)^2 + \sum_{n=N+1}^{\infty} x_n^2.
$$
The first sum satisfies
$$
\sum_{n=1}^{N}(q_n - x_n)^2 < \sum_{n=1}^{N} \frac{\varepsilon^2}{2N} = \frac{\varepsilon^2}{2},
$$
and the tail satisfies $\sum_{n=N+1}^{\infty} x_n^2 < \varepsilon^2/2$ by the choice of $N$. Therefore
$$
d_2(x,y)^2 < \frac{\varepsilon^2}{2} + \frac{\varepsilon^2}{2} = \varepsilon^2,
\qquad\text{so}\qquad
d_2(x,y) < \varepsilon.
$$

Thus every open ball $B(x,\varepsilon) \subset \ell^2$ meets $D$, so $\overline{D} = \ell^2$.

**Conclusion.** $D$ is a countable dense subset of $(\ell^2, d_2)$, so the space is separable. $\blacksquare$

### PROOF COMPLETE
DEVIN_CLI_EXITED code=0
