Looking at this problem, I need to find the maximum $x_0$ for a cyclic sequence of length 1995 satisfying the given recurrence.

## Proof

**Setup and parametrization.** Define $f(x) = x + \frac{2}{x}$ and $g(x) = 2x + \frac{1}{x}$. Both have minimum value $2\sqrt{2}$ (at $x=\sqrt{2}$ and $x=1/\sqrt{2}$ respectively). Set $y_i = f(x_{i-1}) = g(x_i) \geq 2\sqrt{2}$ for $i=1,\ldots,1995$.

Parametrize $y_i = 2\sqrt{2}\cosh\phi_i$ with $\phi_i \geq 0$. Solving $f(x_{i-1})=y_i$ gives $x_{i-1} = \sqrt{2}\,e^{\delta_i\phi_i}$ ($\delta_i\in\{+1,-1\}$), and solving $g(x_i)=y_i$ gives $x_i = \frac{1}{\sqrt{2}}\,e^{\epsilon_i\phi_i}$ ($\epsilon_i\in\{+1,-1\}$).

**Deriving the recurrence.** Since $x_i$ appears in both equation $i$ and equation $i+1$:
$$\frac{1}{\sqrt{2}}e^{\epsilon_i\phi_i} = \sqrt{2}\,e^{\delta_{i+1}\phi_{i+1}} \implies \epsilon_i\phi_i = \ln 2 + \delta_{i+1}\phi_{i+1}.$$

Setting $\psi_i = \epsilon_i\phi_i$ (signed) and $a = \ln 2$, this gives $\phi_{i+1} = |\psi_i - a|$ and $\psi_{i+1} = \epsilon_{i+1}\phi_{i+1} = \pm|\psi_i - a| = \pm(\psi_i - a)$. So:
$$\psi_{i+1} = \sigma_i(\psi_i - a), \quad \sigma_i \in \{+1,-1\}, \quad i=1,\ldots,1994.$$

**Boundary condition.** From $x_0 = x_{1995}$: $\sqrt{2}\,e^{\delta_1\phi_1} = \frac{1}{\sqrt{2}}e^{\epsilon_{1995}\phi_{1995}}$, giving $\delta_1\phi_1 = \psi_{1995} - a$.

To **maximize** $x_0 = \sqrt{2}\,e^{\delta_1\phi_1}$, choose $\delta_1=+1$, so $x_0 = \sqrt{2}\,e^{\phi_1}$ and $\psi_{1995} = a + \phi_1$.

**Analyzing the recurrence.** Substitute $u_i = \psi_i - a/2$. Then each step is either $u\mapsto u-a$ (call it $T$) or $u\mapsto -u$ (call it $R$). The boundary becomes $u_{1995} = u_1 + a$ (since $\psi_{1995}-a/2 = \phi_1 + a/2 = u_1 + a$).

After $n=1994$ steps with $m$ reflections ($R$'s) and $n-m$ translations ($T$'s):
$$u_n = (-1)^m u_0 + c\cdot a, \quad c\in\mathbb{Z},\quad c\equiv n-m\pmod{2},\quad |c|\leq n-m.$$

We need $u_n = u_0 + a$, i.e., $(-1)^m u_0 + ca = u_0 + a$.

**Case 1: $m$ even.** Then $ca = a$, so $c=1$. But $c\equiv 1994-m\pmod{2}$ requires $c$ even (since $m$ even makes $1994-m$ even), contradicting $c=1$ odd. **Impossible.**

**Case 2: $m$ odd.** Then $-u_0 + ca = u_0 + a$, so $u_0 = \frac{(c-1)a}{2}$, giving $\phi_1 = u_0 + a/2 = \frac{ca}{2}$. Here $c\equiv 1994-m\pmod{2}$; since $m$ is odd, $c$ is **odd**. To maximize $\phi_1 = \frac{ca}{2}$, maximize $c$ subject to $c$ odd and $|c|\leq 1994-m$.

Optimal: $m=1$ (minimum odd), giving $|c|\leq 1993$, so $c=1993$.

**Achievability.** With $m=1$, $c=1993$: take 1993 translations followed by 1 reflection. Then $t_0=1993$, $t_1=0$, and $c = 2t_0 - n + 1 = 3986 - 1993 = 1993$. ✓

Tracing the sequence: $\psi_1 = \frac{1993}{2}a$, then $\psi_i = \frac{1993-2(i-1)}{2}a$ for $i=1,\ldots,1994$ (all $T$ steps), and $\psi_{1995} = -(\psi_{1994}-a) = \frac{1995}{2}a = a + \phi_1$. ✓ All $\phi_i = |\psi_i| \geq 0$, and all $x_i = \frac{1}{\sqrt{2}}e^{\pm\phi_i} > 0$.

**Verification of the cycle.** $x_0 = \sqrt{2}\,e^{1993a/2} = 2^{1/2}\cdot 2^{1993/2} = 2^{997}$ and $x_{1995} = \frac{1}{\sqrt{2}}e^{1995a/2} = 2^{-1/2}\cdot 2^{1995/2} = 2^{997}$. So $x_0 = x_{1995}$. ✓

**Optimality.** Any valid sequence corresponds to some choice of signs in the recurrence, yielding $c$ odd with $|c|\leq 1993$, hence $\phi_1 \leq \frac{1993a}{2}$ and $x_0 \leq 2^{997}$.

The maximum value is $\boxed{2^{997}}$.

### PROOF COMPLETE
DEVIN_CLI_EXITED code=0
