Looking at this problem, I need to find ∠ADL where D is the second intersection of line AM with the circumcircle of △BIM.

**Answer Leak Check:** The problem text contains no leaked answers or solution sketches. Proceeding to solve.

---

## Proof

**Setup.** In △ABC: ∠A = 100°, ∠B = 20°, ∠C = 60°. Let R be the circumradius. Since CI bisects ∠C, M is the midpoint of arc AB not containing C, giving MA = MB = R, ∠BAM = ∠ABM = 30°, ∠AMB = 120°.

**Step 1: ∠BIM = 40° and MI = MB = R.**

∠BIC = 90° + ∠A/2 = 140°. Since C, I, M are collinear (I between C and M), ∠BIM = 180° − 140° = 40°.

For ∠IBM: ray BI lies inside ∠B (with ∠IBA = ∠IBC = 10°), and ray BM lies on the far side of BA (with ∠ABM = 30°). So ∠IBM = ∠IBA + ∠ABM = 10° + 30° = 40°.

Since ∠BIM = ∠IBM = 40°, triangle BIM is isosceles with **MI = MB = R**. Thus M is the circumcenter of △AIB (MA = MI = MB = R).

**Step 2: ∠BDM = 40°, and D lies between A and M.**

B, I, M, D are concyclic. Points A and I lie on the same side of line BM (both on the C-side). Since ∠BAM = 30° < ∠BIM = 40°, point A sees chord BM at a smaller angle than the inscribed angle, so **A is outside** circle (BIM). Thus the power of A is positive: AM · AD > 0, meaning D is on the same side of A as M.

To show D is between A and M (AD < AM): Let E be the second intersection of line AB with circle (BIM). Since E and I are on the same side of BM, ∠BEM = ∠BIM = 40°, and ∠EBM = ∠ABM = 30°, so ∠BME = 110°. By the sine rule in △BEM:
$$BE = \frac{R \sin 40°}{\sin 110°} = \frac{R \sin 40°}{\sin 70°} = \frac{R\sin 40°}{\cos 20°}.$$

Since $AB = R\sqrt{3}$ and $BE = R\sin 40°/\cos 20°$, using $\sqrt{3}\sin 40° = \cos 20° + \sin 10°$ (from $2\sin 60°\sin 40° = \cos 20° - \cos 100° = \cos 20° + \sin 10°$):
$$AE = AB - BE = R\sqrt{3} - \frac{R\sin 40°}{\cos 20°} = \frac{R(\sqrt{3}\sin 40° - \cos 20°)}{\cos 20°} = \frac{R\sin 10°}{\cos 20°}.$$

Power of A = $AB \cdot AE = R\sqrt{3} \cdot \frac{R\sin 10°}{\cos 20°}$. Since $AM = R$:
$$AD = \frac{\text{Power}}{AM} = \frac{R\sqrt{3}\sin 10°}{\cos 20°} = \frac{R\sqrt{3}\sin 10°}{\sin 40° \cdot \frac{\cos 20°}{\sin 40°}}.$$

Numerically $AD/R = \sqrt{3}\sin 10°/\sin 40° \approx 0.468 < 1 = AM/R$, confirming **D lies between A and M**.

Since D is between A and M, rays DA and DM are opposite, so:
$$\angle BDA = 180° - \angle BDM = 180° - 40° = 140°.$$

**Step 3: ∠ABD = 10°.**

In △ABD: ∠BAD = ∠BAM = 30°, ∠BDA = 140°, so ∠ABD = 180° − 30° − 140° = **10°**.

**Step 4: Compute AD and AL.**

By the sine rule in △ABD ($AB = 2R\sin 60° = R\sqrt{3}$):
$$\frac{AD}{\sin 10°} = \frac{AB}{\sin 140°} = \frac{R\sqrt{3}}{\sin 40°} \implies AD = \frac{R\sqrt{3}\sin 10°}{\sin 40°}.$$

L is where the angle bisector from C meets AB. In △ACL: ∠ACL = 30°, ∠CAL = 100°, ∠ALC = 50°. With $AC = 2R\sin 20°$:
$$\frac{AL}{\sin 30°} = \frac{AC}{\sin 50°} \implies AL = \frac{2R\sin 20° \cdot \sin 30°}{\sin 50°} = \frac{R\sin 20°}{\cos 40°}.$$

**Step 5: Prove ∠ADL = 70°.**

In △ADL, ∠DAL = ∠BAM = 30°. Set θ = ∠ADL, so ∠ALD = 150° − θ. By the
warning: response truncated (model hit max output token limit)
Error: Response truncated: model hit max output token limit. The output above is incomplete.
DEVIN_CLI_EXITED code=1
