## Solution

We compute the Laurent expansion of $f(z) = \dfrac{e^z - 1 - z}{2\sin^3 z}$ about $z=0$.

**Numerator.** From the Taylor series of $e^z$,
$$e^z - 1 - z = \frac{z^2}{2} + \frac{z^3}{6} + \frac{z^4}{24} + \frac{z^5}{120} + \cdots = z^2\!\left(\frac12 + \frac{z}{6} + \frac{z^2}{24} + \frac{z^3}{120} + \cdots\right).$$

**Denominator.** Use the identity $\sin^3 z = \tfrac{1}{4}(3\sin z - \sin 3z)$. With
$$\sin z = z - \frac{z^3}{6} + \frac{z^5}{120} - \cdots,\qquad \sin 3z = 3z - \frac{9z^3}{2} + \frac{81z^5}{40} - \cdots,$$
we get
$$3\sin z - \sin 3z = 4z^3 - 2z^5 + \frac{13}{30}z^7 - \cdots,$$
so
$$\sin^3 z = z^3 - \frac{z^5}{2} + \frac{13}{120}z^7 - \cdots = z^3\!\left(1 - \frac{z^2}{2} + \frac{13}{120}z^4 - \cdots\right).$$
Hence
$$2\sin^3 z = 2z^3\!\left(1 - \frac{z^2}{2} + \frac{13}{120}z^4 - \cdots\right).$$

**Form the quotient.**
$$f(z) = \frac{z^2\!\left(\frac12 + \frac{z}{6} + \frac{z^2}{24} + \cdots\right)}{2z^3\!\left(1 - \frac{z^2}{2} + \frac{13}{120}z^4 - \cdots\right)} = \frac{1}{2z}\cdot S(z),$$
where
$$S(z) = \frac{\frac12 + \frac{z}{6} + \frac{z^2}{24} + \cdots}{1 - \frac{z^2}{2} + \frac{13}{120}z^4 - \cdots}$$
is analytic at $z=0$ (denominator $\to 1$).

**Extract the residue.** Since $S$ is analytic at $0$,
$$f(z) = \frac{1}{2z}\bigl(S(0) + S'(0)z + \cdots\bigr) = \frac{S(0)}{2z} + \frac{S'(0)}{2} + \cdots.$$
The residue is the coefficient of $1/z$, namely $\dfrac{S(0)}{2}$. Evaluating $S$ at $0$:
$$S(0) = \frac{\frac12}{1} = \frac12.$$
Therefore
$$\operatorname{Res}_{z=0} f(z) = \frac{S(0)}{2} = \frac{1/2}{2} = \boxed{\frac14}.$$

### PROOF COMPLETE
DEVIN_CLI_EXITED code=0
