## Solution

We decompose the operator $Lu = -\mu\,\Delta u + \mathbf{b}\cdot\nabla u$ (with $\mu > 0$ constant) into its symmetric and skew-symmetric parts with respect to the $L^2$ inner product $\langle u,v\rangle = \int_\Omega u\,v\,dx$, assuming functions are smooth and compactly supported (or satisfy periodic/zero Dirichlet boundary conditions so that all boundary integrals vanish).

### Adjoint of the transport operator

Integrating by parts:
$$\langle \mathbf{b}\cdot\nabla u,\; v\rangle = \int_\Omega (\mathbf{b}\cdot\nabla u)\,v\,dx = -\int_\Omega u\,\nabla\!\cdot\!(\mathbf{b}\,v)\,dx = -\int_\Omega u\,(\mathbf{b}\cdot\nabla v)\,dx - \int_\Omega (\nabla\!\cdot\!\mathbf{b})\,u\,v\,dx.$$

Hence the formal adjoint is
$$(\mathbf{b}\cdot\nabla)^* = -\,\mathbf{b}\cdot\nabla - \nabla\!\cdot\!\mathbf{b},$$
where $\nabla\!\cdot\!\mathbf{b}$ acts by pointwise multiplication.

### Symmetric and skew-symmetric parts of $\mathbf{b}\cdot\nabla$

Using $A_s = \tfrac12(A + A^*)$ and $A_a = \tfrac12(A - A^*)$:

**Symmetric part:**
$$\frac12\bigl(\mathbf{b}\cdot\nabla + (\mathbf{b}\cdot\nabla)^*\bigr) = \frac12\bigl(\mathbf{b}\cdot\nabla - \mathbf{b}\cdot\nabla - \nabla\!\cdot\!\mathbf{b}\bigr) = -\frac12\,\nabla\!\cdot\!\mathbf{b}.$$

**Skew-symmetric part:**
$$\frac12\bigl(\mathbf{b}\cdot\nabla - (\mathbf{b}\cdot\nabla)^*\bigr) = \frac12\bigl(\mathbf{b}\cdot\nabla + \mathbf{b}\cdot\nabla + \nabla\!\cdot\!\mathbf{b}\bigr) = \mathbf{b}\cdot\nabla + \frac12\,\nabla\!\cdot\!\mathbf{b}.$$

### Verification

**Symmetric part** $S = -\tfrac12\,\nabla\!\cdot\!\mathbf{b}$ is a multiplication operator, so $\langle Su,v\rangle = \langle u,Sv\rangle$ trivially. ✓

**Skew-symmetric part** $A = \mathbf{b}\cdot\nabla + \tfrac12\,\nabla\!\cdot\!\mathbf{b}$:
$$\langle Au,v\rangle = \int (\mathbf{b}\cdot\nabla u)\,v\,dx + \frac12\int(\nabla\!\cdot\!\mathbf{b})\,u\,v\,dx = -\int u\,(\mathbf{b}\cdot\nabla v)\,dx - \int(\nabla\!\cdot\!\mathbf{b})\,u\,v\,dx + \frac12\int(\nabla\!\cdot\!\mathbf{b})\,u\,v\,dx$$
$$= -\int u\,(\mathbf{b}\cdot\nabla v)\,dx - \frac12\int(\nabla\!\cdot\!\mathbf{b})\,u\,v\,dx = -\langle u,Av\rangle. \checkmark$$

### Diffusion part

$-\mu\,\Delta$ is symmetric since (by Green's identity, with vanishing boundary terms):
$$\langle -\mu\,\Delta u, v\rangle = \mu\int_\Omega \nabla u\cdot\nabla v\,dx = \langle u, -\mu\,\Delta v\rangle.$$

### Final decomposition

$$\boxed{L = L_s + L_a}$$

where

$$L_s\,u = -\mu\,\Delta u - \tfrac12(\nabla\!\cdot\!\mathbf{b})\,u \qquad\text{(symmetric)},$$

$$L_a\,u = \mathbf{b}\cdot\nabla u + \tfrac12(\nabla\!\cdot\!\mathbf{b})\,u = \tfrac12\bigl[\nabla\!\cdot\!(\mathbf{b}\,u) + \mathbf{b}\cdot\nabla u\bigr] \qquad\text{(skew-symmetric)}.$$

**Remark.** When $\mathbf{b}$ is divergence-free ($\nabla\!\cdot\!\mathbf{b}=0$), the symmetric part reduces to the pure diffusion $-\mu\Delta$ and the entire transport term $\mathbf{b}\cdot\nabla$ is skew-symmetric. The term $-\tfrac12(\nabla\!\cdot\!\mathbf{b})$ in $L_s$ is the "drift correction" arising from the non-divergence form.

### PROOF COMPLETE
DEVIN_CLI_EXITED code=0
