```xml
<audit>
  <analysis_result_key>2273356</analysis_result_key>
  <problem_id>polymath_01126</problem_id>
  <audit_status>FAIL_INCOMPLETE</audit_status>
  <check_results>
    <A1>PASS: dimension1_verdict is DIRECTION_ERROR, a valid non-empty value.</A1>
    <A2>PASS: dimension1_explanation is non-empty and well over 50 characters, describing the brute-force coordinate geometry direction.</A2>
    <A3>PASS: dimension2_turning_point_type is "other", which is in the valid enumeration list, and d1=DIRECTION_ERROR requires d2 to be present.</A3>
    <A4>FAIL: dimension2_explanation is [null], empty and far below the 50-character minimum.</A4>
    <A5>PASS: ai_direction_summary is non-empty and describes the coordinate setup with O at origin.</A5>
    <A6>PASS: standard_solution_key_technique is non-empty, describing the reflection + Ptolemy approach.</A6>
    <B1>PASS: Neither dimension1_explanation nor the null dimension2_explanation contains XML tag leaks.</B1>
    <B2>PASS: No template placeholder leaks ("1-3 sentences", "ONE_OF:", etc.) are present.</B2>
    <B3>FAIL: dimension2_explanation is null/empty, failing the >= 50 character minimum.</B3>
    <C1>FAIL: d1=DIRECTION_ERROR requires d2 to have a value, but dimension2_explanation is null while dimension2_turning_point_type is set — inconsistent pairing.</C1>
    <C2>PASS: dimension1_explanation describes a wrong direction (brute-force coordinate algebra vs. synthetic shortcut), matching the DIRECTION_ERROR label.</C2>
    <C3>FAIL: dimension2_explanation is null, so it cannot be verified for semantic consistency with the "other" turning point type.</C3>
    <D1>PASS: dimension1_explanation exceeds 100 characters and contains action verbs (adopted, attempted, resorting).</D1>
    <D2>FAIL: dimension2_explanation is null, so it is neither >= 100 characters nor contains a mathematical term.</D2>
    <D3>PASS: ai_direction_summary concretely describes the coordinate setup and numerical sampling direction the AI took.</D3>
    <D4>PASS: standard_solution_key_technique specifies the reflection, similar-triangle projection, and Ptolemy's theorem technique.</D4>
    <E1>UNKNOWN — check via script</E1>
  </check_results>
  <issues_found>dimension2_explanation is null despite d1=DIRECTION_ERROR requiring a d2 value (A4, B3, C1, C3, D2 all fail as a consequence)</issues_found>
</audit>
```

### AUDIT COMPLETE
DEVIN_CLI_EXITED code=0
