## Solution

We evaluate the line integral using Stokes' Theorem:

$$\oint_C \mathbf{F}\cdot d\mathbf{r} = \iint_S (\nabla \times \mathbf{F})\cdot \mathbf{n}\, dS$$

where $\mathbf{F} = (P, Q, R) = (x-z,\; x+y,\; y+z)$.

**Step 1: Compute the curl.**

$$\nabla \times \mathbf{F} = \left(\frac{\partial R}{\partial y}-\frac{\partial Q}{\partial z},\; \frac{\partial P}{\partial z}-\frac{\partial R}{\partial x},\; \frac{\partial Q}{\partial x}-\frac{\partial P}{\partial y}\right)$$

- $\dfrac{\partial R}{\partial y}-\dfrac{\partial Q}{\partial z} = \dfrac{\partial(y+z)}{\partial y}-\dfrac{\partial(x+y)}{\partial z} = 1 - 0 = 1$
- $\dfrac{\partial P}{\partial z}-\dfrac{\partial R}{\partial x} = \dfrac{\partial(x-z)}{\partial z}-\dfrac{\partial(y+z)}{\partial x} = -1 - 0 = -1$
- $\dfrac{\partial Q}{\partial x}-\dfrac{\partial P}{\partial y} = \dfrac{\partial(x+y)}{\partial x}-\dfrac{\partial(x-z)}{\partial y} = 1 - 0 = 1$

So $\nabla \times \mathbf{F} = (1,\,-1,\,1)$.

**Step 2: Choose the surface and its normal.**

Take $S$ to be the portion of the plane $z = y$ inside the cylinder $x^2+y^2 \le 1$. Parametrize by $\mathbf{r}(x,y) = (x,\, y,\, y)$. Then

$$\mathbf{r}_x = (1,0,0),\qquad \mathbf{r}_y = (0,1,1)$$

$$\mathbf{r}_x \times \mathbf{r}_y = (0\cdot 1 - 0\cdot 1,\;\; 0\cdot 0 - 1\cdot 1,\;\; 1\cdot 1 - 0\cdot 0) = (0,\,-1,\,1).$$

This normal has positive $z$-component, so it points **upward**. By the right-hand rule, an upward normal corresponds to the boundary being traversed **counterclockwise as viewed from above** — exactly the prescribed orientation. Hence

$$\mathbf{n}\, dS = (0,\,-1,\,1)\, dx\, dy.$$

**Step 3: Compute the flux of the curl.**

$$\nabla \times \mathbf{F} \cdot \mathbf{n}\, dS = (1,\,-1,\,1)\cdot(0,\,-1,\,1)\, dx\, dy = (0 + 1 + 1)\, dx\, dy = 2\, dx\, dy.$$

**Step 4: Integrate over the disk.**

$$\iint_S (\nabla \times \mathbf{F})\cdot \mathbf{n}\, dS = \iint_{x^2+y^2\le 1} 2\, dx\, dy = 2\cdot \pi(1)^2 = 2\pi.$$

**Result:**

$$\boxed{\oint_C (x-z)\,dx + (x+y)\,dy + (y+z)\,dz = 2\pi}$$

### PROOF COMPLETE
DEVIN_CLI_EXITED code=0
