## Solution to the Poisson Problem $\nabla^2 v = \delta_0(x,y)$ in the Plane

**Answer-leak check:** The italic context text references "Theorem 1" and equation "(2)" from an external source and states the form of $v$ as notation setup for a series of problems. The task is to *derive and verify* this solution rigorously. No proof strategy or derivation is leaked. Proceeding.

---

### Step 1: Reduction to a Radial Problem

The Dirac delta $\delta_0$ is rotationally invariant about the origin, so we seek a rotationally invariant (radial) fundamental solution. Setting the source at the origin for simplicity (the general case follows by translation), we look for $v(x,y) = v(r)$ with $r = \sqrt{x^2 + y^2}$.

### Step 2: Solve Away from the Origin

For $r > 0$, the equation becomes $\nabla^2 v = 0$. In polar coordinates, for a radial function:

$$\nabla^2 v = v''(r) + \frac{1}{r}\,v'(r) = 0.$$

This is a first-order ODE in $v'(r)$:

$$\frac{d}{dr}\bigl(r\,v'(r)\bigr) = 0 \implies r\,v'(r) = C \implies v'(r) = \frac{C}{r} \implies v(r) = C\ln r + D,$$

where $C$ and $D$ are constants. The constant $D$ is irrelevant (it can be absorbed into the harmonic part $h$), so we set $D = 0$.

### Step 3: Determine the Constant $C$ via the Divergence Theorem

The equation $\nabla^2 v = \delta_0$ is understood in the **distributional** sense: for every smooth test function $\varphi$ with compact support,

$$\iint_{\mathbb{R}^2} v\,\nabla^2\varphi\,dA = \varphi(0).$$

Equivalently, integrating $\nabla^2 v$ over any domain containing the origin must yield 1:

$$\iint_{D_\varepsilon} \nabla^2 v\,dA = 1,$$

where $D_\varepsilon$ is the disk of radius $\varepsilon$ centered at the origin. By Green's theorem (divergence theorem in 2D):

$$\iint_{D_\varepsilon} \nabla^2 v\,dA = \oint_{\partial D_\varepsilon} \frac{\partial v}{\partial n}\,ds = \oint_{\partial D_\varepsilon} \frac{\partial v}{\partial r}\,ds,$$

since the outward normal to the circle $r = \varepsilon$ is $\hat{n} = \hat{r}$. With $v = C\ln r$:

$$\frac{\partial v}{\partial r} = \frac{C}{r}.$$

On the circle $r = \varepsilon$ (with $ds = \varepsilon\,d\theta$):

$$\oint_{\partial D_\varepsilon} \frac{C}{\varepsilon}\,ds = \frac{C}{\varepsilon}\cdot 2\pi\varepsilon = 2\pi C.$$

Setting $2\pi C = 1$ gives $C = \frac{1}{2\pi}$, and thus:

$$\boxed{v(r) = \frac{1}{2\pi}\ln r = \frac{1}{4\pi}\ln(x^2 + y^2).}$$

For a source at $(x_0, y_0)$, by translation:

$$v(x,y) = \frac{1}{2\pi}\ln\sqrt{(x-x_0)^2 + (y-y_0)^2} = \frac{1}{4\pi}\ln\!\bigl((x-x_0)^2 + (y-y_0)^2\bigr).$$

### Step 4: Direct Verification for $r > 0$

Set $x_0 = y_0 = 0$ and $v = \frac{1}{4\pi}\ln(x^2+y^2)$. Compute:

$$v_x = \frac{1}{4\pi}\cdot\frac{2x}{x^2+y^2} = \frac{x}{2\pi(x^2+y^2)}, \qquad v_{xx} = \frac{1}{2\pi}\cdot\frac{y^2 - x^2}{(x^2+y^2)^2},$$

$$v_y = \frac{y}{2\pi(x^2+y^2)}, \qquad v_{yy} = \frac{1}{2\pi}\cdot\frac{x^2 - y^2}{(x^2+y^2)^2}.$$

Adding:

$$\nabla^2 v = v_{xx} + v_{yy} = \frac{1}{2\pi}\cdot\frac{(y^2-x^2)+(x^2-y^2)}{(x^2+y^2)^2} = 0 \quad \text{for } (x,y)\neq(0,0). \checkmark$$

### Step 5: Distributional Verification at the Origin

For any test function $\varphi \in C_c^\infty(\mathbb{R}^2)$, consider the annulus $A_\varepsilon = \mathbb{R}^2 \setminus D_\varepsilon$. By Green's second identity on $A_\varepsilon$ (where $\nabla^2 v = 0$):

$$\iint_{A_\varepsilon} v\,\nabla^2\varphi\,dA = \oint_{\partial A_\varepsilon}\!\left(v\,\frac{\partial\varphi}{\partial n} - \varphi\,\frac{\partial v}{\partial n}\right)ds.$$

The boundary $\partial A_\varepsilon$ consists of the circle $r = \varepsilon$ (with inward normal $-\hat{r}$) and the outer boundary (where $\varphi = 0$ by compact support). On $r = \varepsilon$:

$$\oint_{r=\varepsilon}\!\left(-v\,\frac{\partial\varphi}{\partial r} + \varphi\,\frac{\partial v}{\partial r}\right)ds = \oint_{r=\varepsilon}\!\left(-\frac{\ln\varepsilon}{2\pi}\,\frac{\partial\varphi}{\partial r} + \varphi\,\frac{1}{2\pi\varepsilon}\right)\varepsilon\,d\theta.$$

As $\varepsilon \to 0$:
- The first term: $\frac{\varepsilon\ln\varepsilon}{2\pi}\oint \frac{\partial\varphi}{\partial r}\,d\theta \to 0$ (since $\varepsilon\ln\varepsilon \to 0$ and $\frac{\partial\varphi}{\partial r}$ is bounded).
- The second term: $\frac{1}{2\pi}\oint_{r=\varepsilon}\varphi\,d\theta \to \frac{1}{2\pi}\cdot 2\pi\,\varphi(0) = \varphi(0)$.

Therefore:

$$\iint_{\mathbb{R}^2} v\,\nabla^2\varphi\,dA = \varphi(0) \quad \text{for all } \varphi \in C_c^\infty(\mathbb{R}^2),$$

which is precisely the statement $\nabla^2 v = \delta_0$ in the distributional sense. $\blacksquare$

### Step 6: Connection to the Green's Function

As noted in the problem's notation, the Green's function for a domain $\Omega$ decomposes as $G = h + v$, where:
- $v(x,y) = \frac{1}{2\pi}\ln\sqrt{(x-x_0)^2+(y-y_0)^2}$ is the fundamental solution (derived above), satisfying $\nabla^2 v = \delta_{(x_0,y_0)}$,
- $h$ is harmonic on $\Omega$ and chosen so that $G = 0$ on the boundary $\Gamma$ (i.e., $h = -v$ on $\Gamma$).

This decomposition is valid because $\nabla^2 G = \nabla^2 h + \nabla^2 v = 0 + \delta_{(x_0,y_0)} = \delta_{(x_0,y_0)}$, and the boundary condition $G|_\Gamma = 0$ is achieved by the appropriate choice of $h$.

**Remark on normalization:** The problem text states $v(x,y) = \frac{1}{2}\ln((x-x_0)^2+(y-y_0)^2)$, which equals $\ln r$. With the standard Laplacian $\nabla^2 = \partial_x^2 + \partial_y^2$, this satisfies $\nabla^2 v = 2\pi\,\delta_0$. The factor $\frac{1}{2\pi}$ that we derived above brings this to $\nabla^2 v = \delta_0$ with the standard normalization $\int \delta_0\,dA = 1$. The discrepancy reflects a convention choice in the source text (equation "(2)" and Theorem 1), where the delta or the Laplacian carries a compensating $2\pi$ factor. The derivation method—radial reduction, ODE solution, and divergence-theorem normalization—is identical in either convention.

### PROOF COMPLETE
DEVIN_CLI_EXITED code=0
