I'll solve this problem directly in the TUI without using any tools.

**Answer Leak Self-Check:** The problem text contains only the problem statement and constraints — no leaked answers, solutions, or formalization notes. Proceeding to solve.

---

## Proof

**The sequence.** We have $a_n = \lfloor n/2 \rfloor$ for $n \geq 1$ (since $a_n = n/2$ when $n$ is even, and $a_n = (n-1)/2$ when $n$ is odd). The first terms are $0, 1, 1, 2, 2, 3, \dots$ as required.

**Closed form of $f(n)$.** Pair consecutive terms:
$$
(a_{2m-1},\, a_{2m}) = (m-1,\, m), \qquad \text{with sum } 2m-1.
$$

- If $n = 2p$ is even, then
$$
f(2p) = \sum_{m=1}^{p}(2m-1) = p^2.
$$

- If $n = 2p+1$ is odd, then
$$
f(2p+1) = f(2p) + a_{2p+1} = p^2 + p = p(p+1).
$$

In both cases this is captured by the single formula
$$
f(n) = \left\lfloor \tfrac{n}{2}\right\rfloor \left\lceil \tfrac{n}{2}\right\rceil.
$$

**Key parity observation.** Since $(x+y) + (x-y) = 2x$ is even, the two integers $x+y$ and $x-y$ always have the **same parity**. We treat the two cases separately.

---

**Case 1: $x+y$ and $x-y$ are both even.**

Write $x+y = 2p$ and $x-y = 2q$, so
$$
p = \frac{x+y}{2}, \qquad q = \frac{x-y}{2}.
$$
Then
$$
f(x+y) - f(x-y) = p^2 - q^2 = (p-q)(p+q).
$$
Now
$$
p - q = \frac{x+y}{2} - \frac{x-y}{2} = y, \qquad p + q = \frac{x+y}{2} + \frac{x-y}{2} = x.
$$
Hence
$$
f(x+y) - f(x-y) = y \cdot x = xy. \qquad \checkmark
$$

---

**Case 2: $x+y$ and $x-y$ are both odd.**

Write $x+y = 2p+1$ and $x-y = 2q+1$, so
$$
p = \frac{x+y-1}{2}, \qquad q = \frac{x-y-1}{2}.
$$
Then
$$
f(x+y) - f(x-y) = p(p+1) - q(q+1) = (p^2 - q^2) + (p - q) = (p-q)(p+q) + (p-q) = (p-q)(p+q+1).
$$
Compute each factor:
$$
p - q = \frac{x+y-1}{2} - \frac{x-y-1}{2} = y,
$$
$$
p + q + 1 = \frac{x+y-1}{2} + \frac{x-y-1}{2} + 1 = \frac{2x-2}{2} + 1 = (x-1) + 1 = x.
$$
Therefore
$$
f(x+y) - f(x-y) = y \cdot x = xy. \qquad \checkmark
$$

---

**Conclusion.** In both possible parity configurations (which are exhaustive, since $x+y$ and $x-y$ must share the same parity), we obtain
$$
f(x+y) - f(x-y) = xy.
$$
This holds for all positive integers $x, y$ with $x > y$, completing the proof. $\blacksquare$

### PROOF COMPLETE
DEVIN_CLI_EXITED code=0
