## Solution

**Setup.** Let the bank balance be modeled by
$$B(t) = B_0 + \mu\, t + \sigma\, W(t), \qquad B_0 > 0,\; \mu > 0,\; \sigma > 0,$$
where $W(t)$ is standard Brownian motion. Define the first passage time
$$\tau = \inf\{t \ge 0 : B(t) \le 0\}.$$

---

### Step 1 — Probability of ever hitting zero

Consider the process
$$M(t) = \exp\!\Bigl(-\tfrac{2\mu}{\sigma^2}\,B(t)\Bigr).$$

Since $B(t) = B_0 + \mu t + \sigma W(t)$,

$$M(t) = e^{-2\mu B_0/\sigma^2}\;\exp\!\Bigl(-\tfrac{2\mu}{\sigma}W(t) - \tfrac{2\mu^2}{\sigma^2}t\Bigr),$$

and the second factor is the Doléans-Dade exponential $\mathcal{E}(-\frac{2\mu}{\sigma}W)_t$, a martingale. Hence $M(t)$ is a martingale.

For $t < \tau$ we have $B(t) > 0$, so $0 < M(t) \le 1$. Applying optional stopping at $\tau \wedge n$ (justified by boundedness):

$$E\bigl[M(\tau \wedge n)\bigr] = M(0) = e^{-2\mu B_0/\sigma^2}.$$

As $n \to \infty$: on $\{\tau < \infty\}$, $B(\tau)=0$ so $M(\tau)=1$; on $\{\tau = \infty\}$, $B(t)\to\infty$ (positive drift) so $M(t)\to 0$. By dominated convergence ($0 \le M \le 1$):

$$\boxed{P(\tau < \infty) = e^{-2\mu B_0/\sigma^2} < 1.}$$

---

### Step 2 — Unconditional expectation is infinite

Since $\mu > 0$ and $B_0 > 0$,

$$P(\tau = \infty) = 1 - e^{-2\mu B_0/\sigma^2} > 0.$$

A random variable that equals $+\infty$ with positive probability has infinite expectation:

$$\boxed{E[\tau] = \infty.}$$

---

### Step 3 — Conditional expectation $E[\tau \mid \tau < \infty]$

To extract more information, compute the Laplace transform $u(x) = E_x[e^{-\lambda\tau}]$ (with the convention $e^{-\lambda\cdot\infty}=0$, so $u(x)=E_x[e^{-\lambda\tau}\mathbf{1}_{\tau<\infty}]$). The Feynman–Kac / ODE method gives

$$\frac{\sigma^2}{2}\,u''(x) + \mu\,u'(x) = \lambda\,u(x), \qquad x>0,$$
$$u(0)=1, \qquad u(\infty)=0.$$

The characteristic equation $\frac{\sigma^2}{2}r^2 + \mu r - \lambda = 0$ has roots

$$r_{1,2} = \frac{-\mu \pm \sqrt{\mu^2 + 2\sigma^2\lambda}}{\sigma^2}.$$

For $\lambda > 0$: $r_1 > 0$, $r_2 < 0$. The boundary condition $u(\infty)=0$ kills the $e^{r_1 x}$ term, and $u(0)=1$ fixes the constant:

$$u(x) = \exp\!\Bigl(\frac{(-\mu - \sqrt{\mu^2+2\sigma^2\lambda})\,x}{\sigma^2}\Bigr).$$

Differentiating:

$$\frac{\partial u}{\partial\lambda} = u(x)\cdot x\cdot\frac{-1}{\sqrt{\mu^2+2\sigma^2\lambda}}.$$

At $\lambda = 0$: $u(x)\big|_{\lambda=0} = e^{-2\mu x/\sigma^2}$ and $\sqrt{\mu^2+2\sigma^2\lambda}\big|_{\lambda=0}=\mu$, so

$$E_x\bigl[\tau\,\mathbf{1}_{\tau<\infty}\bigr] = -\frac{\partial u}{\partial\lambda}\Big|_{\lambda=0} = \frac{x}{\mu}\,e^{-2\mu x/\sigma^2}.$$

Dividing by $P(\tau<\infty) = e^{-2\mu x/\sigma^2}$:

$$\boxed{E[\tau \mid \tau < \infty] = \frac{B_0}{\mu}.}$$

---

### Summary

| Quantity | Value |
|---|---|
| $P(\tau < \infty)$ | $e^{-2\mu B_0/\sigma^2}$ |
| $E[\tau]$ (unconditional) | $\infty$ |
| $E[\tau \mid \tau < \infty]$ | $B_0/\mu$ |

The key insight: with positive drift $\mu > 0$, there is a positive probability $1 - e^{-2\mu B_0/\sigma^2}$ that the balance **never** becomes negative, so the unconditional expected time is **infinite**. Conditioned on the event that ruin does occur, the expected time to ruin is $B_0/\mu$—remarkably independent of the volatility $\sigma$.

### PROOF COMPLETE
