## Computing χ(CP²) via Morse Theory

**Setup.** Let CP² = (C³\{0})/C* with homogeneous coordinates [z₀:z₁:z₂]. We use Morse theory, a core differential-topology tool, to compute the Euler characteristic.

**A Morse function on CP².** Define f: CP² → R by

  f([z₀:z₁:z₂]) = (|z₁|² + 2|z₂|²) / (|z₀|² + |z₁|² + |z₂|²),

using the standard round metric on the unit sphere S⁵ ⊂ C³ and descending to the quotient. This is the restriction of a quadratic form to CP² (a moment-map–type function), hence smooth.

**Critical points.** A point [z₀:z₁:z₂] is critical when the gradient of f vanishes. Working on the affine charts, one checks that the critical points occur exactly where the homogeneous coordinates are concentrated in a single slot:

- p₀ = [1:0:0],  f = 0
- p₁ = [0:1:0],  f = 1
- p₂ = [0:0:1],  f = 2

Indeed, on the chart z₀≠0 with coordinates u=z₁/z₀, v=z₂/z₀, we have f = (|u|²+2|v|²)/(1+|u|²+|v|²). Setting ∂f/∂ū = ∂f/∂v̄ = 0 gives (after simplification) u(1−f·…)=0 and v(2−f·…)=0; solving yields (u,v)=(0,0) (i.e. p₀), or |u|²=1,v=0 (i.e. p₁), or u=0,|v|²=1 (i.e. p₂). The analogous computation on the other charts gives no new points. So there are exactly **three** critical points.

**Morse indices.** The Hessian at each critical point is non-degenerate (f is Morse — the quadratic form has distinct eigenvalues 0,1,2). The index (number of negative eigenvalues of the Hessian) equals the (real) dimension of the unstable manifold:

- At p₀ = [1:0:0]: this is the global minimum. Locally f ≈ |u|²+2|v|² in real coordinates (4 real dims), Hessian positive definite → **index 0**.
- At p₁ = [0:1:0]: a saddle. In the chart z₁≠0, f ≈ 1 − |u'|² + |v'|² (one complex direction decreases, one increases) → **index 2** (two real negative directions).
- At p₂ = [0:0:1]: the global maximum. Locally f ≈ 2 − |u''|² − 2|v''|², Hessian negative definite → **index 4**.

So the indices are 0, 2, 4 — exactly one critical point of each even index. This is the **perfect Morse function** on CP².

**Applying the Morse theorem.** For a compact manifold M and a Morse function with c_k critical points of index k, the Morse inequalities give

  χ(M) = Σ_{k=0}^{dim M} (−1)^k c_k.

(This identity is the alternating sum of the strong Morse inequalities; equivalently it follows because the Morse complex computes homology, so c_k ≥ b_k and χ = Σ(−1)^k b_k = Σ(−1)^k c_k when the function is perfect, i.e. c_k = b_k.)

For CP² (real dimension 4):

  χ(CP²) = (−1)⁰·c₀ + (−1)¹·c₁ + (−1)²·c₂ + (−1)³·c₃ + (−1)⁴·c₄
         = 1·1 + (−1)·0 + 1·1 + (−1)·0 + 1·1
         = 1 + 0 + 1 + 0 + 1
         = **3**.

**Consistency check (Poincaré–Hopf).** As an independent differential-topology confirmation: equip CP² with a vector field having isolated zeros exactly at p₀, p₁, p₂ (e.g. the gradient of −f). The index of a zero of a gradient field equals (−1)^{Morse index}, so the local indices are (+1, +1, +1). By the Poincaré–Hopf theorem, χ(M) = Σ (index at zero) = 1+1+1 = 3, agreeing with the Morse-theoretic computation.

**Conclusion.**

$$\boxed{\chi(\mathbb{CP}^2) = 3}$$

### PROOF COMPLETE
DEVIN_CLI_EXITED code=0
