## Proof

We determine the least ordinal $\alpha$ such that $V_\alpha$ satisfies the axioms of Power Set, Pairing, and Infinity simultaneously.

**Key fact.** $V_\alpha = \{x : \operatorname{rank}(x) < \alpha\}$, and for any set $x$, $\operatorname{rank}(\mathcal{P}(x)) = \operatorname{rank}(x)+1$ and $\operatorname{rank}(\{x,y\}) = \max(\operatorname{rank}(x),\operatorname{rank}(y))+1$.

---

**Axiom of Pairing.** For all $x, y \in V_\alpha$, we need $\{x,y\} \in V_\alpha$, i.e., $\max(\operatorname{rank}(x),\operatorname{rank}(y))+1 < \alpha$.

- If $\alpha$ is a **limit ordinal**: for any $x,y\in V_\alpha$, $\operatorname{rank}(x),\operatorname{rank}(y)<\alpha$, so $\max(\operatorname{rank}(x),\operatorname{rank}(y))<\alpha$. Since $\alpha$ is a limit, $\max(\operatorname{rank}(x),\operatorname{rank}(y))+1<\alpha$. **Pairing holds.**
- If $\alpha = \beta+1$ is a **successor**: there exists $x\in V_\alpha$ with $\operatorname{rank}(x)=\beta$ (namely any element of $V_\alpha\setminus V_\beta$). Then $\{x,x\}=\{x\}$ has rank $\beta+1=\alpha\not<\alpha$. **Pairing fails.**

So pairing holds in $V_\alpha$ **iff $\alpha$ is a limit ordinal**.

---

**Axiom of Power Set.** For all $x \in V_\alpha$, we need $\mathcal{P}(x)\in V_\alpha$, i.e., $\operatorname{rank}(x)+1<\alpha$.

- If $\alpha$ is a **limit ordinal**: $\operatorname{rank}(x)<\alpha$ implies $\operatorname{rank}(x)+1<\alpha$. **Power set holds.**
- If $\alpha=\beta+1$ is a **successor**: take $x$ with $\operatorname{rank}(x)=\beta$. Then $\mathcal{P}(x)$ has rank $\beta+1=\alpha\not<\alpha$. **Power set fails.**

So power set holds in $V_\alpha$ **iff $\alpha$ is a limit ordinal**.

---

**Axiom of Infinity.** We need an inductive set $I\in V_\alpha$ (i.e., $\emptyset\in I$ and $\forall x\in I,\; x\cup\{x\}\in I$). The least inductive set is $\omega$, with $\operatorname{rank}(\omega)=\omega$.

- $V_\omega$ does not contain $\omega$ (since $\operatorname{rank}(\omega)=\omega\not<\omega$), and no other inductive set exists in $V_\omega$ (any inductive set must contain all finite ordinals, hence contain $\omega$ as a subset, giving rank $\geq\omega$). **Infinity fails.** ✓ (consistent with given)
- $V_{\omega+1}$ contains $\omega$ (since $\omega\subseteq V_\omega$, so $\omega\in V_{\omega+1}$). **Infinity holds.** ✓ (consistent with given)

In general, infinity holds in $V_\alpha$ **iff $\omega < \alpha$** (equivalently $\omega\in V_\alpha$).

---

**Combining all three.** We need:
1. $\alpha$ is a limit ordinal (for pairing and power set),
2. $\omega < \alpha$ (for infinity).

The ordinals strictly between $\omega$ and $\omega+\omega$ are exactly $\omega+1, \omega+2, \omega+3, \ldots$, all of which are **successor ordinals**. Hence pairing and power set fail at every one of them.

The smallest limit ordinal greater than $\omega$ is $\omega+\omega$.

**Verification that $V_{\omega+\omega}$ satisfies all three:**
- $\omega+\omega$ is a limit ordinal → pairing and power set hold. ✓
- $\omega < \omega+\omega$ → infinity holds. ✓
- Consistent with the given that $V_{\omega+\omega}$ satisfies all three. ✓

**No smaller ordinal works:** Every $\alpha$ with $\omega < \alpha < \omega+\omega$ is a successor ordinal $\omega+n$ ($n\geq 1$), at which pairing and power set fail. And $\alpha\leq\omega$ fails infinity.

---

**Conclusion.** The least ordinal $\alpha$ such that $V_\alpha$ satisfies the axioms of power, pairing, and infinity simultaneously is:

$$\boxed{\alpha = \omega + \omega}$$

### PROOF COMPLETE
DEVIN_CLI_EXITED code=0
