Looking at this problem, I need to find the angle θ when a $2\sqrt{5} \times 4\sqrt{5}$ rectangle is rotated about its diagonal, sweeping volume $62\pi$.

**Setup.** The diagonal has length $\sqrt{(2\sqrt{5})^2+(4\sqrt{5})^2}=\sqrt{20+80}=10$. Place the diagonal along the $x$-axis from $A=(-5,0,0)$ to $C=(5,0,0)$. With $\cos\alpha=1/\sqrt{5}$, $\sin\alpha=2/\sqrt{5}$ (where $\alpha$ is the angle the diagonal makes with the shorter side), the other vertices are:
$$B=(-3,4,0),\quad D=(3,-4,0).$$

**Cross-sections.** For each $x$, the rectangle spans $y\in[y_{\min}(x),\,y_{\max}(x)]$ where:
- $x\in[-5,-3]$: $y_{\max}=2x+10$, $y_{\min}=\tfrac{-5-x}{2}$
- $x\in[-3,5]$: $y_{\max}=\tfrac{5-x}{2}$, $y_{\min}=\tfrac{-5-x}{2}$
- $x\in[3,5]$: $y_{\max}=\tfrac{5-x}{2}$, $y_{\min}=2x-10$

Every cross-section crosses the axis ($y_{\min}<0<y_{\max}$), so the rectangle splits into triangle $T_1$ (above, $y\geq 0$) and $T_2$ (below, $y\leq 0$), related by reflection $y\mapsto -y$.

**Key integrals.** Define $R_+(x)=y_{\max}(x)$, $R_-(x)=|y_{\min}(x)|$. By the symmetry $R_+(-x)=R_-(x)$:

$$\int_{-5}^{5}(R_+^2+R_-^2)\,dx = 2\int_{-5}^{5}y_{\max}^2\,dx.$$

Computing $\int_{-5}^{5}\tfrac{y_{\max}^2}{2}\,dx$:
$$\int_{-5}^{-3}\tfrac{(2x+10)^2}{2}\,dx+\int_{-3}^{5}\tfrac{(5-x)^2}{8}\,dx = \tfrac{16}{3}+\tfrac{64}{3}=\tfrac{80}{3}.$$

So $\int y_{\max}^2\,dx=\frac{160}{3}$, giving $\int(R_+^2+R_-^2)\,dx=\frac{320}{3}$.

For $\max(R_+,R_-)$, by symmetry:
$$\int_{-5}^{5}\max(R_+,R_-)^2\,dx=2\!\int_0^5\!R^2\,dx=2\!\left[\int_0^3\!\tfrac{(5+x)^2}{4}\,dx+\int_3^5\!(10-2x)^2\,dx\right]=2\!\left[\tfrac{129}{4}+\tfrac{32}{3}\right]=\tfrac{515}{6}.$$

**Volume formula.** For $\theta\leq\pi$ (no overlap between the two triangular sweeps):
$$V=\tfrac{\theta}{2}\int(R_+^2+R_-^2)\,dx=\tfrac{160\theta}{3}.$$
Setting $V=62\pi$ gives $\theta=\frac{93\pi}{80}\approx 209.25°>\pi$, so we need the $\theta>\pi$ case.

For $\pi<\theta\leq 2\pi$, the angular ranges $[0,\theta]$ (from $T_1$) and $[\pi,\pi+\theta]$ (from $T_2$) overlap. Decomposing the circle into regions with only-$T_1$, only-$T_2$, and both, the cross-sectional area at each $x$ is:
$$A(x)=(\theta-\pi)\max(R_+,R_-)^2+\tfrac{(2\pi-\theta)}{2}(R_+^2+R_-^2).$$

(Check: at $\theta=\pi$ this gives $\frac{\pi}{2}(R_+^2+R_-^2)$ ✓; at $\theta=2\pi$ it gives $\pi\max^2$ ✓.)

Integrating:
$$V=(\theta-\pi)\cdot\tfrac{515}{6}+\tfrac{(2\pi-\theta)}{2}\cdot\tfrac{320}{3}=\frac{515(\theta-\pi)+160(2\pi-\theta)}{6}=\frac{195\theta+125\pi}{6}.$$

**Solving.** Set $V=62\pi$:
$$\frac{195\theta+125\pi}{6}=62\pi \implies 195\theta+125\pi=372\pi \implies 195\theta=247\pi.$$
$$\theta=\frac{247\pi}{195}=\frac{19\pi}{15}\text{ radians}.$$

Converting to degrees:
$$\theta=\frac{19\pi}{15}\cdot\frac{180°}{\pi}=19\times 12°=\boxed{228°}.$$

**Verification.** At $\theta=\frac{19\pi}{15}$: $V=\frac{195\cdot\frac{19\pi}{15}+125\pi}{6}=\frac{247\pi+125\pi}{6}=\frac{372\pi}{6}=62\pi$ ✓. The angle $228°\in(180°,360°)$, consistent with our case assumption ✓.

### PROOF COMPLETE
DEVIN_CLI_EXITED code=0
