Looking at this problem, I need to find the number of 2-colorings (red/blue) of the edges of a transitive tournament on $N$ points such that no pair of points is mutually reachable by both a red path and a blue path.

**Answer check:** No leaked answers in the problem statement. Proceeding to solve.

---

## Proof

**Setup.** We have points $1, 2, \ldots, N$ with edges $i \to j$ for all $i < j$, each colored red or blue. A coloring is *monochromatic* if there do not exist $A, B$ such that $B$ is reachable from $A$ via red edges only **and** via blue edges only.

**Step 1: Reformulation via transitive closures.**

Let $P_R$ = set of pairs $(i,j)$, $i < j$, where $j$ is red-reachable from $i$. Let $P_B$ = the analogous blue-reachability set. Since every direct edge is either red or blue, every pair $(i,j)$ with $i<j$ belongs to at least one of $P_R, P_B$ (via the direct edge). The monochromatic condition is exactly $P_R \cap P_B = \emptyset$. Therefore $P_R, P_B$ **partition** all comparable pairs.

**Step 2: Equivalence to both color classes being transitive relations.**

I claim the monochromatic condition is equivalent to: for all $i < j < k$, if $c(i,j) = c(j,k)$ then $c(i,k) = c(i,j)$ (where $c$ denotes the edge color).

*Forward direction:* Suppose the coloring is monochromatic. If $c(i,j) = c(j,k) = \text{red}$ but $c(i,k) = \text{blue}$, then $(i,k) \in P_B$ (direct blue edge) and $(i,j) \in P_R, (j,k) \in P_R$ so by transitivity of reachability $(i,k) \in P_R$ — contradicting $P_R \cap P_B = \emptyset$. The blue case is symmetric.

*Backward direction:* Suppose the condition holds. Then the red edge set is a transitive relation (if $i \to j$ and $j \to k$ are red, so is $i \to k$), so $P_R$ equals the red edge set itself. Similarly $P_B$ equals the blue edge set. Since each edge has exactly one color, $P_R \cap P_B = \emptyset$. ✓

**Step 3: Bijection with permutations.**

Given a permutation $\sigma$ of $\{1, \ldots, N\}$, define a coloring: edge $i \to j$ ($i < j$) is **red** if $\sigma(i) < \sigma(j)$, **blue** if $\sigma(i) > \sigma(j)$.

*This is monochromatic:* For $i < j < k$, if $c(i,j) = c(j,k) = \text{red}$, then $\sigma(i) < \sigma(j) < \sigma(k)$, so $\sigma(i) < \sigma(k)$, giving $c(i,k) = \text{red}$. The blue case is symmetric (chain of $>$'s). ✓

*This map is injective:* The coloring determines the relative order of $\sigma(i), \sigma(j)$ for every pair, hence determines $\sigma$ uniquely.

*This map is surjective:* Given any monochromatic coloring, define a relation $\prec$ on $\{1,\ldots,N\}$: for $i < j$, set $i \prec j$ iff $c(i,j) = \text{red}$ (and $j \prec i$ iff $c(i,j) = \text{blue}$). This is a complete, antisymmetric relation. We verify **transitivity**: for any triple $i < j < k$, all six transitivity conditions for $\prec$ follow from the monochromatic condition. For instance:

- $i \prec j,\; j \prec k \Rightarrow i \prec k$: $c(i,j)=R, c(j,k)=R \Rightarrow c(i,k)=R$. ✓
- $i \prec k,\; k \prec j \Rightarrow i \prec j$: $c(i,k)=R, c(j,k)=B \Rightarrow c(i,j)=R$. This is the contrapositive of "if $c(i,j)=c(j,k)=B$ then $c(i,k)=B$." ✓
- $j \prec i,\; i \prec k \Rightarrow j \prec k$: $c(i,j)=B, c(i,k)=R \Rightarrow c(j,k)=R$. This is the contrapositive of "if $c(i,j)=c(j,k)$ then $c(i,k)=c(i,j)$" (if $c(j,k)=B$ then $c(i,j)=c(j,k)=B$ forces $c(i,k)=B$, contradiction). ✓

The remaining three cases follow by the same contrapositive reasoning. Since $\prec$ is transitive, it is a total order on $\{1,\ldots,N\}$, which corresponds to a unique permutation $\sigma$ with $\sigma(a) < \sigma(b) \iff a \prec b$. This permutation generates the original coloring. ✓

**Step 4: Count.**

The monochromatic colorings are in bijection with permutations of $\{1, \ldots, N\}$.

**Verification for small cases:**
- $N = 3$: $3! = 6$. Direct enumeration confirms 6 valid colorings out of $2^3 = 8$. ✓
- $N = 4$: $4! = 24$. Direct enumeration (case analysis on adjacent edge colors) confirms 24 valid colorings out of $2^6 = 64$. ✓

---

The number of monochromatic colorings is $\boxed{N!}$.

### PROOF COMPLETE
DEVIN_CLI_EXITED code=0
