Looking at this problem, I need to find the largest positive integer $n$ such that there is exactly one integer $m$ with $m < n^2$ and $K = \sqrt{n+\sqrt{m}} + \sqrt{n-\sqrt{m}}$ being a positive integer.

**Setting up the framework.** Since $K$ must be a real positive integer, we need $m \geq 0$ (so $\sqrt{m}$ is real) and $m < n^2$ (given). Squaring:

$$K^2 = 2n + 2\sqrt{n^2 - m}$$

For $K$ to be an integer, $\sqrt{n^2-m}$ must be an integer. Set $t = \sqrt{n^2 - m} \geq 1$ (since $m < n^2$), so $m = n^2 - t^2$ and $K^2 = 2(n+t)$.

For $K^2$ to be a perfect square, write $K = 2j$ (since $K^2 = 2(n+t)$ must be even-times-integer, $K$ is even), giving $n + t = 2j^2$, so $t = 2j^2 - n$.

**Constraints on $j$:**
- $t \geq 1$: $2j^2 \geq n+1$
- $t \leq n$ (i.e., $m \geq 0$): $j^2 \leq n$
- $j \geq 1$ (positive integer)

So valid $j$ are positive integers with $\frac{n+1}{2} \leq j^2 \leq n$.

**Counting valid $j$.** Each $j$ covers $n$ in the interval $[j^2,\, 2j^2-1]$. We need exactly one $j$ to cover $n$.

Consecutive ranges $[j^2, 2j^2-1]$ and $[(j{+}1)^2, 2(j{+}1)^2-1]$ overlap when $(j+1)^2 \leq 2j^2-1$, i.e., $j^2-2j-2 \geq 0$, which holds for $j \geq 3$.

The **unique range** for $j$ (covered by $j$ but not $j\pm1$) is:
$$\bigl[\max(j^2,\, 2(j{-}1)^2),\;\min(2j^2{-}1,\, (j{+}1)^2{-}1)\bigr]$$

Computing for each $j$:
| $j$ | Unique range for $n$ |
|-----|---------------------|
| 1 | $\{1\}$ |
| 2 | $\{4,5,6,7\}$ |
| 3 | $\{9,\ldots,15\}$ |
| 4 | $\{18,\ldots,24\}$ |
| 5 | $\{32,\ldots,35\}$ |
| $j\geq 6$ | **empty** |

For $j \geq 6$, the unique range $[2(j{-}1)^2,\; j^2+2j]$ is empty because $2(j{-}1)^2 > j^2+2j$ iff $j^2 - 6j + 2 > 0$, which holds for $j \geq 6$ (since $36-36+2=2>0$). This means every $n$ in $j$'s range is also covered by $j-1$ or $j+1$ (their ranges overlap for $j\geq 3$, and the gap between $j-1$'s end and $j+1$'s start is negative for $j\geq 6$).

**Verification that no $n \geq 36$ works.** For $n \geq 36$: if $n$ is in some $j$'s range with $j \geq 6$, then $j+1$ also covers $n$ (overlap exists for $j\geq 3$). If $n \leq 49$, both $j=5$ and $j=6$ cover it. For $n \geq 50$, any covering $j \geq 6$ has $j+1$ also covering $n$. Hence $f(n) \geq 2$ for all $n \geq 36$ with $f(n)>0$, and $f(n)=0$ otherwise. So $f(n) \neq 1$ for $n \geq 36$.

**Verification of $n = 35$.** The valid $j$ must satisfy $18 \leq j^2 \leq 35$:
- $j=4$: $j^2=16 < 18$ ✗
- $j=5$: $j^2=25$, $18 \leq 25 \leq 35$ ✓
- $j=6$: $j^2=36 > 35$ ✗

Exactly one valid $j=5$, giving $t = 2(25)-35 = 15$, $m = 35^2 - 15^2 = 1225 - 225 = 1000$, and $K = 10$.

Check: $K^2 = 2(35+15) = 100 = 10^2$ ✓, and $m = 1000 < 1225 = 35^2$ ✓.

**Conclusion.** The largest positive integer $n$ for which there exists a unique integer $m$ with $m < n^2$ and $K$ a positive integer is:

$$\boxed{35}$$

### PROOF COMPLETE
DEVIN_CLI_EXITED code=0
