## 答案泄露自检

已扫描题目文本。未发现泄露的答案、解答草图、形式化说明或 Lean 定理语句。题目中提到的 $f(t)=t^{1/n}$ 是一个测试函数族（用于逼近极值函数），而非泄露的答案。继续解答。

## 证明

我们计算泛函 $T_g : C[-1,1] \to \mathbb{R}$ 的算子范数，定义为
$$T_g(f) = \int_{-1}^{1} g(t)\,f(t)\,dt, \qquad g(t)=t,$$
其中 $C[-1,1]$ 上的范数为上确界范数 $\|f\| = \max_{t\in[-1,1]}|f(t)|$，且
$$\|T\| = \sup_{\|f\|=1} |T_g(f)|.$$

### 上界：$\|T\| \le 1$

对于任意 $f\in C[-1,1]$ 且 $\|f\|=1$，
$$|T_g(f)| = \left|\int_{-1}^{1} t\,f(t)\,dt\right| \le \int_{-1}^{1} |t|\,|f(t)|\,dt \le \|f\|\int_{-1}^{1}|t|\,dt = 1\cdot\int_{-1}^{1}|t|\,dt.$$
计算积分，
$$\int_{-1}^{1}|t|\,dt = 2\int_{0}^{1}t\,dt = 2\cdot\frac{1}{2}=1.$$
因此 $|T_g(f)|\le 1$ 对所有 $\|f\|=1$ 成立，从而 $\|T\|\le 1$.

### 下界：$\|T\|\ge 1$

我们使用题目中给出的测试函数族。对于 $n$ 为奇数，定义 $f_n(t)=t^{1/n}$。由于 $n$ 为奇数，$t\mapsto t^{1/n}$（实奇次根）在 $[-1,1]$ 上是连续的奇函数，因此 $f_n\in C[-1,1]$。此外，
$$\|f_n\|=\max_{t\in[-1,1]}|t^{1/n}|=1,$$
所以 $f_n$ 是一个容许的测试函数。

现在计算 $T_g(f_n)$：
$$T_g(f_n)=\int_{-1}^{1} t\cdot t^{1/n}\,dt=\int_{-1}^{1} t^{1+1/n}\,dt.$$
对于 $t<0$，由于 $n$ 为奇数，$t^{1/n}<0$，因此 $t\cdot t^{1/n}>0$；对于 $t>0$，$t\cdot t^{1/n}>0$。因此 $t^{1+1/n}$ 是 $[-1,1]$ 上的偶函数，所以
$$T_g(f_n)=2\int_{0}^{1} t^{1+1/n}\,dt = 2\left[\frac{t^{2+1/n}}{2+1/n}\right]_{0}^{1} = \frac{2}{2+1/n} = \frac{2n}{2n+1}.$$
由于 $\|f_n\|=1$，算子范数的定义给出
$$\|T\|\ge |T_g(f_n)| = \frac{2n}{2n+1}.$$
这对每个奇数 $n$ 都成立。令 $n\to\infty$（通过奇数），
$$\|T\|\ge \lim_{n\to\infty}\frac{2n}{2n+1}=1.$$

### 结论

结合两个界，我们得到
$$\boxed{\|T\| = 1}.$$

测试函数 $f_n(t)=t^{1/n}$（对于大奇数 $n$）是逼近极值函数 $f\equiv\operatorname{sgn}(t)$ 的连续函数序列，而该函数本身不连续，因此不在 $C[-1,1]$ 中；上确界虽可达到，但无法在 $C[-1,1]$ 中实现，这说明了为什么需要使用上确界（逼近）而非最大值。

### 证明完成
DEVIN_CLI_EXITED code=0
