## 解答

**答案泄露检查：** 题目文本仅包含偏微分方程 (PDE) 和边值条件 (boundary conditions)，没有泄露答案、证明草图或形式化说明。继续求解。

---

### 问题

在区域 $\{(r,\theta): r>1,\ 0<\theta<\pi\}$（即上半平面中单位圆盘的外部）中求解 Laplace 方程
$$u_{rr} + \tfrac{1}{r}u_r + \tfrac{1}{r^2}u_{\theta\theta}=0,$$
边值条件为
$$u(r,0)=0,\quad u(r,\pi)=0\quad (r>1),\qquad u(1,\theta)=f(\theta)\quad (0<\theta<\pi).$$

---

### 分离变量法

设 $u(r,\theta)=R(r)\Theta(\theta)$。代入并除以 $R\Theta/r^2$ 得到
$$\frac{r^2 R''+rR'}{R} = -\frac{\Theta''}{\Theta} = \lambda.$$

**角向问题。** $\Theta''+\lambda\Theta=0$，且 $\Theta(0)=\Theta(\pi)=0$。非平凡解要求 $\lambda=n^2$，$n=1,2,3,\dots$，得到
$$\Theta_n(\theta)=\sin(n\theta).$$

**径向问题。** $r^2 R''+rR'-n^2 R=0$，这是一个 Euler 方程，其通解为
$$R_n(r)=A_n r^n + B_n r^{-n}.$$

由于区域为 $r>1$（外部区域），我们要求 $u$ 在 $r\to\infty$ 时保持有界（Dirichlet 外问题的自然有界性/衰减条件）。这迫使 $A_n=0$，因此
$$R_n(r)=B_n r^{-n}.$$

**叠加。** 根据线性性质，
$$u(r,\theta)=\sum_{n=1}^{\infty} B_n\, r^{-n}\sin(n\theta).$$

**确定系数。** 在 $r=1$ 处施加边值条件：
$$f(\theta)=u(1,\theta)=\sum_{n=1}^{\infty} B_n \sin(n\theta),\qquad 0<\theta<\pi.$$
这是 $f$ 在 $(0,\pi)$ 上的正弦展开，因此根据 $\{\sin(n\theta)\}_{n\ge1}$ 的正交性，
$$\boxed{\,B_n = \frac{2}{\pi}\int_0^{\pi} f(\theta)\sin(n\theta)\,d\theta\,}.$$

---

### 解

$$\boxed{\displaystyle u(r,\theta)=\sum_{n=1}^{\infty}\left[\frac{2}{\pi}\int_0^{\pi} f(\varphi)\sin(n\varphi)\,d\varphi\right] r^{-n}\sin(n\theta),\qquad r>1,\ 0<\theta<\pi.}$$

---

### 验证

1. **PDE。** 每一项 $r^{-n}\sin(n\theta)$ 都是 $r>1$ 上的调和函数：$r^{-n}$ 满足径向 Euler 方程，$\sin(n\theta)$ 满足 $\Theta''=-n^2\Theta$，因此代入后等式成立。在 $r>1$ 内部，该级数及其导数一致收敛（被控于 $\sum |B_n| r^{-n}$，其中 $r>1$），因此可以逐项求导，从而得到调和函数。

2. **边值条件 $\theta=0,\pi$。** 由于 $\sin(n\cdot 0)=\sin(n\pi)=0$，每一项都消失，因此对于所有 $r>1$，都有 $u(r,0)=u(r,\pi)=0$。

3. **边值条件 $r=1$。** 根据构造，$u(1,\theta)=\sum B_n\sin(n\theta)$ 是 $f$ 的正弦级数。对于（通常假设的）分段 $C^1$ 函数 $f$，该级数在每个连续点收敛于 $f(\theta)$，在跳跃点收敛于平均值——这是 $(0,\pi)$ 上正弦级数的标准 Dirichlet–Jordan 收敛定理。

4. **在无穷远处的有界性。** 由于 $r^{-n}\to 0$，当 $r\to\infty$ 时 $u(r,\theta)\to 0$，满足外部问题的衰减条件。

因此，所给出的公式即为所求的解。$\blacksquare$

### PROOF COMPLETE
