```xml
<audit>
  <analysis_result_key>2270280</analysis_result_key>
  <problem_id>oda_math_460k_00055720</problem_id>
  <audit_status>PASS_SELECTABLE</audit_status>
  <check_results>
    <A1>PASS: dimension1_verdict is "DIRECTION_ERROR", which is one of the valid values.</A1>
    <A2>PASS: dimension1_explanation is non-empty and well over 50 characters.</A2>
    <A3>PASS: dimension2_turning_point_type is "other", which is one of the valid values.</A3>
    <A4>PASS: dimension2_explanation is non-empty and well over 50 characters.</A4>
    <A5>PASS: ai_direction_summary is non-empty.</A5>
    <A6>PASS: standard_solution_key_technique is non-empty.</A6>
    <B1>PASS: No XML tag leaks found in dimension1_explanation or dimension2_explanation.</B1>
    <B2>PASS: No template placeholder leaks found in either explanation.</B2>
    <B3>PASS: Both explanations are well over 50 characters.</B3>
    <C1>PASS: d1=DIRECTION_ERROR and d2 has a value, consistent with the rule.</C1>
    <C2>PASS: dimension1_explanation describes a wrong direction (hallucinated FVS problem instead of probability question), matching the DIRECTION_ERROR label.</C2>
    <C3>PASS: dimension2_explanation describes a basic statistics concept (expected value definition) that does not fit any listed number-theoretic technique, correctly matching the "other" label.</C3>
    <D1>PASS: dimension1_explanation is over 100 characters and contains action verbs ("misread", "hallucinated", "spent", "working").</D1>
    <D2>PASS: dimension2_explanation is over 100 characters and contains mathematical terms ("expected value", "discrete random variable", "E(x) = Σ x·P(x)").</D2>
    <D3>PASS: ai_direction_summary describes the specific direction the AI took (combinatorial optimization / graph theory, primal-dual 2-approximation for FVS).</D3>
    <D4>PASS: standard_solution_key_technique describes the specific technique (definition of expected value, Σ x·P(x) = E(x)).</D4>
    <E1>UNKNOWN — check via script</E1>
  </check_results>
  <issues_found>none</issues_found>
</audit>
```

### AUDIT COMPLETE
DEVIN_CLI_EXITED code=0
