**Claim:** Yes. Every open cover of $\mathbb{R}$ has a countable subcover.

**Proof.**

Recall that a space is *Lindelöf* if every open cover admits a countable subcover. We show $\mathbb{R}$ (with its standard topology) is Lindelöf by proving it is **second-countable** and then showing every second-countable space is Lindelöf.

---

**Step 1: $\mathbb{R}$ is second-countable.**

Let $\mathcal{B}$ be the collection of all open intervals with rational endpoints:

$$\mathcal{B} = \{(a,b) : a, b \in \mathbb{Q},\; a < b\}.$$

This is a countable collection (since $\mathbb{Q}\times\mathbb{Q}$ is countable). It is a basis for the standard topology on $\mathbb{R}$: every open set $U \subseteq \mathbb{R}$ is a union of open intervals, and every open interval $(x,y)$ is a union of rational-endpoint intervals — for any $p \in (x,y)$, pick $a, b \in \mathbb{Q}$ with $x < a < p < b < y$, giving $p \in (a,b) \subseteq (x,y)$. Hence $\mathbb{R}$ is second-countable.

---

**Step 2: Every second-countable space is Lindelöf.**

Let $X$ be a second-countable space with countable basis $\mathcal{B} = \{B_n : n \in \mathbb{N}\}$, and let $\mathcal{U} = \{U_\alpha\}_{\alpha \in A}$ be an open cover of $X$.

For each $x \in X$, choose some $U_{\alpha(x)} \in \mathcal{U}$ with $x \in U_{\alpha(x)}$. Since $\mathcal{B}$ is a basis, there exists $B_{n(x)} \in \mathcal{B}$ with $x \in B_{n(x)} \subseteq U_{\alpha(x)}$.

Now consider the set of basis elements that arise this way:

$$N = \{n(x) : x \in X\} \subseteq \mathbb{N}.$$

This is a subset of $\mathbb{N}$, hence **countable**. For each $n \in N$, pick *one* index $\alpha_n$ such that $B_n \subseteq U_{\alpha_n}$ (such an index exists by construction). We claim

$$\{U_{\alpha_n} : n \in N\}$$

is a countable subcover. Indeed, for any $x \in X$, we have $x \in B_{n(x)} \subseteq U_{\alpha_{n(x)}}$, so $x$ is covered. Since $N$ is countable, this subcover is countable.

---

**Conclusion.**

Applying Step 2 to $\mathbb{R}$ (which is second-countable by Step 1), every open cover of $\mathbb{R}$ admits a countable subcover. $\blacksquare$

### PROOF COMPLETE
DEVIN_CLI_EXITED code=0
