## Solution

**Setup.** For party size $n$, we have $P = n!$ and $S = \sum_{k=1}^n k = \dfrac{n(n+1)}{2}$. The party is "Perfectly Balanced" iff $S \mid P$, i.e., $\dfrac{n(n+1)}{2} \mid n!$.

**Reformulation.** Since $n! = n\cdot(n-1)!$,

$$\frac{n!}{S} = \frac{n!}{n(n+1)/2} = \frac{2\,(n-1)!}{n+1}.$$

So $n$ is Perfectly Balanced iff $(n+1) \mid 2\,(n-1)!$. Setting $m = n+1$ (so $m$ ranges over $4 \le m \le 21$), the condition becomes:

$$m \mid 2\,(m-2)!.$$

**Key observation (primes).** If $m$ is prime, then by Wilson's theorem $(m-1)! \equiv -1 \pmod{m}$. Since $(m-1)! = (m-1)(m-2)!$ and $m-1 \equiv -1 \pmod m$, we get $(m-2)! \equiv 1 \pmod{m}$, hence $2(m-2)! \equiv 2 \pmod{m}$. For prime $m \ge 3$, this is nonzero, so **every prime $m$ gives a NOT-balanced $n$**.

The primes in $[4,21]$ are $5, 7, 11, 13, 17, 19$, corresponding to $n = 4, 6, 10, 12, 16, 18$.

**Checking composite $m$.** For composite $m$ in $[4,21]$: $4, 6, 8, 9, 10, 12, 14, 15, 16, 18, 20, 21$. In each case $m$'s prime factors all appear in $(m-2)!$ with sufficient multiplicity (the only subtle case is $m=4$: $2\cdot 2! = 4$, and $4\mid 4$ ✓). Hence every composite $m$ yields a balanced $n$.

**Verification of the NOT-balanced cases:**
- $n=4$: $S=10=2\cdot5$, but $5\nmid 4!$ → NOT balanced ✓
- $n=6$: $S=21=3\cdot7$, but $7\nmid 6!$ → NOT balanced ✓
- $n=10$: $S=55=5\cdot11$, but $11\nmid 10!$ → NOT balanced ✓
- $n=12$: $S=78=2\cdot3\cdot13$, but $13\nmid 12!$ → NOT balanced ✓
- $n=16$: $S=136=8\cdot17$, but $17\nmid 16!$ → NOT balanced ✓
- $n=18$: $S=171=9\cdot19$, but $19\nmid 18!$ → NOT balanced ✓

**Sum.** The NOT-balanced party sizes are $4, 6, 10, 12, 16, 18$:

$$4 + 6 + 10 + 12 + 16 + 18 = \boxed{66}.$$

### PROOF COMPLETE
DEVIN_CLI_EXITED code=0
