## Answer Leak Self-Check

I have checked the problem text. It contains no leaked answers, solution sketches, or formalization notes. Proceeding to solve.

## Proof

**Setup.** Let $X = M_n(\mathbb{R})$, viewed as a real Banach space (indeed a finite-dimensional real vector space) with any norm. We seek open neighborhoods $U, V$ of $I$ and a map $\phi: V \to U$, $\phi(A) = \sqrt{A}$, that is well-defined and differentiable at $I$, and we compute $d\phi(I)(T)$.

---

**Step 1. The principal square root is real-analytic near the identity.**

Consider the complex principal branch of the square root,
$$f(z) = \sqrt{z}, \qquad f: \Omega = \mathbb{C}\setminus(-\infty,0] \to \mathbb{C},$$
which is holomorphic on $\Omega$, with $f(1)=1$ and $f'(z) = \frac{1}{2}z^{-1/2}$, so $f'(1)=\tfrac12$.

The spectrum $\sigma(I) = \{1\} \subset \Omega$. Since the spectrum depends continuously on the matrix, there exists an open neighborhood $\widetilde V \subseteq M_n(\mathbb{C})$ of $I$ such that for every $A \in \widetilde V$, $\sigma(A) \subset \Omega$. On $\widetilde V$ the **analytic functional calculus** defines
$$f(A) = \frac{1}{2\pi i}\oint_\Gamma f(z)\,(zI - A)^{-1}\,dz,$$
where $\Gamma$ is a contour in $\Omega$ enclosing $\sigma(A)$. The resolvent $(zI-A)^{-1}$ is analytic in $A$ (on the open set where $z\notin\sigma(A)$), and the contour integral preserves analyticity. Hence $A \mapsto f(A)$ is **complex-analytic** (hence real-analytic, hence $C^\infty$, hence differentiable) on $\widetilde V$.

Set $V = \widetilde V \cap M_n(\mathbb{R})$ and $U = f(V)$. For real $A \in V$ with $\sigma(A)\subset\Omega\cap\mathbb{R}=(0,\infty)$, the matrix $A$ has a unique positive-definite square root, which coincides with $f(A)$; in particular $f(A)\in M_n(\mathbb{R})$, so $U\subseteq M_n(\mathbb{R})$. Both $U$ and $V$ are open neighborhoods of $I$ (since $f(I)=I$ and $f$ is an open map near the regular point $I$). Thus $\phi = f|_V : V \to U$ is well-defined and differentiable at $I$.

---

**Step 2. Compute the derivative $d\phi(I)(T)$.**

We use the standard formula for the Fréchet derivative of a matrix function (Daleckii–Krein). For a $C^1$ function $g$ and a path $A(t)$ with $A(0)=A$, $\dot A(0)=T$,
$$\frac{d}{dt}\bigg|_{t=0} g(A(t)) \;=\; L_g(A,\,T),$$
where $L_g$ is the Fréchet derivative of the matrix function. When $A = \lambda I$ is a **scalar matrix**, every direction $T$ commutes with $A$, and the Fréchet derivative collapses to scalar multiplication:
$$L_g(\lambda I,\, T) \;=\; g'(\lambda)\, T.$$

This can be seen directly: take $A(t) = I + tT$. Since $I$ commutes with all matrices, we may simultaneously triangularize over $\mathbb{C}$; on each eigenvalue $\lambda_i=1$ the eigenvalue of $f(A(t))$ is $f(1+t\,\tau_i) = f(1) + t\,f'(1)\,\tau_i + O(t^2)$ where $\tau_i$ are the eigenvalues of $T$. Equivalently, using the contour integral and differentiating under the integral sign,
$$\frac{d}{dt}\bigg|_{t=0} f(I+tT) \;=\; \frac{1}{2\pi i}\oint_\Gamma f(z)\,(zI-I)^{-1}\,T\,(zI-I)^{-1}\,dz \;=\; \frac{1}{2\pi i}\oint_\Gamma \frac{f(z)}{(z-1)^2}\,dz \;\cdot\; T.$$
By Cauchy's integral formula for derivatives,
$$\frac{1}{2\pi i}\oint_\Gamma \frac{f(z)}{(z-1)^2}\,dz \;=\; f'(1) \;=\; \tfrac12.$$

Therefore
$$\boxed{\,d\phi(I)(T) \;=\; \tfrac{1}{2}\,T\,}$$
for every $T \in M_n(\mathbb{R}) \cong T_I X$.

---

**Summary.** Such neighborhoods $U, V$ exist: take $V$ any sufficiently small open neighborhood of $I$ on which every matrix has spectrum in $(0,\infty)$ (so the principal square root is defined and real-analytic by the holomorphic functional calculus), and $U = \phi(V)$. The map $\phi(A)=\sqrt{A}$ is real-analytic on $V$, hence differentiable at $I$, with Fréchet derivative
$$d\phi(I) = \tfrac12\,\mathrm{Id}_{M_n(\mathbb{R})}, \qquad d\phi(I)(T) = \tfrac12\,T.$$

### PROOF COMPLETE
DEVIN_CLI_EXITED code=0
