## Proof

Let the four distinct primes be $p_1, p_2, p_3, p_4$. The two equations are:

$$2p_1 + 3p_2 + 5p_3 + 7p_4 = 162 \quad (1)$$
$$11p_1 + 7p_2 + 5p_3 + 4p_4 = 162 \quad (2)$$

**Step 1: Eliminate $p_3$.** Subtract (1) from (2):

$$(11-2)p_1 + (7-3)p_2 + (5-5)p_3 + (4-7)p_4 = 0$$
$$9p_1 + 4p_2 - 3p_4 = 0$$
$$\boxed{9p_1 + 4p_2 = 3p_4} \quad (3)$$

**Step 2: Bound the primes.** From (1), every term is positive and less than 162:
- $7p_4 < 162 \Rightarrow p_4 \le 23$, so $p_4 \in \{2,3,5,7,11,13,17,19,23\}$.
- $5p_3 < 162 \Rightarrow p_3 \le 31$.
- $3p_2 < 162 \Rightarrow p_2 \le 53$.
- $2p_1 < 162 \Rightarrow p_1 \le 79$.

**Step 3: Enumerate $p_4$ via (3).** Since $p_1, p_2 \ge 2$ are distinct primes, $9p_1 + 4p_2 \ge 9\cdot 2 + 4\cdot 3 = 30$ (the smallest two distinct primes are 2 and 3). This rules out $p_4 \in \{2,3,5,7\}$ (since $3p_4 \le 21 < 30$).

| $p_4$ | $3p_4$ | Check $9p_1+4p_2 = 3p_4$ |
|---|---|---|
| 11 | 33 | $p_1=2: 4p_2=15$✗; $p_1=3: 4p_2=6$✗ — none |
| 13 | 39 | $p_1=2: 4p_2=21$✗; $p_1=3: 4p_2=12\Rightarrow p_2=3=p_1$✗ — none |
| 17 | 51 | $p_1=2: 4p_2=33$✗; $p_1=3: 4p_2=24\Rightarrow p_2=6$✗; $p_1=5: 4p_2=6$✗ — none |
| 19 | 57 | $p_1=2: 4p_2=39$✗; $p_1=3: 4p_2=30$✗; $p_1=5: 4p_2=12\Rightarrow p_2=3$ ✓; $p_1=7: 63>57$ — **one solution** |
| 23 | 69 | $p_1=2: 4p_2=51$✗; $p_1=3: 4p_2=42$✗; $p_1=5: 4p_2=24\Rightarrow p_2=6$✗; $p_1=7: 4p_2=6$✗ — none |

**Step 4: The unique candidate.** Only $p_4 = 19$, $p_1 = 5$, $p_2 = 3$ survives. Substitute into (1) to find $p_3$:

$$2(5) + 3(3) + 5p_3 + 7(19) = 162$$
$$10 + 9 + 5p_3 + 133 = 162$$
$$152 + 5p_3 = 162 \Rightarrow 5p_3 = 10 \Rightarrow p_3 = 2$$

**Step 5: Verify.** $(p_1,p_2,p_3,p_4) = (5,3,2,19)$ — all distinct primes.
- Eq (1): $10 + 9 + 10 + 133 = 162$ ✓
- Eq (2): $55 + 21 + 10 + 76 = 162$ ✓

**Step 6: Compute the product.**

$$p_1 \times p_2 \times p_3 \times p_4 = 5 \times 3 \times 2 \times 19 = \boxed{570}$$

Since the system admits exactly one solution in distinct primes, the only possible value of the product is **570**.

### PROOF COMPLETE
DEVIN_CLI_EXITED code=0
