## 计算 Tor₁(ℚ/ℤ, ℚ/ℤ)

**答案：** $\operatorname{Tor}_1^{\mathbb{Z}}(\mathbb{Q}/\mathbb{Z},\, \mathbb{Q}/\mathbb{Z}) \cong \mathbb{Q}/\mathbb{Z}$。

### 证明

我们使用 $\mathbb{Q}/\mathbb{Z}$ 的标准平坦分解（flat resolution）。考虑短正合序列

$$0 \to \mathbb{Z} \xrightarrow{\;\iota\;} \mathbb{Q} \to \mathbb{Q}/\mathbb{Z} \to 0,$$

其中 $\iota$ 是自然包含映射。由于 $\mathbb{Z}$ 是自由 $\mathbb{Z}$-模（因此是平坦的），且 $\mathbb{Q}$ 是无挠 $\mathbb{Z}$-模，在 PID 上它是平坦的，因此这是一个长度为 1 的平坦分解。

**将此分解与 $\mathbb{Q}/\mathbb{Z}$ 进行张量积**得到复形

$$0 \;\longrightarrow\; \mathbb{Z}\otimes\mathbb{Q}/\mathbb{Z} \;\xrightarrow{\;\iota\otimes\mathrm{id}\;}\; \mathbb{Q}\otimes\mathbb{Q}/\mathbb{Z} \;\longrightarrow\; 0.$$

由于平坦分解可计算 Tor 群，我们得到 $\operatorname{Tor}_1(\mathbb{Q}/\mathbb{Z},\mathbb{Q}/\mathbb{Z}) = \ker(\iota\otimes\mathrm{id})$ 且 $\operatorname{Tor}_0 = \operatorname{coker}(\iota\otimes\mathrm{id})$。

**计算 $\mathbb{Q}\otimes\mathbb{Q}/\mathbb{Z}$。** 由于 $\mathbb{Q} = S^{-1}\mathbb{Z}$，其中 $S = \mathbb{Z}\setminus\{0\}$，我们有 $\mathbb{Q}\otimes_{\mathbb{Z}} M \cong S^{-1}M$。对于 $M = \mathbb{Q}/\mathbb{Z}$（它是挠群），每个 $x\in\mathbb{Q}/\mathbb{Z}$ 都满足对于某个 $0\neq n\in S$ 有 $nx=0$，因此在局部化中 $x/1 = 0$。因此

$$\mathbb{Q}\otimes\mathbb{Q}/\mathbb{Z} \;=\; S^{-1}(\mathbb{Q}/\mathbb{Z}) \;=\; 0.$$

**计算 $\mathbb{Z}\otimes\mathbb{Q}/\mathbb{Z}$。** 显然 $\mathbb{Z}\otimes\mathbb{Q}/\mathbb{Z}\cong\mathbb{Q}/\mathbb{Z}$。

因此映射 $\iota\otimes\mathrm{id}:\;\mathbb{Q}/\mathbb{Z}\to 0$ 是零映射，且

$$\operatorname{Tor}_1(\mathbb{Q}/\mathbb{Z},\,\mathbb{Q}/\mathbb{Z}) \;=\; \ker(\mathbb{Q}/\mathbb{Z}\to 0) \;=\; \mathbb{Q}/\mathbb{Z}.$$

**一致性检查。** 我们验证 $\operatorname{Tor}_0 = \operatorname{coker}(\iota\otimes\mathrm{id}) = 0$ 是否与 $\mathbb{Q}/\mathbb{Z}\otimes\mathbb{Q}/\mathbb{Z}=0$ 相符。确实，$\mathbb{Q}/\mathbb{Z}$ 是可除的（因此对于任何 $d$ 和任何元素 $x$，存在 $y$ 使得 $dy=x$），同时也是挠群。对于任何 $a\otimes b$，设 $b$ 的阶为 $m$，因此 $mb=0$。由于 $\mathbb{Q}/\mathbb{Z}$ 是可除的，写成 $a = m\,c$ 的形式。那么 $a\otimes b = mc\otimes b = c\otimes mb = c\otimes 0 = 0$。因此 $\mathbb{Q}/\mathbb{Z}\otimes\mathbb{Q}/\mathbb{Z}=0$，这与 $\operatorname{Tor}_0=0$ 相符。✓

**使用滤余极限的独立验证。** 由于 $\mathbb{Q}/\mathbb{Z} = \varinjlim_{n}\, \mathbb{Z}/n\mathbb{Z}$（按整除性排序，带有自然包含映射），且 Tor 与滤余极限可交换：

$$\operatorname{Tor}_1(\mathbb{Q}/\mathbb{Z},\,\mathbb{Q}/\mathbb{Z}) \;=\; \varinjlim_n \operatorname{Tor}_1(\mathbb{Z}/n\mathbb{Z},\,\mathbb{Q}/\mathbb{Z}) \;=\; \varinjlim_n (\mathbb{Q}/\mathbb{Z})[n],$$

其中 $(\mathbb{Q}/\mathbb{Z})[n] = \{x\in\mathbb{Q}/\mathbb{Z}: nx=0\} = \tfrac{1}{n}\mathbb{Z}/\mathbb{Z} \cong \mathbb{Z}/n\mathbb{Z}$，且当 $n\mid m$ 时的转移映射是包含映射 $\tfrac{1}{n}\mathbb{Z}/\mathbb{Z}\hookrightarrow\tfrac{1}{m}\mathbb{Z}/\mathbb{Z}$。该余极限恰好是 $\mathbb{Q}/\mathbb{Z}$，证实了该结果。✓

### 结论

$$\boxed{\operatorname{Tor}_1^{\mathbb{Z}}(\mathbb{Q}/\mathbb{Z},\;\mathbb{Q}/\mathbb{Z}) \;\cong\; \mathbb{Q}/\mathbb{Z}.}$$

### PROOF COMPLETE
DEVIN_CLI_EXITED code=0
