Looking at this problem, I need to determine whether distinct natural numbers $m, n, p, q$ exist with $m+n = p+q$ and $\sqrt{m} + \sqrt[3]{n} = \sqrt{p} + \sqrt[3]{q} > 2004$.

**Answer leak check:** The problem text contains no solutions, solution sketches, or formalization notes. Proceeding to solve.

## Proof

**Key identity.** Let $a, b, c, d$ be positive integers satisfying
$$a + b = c + d \quad \text{and} \quad a + c = b^2 + bd + d^2.$$
Setting $m = a^2,\ n = b^3,\ p = c^2,\ q = d^3$, we claim $m+n = p+q$ and $\sqrt{m}+\sqrt[3]{n} = \sqrt{p}+\sqrt[3]{q}$.

*Proof of identity.* The equality $\sqrt{m}+\sqrt[3]{n} = a+b = c+d = \sqrt{p}+\sqrt[3]{q}$ is immediate from $a+b=c+d$. For the sums:
$$m + n - p - q = (a^2 - c^2) + (b^3 - d^3) = (a-c)(a+c) + (b-d)(b^2+bd+d^2).$$
Since $a+b = c+d$, we have $a - c = d - b = -(b-d)$, so
$$m+n-p-q = (d-b)(a+c) + (b-d)(b^2+bd+d^2) = (b-d)\bigl[b^2+bd+d^2 - (a+c)\bigr] = 0,$$
using $a + c = b^2 + bd + d^2$. $\square$

**Construction.** We seek $b, d$ with $bd$ even (to ensure $T$ is an integer), $b \neq d$, and $T > 2004$, where
$$T = \frac{b^2 + bd + d^2 + b + d}{2}, \qquad a = T - b, \qquad c = T - d.$$

Take $b = 38$, $d = 42$. Then:
$$b^2 + bd + d^2 = 1444 + 1596 + 1764 = 4804,$$
$$T = \frac{4804 + 38 + 42}{2} = \frac{4884}{2} = 2442,$$
$$a = 2442 - 38 = 2404, \qquad c = 2442 - 42 = 2400.$$

**Verification of the two conditions:**
- $a + b = 2404 + 38 = 2442 = 2400 + 42 = c + d$. ✓
- $a + c = 2404 + 2400 = 4804 = b^2 + bd + d^2$. ✓

**The four numbers:**
$$m = 2404^2 = 5{,}779{,}216, \quad n = 38^3 = 54{,}872, \quad p = 2400^2 = 5{,}760{,}000, \quad q = 42^3 = 74{,}088.$$

**Checking all requirements:**
- *Distinctness:* $5{,}779{,}216,\ 54{,}872,\ 5{,}760{,}000,\ 74{,}088$ are pairwise distinct. ✓
- *Equal sums:* $m + n = 5{,}779{,}216 + 54{,}872 = 5{,}834{,}088$ and $p + q = 5{,}760{,}000 + 74{,}088 = 5{,}834{,}088$. ✓
- *Equal radical sums:* $\sqrt{m} + \sqrt[3]{n} = 2404 + 38 = 2442$ and $\sqrt{p} + \sqrt[3]{q} = 2400 + 42 = 2442$. ✓
- *Exceeds 2004:* $2442 > 2004$. ✓

**Conclusion.** Yes, such distinct natural numbers exist. An explicit example is
$$(m, n, p, q) = (5{,}779{,}216,\ 54{,}872,\ 5{,}760{,}000,\ 74{,}088),$$
with $m+n = p+q = 5{,}834{,}088$ and $\sqrt{m}+\sqrt[3]{n} = \sqrt{p}+\sqrt[3]{q} = 2442 > 2004$.

### PROOF COMPLETE
DEVIN_CLI_EXITED code=0
