Looking at this problem, I need to find a necessary and sufficient condition for a vertex in a tournament to be the start of a Hamiltonian path.

**Answer Leak Self-Check:** The problem text contains no leaked answers, solutions, or solution sketches. Proceeding to solve.

---

## Theorem

A vertex $v$ in a tournament $T$ on $n$ vertices is the starting vertex of a Hamiltonian path **if and only if** $v$ can reach every other vertex of $T$ via a directed path.

Equivalently, $v$ belongs to the **source strongly connected component** of $T$ — the unique SCC with no incoming edges from other SCCs in the condensation.

---

## Proof

### Necessity

Suppose $v = v_1 \to v_2 \to \cdots \to v_n$ is a Hamiltonian path starting from $v$. For each $i$, the subpath $v_1 \to v_2 \to \cdots \to v_i$ is a directed path from $v$ to $v_i$. Hence $v$ reaches every vertex. $\checkmark$

### Sufficiency

We prove by induction on $n$ that if $v$ reaches every other vertex, then $v$ starts a Hamiltonian path.

**Base case** ($n = 1$): Trivial — the single vertex is itself a Hamiltonian path.

**Inductive step** ($n \geq 2$): Assume the result holds for all tournaments on fewer than $n$ vertices. Let $T$ be a tournament on $n$ vertices and let $v$ be a vertex that reaches every other vertex.

Consider the subtournament $T' = T - v$ on $V \setminus \{v\}$. Decompose $T'$ into strongly connected components (SCCs) $D_1, D_2, \ldots, D_m$, ordered so that all inter-component edges go from $D_i$ to $D_j$ whenever $i < j$. Thus $D_1$ is the **source SCC** of $T'$: no vertex outside $D_1$ can reach any vertex inside $D_1$.

**Claim:** $v$ has an out-neighbor in $D_1$.

*Proof of claim.* Since $v$ reaches every vertex in $D_1$, pick any $x \in D_1$ and let $v \to a_1 \to a_2 \to \cdots \to x$ be a directed path from $v$ to $x$ in $T$. Then $a_1 \in V \setminus \{v\}$, and $a_1$ reaches $x$ within $T'$. Since $D_1$ is the source SCC of $T'$, any vertex in $T'$ that reaches a vertex in $D_1$ must itself belong to $D_1$ (vertices in $D_j$ for $j > 1$ can only reach forward to $D_{j+1}, \ldots, D_m$, never backward to $D_1$). Hence $a_1 \in D_1$, and $v \to a_1$ gives an out-neighbor of $v$ in $D_1$. $\square$

Set $u = a_1 \in D_1$ with $v \to u$.

**$u$ reaches every vertex of $T'$.** Since $u \in D_1$:
- $u$ reaches every vertex in $D_1$ (by strong connectivity of $D_1$, or trivially if $|D_1| = 1$).
- $u$ reaches every vertex in $D_2, \ldots, D_m$ via the forward inter-component edges (all edges from $D_i$ to $D_j$ for $i < j$ go from $D_i$ to $D_j$).

Thus $u$ reaches all of $V \setminus \{v\}$.

**Apply induction.** Since $T'$ has $n - 1 < n$ vertices and $u$ reaches every vertex in $T'$, by the induction hypothesis there exists a Hamiltonian path of $T'$ starting from $u$:
$$u = w_1 \to w_2 \to \cdots \to w_{n-1}.$$

**Construct the Hamiltonian path of $T$.** Since $v \to u = w_1$, the path
$$v \to w_1 \to w_2 \to \cdots \to w_{n-1}$$
is a Hamiltonian path of $T$ starting from $v$. $\square$

---

## Remark on equivalent formulations

The condition "$v$ reaches every other vertex" is equivalent to each of:

1. **$v$ is in the source SCC.** The condensation of a tournament is a transitive tournament (a total order on SCCs). The source SCC $C_1$ is the unique SCC with in-degree 0. A vertex $v \in C_i$ can reach exactly $C_i \cup C_{i+1} \cup \cdots \cup C_m$, so $v$ reaches all vertices iff $i = 1$.

2. **No "dominating subset" excludes $v$.** There is no nonempty subset $S \subseteq V \setminus \{v\}$ such that all edges between $S$ and $V \setminus S$ are directed from $S$ to $V \setminus S$. (Such an $S$ would be a union of SCCs preceding $v$'s SCC, making $v$ unable to reach $S$.)

### PROOF COMPLETE
DEVIN_CLI_EXITED code=0
