Looking at this problem, I need to find all functions $f: \mathbb{R} \to \mathbb{R}$ satisfying the given equation. Let me work through it systematically.

**Step 1: Determine $f(0)$.**

Set $x = y = z = 0$:
$$\text{LHS} = (f(0)+f(0))(f^2(0)-f(0)f(0)+f^2(0)) = 2f(0)\cdot f^2(0) = 2f^3(0)$$
$$\text{RHS} = 0\cdot f(0) - 0\cdot f(0) + 0 - f^3(0) = -f^3(0)$$

So $2f^3(0) = -f^3(0)$, giving $3f^3(0)=0$, hence $\boxed{f(0)=0}$.

**Step 2: Reduce by setting $z = 0$.**

With $f(0)=0$: $f(z)=0$, $f^2(z)=0$, $f(y)f(z)=0$, $f(yz)=f(0)=0$, $f(x)f(y)f(z)=0$, $x^2+z^2=x^2$.

$$\text{LHS} = (f(x)+f(y))\cdot f^2(y), \qquad \text{RHS} = xf(x^2) + y^3$$

This gives the key relation:
$$f(x)\,f^2(y) + f^3(y) = x\,f(x^2) + y^3 \quad \text{for all } x,y \in \mathbb{R}. \tag{A}$$

**Step 3: Set $x = 0$ in (A).**

$$f(0)\cdot f^2(y) + f^3(y) = 0 + y^3 \implies f^3(y) = y^3 \quad \text{for all } y.$$

Since $t \mapsto t^3$ is a bijection on $\mathbb{R}$, this forces:
$$f(y) = y \quad \text{for all } y \in \mathbb{R}.$$

**Step 4: Set $y = 0$ in (A).**

$$f(x)\cdot f^2(0) + f^3(0) = x\,f(x^2) + 0 \implies 0 = x\,f(x^2) \quad \text{for all } x.$$

This requires $f(x^2) = 0$ for all $x \neq 0$, i.e., $f(t) = 0$ for all $t > 0$.

**Step 5: Contradiction.**

Step 3 forces $f(t) = t$ for all $t > 0$, while Step 4 forces $f(t) = 0$ for all $t > 0$.

For any $t > 0$, this gives $t = 0$, which is impossible.

**Verification that $f = \text{id}$ indeed fails:** With $f(x)=x$, $x=1, y=2, z=3$:
- LHS $= (1+2)(4-6+9) = 3\cdot 7 = 21$
- RHS $= 1\cdot(1+9) - (2-3)\cdot 6 + 8 - 6 = 10+6+8-6 = 18$

Since $21 \neq 18$, the identity function does not satisfy the original equation, confirming the contradiction.

## Conclusion

The three necessary conditions derived from the functional equation are mutually contradictory:
1. $f(0) = 0$ (from $x=y=z=0$),
2. $f(y) = y$ for all $y$ (from $z=0, x=0$),
3. $f(t) = 0$ for all $t > 0$ (from $z=0, y=0$).

Conditions 2 and 3 cannot both hold. Therefore, **no function $f: \mathbb{R} \to \mathbb{R}$ satisfies the given equation**.

### PROOF COMPLETE
DEVIN_CLI_EXITED code=0
