Looking at this problem, I need to find $g(k) = \lim_{m\to\infty} \frac{\ln f(m)}{\ln m}$ where $f(m) = \min_{A \in \mathcal{F}_m} \max\{|B| : B \le A, B \text{ has no } k\times k \text{ all-1 submatrix}\}$.

## Setting Up the Framework

A binary matrix with $m$ ones corresponds to a bipartite graph $G$ with $m$ edges. A $k \times k$ all-1 submatrix is a $K_{k,k}$ (complete bipartite subgraph). So $f(m)$ is the minimum over all bipartite graphs with $m$ edges of the maximum $K_{k,k}$-free subgraph size.

## Upper Bound: A Bad Matrix

**Claim:** $f(m) \le O\!\left(m^{k/(k+1)}\right)$.

Take $A$ = all-ones $a \times b$ matrix with $a = m^{k/(k+1)}$, $b = m^{1/(k+1)}$, so $ab = m$.

By the Kővári–Sós–Turán theorem, the maximum $K_{k,k}$-free subgraph of $K_{a,b}$ satisfies:
$$z(a,b;k,k) \le (k-1)^{1/k}(b - k + 1)\,a^{1-1/k} + (k-1)a.$$

Computing each term with our parameters:
- **First term:** $(k-1)^{1/k} \cdot m^{1/(k+1)} \cdot m^{(k/(k+1))(1-1/k)} = (k-1)^{1/k}\, m^{1/(k+1)+(k-1)/(k+1)} = (k-1)^{1/k}\, m^{k/(k+1)}$
- **Second term:** $(k-1)\, m^{k/(k+1)}$

Both are $O(m^{k/(k+1)})$, so $h(A) \le O(m^{k/(k+1)})$, giving $f(m) \le O(m^{k/(k+1)})$.

**Tightness of this shape:** A probabilistic construction (keep each entry with probability $p = c\,a^{-1/k}$) yields a $K_{k,k}$-free submatrix with $\Omega(b \cdot a^{1-1/k}) = \Omega(m^{k/(k+1)})$ ones, confirming $h(A) = \Theta(m^{k/(k+1)})$ for this matrix.

## Lower Bound: No Matrix Is Worse

**Claim:** For **every** matrix $A$ with $m$ ones, $h(A) \ge \Omega(m^{k/(k+1)})$.

**Key Lemma.** *For any 0-1 matrix with $m$ ones, the number $N_{k,k}$ of $K_{k,k}$ submatrices satisfies $N_{k,k} \le \frac{m^k}{(k!)^2}$.*

*Proof.* Let $r_i$ = row sums, $d'(R)$ = number of columns that are all-1 on row-set $R$.

**Step 1:** Since $d'(R) \le \min_{i \in R} r_i \le \left(\prod_{i \in R} r_i\right)^{1/k}$, we get $\binom{d'(R)}{k} \le \frac{d'(R)^k}{k!} \le \frac{1}{k!}\prod_{i \in R} r_i$.

**Step 2:** Summing over all $k$-subsets $R$ of rows:
$$N_{k,k} \le \frac{1}{k!}\sum_{R \in \binom{[a]}{k}} \prod_{i \in R} r_i = \frac{e_k(r_1,\ldots,r_a)}{k!}$$
where $e_k$ is the $k$-th elementary symmetric polynomial. By **Maclaurin's inequality**, $e_k \le \binom{a}{k}\left(\frac{\sum r_i}{a}\right)^k = \binom{a}{k}\left(\frac{m}{a}\right)^k \le \frac{m^k}{k!}$.

Therefore $N_{k,k} \le \frac{m^k}{(k!)^2}$. $\square$

**Probabilistic deletion argument.** Given $A$ with $m$ ones, form $B'$ by keeping each 1 independently with probability $p$. Then:
- $\mathbb{E}[|B'|] = mp$
- $\mathbb{E}[\#\text{ copies of } K_{k,k} \text{ in } B'] \le \frac{m^k\, p^{k^2}}{(k!)^2}$

So there exists $B'$ with $|B'| - \#\{K_{k,k}\} \ge mp - \frac{m^k p^{k^2}}{(k!)^2}$. Delete one entry from each $K_{k,k}$ to obtain a $K_{k,k}$-free $B \le A$ with:
$$|B| \ge mp - \frac{m^k\, p^{k^2}}{(k!)^2}.$$

**Optimize:** Set $p = m^{-1/(k+1)}$. Then:
- $mp = m^{k/(k+1)}$
- $\frac{m^k\, p^{k^2}}{(k!)^2} = \frac{m^{k - k^2/(k+1)}}{(k!)^2} = \frac{m^{k/(k+1)}}{(k!)^2}$

$$|B| \ge m^{k/(k+1)}\!\left(1 - \frac{1}{(k!)^2}\right) = \Omega\!\left(m^{k/(k+1)}\right).$$

This holds for **every** $A \in \mathcal{F}_m$, so $f(m) \ge \Omega(m^{k/(k+1)})$.

## Combining

$$g(k) = \lim_{m\to\infty} \frac{\ln f(m)}{\ln m} = \frac{k}{k+1}.$$

## Final Computation

$$g(2) = \frac{2}{3}, \quad g(3) = \frac{3}{4}, \quad g(4) = \frac{4}{5}.$$

$$g(2) + g(3) + g(4) = \frac{2}{3} + \frac{3}{4} + \frac{4}{5} = \frac{40}{60} + \frac{45}{60} + \frac{48}{60} = \boxed{\frac{133}{60}}.$$

### PROOF COMPLETE
DEVIN_CLI_EXITED code=0
