## Proof

Let $f^2 = f\circ f$ and $f^3 = f\circ f\circ f$. The equation is

$$f^3(x) + f^2(y) = f(y) + x \qquad \text{for all } x,y\in\mathbb{R}. \tag{P}$$

**Step 1. Separating variables.**

Rearranging (P): $f^3(x) - x = f(y) - f^2(y)$. The left side depends only on $x$ and the right side only on $y$, so both sides equal a common constant $c\in\mathbb{R}$. Hence

$$f^3(x) = x + c \quad\text{for all } x, \tag{1}$$
$$f^2(y) = f(y) - c \quad\text{for all } y. \tag{2}$$

**Step 2. $f$ is surjective.**

From (1), the map $x \mapsto x+c$ is bijective, hence surjective. Since $f^3 = f\circ f\circ f$ is surjective, $f$ itself is surjective: for any $z\in\mathbb{R}$, pick $x$ with $f^3(x)=z$; then $z = f(f(f(x)))$ lies in the image of $f$.

**Step 3. Determining $f$.**

From (2), for every $y$ we have $f(f(y)) = f(y) - c$. Setting $u = f(y)$, this reads $f(u) = u - c$ for every $u$ in the image of $f$. By Step 2 the image of $f$ is all of $\mathbb{R}$, so

$$f(u) = u - c \quad\text{for all } u\in\mathbb{R}. \tag{3}$$

**Step 4. Pinning down $c$.**

Using (3): $f^2(x) = x - 2c$ and $f^3(x) = x - 3c$. Substituting into (P):

$$(x - 3c) + (y - 2c) = (y - c) + x \implies x + y - 5c = x + y - c \implies 4c = 0 \implies c = 0.$$

Therefore $f(x) = x$ for all $x$.

**Verification.** With $f(x)=x$: $f^3(x)+f^2(y) = x + y = f(y) + x$. ✓

The unique solution is $\boxed{f(x) = x}$.

### PROOF COMPLETE
DEVIN_CLI_EXITED code=0
