## Answer Leak Self-Check

I scanned the problem text for leaked answers, solution sketches, formalization notes, or embedded official solutions. None found. Proceeding to solve.

## Solution

We work in $\mathbb{R}^3$ with the standard Euclidean norm $|u|$. The domain is the annular (spherical shell) region
$$A = \{u \in \mathbb{R}^3 : r \le |u| \le 1\}, \qquad r \in (0,1).$$

We must evaluate
$$\lim_{r \to 0^+} \int_A \frac{1}{|u|}\, du.$$

### Switching to spherical coordinates

Let $u = (\rho\sin\theta\cos\varphi,\ \rho\sin\theta\sin\varphi,\ \rho\cos\theta)$ with $\rho = |u| \ge 0$, $\theta \in [0,\pi]$, $\varphi \in [0,2\pi)$. The volume element is
$$du = \rho^2 \sin\theta\, d\rho\, d\theta\, d\varphi,$$
and the integrand is $1/|u| = 1/\rho$. The region $A$ is described by $\rho \in [r,1]$, $\theta \in [0,\pi]$, $\varphi \in [0,2\pi)$, so the integral separates:

$$\int_A \frac{1}{|u|}\, du = \int_r^1 \frac{1}{\rho}\,\rho^2\, d\rho \int_0^\pi \sin\theta\, d\theta \int_0^{2\pi} d\varphi.$$

### Evaluating each factor

- Radial factor:
$$\int_r^1 \rho\, d\rho = \left[\frac{\rho^2}{2}\right]_r^1 = \frac{1}{2} - \frac{r^2}{2} = \frac{1-r^2}{2}.$$

- Polar factor:
$$\int_0^\pi \sin\theta\, d\theta = \big[-\cos\theta\big]_0^\pi = 2.$$

- Azimuthal factor:
$$\int_0^{2\pi} d\varphi = 2\pi.$$

### Combining

$$\int_A \frac{1}{|u|}\, du = \frac{1-r^2}{2}\cdot 2 \cdot 2\pi = 2\pi(1 - r^2).$$

### Taking the limit

$$\lim_{r \to 0^+} \int_A \frac{1}{|u|}\, du = \lim_{r \to 0^+} 2\pi(1 - r^2) = 2\pi(1 - 0) = 2\pi.$$

### Why the limit exists (integrand is integrable near the origin)

The potential singularity is at $|u|=0$. Near the origin in $\mathbb{R}^3$, the integrand $1/|u|$ combined with the volume element gives a radial integrand of $\rho$ (since $du \sim \rho^2 d\rho$ and $1/|u| = 1/\rho$). The radial integral $\int_0^1 \rho\, d\rho = 1/2$ is finite, so $1/|u|$ is locally integrable in $\mathbb{R}^3$ around the origin. This is precisely why the limit as $r \to 0^+$ exists and is finite: the singularity is mild enough that the "excluded" ball of radius $r$ contributes a vanishing amount $\int_0^r \rho\, d\rho \cdot 4\pi = 2\pi r^2 \to 0$.

### Conclusion

The limit exists, and

$$\boxed{\lim_{r \to 0^+} \int_{\{u \in \mathbb{R}^3 :\, r \le |u| \le 1\}} \frac{1}{|u|}\, du = 2\pi.}$$

### PROOF COMPLETE
DEVIN_CLI_EXITED code=0
