Looking at the problem, I need to find all functions $f:\mathbb{R}^{+}\rightarrow\mathbb{R}^{+}$ satisfying $f(xy + f(x)) = xf(y) + 2$.

Let me first check for answer leaks: the problem text contains only the functional equation with no solutions, hints, or formalization notes. No leak detected.

Now let me solve it.

---

**Solution.**

Let $P(x,y)$ denote the assertion $f(xy+f(x))=xf(y)+2$.

**Claim:** The unique solution is $f(x)=x+1$.

**Verification.** $f(xy+f(x))=f(xy+x+1)=xy+x+2$ and $xf(y)+2=x(y+1)+2=xy+x+2$. ✓

It remains to prove uniqueness.

---

### Step 1: Injectivity of $f$

Suppose $f(a)=f(b)$ with $a>b>0$. From $P(x,a)$ and $P(x,b)$:
$$f(xa+f(x))=xf(a)+2=xf(b)+2=f(xb+f(x))\quad\text{for all }x>0.$$

Set $u=xa+f(x)$, $v=xb+f(x)$, so $u>v>0$ and $f(u)=f(v)$. Denote $w=f(u)=f(v)$. From $P(u,y)$ and $P(v,y)$:
$$f(uy+w)=uf(y)+2,\qquad f(vy+w)=vf(y)+2.$$

For $t>w$, write $t=uy+w$ with $y=(t-w)/u>0$; then $f(t)=u\,f\!\left(\frac{t-w}{u}\right)+2$. Similarly $f(t)=v\,f\!\left(\frac{t-w}{v}\right)+2$. Setting equal with $s=\frac{t-w}{u}>0$:
$$u\,f(s)=v\,f\!\left(\tfrac{us}{v}\right).$$

Let $r=u/v>1$. Then $f(rs)=r\,f(s)$ for all $s>0$.

Now apply $P(r,y)$: $f(ry+f(r))=rf(y)+2$. Since $f(r)=f(r\cdot1)=r\,f(1)=rc$ (where $c:=f(1)$):
$$f(r(y+c))=rf(y)+2.$$

Using $f(rs)=rf(s)$ with $s=y+c$: $f(r(y+c))=r\,f(y+c)$. From $P(1,y)$ (Step 2 below), $f(y+c)=f(y)+2$, so $f(r(y+c))=r(f(y)+2)=rf(y)+2r$.

Thus $rf(y)+2r=rf(y)+2$, giving $r=1$, contradicting $r>1$. Hence $f$ is **injective**.

---

### Step 2: The shift relation

From $P(1,y)$: $f(y+f(1))=f(y)+2$ for all $y>0$. Setting $c=f(1)$:
$$\boxed{f(y+c)=f(y)+2\quad\text{for all }y>0.}\tag{B}$$

---

### Step 3: Extended shift

From $P(x,y+c)$ and $P(x,y)$:
- $P(x,y+c)$: $f(xy+xc+f(x))=xf(y+c)+2=x(f(y)+2)+2=xf(y)+2x+2$.
- $P(x,y)$: $f(xy+f(x))=xf(y)+2$.

Subtracting: $f(xy+xc+f(x))-f(xy+f(x))=2x$. Setting $t=xy+f(x)$ (which ranges over $(f(x),\infty)$ as $y$ varies over $\mathbb{R}^+$):
$$\boxed{f(t+\alpha c)=f(t)+2\alpha\quad\text{for all }\alpha>0,\; t>f(\alpha).}\tag{D}$$

---

### Step 4: $f$ is linear

Apply $P(x+c,\,y)$ (valid since $x+c>0$):
$$f\big((x+c)y+f(x+c)\big)=(x+c)f(y)+2.$$

Using (B): $f(x+c)=f(x)+2$, so:
$$f\big(xy+cy+f(x)+2\big)=xf(y)+cf(y)+2.\tag{$\star$}$$

Write the argument as $(xy+f(x))+(cy+2)$. Set $t=xy+f(x)$ and note $cy+2=c\!\left(y+\tfrac{2}{c}\right)$, so by (D) with $\alpha=y+\frac{2}{c}$:
$$f(t+cy+2)=f(t)+2y+\frac{4}{c}\quad\text{provided }t>f\!\left(y+\tfrac{2}{c}\right).$$

For any fixed $y>0$, choose $x$ large enough so that $t=xy+f(x)>f\!\left(y+\frac{2}{c}\right)$ (possible since $xy+f(x)\to\infty$ as $x\to\infty$). Then:
$$f(xy+cy+f(x)+2)=f(xy+f(x))+2y+\frac{4}{c}=\big(xf(y)+2\big)+2y+\frac{4}{c}.$$

Combining with $(\star)$:
$$xf(y)+2+2y+\frac{4}{c}=xf(y)+cf(y)+2.$$

Canceling $xf(y)+2$:
$$2y+\frac{4}{c}=cf(y),$$
$$\boxed{f(y)=\frac{2}{c}\,y+\frac{4}{c^2}\quad\text{for all }y>0.}$$

---

### Step 5: Determine $c$

Since $c=f(1)=\frac{2}{c}+\frac{4}{c^2}$, multiplying by $c^2$:
$$c^3=2c+4\quad\Longrightarrow\quad c^3-2c-4=0.$$

Testing $c=2$: $8-4-4=0$ ✓. Factoring:
$$(c-2)(c^2+2c+2)=0.$$

The quadratic $c^2+2c+2=(c+1)^2+1>0$ has no real roots. Hence $c=2$ is the unique real solution.

Substituting: $f(y)=\frac{2}{2}\,y+\frac{4}{4}=y+1$.

---

### Conclusion

The unique function $f:\mathbb{R}^+\to\mathbb{R}^+$ satisfying $f(xy+f(x))=xf(y)+2$ for all $x,y\in\mathbb{R}^+$ is:

$$\boxed{f(x)=x+1.}$$

### PROOF COMPLETE
