Error: Agent error: Permission denied: Permission denied: Reached overall message rate limit. Please try again later. Your limit will reset in 45 minutes. (trace ID: 903728b0b3fb5f822659df8baff49b50): {
  "cognition.ai/errorKind": "internal",
  "cognition.ai/retryable": true
}
DEVIN_CLI_EXITED code=1
Error: Agent error: Permission denied: Permission denied: Reached overall message rate limit. Please try again later. Your limit will reset in 41 minutes. (trace ID: 37bbd58e89b46702dad92616967acf01): {
  "cognition.ai/errorKind": "internal",
  "cognition.ai/retryable": true
}
DEVIN_CLI_EXITED code=1
Error: Agent error: Permission denied: Permission denied: Reached overall message rate limit. Please try again later. Your limit will reset in 35 minutes. (trace ID: 2a62b9421ec3ae77a080a95b3c3fd7c5): {
  "cognition.ai/errorKind": "internal",
  "cognition.ai/retryable": true
}
DEVIN_CLI_EXITED code=1
Error: Agent error: Permission denied: Permission denied: Reached overall message rate limit. Please try again later. Your limit will reset in 29 minutes. (trace ID: 5e135c601ad78fcd0d413abfa90dd490): {
  "cognition.ai/errorKind": "internal",
  "cognition.ai/retryable": true
}
DEVIN_CLI_EXITED code=1
Error: Agent error: Permission denied: Permission denied: Reached overall message rate limit. Please try again later. Your limit will reset in 25 minutes. (trace ID: afde97f340b82dbd7c5a02474dba2e43): {
  "cognition.ai/errorKind": "internal",
  "cognition.ai/retryable": true
}
DEVIN_CLI_EXITED code=1
Error: Agent error: Permission denied: Permission denied: Reached overall message rate limit. Please try again later. Your limit will reset in 19 minutes. (trace ID: 4f0360036e6112f1a64934f30c3c7eb2): {
  "cognition.ai/errorKind": "internal",
  "cognition.ai/retryable": true
}
DEVIN_CLI_EXITED code=1
Error: Agent error: Permission denied: Permission denied: Reached overall message rate limit. Please try again later. Your limit will reset in 13 minutes. (trace ID: 14aa429ee182fb1af414faebef6671fe): {
  "cognition.ai/errorKind": "internal",
  "cognition.ai/retryable": true
}
DEVIN_CLI_EXITED code=1
Error: Agent error: Permission denied: Permission denied: Reached overall message rate limit. Please try again later. Your limit will reset in 9 minutes. (trace ID: c8e5aea5797a5c2bb142042d2e193af0): {
  "cognition.ai/errorKind": "internal",
  "cognition.ai/retryable": true
}
DEVIN_CLI_EXITED code=1
Error: Agent error: Permission denied: Permission denied: Reached overall message rate limit. Please try again later. Your limit will reset in 3 minutes. (trace ID: 71ef2ea00589762e820acf3d101d446e): {
  "cognition.ai/errorKind": "internal",
  "cognition.ai/retryable": true
}
DEVIN_CLI_EXITED code=1
```xml
<analysis>
  <problem_id>deepmath_103k_00000595</problem_id>
  <dimension1_verdict>DIRECTION_ERROR</dimension1_verdict>
  <dimension1_explanation>The AI's thinking addresses an entirely different problem — analyzing when the twisted tangent bundle E = Tℙⁿ ⊗ O(d-1) on projective space admits a globally nonvanishing section (an algebraic geometry question) — rather than the actual problem of evaluating the Fourier-coefficient integral a_n = (1/4π)∫(π-x)²cos(nx)dx. The AI never engaged with integration by parts, trigonometric integrals, or any calculus technique relevant to the standard solution; it solved a unrelated problem from start to finish.</dimension1_explanation>
  <dimension2_turning_point_type>other</dimension2_turning_point_type>
  <dimension2_explanation>The standard solution's key technique is two successive applications of integration by parts on a polynomial-times-trigonometric integrand, exploiting that boundary terms vanish (sin(2πn)=sin(0)=0) and that the residual cos(nx) integral over a full period is zero, yielding 4π/n² before the 1/(4π) normalization. This is a calculus technique with no modular-arithmetic or finite-field turning point.</dimension2_explanation>
  <ai_direction_summary>The AI attempted an algebraic geometry problem about nonvanishing sections of Tℙⁿ⊗O(d-1), using the Euler sequence, Chern class computations, stability of Tℙⁿ, and Poincaré-Hopf-type obstructions — none of which relate to the integral.</ai_direction_summary>
  <standard_solution_key_technique>Two rounds of integration by parts on ∫(π-x)²cos(nx)dx, using vanishing boundary terms and the full-period integral of cos(nx) being zero.</standard_solution_key_technique>
  <confidence>high</confidence>
</analysis>
```

### ANALYSIS COMPLETE
DEVIN_CLI_EXITED code=0
