## Solution

Let me analyze the function carefully. For $x \in [0,1] \cap \mathbb{Q}^c$, let $n(x)$ denote the number of zeroes immediately after the decimal point in the (unique non-terminating) decimal expansion $x = 0.d_1 d_2 d_3 \dots$

**Step 1: Partition the irrationals.** For each $k \geq 0$, define
$$A_k = \{x \in [0,1] \cap \mathbb{Q}^c : d_1 = \cdots = d_k = 0,\; d_{k+1} \neq 0\}.$$
That is, $A_k$ is the set of irrationals whose first $k$ digits after the decimal point are zero and whose $(k+1)$-th digit is nonzero. On $A_k$ we have $n(x) = k$, hence $f(x) = 9^k$.

The sets $\{A_k\}_{k \geq 0}$ together with $\mathbb{Q} \cap [0,1]$ partition $[0,1]$ (every irrational has a unique non-terminating decimal expansion, so $n(x)$ is well-defined; the point $x=0$ is rational).

**Step 2: Compute the measure of $A_k$.** The condition "$d_1 = \cdots = d_k = 0,\; d_{k+1} \neq 0$" characterizes exactly the interval
$$[10^{-(k+1)},\; 10^{-k}).$$
Removing the rationals (a null set) does not change the Lebesgue measure, so
$$m(A_k) = 10^{-k} - 10^{-(k+1)} = 10^{-(k+1)}(10 - 1) = 9 \cdot 10^{-(k+1)}.$$

**Step 3: Evaluate the integral.** Since $f \geq 0$ is measurable (it is constant on each Borel set $A_k$ and zero on the null set $\mathbb{Q}$), by the monotone convergence theorem / Tonelli's theorem,
$$\int_{[0,1]} f\,dm = \sum_{k=0}^{\infty} \int_{A_k} f\,dm = \sum_{k=0}^{\infty} 9^k \cdot m(A_k).$$

Substituting the measure:
$$\int_{[0,1]} f\,dm = \sum_{k=0}^{\infty} 9^k \cdot 9 \cdot 10^{-(k+1)} = \sum_{k=0}^{\infty} \frac{9^{k+1}}{10^{k+1}} = \sum_{k=0}^{\infty} \left(\frac{9}{10}\right)^{k+1}.$$

This is a geometric series with ratio $r = \tfrac{9}{10} < 1$:
$$\int_{[0,1]} f\,dm = \frac{9/10}{1 - 9/10} = \frac{9/10}{1/10} = 9.$$

**Verification of measurability and convergence.** Each $A_k$ is a Borel set (an interval intersected with the irrationals), $f$ is constant on each $A_k$ and on $\mathbb{Q}\cap[0,1]$, so $f$ is a simple-function limit of measurable functions and is measurable. The series $\sum 9^k \cdot 9\cdot 10^{-(k+1)} = \sum (9/10)^{k+1}$ converges absolutely since $9/10 < 1$. The interchange of sum and integral is justified by nonnegativity (monotone convergence).

$$\boxed{\displaystyle \int_{[0,1]} f\,dm = 9}$$

### PROOF COMPLETE
DEVIN_CLI_EXITED code=0
