Looking at this problem, I need to maximize $A = \frac{a+b+c}{(4a^2+2b^2+1)(4c^2+3)}$ for $a,b,c \in \mathbb{R}^+$.

**Answer leak check:** No leaked answers or solution sketches found in the problem text. Proceeding to solve.

## Proof

**Step 1: Reduce via Cauchy–Schwarz.** Let $s = a+b$. By Cauchy–Schwarz with $(u_1,u_2)=(2a,\sqrt{2}\,b)$ and $(v_1,v_2)=\bigl(\tfrac{1}{2},\tfrac{1}{\sqrt{2}}\bigr)$:

$$(4a^2+2b^2)\cdot\tfrac{3}{4} \geq (a+b)^2 = s^2,$$

so $4a^2+2b^2 \geq \frac{4s^2}{3}$, with equality iff $\frac{2a}{1/2}=\frac{\sqrt{2}\,b}{1/\sqrt{2}}$, i.e., $b=2a$, i.e., $a=\frac{s}{3},\; b=\frac{2s}{3}$.

Therefore:

$$4a^2+2b^2+1 \geq \frac{4s^2}{3}+1 = \frac{4s^2+3}{3},$$

and since the numerator $a+b+c = s+c$ is fixed for given $s,c$:

$$A \leq \frac{s+c}{\frac{4s^2+3}{3}\cdot(4c^2+3)} = \frac{3(s+c)}{(4s^2+3)(4c^2+3)}.$$

**Step 2: Prove $(4s^2+3)(4c^2+3) \geq 16(s+c)$ for all $s,c>0$.**

Substitute $u=2s,\; v=2c$, so the inequality becomes $(u^2+3)(v^2+3) \geq 8(u+v)$.

Expand the left side minus the right:

$$u^2v^2+3u^2+3v^2+9-8u-8v.$$

**SOS decomposition.** Set $p=u-1,\; q=v-1$. Then:

$$u^2v^2+3u^2+3v^2+9-8u-8v = (uv-1)^2 + 3(u-1)^2 + 3(v-1)^2 + 2(u-1)(v-1).$$

*Verification:* Expanding the right side gives $u^2v^2-2uv+1+3u^2-6u+3+3v^2-6v+3+2uv-2u-2v+2 = u^2v^2+3u^2+3v^2+9-8u-8v$. ✓

Now observe:

$$3p^2+2pq+3q^2 = 2p^2+2q^2+(p+q)^2 \geq 0,$$

and $(uv-1)^2 \geq 0$. Therefore the entire expression is $\geq 0$, establishing:

$$(4s^2+3)(4c^2+3) \geq 16(s+c).$$

**Equality** holds iff $uv=1$ and $p=q=0$, i.e., $u=v=1$, i.e., $s=c=\frac{1}{2}$.

**Step 3: Conclude.** Combining Steps 1 and 2:

$$A \leq \frac{3(s+c)}{(4s^2+3)(4c^2+3)} \leq \frac{3(s+c)}{16(s+c)} = \frac{3}{16}.$$

**Step 4: Verify equality is achieved.** Set $s=c=\frac{1}{2}$, $a=\frac{s}{3}=\frac{1}{6}$, $b=\frac{2s}{3}=\frac{1}{3}$, $c=\frac{1}{2}$.

- Numerator: $\frac{1}{6}+\frac{1}{3}+\frac{1}{2}=1$.
- First factor: $4\cdot\frac{1}{36}+2\cdot\frac{1}{9}+1 = \frac{1}{9}+\frac{2}{9}+1 = \frac{4}{3}$.
- Second factor: $4\cdot\frac{1}{4}+3 = 4$.
- $A = \frac{1}{\frac{4}{3}\cdot 4} = \frac{1}{\frac{16}{3}} = \frac{3}{16}$. ✓

All equality conditions are simultaneously satisfied, so the bound is tight.

**The maximum value of the Efficiency Coefficient is $\dfrac{3}{16}$.**

### PROOF COMPLETE
DEVIN_CLI_EXITED code=0
