Looking at this task, I need to compare the standard solution with the AI's thinking to determine why the AI failed.

**Key observations:**

1. **The actual problem** is about a bivariate function f: [0,1]² → ℝ satisfying three conditions (boundedness, antisymmetry-like property f(x,y)+f(y,x)=1, and integral condition). The standard solution shows f(x,y) = 1/2 (constant function) satisfies all conditions, so the answer is "Yes."

2. **The AI's thinking** is about a COMPLETELY DIFFERENT problem — it discusses embedding of finite-dimensional K-algebras into central simple algebras over global fields, the Hasse principle for embeddings, Brauer groups, local-global principles, quaternion algebras, etc. This has zero connection to the original problem about bivariate functions on [0,1]².

3. The AI's thinking begins: "Let me analyze this problem carefully. The problem: Let K be a global field, A a finite-dimensional K-algebra. B is a central simple algebra over K..." — this is not the given problem at all.

This is a clear technical failure — the AI received or hallucinated an entirely different problem and worked on that instead. The mathematical content, while substantial, is completely unrelated to the task.

```xml
<analysis>
  <problem_id>deepmath_103k_00025417</problem_id>
  <dimension1_verdict>CONNECTION_ERROR</dimension1_verdict>
  <dimension1_explanation>The AI's thinking addresses a completely different problem (embedding of K-algebras into central simple algebras over global fields and the Hasse principle) that has no relation whatsoever to the actual problem about a bivariate function on [0,1]^2. The AI appears to have received or hallucinated an entirely different problem statement.</dimension1_explanation>
  <dimension2_turning_point_type>other</dimension2_turning_point_type>
  <dimension2_explanation>The standard solution's key technique is simply observing that the constant function f(x,y) = 1/2 trivially satisfies all three conditions, making the answer "yes." No advanced technique is needed — it is a direct verification of a candidate function.</dimension2_explanation>
  <ai_direction_summary>The AI worked on an unrelated algebra problem about local-global principles for embeddings of algebras into central simple algebras, discussing Brauer groups and quaternion algebras.</ai_direction_summary>
  <standard_solution_key_technique>The standard solution verifies that the constant function f(x,y) = 1/2 satisfies all three conditions directly, establishing existence by explicit construction.</standard_solution_key_technique>
  <confidence>high</confidence>
</analysis>
```

### ANALYSIS COMPLETE
DEVIN_CLI_EXITED code=0
