Looking at this problem, I need to evaluate:
$$S = \sum_{n=1}^{\infty}\left(\log\frac{1}{\sqrt[6]{n}}-\log\sin\frac{1}{\sqrt[6]{n}}\right)$$

**Answer-leak check:** The problem statement contains no leaked solutions, sketches, or answer values. Proceeding to solve.

---

## Proof

Let $x_n = \frac{1}{\sqrt[6]{n}} = n^{-1/6}$. The general term rewrites as:

$$a_n = \log x_n - \log \sin x_n = \log\frac{x_n}{\sin x_n}.$$

**Step 1: Each term is positive.**

For $n \geq 1$, we have $x_n = n^{-1/6} \in (0, 1] \subset (0, \pi)$. On $(0,\pi)$, the classical inequality $\sin x < x$ holds. Therefore $\frac{x_n}{\sin x_n} > 1$, which gives $a_n = \log\frac{x_n}{\sin x_n} > 0$ for every $n \geq 1$.

**Step 2: Asymptotic expansion of the general term.**

Using the Taylor expansion $\sin x = x - \frac{x^3}{6} + O(x^5)$, we get:

$$\frac{x}{\sin x} = \frac{1}{1 - \frac{x^2}{6} + O(x^4)} = 1 + \frac{x^2}{6} + O(x^4).$$

Taking logarithms:

$$\log\frac{x}{\sin x} = \log\!\left(1 + \frac{x^2}{6} + O(x^4)\right) = \frac{x^2}{6} + O(x^4).$$

Substituting $x_n = n^{-1/6}$:

$$a_n = \log\frac{x_n}{\sin x_n} = \frac{n^{-1/3}}{6} + O(n^{-2/3}).$$

**Step 3: Limit comparison test.**

Compute the limit:

$$\lim_{n \to \infty} \frac{a_n}{n^{-1/3}} = \lim_{n \to \infty} \frac{\frac{n^{-1/3}}{6} + O(n^{-2/3})}{n^{-1/3}} = \frac{1}{6} > 0.$$

The comparison series $\sum_{n=1}^{\infty} n^{-1/3}$ is a $p$-series with $p = \frac{1}{3} < 1$, hence it **diverges**.

By the limit comparison test (with positive limit $\frac{1}{6} > 0$), the series $\sum_{n=1}^{\infty} a_n$ also diverges.

**Step 4: Direction of divergence.**

Since every term $a_n > 0$ (Step 1) and the series diverges (Step 3), the partial sums $S_N = \sum_{n=1}^{N} a_n$ are increasing and unbounded. Therefore:

$$\sum_{n=1}^{\infty}\left(\log\frac{1}{\sqrt[6]{n}}-\log\sin\frac{1}{\sqrt[6]{n}}\right) = \sum_{n=1}^{\infty} \log\frac{x_n}{\sin x_n} = +\infty.$$

**Conclusion.** The series diverges to $+\infty$. The key mechanism is that $x_n = n^{-1/6}$ decays too slowly: the general term behaves like $\frac{1}{6}n^{-1/3}$, and $\sum n^{-1/3}$ is a divergent $p$-series ($p = 1/3 < 1$). For such a series to converge, one would need $x_n = n^{-\alpha}$ with $2\alpha > 1$ (i.e., $\alpha > 1/2$), but here $\alpha = 1/6 < 1/2$.

### PROOF COMPLETE
DEVIN_CLI_EXITED code=0
