Looking at this problem, I need to find the maximum $k$ such that the inequality holds for all non-negative $a,b,c$ with $a+b+c=1$.

**Answer leak check:** The problem text contains no solutions, sketches, or hints. Proceeding.

---

## Proof

**Claim:** The maximum value is $k = 4$.

### Step 1: Upper bound $k \leq 4$

Set $a = 0,\ b = c = \tfrac{1}{2}$. The LHS becomes:
$$0 + \frac{1/2}{1 + 0 + k(0 - \tfrac12)^2} + \frac{1/2}{1 + 0 + k(\tfrac12 - 0)^2} = \frac{1}{1 + k/4}.$$
For this to be $\geq \tfrac12$, we need $1 + k/4 \leq 2$, i.e., $k \leq 4$.

### Step 2: The inequality holds for $k = 4$

We must show that for all $a,b,c \geq 0$ with $a+b+c=1$:
$$\sum_{\text{cyc}} \frac{a}{1 + 9bc + 4(b-c)^2} \geq \frac{1}{2}.$$

**Simplify the denominator.** Expand:
$$1 + 9bc + 4(b-c)^2 = 1 + 9bc + 4b^2 - 8bc + 4c^2 = 1 + 4b^2 + 4c^2 + bc.$$
Denote $D_a := 1 + 4b^2 + 4c^2 + bc$ (and cyclically).

**Case 1: $a, b, c > 0$.** By the Cauchy–Schwarz inequality (Engel/Titu form):
$$\sum_{\text{cyc}} \frac{a}{D_a} = \sum_{\text{cyc}} \frac{a^2}{a\, D_a} \geq \frac{(a+b+c)^2}{\sum_{\text{cyc}} a\, D_a} = \frac{1}{\sum_{\text{cyc}} a\, D_a}.$$

Compute the denominator sum:
$$\sum_{\text{cyc}} a\, D_a = \sum_{\text{cyc}} a(1 + 4b^2 + 4c^2 + bc) = \underbrace{(a+b+c)}_{=1} + 4\sum_{\text{sym}} ab^2 + 3abc.$$

Using $a+b+c=1$:
$$\sum_{\text{sym}} ab^2 = ab(a+b) + bc(b+c) + ca(c+a) = (ab+bc+ca) - 3abc.$$

Therefore:
$$\sum_{\text{cyc}} a\, D_a = 1 + 4\bigl((ab+bc+ca) - 3abc\bigr) + 3abc = 1 + 4(ab+bc+ca) - 9abc.$$

**Apply Schur's inequality** (degree 1) for non-negative reals with $s = a+b+c = 1$:
$$s^3 + 9abc \geq 4s(ab+bc+ca) \implies 1 + 9abc \geq 4(ab+bc+ca),$$
which gives $4(ab+bc+ca) - 9abc \leq 1$. Hence:
$$\sum_{\text{cyc}} a\, D_a \leq 1 + 1 = 2,$$
and therefore:
$$\sum_{\text{cyc}} \frac{a}{D_a} \geq \frac{1}{2}. \qquad \checkmark$$

**Case 2: Some variable equals $0$.** By continuity, the inequality (which holds on the dense subset $\{a,b,c > 0\}$) extends to the boundary $\{a,b,c \geq 0\}$, since both sides are continuous on the compact domain $a+b+c=1,\ a,b,c\geq 0$.

*(Direct verification when $c=0$: $D_a = 1+4b^2$, $D_b = 1+4a^2$, and by Cauchy–Schwarz, $\frac{a}{1+4b^2}+\frac{b}{1+4a^2} \geq \frac{(a+b)^2}{1+4ab} = \frac{1}{1+4ab} \geq \frac{1}{2}$ since $ab \leq \frac{(a+b)^2}{4} = \frac{1}{4}$.)*

### Equality cases

- $a = b = c = \tfrac13$: each $D_a = 2$, sum $= 3 \cdot \tfrac{1/3}{2} = \tfrac12$. ✓
- $a = 0,\ b = c = \tfrac12$: sum $= \frac{1}{1+1} = \frac12$. ✓

Both are consistent with Schur's equality conditions ($a=b=c$ or one variable zero with the other two equal).

### Conclusion

The inequality holds for $k = 4$ and fails for any $k > 4$ (witnessed by $a=0, b=c=\tfrac12$). The maximum value is:

$$\boxed{k = 4}$$

### PROOF COMPLETE
DEVIN_CLI_EXITED code=0
