**Answer Leak Self-Check:** The problem text contains only the question "Does the Hilbert cube have the fixed point property for continuous functions?" with no embedded solution, proof sketch, or answer value. No leak detected.

---

## Proof

**Yes, the Hilbert cube has the fixed point property for continuous functions.**

### Setup and definitions

Let $Q = \prod_{n=1}^{\infty}\left[0,\tfrac{1}{n}\right] \subset \ell^2$, equipped with the $\ell^2$ metric. This is the **Hilbert cube**. We prove that every continuous map $f: Q \to Q$ has a fixed point.

The proof proceeds in three parts: (1) $Q$ is compact and convex in $\ell^2$; (2) a finite-dimensional approximation argument using Brouwer's fixed point theorem produces approximate fixed points; (3) a compactness limit extracts a genuine fixed point.

---

### Part 1: $Q$ is compact and convex in $\ell^2$

**$Q \subset \ell^2$.** For any $x = (x_n) \in Q$, we have $0 \le x_n \le 1/n$, so $\sum_{n} x_n^2 \le \sum_{n} 1/n^2 < \infty$.

**$Q$ is closed in $\ell^2$.** If $x^{(k)} \to x$ in $\ell^2$, then $x^{(k)}_n \to x_n$ for each $n$ (coordinatewise convergence). Since each $x^{(k)}_n \in [0, 1/n]$, the limit satisfies $x_n \in [0, 1/n]$, hence $x \in Q$.

**$Q$ is totally bounded in $\ell^2$.** Given $\varepsilon > 0$, choose $N$ so that $\sum_{n > N} 1/n^2 < \varepsilon^2/2$. The projection $Q_N := \prod_{n=1}^{N}[0, 1/n] \subset \mathbb{R}^N$ is compact, hence totally bounded; cover it by finitely many $\mathbb{R}^N$-balls of radius $\varepsilon/\sqrt{2}$ with centers $c^{(1)}, \dots, c^{(m)}$. Embed each center as $\tilde{c}^{(j)} = (c^{(j)}_1, \dots, c^{(j)}_N, 0, 0, \dots) \in \ell^2$. For any $x \in Q$, pick the nearest $c^{(j)}$ to $(x_1, \dots, x_N)$; then
$$\|x - \tilde{c}^{(j)}\|_{\ell^2}^2 = \sum_{n=1}^{N}(x_n - c^{(j)}_n)^2 + \sum_{n>N} x_n^2 < \varepsilon^2/2 + \varepsilon^2/2 = \varepsilon^2.$$
So $Q$ is covered by finitely many $\varepsilon$-balls. Since $\varepsilon$ was arbitrary, $Q$ is totally bounded.

Being closed in the complete space $\ell^2$ and totally bounded, $Q$ is **compact**.

**$Q$ is convex.** For $x, y \in Q$ and $t \in [0,1]$, each coordinate of $tx + (1-t)y$ lies in $[0, 1/n]$, so $tx + (1-t)y \in Q$.

---

### Part 2: Finite-dimensional approximation via Brouwer

For each integer $N \ge 1$, define:

- $Q_N = \prod_{n=1}^{N}[0, 1/n] \subset \mathbb{R}^N$, a compact convex set.
- The embedding $\iota_N: Q_N \to Q$ by $\iota_N(x_1, \dots, x_N) = (x_1, \dots, x_N, 0, 0, \dots)$. This is continuous, and its image lies in $Q$ (since $0 \in [0, 1/n]$ for all $n$).
- The projection $P_N: Q \to Q_N$ by $P_N(y) = (y_1, \dots, y_N)$, which is continuous.

Define $f_N := P_N \circ f \circ \iota_N : Q_N \to Q_N$. This is a continuous map from the compact convex set $Q_N \subset \mathbb{R}^N$ to itself. By **Brouwer's fixed point theorem**, there exists $x^{(N)} \in Q_N$ with
$$f_N(x^{(N)}) = x^{(N)}, \quad \text{i.e.,} \quad P_N\!\big(f(\iota_N(x^{(N)}))\big) = x^{(N)}.$$

Equivalently, setting $y^{(N)} := \iota_N(x^{(N)}) \in Q$: for every coordinate $i \le N$,
$$f(y^{(N)})_i = y^{(N)}_i. \tag{$\star$}$$

---

### Part 3: Extracting a fixed point by compactness

The sequence $(y^{(N)})_{N=1}^{\infty}$ lies in $Q$, which is compact in $\ell^2$. Hence there exists a convergent subsequence $y^{(N_k)} \to y \in Q$ in $\ell^2$.

By continuity of $f$, we have $f(y^{(N_k)}) \to f(y)$ in $\ell^2$. Convergence in $\ell^2$ implies coordinatewise convergence, so for each fixed coordinate $i$:
$$f(y^{(N_k)})_i \to f(y)_i \quad \text{and} \quad y^{(N_k)}_i \to y_i \quad \text{as } k \to \infty.$$

For all $k$ large enough that $N_k \ge i$, equation $(\star)$ gives $f(y^{(N_k)})_i = y^{(N_k)}_i$. Taking $k \to \infty$:
$$f(y)_i = y_i.$$

This holds for **every** $i \ge 1$. Therefore $f(y) = y$, and $y \in Q$ is a fixed point of $f$.

---

### Conclusion

Since $f: Q \to Q$ was an arbitrary continuous map, the Hilbert cube $Q$ has the **fixed point property** for continuous functions. $\blacksquare$

### PROOF COMPLETE
DEVIN_CLI_EXITED code=0
