Looking at this problem, I need to determine whether every point on the unit sphere can be scaled to be within ε of a nonzero integer vector.

**Answer: Yes.** Here is the proof.

---

**Theorem.** For every $s \in S^{d-1}$ and every $\epsilon > 0$, there exist $\alpha > 0$ and $k \in \mathbb{Z}^d \setminus \{0\}$ such that $\|\alpha s - k\|_2 < \epsilon$.

**Proof.**

Without loss of generality, assume $\epsilon < 1$. (If the claim holds for some $\epsilon' < \epsilon$, it holds for $\epsilon$.)

Consider the $d$-dimensional torus $\mathbb{T}^d = \mathbb{R}^d / \mathbb{Z}^d$, equipped with the quotient metric
$$d_{\mathbb{T}^d}(x, y) = \min_{k \in \mathbb{Z}^d} \|x - y - k\|_2.$$
Since $\mathbb{T}^d$ is compact, we can cover it by finitely many open balls of radius $\epsilon/2$. Let $N$ be the number of such balls.

Examine the sequence of points $\{ns \bmod \mathbb{Z}^d\}_{n=1}^{N+1}$ in $\mathbb{T}^d$. By the pigeonhole principle, two of these $N+1$ points must lie in the same ball of radius $\epsilon/2$. That is, there exist integers $1 \leq m < n \leq N+1$ such that
$$d_{\mathbb{T}^d}(ns, ms) < \epsilon.$$

Set $q = n - m \geq 1$. By the translation-invariance of the quotient metric,
$$d_{\mathbb{T}^d}(qs, 0) = d_{\mathbb{T}^d}((n-m)s, 0) = d_{\mathbb{T}^d}(ns, ms) < \epsilon.$$

This means there exists $k \in \mathbb{Z}^d$ with
$$\|qs - k\|_2 < \epsilon.$$

We claim $k \neq 0$. Indeed, if $k = 0$, then $\|qs\|_2 < \epsilon < 1$. But $\|qs\|_2 = q\|s\|_2 = q \geq 1$, which contradicts $\|qs\|_2 < \epsilon < 1$. Therefore $k \in \mathbb{Z}^d \setminus \{0\}$.

Setting $\alpha = q > 0$, we have
$$\|\alpha s - k\|_2 = \|qs - k\|_2 < \epsilon,$$
with $\alpha > 0$ and $k \in \mathbb{Z}^d \setminus \{0\}$. $\blacksquare$

---

**Key idea:** The sequence $\{ns \bmod \mathbb{Z}^d\}$ in the compact torus $\mathbb{T}^d$ must have two terms close together (pigeonhole/Dirichlet principle). Their difference $q = n-m$ gives a scaling factor $\alpha = q$ that brings $qs$ within $\epsilon$ of some lattice point $k$. The crucial observation is that $k \neq 0$ automatically: since $q \geq 1$ and $\|s\| = 1$, we have $\|qs\| = q \geq 1 > \epsilon$, so the origin cannot be the nearby lattice point.

### PROOF COMPLETE
DEVIN_CLI_EXITED code=0
