Looking at this problem, I need to first check for answer leaks, then solve the linking number problem involving stereographic projection from S³ to R³.

**Answer Leak Check:** The problem text contains the integral formula, the stereographic projection definition, and the constraints "L ≠ 0" and "neglect curve orientation." No solutions, proof sketches, or answer values are embedded. No leak detected.

Now let me solve it.

---

## Proof

**Setup.** Let $S^3 = \{(x_1,x_2,x_3,x_4) \in \mathbb{R}^4 : x_1^2+x_2^2+x_3^2+x_4^2=1\}$ and let $N=(0,0,0,1)$ be the north pole. The stereographic projection $p: S^3\setminus\{N\} \to \mathbb{R}^3$ is the orientation-preserving diffeomorphism

$$p(x_1,x_2,x_3,x_4) = \frac{1}{1-x_4}(x_1,x_2,x_3).$$

Let $C_a, C_b \subset S^3\setminus\{N\}$ be two disjoint closed curves, with images $c_a = p(C_a)$, $c_b = p(C_b)$ in $\mathbb{R}^3$.

---

### Step 1: The Gauss integral is the degree of the Gauss map

Define the **Gauss map** $F: \mathbb{T}^2 = S^1 \times S^1 \to S^2$ by

$$F(t,s) = \frac{c_a(t) - c_b(s)}{|c_a(t) - c_b(s)|}.$$

This is well-defined and smooth because $c_a$ and $c_b$ are disjoint. Let $\omega_{S^2}$ denote the standard area form on $S^2$, with $\int_{S^2} \omega_{S^2} = 4\pi$. A direct computation shows that the pullback $F^*\omega_{S^2}$ equals the integrand of the Gauss formula:

$$F^*\omega_{S^2} = \frac{\det\big[c_a(t)-c_b(s),\, \dot{c}_a(t),\, \dot{c}_b(s)\big]}{|c_a(t)-c_b(s)|^3}\,dt\,ds.$$

Therefore:

$$L(c_a, c_b) = \frac{1}{4\pi}\int_{\mathbb{T}^2} F^*\omega_{S^2} = \deg(F) \in \mathbb{Z}.$$

The linking number is an **integer** — the degree of the Gauss map.

---

### Step 2: The degree is a topological invariant

The degree of a smooth map between compact oriented manifolds of the same dimension is a homotopy invariant. Any smooth isotopy of the link $\{c_a, c_b\}$ that keeps the curves disjoint induces a homotopy of $F$, so $L(c_a,c_b)$ depends only on the **link type** (the isotopy class of the pair of curves).

---

### Step 3: Stereographic projection preserves the linking number

The stereographic projection $p: S^3\setminus\{N\} \to \mathbb{R}^3$ is an **orientation-preserving diffeomorphism**. It maps disjoint curves to disjoint curves and preserves the isotopy class of the link. Since the linking number (computed by the Gauss integral) is an isotopy invariant, we have:

$$L(c_a, c_b) = L_{S^3}(C_a, C_b),$$

where $L_{S^3}(C_a, C_b)$ denotes the linking number of $C_a$ and $C_b$ as curves in $S^3$.

---

### Step 4: Linking number in $S^3$ and the Hopf link

In $S^3$, since $H_1(S^3) = 0$, every closed curve $C_a$ bounds an oriented surface $\Sigma_a \subset S^3$. The linking number $L_{S^3}(C_a, C_b)$ equals the signed intersection number of $C_b$ with $\Sigma_a$, which is an integer.

The **Hopf fibration** $h: S^3 \to S^2$ has fibers that are great circles in $S^3$. Any two distinct fibers $C_a, C_b$ are disjoint and form the **Hopf link**, the simplest non-trivial link in $S^3$. For the Hopf link, each fiber bounds a disk in $S^3$ that the other fiber intersects exactly once (transversally), giving:

$$L_{S^3}(C_a, C_b) = \pm 1.$$

The sign depends on the relative orientation of the two curves.

---

### Step 5: Reduction to the Hopf link

The condition $L(c_a, c_b) \neq 0$ means the curves form a non-trivial link. The stereographic projection of the Hopf link from $S^3$ yields two linked curves in $\mathbb{R}^3$ — concretely, two circles (or a circle and a line, if one fiber passes through $N$) that are linked exactly once. This is the canonical non-trivial link in $\mathbb{R}^3$ with minimal non-zero linking number.

Since the Gauss integral computes the degree of the Gauss map, which equals the linking number in $S^3$ (by Step 3), and the Hopf link has $|L_{S^3}| = 1$ (by Step 4):

$$|L(c_a, c_b)| = 1.$$

---

### Step 6: Neglecting orientation

The problem instructs us to **neglect curve orientation**, meaning we take the absolute value. Combined with $L \neq 0$:

$$L(c_a, c_b) = |L(c_a, c_b)| = 1.$$

---

## Conclusion

The Gauss linking integral for two disjoint curves obtained via stereographic projection of linked curves in $S^3$ computes the degree of the Gauss map $\mathbb{T}^2 \to S^2$, which is an integer equal to the topological linking number. Stereographic projection, being an orientation-preserving diffeomorphism, preserves this invariant. For the Hopf link — the fundamental non-trivial link in $S^3$ — the linking number is $\pm 1$. Under the assumption $L \neq 0$ and neglecting orientation:

$$\boxed{L(c_a, c_b) = 1}$$

### PROOF COMPLETE
DEVIN_CLI_EXITED code=0
