```xml
<audit>
  <analysis_result_key>2270653</analysis_result_key>
  <problem_id>oda_math_460k_00065377</problem_id>
  <audit_status>PASS_SELECTABLE</audit_status>
  <check_results>
    <A1>PASS: dimension1_verdict is "DIRECTION_ERROR", which is one of the valid values.</A1>
    <A2>PASS: dimension1_explanation is non-empty and well over 50 characters, describing a wrong-direction failure in detail.</A2>
    <A3>PASS: dimension2_turning_point_type is "other", which is one of the allowed values, and d1 is DIRECTION_ERROR so a value is required.</A3>
    <A4>PASS: dimension2_explanation is non-empty and well over 50 characters, describing the standard solution technique.</A4>
    <A5>PASS: ai_direction_summary is non-empty and describes the direction the AI actually took.</A5>
    <A6>PASS: standard_solution_key_technique is non-empty and describes the specific technique of the standard solution.</A6>
    <B1>PASS: Neither dimension1_explanation nor dimension2_explanation contains XML tag leaks like "</dimension" or "<dimension".</B1>
    <B2>PASS: Neither explanation contains template placeholder leaks like "1-3 sentences", "ONE_OF:", or "Your 1-3 sentence".</B2>
    <B3>PASS: Both explanations are well over 50 characters in length.</B3>
    <C1>PASS: d1=DIRECTION_ERROR and d2 has a value ("other"), satisfying the consistency requirement.</C1>
    <C2>PASS: dimension1_explanation describes the AI going in a completely wrong direction (solving an unrelated problem about power towers), which matches the DIRECTION_ERROR label.</C2>
    <C3>PASS: dimension2_turning_point_type is "other" and dimension2_explanation describes elementary exponent-rule algebra that does not fit any of the listed modular-arithmetic categories, which is consistent with the "other" label.</C3>
    <D1>PASS: dimension1_explanation is over 100 characters and contains action verbs ("addresses", "engaged", "explored" implied via "reasoning trace is about"). The verb "addresses" and "never engaged" describe operable failure analysis.</D1>
    <D2>PASS: dimension2_explanation is over 100 characters and contains mathematical terms ("algebraic manipulation", "exponent", "reciprocal exponent", "5^(4/5)").</D2>
    <D3>PASS: ai_direction_summary describes the specific direction the AI took (leading digit of a power tower of 7's, fractional parts of logarithms, Carmichael function cascades), not just "the AI failed".</D3>
    <D4>PASS: standard_solution_key_technique describes the specific technique (subtract 12, raise to reciprocal exponent 4/5, yielding x = 5^(4/5)), not a generic statement.</D4>
    <E1>UNKNOWN — check via script</E1>
  </check_results>
  <issues_found>none</issues_found>
</audit>
```

### AUDIT COMPLETE
DEVIN_CLI_EXITED code=0
