## Proof

We want to count the number of positive integers $n$ such that $a_n = 1511$, where
$$a_n = \left\lfloor \sqrt{2n} + \tfrac{1}{2} \right\rfloor.$$

**Step 1: Characterize when $a_n = k$.**

For a fixed positive integer $k$, the condition $a_n = k$ is equivalent to
$$k \leq \sqrt{2n} + \tfrac{1}{2} < k+1,$$
i.e.,
$$k - \tfrac{1}{2} \leq \sqrt{2n} < k + \tfrac{1}{2}.$$

Since both sides are positive (for $k \geq 1$), squaring preserves the inequalities:
$$\left(k - \tfrac{1}{2}\right)^2 \leq 2n < \left(k + \tfrac{1}{2}\right)^2,$$
$$k^2 - k + \tfrac{1}{4} \leq 2n < k^2 + k + \tfrac{1}{4}.$$

**Step 2: Count the valid values of $n$.**

Since $n$ is a positive integer, $2n$ ranges over the positive even integers. We need to count even integers $m = 2n$ in the interval
$$\left[k^2 - k + \tfrac{1}{4},\; k^2 + k + \tfrac{1}{4}\right).$$

The integers lying in this half-open interval are exactly
$$k^2 - k + 1,\; k^2 - k + 2,\; \ldots,\; k^2 + k,$$
since $k^2 - k + 1 > k^2 - k + \tfrac{1}{4}$ and $k^2 + k < k^2 + k + \tfrac{1}{4}$, while $k^2 - k \leq k^2 - k + \tfrac{1}{4}$ (excluded) and $k^2 + k + 1 \geq k^2 + k + \tfrac{1}{4}$ (excluded).

The number of integers in this list is
$$(k^2 + k) - (k^2 - k + 1) + 1 = 2k.$$

These are $2k$ consecutive integers, so exactly half of them are even. Hence the number of valid even values $m = 2n$ is
$$\frac{2k}{2} = k.$$

**Step 3: Verify with small cases.**

- $k=1$: interval $[0.25, 2.25)$, even integers $\{2\}$, giving $n=1$. Count $= 1 = k$. ✓
- $k=2$: interval $[2.25, 6.25)$, even integers $\{4, 6\}$, giving $n \in \{2,3\}$. Count $= 2 = k$. ✓
- $k=3$: interval $[6.25, 12.25)$, even integers $\{8, 10, 12\}$, giving $n \in \{4,5,6\}$. Count $= 3 = k$. ✓

**Step 4: Apply to $k = 1511$.**

By the formula, the number of times $1511$ occurs in the sequence is
$$k = 1511.$$

### PROOF COMPLETE
DEVIN_CLI_EXITED code=0
