Looking at the problem, I first check for answer leaks — the problem statement is clean (no solutions, sketches, or formalization notes embedded). Proceeding to solve.

I'll use a coordinate approach with the circumcircle as the unit circle.

**Setup.** Place the circumcircle of △ABC as the unit circle centered at the origin. Since ∠A = 60°, the arc BC not containing A measures 120°. Place:
- L (midpoint of arc BC not containing A) at 270°: **L = (0, −1)**
- B at 210°: **B = (−√3/2, −1/2)**
- C at 330°: **C = (√3/2, −1/2)**

so arc BL = arc LC = 60°. Place A on the major arc BC at 120°: **A = (−1/2, √3/2)**.

**Verification of hypotheses.** The inscribed angle ∠A subtends arc BC = 120°, so ∠A = 60°. ✓
AB = |B−A| = √2, AC = |C−A| = √(2+√3), and √2 < √(2+√3), so AB < AC. ✓

---

**Key points.**

*Orthocenter.* For a triangle on the unit circle, H = A + B + C:
$$H = \left(-\tfrac{1}{2},\ \tfrac{\sqrt{3}-2}{2}\right).$$

*Altitude feet.* Line AC has direction (1,−1). Projecting B onto AC gives
$$B_1 = \left(0,\ \tfrac{\sqrt{3}-1}{2}\right).$$
Projecting C onto AB (direction ((1−√3)/2, −(1+√3)/2)) gives
$$C_1 = \left(-\tfrac{3}{4},\ \tfrac{\sqrt{3}-2}{4}\right).$$

*Point E = B₁C₁ ∩ BC.* Line BC is y = −1/2. Line B₁C₁ has direction (√3, 1). Setting the y-coordinate to −1/2:
$$(√3−1)/2 + t = -1/2 \implies t = -\sqrt{3}/2 \implies x = -\sqrt{3}\cdot\sqrt{3}/2 = -3/2.$$
$$E = \left(-\tfrac{3}{2},\ -\tfrac{1}{2}\right).$$

*Midpoint M of BC:* M = (0, −1/2).

*Point K.* Line AM: A + t(M−A) = (−1/2 + t/2, √3/2 − t(1+√3)/2). Substituting into x² + y² = 1 and solving (t = 0 gives A):
$$t_K = \frac{2(4+\sqrt{3})}{5+2\sqrt{3}} = \frac{28-6\sqrt{3}}{13},$$
$$K = \left(\frac{15-6\sqrt{3}}{26},\ \frac{-10-9\sqrt{3}}{26}\right).$$
(Verified: K lies on the unit circle since (15−6√3)² + (−10−9√3)² = 676 = 26².)

---

**Computing ∠EHL.**

$$\vec{HE} = E - H = \left(-1,\ \tfrac{1-\sqrt{3}}{2}\right), \qquad \vec{HL} = L - H = \left(\tfrac{1}{2},\ -\tfrac{\sqrt{3}}{2}\right).$$

$$\vec{HE}\cdot\vec{HL} = -\tfrac{1}{2} + \tfrac{(1-\sqrt{3})(-\sqrt{3})}{4} = \tfrac{1-\sqrt{3}}{4} < 0,$$
$$\vec{HE}\times\vec{HL} = (-1)\left(-\tfrac{\sqrt{3}}{2}\right) - \tfrac{1-\sqrt{3}}{2}\cdot\tfrac{1}{2} = \tfrac{3\sqrt{3}-1}{4} > 0.$$

The angle is in (90°, 180°) with
$$\tan(\angle EHL) = \frac{3\sqrt{3}-1}{1-\sqrt{3}} = \frac{(3\sqrt{3}-1)(1+\sqrt{3})}{(1-\sqrt{3})(1+\sqrt{3})} = \frac{2\sqrt{3}+8}{-2} = -(4+\sqrt{3}).$$

So ∠EHL = π − arctan(4 + √3).

---

**Computing ∠ABK.**

$$\vec{BA} = A - B = \left(\tfrac{\sqrt{3}-1}{2},\ \tfrac{\sqrt{3}+1}{2}\right),$$
$$\vec{BK} = K - B = \left(\tfrac{15+7\sqrt{3}}{26},\ \tfrac{3-9\sqrt{3}}{26}\right).$$

$$\vec{BA}\cdot\vec{BK} = \frac{(\sqrt{3}-1)(15+7\sqrt{3})+(\sqrt{3}+1)(3-9\sqrt{3})}{52} = \frac{(8\sqrt{3}+6)+(-6\sqrt{3}-24)}{52} = \frac{\sqrt{3}-9}{26} < 0,$$

$$\vec{BA}\times\vec{BK} = \frac{(\sqrt{3}-1)(3-9\sqrt{3})-(\sqrt{3}+1)(15+7\sqrt{3})}{52} = \frac{(12\sqrt{3}-30)-(22\sqrt{3}+36)}{52} = \frac{-(5\sqrt{3}+33)}{26} < 0.$$

The angle is in (90°, 180°) with
$$|\tan(\angle ABK)| = \frac{5\sqrt{3}+33}{9-\sqrt{3}} = \frac{(5\sqrt{3}+33)(9+\sqrt{3})}{(9-\sqrt{3})(9+\sqrt{3})} = \frac{78\sqrt{3}+312}{78} = 4+\sqrt{3}.$$

So ∠ABK = π − arctan(4 + √3).

---

**Conclusion.** Both ∠EHL and ∠ABK lie in the interval (90°, 180°) and satisfy

$$\tan(\angle EHL) = -(4+\sqrt{3}) = -|\tan(\angle ABK)|, \qquad \tan(\angle ABK) = -(4+\sqrt{3}).$$

Since both angles are in (90°, 180°) and have the same tangent value −(4+√3), they are equal:

$$\boxed{\angle EHL = \angle ABK.}$$

### PROOF COMPLETE
DEVIN_CLI_EXITED code=0
