## Proof

**Claim:** Yes, such a non-zero vector $x$ exists.

**Key observations.**

Since $R^k = I$, the minimal polynomial of $R$ divides $x^k - 1$. Over $\mathbb{C}$, the polynomial $x^k - 1$ has $k$ distinct roots (the $k$-th roots of unity), so it is square-free. Hence the minimal polynomial of $R$ is square-free, which implies $R$ is **diagonalizable**, and every eigenvalue of $R$ is a $k$-th root of unity.

**Reduction to a fixed-point condition.**

For distinct $j, l \in \{0, 1, \ldots, k-1\}$, we have $R^j x = R^l x$ if and only if $R^{j-l} x = x$. Setting $m \equiv j - l \pmod{k}$ with $m \in \{1, 2, \ldots, k-1\}$, this becomes $R^m x = x$, i.e., $x \in \ker(R^m - I)$.

Therefore the desired vector $x$ is one satisfying
$$x \notin \bigcup_{m=1}^{k-1} \ker(R^m - I).$$

**Each $\ker(R^m - I)$ is a proper subspace.**

By hypothesis, $k$ is the *smallest* positive integer with $R^k = I$. Hence $R^m \neq I$ for every $m \in \{1, \ldots, k-1\}$, which means $R^m - I \neq 0$, so $\ker(R^m - I) \subsetneq \mathbb{C}^n$.

**Finite union of proper subspaces over an infinite field.**

Over the infinite field $\mathbb{C}$, a finite union of proper subspaces of $\mathbb{C}^n$ is a proper subset of $\mathbb{C}^n$. (Indeed, if $V_1, \ldots, V_{k-1}$ are proper subspaces, one shows by induction that their union cannot contain a line chosen generically; equivalently, the complement of a finite union of proper subspaces is non-empty—in fact Zariski-dense.)

Applying this to $V_m = \ker(R^m - I)$ for $m = 1, \ldots, k-1$:
$$\bigcup_{m=1}^{k-1} \ker(R^m - I) \subsetneq \mathbb{C}^n.$$

**Existence of $x$.**

Since the union is a proper subset of $\mathbb{C}^n$, there exists
$$x \in \mathbb{C}^n \setminus \bigcup_{m=1}^{k-1} \ker(R^m - I).$$

Note that $x \neq 0$, because $0 \in \ker(R^m - I)$ for every $m$, so $0$ belongs to the union and hence cannot be in the complement.

For this $x$, we have $R^m x \neq x$ for all $m \in \{1, \ldots, k-1\}$. Consequently, for any distinct $j, l \in \{0, 1, \ldots, k-1\}$, the relation $R^j x = R^l x$ would imply (with $m \equiv j - l \pmod{k} \in \{1, \ldots, k-1\}$) that $R^m x = x$, a contradiction. Hence
$$R^j x \neq R^l x \quad \text{for all distinct } j, l \in \{0, 1, \ldots, k-1\}.$$

**Conclusion.** Such a non-zero vector $x \in \mathbb{C}^n$ always exists. $\blacksquare$

### PROOF COMPLETE
DEVIN_CLI_EXITED code=0
