## Solution

We determine the value of the series

$$S = \sum_{n=1}^{\infty} \frac{3^n}{n^4}.$$

**Answer check for leaks:** The problem statement contains only the series itself, with no solution, hint, or formalization note. No leak detected.

**Proof.** Apply the ratio test. Let $a_n = \dfrac{3^n}{n^4} > 0$. Then

$$
\frac{a_{n+1}}{a_n}
= \frac{3^{n+1}}{(n+1)^4} \cdot \frac{n^4}{3^n}
= 3 \left(\frac{n}{n+1}\right)^4.
$$

Taking the limit,

$$
\lim_{n\to\infty} \frac{a_{n+1}}{a_n}
= 3 \cdot \lim_{n\to\infty}\left(\frac{n}{n+1}\right)^4
= 3 \cdot 1
= 3.
$$

Since the limit of the ratio is $3 > 1$, by the ratio test the series **diverges**. Moreover, every term $a_n = \frac{3^n}{n^4}$ is strictly positive, so the partial sums are strictly increasing and unbounded. Therefore the series diverges to $+\infty$.

**Conclusion.** The infinite series $\displaystyle\sum_{n=1}^{\infty}\frac{3^n}{n^4}$ does not converge to a finite value; it diverges to $+\infty$.

### PROOF COMPLETE
DEVIN_CLI_EXITED code=0
