```xml
<audit>
  <analysis_result_key>2270217</analysis_result_key>
  <problem_id>oda_math_460k_00046477</problem_id>
  <audit_status>PASS_SELECTABLE</audit_status>
  <check_results>
    <A1>PASS: dimension1_verdict is "DIRECTION_ERROR", a valid value.</A1>
    <A2>PASS: dimension1_explanation is non-empty and well over 50 characters.</A2>
    <A3>PASS: dimension2_turning_point_type is "other", a valid value (d1=DIRECTION_ERROR).</A3>
    <A4>PASS: dimension2_explanation is non-empty and well over 50 characters.</A4>
    <A5>PASS: ai_direction_summary is non-empty.</A5>
    <A6>PASS: standard_solution_key_technique is non-empty.</A6>
    <B1>PASS: No XML tag leaks found in either explanation.</B1>
    <B2>PASS: No template placeholder leaks found in either explanation.</B2>
    <B3>PASS: Both explanations are well over 50 characters.</B3>
    <C1>PASS: d1=DIRECTION_ERROR and d2 has a value ("other"), consistent.</C1>
    <C2>PASS: d1_exp describes the AI working on a completely different problem (Hamiltonian paths on Q^n) rather than the beads problem, matching the DIRECTION_ERROR label.</C2>
    <C3>PASS: d2_exp describes elementary combinatorial enumeration (case analysis of bead placements), which does not fit any listed modular-arithmetic technique, correctly matching the "other" label.</C3>
    <D1>PASS: d1_exp is over 100 characters and contains action verbs ("addresses", "considered", "working").</D1>
    <D2>PASS: d2_exp is over 100 characters and contains mathematical terms (combinatorial case analysis, configurations, enumeration, probability).</D2>
    <D3>PASS: ai_direction_summary describes the specific direction taken (Hamiltonian paths through Q^n under various norms, coset structures, graph connectivity).</D3>
    <D4>PASS: standard_solution_key_technique describes the specific technique (placing most frequent color first in non-adjacent position sets, enumerating fillings, summing cases).</D4>
    <E1>UNKNOWN — check via script</E1>
  </check_results>
  <issues_found>none</issues_found>
</audit>
```

### AUDIT COMPLETE
DEVIN_CLI_EXITED code=0
