先进行答案泄露自检：题目文本仅给出导数关系式作为工具，未包含答案、解法或形式化笔记。未检测到泄露。

下面给出完整证明。

---

## 证明

记 $J = \int_0^\infty e^{-t^2}\,dt$（其值未知，待求）。题目给定

$$
\int_0^\infty I'(k)\,dk = -2J^2, \qquad I(k)=\int_0^\infty \frac{e^{-k^2(1+x^2)}}{1+x^2}\,dx.
$$

### 第一步：计算 $I(0)$

$$
I(0)=\int_0^\infty \frac{1}{1+x^2}\,dx=\Big[\arctan x\Big]_0^\infty=\frac{\pi}{2}.
$$

### 第二步：证明 $\displaystyle\lim_{k\to\infty} I(k)=0$

对 $k>0$，将因子 $e^{-k^2}$ 提出：

$$
I(k)=e^{-k^2}\int_0^\infty \frac{e^{-k^2 x^2}}{1+x^2}\,dx
\;\le\; e^{-k^2}\int_0^\infty e^{-k^2 x^2}\,dx.
$$

作替换 $u=kx$：

$$
\int_0^\infty e^{-k^2 x^2}\,dx=\frac{1}{k}\int_0^\infty e^{-u^2}\,du=\frac{J}{k}.
$$

因此

$$
0\;\le\; I(k)\;\le\;\frac{J}{k}\,e^{-k^2}\xrightarrow[k\to\infty]{}0,
$$

其中 $J$ 是有限正常数。由夹逼准则，

$$
\boxed{\displaystyle\lim_{k\to\infty} I(k)=0.}
$$

### 第三步：利用导数关系确定 $J$

被积函数 $\frac{e^{-k^2(1+x^2)}}{1+x^2}$ 关于 $k$ 在 $[0,\infty)$ 上连续，且 $I'(k)=-2k\int_0^\infty e^{-k^2(1+x^2)}dx$ 在 $k>0$ 上连续并在 $k=0$ 处有极限 $0$，故 $I$ 在 $[0,\infty)$ 上连续、在 $(0,\infty)$ 上连续可微，且 $I(k)\to 0$（已证）。因此 Newton–Leibniz 公式对广义积分成立：

$$
\int_0^\infty I'(k)\,dk=\lim_{k\to\infty}I(k)-I(0)=0-\frac{\pi}{2}=-\frac{\pi}{2}.
$$

与给定的关系式 $-2J^2$ 联立：

$$
-2J^2=-\frac{\pi}{2}\quad\Longrightarrow\quad J^2=\frac{\pi}{4}.
$$

因 $e^{-t^2}>0$，故 $J>0$，从而

$$
J=\int_0^\infty e^{-t^2}\,dt=\frac{\sqrt{\pi}}{2}.
$$

### 结论

$$
\lim_{k\to\infty} I(k)=0,
$$

并且作为副产品（在不预设括号中广义积分值的前提下）得到 $\displaystyle\int_0^\infty e^{-t^2}\,dt=\frac{\sqrt{\pi}}{2}$。

### PROOF COMPLETE
DEVIN_CLI_EXITED code=0
