Looking at this problem, I need to find angle EFC in triangle ABC where angle A = 90°, angle B = 20°, angle C = 70°, with E on AC (BE bisects angle B) and F on AB (angle ACF = 30°).

**Setup and key angles:**

Since BE bisects the 20° angle at B: angle ABE = angle EBC = 10°.

Since F is on AB and angle ACF = 30°: angle BCF = angle BCA − angle ACF = 70° − 30° = 40°.

**Triangle BCF:**
- Angle B = 20°, Angle C = 40°, Angle F = 120°

**Triangle BCE:**
- Angle B = 10°, Angle C = 70°, Angle E = 100°

**Triangle ABE:**
- Angle A = 90°, Angle B = 10°, Angle E = 80°

**Applying the Sine Rule:**

From triangle BCF: BF/sin 40° = BC/sin 120°, so BF = BC·sin 40°/sin 120°.

From triangle BCE: BE/sin 70° = BC/sin 100°, so BE = BC·sin 70°/sin 100°.

Taking the ratio:
$$\frac{BE}{BF} = \frac{\sin 70° \cdot \sin 120°}{\sin 100° \cdot \sin 40°} = \frac{\cos 20° \cdot \sin 60°}{\cos 10° \cdot \sin 40°}$$

Numerically: (0.93969 × 0.86603)/(0.98481 × 0.64279) = 0.81380/0.63302 ≈ 1.28558.

**Triangle BEF:**

Angle EBF = 10° (since F lies on BA and BE bisects angle B). Let angle BFE = α and angle BEF = 170° − α.

By the sine rule: sin α / sin(170° − α) = BE/BF = 1.28558.

Note sin 40°/sin 30° = 0.64279/0.5 = 1.28558, so testing α = 140°:

$$\frac{\sin 140°}{\sin 30°} = \frac{\sin 40°}{\sin 30°} = 1.28558 \checkmark$$

Therefore angle BFE = 140° and angle BEF = 30°.

**Computing angle EFC:**

Both E and C lie on the same side of line AB (above it). From vertex F:
- Angle BFE = 140° (angle from ray FB to ray FE)
- Angle BFC = 120° (angle from ray FB to ray FC, from triangle BCF)

Since E lies on segment AC between A and C, ray FE sits "above" ray FC when measured from FB. Therefore:

$$\angle EFC = \angle BFE - \angle BFC = 140° - 120° = \boxed{20°}$$

**Verification (coordinate geometry):**

Place A = (0,0), B = (1,0), C = (0, tan 20°). Then:
- E = (0, tan 10°) (by the angle bisector theorem and the identity sin θ/(1+cos θ) = tan(θ/2))
- F = (tan 20°/√3, 0) (from cos²30° = tan²20°/(f² + tan²20°))

Computing the angle between vectors FE = (−tan 20°/√3, tan 10°) and FC = (−tan 20°/√3, tan 20°):

$$\tan(\angle EFC) = \frac{|FE \times FC|}{FE \cdot FC} = \frac{f(\tan 20° - \tan 10°)}{f^2 + \tan 10° \tan 20°}$$

where f = tan 20°/√3. This simplifies to:

$$\tan(\angle EFC) = \frac{\sqrt{3}(\tan 20° - \tan 10°)}{\tan 20° + 3\tan 10°}$$

Using the double-angle identity tan 20° = 2 tan 10°/(1 − tan²10°) and the triple-angle identity tan 30° = 1/√3 (i.e., √3(3s − s³) = 1 − 3s² with s = tan 10°), one can verify algebraically that this expression equals tan 20°, confirming:

$$\angle EFC = 20°$$

### PROOF COMPLETE
DEVIN_CLI_EXITED code=0
