# Solution

## Answer Leak Check

The problem statement contains no leaked answers, solution sketches, or formalization notes. Proceeding to solve.

## Setup

We seek $C$ such that $f(x) = \sum_{k=1}^{\infty} \frac{\sin(kx)}{k^\alpha} = C\, x^{\alpha-1} + o(x^{\alpha-1})$ as $x \to 0^+$, with $0 < \alpha < 2$.

**Key substitution.** Define $g(t) = \frac{\sin t}{t^\alpha}$ for $t > 0$. Then:

$$f(x) = \sum_{k=1}^{\infty} \frac{\sin(kx)}{k^\alpha} = x^\alpha \sum_{k=1}^{\infty} \frac{\sin(kx)}{(kx)^\alpha} = x^{\alpha-1}\left(x\sum_{k=1}^{\infty} g(kx)\right).$$

So it suffices to prove:

$$\lim_{x\to 0^+} x\sum_{k=1}^{\infty} g(kx) = \int_0^\infty g(t)\,dt,$$

and then evaluate the integral. The limit is a Riemann-sum convergence statement, but $g$ is only **conditionally** integrable on $(0,\infty)$ (for $0<\alpha\le 1$, $|g|\notin L^1$ at infinity), so we proceed carefully.

## Step 1: Integrability of $g$

**Near $t=0$:** $g(t) = \sin t / t^\alpha \sim t^{1-\alpha}$, and $\int_0^1 t^{1-\alpha}\,dt$ converges iff $1-\alpha > -1$, i.e., $\alpha < 2$. ✓

**Near $t=\infty$:** $g(t) = \sin t / t^\alpha$ with $t^{-\alpha}$ monotonically decreasing to $0$. By Dirichlet's test, $\int_1^\infty \sin t / t^\alpha\, dt$ converges for $\alpha > 0$. ✓

So $I := \int_0^\infty g(t)\,dt$ exists as an improper integral for all $0 < \alpha < 2$.

## Step 2: Tail bounds (sum and integral)

**Integral tail.** By integration by parts, for $A > 0$:

$$\left|\int_A^\infty \frac{\sin t}{t^\alpha}\,dt\right| = \left|\left[-\frac{\cos t}{t^\alpha}\right]_A^\infty - \alpha\int_A^\infty \frac{\cos t}{t^{\alpha+1}}\,dt\right| \le \frac{1}{A^\alpha} + \frac{\alpha}{A^\alpha} = \frac{1+\alpha}{A^\alpha}.\quad (\star)$$

**Sum tail.** For small $x \in (0,\pi)$, set $T_k = \sum_{j=k}^{\infty} \sin(jx)$. Using the geometric-series-type bound:

$$|T_k| = \left|\frac{\sin(kx)}{1}\cdot\frac{1}{1-e^{ix}}\text{-type}\right| \le \frac{1}{|\sin(x/2)|} \le \frac{C_0}{x}$$

for an absolute constant $C_0$ (using $|\sin(x/2)| \ge x/\pi$ for $0 < x < \pi$). By Abel summation (summation by parts), writing $\sin(kx) = T_k - T_{k+1}$:

$$\sum_{k=N}^{\infty} \frac{\sin(kx)}{k^\alpha} = \frac{T_N}{N^\alpha} + \sum_{k=N+1}^{\infty} T_k\!\left(\frac{1}{k^\alpha} - \frac{1}{(k-1)^\alpha}\right).$$

Since $0 < \frac{1}{(k-1)^\alpha} - \frac{1}{k^\alpha} \le \frac{\alpha}{(k-1)^{\alpha+1}}$ and $\sum_{k=N+1}^\infty \frac{\alpha}{(k-1)^{\alpha+1}} \le \frac{C_1}{N^\alpha}$:

$$\left|\sum_{k=N}^{\infty} \frac{\sin(kx)}{k^\alpha}\right| \le \frac{C_0}{x\, N^\alpha} + \frac{C_0}{x}\cdot\frac{C_1}{N^\alpha} = \frac{C_2}{x\, N^\alpha}.$$

Setting $N = \lceil A/x \rceil \ge A/x$:

$$\left|x\sum_{k:\, kx > A} g(kx)\right| = \left|x^{1-\alpha}\sum_{k > A/x} \frac{\sin(kx)}{k^\alpha}\right| \le x^{1-\alpha}\cdot \frac{C_2}{x\,(A/x)^\alpha} = \frac{C_2}{A^\alpha}.\quad (\star\star)$$

## Step 3: Riemann sum convergence on $[0, A]$

We show $x\sum_{k:\, 0 < kx \le A} g(kx) \to \int_0^A g(t)\,dt$ as $x \to 0^+$.

**Case $0 < \alpha < 1$:** Here $g(t) \to 0$ as $t\to 0^+$, so $g$ extends continuously to $[0,A]$ with $g(0)=0$. Standard Riemann sum convergence applies.

**Case $1 \le \alpha < 2$:** $g$ has an integrable singularity at $0$. Split $[0,A] = [0,\delta] \cup [\delta, A]$.

- On $[\delta, A]$: $g$ is continuous, so Riemann sums converge: $x\sum_{k:\, \delta < kx \le A} g(kx) \to \int_\delta^A g(t)\,dt$.

- On $[0, \delta]$: Both the integral and the Riemann sum are small. Indeed, $|g(t)| \le t^{1-\alpha}$ for small $t$, so:
  - $\left|\int_0^\delta g(t)\,dt\right| \le \int_0^\delta t^{1-\alpha}\,dt = \frac{\delta^{2-\alpha}}{2-\alpha}$.
  - $\left|x\sum_{k:\, 0<kx\le\delta} g(kx)\right| \le x\sum_{k=1}^{\lfloor\delta/x\rfloor} (kx)^{1-\alpha} = x^{2-\alpha}\sum_{k=1}^{\lfloor\delta/x\rfloor} k^{1-\alpha} \le C_3\, x^{2-\alpha}\!\left(\frac{\delta}{x}\right)^{2-\alpha} = C_3\,\delta^{2-\alpha}$,

  using $\sum_{k=1}^{N} k^{1-\alpha} \le C N^{2-\alpha}$ (valid for $\alpha < 2$).

Both bounds are $O(\delta^{2-\alpha}) \to 0$ as $\delta \to 0$. Taking $\delta \to 0$ after $x \to 0^+$ gives the convergence on $[0,A]$.

## Step 4: Combining

For any $A > 0$:

$$\left|x\sum_{k=1}^{\infty} g(kx) - \int_0^\infty g(t)\,dt\right| \le \underbrace{\left|x\sum_{k:\, kx\le A} g(kx) - \int_0^A g(t)\,dt\right|}_{\to\, 0 \text{ as } x\to 0^+} + \underbrace{\left|x\sum_{k:\, kx > A} g(kx)\right|}_{\le\, C_2/A^\alpha} + \underbrace{\left|\int_A^\infty g(t)\,dt\right|}_{\le\, (1+\alpha)/A^\alpha}$$

by $(\star)$ and $(\star\star)$. Taking $\limsup_{x\to 0^+}$ then $A \to \infty$:

$$\lim_{x\to 0^+} x\sum_{k=1}^{\infty} g(kx) = \int_0^\infty g(t)\,dt.$$

Therefore:

$$f(x) = x^{\alpha-1}\left(\int_0^\infty \frac{\sin t}{t^\alpha}\,dt + o(1)\right) = C\, x^{\alpha-1} + o(x^{\alpha-1}).$$

## Step 5: Evaluating the integral

$$C = \int_0^\infty \frac{\sin t}{t^\alpha}\,dt = \int_0^\infty t^{(1-\alpha)-1}\sin t\,dt.$$

Using the classical Mellin transform identity (valid for $-1 < \operatorname{Re}(s) < 1$):

$$\int_0^\infty t^{s-1}\sin t\,dt = \Gamma(s)\,\sin\!\left(\frac{\pi s}{2}\right),$$

with $s = 1-\alpha$ (the condition $-1 < 1-\alpha < 1$ is exactly $0 < \alpha < 2$):

$$C = \Gamma(1-\alpha)\,\sin\!\left(\frac{\pi(1-\alpha)}{2}\right) = \Gamma(1-\alpha)\,\cos\!\left(\frac{\pi\alpha}{2}\right).$$

## Verification at $\alpha = 1$

At $\alpha = 1$, $f(x) = \sum_{k=1}^\infty \frac{\sin(kx)}{k} = \frac{\pi - x}{2}$ for $0 < x < 2\pi$, so $f(x) \to \frac{\pi}{2}$ as $x \to 0^+$, giving $C = \pi/2$.

Our formula: $\Gamma(1-\alpha)\cos(\pi\alpha/2)$ at $\alpha=1$ is $\Gamma(0)\cdot 0$, an indeterminate $0\cdot\infty$. Taking $\epsilon = 1-\alpha \to 0$:

$$\Gamma(\epsilon)\,\cos\!\left(\tfrac{\pi(1-\epsilon)}{2}\right) = \Gamma(\epsilon)\,\sin\!\left(\tfrac{\pi\epsilon}{2}\right) \sim \frac{1}{\epsilon}\cdot\frac{\pi\epsilon}{2} = \frac{\pi}{2}.\quad\checkmark$$

## Result

$$\boxed{C = \Gamma(1-\alpha)\,\cos\!\left(\frac{\pi\alpha}{2}\right)}$$

### PROOF COMPLETE
DEVIN_CLI_EXITED code=0
