## 解题思路

**设定。** 我们有 8 个棋子：红色、绿色、白色、蓝色各 2 个（同色棋子除颜色外完全相同）。我们需要选出 7 个棋子，放置在正六棱锥的 7 个顶点上（6 个底面顶点构成正六边形 + 1 个顶点），并计算在棱锥对称性下的不同嵌人方法数。

**对称群。** 正六棱锥的对称群为 $C_{6v}$，阶数为 12：包含 6 个旋转（$0°, 60°, 120°, 180°, 240°, 300°$）和 6 个反射（3 个过对顶点的反射，3 个过对边中点的反射）。顶点在所有对称变换下保持不变；6 个底面顶点承受完整的 $D_6$ 作用。

**选择 7 个棋子。** 从 8 个棋子（各色 2 个）中选出 7 个，意味着我们恰好舍弃 1 个棋子。由于同色棋子不可区分，选择仅由哪种颜色从 2 个变为 1 个来决定。因此，在 7 个棋子的多重集中，恰好有一种颜色出现 1 次，其余三种颜色各出现 2 次。

**按顶点颜色分类。** 由于顶点在所有对称变换下保持不变，其颜色是不变量。有两种情况：

- **情况 1：** 顶点颜色 = 出现 1 次的颜色。此时底面有 3 种颜色，每种各出现 2 次。共有 4 种选择（即哪种颜色同时作为顶点颜色和出现 1 次的颜色）。设 $A$ 为在 $D_6$ 对称性下，3 种颜色各出现 2 次的正六边形染色数。

- **情况 2：** 顶点颜色 = 出现 2 次的颜色。此时底面有 4 种颜色，计数为 1（顶点颜色）、1（出现 1 次的颜色）、2、2。共有 $4 \times 3 = 12$ 种选择。设 $B$ 为在 $D_6$ 对称性下，4 种颜色计数为 $1,1,2,2$ 的正六边形染色数。

**总计** $= 4A + 12B$。

## 使用伯恩赛德引理（Burnside's Lemma）计算 $A$

3 种颜色，每种 2 个，放置在 6 个顶点上。无限制染色总数：$\frac{6!}{2!2!2!} = 90$。

$D_6$ 元素及其不动点计数：

| 元素 | 轨道结构 | $|\text{Fix}|$ |
|---|---|---|
| 单位元 | $1^6$ | 90 |
| 旋转 $60°, 300°$ | $6$-循环 | 0 (需要 6 个同色) |
| 旋转 $120°, 240°$ | 两个 $3$-循环 | 0 (每个轨道贡献 3) |
| 旋转 $180°$ | 三个 $2$-循环 | $3! = 6$ (每种颜色对应一个轨道) |
| 3 个过顶点反射 | $1^2, 2^2$ | 各为 6 (见下文) |
| 3 个过边反射 | $2^3$ | 各为 6 (将 3 种颜色分配给 3 个轨道：$3!=6$) |

**过顶点反射**（轨道大小 $1,1,2,2$）：两个大小为 2 的轨道各贡献 2 个某颜色；两个大小为 1 的轨道必须均分剩余颜色（各贡献 1）。选择哪种颜色用于大小为 1 的轨道（3 种选择）× 将其余 2 种颜色分配给大小为 2 的轨道（$2! = 2$）= 6。

$$A = \frac{1}{12}(90 + 0 + 0 + 0 + 0 + 6 + 3 \times 6 + 3 \times 6) = \frac{132}{12} = 11.$$

## 使用伯恩赛德引理计算 $B$

4 种颜色，计数为 $1,1,2,2$。无限制染色总数：$\frac{6!}{1!1!2!2!} = 180$。

| 元素 | 轨道结构 | $|\text{Fix}|$ |
|---|---|---|
| 单位元 | $1^6$ | 180 |
| 旋转 $60°, 300°$ | $6$-循环 | 0 |
| 旋转 $120°, 240°$ | 两个 $3$-循环 | 0 (奇数计数需要奇数轨道贡献) |
| 旋转 $180°$ | 三个 $2$-循环 | 0 (仅偶数贡献；无法得到计数 1) |
| 3 个过顶点反射 | $1^2, 2^2$ | 各为 4 (见下文) |
| 3 个过边反射 | $2^3$ | 0 (仅偶数贡献) |

**过顶点反射**（轨道大小 $1,1,2,2$）：将两种计数为 1 的颜色分配给两个大小为 1 的轨道（$2!$），将两种计数为 2 的颜色分配给两个大小为 2 的轨道（$2!$）：$2! \times 2! = 4$。

$$B = \frac{1}{12}(180 + 0 + 0 + 0 + 0 + 0 + 3 \times 4 + 3 \times 0) = \frac{192}{12} = 16.$$

## 最终计算

$$\text{总计} = 4A + 12B = 4 \times 11 + 12 \times 16 = 44 + 192 = \boxed{236}.$$

### 证明完成
DEVIN_CLI_EXITED code=0
