## Solution

**Setup.** Place the platform as the $xy$-plane. The box has dimensions $3\times 4\times 6$. Choose a face of size $a\times b$ as the base (footprint), leaving height $h$, where $\{a,b,h\}=\{3,4,6\}$.

**Light projection geometry.** The light rays make $45^\circ$ with the horizontal, so a point at height $z$ casts its shadow at horizontal distance $z\cot 45^\circ = z$ along the horizontal direction of the light. Let the horizontal component of the light direction make angle $\theta$ with the side of length $a$.

The shadow of the entire box on the platform is the parallel projection of $[0,a]\times[0,b]\times[0,h]$ along the light direction onto $z=0$. A point $(x,y,z)$ maps to $(x - z\cos\theta,\; y - z\sin\theta)$. This projection is the **Minkowski sum** of the base rectangle $R=[0,a]\times[0,b]$ and the line segment of length $h$ in direction $(-\cos\theta,-\sin\theta)$.

**Area formula.** By the Steiner formula for the Minkowski sum of a convex body with a segment of length $L$ in direction $u$:
$$\text{Area}(R \oplus \text{segment}) = \text{Area}(R) + L\cdot w(R,\, u^\perp),$$
where $w(R, u^\perp)$ is the width of $R$ in the direction perpendicular to $u$. For a rectangle $a\times b$, the width in the direction $\theta+90^\circ$ is
$$w = a|\sin\theta| + b|\cos\theta|.$$
Thus the **total** shadow area is $ab + h(a\sin\theta + b\cos\theta)$ (taking $0\le\theta\le 90^\circ$), and the shadow area **outside the footprint** is:
$$S = h\,(a\sin\theta + b\cos\theta).$$

**Maximizing over orientation.** For fixed $a,b,h$:
$$\max_\theta\,(a\sin\theta + b\cos\theta) = \sqrt{a^2+b^2},$$
achieved at $\tan\theta = a/b$. Hence:
$$S_{\max} = h\sqrt{a^2+b^2}.$$

**Maximizing over face choice.** Evaluate all three choices of base:

| Base $a\times b$ | Height $h$ | $h\sqrt{a^2+b^2}$ |
|---|---|---|
| $3\times 4$ | $6$ | $6\sqrt{9+16}=6\times 5=30$ |
| $3\times 6$ | $4$ | $4\sqrt{9+36}=4\sqrt{45}=12\sqrt{5}\approx 26.83$ |
| $4\times 6$ | $3$ | $3\sqrt{16+36}=3\sqrt{52}=6\sqrt{13}\approx 21.63$ |

The maximum is attained with the **$3\times 4$ face as the base** (height $6$), oriented so the light's horizontal direction makes angle $\theta=\arctan(3/4)$ with the side of length $3$.

**Verification.** With $a=3,\,b=4,\,h=6,\,\theta=\arctan(3/4)$: $\sin\theta=3/5,\;\cos\theta=4/5$, giving $S=6(3\cdot\tfrac{3}{5}+4\cdot\tfrac{4}{5})=6\cdot\tfrac{25}{5}=30$. ✓

The shadow is a convex hexagon formed by the base $3\times 4$ rectangle swept by a segment of length $6$; its area exceeds the footprint by exactly $30$.

$$\boxed{30 \text{ cm}^2}$$

### PROOF COMPLETE
DEVIN_CLI_EXITED code=0
