## Proof

**Claim:** Yes. For every $f \in X^*$, there exists $x \in X$ with $\|x\| = 1$ and $f(x) = \|f\|$.

---

**Step 1: Weak compactness of the closed unit ball.**

Since $X$ is reflexive, by Kakutani's theorem the closed unit ball
$$B = \{x \in X : \|x\| \le 1\}$$
is compact in the weak topology $\sigma(X, X^*)$.

**Step 2: $f$ is weakly continuous.**

The weak topology $\sigma(X, X^*)$ is, by definition, the coarsest topology on $X$ making every element of $X^*$ continuous. Hence $f \in X^*$ is continuous as a map $(X, \sigma(X,X^*)) \to \mathbb{R}$ (or $\mathbb{C}$). Consequently $|f|: B \to \mathbb{R}$ is also weakly continuous.

**Step 3: The supremum is attained.**

A continuous real-valued function on a compact topological space attains its maximum. Applying this to $|f|$ on the weakly compact set $B$:

$$\exists\, x_0 \in B \quad \text{such that} \quad |f(x_0)| = \sup_{x \in B} |f(x)| = \|f\|,$$

where the last equality uses the standard identity
$$\|f\| = \sup_{\|x\|\le 1}|f(x)| = \sup_{\|x\|=1}|f(x)|.$$

**Step 4: $\|x_0\| = 1$ (when $f \neq 0$).**

Suppose for contradiction that $\|x_0\| < 1$. Since $|f(x_0)| = \|f\|$ and $f \neq 0$, we have $\|f\| > 0$, so $x_0 \neq 0$ and $\|x_0\| \in (0,1)$. Set $y = x_0 / \|x_0\|$, so $\|y\| = 1$. Then
$$|f(y)| = \frac{|f(x_0)|}{\|x_0\|} = \frac{\|f\|}{\|x_0\|} > \|f\|,$$
contradicting the definition of $\|f\|$ as the supremum over unit vectors. Hence $\|x_0\| = 1$.

**Step 5: Adjusting the sign.**

We have $\|x_0\| = 1$ and $|f(x_0)| = \|f\|$.

- If $f(x_0) = \|f\|$, take $x = x_0$.
- If $f(x_0) = -\|f\|$, take $x = -x_0$; then $\|x\| = 1$ and $f(x) = -f(x_0) = \|f\|$.

(For complex scalars, if $f(x_0) = \|f\| e^{i\theta}$, take $x = e^{-i\theta} x_0$; then $\|x\| = 1$ and $f(x) = e^{-i\theta} f(x_0) = \|f\|$.)

In either case there exists $x$ with $\|x\| = 1$ and $f(x) = \|f\|$.

**Step 6: The trivial case $f = 0$.**

If $f = 0$, then $\|f\| = 0$. Since $X \neq \{0\}$, pick any $x$ with $\|x\| = 1$; then $f(x) = 0 = \|f\|$.

---

**Conclusion.** In every case there exists $x \in X$ with $\|x\| = 1$ and $f(x) = \|f\|$. The essential mechanism is that reflexivity makes the closed unit ball weakly compact, and bounded linear functionals are weakly continuous, so the supremum defining $\|f\|$ is attained on the unit ball. $\blacksquare$

### PROOF COMPLETE
DEVIN_CLI_EXITED code=0
