## Answer Leak Self-Check

The problem text contains no leaked answers, solution sketches, or formalization notes. Proceeding to solve.

## Proof

**Claim:** Yes, the identity map $\mathrm{id}:(X,\mathcal{U}_1)\to(X,\mathcal{U}_2)$ is a homeomorphism.

**Key observation.** A homeomorphism is a *topological* notion: it depends only on the topologies induced on the domain and codomain, not on the uniformities themselves. Concretely, a bijection $f:(X,\tau_X)\to(Y,\tau_Y)$ is a homeomorphism if and only if $f$ is continuous and $f^{-1}$ is continuous, where continuity is tested entirely against the open sets of $\tau_X$ and $\tau_Y$.

**Setup.** Let $\tau_1$ and $\tau_2$ be the topologies induced by $\mathcal{U}_1$ and $\mathcal{U}_2$ respectively. By hypothesis, $\tau_1 = \tau_2 =: \tau$.

Recall the induced topology: $O\subseteq X$ is $\tau_i$-open iff for every $x\in O$ there exists an entourage $V\in\mathcal{U}_i$ with $V[x]\subseteq O$.

**The identity is a bijection.** Trivially, $\mathrm{id}:X\to X$ is a bijection with $\mathrm{id}^{-1}=\mathrm{id}$.

**Continuity of $\mathrm{id}:(X,\tau)\to(X,\tau)$.** For any $\tau$-open set $O\subseteq X$,
$$\mathrm{id}^{-1}(O)=O,$$
which is $\tau$-open. Hence $\mathrm{id}$ is continuous.

**Continuity of $\mathrm{id}^{-1}:(X,\tau)\to(X,\tau)$.** Since $\mathrm{id}^{-1}=\mathrm{id}$, the identical argument shows $\mathrm{id}^{-1}$ is continuous.

**Conclusion.** The identity is a bijection, continuous, with continuous inverse; therefore it is a homeomorphism. $\blacksquare$

---

**Remark (the identity need not be a *uniform* isomorphism).** The fact that two uniformities induce the same topology does **not** imply they are the same uniformity, nor that the identity is uniformly continuous in both directions. A concrete example:

On $X=\mathbb{R}$, let $\mathcal{U}_1$ be the usual metric uniformity from $d(x,y)=|x-y|$, and let $\mathcal{U}_2$ be the metric uniformity from $d'(x,y)=|\arctan x-\arctan y|$. Both metrics induce the usual (Euclidean) topology on $\mathbb{R}$, since $\arctan$ is a homeomorphism onto its image.

- $\mathrm{id}:(\mathbb{R},\mathcal{U}_1)\to(\mathbb{R},\mathcal{U}_2)$ is uniformly continuous, because $|\arctan x-\arctan y|\le |x-y|$ (the derivative of $\arctan$ is bounded by $1$).
- $\mathrm{id}:(\mathbb{R},\mathcal{U}_2)\to(\mathbb{R},\mathcal{U}_1)$ is **not** uniformly continuous. Take $\varepsilon=\tfrac{1}{2}$. For any $\delta>0$, choose $n$ large enough that $\arctan(n+\tfrac{1}{2})-\arctan(n)<\delta$ (possible since $\arctan'(t)=1/(1+t^2)\to 0$). Setting $x=n,\; y=n+\tfrac{1}{2}$, we get $d'(x,y)<\delta$ but $d(x,y)=\tfrac{1}{2}\ge\varepsilon$.

Thus the identity is a homeomorphism but **not** a uniform isomorphism. This confirms that the question—asked about *homeomorphism*—has an affirmative answer, while the stronger statement about uniform equivalence would be false in general.

### PROOF COMPLETE
DEVIN_CLI_EXITED code=0
