Looking at this problem, I need to understand the function f and count fixed points f(n) = n for 1 ≤ n ≤ 1988.

## Exploring the Function

Let me compute f for small values:

| n | binary | f(n) | f(n) binary |
|---|--------|------|-------------|
| 1 | 1 | 1 | 1 |
| 2 | 10 | 1 | 1 |
| 3 | 11 | 3 | 11 |
| 4 | 100 | 1 | 1 |
| 5 | 101 | 5 | 101 |
| 6 | 110 | 3 | 11 |
| 7 | 111 | 7 | 111 |
| 8 | 1000 | 1 | 1 |
| 9 | 1001 | 9 | 1001 |
| 10 | 1010 | 5 | 101 |
| 11 | 1011 | 13 | 1101 |
| 12 | 1100 | 3 | 11 |
| 13 | 1101 | 11 | 1011 |
| 14 | 1110 | 7 | 111 |
| 15 | 1111 | 15 | 1111 |

**Pattern:** f(n) is the **binary reversal** of n — reverse the bits of n's binary representation (keeping the same bit-length, so leading zeros become trailing zeros). For example, 11 = (1011)₂ reverses to (1101)₂ = 13.

The fixed points f(n) = n are exactly the **binary palindromes**: 1, 11, 101, 111, 1001, 1111, 10101, ...

## Proof that f = Binary Reversal

Let R(n) denote the binary reversal of n. Suppose n has binary representation (b_k ... b_0)₂ with k+1 bits.

**Initial conditions:** R(1) = 1, R(3) = 3. ✓

**Even case:** R(2n) = R(n). The binary of 2n is (b_k...b_0 0)₂; reversing gives (0 b_0...b_k)₂ = R(n). ✓

**Case 4n+1:** Binary is (b_k...b_0 01)₂ with k+3 bits. Reversing: R(4n+1) = (10 b_0...b_k)₂ = 2^{k+2} + R(n).
Also R(2n+1) = (1 b_0...b_k)₂ = 2^{k+1} + R(n).
So 2R(2n+1) − R(n) = 2(2^{k+1} + R(n)) − R(n) = 2^{k+2} + R(n) = R(4n+1). ✓

**Case 4n+3:** Binary is (b_k...b_0 11)₂ with k+3 bits. Reversing: R(4n+3) = (11 b_0...b_k)₂ = 3·2^{k+1} + R(n).
So 3R(2n+1) − 2R(n) = 3(2^{k+1} + R(n)) − 2R(n) = 3·2^{k+1} + R(n) = R(4n+3). ✓

Since R satisfies all recurrence relations and initial conditions, and every positive integer is reachable via these rules, by induction **f = R**. Therefore:

$$f(n) = n \iff n \text{ is a binary palindrome}.$$

## Counting Binary Palindromes in {1, ..., 1988}

Since 1988 = (11111000100)₂ has 11 bits:

**Palindromes of length 1–10 bits** (all ≤ 2¹⁰ − 1 = 1023 < 1988):

A k-bit palindrome is determined by its first ⌈k/2⌉ bits (MSB = 1), giving 2^{⌈k/2⌉−1} palindromes.

| Length k | Count |
|----------|-------|
| 1 | 2⁰ = 1 |
| 2 | 2⁰ = 1 |
| 3 | 2¹ = 2 |
| 4 | 2¹ = 2 |
| 5 | 2² = 4 |
| 6 | 2² = 4 |
| 7 | 2³ = 8 |
| 8 | 2³ = 8 |
| 9 | 2⁴ = 16 |
| 10 | 2⁴ = 16 |

**Subtotal: 62**

**Palindromes of length 11:** Determined by first 6 bits (b₁₀b₉b₈b₇b₆b₅) with b₁₀ = 1, ranging from (100000)₂ = 32 to (111111)₂ = 63. The full palindrome is b₁₀b₉b₈b₇b₆b₅b₆b₇b₈b₉b₁₀.

We need the palindrome ≤ 1988 = (11111000100)₂, whose first 6 bits are (111110)₂ = 62.

- First 6 bits < 62: palindrome < 1988. Count = 62 − 32 = **30**.
- First 6 bits = 62: palindrome = (11111011111)₂ = 2015 > 1988. Excluded.
- First 6 bits = 63: palindrome = (11111111111)₂ = 2047 > 1988. Excluded.

**Length 11 count: 30**

## Final Answer

$$62 + 30 = \boxed{92}$$

Among the first 1988 packets, **92** achieve Perfect Sync.

### PROOF COMPLETE
DEVIN_CLI_EXITED code=0
