## Solution

**Answer-leak check:** The problem statement contains no solutions, proof sketches, or leaked answers. Proceeding.

---

### Euler characteristic

The Euler characteristic is determined solely by the cell counts:

$$\chi(X) = c_0 - c_1 + c_2 = 2 - 3 + 3 = 2.$$

---

### Determining $H_2(X)$

Consider the cellular chain complex of $X$. Since $X$ has no cells in dimensions $\geq 3$,

$$0 \longrightarrow C_2 \xrightarrow{\ d_2\ } C_1 \xrightarrow{\ d_1\ } C_0 \longrightarrow 0,$$

where $C_0 \cong \mathbb{Z}^2$, $C_1 \cong \mathbb{Z}^3$, $C_2 \cong \mathbb{Z}^3$, and $d_n = 0$ for $n \geq 3$.

**Step 1: Ranks from $H_0$ and $H_1$.**

Since $X$ is connected, $H_0(X) \cong \mathbb{Z}$, so

$$\operatorname{rank}(\operatorname{im} d_1) = \operatorname{rank}(C_0) - \operatorname{rank}(H_0) = 2 - 1 = 1.$$

By rank–nullity applied to $d_1: \mathbb{Z}^3 \to \mathbb{Z}^2$,

$$\operatorname{rank}(\ker d_1) = 3 - \operatorname{rank}(\operatorname{im} d_1) = 3 - 1 = 2.$$

From $H_1(X) = \ker d_1 / \operatorname{im} d_2 \cong \mathbb{Z} \oplus \mathbb{Z}/3$, we have $\operatorname{rank}(H_1) = 1$, hence

$$\operatorname{rank}(\operatorname{im} d_2) = \operatorname{rank}(\ker d_1) - \operatorname{rank}(H_1) = 2 - 1 = 1.$$

**Step 2: $H_2$ is free abelian.**

Since there are no $3$-cells, $\operatorname{im} d_3 = 0$, and therefore

$$H_2(X) = \ker d_2 / \operatorname{im} d_3 = \ker d_2.$$

Now $\ker d_2$ is a subgroup of $C_2 \cong \mathbb{Z}^3$. A fundamental theorem of abelian groups states that **every subgroup of a free abelian group is free abelian**. Therefore $\ker d_2$ is free, and $H_2(X)$ is free abelian (torsion-free).

**Step 3: Rank of $H_2$.**

By rank–nullity applied to $d_2: \mathbb{Z}^3 \to \mathbb{Z}^3$,

$$\operatorname{rank}(\ker d_2) = \operatorname{rank}(C_2) - \operatorname{rank}(\operatorname{im} d_2) = 3 - 1 = 2.$$

Since $H_2(X) = \ker d_2$ is free abelian of rank $2$,

$$\boxed{H_2(X) \cong \mathbb{Z}^2.}$$

**Step 4: Consistency check via Euler characteristic.**

Computing $\chi$ from homology (using $H_n = 0$ for $n \geq 3$):

$$\chi(X) = \operatorname{rank} H_0 - \operatorname{rank} H_1 + \operatorname{rank} H_2 = 1 - 1 + 2 = 2,$$

which agrees with the cell-count computation. ✓

**Step 5: Realizability (the constraints are consistent).**

Such a CW complex exists. For example, choose $d_1: \mathbb{Z}^3 \to \mathbb{Z}^2$ with image of rank $1$ (ensuring connectedness). Then $\ker d_1$ is a rank-$2$ direct summand of $\mathbb{Z}^3$, say generated by $e_1, e_2$. Define $d_2: \mathbb{Z}^3 \to \mathbb{Z}^3$ so that its image is the cyclic subgroup $\langle 3e_1 \rangle \subset \ker d_1$ (rank $1$). Then

$$H_1 = \ker d_1 / \operatorname{im} d_2 = \langle e_1, e_2 \rangle / \langle 3e_1 \rangle \cong \mathbb{Z}/3 \oplus \mathbb{Z},$$

as required, and $\ker d_2$ is free of rank $2$, giving $H_2 \cong \mathbb{Z}^2$.

---

### Conclusion

The Euler characteristic is $\chi(X) = 2$, and the **unique** possibility is

$$H_2(X) \cong \mathbb{Z}^2.$$

The key point forcing uniqueness is that $H_2(X) = \ker d_2$ is a subgroup of the free abelian group $C_2 \cong \mathbb{Z}^3$, hence is itself free abelian — so no torsion can appear in $H_2$, and the rank is pinned down to $2$ by the Euler characteristic and the given $H_1$.

### PROOF COMPLETE
DEVIN_CLI_EXITED code=0
