```xml
<audit>
  <analysis_result_key>2290358</analysis_result_key>
  <problem_id>polymath_01739</problem_id>
  <audit_status>FAIL_INCOMPLETE</audit_status>
  <check_results>
    <A1>PASS: dimension1_verdict is PARTIAL_PROGRESS, a valid non-empty value from the allowed set.</A1>
    <A2>PASS: dimension1_explanation is non-empty and well over 50 characters, containing detailed analysis.</A2>
    <A3>FAIL: dimension2_turning_point_type is [null], but d1=PARTIAL_PROGRESS requires it to be non-empty and one of the allowed types (e.g., "other" for this convex-geometry technique).</A3>
    <A4>PASS: dimension2_explanation is non-empty and well over 50 characters, describing the convex geometry counting argument.</A4>
    <A5>PASS: ai_direction_summary is non-empty and describes the AI's actual direction.</A5>
    <A6>PASS: standard_solution_key_technique is non-empty and describes the specific counting technique.</A6>
    <B1>PASS: No XML tag leaks (no "</dimension" or "<dimension" strings) found in either explanation.</B1>
    <B2>PASS: No template placeholder leaks (no "1-3 sentences", "ONE_OF:", etc.) found in either explanation.</B2>
    <B3>PASS: Both dimension1_explanation and dimension2_explanation are well over 50 characters.</B3>
    <C1>PASS: d1=PARTIAL_PROGRESS requires d2 to have a value; dimension2_explanation is present and substantive.</C1>
    <C2>PASS: dimension1_explanation describes partial progress (correct convex position + formula but missed division by 2 and ran out of tokens), matching the PARTIAL_PROGRESS label.</C2>
    <C3>FAIL: dimension2_explanation describes a convex geometry counting argument, but dimension2_turning_point_type is null rather than "other", so there is no label to be consistent with.</C3>
    <D1>PASS: dimension1_explanation is over 100 characters and contains action verbs ("identified", "missed", "chose").</D1>
    <D2>PASS: dimension2_explanation is over 100 characters and contains mathematical terms ("convex position", "ordered paths", "convex hull neighbors").</D2>
    <D3>PASS: ai_direction_summary describes the specific direction the AI took (convex position, n·2^(n-2), directed-permutation misinterpretation, minimality proof).</D3>
    <D4>PASS: standard_solution_key_technique describes the specific technique (convex polygon "2 choices at each step" counting, divide by 2 for undirected paths).</D4>
    <E1>UNKNOWN — check via script</E1>
  </check_results>
  <issues_found>dimension2_turning_point_type is null despite d1=PARTIAL_PROGRESS (should be "other" for this convex-geometry technique), causing A3 and C3 to fail</issues_found>
</audit>
```

### AUDIT COMPLETE
DEVIN_CLI_EXITED code=0
