Error: Agent error: Permission denied: Permission denied: Reached overall message rate limit. Please try again later. Your limit will reset in 50 minutes. (trace ID: d6281a9309947c8c583b9c40c490bae5): {
  "cognition.ai/errorKind": "internal",
  "cognition.ai/retryable": true
}
DEVIN_CLI_EXITED code=1
Error: Agent error: Permission denied: Permission denied: Reached overall message rate limit. Please try again later. Your limit will reset in 45 minutes. (trace ID: c11f5cbf731a9d0ff829f0399d16fa9f): {
  "cognition.ai/errorKind": "internal",
  "cognition.ai/retryable": true
}
DEVIN_CLI_EXITED code=1
Error: Agent error: Permission denied: Permission denied: Reached overall message rate limit. Please try again later. Your limit will reset in 39 minutes. (trace ID: 498d94463efbe272c8ef595fa256bea8): {
  "cognition.ai/errorKind": "internal",
  "cognition.ai/retryable": true
}
DEVIN_CLI_EXITED code=1
Error: Agent error: Permission denied: Permission denied: Reached overall message rate limit. Please try again later. Your limit will reset in 34 minutes. (trace ID: e190efdda0dfee5b744fca87c77862a7): {
  "cognition.ai/errorKind": "internal",
  "cognition.ai/retryable": true
}
DEVIN_CLI_EXITED code=1
Error: Agent error: Permission denied: Permission denied: Reached overall message rate limit. Please try again later. Your limit will reset in 29 minutes. (trace ID: 008e50375b52e48b069f0468469d7e62): {
  "cognition.ai/errorKind": "internal",
  "cognition.ai/retryable": true
}
DEVIN_CLI_EXITED code=1
Error: Agent error: Permission denied: Permission denied: Reached overall message rate limit. Please try again later. Your limit will reset in 23 minutes. (trace ID: 2432dbce085c90d567f51e3176b8f18b): {
  "cognition.ai/errorKind": "internal",
  "cognition.ai/retryable": true
}
DEVIN_CLI_EXITED code=1
Error: Agent error: Permission denied: Permission denied: Reached overall message rate limit. Please try again later. Your limit will reset in 18 minutes. (trace ID: bd1f658fcae50bb97a4969acd4dfa116): {
  "cognition.ai/errorKind": "internal",
  "cognition.ai/retryable": true
}
DEVIN_CLI_EXITED code=1
Error: Agent error: Permission denied: Permission denied: Reached overall message rate limit. Please try again later. Your limit will reset in 13 minutes. (trace ID: fd91053b7192f63624e56cb138481a44): {
  "cognition.ai/errorKind": "internal",
  "cognition.ai/retryable": true
}
DEVIN_CLI_EXITED code=1
Error: Agent error: Permission denied: Permission denied: Reached overall message rate limit. Please try again later. Your limit will reset in 7 minutes. (trace ID: 91f8311d40eedd2e0d8423b7502d1d91): {
  "cognition.ai/errorKind": "internal",
  "cognition.ai/retryable": true
}
DEVIN_CLI_EXITED code=1
Error: Agent error: Permission denied: Permission denied: Reached overall message rate limit. Please try again later. Your limit will reset in 2 minutes. (trace ID: 8ee05774aca2b5b88d8d14f68066d05a): {
  "cognition.ai/errorKind": "internal",
  "cognition.ai/retryable": true
}
DEVIN_CLI_EXITED code=1
```xml
<analysis>
  <problem_id>polymath_00309</problem_id>
  <dimension1_verdict>DIRECTION_ERROR</dimension1_verdict>
  <dimension1_explanation>The AI's thinking went in a fundamentally wrong direction. The standard solution uses an elegant pigeonhole argument on signed indicator vectors in {-1,0,1}^n to derive the upper bound |A|·|B| ≤ 3^n, yielding |B| ≤ (5/3)^20. The AI never considered this approach; instead it spent the entire thinking process exploring constructive lower-bound approaches—building explicit configurations of equal-element groups and doing linear-programming-style optimization to maximize the number of subsets summing to 2022, arriving at a candidate answer of 128.</dimension1_explanation>
  <dimension2_turning_point_type>other</dimension2_turning_point_type>
  <dimension2_explanation>The key turning point is the pigeonhole principle applied to vectors v_{I,J} = 1_I - 1_J in {-1,0,1}^n: pairing each distinct sum value I with each target subset J gives |A|·|B| vectors in a space of size 3^n, so if |A|·|B| > 3^n two pairs collide, forcing sum(I_1)=sum(I_2) and hence I_1=I_2, J_1=J_2—a contradiction. This combinatorial pigeonhole-on-signed-vectors technique does not fit the mod-p / residue / p-adic categories.</dimension2_explanation>
  <ai_direction_summary>The AI pursued constructive optimization—partitioning the 20 elements into groups of equal values (pairs, triples) plus generic elements, formulating a linear program to maximize subset multiplicity subject to the |S| ≥ 1.8^20 constraint, and converging on a candidate answer of 128 from 7 independent pairs + 6 generic elements.</ai_direction_summary>
  <standard_solution_key_technique>Pigeonhole principle on signed indicator vectors 1_I - 1_J ∈ {-1,0,1}^n, giving the universal upper bound |A|·|B| ≤ 3^n and thus |B| ≤ (3/1.8)^20 = (5/3)^20.</standard_solution_key_technique>
  <confidence>high</confidence>
</analysis>
```

### ANALYSIS COMPLETE
DEVIN_CLI_EXITED code=0
