No answer leak detected in the problem statement. Proceeding to solve.

---

**Theorem.** *Let $K$ be a non-Archimedean local field. Then the additive group $K^+$ is isomorphic to its Pontryagin dual $\widehat{K^+}$ as topological groups.*

**Proof.**

A non-Archimedean local field $K$ is either a finite extension of $\mathbb{Q}_p$ (characteristic 0) or isomorphic to $\mathbb{F}_q((t))$ (characteristic $p$). We treat both cases uniformly by constructing a non-degenerate continuous character $\psi_K: K^+ \to \mathbb{T}$ and showing that the induced map $\Phi: K \to \widehat{K^+}$ is a topological group isomorphism.

---

**Step 1: Construction of a non-trivial continuous character $\psi_K$.**

*Case 1 (characteristic 0):* $K/\mathbb{Q}_p$ is a finite extension of degree $d = ef$. Let $\operatorname{Tr}_{K/\mathbb{Q}_p}: K \to \mathbb{Q}_p$ be the field trace, which is surjective (since the extension is separable) and $\mathbb{Q}_p$-linear. Let $\psi_p: \mathbb{Q}_p \to \mathbb{T}$ be the standard additive character $\psi_p(x) = e^{2\pi i\,\{x\}_p}$, where $\{x\}_p \in \mathbb{Q}/\mathbb{Z}$ is the $p$-adic fractional part (the unique rational in $[0,1)$ with $x - \{x\}_p \in \mathbb{Z}_p$). Define
$$\psi_K(x) := \psi_p\!\bigl(\operatorname{Tr}_{K/\mathbb{Q}_p}(x)\bigr).$$
This is a continuous group homomorphism $K^+ \to \mathbb{T}$, being a composition of continuous homomorphisms. It is non-trivial: since $\operatorname{Tr}$ is surjective, there exists $x_0 \in K$ with $\operatorname{Tr}(x_0) \notin \mathbb{Z}_p$, so $\psi_K(x_0) \neq 1$.

*Case 2 (characteristic $p$):* $K = \mathbb{F}_q((t))$ with $q = p^f$. Let $\operatorname{res}: K \to \mathbb{F}_q$ be the residue map (coefficient of $t^{-1}$ in the Laurent expansion). Fix a non-trivial character $\lambda_0: \mathbb{F}_p \to \mathbb{Q}/\mathbb{Z} \hookrightarrow \mathbb{T}$, and set $\lambda = \lambda_0 \circ \operatorname{Tr}_{\mathbb{F}_q/\mathbb{F}_p}$. Define
$$\psi_K(x) := \lambda\!\bigl(\operatorname{res}(x)\bigr).$$
This is continuous (it factors through $K/\mathcal{O}_K \cong \mathbb{F}_q$) and non-trivial (since $\lambda$ is non-trivial on $\mathbb{F}_q$).

---

**Step 2: The map $\Phi: K \to \widehat{K^+}$.**

Define $\Phi: K \to \widehat{K^+}$ by
$$\Phi(a)(x) := \psi_K(ax), \qquad a, x \in K.$$
Each $\Phi(a)$ is a continuous character of $K^+$ (composition of the continuous maps $x \mapsto ax$ and $\psi_K$). The map $\Phi$ is itself a group homomorphism: $\Phi(a+b)(x) = \psi_K((a+b)x) = \psi_K(ax)\psi_K(bx) = (\Phi(a)+\Phi(b))(x)$.

*Continuity of $\Phi$:* The map $(a,x) \mapsto \psi_K(ax)$ is continuous (multiplication in $K$ is continuous and $\psi_K$ is continuous). Since $K$ is locally compact, the map $a \mapsto \Phi(a)$ is continuous in the compact-open topology on $\widehat{K^+}$.

---

**Step 3: Injectivity of $\Phi$.**

Suppose $\Phi(a) = 0$, i.e., $\psi_K(ax) = 1$ for all $x \in K$.

*Case 1:* $\psi_K(ax) = \psi_p(\operatorname{Tr}(ax)) = 1$ for all $x$. This means $\operatorname{Tr}(ax) \in \mathbb{Z}_p$ for all $x \in K$. If $a \neq 0$, then $x \mapsto ax$ is a bijection of $K$, so $\{\operatorname{Tr}(ax) : x \in K\} = \operatorname{Tr}(K) = \mathbb{Q}_p$ (by surjectivity of the trace). But $\mathbb{Q}_p \not\subseteq \mathbb{Z}_p$, contradiction. Hence $a = 0$.

*Case 2:* $\psi_K(ax) = \lambda(\operatorname{res}(ax)) = 1$ for all $x \in K$. If $a \neq 0$, write $a = c\, t^m + (\text{higher terms})$ with $c \in \mathbb{F}_q^\times$. Set $x = c^{-1} t^{-m-1}$. Then $ax = t^{-1} + (\text{terms in } t^0, t^1, \ldots)$, so $\operatorname{res}(ax) = 1 \in \mathbb{F}_q$, and $\lambda(1) \neq 1$ (since $\lambda$ is non-trivial). Contradiction. Hence $a = 0$.

In both cases, $\Phi$ is injective.

---

**Step 4: Surjectivity of $\Phi$ via Pontryagin double duality.**

Since $K$ is $\sigma$-compact (it is the countable union $\bigcup_{n \geq 0} \pi^{-n}\mathcal{O}_K$ of compact open subrings) and $\widehat{K^+}$ is locally compact (the Pontryagin dual of a locally compact abelian group is locally compact), the **open mapping theorem for locally compact groups** applies: any continuous surjective homomorphism from a $\sigma$-compact locally compact group to a locally compact group is open. In particular, $\Phi(K)$ is a closed subgroup of $\widehat{K^+}$ (being the image of a $\sigma$-compact group under a continuous homomorphism, it is $\sigma$-compact hence closed in the Hausdorff group $\widehat{K^+}$).

Suppose for contradiction that $\Phi(K) \subsetneq \widehat{K^+}$. Then the quotient $\widehat{K^+}/\Phi(K)$ is a non-trivial locally compact abelian group, and there exists a non-trivial continuous character $\eta: \widehat{K^+} \to \mathbb{T}$ that annihilates $\Phi(K)$, i.e., $\eta(\Phi(a)) = 1$ for all $a \in K$.

By Pontryagin duality, there is a canonical topological isomorphism $\iota: K^+ \xrightarrow{\sim} \widehat{\widehat{K^+}}$ given by $\iota(x)(\chi) = \chi(x)$. Under this identification, $\eta = \iota(x_0)$ for some $x_0 \in K$, and the condition $\eta(\Phi(a)) = 1$ for all $a$ becomes:
$$\iota(x_0)(\Phi(a)) = \Phi(a)(x_0) = \psi_K(a\, x_0) = 1 \quad \text{for all } a \in K.$$
Since $\eta$ is non-trivial, $x_0 \neq 0$. But then $a \mapsto a\, x_0$ is a bijection of $K$ (as $x_0 \neq 0$), so $\psi_K(a\,x_0) = 1$ for all $a$ implies $\psi_K$ is trivial on all of $K$, contradicting the non-triviality of $\psi_K$ established in Step 1.

Therefore $\Phi(K) = \widehat{K^+}$, and $\Phi$ is surjective.

---

**Step 5: $\Phi$ is a homeomorphism.**

We have shown $\Phi: K \to \widehat{K^+}$ is a continuous bijective group homomorphism, with $K$ $\sigma$-compact and locally compact, and $\widehat{K^+}$ locally compact. By the open mapping theorem for locally compact groups, $\Phi$ is open, hence a homeomorphism.

---

**Conclusion.**

The map $\Phi: K^+ \xrightarrow{\sim} \widehat{K^+}$, $a \mapsto \bigl(x \mapsto \psi_K(ax)\bigr)$, is an isomorphism of topological groups. Therefore, **yes**, the additive group of a non-Archimedean local field is isomorphic to its Pontryagin dual as topological groups. $\blacksquare$

### PROOF COMPLETE
DEVIN_CLI_EXITED code=0
