## Solution

**Setup.** Players are uniformly distributed on $[0,1]$. Player $x$'s payoffs:
- $G$: $u_G = 1$
- $F$: $u_F = 2m - 2x$, where $m$ is the fraction playing $F$.

Since each player has measure zero, $x$'s own choice does not affect $m$; $m$ is exogenous to $x$'s decision. Player $x$ (weakly) prefers $F$ iff $2m - 2x \geq 1$, i.e., $m \geq x + \tfrac{1}{2}$.

**Rationalizability via iterated elimination of never-best-responses.** A strategy is rationalizable for player $x$ if it is a best response to some belief over $m$ consistent with surviving strategies.

---

**Round 1.** Initially $m \in [0,1]$.

- $F$ is a best response for $x$ iff $\exists\, m \in [0,1]: m \geq x + \tfrac{1}{2}$, i.e., $x + \tfrac{1}{2} \leq 1 \iff x \leq \tfrac{1}{2}$.
- $G$ is a best response for $x$ iff $\exists\, m \in [0,1]: m \leq x + \tfrac{1}{2}$, which holds for all $x \geq 0$ (take $m=0$).

**After Round 1:** Players with $x > \tfrac{1}{2}$ play $G$ only. Players with $x \leq \tfrac{1}{2}$ retain both strategies. Since only players in $[0, \tfrac{1}{2}]$ (measure $\tfrac{1}{2}$) can play $F$, the feasible range of $m$ shrinks to $m \in [0, \tfrac{1}{2}]$.

---

**Round 2.** Now $m \in [0, \tfrac{1}{2}]$.

For player $x \in [0, \tfrac{1}{2}]$, $F$ is a best response iff $\exists\, m \in [0, \tfrac{1}{2}]: m \geq x + \tfrac{1}{2}$. Since $x \geq 0 \Rightarrow x + \tfrac{1}{2} \geq \tfrac{1}{2}$, this requires $m = \tfrac{1}{2}$ **and** $x = 0$.

- For $x \in (0, \tfrac{1}{2}]$: no feasible $m$ makes $F$ a best response. The best $F$-payoff is $2(\tfrac{1}{2}) - 2x = 1 - 2x < 1 = u_G$. **$F$ eliminated.**
- For $x = 0$: $F$ is a best response only at $m = \tfrac{1}{2}$ (indifferent, payoff $1 = u_G$). Both $F$ and $G$ survive at this single point.

**After Round 2:** All players $x > 0$ play $G$. Only $x = 0$ (measure zero) may play $F$. Hence $m = 0$ for all practical purposes.

---

**Round 3.** Now $m = 0$.

For player $x = 0$: $u_F = 2(0) - 0 = 0 < 1 = u_G$. $F$ is strictly worse — eliminated.

**After Round 3:** Every player plays $G$; $m = 0$.

---

**Round 4 (fixed-point check).** With $m = 0$, for any $x \in [0,1]$: $u_F = -2x \leq 0 < 1 = u_G$. $F$ is never a best response. The elimination is stable — no further strategies can be removed.

---

**Conclusion.** The iterated elimination converges to a unique fixed point: every player chooses $G$.

The unique rationalizable strategy profile is:

$$\boxed{\text{All players choose } G \text{ (i.e., } m = 0\text{).}}$$

**Intuition.** The network externality $2m$ must overcome both the outside option $g = 1$ and the idiosyncratic cost $2x$. Players with high $x$ find $F$ unattractive even at $m=1$; their defection lowers $m$, which makes $F$ unattractive for the next tier of players, triggering a cascade that collapses $m$ to $0$. The cutoff structure $m \geq x + \tfrac{1}{2}$ is self-undermining: consistency would require $m = m - \tfrac{1}{2}$, which is impossible, so no positive-$m$ profile survives iterated dominance.

### PROOF COMPLETE
DEVIN_CLI_EXITED code=0
