## Answer

**No.** In general $Y$ need not be the scheme-theoretic image of an open immersion $f:X\to Y$, even when $X$ is Noetherian. Below is an explicit counterexample.

### Counterexample

Let $k$ be a field and set
$$A = k[x,y]/(x^2,\,xy), \qquad Y = \operatorname{Spec} A.$$
The relations $x^2=0$ and $xy=0$ show that $x$ is nilpotent, and $A/(x)\cong k[y]$. Hence the nilradical of $A$ is $(x)$, and $Y_{\mathrm{red}}=\operatorname{Spec} k[y]\cong \mathbb A^1_k$.

Take the basic open set $U = D(y)\subset Y$, with open immersion $j:U\hookrightarrow Y$. Then
$$A_y \;=\; \big(k[x,y]/(x^2,xy)\big)_y \;\cong\; k[y,y^{-1}],$$
because inverting $y$ forces $x=0$ (from $xy=0$), after which $x^2=0$ is automatic. Thus
$$X := U = \operatorname{Spec} A_y \;\cong\; \operatorname{Spec} k[y,y^{-1}]\;\cong\;\mathbb G_{m,k},$$
which is **Noetherian** (a finitely generated $k$-algebra).

### Computing the scheme-theoretic image

The scheme-theoretic image of $j:X\hookrightarrow Y$ is the closed subscheme $V(\mathcal K)$ where
$$\mathcal K = \ker\!\big(\mathcal O_Y \to j_*\mathcal O_X\big).$$
On global sections (since $Y$ is affine), this is
$$\ker(A \to A_y) \;=\; \ker\!\big(A \to k[y,y^{-1}]\big).$$
The map $A\to A_y$ factors as $A \twoheadrightarrow A/(x)\cong k[y] \hookrightarrow k[y,y^{-1}]$, so its kernel is exactly the ideal $(x)$. Therefore
$$\text{scheme-theoretic image of } j \;=\; V((x)) \;=\; \operatorname{Spec}(A/(x)) \;=\; \operatorname{Spec} k[y] \;=\; Y_{\mathrm{red}}.$$

### Conclusion

Since $x\neq 0$ in $A$, we have $Y = \operatorname{Spec} A \neq \operatorname{Spec} k[y] = Y_{\mathrm{red}}$. Thus the scheme-theoretic image of the open immersion $f:X\to Y$ is the **proper** closed subscheme $Y_{\mathrm{red}}\subsetneq Y$, not $Y$ itself.

The obstruction is the nilpotent section $x\in\Gamma(Y,\mathcal O_Y)$, which is supported on the complement $Y\setminus X = V(y)$ and vanishes upon restriction to $X$. Its presence makes $\mathcal O_Y\to j_*\mathcal O_X$ non-injective, so $Y$ fails to be its own scheme-theoretic image.

**Remark.** $Y$ *is* the scheme-theoretic image precisely when $\mathcal O_Y\to f_*\mathcal O_X$ is injective (scheme-theoretic dominance). This holds, for example, when $Y$ is reduced and $X$ is topologically dense, but the hypotheses of the problem ($X$ Noetherian, $f$ an open immersion) do not force either condition, as the example above shows.

### PROOF COMPLETE
DEVIN_CLI_EXITED code=0
