Error: Agent error: Permission denied: Permission denied: Reached overall message rate limit. Please try again later. Your limit will reset in 52 minutes. (trace ID: a6700d06b41b285ee2fb94828f612934): {
  "cognition.ai/errorKind": "internal",
  "cognition.ai/retryable": true
}
DEVIN_CLI_EXITED code=1
Error: Agent error: Permission denied: Permission denied: Reached overall message rate limit. Please try again later. Your limit will reset in 49 minutes. (trace ID: 595e9fdb585b3dbf0f76e162d0433f9b): {
  "cognition.ai/errorKind": "internal",
  "cognition.ai/retryable": true
}
DEVIN_CLI_EXITED code=1
Error: Agent error: Permission denied: Permission denied: Reached overall message rate limit. Please try again later. Your limit will reset in 45 minutes. (trace ID: b8dead2e62f45b350ab390fc45cb05d1): {
  "cognition.ai/errorKind": "internal",
  "cognition.ai/retryable": true
}
DEVIN_CLI_EXITED code=1
Error: Agent error: Permission denied: Permission denied: Reached overall message rate limit. Please try again later. Your limit will reset in 41 minutes. (trace ID: fb9f43c8361df7fd1c9cdc3c1666ee9e): {
  "cognition.ai/errorKind": "internal",
  "cognition.ai/retryable": true
}
DEVIN_CLI_EXITED code=1
Error: Agent error: Permission denied: Permission denied: Reached overall message rate limit. Please try again later. Your limit will reset in 39 minutes. (trace ID: 51cbdffe645c53b740627bc1de52f4a1): {
  "cognition.ai/errorKind": "internal",
  "cognition.ai/retryable": true
}
DEVIN_CLI_EXITED code=1
Error: Agent error: Permission denied: Permission denied: Reached overall message rate limit. Please try again later. Your limit will reset in 35 minutes. (trace ID: ed9873f974968fd6d6f50be16cf0f680): {
  "cognition.ai/errorKind": "internal",
  "cognition.ai/retryable": true
}
DEVIN_CLI_EXITED code=1
Error: Agent error: Permission denied: Permission denied: Reached overall message rate limit. Please try again later. Your limit will reset in 31 minutes. (trace ID: 2fec1116b7d11d8bbc02df1721353d9c): {
  "cognition.ai/errorKind": "internal",
  "cognition.ai/retryable": true
}
DEVIN_CLI_EXITED code=1
Error: Agent error: Permission denied: Permission denied: Reached overall message rate limit. Please try again later. Your limit will reset in 29 minutes. (trace ID: 72b6ea7208c61a9df9f9393984763e36): {
  "cognition.ai/errorKind": "internal",
  "cognition.ai/retryable": true
}
DEVIN_CLI_EXITED code=1
Error: Agent error: Permission denied: Permission denied: Reached overall message rate limit. Please try again later. Your limit will reset in 25 minutes. (trace ID: c4dcdd1dde9874de33bbe073f3608e3f): {
  "cognition.ai/errorKind": "internal",
  "cognition.ai/retryable": true
}
DEVIN_CLI_EXITED code=1
Error: Agent error: Permission denied: Permission denied: Reached overall message rate limit. Please try again later. Your limit will reset in 23 minutes. (trace ID: a844e2a650e8e539cc5b13ddc9faa4f8): {
  "cognition.ai/errorKind": "internal",
  "cognition.ai/retryable": true
}
DEVIN_CLI_EXITED code=1
Error: Agent error: Permission denied: Permission denied: Reached overall message rate limit. Please try again later. Your limit will reset in 19 minutes. (trace ID: d2ac70e353bd87e365d6e4df9be656f5): {
  "cognition.ai/errorKind": "internal",
  "cognition.ai/retryable": true
}
DEVIN_CLI_EXITED code=1
Error: Agent error: Permission denied: Permission denied: Reached overall message rate limit. Please try again later. Your limit will reset in 15 minutes. (trace ID: ad335d4f9a2d612b5dc30be4931b6f2e): {
  "cognition.ai/errorKind": "internal",
  "cognition.ai/retryable": true
}
DEVIN_CLI_EXITED code=1
Error: Agent error: Permission denied: Permission denied: Reached overall message rate limit. Please try again later. Your limit will reset in 13 minutes. (trace ID: 748df2cab48a8c33db6cec935108ed90): {
  "cognition.ai/errorKind": "internal",
  "cognition.ai/retryable": true
}
DEVIN_CLI_EXITED code=1
Error: Agent error: Permission denied: Permission denied: Reached overall message rate limit. Please try again later. Your limit will reset in 9 minutes. (trace ID: 2eb521ac781928bcc5d6df5fcc8d3e3c): {
  "cognition.ai/errorKind": "internal",
  "cognition.ai/retryable": true
}
DEVIN_CLI_EXITED code=1
Error: Agent error: Permission denied: Permission denied: Reached overall message rate limit. Please try again later. Your limit will reset in 7 minutes. (trace ID: f14d9faf1b670f56bd3536d5807f6119): {
  "cognition.ai/errorKind": "internal",
  "cognition.ai/retryable": true
}
DEVIN_CLI_EXITED code=1
Error: Agent error: Permission denied: Permission denied: Reached overall message rate limit. Please try again later. Your limit will reset in 3 minutes. (trace ID: 74823dfacbaa01f2f689aef018f6d6c9): {
  "cognition.ai/errorKind": "internal",
  "cognition.ai/retryable": true
}
DEVIN_CLI_EXITED code=1
我现在已经清楚了。让我通过阅读 AI 思考过程的最后部分来验证其结尾。我已经掌握了所需的所有信息。分析任务很明确：

- **问题**：素数序列 {(p_{n+1}-p_n)/n} 是否有界？
- **标准解法**：使用素数定理、Baker-Harman-Pintz 界和 Bertrand 假设来证明该序列有界（趋向于 0）。
- **AI 的思考过程**：完全离题——它求解了一个关于交换代数的无关问题（多项式在更大的环上分解时系数的整性），从未涉及素数问题。

```xml
<analysis>
  <problem_id>deepmath_103k_00015133</problem_id>
  <dimension1_verdict>DIRECTION_ERROR</dimension1_verdict>
  <dimension1_explanation>The AI's thinking went in a fundamentally wrong direction: instead of addressing the prime number sequence problem, it immediately pivoted to a completely unrelated commutative algebra problem about integrality of polynomial coefficients when factoring over larger rings. The AI spent its entire token budget proving a theorem about monic polynomial factorization and integrality, never once engaging with prime gaps, the prime number theorem, or any aspect of the actual problem.</dimension1_explanation>
  <dimension2_turning_point_type>other</dimension2_turning_point_type>
  <dimension2_explanation>The standard solution's key technique is analytic number theory: it combines the Prime Number Theorem (p_n ~ n log n) with the Baker-Harman-Pintz bound on maximal prime gaps (O(x^0.535)) to show that (p_{n+1}-p_n)/n = O(n^{-0.465}(log n)^0.535) → 0, hence the sequence is bounded. This is an analytic prime gap estimation approach, not modular arithmetic or finite field techniques.</dimension2_explanation>
  <ai_direction_summary>The AI's thinking went entirely into commutative algebra, attempting to prove that coefficients of monic polynomial factors over a larger ring are integral over the base ring — a problem with no connection to prime number sequences.</ai_direction_summary>
  <standard_solution_key_technique>The standard solution uses the Baker-Harman-Pintz bound on maximal prime gaps combined with the Prime Number Theorem to show the ratio (p_{n+1}-p_n)/n tends to 0 and is therefore bounded.</standard_solution_key_technique>
  <confidence>high</confidence>
</analysis>
```

### ANALYSIS COMPLETE
DEVIN_CLI_EXITED code=0
