# Christoffel Symbols for the First Fundamental Form $\begin{bmatrix}1 & 0 \\ 0 & r^2\end{bmatrix}$

## Setup

Let the surface parameters be $u^1 = u$, $u^2 = v$. The coefficients of the first fundamental form are:

$$g_{11} = E = 1, \quad g_{12} = g_{21} = F = 0, \quad g_{22} = G = r^2, \quad r = r(u,v) > 0.$$

Denote partial derivatives $r_u = \frac{\partial r}{\partial u}$, $r_v = \frac{\partial r}{\partial v}$.

**Nonzero derivatives of the metric components:**

$$\frac{\partial g_{22}}{\partial u} = 2r\,r_u, \qquad \frac{\partial g_{22}}{\partial v} = 2r\,r_v.$$

All other derivatives ($\partial g_{11}$, $\partial g_{12}$, $\partial g_{21}$) vanish since $g_{11}=1$ and $g_{12}=0$ are constant.

**Inverse metric:**

$$g^{11} = 1, \quad g^{12} = g^{21} = 0, \quad g^{22} = \frac{1}{r^2}.$$

---

## Christoffel Symbols of the First Kind

Using the definition

$$[ij,\,k] = \tfrac{1}{2}\!\left(\frac{\partial g_{ij}}{\partial u^k} + \frac{\partial g_{ik}}{\partial u^j} - \frac{\partial g_{jk}}{\partial u^i}\right),$$

we compute all independent components:

**$[11,1]$:** $\;i{=}j{=}1,\,k{=}1$:
$$[11,1] = \tfrac{1}{2}(\partial_1 g_{11} + \partial_1 g_{11} - \partial_1 g_{11}) = \tfrac{1}{2}(0+0-0) = 0.$$

**$[11,2]$:** $\;i{=}j{=}1,\,k{=}2$:
$$[11,2] = \tfrac{1}{2}(\partial_2 g_{11} + \partial_1 g_{12} - \partial_1 g_{12}) = \tfrac{1}{2}(0+0-0) = 0.$$

**$[12,1]$:** $\;i{=}1,\,j{=}2,\,k{=}1$:
$$[12,1] = \tfrac{1}{2}(\partial_1 g_{12} + \partial_2 g_{11} - \partial_1 g_{21}) = \tfrac{1}{2}(0+0-0) = 0.$$

**$[12,2]$:** $\;i{=}1,\,j{=}2,\,k{=}2$:
$$[12,2] = \tfrac{1}{2}(\partial_2 g_{12} + \partial_2 g_{12} - \partial_1 g_{22}) = \tfrac{1}{2}(0 + 0 - 2r\,r_u) = -r\,r_u.$$

**$[22,1]$:** $\;i{=}j{=}2,\,k{=}1$:
$$[22,1] = \tfrac{1}{2}(\partial_1 g_{22} + \partial_2 g_{21} - \partial_2 g_{21}) = \tfrac{1}{2}(2r\,r_u + 0 - 0) = r\,r_u.$$

**$[22,2]$:** $\;i{=}j{=}2,\,k{=}2$:
$$[22,2] = \tfrac{1}{2}(\partial_2 g_{22} + \partial_2 g_{22} - \partial_2 g_{22}) = \tfrac{1}{2}(2r\,r_v) = r\,r_v.$$

By symmetry $[ij,k]=[ji,k]$, so $[21,1]=[12,1]=0$ and $[21,2]=[12,2]=-r\,r_u$.

**Summary (first kind):**

$$\boxed{\begin{aligned}
&[11,1]=0, \quad [11,2]=0,\\
&[12,1]=[21,1]=0, \quad [12,2]=[21,2]=-r\,r_u,\\
&[22,1]=r\,r_u, \quad [22,2]=r\,r_v.
\end{aligned}}$$

---

## Christoffel Symbols of the Second Kind

Using $\Gamma^k_{ij} = \sum_l g^{kl}\,[ij,l]$, and noting the diagonal structure of $g^{kl}$:

$$\Gamma^1_{ij} = g^{11}[ij,1] = [ij,1], \qquad \Gamma^2_{ij} = g^{22}[ij,2] = \frac{[ij,2]}{r^2}.$$

Therefore:

$$\Gamma^1_{11} = [11,1] = 0, \qquad \Gamma^2_{11} = \frac{[11,2]}{r^2} = 0.$$

$$\Gamma^1_{12} = [12,1] = 0, \qquad \Gamma^2_{12} = \frac{-r\,r_u}{r^2} = -\frac{r_u}{r}.$$

$$\Gamma^1_{21} = [21,1] = 0, \qquad \Gamma^2_{21} = \frac{-r\,r_u}{r^2} = -\frac{r_u}{r}.$$

$$\Gamma^1_{22} = [22,1] = r\,r_u, \qquad \Gamma^2_{22} = \frac{r\,r_v}{r^2} = \frac{r_v}{r}.$$

**Summary (second kind):**

$$\boxed{\begin{aligned}
&\Gamma^1_{11}=0, \quad \Gamma^2_{11}=0,\\
&\Gamma^1_{12}=\Gamma^1_{21}=0, \quad \Gamma^2_{12}=\Gamma^2_{21}=-\frac{r_u}{r},\\
&\Gamma^1_{22}=r\,r_u, \quad \Gamma^2_{22}=\frac{r_v}{r}.
\end{aligned}}$$

---

## Verification (Gauss equation consistency check)

The only nontrivial component of the Riemann curvature tensor built from these symbols is

$$R^1_{\ 212} = \partial_1\Gamma^1_{22} - \partial_2\Gamma^1_{21} + \Gamma^1_{1k}\Gamma^k_{22} - \Gamma^1_{2k}\Gamma^k_{21}.$$

Substituting:
- $\partial_1\Gamma^1_{22} = \partial_1(r\,r_u) = r_u^2 + r\,r_{uu}$
- $\partial_2\Gamma^1_{21} = 0$
- $\Gamma^1_{1k}\Gamma^k_{22} = \Gamma^1_{11}\Gamma^1_{22} + \Gamma^1_{12}\Gamma^2_{22} = 0\cdot r\,r_u + 0\cdot\frac{r_v}{r} = 0$
- $\Gamma^1_{2k}\Gamma^k_{21} = \Gamma^1_{21}\Gamma^1_{21} + \Gamma^1_{22}\Gamma^2_{21} = 0 + r\,r_u\cdot\left(-\frac{r_u}{r}\right) = -r_u^2$

Hence $R^1_{\ 212} = r_u^2 + r\,r_{uu} - 0 + 0 - (-r_u^2) = r\,r_{uu} + 2r_u^2$, which is a well-defined expression — confirming the symbols are mutually consistent and produce a valid curvature tensor. $\\blacksquare$

### PROOF COMPLETE
