Looking at this problem, I need to set up coordinates for the regular pyramid, find the three quantities, and compute the final expression.

## Setup

Place the centroid of equilateral triangle ABC at the origin, base in the xy-plane. With side length $s = 4\sqrt{3}$, the circumradius is $R = s/\sqrt{3} = 4$.

$$A = (4, 0, 0),\quad B = (-2, 2\sqrt{3}, 0),\quad C = (-2, -2\sqrt{3}, 0),\quad D = (0, 0, h)$$

**Finding $h$:** $\vec{AD} = (-4, 0, h)$, $\vec{AB} = (-6, 2\sqrt{3}, 0)$, $|\vec{AB}| = 4\sqrt{3}$.

$$\cos\angle DAB = \frac{\vec{AD}\cdot\vec{AB}}{|\vec{AD}||\vec{AB}|} = \frac{24}{4\sqrt{3}\cdot\sqrt{16+h^2}} = \frac{2\sqrt{3}}{\sqrt{16+h^2}}$$

Since $\tan\angle DAB = \sqrt{37/3}$, we get $\cos^2 = \frac{3}{40}$, so $\frac{12}{16+h^2} = \frac{3}{40}$, giving $h^2 = 144$, $h = 12$.

**Midpoints:**
$$A_1 = (2, 0, 6),\quad B_1 = (-1, \sqrt{3}, 6),\quad C_1 = (-1, -\sqrt{3}, 6)$$

## Part 1: $\cos\phi$

Direction of $BA_1$: $\vec{u} = A_1 - B = (4, -2\sqrt{3}, 6)$, $|\vec{u}| = \sqrt{16+12+36} = 8$.

Direction of $AC_1$: $\vec{v} = C_1 - A = (-5, -\sqrt{3}, 6)$, $|\vec{v}| = \sqrt{25+3+36} = 8$.

$$\vec{u}\cdot\vec{v} = -20 + 6 + 36 = 22$$

$$\cos\phi = \frac{22}{64} = \frac{11}{32}$$

## Part 2: Distance $d$

$$\vec{u}\times\vec{v} = (-6\sqrt{3},\ -54,\ -14\sqrt{3})$$

$$|\vec{u}\times\vec{v}|^2 = 108 + 2916 + 588 = 3612 = 12\cdot 301$$

$$\vec{AB} = (6, -2\sqrt{3}, 0),\quad \vec{AB}\cdot(\vec{u}\times\vec{v}) = -36\sqrt{3} + 108\sqrt{3} = 72\sqrt{3}$$

$$d = \frac{72\sqrt{3}}{\sqrt{3612}} = \frac{72\sqrt{3}}{2\sqrt{903}} = \frac{36\sqrt{3}}{\sqrt{903}}$$

$$d^2 = \frac{3888}{903} = \frac{1296}{301}$$

## Part 3: Radius $r$

By the 120° rotational symmetry about the $z$-axis, the three segments $BA_1$, $AC_1$, $CB_1$ are cyclically permuted. The sphere center lies on the $z$-axis at $(0, 0, r)$ (since it touches plane $z = 0$).

**Distance from $(0,0,r)$ to segment $AC_1$:** Line through $A = (4,0,0)$ with direction $\vec{v} = (-5, -\sqrt{3}, 6)$.

$$\vec{PA} = (-4, 0, r),\quad \vec{PA}\times\vec{v} = (r\sqrt{3},\ 24-5r,\ 4\sqrt{3})$$

$$|\vec{PA}\times\vec{v}|^2 = 3r^2 + (24-5r)^2 + 48 = 28r^2 - 240r + 624$$

Setting distance $= r$: $\frac{28r^2 - 240r + 624}{64} = r^2$, giving $36r^2 + 240r - 624 = 0$, i.e., $3r^2 + 20r - 52 = 0$.

$$r = \frac{-20 \pm \sqrt{400+624}}{6} = \frac{-20 \pm 32}{6}$$

Taking the positive root: $r = 2$.

**Verify foot lies on segment:** Parameter $t = \frac{\vec{PA}\cdot\vec{v}}{|\vec{v}|^2} = \frac{20+6\cdot 2}{64} = \frac{32}{64} = \frac{1}{2} \in [0,1]$. ✓

## Final Computation

$$32\cos\phi + d^2\cdot\frac{301}{36} + r = 32\cdot\frac{11}{32} + \frac{1296}{301}\cdot\frac{301}{36} + 2 = 11 + 36 + 2 = \boxed{49}$$

### PROOF COMPLETE
DEVIN_CLI_EXITED code=0
