Looking at this problem, I need to figure out the structure of valid stacking configurations and count them.

## Setting Up the Recurrence

**Key observation:** If a row has $m$ crates, there are $m-1$ "gaps" between adjacent crates where a crate in the next row can rest (each resting on exactly 2 adjacent crates below). For the next row to be a single contiguous block of size $j$, we must choose $j$ **consecutive** gaps out of $m-1$, giving $(m-1)-j+1 = m-j$ choices.

**Define** $f(m)$ = number of complete stacking configurations with bottom row of size $m$ (including the option of stopping at just that row).

**Base case:** $f(1) = 1$ (a single crate supports nothing above).

**Recurrence** (for $m \geq 2$): Either stop here (1 way), or place a row of size $j$ on top ($1 \leq j \leq m-1$) in $(m-j)$ positions, then continue with $f(j)$ configurations above:
$$f(m) = 1 + \sum_{j=1}^{m-1}(m-j)\,f(j)$$

## Computing Values

| $n$ | $f(n)$ |
|-----|--------|
| 1 | 1 |
| 2 | $1 + 1\cdot1 = 2$ |
| 3 | $1 + 2\cdot1 + 1\cdot2 = 5$ |
| 4 | $1 + 3\cdot1 + 2\cdot2 + 1\cdot5 = 13$ |
| 5 | $1 + 4+6+10+13 = 34$ |
| 6 | $1 + 5+8+15+26+34 = 89$ |

These are **odd-indexed Fibonacci numbers**: $f(n) = F(2n-1)$.

## Proving $f(n) = F(2n-1)$

**Derive a simpler recurrence.** Subtract consecutive terms:
$$f(n) - f(n-1) = f(n-1) + \sum_{j=1}^{n-2} f(j)$$

Applying the same subtraction again to eliminate the partial sum $\sum f(j)$:
$$f(n) - f(n-1) = 2\bigl(f(n-1)-f(n-2)\bigr) + f(n-2)$$

This simplifies to:
$$\boxed{f(n) = 3\,f(n-1) - f(n-2)}$$

**Verify:** $f(3)=3(2)-1=5$ ✓, $f(4)=3(5)-2=13$ ✓, $f(5)=3(13)-5=34$ ✓, $f(6)=3(34)-13=89$ ✓.

**Fibonacci identity:** Using $F(k) = F(k{-}1)+F(k{-}2)$ repeatedly:
$$F(k) = 3\,F(k{-}2) - F(k{-}4)$$

Setting $k = 2n-1$: $F(2n-1) = 3\,F(2n-3) - F(2n-5)$, which is exactly $f(n) = 3f(n{-}1) - f(n{-}2)$ with $f(n) = F(2n{-}1)$.

Since $f(1) = 1 = F(1)$ and $f(2) = 2 = F(3)$, by induction:
$$A(n) = f(n) = F(2n-1) \quad \text{for all } n \geq 1.$$

## Finding the Answer

Compute Fibonacci numbers up to the needed range:

| $k$ | $F(k)$ |
|-----|--------|
| 17 | 1597 |
| 18 | 2584 |
| 19 | 4181 |
| 20 | 6765 |
| 21 | 10946 |

Now:
- $A(10) = F(19) = 4181 < 10{,}000$
- $A(11) = F(21) = 10{,}946 > 10{,}000$

## Conclusion

The smallest value of $n$ for which $A(n) > 10{,}000$ is:

$$\boxed{n = 11}$$

### PROOF COMPLETE
DEVIN_CLI_EXITED code=0
