## Proof

**Claim:** There exists a function $\mathbb{R}\to\mathbb{R}$ that is continuous at exactly one point and differentiable at that same point.

**Construction.** Define
$$f(x)=\begin{cases}x^2,&x\in\mathbb{Q},\\0,&x\notin\mathbb{Q}.\end{cases}$$

We show that $f$ is continuous (and differentiable) only at $x=0$.

---

**Continuity at $0$.** For every $x\in\mathbb{R}$, we have $0\le |f(x)|\le x^2$ (since $f(x)\in\{0,x^2\}$). Given $\varepsilon>0$, choose $\delta=\sqrt{\varepsilon}$. Then $|x|<\delta$ implies $|f(x)|\le x^2<\varepsilon$. Hence $f$ is continuous at $0$.

**Discontinuity at every $a\ne 0$.** 
- If $a\in\mathbb{Q}$, then $f(a)=a^2\ne 0$. Take a sequence of irrationals $(x_n)$ with $x_n\to a$; then $f(x_n)=0$ for all $n$, so $\lim f(x_n)=0\ne a^2=f(a)$.
- If $a\notin\mathbb{Q}$, then $f(a)=0$. Take a sequence of rationals $(x_n)$ with $x_n\to a$; then $f(x_n)=x_n^2\to a^2\ne 0=f(a)$.

In both cases $f$ is not continuous at $a$. (Density of $\mathbb{Q}$ and $\mathbb{R}\setminus\mathbb{Q}$ guarantees such sequences exist.)

**Differentiability at $0$.** We compute the difference quotient at $0$:
$$\frac{f(h)-f(0)}{h-0}=\frac{f(h)}{h}.$$
- If $h\in\mathbb{Q}$, $\frac{f(h)}{h}=\frac{h^2}{h}=h$.
- If $h\notin\mathbb{Q}$, $\frac{f(h)}{h}=\frac{0}{h}=0$.

In either case, $\left|\frac{f(h)}{h}\right|\le |h|\to 0$ as $h\to 0$. Therefore
$$f'(0)=\lim_{h\to 0}\frac{f(h)-f(0)}{h}=0.$$

Since differentiability implies continuity, and we have already shown $f$ is discontinuous at every $a\ne 0$, $f$ is differentiable at exactly the single point $x=0$ and continuous at exactly that same point.

---

**Conclusion.** Such a function exists; $f(x)=x^2\cdot\mathbf{1}_{\mathbb{Q}}(x)$ is continuous at only $x=0$ and differentiable there with $f'(0)=0$.

### PROOF COMPLETE
DEVIN_CLI_EXITED code=0
