Looking at this problem, I need to analyze drone movements on a 45×45 grid (coordinates from -22 to 22) where each drone moves √2 units (a diagonal step of (±1,±1)) each day for 33 days.

## Setting Up the Parity Structure

**Grid size:** 45×45 = 2025 hubs. Each move (±1,±1) flips both x and y parity. After 33 (odd) days, both parities flip. So drones ending in each parity class come from a specific starting parity class:

| Start parity | End parity | Drones | Dest hubs |
|---|---|---|---|
| (even,even) | (odd,odd) | 23²=529 | 22²=484 |
| (even,odd) | (odd,even) | 23·22=506 | 22·23=506 |
| (odd,even) | (even,odd) | 22·23=506 | 23·22=506 |
| (odd,odd) | (even,even) | 22²=484 | 23²=529 |

(Even coordinates: 23 values; odd coordinates: 22 values.) The four destination parity classes are disjoint, so the groups are independent: **L = sum of occupied hubs per group.**

## Reachability Analysis

A drone at (x₀,y₀) taking 33 diagonal steps achieves displacement (S_x, S_y) where each S_i is any odd integer with |S_i| ≤ 33, independently. So (x₀,y₀) reaches (x',y') iff:
- x'−x₀ is odd, |x'−x₀| ≤ 33, and x' ∈ [−22,22]
- y'−y₀ is odd, |y'−y₀| ≤ 33, and y' ∈ [−22,22]

The x and y dimensions are **independent**.

## Computing L_min

**Key observation:** The grid spans [−22,22] (max distance 44), but the reachability radius is 33. For any starting coordinate x₀ ∈ [−22,22], the distance to a central target (0 or 1, whichever has correct parity) is at most 22 ≤ 33.

**Each group can pile all drones onto a single hub:**
- Group 1 → (1,1): max 1D distance = max(|1−(−22)|,|1−22|) = 23 ≤ 33 ✓
- Group 2 → (1,0): max distances 23 and 21, both ≤ 33 ✓
- Group 3 → (0,1): max distances 21 and 23, both ≤ 33 ✓
- Group 4 → (0,0): max distances 21 and 21, both ≤ 33 ✓

Each drone can realize the required displacement: if |S_x| = d (odd, ≤ 33), use (33+d)/2 steps of +1 and (33−d)/2 steps of −1 in x, independently for y.

Since the four destination classes are disjoint, **L_min = 4**.

## Computing L_max

The maximum per group is min(drones, destination hubs): 484, 506, 506, 484. I verify achievability via Hall's theorem, using the product structure.

**1D Hall's condition (x-direction, even→odd):** For any subset S_x of odd x' values, |N_x(S_x)| ≥ |S_x|. The worst case is S_x concentrated at one boundary. If S_x = {21, 19, ..., 21−2(k−1)} (k values near +21), then N_x = {even x₀ ≥ −12−2(k−1)}, giving |N_x| = 17+k ≥ k. ✓ For S_x = all 22 odd values, |N_x| = 23 ≥ 22. ✓

**1D Hall's condition (y-direction, odd→even):** Symmetric. For |S_y| ≤ 22, |N_y(S_y)| ≥ |S_y|. For |S_y| = 23 (all even y'), |N_y| = 22 (all odd y₀).

**2D Hall's condition via product bound:** For any destination subset S with projections S_x, S_y:
- N(S) ⊇ N_x(S_x) × N_y(S_y), so |N(S)| ≥ |N_x(S_x)|·|N_y(S_y)|.

**Case |S_y| ≤ 22:** |N_y(S_y)| ≥ |S_y| and |N_x(S_x)| ≥ |S_x|, so |N(S)| ≥ |S_x|·|S_y| ≥ |S|. ✓

**Case |S_y| = 23:** |N_y| = 22. Since removing one x' from S_x doesn't reduce N_x (every x₀ reaches ≥18 x' values), |N_x(S_x)| = 23 for |S_x| ≤ 22. Thus |N(S)| ≥ 23·22 = 506 ≥ |S| (since |S| ≤ 506). For |S_x| = 22 (full), |N(S)| = 506 = |S|. ✓

By symmetry, the same argument works for all four groups (swapping x/y roles as needed). Perfect/surjective matchings exist, achieving:
- Group 1: 484 occupied (surjection 529→484 via product of 1D surjections)
- Group 2: 506 occupied (perfect matching, Hall verified above)
- Group 3: 506 occupied (symmetric to Group 2)
- Group 4: 484 occupied (injection 484→529, Hall on drone side verified similarly)

**L_max = 484 + 506 + 506 + 484 = 1980.**

## Final Answer

$$L_{min} + L_{max} = 4 + 1980 = \boxed{1984}$$

### PROOF COMPLETE
DEVIN_CLI_EXITED code=0
