## Proof

**Answer: Yes.** In ZFC, every uncountable set can be partitioned into two disjoint uncountable subsets.

Let $U$ be an uncountable set. By the Well-Ordering Theorem (equivalent to the Axiom of Choice), $U$ admits a well-ordering. Let $\kappa = |U|$, so $\kappa$ is an uncountable cardinal (an initial ordinal $\geq \aleph_1$), and write $U = \{u_\alpha : \alpha < \kappa\}$ via a fixed bijection with $\kappa$.

**Key observation.** Since $\kappa$ is an infinite initial ordinal, it is a limit ordinal, so $\alpha < \kappa \Rightarrow \alpha + 1 < \kappa$.

We partition the index set $\kappa$ into two disjoint classes, each of cardinality $\kappa$:

- $S = \{\alpha < \kappa : \alpha \text{ is a successor ordinal}\}$,
- $L = \{\alpha < \kappa : \alpha = 0 \text{ or } \alpha \text{ is a limit ordinal}\}$.

These are disjoint and $L \cup S = \kappa$ (every ordinal is $0$, a successor, or a limit).

**$|S| = \kappa$.** The map $\alpha \mapsto \alpha + 1$ injects $\kappa$ into $S$: it is injective, and $\alpha + 1 < \kappa$ by the observation above, with $\alpha+1$ always a successor. Hence $\kappa \leq |S| \leq \kappa$.

**$|L| = \kappa$.** The map $\alpha \mapsto \omega \cdot \alpha$ (ordinal multiplication) injects $\kappa$ into $L$:
- *Injectivity:* ordinal multiplication by $\omega > 0$ is strictly increasing in the right argument.
- *Image in $L$:* $\omega \cdot 0 = 0 \in L$; for $\alpha \geq 1$, $\omega \cdot \alpha$ is a limit ordinal, hence in $L$.
- *Bounded by $\kappa$:* for $\alpha < \kappa$, the ordinal $\omega \cdot \alpha$ has cardinality $\max(\aleph_0, |\alpha|)$. Since $|\alpha| < \kappa$ and $\kappa$ is an initial ordinal, $\max(\aleph_0, |\alpha|) < \kappa$, so $\omega \cdot \alpha < \kappa$.

Hence $\kappa \leq |L| \leq \kappa$, giving $|L| = \kappa$.

**Construction.** Define
$$V = \{u_\alpha : \alpha \in L\}, \qquad W = \{u_\alpha : \alpha \in S\}.$$

Then:
- $V \cap W = \emptyset$ since $L \cap S = \emptyset$,
- $V \cup W = U$ since $L \cup S = \kappa$,
- $|V| = |L| = \kappa \geq \aleph_1$ and $|W| = |S| = \kappa \geq \aleph_1$,

so both $V$ and $W$ are uncountable.

Therefore every uncountable set $U$ can be partitioned into two disjoint uncountable subsets. $\blacksquare$

### PROOF COMPLETE
DEVIN_CLI_EXITED code=0
