Looking at this problem, I need to find the least $k$ such that for any three nonzero reals, some pair $(a,b)$ satisfies $|a-b| \le k$ or $|1/a - 1/b| \le k$.

**Key reformulation.** For a pair $(a,b)$, define $g(a,b) = \min(|a-b|,\, |1/a - 1/b|) = |a-b| \cdot \min(1,\, 1/|ab|)$. The answer is $k = \sup_{(x,y,z)} \min\{g(x,y), g(y,z), g(x,z)\}$.

## Lower bound: $k \ge 3/2$

Take $(x,y,z) = (-1,\, 1/2,\, 2)$:

- $g(x,y) = \min(3/2,\, |-1-2|) = \min(3/2,\, 3) = 3/2$
- $g(y,z) = \min(3/2,\, |2-1/2|) = \min(3/2,\, 3/2) = 3/2$
- $g(x,z) = \min(3,\, |-1-1/2|) = \min(3,\, 3/2) = 3/2$

All three pairs yield $g = 3/2$, so for any $k < 3/2$ no pair satisfies either inequality. Thus $k \ge 3/2$.

## Upper bound: $k = 3/2$ suffices

We prove: for any three nonzero reals, at least one pair has $|a-b| \le 3/2$ or $|1/a - 1/b| \le 3/2$.

Suppose for contradiction that all three pairs satisfy $|a-b| > 3/2$ **and** $|1/a - 1/b| > 3/2$. WLOG order $x < y < z$.

**Case 1: All same sign.** WLOG all positive (negating preserves both $|a-b|$ and $|1/a-1/b|$). Then $1/x > 1/y > 1/z$. The conditions give:
- $y - x > 3/2$ and $z - y > 3/2$ (first coordinate),
- $1/x - 1/y > 3/2$ and $1/y - 1/z > 3/2$ (second coordinate).

From $(y-x)/(xy) > 3/2$ we get $y - x > \frac{3}{2}xy$, i.e., $y(1-\frac{3}{2}x) > x$. This forces $x < 2/3$ (else LHS $\le 0 < x$). Similarly $z - y > \frac{3}{2}yz$ forces $y < 2/3$. But $y - x > 3/2$ with $x > 0$ gives $y > 3/2 > 2/3$. **Contradiction.**

**Case 2: Two positive, one negative.** WLOG $x = -a < 0 < y < z$ with $a > 0$. Then $1/x < 0 < 1/z < 1/y$. The binding constraints are:
- (I) $a + y > 3/2$ (from $|x - y|$),
- (II) $z - y > 3/2$ (from $|y - z|$),
- (III) $1/z + 1/a > 3/2$ (from $|1/x - 1/z|$, the tighter reciprocal constraint since $1/z < 1/y$),
- (IV) $z - y > \frac{3}{2}yz$ (from $|1/y - 1/z| = (z-y)/(yz) > 3/2$).

From (IV): $z(1 - \frac{3}{2}y) > y$, forcing $y < 2/3$ and $z > y/(1 - \frac{3}{2}y)$.

From (I): $a > \frac{3}{2} - y$. From (III): $a < 1/(\frac{3}{2} - 1/z)$. For both to hold we need:
$$\left(\tfrac{3}{2} - y\right)\left(\tfrac{3}{2} - \tfrac{1}{z}\right) < 1. \quad (\star)$$

We show $(\star)$ always fails. The binding lower bound on $z$ is $z > \max\!\big(y + \tfrac{3}{2},\; y/(1-\tfrac{3}{2}y)\big)$, and these two expressions are equal at $y = 1/2$ (solving $y + 3/2 = y/(1-3y/2)$ gives $2y^2 + 3y - 2 = 0$, so $y = 1/2$).

- **Sub-case 2a: $y \le 1/2$.** Then $z > y + 3/2$, so $1/z < 1/(y+3/2)$, giving $\frac{3}{2} - \frac{1}{z} > \frac{3}{2} - \frac{1}{y+3/2}$. Define $h(y) = (\frac{3}{2}-y)(\frac{3}{2} - \frac{1}{y+3/2})$. At $y = 1/2$: $h = 1 \cdot 1 = 1$. For $y < 1/2$: $h(y) > 1$ (verified by $h'(1/2) = -3/4 < 0$ and $h(0) = 5/4 > 1$). Since $z > y + 3/2$ only increases the product, $(\star)$ fails.

- **Sub-case 2b: $1/2 < y < 2/3$.** Then $z > y/(1-\frac{3}{2}y)$, so $1/z < (1-\frac{3}{2}y)/y = 1/y - 3/2$, giving $\frac{3}{2} - \frac{1}{z} > 3 - \frac{1}{y}$. Define $p(y) = (\frac{3}{2}-y)(3 - \frac{1}{y})$. At $y = 1/2$: $p = 1$. Since $p'(y) = -3 + \frac{3}{2y^2} > 0$ on $(1/2, 2/3)$ (as $y^2 < 4/9 < 1/2$), $p$ is strictly increasing, so $p(y) > 1$ for $y > 1/2$. Again $(\star)$ fails.

In both sub-cases, $(\star)$ fails, so (I) and (III) cannot both hold. **Contradiction.**

**Case 3: Two negative, one positive.** Negating all three numbers reduces this to Case 2. $\square$

## Conclusion

The lower bound $k \ge 3/2$ (from the example $(-1, 1/2, 2)$) and the upper bound $k \le 3/2$ (proved above) together give:

$$\boxed{k = \dfrac{3}{2}}.$$

### PROOF COMPLETE
DEVIN_CLI_EXITED code=0
