Looking at this problem, I need to find all real $\alpha$ such that there exist distinct $a, b, c \in [-1,1]$ with equal efficiencies.

## Proof

**Step 1: Deriving $a + b + c = 0$.**

Let the common efficiency be $k$. From $\frac{a^3}{b+c+\alpha} = \frac{b^3}{c+a+\alpha}$, cross-multiplying and factoring:

$$a^3 - b^3 = k\bigl((b+c+\alpha)-(c+a+\alpha)\bigr) = k(b-a)$$

$$(a-b)(a^2+ab+b^2) = -k(a-b)$$

Since $a \neq b$: $\;a^2+ab+b^2 = -k$. Similarly $b^2+bc+c^2 = -k$ and $a^2+ac+c^2 = -k$.

Subtracting the first two: $a^2+ab - bc - c^2 = 0$, i.e., $(a-c)(a+b+c)=0$. Since $a \neq c$:

$$\boxed{s := a+b+c = 0}$$

**Step 2: Expressing $\alpha$ in terms of two parameters.**

With $s=0$, the denominators become $b+c+\alpha = -a+\alpha$, etc. Setting $u = a+b = -c$ and $v = ab$, we get $c = -u$ and:

$$\alpha = a - \frac{a^3}{a^2+ab+b^2} = \frac{ab(a+b)}{a^2+ab+b^2} = \frac{uv}{u^2 - v}$$

Define $D := u^2 - v = a^2+ab+b^2 > 0$ (positive since $a,b$ not both zero, as they're distinct). Then:

$$\alpha = \frac{uv}{D}, \qquad uv = \alpha D$$

**Step 3: Characterizing via the cubic.**

The values $a, b, c$ are the three roots of $t^3 - Dt + uv = 0$, i.e., $t^3 - Dt + \alpha D = 0$.

For **three distinct real roots**: the discriminant must be positive. The cubic $t^3 + Pt + Q$ with $P = -D$, $Q = \alpha D$ has discriminant $\Delta = -4P^3 - 27Q^2 = 4D^3 - 27\alpha^2 D^2 > 0$, giving:

$$D > \frac{27\alpha^2}{4} \quad \cdots (★)$$

For **all roots in $[-1,1]$**: the cubic $f(t) = t^3 - Dt + \alpha D$ (with $D > 0$, local max at $t = -\sqrt{D/3}$, local min at $t = +\sqrt{D/3}$) has all roots in $[-1,1]$ iff:
- $f(1) \geq 0$: $\;1 - D + \alpha D \geq 0 \;\Longrightarrow\; D \leq \frac{1}{1-\alpha}$
- $f(-1) \leq 0$: $\;-1 + D + \alpha D \leq 0 \;\Longrightarrow\; D \leq \frac{1}{1+\alpha}$

Combining: $\;D \leq \frac{1}{1+|\alpha|}\;$ (for $|\alpha| < 1$). $\quad \cdots (★★)$

**Step 4: Existence condition.**

We need a $D > 0$ satisfying both $(★)$ and $(★★)$:

$$\frac{27\alpha^2}{4} < D \leq \frac{1}{1+|\alpha|}$$

Such $D$ exists iff $\;\frac{27\alpha^2}{4} < \frac{1}{1+|\alpha|}$, i.e., $27\alpha^2(1+|\alpha|) < 4$.

Setting $x = |\alpha| \geq 0$: $\;27x^3 + 27x^2 - 4 < 0$. Factoring:

$$27x^3 + 27x^2 - 4 = 3\!\left(x - \tfrac{1}{3}\right)(3x+2)^2$$

Since $(3x+2)^2 > 0$ for all $x \geq 0$, the inequality holds iff $x < \frac{1}{3}$, i.e., $|\alpha| < \frac{1}{3}$.

**Step 5: Excluding $\alpha = 0$.**

When $\alpha = 0$, we get $uv = 0$, so either $u = 0$ (giving $c = 0$) or $v = 0$ (giving $a = 0$ or $b = 0$). In every case, one of $a, b, c$ equals $0 = \alpha$, making the corresponding denominator $-x + \alpha = 0$, so the efficiency is undefined.

More directly: if $\alpha$ is a root of $t^3 - Dt + \alpha D = 0$, then $\alpha^3 - D\alpha + \alpha D = \alpha^3 = 0$, forcing $\alpha = 0$. So for $\alpha \neq 0$, no root equals $\alpha$ and all denominators are nonzero. For $\alpha = 0$, a root always equals $\alpha$, so it's excluded.

**Step 6: Verification for $|\alpha| < 1/3$, $\alpha \neq 0$.**

For any such $\alpha$, choose $D = \frac{1}{1+|\alpha|}$ (satisfying $(★★)$ with equality). Then $\frac{27\alpha^2}{4} < \frac{1}{1+|\alpha|} = D$ holds since $|\alpha| < 1/3$, so $(★)$ is satisfied. The cubic $t^3 - Dt + \alpha D = 0$ has three distinct real roots (discriminant $> 0$), all in $[-1,1]$, and none equal to $\alpha$. Setting $(a,b,c)$ to these roots gives a valid equilibrium.

**Conclusion.**

The set of all possible real values of $\alpha$ is:

$$\boxed{\alpha \in \left(-\frac{1}{3},\, 0\right) \cup \left(0,\, \frac{1}{3}\right)}$$

### PROOF COMPLETE
DEVIN_CLI_EXITED code=0
