Looking at this problem, I need to find the number of "unbordered" words of length n over a 3-letter alphabet, then find v_3(a_{2023}).

## Proof

**Setup and recurrence.** A "Primary" code is an *unbordered word*: a word of length $n$ over $\{0,1,2\}$ with no $k$ ($1 \le k < n$) such that the prefix of length $k$ equals the suffix of length $k$. Let $q = 3$ and $a_n$ = number of unbordered words of length $n$.

**Key fact (shortest border).** If a word $w$ of length $n$ has a border of length $k > n/2$, then the overlap forces a border of length $2k - n < k$. Hence the *shortest* border of any bordered word has length $k \le \lfloor n/2 \rfloor$.

**Structure of words with shortest border $k$.** If $w$ has shortest border $k \le \lfloor n/2\rfloor$, then $w = u \cdot x \cdot u$ where $|u|=k$, $|x|=n-2k$, and $u$ is unbordered. (If $u$ had a border of length $j < k$, then $w$ would also have a border of length $j$, contradicting minimality.) Conversely, every such $u \cdot x \cdot u$ with $u$ unbordered has shortest border exactly $k$. The count is $a_k \cdot q^{n-2k}$, and the decomposition is bijective. Therefore:

$$a_n = q^n - \sum_{k=1}^{\lfloor n/2 \rfloor} a_k \cdot q^{\,n-2k}, \qquad a_1 = q. \tag{$\star$}$$

**Verification** ($q=3$): $a_1=3$; $a_2 = 9-3=6$; $a_3=27-9=18$; $a_4=81-27-6=48$; $a_5=243-81-18=144$; $a_6=729-243-54-18=414$; $a_7=2187-729-162-54=1242$; $a_8=6561-2187-486-162-48=3678$.

**3-adic valuation.** Set $f(n) = v_3(a_n)$ and $g(k) = f(k) - 2k$. The $3$-adic valuation of the $k$-th sum term in $(\star)$ is $f(k) + (n-2k) = n + g(k)$, and the $3^n$ term has valuation $n$.

**Claim:** $f(n) = s_2(n)$ (the binary digit sum / popcount of $n$), for all $n \ge 1$.

*Proof by strong induction.* Base: $f(1) = v_3(3) = 1 = s_2(1)$. ✓

Inductive step ($n \ge 2$): assume $f(k) = s_2(k)$ for all $k < n$, so $g(k) = s_2(k) - 2k$.

**$g$ is strictly decreasing:** For $n$ even, $g(n+1)-g(n) = [s_2(n)+1] - s_2(n) - 2 = -1 < 0$. For $n$ odd with $t \ge 1$ trailing ones, $s_2(n+1) = s_2(n) - t + 1$, so $g(n+1)-g(n) = -t+1-2 = -t-1 \le -2 < 0$.

Since $g$ is strictly decreasing, the minimum of $n + g(k)$ over $k = 1, \dots, \lfloor n/2\rfloor$ is **uniquely** attained at $k = \lfloor n/2 \rfloor$, with value

$$n + g(\lfloor n/2 \rfloor) = n + s_2(\lfloor n/2\rfloor) - 2\lfloor n/2\rfloor = s_2(n),$$

using $s_2(\lfloor n/2\rfloor) + (n - 2\lfloor n/2\rfloor) = s_2(n)$ (clear from the binary shift: even $n$ gives $s_2(n/2)=s_2(n)$; odd $n$ gives $s_2((n{-}1)/2)+1 = s_2(n)$).

This unique minimum $s_2(n)$ is strictly less than $n$ (since $s_2(n) \le \lfloor\log_2 n\rfloor + 1 < n$ for $n \ge 2$), so the $3^n$ term and all other sum terms have strictly higher 3-adic valuation. Hence the minimum-valuation term $a_{\lfloor n/2\rfloor}\cdot 3^{n-2\lfloor n/2\rfloor}$ dominates:

$$v_3(a_n) = v_3\!\bigl(a_{\lfloor n/2\rfloor}\bigr) + \bigl(n - 2\lfloor n/2\rfloor\bigr) = s_2(\lfloor n/2\rfloor) + \bigl(n - 2\lfloor n/2\rfloor\bigr) = s_2(n). \quad \blacksquare$$

**Consistency check:** $f(1),\dots,f(8) = 1,1,2,1,2,2,3,1$, matching $s_2(1),\dots,s_2(8) = 1,1,2,1,2,2,3,1$. ✓

**Computing $s_2(2023)$.** Converting to binary:
$$2023 = 1024+512+256+128+64+32+4+2+1 = (11111100111)_2.$$
The binary representation $11111100111$ contains **9** ones.

Therefore $v_3(a_{2023}) = s_2(2023) = 9$.

$$\boxed{m = 9}$$

### PROOF COMPLETE
DEVIN_CLI_EXITED code=0
