## Solution

Let $g(x) = x^3 - x = x(x-1)(x+1)$, and let $f(x)$ have degree at most $100$ with $\gcd(f,g)=1$.

**Step 1: Strip the polynomial part.** Divide $f$ by $g$: $f(x) = Q(x)\,g(x) + r(x)$, where $\deg Q \le 97$ and $\deg r \le 2$. Then
$$\frac{f(x)}{g(x)} = Q(x) + \frac{r(x)}{g(x)}.$$
Since $Q$ is a polynomial of degree at most $97 < 100$,
$$\frac{d^{100}}{dx^{100}}Q(x) = 0,$$
so
$$\frac{d^{100}}{dx^{100}}\!\left[\frac{f(x)}{g(x)}\right] = \frac{d^{100}}{dx^{100}}\!\left[\frac{r(x)}{g(x)}\right].$$

**Step 2: Partial fractions.** Since $g$ has three distinct simple roots $0,1,-1$ and $\gcd(r,g)=1$ (because $\gcd(f,g)=1$ and $f\equiv r \pmod g$), we have
$$\frac{r(x)}{g(x)} = \frac{A}{x} + \frac{B}{x-1} + \frac{C}{x+1}$$
for nonzero constants $A,B,C$.

**Step 3: Differentiate 100 times.** Using $\dfrac{d^n}{dx^n}(x-a)^{-1} = (-1)^n\,n!\,(x-a)^{-(n+1)}$,
$$\frac{d^{100}}{dx^{100}}\!\left[\frac{r(x)}{g(x)}\right] = 100!\left[\frac{A}{x^{101}} + \frac{B}{(x-1)^{101}} + \frac{C}{(x+1)^{101}}\right].$$

**Step 4: Common denominator.** The natural common denominator is
$$q(x) = x^{101}(x-1)^{101}(x+1)^{101} = \bigl(x(x-1)(x+1)\bigr)^{101} = g(x)^{101},$$
so
$$\deg q = 3\cdot 101 = \boxed{303}.$$

The numerator is
$$p(x) = 100!\Bigl[A\,(x-1)^{101}(x+1)^{101} + B\,x^{101}(x+1)^{101} + C\,x^{101}(x-1)^{101}\Bigr].$$
Each product has degree $202$ with leading coefficient $1$:
- $(x-1)^{101}(x+1)^{101} = (x^2-1)^{101}$, leading term $x^{202}$;
- $x^{101}(x+1)^{101} = (x^2+x)^{101}$, leading term $x^{202}$;
- $x^{101}(x-1)^{101} = (x^2-x)^{101}$, leading term $x^{202}$.

Hence the leading coefficient of $p$ is $100!\,(A+B+C)$. Writing $r(x)=ax^2+bx+c$ and evaluating the partial-fraction coefficients,
$$A = -r(0) = -c,\quad B = \tfrac{r(1)}{2} = \tfrac{a+b+c}{2},\quad C = \tfrac{r(-1)}{2} = \tfrac{a-b+c}{2},$$
so
$$A+B+C = -c + \tfrac{a+b+c}{2} + \tfrac{a-b+c}{2} = a.$$
For a general $f$ (equivalently, general remainder $r$ with $\deg r = 2$), $a\neq 0$, so the leading term of $p$ is $100!\,a\,x^{202}$, giving
$$\deg p = \boxed{202}.$$

**Step 5: No reduction occurs.** One checks $p(0) = 100!\,r(0)\neq 0$, $p(1) = 100!\,2^{100}r(1)\neq 0$, $p(-1)=100!\,2^{100}r(-1)\neq 0$, so $\gcd(p,g)=1$; the fraction is already in lowest terms and the degrees are as computed.

$$\boxed{(\deg p,\,\deg q) = (202,\,303)}$$

### PROOF COMPLETE
DEVIN_CLI_EXITED code=0
