## Proof

We show that the probability that $G \sim \mathcal{G}(n, \tfrac{1}{2})$ is separated or almost-separated tends to $0$ as $n \to \infty$. The answer is $\boxed{0}$ (asymptotically).

**Setup.** Assume $n$ is even (the odd case is identical with sets of size $\lfloor n/2\rfloor$ and $\lceil n/2\rceil$). A partition of the vertex set into two equal halves $(A, B)$ with $|A|=|B|=n/2$ has $|A|\cdot|B| = n^2/4$ potential crossing edges. The number of unordered such partitions is $\binom{n}{n/2}/2$.

For a **fixed** partition $(A,B)$, the number of crossing edges $X_{A,B}$ is distributed as $\operatorname{Bin}(n^2/4,\, 1/2)$, with mean $\mu = n^2/8$.

---

**Separated case.** $G$ is separated iff some partition has $X_{A,B} = 0$. By the union bound,

$$\Pr(G\text{ separated}) \;\le\; \frac{\binom{n}{n/2}}{2}\cdot\left(\tfrac{1}{2}\right)^{n^2/4} \;\le\; 2^{n-1}\cdot 2^{-n^2/4} \;=\; 2^{\,n-1-n^2/4}.$$

Since $n - 1 - n^2/4 \to -\infty$, this tends to $0$.

---

**Almost-separated case.** $G$ is almost-separated iff some partition has $X_{A,B} < 10n$. We bound $\Pr(X_{A,B} < 10n)$ using **Hoeffding's inequality**. For $X = \sum_{i=1}^{N} Y_i$ with $N = n^2/4$ independent Bernoulli$(1/2)$ variables and $\mu = N/2 = n^2/8$:

$$\Pr(X - \mu \le -t) \;\le\; \exp\!\left(\frac{-2t^2}{N}\right).$$

Setting $t = \mu - 10n = n^2/8 - 10n$ (positive for $n > 80$):

$$\Pr(X_{A,B} < 10n) \;\le\; \exp\!\left(\frac{-2(n^2/8 - 10n)^2}{n^2/4}\right) = \exp\!\left(\frac{-(n-80)^2}{8}\right).$$

Applying the union bound over all $\binom{n}{n/2}/2 \le 2^{n-1}$ partitions:

$$\Pr(G\text{ almost-separated}) \;\le\; 2^{n-1}\cdot \exp\!\left(\frac{-(n-80)^2}{8}\right).$$

Taking logarithms, the exponent is

$$n\ln 2 - \frac{(n-80)^2}{8} \;\sim\; -\frac{n^2}{8} \;\to\; -\infty,$$

so $\Pr(G\text{ almost-separated}) \to 0$.

---

**Combining.** By the union bound,

$$\Pr(G\text{ separated or almost-separated}) \;\le\; \Pr(G\text{ separated}) + \Pr(G\text{ almost-separated}) \;\longrightarrow\; 0.$$

Both terms tend to $0$: the $2^{n}$ factor from counting partitions is exponentially smaller than the $2^{-n^2/4}$ (respectively $\exp(-n^2/8)$) decay from the large-deviation bound on crossing edges. The quadratic-in-$n$ exponent in the denominator dominates the linear-in-$n$ exponent from the partition count.

Therefore, the probability that $G$ is either separated or almost-separated is $\mathbf{0}$ (as $n \to \infty$).

### PROOF COMPLETE
DEVIN_CLI_EXITED code=0
