## 解答

**答案：** $f(1) = \dfrac{b_1 b_2 \cdots b_n}{n!}$.

### 证明

设 $g(x) = (1-x)^n f(x) = 1 + \sum_{i=1}^n a_i x^{b_i}$。由于 $g(x)$ 是 $(1-x)^n$ 的倍式，$g$ 在 $x=1$ 处有 $n$ 阶零点，即

$$g^{(k)}(1) = 0, \quad k = 0, 1, \ldots, n-1.$$

利用下降阶乘 $(b)_k := b(b-1)\cdots(b-k+1)$（约定 $(b)_0=1$），上述条件等价于线性方程组：

$$\sum_{i=1}^n a_i\,(b_i)_k = -\delta_{k,0}, \quad k = 0, 1, \ldots, n-1. \tag{$\ast$}$$

（$k=0$ 时给出 $\sum a_i = -1$，即 $g(1)=1+\sum a_i=0$；$k\ge1$ 时常数 $1$ 的 $k$ 阶导数为 $0$。）

**求 $f(1)$。** 由 $g(x)=(1-x)^n f(x)=(-1)^n(x-1)^n f(x)$，比较 $x=1$ 处的 $n$ 阶项：

$$\frac{g^{(n)}(1)}{n!} = (-1)^n f(1) \implies f(1) = \frac{(-1)^n}{n!}\,g^{(n)}(1) = \frac{(-1)^n}{n!}\sum_{i=1}^n a_i\,(b_i)_n.$$

记 $S = \sum_{i=1}^n a_i (b_i)_n$，则 $f(1) = \frac{(-1)^n}{n!} S$。下面用 $(\ast)$ 求 $S$。

**关键引理。** 设 $q(t)$ 是在 $b_1,\ldots,b_n$ 处插值 $(t)_n$ 的次数 $\le n-1$ 的多项式。将 $q$ 展开为下降阶乘基：$q(t)=\sum_{k=0}^{n-1} c_k (t)_k$。由于 $(b_i)_n = q(b_i)$，

$$S = \sum_i a_i\,q(b_i) = \sum_i a_i \sum_k c_k (b_i)_k = \sum_k c_k\underbrace{\sum_i a_i(b_i)_k}_{=-\delta_{k,0}\text{ 由 }(\ast)} = -c_0.$$

注意到 $(0)_k = 0$（$k\ge1$）而 $(0)_0=1$，故 $q(0)=c_0$，从而 $S = -q(0)$。

**计算 $q(0)$。** 由 Lagrange 插值：

$$q(0) = \sum_{i=1}^n (b_i)_n \prod_{j\ne i}\frac{-b_j}{b_i - b_j}.$$

将 $(b_i)_n = b_i\prod_{k=1}^{n-1}(b_i-k)$ 代入，分子中 $b_i$ 与 $\prod_{j\ne i}(-b_j)$ 合并：

$$(b_i)_n\prod_{j\ne i}(-b_j) = \underbrace{\Big(\prod_{j=1}^n b_j\Big)}_{=:B}\cdot(-1)^{n-1}\prod_{k=1}^{n-1}(b_i-k).$$

因此

$$q(0) = (-1)^{n-1} B \sum_{i=1}^n \frac{\prod_{k=1}^{n-1}(b_i-k)}{\prod_{j\ne i}(b_i-b_j)}.$$

对次数 $\le n-1$ 的多项式 $h(t)=\prod_{k=1}^{n-1}(t-k)$（首项系数为 $1$），Lagrange 恒等式给出

$$\sum_{i=1}^n \frac{h(b_i)}{\prod_{j\ne i}(b_i-b_j)} = h\text{ 的首项系数} = 1.$$

所以 $q(0)=(-1)^{n-1}B$，进而

$$S = -q(0) = (-1)^n B = (-1)^n\prod_{j=1}^n b_j.$$

**最终：**

$$f(1) = \frac{(-1)^n}{n!}\cdot(-1)^n\prod_{j=1}^n b_j = \boxed{\dfrac{b_1 b_2 \cdots b_n}{n!}}.$$

**验证。** ($n=1, b_1=1$)：$(1-x)f(x)=1-x \Rightarrow f\equiv1$，公式给 $1/1!=1$ ✓。($n=2, b_1=1,b_2=3$)：解得 $a_1=-\tfrac32, a_2=\tfrac12$，$g''(1)=3$，$f(1)=3/2$，公式给 $\tfrac{1\cdot3}{2!}=\tfrac32$ ✓。

### 证明完成
DEVIN_CLI_EXITED code=0
