I'll solve this problem directly in my reasoning, then output the proof.

**Answer leak check:** The problem text contains only the problem statement — no solutions, hints, or formalization notes. Clean.

**Reasoning:**

For a closed (compact without boundary) orientable $n$-manifold, Poincaré duality gives $b_i = b_{n-i}$. If $n$ is odd, the terms in $\chi = \sum (-1)^i b_i$ pair up with opposite signs, forcing $\chi = 0$. So any example must be even-dimensional.

I'll construct an explicit 4-dimensional example: $M = \mathbb{CP}^2 \# (S^1 \times S^3)$.

**Betti numbers of the summands:**
- $\mathbb{CP}^2$: $(b_0,b_1,b_2,b_3,b_4) = (1,0,1,0,1)$, so $\chi = 3$.
- $S^1 \times S^3$: $(1,1,0,1,1)$, so $\chi = 0$.

**Connected sum formula (dimension $n \geq 3$):** For a connected sum of two connected orientable $n$-manifolds ($n \geq 3$), the boundary sphere $S^{n-1}$ is simply connected, so the Mayer–Vietoris sequence gives $H_i(M_1 \# M_2) \cong H_i(M_1) \oplus H_i(M_2)$ for $1 \leq i \leq n-1$, with $H_0 \cong H_n \cong \mathbb{Z}$.

Applying this to $M = \mathbb{CP}^2 \# (S^1 \times S^3)$:
$$(b_0,b_1,b_2,b_3,b_4) = (1,\; 0+1,\; 1+0,\; 0+1,\; 1) = (1,1,1,1,1).$$

$$\chi(M) = 1 - 1 + 1 - 1 + 1 = 1. \checkmark$$

All required properties hold: connected (connected sum of connected manifolds), compact (connected sum of compact manifolds), orientable (connected sum of orientable manifolds), non-trivial (4-dimensional with nontrivial homology), and $\chi = 1$.

---

**Proof.**

We show that such a manifold **exists** by explicit construction.

**Step 1: Odd dimensions are ruled out.**

Let $N$ be a closed (compact, without boundary) connected orientable $n$-manifold. By Poincaré duality, $b_i(N) = b_{n-i}(N)$. If $n$ is odd, then for each $i$, the indices $i$ and $n-i$ have opposite parity, so the contributions $(-1)^i b_i$ and $(-1)^{n-i} b_{n-i}$ cancel pairwise:

$$\chi(N) = \sum_{i=0}^{n} (-1)^i b_i = \frac{1}{2}\sum_{i=0}^{n}\bigl[(-1)^i b_i + (-1)^{n-i} b_{n-i}\bigr] = 0.$$

Hence no odd-dimensional closed orientable manifold can have $\chi = 1$. We seek an even-dimensional example.

**Step 2: Construction of the example.**

Set
$$M = \mathbb{CP}^2 \;\#\; (S^1 \times S^3),$$
the connected sum of the complex projective plane and the product $S^1 \times S^3$. This is a smooth (hence topological) 4-manifold.

**Step 3: Homology of the summands.**

- $\mathbb{CP}^2$ has cell structure with one cell in each dimension $0, 2, 4$, giving Betti numbers $(1, 0, 1, 0, 1)$.
- $S^1 \times S^3$ has Betti numbers $(1, 1, 0, 1, 1)$ by the Künneth formula.

**Step 4: Connected sum homology.**

For $n \geq 3$, forming $M_1 \# M_2$ removes an open $n$-ball from each summand and glues along $S^{n-1}$. Since $S^{n-1}$ is simply connected for $n \geq 3$, the Mayer–Vietoris sequence yields
$$H_i(M_1 \# M_2) \cong H_i(M_1) \oplus H_i(M_2), \quad 1 \leq i \leq n-1,$$
with $H_0(M_1 \# M_2) \cong \mathbb{Z}$ and $H_n(M_1 \# M_2) \cong \mathbb{Z}$ (the latter by orientability). Concretely, removing a ball from an orientable $n$-manifold ($n \geq 3$) does not alter $H_i$ for $i \leq n-2$ and surjects onto $H_{n-1}$; the LES of the pair $(M_j, M_j \setminus \text{int}\, D^n)$ with $H_*(M_j, M_j \setminus \text{int}\, D^n) \cong H_*(D^n, S^{n-1})$ shows $H_{n-1}(M_j \setminus \text{int}\, D^n) \cong H_{n-1}(M_j)$ as well (the connecting map $H_n(M_j) \to H_n(M_j, M_j \setminus \text{int}\, D^n) \cong \mathbb{Z}$ is an isomorphism by orientability).

Applying this with $n = 4$:
$$b_i(M) = b_i(\mathbb{CP}^2) + b_i(S^1 \times S^3), \quad i = 1, 2, 3,$$
so
$$(b_0, b_1, b_2, b_3, b_4) = (1,\; 0+1,\; 1+0,\; 0+1,\; 1) = (1, 1, 1, 1, 1).$$

**Step 5: Euler characteristic.**

$$\chi(M) = 1 - 1 + 1 - 1 + 1 = 1.$$

**Step 6: Verification of all required properties.**

- **Non-trivial:** $M$ is 4-dimensional with $b_1 = b_2 = b_3 = 1$, so it is neither a point nor contractible.
- **Connected:** The connected sum of connected manifolds is connected.
- **Compact:** The connected sum of compact manifolds is compact.
- **Orientable:** The connected sum of orientable manifolds is orientable (the gluing reverses orientation on one boundary sphere, preserving a global orientation).
- **Topological manifold:** $M$ is a smooth manifold, hence a topological manifold.

**Conclusion.** The manifold $M = \mathbb{CP}^2 \# (S^1 \times S^3)$ is a non-trivial, connected, compact, orientable topological 4-manifold with Euler characteristic $\chi = 1$. Therefore, **yes**, such a manifold exists. $\blacksquare$

### PROOF COMPLETE
DEVIN_CLI_EXITED code=0
