# The Conjugacy Problem is Undecidable

## Problem Restatement

Given a finitely presented group $G = \langle S \mid R \rangle$ and two words $v, w$ in $S$, the **Conjugacy Problem** asks: is there an element $g \in G$ such that $gvg^{-1} = w$ in $G$? We show that **no algorithm can solve this problem for all finitely presented groups**.

## Key Definitions

- **Word Problem (WP):** Given a finitely presented group $G = \langle S \mid R \rangle$ and a word $w$ in $S$, decide whether $w =_G e$ (the identity).
- **Conjugacy Problem (CP):** Given $G = \langle S \mid R \rangle$ and words $v, w$, decide whether $\exists\, g \in G:\; gvg^{-1} =_G w$.

## Theorem (Novikov, 1954; Boone, 1958)

The **Word Problem** for finitely presented groups is undecidable: there exists a finitely presented group $G_0 = \langle S_0 \mid R_0 \rangle$ such that no Turing machine can decide, for arbitrary input word $w$, whether $w =_{G_0} e$.

## Reduction: Word Problem $\leq_m$ Conjugacy Problem

We construct a many-one reduction from the Word Problem to the Conjugacy Problem.

**Claim:** For any group $G$ and any word $w$ in the generators of $G$:
$$w =_G e \iff w \text{ is conjugate to } e \text{ in } G.$$

**Proof of Claim:**

$(\Rightarrow)$ If $w =_G e$, then taking $g = e$, we have $g \cdot w \cdot g^{-1} = e \cdot e \cdot e = e$, so $w$ is conjugate to $e$.

$(\Leftarrow)$ Suppose $w$ is conjugate to $e$, i.e., there exists $g \in G$ with $gwg^{-1} =_G e$. Then:
$$gwg^{-1} =_G e \implies w =_G g^{-1}eg =_G g^{-1}g =_G e.$$
So $w =_G e$. $\square$

**Reduction map:** Given an instance $(G, w)$ of the Word Problem, map it to the instance $(G, e, w)$ of the Conjugacy Problem (where $e$ denotes the empty word, representing the identity). By the claim:
$$(G, w) \in \text{WP} \iff (G, e, w) \in \text{CP}.$$

This is a computable many-one reduction (the map is the identity on $G$ and replaces $v$ with the empty word).

## Conclusion

If the Conjugacy Problem were decidable for all finitely presented groups, then by the reduction above, the Word Problem would also be decidable for all finitely presented groups. But the Word Problem is undecidable (Novikov–Boone). Therefore:

> **The Conjugacy Problem for finitely presented groups is undecidable.**

## Remark (Stronger Result)

The reduction above shows CP is *at least as hard* as WP. A stronger result is known: there exist finitely presented groups with **decidable** Word Problem but **undecidable** Conjugacy Problem (Borisov, 1969; Miller, 1971). This shows the undecidability of CP is not merely inherited from WP — conjugacy introduces genuinely harder structure. However, for establishing undecidability, the simple reduction from WP suffices.

### PROOF COMPLETE
DEVIN_CLI_EXITED code=0
