## Answer Leak Self-Check

I reviewed the problem text. It contains only the five equations to be classified — no solutions, solution sketches, formalization notes, or embedded answer values. No leak detected. Proceeding.

---

## Classification of Second-Order Linear PDEs

For a second-order linear PDE in two variables written in the standard form

$$A\,u_{xx} + 2B\,u_{xy} + C\,u_{yy} + (\text{lower-order terms}) = F,$$

the **principal part** is determined by the coefficients $A, B, C$ of the highest-order (second) derivatives. The classification depends only on the sign of the **discriminant**

$$\Delta = B^{2} - AC.$$

The classification rule is:

- $\Delta > 0$: **Hyperbolic** (two real characteristic families; canonical form $u_{\xi\eta} = \cdots$ or $u_{\xi\xi}-u_{\eta\eta}=\cdots$)
- $\Delta = 0$: **Parabolic** (one real characteristic family; canonical form $u_{\eta\eta} = \cdots$)
- $\Delta < 0$: **Elliptic** (no real characteristics; canonical form $u_{\xi\xi}+u_{\eta\eta}=\cdots$)

The lower-order terms (first derivatives, undifferentiated $u$ terms, and the right-hand side $F$) do **not** affect the classification — only the principal part matters.

---

### a. $\displaystyle \frac{\partial^{2} u}{\partial x\,\partial y} = 0$

Here $u_{xy} = 0$, so reading off the principal part:

$$A = 0,\qquad 2B = 1 \;\Rightarrow\; B = \tfrac{1}{2},\qquad C = 0.$$

The discriminant is

$$\Delta = B^{2} - AC = \left(\tfrac{1}{2}\right)^{2} - (0)(0) = \tfrac{1}{4} > 0.$$

Since $\Delta > 0$, equation **(a) is hyperbolic**.

(Geometric check: the characteristic equation $A(dy)^{2} - 2B\,dx\,dy + C(dx)^{2} = 0$ becomes $-\,dx\,dy = 0$, giving the two real families $x = \text{const}$ and $y = \text{const}$ — consistent with hyperbolicity, and indeed $u = f(x) + g(y)$ is the general solution.)

---

### b. $\displaystyle u_{xx} + u_{xy} + u_{yy} = 2x$

The principal part is $u_{xx} + u_{xy} + u_{yy}$, so

$$A = 1,\qquad 2B = 1 \;\Rightarrow\; B = \tfrac{1}{2},\qquad C = 1.$$

The discriminant is

$$\Delta = B^{2} - AC = \left(\tfrac{1}{2}\right)^{2} - (1)(1) = \tfrac{1}{4} - 1 = -\tfrac{3}{4} < 0.$$

The right-hand side $2x$ is lower-order (it is the inhomogeneous term $F$, not part of the principal part) and does not affect the type. Since $\Delta < 0$, equation **(b) is elliptic**.

---

### c. $\displaystyle u_{xx} - u_{xy} + u_{yy} = 2u$

The principal part is $u_{xx} - u_{xy} + u_{yy}$, so

$$A = 1,\qquad 2B = -1 \;\Rightarrow\; B = -\tfrac{1}{2},\qquad C = 1.$$

The discriminant is

$$\Delta = B^{2} - AC = \left(-\tfrac{1}{2}\right)^{2} - (1)(1) = \tfrac{1}{4} - 1 = -\tfrac{3}{4} < 0.$$

The term $2u$ on the right is a lower-order (zeroth-order) term and does not enter the principal part, so it does not affect the classification. Since $\Delta < 0$, equation **(c) is elliptic**.

---

### d. $\displaystyle u_{xx} - 2u_{xy} + u_{yy} = u_{y}$

The principal part is $u_{xx} - 2u_{xy} + u_{yy}$, so

$$A = 1,\qquad 2B = -2 \;\Rightarrow\; B = -1,\qquad C = 1.$$

The discriminant is

$$\Delta = B^{2} - AC = (-1)^{2} - (1)(1) = 1 - 1 = 0.$$

The right-hand side $u_{y}$ is a first-order (lower-order) term and does not affect the type. Since $\Delta = 0$, equation **(d) is parabolic**.

(Geometric check: the characteristic equation $A(dy)^{2} - 2B\,dx\,dy + C(dx)^{2} = (dy)^{2} + 2\,dx\,dy + (dx)^{2} = (dx+dy)^{2} = 0$ gives a single repeated real family $x + y = \text{const}$ — exactly the signature of a parabolic equation.)

---

### e. $\displaystyle u_{xx} - u_{yy} - u_{y} = 0$

The principal part is $u_{xx} - u_{yy}$ (the $-u_{y}$ term is lower order), so

$$A = 1,\qquad 2B = 0 \;\Rightarrow\; B = 0,\qquad C = -1.$$

The discriminant is

$$\Delta = B^{2} - AC = 0^{2} - (1)(-1) = 1 > 0.$$

The first-order term $-u_{y}$ does not affect the classification. Since $\Delta > 0$, equation **(e) is hyperbolic**.

(Geometric check: the characteristic equation $A(dy)^{2} - 2B\,dx\,dy + C(dx)^{2} = (dy)^{2} - (dx)^{2} = 0$ gives $dy = \pm dx$, i.e. the two real families $x + y = \text{const}$ and $x - y = \text{const}$ — confirming hyperbolicity; this is the wave equation with an added damping term $-u_{y}$.)

---

## Summary

| Equation | $A$ | $B$ | $C$ | $\Delta = B^{2}-AC$ | Type |
|---|---|---|---|---|---|
| (a) $u_{xy}=0$ | $0$ | $\tfrac12$ | $0$ | $\tfrac14>0$ | **Hyperbolic** |
| (b) $u_{xx}+u_{xy}+u_{yy}=2x$ | $1$ | $\tfrac12$ | $1$ | $-\tfrac34<0$ | **Elliptic** |
| (c) $u_{xx}-u_{xy}+u_{yy}=2u$ | $1$ | $-\tfrac12$ | $1$ | $-\tfrac34<0$ | **Elliptic** |
| (d) $u_{xx}-2u_{xy}+u_{yy}=u_{y}$ | $1$ | $-1$ | $1$ | $0$ | **Parabolic** |
| (e) $u_{xx}-u_{yy}-u_{y}=0$ | $1$ | $0$ | $-1$ | $1>0$ | **Hyperbolic** |

**Final classification:**
- **(a) Hyperbolic**
- **(b) Elliptic**
- **(c) Elliptic**
- **(d) Parabolic**
- **(e) Hyperbolic**

### PROOF COMPLETE
DEVIN_CLI_EXITED code=0
