I'll solve this directly in the TUI as instructed. No tools, no files—just reasoning.

---

**Problem.** Determine whether $\mathbb{Q}(\sqrt[4]{3}) \cap \mathbb{Q}(\sqrt[4]{7}) = \mathbb{Q}$.

**Answer.** Yes, the intersection is $\mathbb{Q}$.

---

**Proof.**

Set $\alpha = \sqrt[4]{3}$ and $\beta = \sqrt[4]{7}$, and let $K = \mathbb{Q}(\alpha) \cap \mathbb{Q}(\beta)$.

**Step 1: Degrees and divisibility.**

The polynomials $x^4 - 3$ and $x^4 - 7$ are irreducible over $\mathbb{Q}$ (Eisenstein at $p=3$ and $p=7$ respectively), so
$$[\mathbb{Q}(\alpha):\mathbb{Q}] = [\mathbb{Q}(\beta):\mathbb{Q}] = 4.$$
Since $K \subseteq \mathbb{Q}(\alpha)$, the tower law gives $[K:\mathbb{Q}] \mid 4$, hence $[K:\mathbb{Q}] \in \{1,2,4\}$.

**Step 2: Key Lemma — the unique quadratic subfield.**

*Lemma.* If $n > 0$ and $x^4 - n$ is irreducible over $\mathbb{Q}$, then $\mathbb{Q}(\sqrt[4]{n})$ has exactly one quadratic subfield, namely $\mathbb{Q}(\sqrt{n})$.

*Proof of Lemma.* Let $\gamma = \sqrt[4]{n}$. The splitting field of $x^4 - n$ is $L = \mathbb{Q}(\gamma, i)$, with $[L:\mathbb{Q}] = 8$ (since $i \notin \mathbb{R} \supseteq \mathbb{Q}(\gamma)$). Thus $G := \operatorname{Gal}(L/\mathbb{Q}) \cong D_4$, generated by
$$\rho: \gamma \mapsto i\gamma,\; i \mapsto i, \qquad \sigma: \gamma \mapsto \gamma,\; i \mapsto -i,$$
where $\sigma$ is complex conjugation. The subgroup fixing $\mathbb{Q}(\gamma)$ is $H = \langle \sigma \rangle = \{1, \sigma\}$.

Subfields of $\mathbb{Q}(\gamma)$ correspond (Galois correspondence) to subgroups $J$ with $H \leq J \leq G$. The subgroups of $D_4$ containing $\sigma$ are:
- $\{1, \sigma\}$ (order 2) $\leftrightarrow$ $\mathbb{Q}(\gamma)$,
- $\langle \rho^2, \sigma \rangle = \{1, \rho^2, \sigma, \rho^2\sigma\}$ (order 4) $\leftrightarrow$ the unique quadratic subfield,
- $G$ (order 8) $\leftrightarrow$ $\mathbb{Q}$.

There is exactly **one** subgroup of order 4 containing $H$, namely $\langle \rho^2, \sigma\rangle$. Its fixed field: $\rho^2(\gamma) = -\gamma$ fixes $\gamma^2 = \sqrt{n}$, and $\sigma$ fixes $\gamma$ hence also $\gamma^2 = \sqrt{n}$. So the fixed field is $\mathbb{Q}(\sqrt{n})$. $\quad\blacksquare$

**Step 3: Apply to both fields.**

By the Lemma:
- The unique quadratic subfield of $\mathbb{Q}(\sqrt[4]{3})$ is $\mathbb{Q}(\sqrt{3})$.
- The unique quadratic subfield of $\mathbb{Q}(\sqrt[4]{7})$ is $\mathbb{Q}(\sqrt{7})$.

These are distinct: if $\mathbb{Q}(\sqrt{3}) = \mathbb{Q}(\sqrt{7})$, then $\sqrt{3} = a + b\sqrt{7}$ for some $a,b \in \mathbb{Q}$, squaring gives $3 = a^2 + 7b^2 + 2ab\sqrt{7}$, forcing $ab = 0$; if $b=0$ then $\sqrt{3} \in \mathbb{Q}$ (impossible), if $a=0$ then $3 = 7b^2$ so $b^2 = 3/7$, not a rational square. Contradiction. Hence $\mathbb{Q}(\sqrt{3}) \neq \mathbb{Q}(\sqrt{7})$.

**Step 4: Eliminate the cases.**

- **$[K:\mathbb{Q}] = 4$:** Then $K = \mathbb{Q}(\alpha) = \mathbb{Q}(\beta)$. Their unique quadratic subfields must coincide: $\mathbb{Q}(\sqrt{3}) = \mathbb{Q}(\sqrt{7})$. Contradiction (Step 3).

- **$[K:\mathbb{Q}] = 2$:** Then $K$ is a quadratic subfield of both $\mathbb{Q}(\alpha)$ and $\mathbb{Q}(\beta)$. By uniqueness (Step 2), $K = \mathbb{Q}(\sqrt{3})$ and $K = \mathbb{Q}(\sqrt{7})$, so again $\mathbb{Q}(\sqrt{3}) = \mathbb{Q}(\sqrt{7})$. Contradiction (Step 3).

- **$[K:\mathbb{Q}] = 1$:** $K = \mathbb{Q}$. This is consistent.

**Conclusion.** The only possibility is $[K:\mathbb{Q}] = 1$, i.e.,
$$\mathbb{Q}(\sqrt[4]{3}) \cap \mathbb{Q}(\sqrt[4]{7}) = \mathbb{Q}.$$

**Method summary.** The method is: (1) use the tower law to constrain $[K:\mathbb{Q}] \in \{1,2,4\}$; (2) use Galois theory ($D_4$ Galois group of $x^4 - n$) to show each field has a *unique* quadratic subfield, $\mathbb{Q}(\sqrt{n})$; (3) observe $\mathbb{Q}(\sqrt{3}) \neq \mathbb{Q}(\sqrt{7})$; (4) eliminate the $[K:\mathbb{Q}]=4$ and $[K:\mathbb{Q}]=2$ cases by the uniqueness of the quadratic subfield, leaving only $[K:\mathbb{Q}] = 1$.

### PROOF COMPLETE
DEVIN_CLI_EXITED code=0
