Looking at this problem, I need to find the two double roots of p(x) - 1344x.

**Setup.** Since p(x) - 1344x is a quartic with two double roots u and v, and p(x) is monic (the conditions determine a unique answer only under monic, which is the standard competition convention):

$$p(x) - 1344x = (x-u)^2(x-v)^2, \quad \text{so } p(x) = (x-u)^2(x-v)^2 + 1344x.$$

**Double root condition at x = -21/4.** Since p has a double root there: p(-21/4) = 0 and p'(-21/4) = 0.

Set a = -21/4 - u, b = -21/4 - v. Then:

- **p(-21/4) = 0:** a²b² + 1344·(-21/4) = 0, so (ab)² = 7056, giving **ab = ±84**.
- **p'(-21/4) = 0:** Since p'(x) = 2(x-u)(x-v)(2x - u - v) + 1344, we get 2ab(a+b) + 1344 = 0, so **ab(a+b) = -672**.

**Case 1: ab = 84.** Then a + b = -672/84 = -8. The quadratic t² + 8t + 84 has discriminant 64 - 336 = -272 < 0, yielding complex a, b — hence complex u, v. But each root must be 1/4 less than an integer (real). **Contradiction.**

**Case 2: ab = -84.** Then a + b = -672/(-84) = 8. So a, b are roots of t² - 8t - 84 = 0, with discriminant 64 + 336 = 400 = 20². Thus:

$$a, b = \frac{8 \pm 20}{2} = 14 \text{ or } -6.$$

So {a, b} = {14, -6}, giving:

$$u = -\frac{21}{4} - 14 = -\frac{77}{4}, \qquad v = -\frac{21}{4} - (-6) = -\frac{21}{4} + \frac{24}{4} = \frac{3}{4}.$$

**Verification of the "1/4 less than an integer" condition:**
- u = 3/4 = 1 - 1/4 → 1/4 less than integer 1. ✓
- v = -77/4 = -19 - 1/4 → 1/4 less than integer -19. ✓

**Verification of the double root at -21/4:**
- p(-21/4) = (-6)²(14)² - 7056 = 36·196 - 7056 = 7056 - 7056 = 0. ✓
- p'(-21/4) = 2(-6)(14)(8) + 1344 = -1344 + 1344 = 0. ✓

**Sum:**

$$u + v = \frac{3}{4} + \left(-\frac{77}{4}\right) = -\frac{74}{4} = \boxed{-\frac{37}{2}}.$$

The two double roots are **3/4** and **-77/4**, and their sum is **-37/2**.

### PROOF COMPLETE
DEVIN_CLI_EXITED code=0
