Looking at this problem, I need to find the supremum of $m^*(f([0,1]))$ over all functions $f:[0,1]\to[0,1]$ with $f(x)-x\in\mathbb{Q}$ and $f$ constant on cosets of $\mathbb{Q}$.

## Analysis of the constraints

**Condition 2** ($x-y\in\mathbb{Q}\Rightarrow f(x)=f(y)$): $f$ is constant on each coset of $\mathbb{Q}$.

**Condition 1** ($f(x)-x\in\mathbb{Q}$): $f(x)$ lies in the same coset as $x$. Combined with $f(x)\in[0,1]$, we get $f(x)\in C\cap[0,1]$ where $C$ is $x$'s coset.

Since every coset of $\mathbb{Q}$ is dense in $\mathbb{R}$, every coset intersects $[0,1]$. So $f([0,1])$ is exactly a **Vitali-type set** $S$: one representative from each coset of $\mathbb{Q}$, chosen within $[0,1]$.

## Upper bound: $A\leq 1$

Trivial since $f([0,1])\subseteq[0,1]$, so $m^*(f([0,1]))\leq 1$.

## Lower bound: $A\geq 1$

I construct a set of representatives $S$ with $m^*(S)=1$.

**Key identity:** For $S\subseteq[0,1]$, $m^*(S)=1-m_*([0,1]\setminus S)$, where $m_*$ is inner measure. So $m^*(S)=1$ iff $[0,1]\setminus S$ contains **no measurable subset of positive measure**.

**Construction via transfinite induction.** Enumerate all Lebesgue measurable subsets of $[0,1]$ with positive measure as $\{M_\alpha:\alpha<\mathfrak{c}\}$ (there are $\mathfrak{c}$ many). Build $S=\{s_\alpha:\alpha<\mathfrak{c}\}$ as follows:

At stage $\alpha<\mathfrak{c}$:
- $M_\alpha$ has positive measure, so $|M_\alpha|=\mathfrak{c}$.
- Each coset is countable, so $M_\alpha$ intersects $\mathfrak{c}$ many distinct cosets (since $|M_\alpha|\leq\kappa\cdot\aleph_0$ requires $\kappa\geq\mathfrak{c}$).
- At most $|\alpha|<\mathfrak{c}$ cosets have been assigned representatives so far.
- Therefore there exists an **unassigned** coset $C$ intersecting $M_\alpha$.
- Choose $s_\alpha\in M_\alpha\cap C$ and assign $C$'s representative to be $s_\alpha$.

After $\mathfrak{c}$ stages: we made $\mathfrak{c}$ assignments to distinct cosets, and there are exactly $\mathfrak{c}$ cosets total, so **every coset has a representative**. The set $S=\{s_\alpha:\alpha<\mathfrak{c}\}$ intersects every measurable subset of $[0,1]$ with positive measure (by construction, $s_\alpha\in M_\alpha\cap S$ for each $\alpha$).

**Conclusion:** $[0,1]\setminus S$ contains no measurable subset of positive measure, so $m_*([0,1]\setminus S)=0$, hence:
$$m^*(S)=1-m_*([0,1]\setminus S)=1.$$

## Defining $f$

Define $f(x)=$ the unique representative of $x$'s coset in $S$. Then:
- $f(x)\in[0,1]$ ✓ (representative chosen in $C\cap[0,1]$)
- $f(x)-x\in\mathbb{Q}$ ✓ (same coset)
- $x-y\in\mathbb{Q}\Rightarrow f(x)=f(y)$ ✓ (same coset, same representative)

And $m^*(f([0,1]))=m^*(S)=1$.

## Verification that $A>0$ (consistency with given constraint)

For any valid $S$, the translates $\{S+q:q\in\mathbb{Q}\cap[-1,1]\}$ are pairwise disjoint (if $s_1+q_1=s_2+q_2$, then $s_1-s_2\in\mathbb{Q}$, so $s_1=s_2$ and $q_1=q_2$). They cover $[0,1]$ (any $x\in[0,1]$ equals $s+q$ for some $s\in S$, $q\in\mathbb{Q}\cap[-1,1]$). So:
$$1=m^*([0,1])\leq\sum_{q\in\mathbb{Q}\cap[-1,1]}m^*(S),$$
forcing $m^*(S)>0$. This confirms $0<A$, consistent with the given constraint.

## Result

$$\boxed{A=1}$$

### PROOF COMPLETE
DEVIN_CLI_EXITED code=0
