Looking at this problem, I need to find the smallest $n$ such that there exist $x_1, \dots, x_n \in (-1, 1)$ with $\sum x_i = 0$ and $\sum x_i^2 = 20$.

**Lower bound: $n \geq 22$.**

For each $x_i \in (-1, 1)$ with $x_i \neq 0$, we have $x_i^2 < |x_i|$ (since $|x_i| < 1$ implies $|x_i|^2 < |x_i|$). This inequality is strict.

Let $P = \sum_{x_i > 0} x_i$ and $N = -\sum_{x_i < 0} x_i$. The condition $\sum x_i = 0$ gives $P = N$.

Now compute:
$$\sum x_i^2 = \sum_{x_i > 0} x_i^2 + \sum_{x_i < 0} x_i^2 < \sum_{x_i > 0} x_i + \sum_{x_i < 0}(-x_i) = P + N = 2P.$$

Since $\sum x_i^2 = 20$, we get $2P > 20$, so $P > 10$.

Let $p$ = number of positive $x_i$ and $q$ = number of negative $x_i$. Since each positive $x_i < 1$:
$$P = \sum_{x_i > 0} x_i < p \cdot 1 = p,$$
so $p > 10$, hence $p \geq 11$.

Similarly, $N > 10$ and $N < q$, so $q \geq 11$.

Therefore $n \geq p + q \geq 22$ (any zeros only increase $n$).

**Construction for $n = 22$.**

Set $x_1 = \cdots = x_{11} = a$ and $x_{12} = \cdots = x_{22} = -a$, where $a = \sqrt{10/11}$.

- **Range check:** $a = \sqrt{10/11} \approx 0.9535 \in (0,1)$. ✓
- **Sum:** $11a + 11(-a) = 0$. ✓
- **Sum of squares:** $22a^2 = 22 \cdot \frac{10}{11} = 20$. ✓

All 22 readings lie strictly in $(-1, 1)$, the arithmetic sum is exactly $0$, and the sum of squares is exactly $20$.

**Conclusion.** The lower bound forces $n \geq 22$, and the explicit construction achieves $n = 22$. The smallest natural number $n$ is:

$$\boxed{22}$$

### PROOF COMPLETE
