我将直接在 TUI 中解决这个问题。让我仔细推演一下。

**答案泄漏检查：** 问题文本仅包含极限表达式和“使用夹逼定理”的指令。没有嵌入答案、没有证明草图、没有形式化注释。未检测到泄漏。

---

## 解答

我们想要计算
$$L = \lim_{x\to\infty}\left(\lim_{n\to\infty}\frac{\sum_{k=1}^n \lfloor k^2(\sin x)^x\rfloor}{n^3}\right).$$

### 第一步 — 定义域

对于实数 $x$，$(\sin x)^x$ 仅在 $\sin x \ge 0$ 时有定义（否则我们会对负数底数取无理数次幂）。因此定义域为 $D = \bigcup_{m\ge 0} [2m\pi,\,(2m+1)\pi]$，在该定义域内 $0 \le \sin x \le 1$，所以 $0 \le (\sin x)^x \le 1$。固定 $x\in D$ 并令 $a = (\sin x)^x \in [0,1]$。

### 第二步 — 通过夹逼定理求内层极限

对于每个 $k\ge 1$，下取整函数的不等式为
$$k^2 a - 1 \;<\; \lfloor k^2 a\rfloor \;\le\; k^2 a .$$

对 $k=1,\dots,n$ 求和：
$$a\sum_{k=1}^n k^2 \;-\; n \;<\; \sum_{k=1}^n \lfloor k^2 a\rfloor \;\le\; a\sum_{k=1}^n k^2 .$$

除以 $n^3$ 并使用 $\sum_{k=1}^n k^2 = \frac{n(n+1)(2n+1)}{6}$：
$$\frac{a\,n(n+1)(2n+1)}{6\,n^3} - \frac{1}{n^2} \;<\; \frac{\sum_{k=1}^n \lfloor k^2 a\rfloor}{n^3} \;\le\; \frac{a\,n(n+1)(2n+1)}{6\,n^3} .$$

当 $n\to\infty$ 时，左右两边的边界都趋近于 $\dfrac{a}{3}$（因为 $\frac{n(n+1)(2n+1)}{6n^3}\to\frac{1}{3}$ 且 $\frac{1}{n^2}\to 0$）。根据**夹逼定理**，
$$\lim_{n\to\infty}\frac{\sum_{k=1}^n \lfloor k^2(\sin x)^x\rfloor}{n^3} \;=\; \frac{a}{3} \;=\; \frac{(\sin x)^x}{3}.$$

### 第三步 — 外层极限

现在我们必须计算
$$L = \lim_{x\to\infty,\, x\in D} \frac{(\sin x)^x}{3}.$$

考虑定义域 $D$ 内趋向于 $\infty$ 的两个子序列。

**子序列 A：** $x_m = \frac{\pi}{2} + 2m\pi$。此时 $\sin x_m = 1$，因此 $(\sin x_m)^{x_m} = 1^{x_m} = 1$，得
$$\frac{(\sin x_m)^{x_m}}{3} = \frac{1}{3} \;\longrightarrow\; \frac{1}{3}.$$

**子序列 B：** $y_m = \frac{\pi}{3} + 2m\pi$。此时 $\sin y_m = \frac{\sqrt{3}}{2} \in (0,1)$，因此
$$(\sin y_m)^{y_m} = \left(\tfrac{\sqrt{3}}{2}\right)^{y_m} \;\longrightarrow\; 0 \quad\text{当 } m\to\infty,$$
得 $\frac{(\sin y_m)^{y_m}}{3} \to 0$。

### 第四步 — 结论

沿子序列 A，内层极限趋近于 $\tfrac{1}{3}$；沿子序列 B，它趋近于 $0$。由于这两个值不同，函数 $x \mapsto \frac{(\sin x)^x}{3}$ 在 $x\to\infty$（在其定义域内）时没有极限。

因此，夹逼定理成功地将内层极限计算为 $\frac{(\sin x)^x}{3}$，但**外层极限不存在**：迭代极限没有定义。

$$\boxed{\text{该极限不存在。}}$$

### 证明完成
DEVIN_CLI_EXITED code=0
