```xml
<audit>
  <analysis_result_key>2270409</analysis_result_key>
  <problem_id>oda_math_460k_00052400</problem_id>
  <audit_status>FAIL_INCOMPLETE</audit_status>
  <check_results>
    <A1>PASS: dimension1_verdict is CONNECTION_ERROR, a valid enum value.</A1>
    <A2>FAIL: dimension1_explanation is [null], empty and well below the 50-character minimum.</A2>
    <A3>PASS: dimension2_turning_point_type is "other", a valid enum value (condition for requiring it is d1=DIRECTION_ERROR/PARTIAL_PROGRESS, but the value present is valid).</A3>
    <A4>PASS: dimension2_explanation is non-empty and well over 50 characters.</A4>
    <A5>PASS: ai_direction_summary is non-empty and describes the AI's actual direction.</A5>
    <A6>PASS: standard_solution_key_technique is non-empty and specific.</A6>
    <B1>PASS: no XML tag leaks found in either explanation.</B1>
    <B2>PASS: no template placeholder leaks found in either explanation.</B2>
    <B3>FAIL: dimension1_explanation is null/empty, below the 50-character minimum.</B3>
    <C1>PASS: d1=CONNECTION_ERROR permits d2 to be null; d2 having a value is acceptable.</C1>
    <C2>FAIL: dimension1_explanation is null, so it cannot be semantically consistent with the CONNECTION_ERROR verdict.</C2>
    <C3>PASS: dimension2_explanation describes a numerical ODE stability argument that does not fit number-theoretic categories, consistent with d2=other.</C3>
    <D1>N/A — d1 is CONNECTION_ERROR/TOKEN_LIMIT</D1>
    <D2>N/A — d1 is CONNECTION_ERROR/TOKEN_LIMIT</D2>
    <D3>N/A — d1 is CONNECTION_ERROR/TOKEN_LIMIT</D3>
    <D4>N/A — d1 is CONNECTION_ERROR/TOKEN_LIMIT</D4>
    <E1>UNKNOWN — check via script</E1>
  </check_results>
  <issues_found>dimension1_explanation is null (fails A2, B3, C2); despite d1=CONNECTION_ERROR the explanation field should still be populated to describe the connection failure</issues_found>
</audit>
```

### AUDIT COMPLETE
DEVIN_CLI_EXITED code=0
