I'll solve this problem directly in my reasoning, then output the proof.

**Setting up the model.** There are 4 tanks, each initially containing $x$ liters (its full capacity). There are $n$ technicians, each carrying a catalyst bottle of $x$ liters. Each technician:
- Pumps $x/2$ liters into their primary assigned tank,
- Pumps $5$ liters into each of the other 3 tanks ($15$ liters total),
- Drains the remainder $x/2 - 15$ into the central emergency reservoir.

Let $a_i$ = number of technicians whose primary tank is tank $i$ ($i = 1,2,3,4$), with $a_i \ge 0$ integers and $\sum a_i = n$.

**Tank volumes.** Tank $i$ ends with:
$$V_i = x + a_i \cdot \frac{x}{2} + (n - a_i)\cdot 5.$$
The safety constraint is $V_i \le 3x$ for all $i$:
$$a_i\!\left(\frac{x}{2} - 5\right) \le 2x - 5n. \tag{1}$$

**Emergency reservoir.** Total drained:
$$E = n\!\left(\frac{x}{2} - 15\right) > 3x. \tag{2}$$

Non-negative remainder requires $x/2 - 15 \ge 0$, i.e., $x \ge 30$; and (2) being strict forces $x > 30$.

---

**Deriving a lower bound on $x$.** Since $x \ge 31$, we have $x/2 - 5 > 0$, so (1) gives
$$a_i \le M := \frac{4x - 10n}{x - 10}.$$
As the $a_i$ are non-negative integers summing to $n$:
$$n = \sum_{i=1}^4 a_i \le 4\lfloor M \rfloor \le 4M = \frac{4(4x - 10n)}{x-10},$$
which simplifies to
$$n \le \frac{16x}{x + 30}. \tag{3}$$
From (2): $n > \dfrac{6x}{x - 30}$. Combining with (3):
$$\frac{6x}{x - 30} < \frac{16x}{x + 30} \;\Longrightarrow\; 6(x+30) < 16(x-30) \;\Longrightarrow\; x > 60 + 30\sqrt{2} \approx 72.43,$$
so $x \ge 73$.

**Ruling out $73 \le x \le 75$ via integer feasibility.** For $x \le 75$, the lower bound gives
$$n > \frac{6x}{x-30} \ge \frac{6 \cdot 73}{43} \approx 10.19, \quad\text{so } n \ge 11.$$
Now bound $M$ from above (using $n \ge 11$):
$$M = \frac{4x - 10n}{x - 10} \le \frac{4x - 110}{x - 10}.$$
The function $(4x-110)/(x-10)$ is increasing in $x$ (derivative $70/(x-10)^2 > 0$), so for $x \le 75$:
$$M \le \frac{4\cdot 75 - 110}{75 - 10} = \frac{190}{65} \approx 2.923 < 3.$$
Hence $\lfloor M \rfloor \le 2$, giving $4\lfloor M \rfloor \le 8 < 11 \le n$ — contradicting $n \le 4\lfloor M \rfloor$. So no solution exists for $73 \le x \le 75$.

**Ruling out $x \le 72$.** For $x \le 72$, we have $x^2 - 60x - 900 \le 0$ (since $72 < 30 + 30\sqrt{2}$), which means $\frac{6x}{x-30} \ge \frac{16x}{x+30}$: the required interval for $n$ is empty. No solution.

Therefore $x \ge 76$.

---

**Exhibiting a solution for $x = 76$.** Take $n = 10$ technicians with assignment $(a_1, a_2, a_3, a_4) = (3, 3, 2, 2)$.

- Each bottle: $76$ liters. Per technician: $38$ to primary tank, $15$ to others, remainder $76 - 38 - 15 = 23$ to emergency.
- **Emergency:** $E = 10 \times 23 = 230 > 228 = 3 \times 76$. ✓
- **Tanks with $a_i = 3$:** $V = 76 + 3\cdot 38 + 7\cdot 5 = 76 + 114 + 35 = 225 \le 228$. ✓
- **Tanks with $a_i = 2$:** $V = 76 + 2\cdot 38 + 8\cdot 5 = 76 + 76 + 40 = 192 \le 228$. ✓

All constraints are satisfied with integer quantities.

---

**Conclusion.** The scenario is impossible for $x \le 75$ and achievable for $x = 76$. The minimum integer value is

$$\boxed{76}.$$

### PROOF COMPLETE
DEVIN_CLI_EXITED code=0
