## Solution

The number has **101 digits**: 50 eights, then the unknown digit $d$, then 50 nines. The first $8$ sits at place $10^{100}$, the digit $d$ sits at place $10^{50}$, and the last $9$ sits at place $10^0$.

**Decomposition.** Let
$$A = \underbrace{88\ldots8}_{50} = 8\cdot\frac{10^{50}-1}{9}, \qquad B = \underbrace{99\ldots9}_{50} = 10^{50}-1.$$
Then
$$N = A\cdot 10^{51} + d\cdot 10^{50} + B.$$

**Powers of 10 mod 7.** Since $10 \equiv 3 \pmod 7$ and $10^6 \equiv 1 \pmod 7$, the powers cycle with period 6:
$$10^1\equiv3,\; 10^2\equiv2,\; 10^3\equiv6,\; 10^4\equiv4,\; 10^5\equiv5,\; 10^6\equiv1.$$

Since $50 = 6\cdot 8 + 2$ and $51 = 6\cdot 8 + 3$:
$$10^{50} \equiv 10^2 \equiv 2 \pmod 7, \qquad 10^{51} \equiv 10^3 \equiv 6 \pmod 7.$$

**Computing $A \bmod 7$.** First $(10^{50}-1) \equiv 2-1 = 1 \pmod 7$. Since $9 \equiv 2 \pmod 7$ and the inverse of $2$ mod $7$ is $4$ (as $2\cdot4=8\equiv1$):
$$\frac{10^{50}-1}{9} \equiv 1\cdot 4 = 4 \pmod 7, \qquad A \equiv 8\cdot 4 = 32 \equiv 4 \pmod 7.$$

**Computing $B \bmod 7$.** $B = 10^{50}-1 \equiv 2-1 = 1 \pmod 7$.

**Assembling $N \bmod 7$:**
$$N \equiv A\cdot 10^{51} + d\cdot 10^{50} + B \equiv 4\cdot 6 + 2d + 1 = 25 + 2d \pmod 7.$$
Since $25 \equiv 4 \pmod 7$:
$$N \equiv 4 + 2d \pmod 7.$$

**Solving.** For divisibility by 7 we need $4 + 2d \equiv 0 \pmod 7$, i.e. $2d \equiv 3 \pmod 7$. Multiplying by the inverse of $2$ (which is $4$):
$$d \equiv 12 \equiv 5 \pmod 7.$$

Since $d$ is a single digit ($0$–$9$), the only solution is $d = 5$ (the next candidate $5+7=12$ is not a digit).

**Verification.** With $d=5$: $N \equiv 4 + 2(5) = 14 \equiv 0 \pmod 7$. ✓

**The digit that must replace the "?" is $\boxed{5}$.**

### PROOF COMPLETE
DEVIN_CLI_EXITED code=0
