Looking at this problem, I need to find the minimum number of points (at arc distances 0, 1, 2, ... from a fixed point on the unit circle) that guarantees some two are within distance 1/5.

**Setup.** The circle has radius 1, circumference 2π. Point *n* sits at angle *n* radians (mod 2π). The distance between two points is the shorter arc length between them.

**Key quantity.** Let δ = 2π − 6. Since 2π ≈ 6.2832, we have δ ≈ 0.2832.

**Three inequalities** (all follow from 3.1̄3 < π < 3.1̄6, which holds since π ≈ 3.14159):
1. δ = 2π − 6 > 1/5 (since π > 3.1).
2. 19 − 6π > 0 (since π < 19/6).
3. 19 − 6π < 1/5 (since π > 47/15).

**Positions of points 0–18.** Since 2π = 6 + δ, reducing mod 2π:

| Round | Points | Positions |
|-------|--------|-----------|
| 0 | 0–6 | 0, 1, 2, 3, 4, 5, 6 |
| 1 | 7–12 | 1−δ, 2−δ, 3−δ, 4−δ, 5−δ, 6−δ |
| 2 | 13–18 | 1−2δ, 2−2δ, 3−2δ, 4−2δ, 5−2δ, 6−2δ |

In circular order on [0, 2π) = [0, 6+δ):
$$0,\; 1{-}2\delta,\; 1{-}\delta,\; 1,\; 2{-}2\delta,\; 2{-}\delta,\; 2,\; \ldots,\; 6{-}2\delta,\; 6{-}\delta,\; 6$$

**Consecutive gaps** alternate between δ and 1−2δ (plus the wrap-around gap from 6 to 2π = 6+δ, which is δ). Since 0 < δ < 1−2δ, the **minimum gap is δ = 2π − 6 > 1/5**.

Therefore, among the first **19 points** (n = 0, ..., 18), every pair has distance ≥ δ > 1/5. No two are within 1/5.

**Adding point 19.** Its position is 19 − 3(6+δ) = 1 − 3δ = 19 − 6π ≈ 0.1504, which falls between 0 and 1−2δ. The gap from point 0 (at position 0) to point 19 (at position 1−3δ) is:

$$1 - 3\delta = 19 - 6\pi < \frac{1}{5}.$$

So points 0 and 19 are within distance 1/5.

**Conclusion.** 19 points do not suffice (all pairwise distances exceed 1/5), but 20 points guarantee a pair within 1/5. The answer is:

$$\boxed{20}$$

### PROOF COMPLETE
DEVIN_CLI_EXITED code=0
