## 解题约束（必须严格遵守）

1. **不要使用任何工具**——不要写文件、不要执行命令、不要搜索、不要浏览网页、不要读取文件。
   你只需要在TUI中用thinking来解题。所有推理过程在你的思维中完成。

2. **直接在TUI中输出证明**——不要创建任何文件，不要使用任何工具调用。
   完成证明后，在TUI中直接输出（必须用英文原文，不要翻译成中文）：

   ### PROOF COMPLETE

3. **如果你无法做出这道题**，直接说（必须用英文原文）：

   ### I CANNOT SOLVE THIS

4. **如果你发现题目中包含了答案**（答案泄漏），直接说：

   ### ANSWER LEAK DETECTED

以上是全部约束。现在请解题。

**泄漏检查：** 问题文本中不包含泄露的答案、解决方案或形式化说明。继续进行。

---

**约定：** $e(x) = e^{2\pi i x}$，且“模 $r$ 的特征”是指 Dirichlet 特征 $\psi$，即当 $\gcd(y,r)=1$ 时 $|\psi(y)|=1$，当 $\gcd(y,r)>1$ 时 $\psi(y)=0$。

---

**证明。** 我们使用加法特征的正交性来计算该和。我们有

$$
\sum_{b=1}^{r}|S(r,b,\psi)|^{2}
=\sum_{b=1}^{r}\left(\sum_{y=1}^{r}\psi(y)\,e(by/r)\right)\overline{\left(\sum_{z=1}^{r}\psi(z)\,e(bz/r)\right)}.
$$

利用 $\overline{e(bz/r)}=e(-bz/r)$ 并重新排列有限和，我们得到

$$
\sum_{b=1}^{r}|S(r,b,\psi)|^{2}
=\sum_{y=1}^{r}\sum_{z=1}^{r}\psi(y)\overline{\psi(z)}\sum_{b=1}^{r}e\!\left(\frac{b(y-z)}{r}\right).
$$

加法特征的正交性关系给出

$$
\sum_{b=1}^{r}e\!\left(\frac{b(y-z)}{r}\right)
=
\begin{cases}
r, & r\mid (y-z),\\[2pt]
0, & r\nmid (y-z).
\end{cases}
$$

由于 $1\le y,z\le r$，我们有 $|y-z|<r$，因此 $r\mid(y-z)$ 当且仅当 $y=z$。因此，内层和恰好筛选出对角项 $y=z$，得到

$$
\sum_{b=1}^{r}|S(r,b,\psi)|^{2}
= r\sum_{y=1}^{r}\psi(y)\overline{\psi(y)}
= r\sum_{y=1}^{r}|\psi(y)|^{2}.
$$

现在 $\psi$ 是模 $r$ 的 Dirichlet 特征，因此当 $\gcd(y,r)=1$ 时 $|\psi(y)|^{2}=1$，当 $\gcd(y,r)>1$ 时 $|\psi(y)|^{2}=0$。在 $y\in\{1,\dots,r\}$ 中与 $r$ 互质的整数恰好有 $\phi(r)$ 个（Euler 函数）。因此

$$
\sum_{y=1}^{r}|\psi(y)|^{2}=\phi(r),
$$

所以

$$
\boxed{\displaystyle\sum_{b=1}^{r}|S(r,b,\psi)|^{2}=r\,\phi(r).}
$$

该值与特征 $\psi$ 的选择无关。

### PROOF COMPLETE
DEVIN_CLI_EXITED code=0
