## Proof

Define the auxiliary function

$$
h(x)=\frac{f(x)-k}{x}, \qquad x\in[a,b].
$$

Since $f$ is continuously differentiable on $(0,\infty)$ and $[a,b]\subset(0,\infty)$, the function $h$ is continuous on $[a,b]$ and differentiable on $(a,b)$.

**Evaluating $h$ at the endpoints.** Using the hypothesis $f(a)=f(b)=k$:

$$
h(a)=\frac{f(a)-k}{a}=\frac{0}{a}=0, \qquad h(b)=\frac{f(b)-k}{b}=\frac{0}{b}=0.
$$

Thus $h(a)=h(b)=0$.

**Applying Rolle's Theorem.** Since $h$ is continuous on $[a,b]$, differentiable on $(a,b)$, and $h(a)=h(b)$, Rolle's Theorem guarantees the existence of a point $\xi\in(a,b)$ such that

$$
h^{\prime}(\xi)=0.
$$

**Computing $h^{\prime}$.** By the quotient rule,

$$
h^{\prime}(x)=\frac{f^{\prime}(x)\cdot x-\bigl(f(x)-k\bigr)}{x^{2}}=\frac{x\,f^{\prime}(x)-f(x)+k}{x^{2}}.
$$

Since $x^{2}>0$ on $(a,b)$, the condition $h^{\prime}(\xi)=0$ is equivalent to the numerator vanishing:

$$
\xi\,f^{\prime}(\xi)-f(\xi)+k=0.
$$

Rearranging,

$$
f(\xi)-\xi\,f^{\prime}(\xi)=k.
$$

**Conclusion.** There exists a point $\xi\in(a,b)$ such that $f(\xi)-\xi f^{\prime}(\xi)=k$, as required. $\blacksquare$

### PROOF COMPLETE
DEVIN_CLI_EXITED code=0
