## Solution

The quadratic form is $q(x) = \operatorname{tr}(x^2)$ on $V = M_n(\mathbb{R})$, with associated symmetric bilinear form

$$B(x,y) = \tfrac{1}{2}\bigl[q(x+y)-q(x)-q(y)\bigr] = \tfrac{1}{2}\operatorname{tr}(xy+yx) = \operatorname{tr}(xy).$$

**Basis and Gram matrix.** Let $E_{ij}$ denote the matrix unit with $1$ in position $(i,j)$. Then

$$B(E_{ij},E_{kl}) = \operatorname{tr}(E_{ij}E_{kl}) = \operatorname{tr}(\delta_{jk}E_{il}) = \delta_{jk}\delta_{il}.$$

This pairs $E_{ij}$ with $E_{ji}$, so we split the basis $\{E_{ij}\}$ into two classes.

**Diagonal part ($i = j$).** For each $i$,
$$q(E_{ii}) = B(E_{ii},E_{ii}) = \delta_{ii}\delta_{ii} = 1.$$
The $n$ diagonal elements $\{E_{11},\dots,E_{nn}\}$ are mutually orthogonal ($B(E_{ii},E_{jj})=\delta_{ij}\delta_{ji}=0$ for $i\neq j$) and each contributes **one positive** direction. Contribution: $n$ positive, $0$ negative.

**Off-diagonal part ($i \neq j$).** For each unordered pair $\{i,j\}$ with $i<j$, the subspace $\operatorname{span}\{E_{ij},E_{ji}\}$ has Gram matrix
$$\begin{pmatrix} B(E_{ij},E_{ij}) & B(E_{ij},E_{ji}) \\ B(E_{ji},E_{ij}) & B(E_{ji},E_{ji}) \end{pmatrix} = \begin{pmatrix} 0 & 1 \\ 1 & 0 \end{pmatrix},$$
since $B(E_{ij},E_{ij})=\operatorname{tr}(E_{ij}^2)=\delta_{ji}\operatorname{tr}(E_{ij})=0$ and $B(E_{ij},E_{ji})=\operatorname{tr}(E_{ii})=1$.

The matrix $\begin{pmatrix}0&1\\1&0\end{pmatrix}$ has eigenvalues $+1$ and $-1$, so each such 2-plane contributes **one positive and one negative** direction. There are $\binom{n}{2}=\frac{n(n-1)}{2}$ such pairs. Contribution: $\frac{n(n-1)}{2}$ positive, $\frac{n(n-1)}{2}$ negative.

**Total.** Summing both parts:

$$p = n + \frac{n(n-1)}{2} = \frac{n(n+1)}{2}, \qquad \ell = \frac{n(n-1)}{2}.$$

**Verification.** $p + \ell = \frac{n(n+1)}{2} + \frac{n(n-1)}{2} = n^2 = \dim M_n(\mathbb{R})$. ✓

For $n=1$: $q(x)=x^2$ on $\mathbb{R}$ gives $(p,\ell)=(1,0)$, matching $\bigl(\frac{1\cdot2}{2},\frac{1\cdot0}{2}\bigr)$. ✓
For $n=2$: diagonal gives $+2$, the single off-diagonal pair gives $(+1,-1)$, total $(3,1)$, matching $\bigl(\frac{2\cdot3}{2},\frac{2\cdot1}{2}\bigr)$. ✓

---

**The positive inertial index is $\dfrac{n(n+1)}{2}$ and the negative inertial index is $\dfrac{n(n-1)}{2}$.**

### PROOF COMPLETE
DEVIN_CLI_EXITED code=0
