Looking at this problem, I need to count permutations $a$ of $\{1,\ldots,n\}$ with $1\cdot a_1 \leq 2\cdot a_2 \leq \cdots \leq n\cdot a_n$.

**Small cases.** Let $f(n)$ denote the count.
- $n=1$: $(1)$ → $f(1)=1$.
- $n=2$: $(1,2),(2,1)$ → $f(2)=2$.
- $n=3$: $(1,2,3),(1,3,2),(2,1,3)$ → $f(3)=3$.
- $n=4$: $(1,2,3,4),(1,2,4,3),(1,3,2,4),(2,1,3,4),(2,1,4,3)$ → $f(4)=5$.

The sequence $1,2,3,5,\ldots$ suggests Fibonacci $F_{n+1}$. The valid permutations are exactly the **involutions that are products of disjoint adjacent transpositions** (matchings in the path graph $P_n$), whose count is $F_{n+1}$.

---

**Proof.** I establish two directions.

**Part 1: Every product of disjoint adjacent transpositions is valid.**

Let $\sigma$ be such an involution, so $\sigma(k)\in\{k-1,k,k+1\}$ for all $k$, and if $\sigma(k)=k+1$ then $\sigma(k+1)=k$ (and vice versa). I verify $k\,\sigma(k)\le(k+1)\,\sigma(k+1)$ for each adjacent pair by checking all possible cases:

- **No swap at $k$ or $k+1$:** $\sigma(k)=k,\;\sigma(k+1)=k+1$: $k^2\le(k+1)^2$. ✓
- **Swap $(k,k{+}1)$:** $\sigma(k)=k{+}1,\;\sigma(k+1)=k$: $k(k{+}1)\le(k{+}1)k$. Equality. ✓
- **Swap $(k{-}1,k)$ only:** $\sigma(k)=k{-}1,\;\sigma(k{+}1)=k{+}1$: $k(k{-}1)\le(k{+}1)^2$. ✓
- **Swap $(k{+}1,k{+}2)$ only:** $\sigma(k)=k,\;\sigma(k{+}1)=k{+}2$: $k^2\le(k{+}1)(k{+}2)$. ✓
- **Swaps $(k{-}1,k)$ and $(k{+}1,k{+}2)$:** $\sigma(k)=k{-}1,\;\sigma(k{+}1)=k{+}2$: $k(k{-}1)\le(k{+}1)(k{+}2)$. ✓
- **Overlapping swaps** (e.g., $\sigma(k)=k{+}1,\sigma(k{+}1)=k{+}2$): impossible since $k{+}1$ cannot be in two disjoint transpositions simultaneously.

All cases satisfy the condition. ✓

**Part 2: Every valid permutation is such an involution (by strong induction on $n$).**

*Base cases:* $n=1,2,3,4$ verified by enumeration above.

*Inductive step:* Let $\sigma$ be a valid permutation of $\{1,\ldots,n\}$ with $n\ge 3$. I show value $n$ can only be at position $n$ or $n-1$.

**Claim:** $\sigma(j)\neq n$ for any $j\le n-2$.

*Proof of Claim.* Suppose $\sigma(j)=n$ with $j\le n-2$. Set $b_k=k\,\sigma(k)$; then $b_j=jn$.

The $j$ values $\{1,2,\ldots,j\}$ must occupy positions other than $j$. Positions $1,\ldots,j-1$ provide only $j-1$ slots, so at least one value $v\le j$ sits at some position $p>j$. The non-decreasing condition gives $pv\ge b_j=jn$, hence $p\ge jn/v\ge jn/j=n$, forcing $p=n$. Moreover $nv\ge jn$ requires $v\ge j$, so $v=j$. Thus $\sigma(n)=j$ and all values $\{1,\ldots,j-1\}$ lie in positions $\{1,\ldots,j-1\}$.

Now $b_j=jn=b_n$, and since $b_j\le b_{j+1}\le\cdots\le b_n$, every $b_k=jn$ for $j\le k\le n$. In particular, for $k=n-1$:
$$\sigma(n-1)=\frac{jn}{n-1}.$$
This must be an integer, so $(n-1)\mid jn$. Since $\gcd(n-1,n)=1$, we need $(n-1)\mid j$. But $1\le j\le n-2<n-1$, so no positive multiple of $n-1$ is $\le n-2$. **Contradiction.** $\square$

So value $n$ is at position $n$ or $n-1$:

**Case A: $\sigma(n)=n$.** Then $b_n=n^2$. Since $\sigma(n-1)\le n-1$ (value $n$ is used), $b_{n-1}=(n-1)\sigma(n-1)\le(n-1)^2<n^2=b_n$, so the last inequality is automatic. The restriction of $\sigma$ to positions $\{1,\ldots,n-1\}$ with values $\{1,\ldots,n-1\}$ satisfies the non-decreasing condition independently. By induction, it is a product of disjoint adjacent transpositions on $\{1,\ldots,n-1\}$. Adding the fixed point $n$ preserves this structure. This contributes $f(n-1)$ permutations.

**Case B: $\sigma(n-1)=n$.** Then $b_{n-1}=(n-1)n$. The condition $b_n\ge b_{n-1}$ gives $n\,\sigma(n)\ge(n-1)n$, so $\sigma(n)\ge n-1$. Since $n$ is used, $\sigma(n)\le n-1$, forcing $\sigma(n)=n-1$. So $n$ and $n-1$ are swapped: $b_{n-1}=b_n=(n-1)n$.

For position $n-2$: $\sigma(n-2)\le n-2$ (values $n,n-1$ used), so $b_{n-2}=(n-2)\sigma(n-2)\le(n-2)^2<(n-1)n=b_{n-1}$ for $n\ge 3$. So the inequality at $n-2$ is automatic. The restriction to $\{1,\ldots,n-2\}$ is a valid permutation of $\{1,\ldots,n-2\}$, which by induction is a product of disjoint adjacent transpositions. The swap $(n-1,n)$ is an adjacent transposition disjoint from all transpositions in $\{1,\ldots,n-2\}$. This contributes $f(n-2)$ permutations.

**Recurrence:** $f(n)=f(n-1)+f(n-2)$ with $f(1)=1,\;f(2)=2$.

This is exactly the Fibonacci recurrence. With $F_1=F_2=1$, we have $f(1)=F_2=1$, $f(2)=F_3=2$, and by induction $f(n)=F_{n+1}$ for all $n\ge 1$.

---

**Conclusion.** The number of stable gear configurations is the $(n+1)$-th Fibonacci number:

$$\boxed{F_{n+1}}$$

where $F_1=F_2=1$ and $F_{k}=F_{k-1}+F_{k-2}$ for $k\ge 3$. Equivalently, $F_{n+1}=\dfrac{\phi^{n+1}-\psi^{n+1}}{\sqrt{5}}$ with $\phi=\frac{1+\sqrt5}{2},\;\psi=\frac{1-\sqrt5}{2}$.

The stable configurations are precisely the involutions that are products of disjoint adjacent transpositions of $\{1,\ldots,n\}$ — i.e., perfect and partial matchings of the path graph on $n$ vertices.

### PROOF COMPLETE
DEVIN_CLI_EXITED code=0
