```xml
<audit>
  <analysis_result_key>2270352</analysis_result_key>
  <problem_id>oda_math_460k_00054847</problem_id>
  <audit_status>PASS_NOT_SELECTABLE</audit_status>
  <check_results>
    <A1>PASS: dimension1_verdict is DIRECTION_ERROR, a valid value.</A1>
    <A2>PASS: dimension1_explanation is non-empty and well over 50 characters.</A2>
    <A3>PASS: dimension2_turning_point_type is "other", a valid value, and d1 is DIRECTION_ERROR so it is required and present.</A3>
    <A4>PASS: dimension2_explanation is non-empty and well over 50 characters.</A4>
    <A5>PASS: ai_direction_summary is non-empty and describes the AI's actual direction.</A5>
    <A6>PASS: standard_solution_key_technique is non-empty and describes the specific technique.</A6>
    <B1>PASS: No XML tag leaks found in either explanation.</B1>
    <B2>PASS: No template placeholder leaks found in either explanation.</B2>
    <B3>PASS: Both explanations are well over 50 characters.</B3>
    <C1>PASS: d1=DIRECTION_ERROR requires d2 to have a value, and d2_type/d2_exp are both present.</C1>
    <C2>PASS: d1_exp describes the AI going in a completely wrong direction (number theory instead of circle geometry), matching the DIRECTION_ERROR label.</C2>
    <C3>PASS: d2_type="other" is a catch-all, and d2_exp describes basic circle geometry formula application which is not one of the specific named techniques, so "other" is semantically consistent.</C3>
    <D1>FAIL: dimension1_explanation is over 100 characters but contains none of the required action verbs (identified, missed, explored, used, went, attempted, tried, failed, overlooked, ignored); it uses "addresses" and "engaged" instead.</D1>
    <D2>PASS: dimension2_explanation is over 100 characters and contains mathematical terms (C = 2πr, A = πr², circle geometry).</D2>
    <D3>PASS: ai_direction_summary describes the specific direction the AI took (extremal number theory about LCMs of integer sets), not just "the AI failed".</D3>
    <D4>PASS: standard_solution_key_technique describes the specific technique (circumference formula C = 2πr to recover radius, then area formula A = πr²), not a generic statement.</D4>
    <E1>UNKNOWN — check via script</E1>
  </check_results>
  <issues_found>D1 fails: dimension1_explanation lacks a required action verb from the operability list (identified, missed, explored, used, went, attempted, tried, failed, overlooked, ignored); uses "addresses"/"engaged" instead.</issues_found>
</audit>
```

### AUDIT COMPLETE
DEVIN_CLI_EXITED code=0
