```xml
<audit>
  <analysis_result_key>2270059</analysis_result_key>
  <problem_id>oda_math_460k_00010221</problem_id>
  <audit_status>PASS_SELECTABLE</audit_status>
  <check_results>
    <A1>PASS: dimension1_verdict is DIRECTION_ERROR, a valid value</A1>
    <A2>PASS: dimension1_explanation is non-empty and well over 50 characters</A2>
    <A3>PASS: d1=DIRECTION_ERROR so d2 required; dimension2_turning_point_type is "other", a valid enum value</A3>
    <A4>PASS: dimension2_explanation is non-empty and well over 50 characters</A4>
    <A5>PASS: ai_direction_summary is non-empty and descriptive</A5>
    <A6>PASS: standard_solution_key_technique is non-empty and specific</A6>
    <B1>PASS: no XML tag leaks in either explanation</B1>
    <B2>PASS: no template placeholder leaks in either explanation</B2>
    <B3>PASS: both explanations are well above 50 characters</B3>
    <C1>PASS: d1=DIRECTION_ERROR and d2 has a value, satisfying the consistency rule</C1>
    <C2>PASS: d1_exp describes working on a completely unrelated problem, matching the DIRECTION_ERROR label</C2>
    <C3>PASS: d2=other and d2_exp describes algebraic conjugate multiplication, which correctly does not fit modular/number-theory categories</C3>
    <D1>PASS: d1_exp is over 100 characters and contains the action verb "used"</D1>
    <D2>PASS: d2_exp is over 100 characters and contains mathematical terms (conjugate, cube-root, identity)</D2>
    <D3>PASS: ai_direction_summary concretely describes the AI's actual direction (perfect matchings in triangulations of a 20-gon)</D3>
    <D4>PASS: standard_solution_key_technique describes the specific two-step conjugate multiplication technique</D4>
    <E1>UNKNOWN — check via script</E1>
  </check_results>
  <issues_found>none</issues_found>
</audit>
```

### AUDIT COMPLETE
DEVIN_CLI_EXITED code=0
```xml
<audit>
  <analysis_result_key>2270059</analysis_result_key>
  <problem_id>oda_math_460k_00010221</problem_id>
  <audit_status>PASS_SELECTABLE</audit_status>
  <check_results>
    <A1>PASS: dimension1_verdict is DIRECTION_ERROR, which is a valid value.</A1>
    <A2>PASS: dimension1_explanation is non-empty and well over 50 characters.</A2>
    <A3>PASS: dimension2_turning_point_type is "other", which is in the allowed list.</A3>
    <A4>PASS: dimension2_explanation is non-empty and well over 50 characters.</A4>
    <A5>PASS: ai_direction_summary is non-empty and describes the AI's actual direction.</A5>
    <A6>PASS: standard_solution_key_technique is non-empty and describes the conjugate multiplication technique.</A6>
    <B1>PASS: No XML tag leaks found in either explanation.</B1>
    <B2>PASS: No template placeholder leaks found in either explanation.</B2>
    <B3>PASS: Both explanations are well over 50 characters.</B3>
    <C1>PASS: d1=DIRECTION_ERROR and d2 has a value ("other"), consistent with the rule.</C1>
    <C2>PASS: d1_exp describes the AI working on a completely different/unrelated problem, which matches the DIRECTION_ERROR label.</C2>
    <C3>PASS: d2_exp describes algebraic conjugate multiplication and explicitly states it does not fit modular arithmetic/number theory categories, matching the "other" label.</C3>
    <D1>PASS: d1_exp is over 100 characters and contains action verbs "considered" and "working".</D1>
    <D2>PASS: d2_exp is over 100 characters and contains mathematical terms (conjugate multiplication, cube-root, identity, rationalize).</D2>
    <D3>PASS: ai_direction_summary describes the specific direction taken (perfect matchings in triangulations of a convex 20-gon), not just "the AI failed".</D3>
    <D4>PASS: standard_solution_key_technique describes the specific two-step conjugate multiplication technique, not a generic statement.</D4>
    <E1>UNKNOWN — check via script</E1>
  </check_results>
  <issues_found>none</issues_found>
</audit>
```

### AUDIT COMPLETE
DEVIN_CLI_EXITED code=0
