I'll first check the problem for answer leaks, then solve it.

**Answer Leak Self-Check:** The problem text contains only the problem statement, no solutions, proof sketches, or answer values. No leak detected.

---

## Proof

We claim $\alpha = 1 - \dfrac{1}{n^2}$ satisfies both conditions for all $1 \le k \le n$.

### Setup

Let $\alpha = 1 - 1/n^2$. Note $\alpha \in [0,1)$ for all $n \ge 1$.

---

### Part 1: $f_\alpha^k(n^2) = n^2 - k$

We prove by induction that the iterates satisfy $x_j = f_\alpha^j(n^2) = n^2 - j$ for $0 \le j \le n$.

The key computation: for any integer $j$ with $0 \le j \le n-1$,
$$\alpha(n^2 - j) = \left(1 - \frac{1}{n^2}\right)(n^2 - j) = n^2 - j - \frac{n^2 - j}{n^2} = n^2 - j - 1 + \frac{j}{n^2}.$$

- **Case $j = 0$:** $\alpha \cdot n^2 = n^2 - 1$ exactly, so $f_\alpha(n^2) = \lfloor n^2 - 1 \rfloor = n^2 - 1$. ✓
- **Case $1 \le j \le n-1$:** Here $0 < j/n^2 < 1$ (since $1 \le j \le n-1 < n^2$ for $n \ge 2$; for $n=1$ there is no such $j$). Thus
$$n^2 - j - 1 < \alpha(n^2 - j) < n^2 - j,$$
so $f_\alpha(n^2 - j) = \lfloor \alpha(n^2-j)\rfloor = n^2 - j - 1$. ✓

By induction, $f_\alpha^k(n^2) = n^2 - k$ for all $1 \le k \le n$. $\square$

---

### Part 2: $f_{\alpha^k}(n^2) = n^2 - k$, i.e., $\lfloor \alpha^k \cdot n^2 \rfloor = n^2 - k$

We need to show for each $k \in \{1, \dots, n\}$:
$$1 - \frac{k}{n^2} \le \left(1 - \frac{1}{n^2}\right)^k < 1 - \frac{k-1}{n^2}.$$

**Lower bound.** By Bernoulli's inequality ($(1+x)^k \ge 1+kx$ for $x \ge -1$, integer $k \ge 0$), with $x = -1/n^2$:
$$\left(1 - \frac{1}{n^2}\right)^k \ge 1 - \frac{k}{n^2}. \checkmark$$

**Upper bound.** By the binomial theorem:
$$\left(1 - \frac{1}{n^2}\right)^k = \sum_{j=0}^{k} \binom{k}{j}\left(-\frac{1}{n^2}\right)^j = 1 - \frac{k}{n^2} + \sum_{j=2}^{k} (-1)^j \frac{\binom{k}{j}}{n^{2j}}.$$

Let $S = \sum_{j=2}^{k} (-1)^j \frac{\binom{k}{j}}{n^{2j}}$. The terms $a_j = \binom{k}{j}/n^{2j}$ (for $j = 2, 3, \dots, k$) are nonnegative and **decreasing**: the ratio
$$\frac{a_{j+1}}{a_j} = \frac{k-j}{(j+1)\,n^2} \le \frac{k-2}{3\,n^2} \le \frac{n-2}{3n^2} < 1 \quad \text{for } n \ge 2.$$

(For $n=1$, $k=1$ and the sum $S$ is empty, so $S=0$; the bound below holds trivially.)

Since $S$ is an alternating series with decreasing magnitudes starting from a positive term ($j=2$ gives $+\binom{k}{2}/n^4$), we have:
$$0 \le S \le \frac{\binom{k}{2}}{n^4} = \frac{k(k-1)}{2\,n^4}.$$

For $k \le n$:
$$\frac{k(k-1)}{2} \le \frac{n(n-1)}{2} < n^2,$$
so $S < \dfrac{1}{n^2}$. Therefore:
$$\left(1 - \frac{1}{n^2}\right)^k = 1 - \frac{k}{n^2} + S < 1 - \frac{k}{n^2} + \frac{1}{n^2} = 1 - \frac{k-1}{n^2}. \checkmark$$

Combining both bounds:
$$1 - \frac{k}{n^2} \le \left(1-\frac{1}{n^2}\right)^k < 1 - \frac{k-1}{n^2},$$
which gives $\lfloor \alpha^k \cdot n^2 \rfloor = n^2 - k$ for all $1 \le k \le n$. $\square$

---

### Conclusion

The choice $\boxed{\alpha = 1 - \dfrac{1}{n^2}}$ satisfies both $f_\alpha^k(n^2) = n^2 - k$ and $f_{\alpha^k}(n^2) = n^2 - k$ for every $1 \le k \le n$.

### PROOF COMPLETE
DEVIN_CLI_EXITED code=0
