## Proof

**Claim.** There do **not** exist any non-trivial $M_k(F)$-modules, other than $F^k$ itself, whose cardinality as an abelian group is strictly less than $|F|^k$.

We assume $k \geq 1$ and $F$ is a field (so $|F| \geq 2$).

---

### Step 1. $M_k(F)$ is a semisimple ring.

$M_k(F)$ is a simple ring: its only two-sided ideals are $\{0\}$ and $M_k(F)$ itself. It is Artinian (finite-dimensional over $F$, so it satisfies both ACC and DCC on left ideals). A simple Artinian ring is semisimple.

### Step 2. Every $M_k(F)$-module is semisimple.

A classical theorem states that a ring $R$ is (Artinian) semisimple if and only if every left $R$-module is semisimple, i.e., a direct sum of simple modules. Since $M_k(F)$ is semisimple, every left $M_k(F)$-module decomposes as a direct sum of simple modules.

### Step 3. $M_k(F)$ has a unique simple left module, isomorphic to $F^k$.

As a left module over itself, $M_k(F)$ decomposes into the direct sum of its $k$ columns, each isomorphic to $F^k$ (column vectors with the natural left action). Since $M_k(F)$ is a **simple** ring, it has exactly one isomorphism class of simple left module. Therefore the unique simple $M_k(F)$-module is $F^k$.

### Step 4. Structure theorem for all $M_k(F)$-modules.

Combining Steps 2 and 3, every left $M_k(F)$-module is isomorphic to
$$
(F^k)^{(I)} := \bigoplus_{i \in I} F^k
$$
for some index set $I$ (the direct sum of $|I|$ copies of $F^k$).

### Step 5. Cardinality analysis.

We compute $|(F^k)^{(I)}|$ as an abelian group and compare to $|F|^k$.

**Case A: $I = \emptyset$.** The module is $\{0\}$, the trivial (zero) module. This is excluded by the "non-trivial" requirement.

**Case B: $|I| = 1$.** The module is $F^k$, with cardinality $|F|^k$. This is the module $F^k$ itself, which is explicitly excluded.

**Case C: $|I| \geq 2$, $F$ finite.** Each copy of $F^k$ has $|F|^k$ elements (a finite number). 
- If $I$ is finite with $|I| = n \geq 2$: the direct sum is $(F^k)^n \cong F^{kn}$, with cardinality $|F|^{kn} \geq |F|^{2k} > |F|^k$ (since $|F| \geq 2$ and $k \geq 1$).
- If $I$ is infinite: the direct sum is infinite, hence $|(F^k)^{(I)}| \geq \aleph_0 > |F|^k$ (finite).

In both subcases, the cardinality **exceeds** $|F|^k$.

**Case D: $|I| \geq 2$, $F$ infinite.** Then $|F|^k = |F|$ (finite exponent $k$ over an infinite set).
- If $I$ is finite with $|I| = n \geq 2$: $|(F^k)^n| = |F|^{kn} = |F| = |F|^k$. The cardinality **equals** $|F|^k$, not strictly less.
- If $I$ is infinite: the direct sum consists of finite-support functions $I \to F^k$, so
$$
|(F^k)^{(I)}| = \max(|I|,\, |F|) \geq |F| = |F|^k.
$$
  - If $|I| \leq |F|$: cardinality $= |F| = |F|^k$ (equal).
  - If $|I| > |F|$: cardinality $= |I| > |F| = |F|^k$ (greater).

In all subcases, the cardinality is $\geq |F|^k$, never strictly less.

### Step 6. Conclusion.

In every case, for any non-trivial $M_k(F)$-module other than $F^k$ (i.e., $|I| \geq 2$), the cardinality as an abelian group is $\geq |F|^k$. It is never strictly less than $|F|^k$.

Therefore, **no** non-trivial $M_k(F)$-module other than $F^k$ has cardinality (as an abelian group) strictly less than $|F|^k$. $\blacksquare$

### PROOF COMPLETE
DEVIN_CLI_EXITED code=0
