## Solution

We seek the principal value of $(1-i)^{4i}$, which by definition uses the principal branch of the complex logarithm $\operatorname{Log}$:

$$
(1-i)^{4i} = \exp\!\big(4i\,\operatorname{Log}(1-i)\big).
$$

**Step 1: Polar form of $1-i$.** Since $1-i$ has modulus $\sqrt{2}$ and argument $-\pi/4$ (principal argument, lying in $(-\pi,\pi]$),

$$
1-i = \sqrt{2}\,e^{-i\pi/4}.
$$

**Step 2: Principal logarithm.** Therefore

$$
\operatorname{Log}(1-i) = \ln\sqrt{2} - \frac{i\pi}{4} = \frac{1}{2}\ln 2 - \frac{i\pi}{4}.
$$

**Step 3: Multiply by $4i$.**

$$
4i\,\operatorname{Log}(1-i) = 4i\!\left(\frac{1}{2}\ln 2 - \frac{i\pi}{4}\right) = 2i\ln 2 - 4i^2\cdot\frac{\pi}{4} = 2i\ln 2 + \pi.
$$

**Step 4: Exponentiate.**

$$
(1-i)^{4i} = \exp\!\big(\pi + 2i\ln 2\big) = e^{\pi}\,e^{2i\ln 2}.
$$

Using Euler's formula on the second factor,

$$
e^{2i\ln 2} = \cos(2\ln 2) + i\sin(2\ln 2).
$$

**Result.** The principal value is

$$
\boxed{(1-i)^{4i} = e^{\pi}\,e^{2i\ln 2} = e^{\pi}\big(\cos(2\ln 2) + i\sin(2\ln 2)\big).}
$$

### PROOF COMPLETE
DEVIN_CLI_EXITED code=0
