# Evaluation of $\displaystyle\int_{-\infty}^{\infty}\frac{1-\cos x}{x^2}\,dx$

## Step 1. The principal value equals the ordinary integral

The integrand $f(x)=\dfrac{1-\cos x}{x^2}$ has a removable singularity at $x=0$ (since $1-\cos x\sim \tfrac{x^2}{2}$, so $f(x)\to \tfrac12$), and $|f(x)|\le \tfrac{2}{x^2}$ for $|x|\ge 1$. Hence $f$ is continuous on $\mathbb{R}$ and absolutely integrable, so the Cauchy principal value coincides with the ordinary improper integral:
$$I=\int_{-\infty}^{\infty}\frac{1-\cos x}{x^2}\,dx.$$

## Step 2. Integration by parts reduces to the Dirichlet integral

Set $u=1-\cos x$ and $dv=x^{-2}\,dx$, so $du=\sin x\,dx$ and $v=-1/x$. Over $[-R,-\varepsilon]\cup[\varepsilon,R]$ (and then $\varepsilon\to0$, $R\to\infty$),
$$\int_{\varepsilon\le|x|\le R}\frac{1-\cos x}{x^2}\,dx=\left[-\frac{1-\cos x}{x}\right]_{-R}^{-\varepsilon}+\left[-\frac{1-\cos x}{x}\right]_{\varepsilon}^{R}+\int_{\varepsilon\le|x|\le R}\frac{\sin x}{x}\,dx.$$

The boundary terms vanish:
- As $|x|\to\infty$: $\left|\frac{1-\cos x}{x}\right|\le\frac{2}{|x|}\to0$.
- As $x\to0$: $\frac{1-\cos x}{x}\sim\frac{x}{2}\to0$.

Therefore
$$I=\int_{-\infty}^{\infty}\frac{\sin x}{x}\,dx.$$

## Step 3. The Dirichlet integral $\displaystyle\int_{-\infty}^{\infty}\frac{\sin x}{x}\,dx=\pi$

It suffices to show $\displaystyle\int_{0}^{\infty}\frac{\sin x}{x}\,dx=\frac{\pi}{2}$, since $\frac{\sin x}{x}$ is even.

**Laplace/Feynman regularization.** For $a>0$ define
$$F(a)=\int_{0}^{\infty}\frac{\sin x}{x}\,e^{-ax}\,dx.$$

*Differentiation under the integral sign.* For $a>0$ the integrand $e^{-ax}\sin x$ is dominated by $e^{-ax}\in L^1([0,\infty))$, so
$$F'(a)=-\int_{0}^{\infty}e^{-ax}\sin x\,dx=-\frac{1}{a^{2}+1},$$
using the standard Laplace transform $\displaystyle\int_{0}^{\infty}e^{-ax}\sin x\,dx=\frac{1}{a^{2}+1}$ (obtained by integrating $\operatorname{Im}\int_0^\infty e^{-(a-i)x}dx=\operatorname{Im}\frac{1}{a-i}=\frac{1}{a^2+1}$).

Hence $F(a)=-\arctan a+C$ for some constant $C$.

*Determining $C$.* As $a\to+\infty$, $|F(a)|\le\int_0^\infty e^{-ax}\,dx=\frac1a\to0$, so $0=-\frac{\pi}{2}+C$, giving $C=\frac{\pi}{2}$. Thus
$$F(a)=\frac{\pi}{2}-\arctan a,\qquad a>0.$$

*Taking $a\to0^{+}$.* The improper integral $\int_0^\infty\frac{\sin x}{x}\,dx$ converges (by Dirichlet's test: $\sin x$ has bounded primitive and $1/x\downarrow 0$). For an Abel-summable convergent integral, the Abel means converge to the same limit:
$$\int_0^\infty\frac{\sin x}{x}\,dx=\lim_{a\to0^+}F(a)=\frac{\pi}{2}-\arctan 0=\frac{\pi}{2}.$$

(Concretely, $\int_0^A\frac{\sin x}{x}(1-e^{-ax})dx\to0$ as $a\to0$ for each fixed $A$ by dominated convergence on $[0,A]$, and $\int_A^\infty\frac{\sin x}{x}e^{-ax}dx$ is uniformly small in $a\ge0$ for large $A$ by the second mean value theorem / integration by parts, since $\int_A^B\sin x\,dx$ is bounded.)

Therefore
$$\int_{-\infty}^{\infty}\frac{\sin x}{x}\,dx=2\cdot\frac{\pi}{2}=\pi.$$

## Conclusion

Combining Steps 2 and 3,
$$\boxed{\,\text{P.V.}\!\int_{-\infty}^{\infty}\frac{1-\cos x}{x^2}\,dx=\pi\,}.$$

### PROOF COMPLETE
DEVIN_CLI_EXITED code=0
