Looking at this problem, I need to determine whether the j-th derivatives of f_n(x) = ∏_{k=2}^n (1 - x/k) converge to 0 for all x ∈ (0,2) and all integers j ≥ 0.

**Answer: Yes, the limit is 0 for all x ∈ (0,2) and all j ≥ 0.**

## Proof

**Step 1: Closed form via the Gamma function.**

$$f_n(x) = \prod_{k=2}^n \frac{k-x}{k} = \frac{\prod_{k=2}^n (k-x)}{n!} = \frac{\Gamma(n+1-x)}{\Gamma(2-x)\,\Gamma(n+1)}.$$

Setting $g_n(x) = \Gamma(n+1-x)/\Gamma(n+1)$ and $h(x) = 1/\Gamma(2-x)$, we have $f_n(x) = g_n(x)\,h(x)$.

**Step 2: Asymptotic behavior of $f_n(x)$.**

By the standard Stirling-type asymptotic $\Gamma(n+a)/\Gamma(n+b) \sim n^{a-b}$, with $a = 1-x$, $b = 1$:

$$f_n(x) = \frac{g_n(x)}{\Gamma(2-x)} \sim \frac{n^{-x}}{\Gamma(2-x)}, \qquad n \to \infty.$$

For $x \in (0,2)$, $n^{-x} \to 0$, confirming $\lim f_n(x) = 0$.

**Step 3: Logarithmic derivatives.**

Set $L_n(x) = \log f_n(x) = \sum_{k=2}^n \log(1 - x/k)$. For $m \geq 1$:

$$L_n^{(m)}(x) = \sum_{k=2}^n \frac{d^m}{dx^m}\log(1-x/k) = -(m-1)!\sum_{k=2}^n \frac{1}{(k-x)^m}.$$

Key estimates:
- **$m = 1$:** $\displaystyle L_n'(x) = -\sum_{k=2}^n \frac{1}{k-x} = -\log n + O(1)$, since the sum is harmonic-like.
- **$m \geq 2$:** $\displaystyle L_n^{(m)}(x) = -(m-1)!\sum_{k=2}^n \frac{1}{(k-x)^m} = O(1)$, since $\sum_{k=2}^\infty 1/k^m$ converges for $m \geq 2$.

**Step 4: Derivatives via the Bell polynomial.**

By the Faà di Bruno formula (exponential form), since $f_n = e^{L_n}$:

$$f_n^{(j)}(x) = f_n(x)\cdot B_j\!\big(L_n'(x),\, L_n''(x),\, \ldots,\, L_n^{(j)}(x)\big),$$

where $B_j$ is the complete exponential Bell polynomial. Each monomial in $B_j$ is a product $\prod_i L_n^{(m_i)}$ with $\sum m_i = j$.

The **dominant term** is $(L_n')^j \sim (\log n)^j$. Every other monomial contains at least one factor $L_n^{(m)}$ with $m \geq 2$ (which is $O(1)$), leaving at most $j - 2$ factors of $L_n'$, hence is $O((\log n)^{j-2})$. Therefore:

$$B_j\!\big(L_n'(x), \ldots, L_n^{(j)}(x)\big) = O\!\big((\log n)^j\big).$$

**Step 5: Conclusion.**

Combining Steps 2 and 4:

$$\left|f_n^{(j)}(x)\right| = \left|f_n(x)\right| \cdot O\!\big((\log n)^j\big) = O\!\big(n^{-x}(\log n)^j\big).$$

For any fixed $x \in (0,2)$ (so $x > 0$) and any fixed $j \geq 0$, the polynomial growth $(\log n)^j$ is dominated by the power decay $n^{-x}$:

$$n^{-x}(\log n)^j \longrightarrow 0 \qquad (n \to \infty).$$

Therefore:

$$\boxed{\lim_{n\to\infty} f_n^{(j)}(x) = 0 \quad \text{for all } x \in (0,2) \text{ and all integers } j \geq 0.}$$

### PROOF COMPLETE
DEVIN_CLI_EXITED code=0
