# 解题约束（必须严格遵守）

1. **不要使用任何工具**——不要写文件、不要执行命令、不要搜索、不要浏览网页、不要读取文件。
   你只需要在TUI中用thinking来解题。所有推理过程在你的思维中完成。

2. **直接在TUI中输出证明**——不要创建任何文件，不要使用任何工具调用。
   完成证明后，在TUI中直接输出（必须用英文原文，不要翻译成中文）：

   ### PROOF COMPLETE

3. **如果你无法做出这道题**，直接说（必须用英文原文）：

   ### I CANNOT SOLVE THIS

4. **如果你发现题目中包含了答案**（答案泄漏），直接说：

   ### ANSWER LEAK DETECTED

以上是全部约束。现在请解题。

**答案泄露自检：** 问题文本仅包含问题陈述，不包含任何泄露的答案、解决方案或证明草图。未检测到泄露。

---

**定理。** 在不假设大基数的情况下，ZFC 可证明满足 $\kappa^{<\kappa} = \kappa$ 的最小基数 $\kappa$ 为 $\kappa = \aleph_0$。

**证明。**

我们将其分为两部分：(A) ZFC 可证明 $\aleph_0^{<\aleph_0} = \aleph_0$；(B) 对于每个不可数基数 $\kappa$，ZFC *无法*证明 $\kappa^{<\kappa}=\kappa$，因为存在一个 ZFC 模型（通过不涉及大基数的力迫法获得），在该模型中 $\kappa^{<\kappa} > \kappa$。

---

**A 部分：$\aleph_0^{<\aleph_0} = \aleph_0$。**

根据定义，
$$\aleph_0^{<\aleph_0} = \sup\{\aleph_0^\lambda : \lambda < \aleph_0\} = \sup\{\aleph_0^n : n < \omega\}.$$

对于 $n = 0$：$\aleph_0^0 = 1$。对于每个有限数 $n \ge 1$：$\aleph_0^n = \aleph_0$，因为 $\omega^n$ 与 $\omega$ 等势（有限个可数集的笛卡尔积是可数的——这是 ZFC 中的一个标准定理，通过对 $n$ 进行归纳证明，利用 $\omega \times \omega \approx \omega$）。

因此
$$\aleph_0^{<\aleph_0} = \sup\{1, \aleph_0, \aleph_0, \aleph_0, \dots\} = \aleph_0. \qquad\checkmark$$

---

**B 部分：对于每个不可数基数 $\kappa$，ZFC 无法证明 $\kappa^{<\kappa} = \kappa$。**

设 $\kappa$ 为任意不可数基数。我们将构建一个满足 ZFC 的模型，在该模型中 $\kappa^{<\kappa} > \kappa$，且不使用任何大基数假设。由于 ZFC 的定理在每个模型中都成立，因此单一的反例模型即可证明 ZFC 无法推导出 $\kappa^{<\kappa} = \kappa$。

从满足 ZFC + GCH 的地基模型 $V$ 开始（GCH 与 ZFC 相对协调，这由 Gödel 的可构成宇宙 $L$ 建立，无需大基数）。在 $V$ 中，$\kappa$ 是一个不可数基数。

**力迫构造。** 设 $\mathbb{P}$ 为通过有限偏函数 $\operatorname{Fn}(\kappa^+ \times \omega, 2)$ 添加 $\kappa^+$ 个 Cohen 实的偏序集。这是 ccc（满足可数链条件）的，因此它保持了所有基数和共尾性。在泛型扩张 $V[G]$ 中：
- $\mathbb{P}$ 是 ccc 的且具有大小 $\kappa^+$，因此它保持了 $\kappa$ 作为基数。
- 添加了 $\kappa^+$ 个新的 Cohen 实，且 $V[G]$ 中的连续统为 $2^{\aleph_0} \ge \kappa^+$（事实上，由于 $|\mathbb{P}| = \kappa^+$ 且 $\mathbb{P}$ 是 ccc 的，在 $V[G]$ 中 $2^{\aleph_0} = \kappa^+$）。

现在在 $V[G]$ 中：
$$\kappa^{<\kappa} \ge \kappa^{\aleph_0} \ge 2^{\aleph_0} = \kappa^+ > \kappa.$$

第一个不等式成立是因为 $\aleph_0 < \kappa$（因为 $\kappa$ 是不可数的），所以 $\aleph_0$ 出现在取上确界的基数 $\lambda < \kappa$ 中。第二个不等式 $κ^{\aleph_0} \ge 2^{\aleph_0}$ 成立是因为每个实数（$\omega$ 的元素序列 $2$）都可以被视为一个从 $\omega$ 到 $\kappa$ 的函数（通过包含 $2 \hookrightarrow \kappa$），因此 $2^{\aleph_0} \le \kappa^{\aleph_0}$。

因此，在 $V[G]$ 中，$\kappa^{<\kappa} \ge \kappa^+ > \kappa$，即 $\kappa^{<\kappa} \ne \kappa$。

**无需大基数。** 整个构造仅使用了 ZFC + GCH（通过 $L$ 与 ZFC 相对协调，无需大基数）和 Cohen 力迫（一种标准的 ZFC 技术）。没有假设任何不可达基数、可测基数或任何其他大基数。

由于对于每个不可数基数 $\kappa$，都存在一个满足 ZFC 的模型（无需大基数），在该模型中 $\kappa^{<\kappa} > \kappa$，因此 ZFC 无法证明对于任何不可数基数 $\kappa$ 都有 $\kappa^{<\kappa} = \kappa$。

---

**结论。**

结合 A 部分和 B 部分：
- $\aleph_0$ 满足 $\aleph_0^{<\aleph_0} = \aleph_0$，且这是在 ZFC 中可证明的（无需大基数）。
- 没有不可数基数 $\kappa$ 在 ZFC 中可证明地满足 $\kappa^{<\kappa} = \kappa$；对于每个不可数基数 $\kappa$，都存在一个满足 ZFC 的模型（无需大基数），在该模型中该等式失效。

因此，在没有大基数假设的 ZFC 模型中，满足 $\kappa^{<\kappa} = \kappa$ 的最小基数 $\kappa$ 为：

$$\boxed{\kappa = \aleph_0.}$$

### 证明完成
DEVIN_CLI_EXITED code=0
