Looking at this problem, I need to determine whether the positive part map $A \mapsto A_+$ is $\sigma$-weakly continuous on a von Neumann algebra. I'll construct an explicit counterexample.

## Proof

**Claim:** No. There exists a von Neumann algebra $M$ and a net (sequence) $\{A_n\}$ of self-adjoint elements with $A_n \to 0$ $\sigma$-weakly, but $(A_n)_+ \not\to 0$ $\sigma$-weakly.

**Setup.** Let $M = B(\ell^2(\mathbb{Z}))$ and let $U$ be the bilateral shift, $Ue_k = e_{k+1}$. Then $U$ is unitary. Define
$$A_n = U^n + U^{-n}, \quad n \geq 1.$$
Each $A_n$ is self-adjoint since $(U^n)^* = U^{-n}$.

**Step 1: $A_n \to 0$ $\sigma$-weakly.**

The $\sigma$-weak topology on $B(\ell^2(\mathbb{Z}))$ is the weak* topology $\sigma(B(H), \mathcal{T}(H))$ where $\mathcal{T}(H)$ is the ideal of trace-class operators. For any rank-one operator $|f\rangle\langle g|$ with $f, g \in \ell^2(\mathbb{Z})$:
$$\operatorname{tr}(|f\rangle\langle g| \, U^n) = \langle g, U^n f\rangle = \sum_{k} \bar{g}_k \, f_{k-n} \to 0 \quad \text{as } n \to \infty,$$
by the Cauchy–Schwarz inequality (the tail of an $\ell^2$ sequence vanishes). Since $\|U^n\| = 1$ and rank-one operators are dense in $\mathcal{T}(H)$, it follows that $\operatorname{tr}(T\, U^n) \to 0$ for every trace-class $T$. Likewise $\operatorname{tr}(T\, U^{-n}) \to 0$. Hence
$$\operatorname{tr}(T\, A_n) = \operatorname{tr}(T\, U^n) + \operatorname{tr}(T\, U^{-n}) \to 0,$$
so $A_n \to 0$ $\sigma$-weakly. $\checkmark$

**Step 2: Fourier transform identification.**

Via the unitary Fourier transform $\mathcal{F}: \ell^2(\mathbb{Z}) \to L^2(\mathbb{T})$ (where $\mathbb{T} = [0,2\pi)$ with normalized measure $d\theta/2\pi$), the bilateral shift $U$ is unitarily equivalent to multiplication by $e^{i\theta}$:
$$\mathcal{F}\, U\, \mathcal{F}^* = M_{e^{i\theta}}.$$
Under this equivalence:
- $A_n$ becomes multiplication by $e^{in\theta} + e^{-in\theta} = 2\cos(n\theta)$.
- By the Borel functional calculus, the positive part $(A_n)_+$ becomes multiplication by
$$g_n(\theta) := \max\bigl(2\cos(n\theta),\, 0\bigr).$$

**Step 3: $g_n \to \frac{2}{\pi}$ weak* in $L^\infty(\mathbb{T})$.**

Let $g(\phi) = \max(2\cos\phi, 0)$, so $g_n(\theta) = g(n\theta)$. The function $g$ is $2\pi$-periodic with Fourier series $g(\phi) = \sum_{m \in \mathbb{Z}} \hat{g}(m)\, e^{im\phi}$, where
$$\hat{g}(0) = \frac{1}{2\pi}\int_0^{2\pi} g(\phi)\,d\phi = \frac{1}{2\pi}\int_{-\pi/2}^{\pi/2} 2\cos\phi\, d\phi = \frac{2}{\pi}.$$

Then $g_n(\theta) = g(n\theta) = \sum_m \hat{g}(m)\, e^{imn\theta}$, so the $k$-th Fourier coefficient of $g_n$ is:
$$\widehat{g_n}(k) = \begin{cases} \hat{g}(k/n) & \text{if } n \mid k, \\ 0 & \text{if } n \nmid k. \end{cases}$$

For any fixed $k \neq 0$, once $n > |k|$ we have $n \nmid k$, so $\widehat{g_n}(k) = 0$ for all sufficiently large $n$. Meanwhile $\widehat{g_n}(0) = \hat{g}(0) = \frac{2}{\pi}$ for all $n$. Therefore:
$$\widehat{g_n}(k) \to \begin{cases} \frac{2}{\pi} & k = 0, \\ 0 & k \neq 0, \end{cases}$$
which are exactly the Fourier coefficients of the constant function $\frac{2}{\pi}$. Since trigonometric polynomials are dense in $L^1(\mathbb{T})$ and $\|g_n\|_\infty \leq 2$ is uniformly bounded, we conclude
$$g_n \xrightarrow{w^*} \frac{2}{\pi} \quad \text{in } L^\infty(\mathbb{T}).$$

**Step 4: $(A_n)_+ \to \frac{2}{\pi} I$ $\sigma$-weakly.**

The $\sigma$-weak convergence of multiplication operators on $L^2(\mathbb{T})$ is equivalent to weak* convergence of their symbols in $L^\infty(\mathbb{T})$: $M_{f_n} \to M_f$ $\sigma$-weakly iff $\int f_n \psi \, d\theta \to \int f \psi\, d\theta$ for all $\psi \in L^1(\mathbb{T})$. (This follows because rank-one operators $|h\rangle\langle k|$ with $h, k \in L^2$ give $\operatorname{tr}(|h\rangle\langle k|\, M_f) = \int f\, h\bar{k}\, d\theta$, the products $h\bar{k}$ span a dense subspace of $L^1$, and $\|M_{f_n}\|$ is uniformly bounded.)

By Step 3, $g_n \to \frac{2}{\pi}$ weak* in $L^\infty$, so
$$(A_n)_+ \to \frac{2}{\pi}\, I \quad \sigma\text{-weakly}.$$

**Conclusion.** We have $A_n \to 0$ $\sigma$-weakly but $(A_n)_+ \to \frac{2}{\pi} I \neq 0$ $\sigma$-weakly. Therefore, the positive part map $A \mapsto A_+$ is **not** $\sigma$-weakly continuous, and convergence of $A_\alpha$ to $0$ in the $\sigma$-weak topology does **not** imply convergence of $(A_\alpha)_+$ to $0$.

The essential reason is that the positive part involves the functional calculus $A \mapsto |A| = (A^2)^{1/2}$, which requires taking a square root—a nonlinear operation that is not continuous with respect to the weak* ($\sigma$-weak) topology. In the counterexample, $A_n$ oscillates rapidly between positive and negative values; while these oscillations average to zero (giving $A_n \to 0$), the positive part $(A_n)_+$ clips the negative portions, destroying the cancellation and leaving a nonzero average $\frac{2}{\pi}$.

### PROOF COMPLETE
DEVIN_CLI_EXITED code=0
