Looking at this problem, I need to find $r_n$, the maximal radius of $n$ congruent circles packable into a unit circle. The exact computation for general $n$ is a famous open problem in discrete geometry (exact values known only for small $n$). I'll establish the asymptotics.

## Proof

**Setup.** Packing $n$ congruent circles of radius $r$ into a unit circle (radius 1) is equivalent to placing $n$ points $p_1, \dots, p_n$ in the closed disk $\overline{D}(0, 1-r)$ with pairwise distances $|p_i - p_j| \geq 2r$.

---

### Upper Bound

We use **Oler's inequality** (1961): if $m$ points with pairwise distances $\geq 1$ are placed in a convex region $K$ with area $A$ and perimeter $P$, then
$$m \leq \frac{2}{\sqrt{3}}\,A + \frac{1}{2}\,P + 1.$$

Apply this to our configuration by scaling: divide all distances by $2r$ so the minimum distance becomes 1. The container $D(0,1-r)$ becomes $D\!\left(0, \tfrac{1-r}{2r}\right)$ with
$$A = \frac{\pi(1-r)^2}{4r^2}, \qquad P = \frac{\pi(1-r)}{r}.$$

Oler's inequality gives:
$$n \leq \frac{2}{\sqrt{3}} \cdot \frac{\pi(1-r)^2}{4r^2} + \frac{1}{2}\cdot\frac{\pi(1-r)}{r} + 1 = \frac{\pi(1-r)^2}{2\sqrt{3}\,r^2} + \frac{\pi(1-r)}{2r} + 1.$$

Expanding for $r \to 0$:
$$n \leq \frac{\pi}{2\sqrt{3}\,r^2}\!\left(1 - 2r + O(r^2)\right) + \frac{\pi}{2r}\!\left(1 + O(r)\right) + 1 = \frac{\pi}{2\sqrt{3}\,r^2} + \frac{c_1}{r} + O(1),$$
where $c_1 = \pi\!\left(\tfrac{1}{2} - \tfrac{1}{\sqrt{3}}\right) < 0$ since $\sqrt{3} < 2$.

The dominant term is $\frac{\pi}{2\sqrt{3}\,r^2}$, so:
$$n \leq \frac{\pi}{2\sqrt{3}\,r^2}\bigl(1 + O(r)\bigr) \implies r^2 \leq \frac{\pi}{2\sqrt{3}\,n}\bigl(1 + O(r)\bigr).$$

Since $r = \Theta(n^{-1/2})$, we get $O(r) = O(n^{-1/2})$, hence:
$$r_n \leq \sqrt{\frac{\pi}{2\sqrt{3}}}\; n^{-1/2}\!\left(1 + O(n^{-1/2})\right).$$

---

### Lower Bound

Construct an explicit packing using a **triangular (hexagonal) lattice** with spacing $2r$. Place all lattice points that fall inside $D(0, 1-r)$; any two such points have distance $\geq 2r$, and each is at distance $\leq 1-r$ from the origin, so the circles of radius $r$ fit inside the unit circle.

The number of lattice points inside $D(0, 1-r)$ is:
$$n \geq \frac{\text{area of } D(0,1-r)}{\text{area per lattice point}} - O\!\left(\frac{\text{perimeter}}{\text{spacing}}\right) = \frac{\pi(1-r)^2}{2\sqrt{3}\,r^2} - O\!\left(\frac{1}{r}\right).$$

(The area per point of a triangular lattice with spacing $s$ is $\frac{\sqrt{3}}{2}s^2 = 2\sqrt{3}\,r^2$; the boundary correction is $O(1/r)$ since the perimeter is $O(1)$ and the spacing is $O(r)$.)

Thus:
$$n \geq \frac{\pi}{2\sqrt{3}\,r^2}\bigl(1 + O(r)\bigr).$$

For a given $n$, choose $r$ so that the right side equals $n$:
$$r \geq \sqrt{\frac{\pi}{2\sqrt{3}\,n}}\!\left(1 + O(n^{-1/2})\right).$$

---

### Conclusion

Combining the upper and lower bounds:

$$\boxed{r_n \sim \sqrt{\frac{\pi}{2\sqrt{3}}}\;\cdot\;\frac{1}{\sqrt{n}} \quad \text{as } n \to \infty.}$$

The constant is $\sqrt{\frac{\pi}{2\sqrt{3}}} \approx 0.9523$, which is the square root of the planar hexagonal packing density $\delta = \frac{\pi}{2\sqrt{3}} \approx 0.9069$. This reflects the fundamental fact that, asymptotically, the densest packing of equal circles in a large region is the hexagonal packing (Thue's theorem), and the boundary effects of the circular container become negligible as $n \to \infty$.

**Remark.** The exact value $r_n$ is known only for small $n$ (e.g., $r_1 = 1$, $r_2 = \tfrac{1}{2}$, $r_3 = 2\sqrt{3}-3$, etc.) and the general problem remains open. The asymptotic above is the complete answer to the tractable part of the problem.

### PROOF COMPLETE
DEVIN_CLI_EXITED code=0
