Error: Agent error: Permission denied: Permission denied: Reached overall message rate limit. Please try again later. Your limit will reset in 53 minutes. (trace ID: 0903f348a542a43d1fd10b8cd22bcb69): {
  "cognition.ai/errorKind": "internal",
  "cognition.ai/retryable": true
}
DEVIN_CLI_EXITED code=1
Error: Agent error: Permission denied: Permission denied: Reached overall message rate limit. Please try again later. Your limit will reset in 50 minutes. (trace ID: d7284fbe6f926e14e1da7456efc7a33d): {
  "cognition.ai/errorKind": "internal",
  "cognition.ai/retryable": true
}
DEVIN_CLI_EXITED code=1
Error: Agent error: Permission denied: Permission denied: Reached overall message rate limit. Please try again later. Your limit will reset in 48 minutes. (trace ID: b32defd4443483cc21ff2771814920b5): {
  "cognition.ai/errorKind": "internal",
  "cognition.ai/retryable": true
}
DEVIN_CLI_EXITED code=1
Error: Agent error: Permission denied: Permission denied: Reached overall message rate limit. Please try again later. Your limit will reset in 46 minutes. (trace ID: 36cea652ecf4f7c11d575e503fb609fa): {
  "cognition.ai/errorKind": "internal",
  "cognition.ai/retryable": true
}
DEVIN_CLI_EXITED code=1
Error: Agent error: Permission denied: Permission denied: Reached overall message rate limit. Please try again later. Your limit will reset in 44 minutes. (trace ID: 890b6012cb52a6a741ade0accbaef3c2): {
  "cognition.ai/errorKind": "internal",
  "cognition.ai/retryable": true
}
DEVIN_CLI_EXITED code=1
Error: Agent error: Permission denied: Permission denied: Reached overall message rate limit. Please try again later. Your limit will reset in 42 minutes. (trace ID: 1c74fa435b13a2135ff52a9e341b710a): {
  "cognition.ai/errorKind": "internal",
  "cognition.ai/retryable": true
}
DEVIN_CLI_EXITED code=1
Error: Agent error: Permission denied: Permission denied: Reached overall message rate limit. Please try again later. Your limit will reset in 40 minutes. (trace ID: 9ca2140aa5bce5dd5abc9246d969f7a0): {
  "cognition.ai/errorKind": "internal",
  "cognition.ai/retryable": true
}
DEVIN_CLI_EXITED code=1
Error: Agent error: Permission denied: Permission denied: Reached overall message rate limit. Please try again later. Your limit will reset in 38 minutes. (trace ID: d75aa7d0df8291798da2e41c7f49f923): {
  "cognition.ai/errorKind": "internal",
  "cognition.ai/retryable": true
}
DEVIN_CLI_EXITED code=1
Error: Agent error: Permission denied: Permission denied: Reached overall message rate limit. Please try again later. Your limit will reset in 36 minutes. (trace ID: 7d9e0878cc01f939d5ea15a08eaa7190): {
  "cognition.ai/errorKind": "internal",
  "cognition.ai/retryable": true
}
DEVIN_CLI_EXITED code=1
Error: Agent error: Permission denied: Permission denied: Reached overall message rate limit. Please try again later. Your limit will reset in 34 minutes. (trace ID: 3762e6f7cabf6fecb09735fd073509c3): {
  "cognition.ai/errorKind": "internal",
  "cognition.ai/retryable": true
}
DEVIN_CLI_EXITED code=1
Error: Agent error: Permission denied: Permission denied: Reached overall message rate limit. Please try again later. Your limit will reset in 32 minutes. (trace ID: 818eef450c0c135f6bd3279d81894e17): {
  "cognition.ai/errorKind": "internal",
  "cognition.ai/retryable": true
}
DEVIN_CLI_EXITED code=1
Error: Agent error: Permission denied: Permission denied: Reached overall message rate limit. Please try again later. Your limit will reset in 30 minutes. (trace ID: 964a9063ba34375b2e633a7d8f66fab6): {
  "cognition.ai/errorKind": "internal",
  "cognition.ai/retryable": true
}
DEVIN_CLI_EXITED code=1
Error: Agent error: Permission denied: Permission denied: Reached overall message rate limit. Please try again later. Your limit will reset in 28 minutes. (trace ID: 59ca17376066a4d86252f980b7a61564): {
  "cognition.ai/errorKind": "internal",
  "cognition.ai/retryable": true
}
DEVIN_CLI_EXITED code=1
Error: Agent error: Permission denied: Permission denied: Reached overall message rate limit. Please try again later. Your limit will reset in 26 minutes. (trace ID: e485d5fd517a97dbec9b3bd61f23b025): {
  "cognition.ai/errorKind": "internal",
  "cognition.ai/retryable": true
}
DEVIN_CLI_EXITED code=1
Error: Agent error: Permission denied: Permission denied: Reached overall message rate limit. Please try again later. Your limit will reset in 24 minutes. (trace ID: 4d4099cd1ce9f538993b27115dde85df): {
  "cognition.ai/errorKind": "internal",
  "cognition.ai/retryable": true
}
DEVIN_CLI_EXITED code=1
Error: Agent error: Permission denied: Permission denied: Reached overall message rate limit. Please try again later. Your limit will reset in 22 minutes. (trace ID: 2a3070eff1455046a5cacfc6c0391bbe): {
  "cognition.ai/errorKind": "internal",
  "cognition.ai/retryable": true
}
DEVIN_CLI_EXITED code=1
Error: Agent error: Permission denied: Permission denied: Reached overall message rate limit. Please try again later. Your limit will reset in 20 minutes. (trace ID: d7558ba67260a4589200e553b50f4051): {
  "cognition.ai/errorKind": "internal",
  "cognition.ai/retryable": true
}
DEVIN_CLI_EXITED code=1
Error: Agent error: Permission denied: Permission denied: Reached overall message rate limit. Please try again later. Your limit will reset in 18 minutes. (trace ID: 3d946cc98c5db6095740aa25a6726b7c): {
  "cognition.ai/errorKind": "internal",
  "cognition.ai/retryable": true
}
DEVIN_CLI_EXITED code=1
Error: Agent error: Permission denied: Permission denied: Reached overall message rate limit. Please try again later. Your limit will reset in 16 minutes. (trace ID: 87cc7bd87d22ea063b93098efd9ebf92): {
  "cognition.ai/errorKind": "internal",
  "cognition.ai/retryable": true
}
DEVIN_CLI_EXITED code=1
Error: Agent error: Permission denied: Permission denied: Reached overall message rate limit. Please try again later. Your limit will reset in 14 minutes. (trace ID: ae1345bb3afc9211ad5bd7c0cd5c410c): {
  "cognition.ai/errorKind": "internal",
  "cognition.ai/retryable": true
}
DEVIN_CLI_EXITED code=1
Error: Agent error: Permission denied: Permission denied: Reached overall message rate limit. Please try again later. Your limit will reset in 12 minutes. (trace ID: 491667c1abe0f5548150c36959b1ac81): {
  "cognition.ai/errorKind": "internal",
  "cognition.ai/retryable": true
}
DEVIN_CLI_EXITED code=1
Error: Agent error: Permission denied: Permission denied: Reached overall message rate limit. Please try again later. Your limit will reset in 10 minutes. (trace ID: abb03433eac82b1c2ae5c4baeeae467f): {
  "cognition.ai/errorKind": "internal",
  "cognition.ai/retryable": true
}
DEVIN_CLI_EXITED code=1
Error: Agent error: Permission denied: Permission denied: Reached overall message rate limit. Please try again later. Your limit will reset in 8 minutes. (trace ID: ddf7e870b034baef8da9bb14ab1a091a): {
  "cognition.ai/errorKind": "internal",
  "cognition.ai/retryable": true
}
DEVIN_CLI_EXITED code=1
Error: Agent error: Permission denied: Permission denied: Reached overall message rate limit. Please try again later. Your limit will reset in 6 minutes. (trace ID: b0b024bf4930a5a389c02b5b48ca8df0): {
  "cognition.ai/errorKind": "internal",
  "cognition.ai/retryable": true
}
DEVIN_CLI_EXITED code=1
Error: Agent error: Permission denied: Permission denied: Reached overall message rate limit. Please try again later. Your limit will reset in 4 minutes. (trace ID: 2c6c28e27d4efef5cbfd1692b61f6a93): {
  "cognition.ai/errorKind": "internal",
  "cognition.ai/retryable": true
}
DEVIN_CLI_EXITED code=1
Error: Agent error: Permission denied: Permission denied: Reached overall message rate limit. Please try again later. Your limit will reset in 2 minutes. (trace ID: 96f1dbe9a28e18d11fa222298adb09e0): {
  "cognition.ai/errorKind": "internal",
  "cognition.ai/retryable": true
}
DEVIN_CLI_EXITED code=1
Error: Agent error: Permission denied: Permission denied: Reached overall message rate limit. Please try again later. Your limit will reset in 17 seconds. (trace ID: ef1a4499e56bac2d3d9732b8b12df695): {
  "cognition.ai/errorKind": "internal",
  "cognition.ai/retryable": true
}
DEVIN_CLI_EXITED code=1
我已经阅读了完整的 AGENTS.md。结构很清晰：

- **问题** (第 1470 行)：醋酸混合问题 — 从 25ml 的 70% 溶液和 500ml 的 5% 溶液中求出 9% 溶液的最大体积。
- **标准解答** (第 1474-1552 行)：正确建立质量平衡线性方程 `0.70x + 0.05y = 0.09(x+y)`，得出 `y = 15.25x`，受限于 x≤25，得到答案 **406.25 mL**。
- **AI 的思考过程** (第 1554-2856 行)：AI 的整个思考过程是关于一个**完全不同的问题** — “三个连续自然数，每个都有恰好 1000 个约数。”它从未涉及醋酸问题。

```xml
<analysis>
  <problem_id>oda_math_460k_00053444</problem_id>
  <dimension1_verdict>DIRECTION_ERROR</dimension1_verdict>
  <dimension1_explanation>The AI's thinking addresses an entirely different problem (finding three consecutive natural numbers each with exactly 1000 divisors) rather than the actual acetic acid mixture problem. The AI never engages with the stated problem at all — it sets up divisor-function analysis, CRT constructions, and prime factorization enumerations that have zero relevance to the mixture problem. This is the most extreme form of direction error: the AI solved the wrong problem entirely.</dimension1_explanation>
  <dimension2_turning_point_type>other</dimension2_turning_point_type>
  <dimension2_explanation>The standard solution uses a straightforward mass-balance linear equation (conservation of acetic acid: 0.70x + 0.05y = 0.09(x+y)) to find the fixed mixing ratio y=15.25x, then identifies the binding constraint (x≤25) to maximize total volume. None of the listed advanced technique categories apply; the key technique is setting up and analyzing a linear mixture equation with inequality constraints.</dimension2_explanation>
  <ai_direction_summary>The AI spent its entire token budget exploring number-theoretic constructions (divisor functions, CRT, prime factorizations) for an unrelated "1000 divisors" problem, never attempting the acetic acid mixture problem.</ai_direction_summary>
  <standard_solution_key_technique>The standard solution sets up a linear mass-conservation equation for the mixture, derives the fixed ratio y=15.25x, and identifies the 70% solution (25 mL) as the binding constraint to compute the maximum volume of 406.25 mL.</standard_solution_key_technique>
  <confidence>high</confidence>
</analysis>
```

### ANALYSIS COMPLETE
DEVIN_CLI_EXITED code=0
