## Proof

**Setup.** Let the 16 consecutive odd bin numbers be $a, a+2, a+4, \ldots, a+30$, where $a$ is odd. Their sum is

$$S = 16a + (0+2+4+\cdots+30) = 16a + 2\cdot\frac{15\cdot16}{2} = 16a + 240 = 16(a+15).$$

**Range constraints.** All 16 numbers must be 3-digit (100–999), so $a \ge 101$ (smallest 3-digit odd) and $a+30 \le 999$, i.e. $a \le 969$. Also $a$ is odd.

**Cube condition.** We need $16(a+15) = k^3$ for some integer $k$. Since $a$ is odd, $a+15$ is even; write $a+15 = 2m$, so $S = 32m$ and we need

$$2^5 \cdot m = k^3.$$

Write $k = 2^j \cdot t$ with $t$ odd. Then $k^3 = 2^{3j}\cdot t^3$, so $m = 2^{3j-5}\cdot t^3$ with $j \ge 2$ (to make $3j-5 \ge 1$) and $t$ odd $\ge 1$. From $a = 2m-15$ and $101 \le a \le 969$:

$$58 \le m \le 492.$$

**Enumerating by $j$:**

- **$j=2$:** $m = 2t^3$. Need $29 \le t^3 \le 246$, so $t \in \{4,5,6\}$; only odd $t=5$: $m=250$, $a=485$. ✓
- **$j=3$:** $m = 16t^3$. Need $t^3 \in [3.6, 30.75]$, so $t \in \{2,3\}$; only odd $t=3$: $m=432$, $a=849$. ✓
- **$j=4$:** $m = 128t^3$. Need $t^3 \in [0.45, 3.84]$, so $t=1$ (odd): $m=128$, $a=241$. ✓
- **$j=5$:** $m = 1024t^3 \ge 1024 > 492$. No solutions. (Larger $j$ also fail.)

**Verification of the three candidates:**

| $a$ | Range | Sum $=16(a+15)$ | Cube? |
|-----|-------|-----------------|-------|
| 241 | 241–271 | $16\cdot256 = 4096 = 16^3$ | ✓ |
| 485 | 485–515 | $16\cdot500 = 8000 = 20^3$ | ✓ |
| 849 | 849–879 | $16\cdot864 = 13824 = 24^3$ | ✓ |

All three ranges lie entirely within 100–999 and consist of odd numbers.

**Answer:** $\boxed{3}$

### PROOF COMPLETE
DEVIN_CLI_EXITED code=0
