先进行答案泄露自查：问题文本仅包含问题陈述，没有泄露答案、解决方案或形式化说明。未检测到泄露。

现在给出证明。

**证明。**

设 $A$ 为坐标原点，并定义向量 $\mathbf{b} = \overrightarrow{AB}$, $\mathbf{c} = \overrightarrow{AC}$, $\mathbf{p} = \overrightarrow{AP}$。则
$$PA = |\mathbf{p}|,\quad PB = |\mathbf{p}-\mathbf{b}|,\quad PC = |\mathbf{p}-\mathbf{c}|,\quad AB = |\mathbf{b}|,\quad AC = |\mathbf{c}|,\quad BC = |\mathbf{b}-\mathbf{c}|.$$

**步骤 1：将假设转化为代数不等式。**

长度为 $PA, PB, PC$ 的三角形以 $PA$ 为最长边。由于最长边对最大角，且该三角形为钝角三角形，因此钝角位于对边为 $PA$ 的顶点。根据该边三角形的余弦定理，钝角 $\theta$（对边为 $PA$）满足 $\cos\theta < 0$，因此
$$PA^2 = PB^2 + PC^2 - 2\cdot PB\cdot PC\cos\theta > PB^2 + PC^2.$$
因此，关键条件为
$$PA^2 > PB^2 + PC^2,\quad\text{i.e.,}\quad |\mathbf{p}|^2 > |\mathbf{p}-\mathbf{b}|^2 + |\mathbf{p}-\mathbf{c}|^2. \tag{1}$$

展开右边：
$$|\mathbf{p}-\mathbf{b}|^2 + |\mathbf{p}-\mathbf{c}|^2 = (|\mathbf{p}|^2 - 2\,\mathbf{p}\cdot\mathbf{b} + |\mathbf{b}|^2) + (|\mathbf{p}|^2 - 2\,\mathbf{p}\cdot\mathbf{c} + |\mathbf{c}|^2).$$
将此代入 (1) 并化简：
$$|\mathbf{p}|^2 > 2|\mathbf{p}|^2 - 2\,\mathbf{p}\cdot(\mathbf{b}+\mathbf{c}) + |\mathbf{b}|^2 + |\mathbf{c}|^2,$$
$$2\,\mathbf{p}\cdot(\mathbf{b}+\mathbf{c}) > |\mathbf{p}|^2 + |\mathbf{b}|^2 + |\mathbf{c}|^2. \tag{2}$$

**步骤 2：引入辅助量 $|\mathbf{p}-\mathbf{b}-\mathbf{c}|^2$。**

展开：
$$|\mathbf{p}-\mathbf{b}-\mathbf{c}|^2 = |\mathbf{p}|^2 + |\mathbf{b}|^2 + |\mathbf{c}|^2 - 2\,\mathbf{p}\cdot(\mathbf{b}+\mathbf{c}) + 2\,\mathbf{b}\cdot\mathbf{c}. \tag{3}$$
利用 (2)，即 $|\mathbf{p}|^2 + |\mathbf{b}|^2 + |\mathbf{c}|^2 - 2\,\mathbf{p}\cdot(\mathbf{b}+\mathbf{c}) < 0$，由 (3) 得
$$|\mathbf{p}-\mathbf{b}-\mathbf{c}|^2 < 2\,\mathbf{b}\cdot\mathbf{c}. \tag{4}$$

**步骤 3：得出结论。**

左边 $|\mathbf{p}-\mathbf{b}-\mathbf{c}|^2$ 是一个平方范数，因此非负。结合 (4)，得
$$0 \le |\mathbf{p}-\mathbf{b}-\mathbf{c}|^2 < 2\,\mathbf{b}\cdot\mathbf{c},$$
所以 $\mathbf{b}\cdot\mathbf{c} > 0$。

现在 $\angle BAC$ 是向量 $\mathbf{b}$ 和 $\mathbf{c}$ 之间的夹角，且
$$\mathbf{b}\cdot\mathbf{c} = |\mathbf{b}|\,|\mathbf{c}|\cos(\angle BAC).$$
由于 $|\mathbf{b}| = AB > 0$ 且 $|\mathbf{c}| = AC > 0$，不等式 $\mathbf{b}\cdot\mathbf{c} > 0$ 等价于 $\cos(\angle BAC) > 0$，即 $\angle BAC$ 为锐角。$\blacksquare$

### PROOF COMPLETE
DEVIN_CLI_EXITED code=0
