# Fundamental Group of the Klein Bottle

## Setup: CW Structure

The Klein bottle $K$ is obtained from the unit square $[0,1]^2$ by the identifications
$$
(s,0)\sim(s,1) \quad\text{(bottom and top, same orientation)}, \qquad (0,t)\sim(1,1-t) \quad\text{(left and right, opposite orientation)}.
$$
This gives $K$ a CW structure with:
- **one 0-cell** $v$: all four corners are identified (check: $(0,0)\sim(0,1)\sim(1,0)\sim(1,1)$);
- **two 1-cells** $a$, $b$: $a$ from the bottom/top pair, $b$ from the left/right pair;
- **one 2-cell** $e^2$: the interior of the square.

## Attaching Map of the 2-Cell

Traverse $\partial([0,1]^2)$ counterclockwise starting at $(0,0)$:

1. **Bottom** $(0,0)\to(1,0)$: edge $a$, positive direction $\to$ **$a$**.
2. **Right** $(1,0)\to(1,1)$: under $(1,t)\sim(0,1-t)$, as $t{:}0\to1$ the image $(0,1-t)$ traverses $(0,1)\to(0,0)$, the reverse of $b$ $\to$ **$b^{-1}$**.
3. **Top** $(1,1)\to(0,1)$: under $(s,1)\sim(s,0)$, as $s{:}1\to0$ the image $(s,0)$ traverses $(1,0)\to(0,0)$, the reverse of $a$ $\to$ **$a^{-1}$**.
4. **Left** $(0,1)\to(0,0)$: reverse of $b$ $\to$ **$b^{-1}$**.

The boundary word is $a\,b^{-1}\,a^{-1}\,b^{-1}$, giving the relation
$$
a\,b^{-1}\,a^{-1}\,b^{-1}=1.
$$
Taking the inverse of both sides of $a\,b^{-1}\,a^{-1}=b$ yields the equivalent relation
$$
\boxed{a\,b\,a^{-1}=b^{-1}}. \tag{$\star$}
$$

## Computing $\pi_1(K)$

For a CW complex with a single 0-cell, the fundamental group is presented by the 1-cells as generators and the 2-cell attaching maps as relations. Therefore:

$$
\pi_1(K)=\langle\, a,\, b \;\mid\; a\,b\,a^{-1}\,b=1\,\rangle = \langle\, a,\, b \;\mid\; a\,b\,a^{-1}=b^{-1}\,\rangle. \tag{$\star\star$}
$$

## Structure as a Semidirect Product

Relation $(\star)$ says that conjugation by $a$ sends $b\mapsto b^{-1}$. Consequently:

- $\langle b\rangle$ is **normal** in $\pi_1(K)$, since $a\,b\,a^{-1}=b^{-1}\in\langle b\rangle$ and $b\,b\,b^{-1}=b\in\langle b\rangle$. It is isomorphic to $\mathbb{Z}$ (free on one generator, no relation kills any power of $b$).
- $\langle a\rangle\cong\mathbb{Z}$ is a complement: every word reduces to a **normal form** $b^m a^n$ using $a^n b^k = b^{(-1)^n k}a^n$ (which follows from $(\star)$, and applies to $a^{-1}$ as well since $a^{-1}ba=b^{-1}$).
- $\langle a\rangle\cap\langle b\rangle=\{1\}$: this holds in the semidirect product $\mathbb{Z}\rtimes_{-1}\mathbb{Z}$ defined below, which we now identify with $\pi_1(K)$.

By the standard presentation theorem for semidirect products, if $N=\langle b\rangle\cong\mathbb{Z}$, $H=\langle a\rangle\cong\mathbb{Z}$, and $\varphi:H\to\operatorname{Aut}(N)$ sends $a\mapsto(b\mapsto b^{-1})$ (the unique nontrivial automorphism of $\mathbb{Z}$, i.e., $-1\in\operatorname{Aut}(\mathbb{Z})\cong C_2$), then
$$
N\rtimes_\varphi H \;\cong\; \langle\, a,\, b \;\mid\; a\,b\,a^{-1}=\varphi(a)(b)\,\rangle = \langle\, a,\, b \;\mid\; a\,b\,a^{-1}=b^{-1}\,\rangle = \pi_1(K).
$$

The multiplication in this semidirect product is $(m_1,n_1)(m_2,n_2)=\bigl(m_1+(-1)^{n_1}m_2,\; n_1+n_2\bigr)$, and the normal form $b^m a^n$ is unique.

## Verification via Abelianization

Abelianizing $(\star\star)$: impose $ab=ba$, so $aba^{-1}=b$, and the relation becomes $b\cdot b=1$, i.e., $b^2=1$. Thus
$$
\pi_1(K)^{\mathrm{ab}} \cong \langle a\rangle\times\langle b\mid b^2=1\rangle \cong \mathbb{Z}\oplus\mathbb{Z}/2\mathbb{Z},
$$
which is the well-known first homology group $H_1(K;\mathbb{Z})\cong\mathbb{Z}\oplus\mathbb{Z}/2\mathbb{Z}$. ✓

## Conclusion

$$
\boxed{\pi_1(K)\;\cong\;\langle\, a,\, b \;\mid\; a\,b\,a^{-1}\,b=1\,\rangle \;\cong\; \mathbb{Z}\rtimes_{-1}\mathbb{Z},}
$$
the semidirect product $\mathbb{Z}\rtimes\mathbb{Z}$ where the generator of the second $\mathbb{Z}$ acts on the first by inversion $n\mapsto -n$. Equivalently, it is the group with generators $a,b$ and the single relation $aba^{-1}=b^{-1}$ (conjugation by $a$ inverts $b$).

### PROOF COMPLETE
DEVIN_CLI_EXITED code=0
