Looking at the problem, I need to check for answer leaks first. The problem statement contains only the problem and Lean formalization header — no solution or answer is leaked. Proceeding to solve.

**IMO 2013 N2.** Prove that for any positive integers $k, n$, there exist positive integers $m_1, \dots, m_k$ such that $1 + \frac{2^k-1}{n} = \prod_{i=1}^k \left(1 + \frac{1}{m_i}\right)$.

**Proof.** We proceed by induction on $k$.

**Base case ($k = 1$).** We need $1 + \frac{1}{n} = 1 + \frac{1}{m_1}$, so $m_1 = n$ works.

**Inductive step.** Assume the result holds for $k - 1$ (with any positive integer in place of $n$). We prove it for $k \geq 2$, splitting into two cases based on the parity of $n$.

**Case 1: $n$ is odd.** Set $m_1 = n$. Then
$$\frac{n + 2^k - 1}{n} \cdot \frac{m_1}{m_1 + 1} = \frac{n + 2^k - 1}{n} \cdot \frac{n}{n+1} = \frac{n + 2^k - 1}{n + 1} = 1 + \frac{2^k - 2}{n+1} = 1 + \frac{2(2^{k-1} - 1)}{n+1} = 1 + \frac{2^{k-1} - 1}{(n+1)/2}.$$
Since $n$ is odd, $n' := (n+1)/2$ is a positive integer. By the inductive hypothesis (applied with $k-1$ and $n'$), there exist positive integers $m_2, \dots, m_k$ such that
$$1 + \frac{2^{k-1}-1}{(n+1)/2} = \prod_{i=2}^{k}\left(1 + \frac{1}{m_i}\right).$$
Combining:
$$\prod_{i=1}^{k}\left(1+\frac{1}{m_i}\right) = \frac{n+1}{n}\cdot\frac{(n+1)/2 + 2^{k-1}-1}{(n+1)/2} = \frac{n+1}{n}\cdot\frac{n+2^k-1}{n+1} = \frac{n+2^k-1}{n}.\quad\checkmark$$

**Case 2: $n$ is even.** Set $m_1 = n + 2^k - 2$ (a positive integer since $n \geq 1$, $k \geq 2$). Then $m_1 + 1 = n + 2^k - 1$, so
$$\frac{n + 2^k - 1}{n} \cdot \frac{m_1}{m_1+1} = \frac{n+2^k-1}{n}\cdot\frac{n+2^k-2}{n+2^k-1} = \frac{n + 2^k - 2}{n} = 1 + \frac{2^k - 2}{n} = 1 + \frac{2^{k-1}-1}{n/2}.$$
Since $n$ is even, $n' := n/2$ is a positive integer. By the inductive hypothesis (applied with $k-1$ and $n'$), there exist positive integers $m_2, \dots, m_k$ such that
$$1 + \frac{2^{k-1}-1}{n/2} = \prod_{i=2}^{k}\left(1+\frac{1}{m_i}\right).$$
Combining:
$$\prod_{i=1}^{k}\left(1+\frac{1}{m_i}\right) = \frac{n+2^k-1}{n+2^k-2}\cdot\frac{n/2+2^{k-1}-1}{n/2} = \frac{n+2^k-1}{n+2^k-2}\cdot\frac{n+2^k-2}{n} = \frac{n+2^k-1}{n}.\quad\checkmark$$

In both cases we have constructed $m_1$ (explicitly) and $m_2, \dots, m_k$ (via the inductive hypothesis) as positive integers satisfying the desired identity. This completes the induction. $\blacksquare$

### PROOF COMPLETE
DEVIN_CLI_EXITED code=0
