```xml
<audit>
  <analysis_result_key>2290484</analysis_result_key>
  <problem_id>polymath_03427</problem_id>
  <audit_status>PASS</audit_status>
  <check_results>
    <A1>PASS: dimension1_verdict is TOKEN_LIMIT, which is one of the valid values.</A1>
    <A2>PASS: dimension1_explanation is non-empty and well over 50 characters (describes systematic case analysis and token truncation).</A2>
    <A3>PASS: dimension2_turning_point_type is "other", which is one of the valid values; required since d1=TOKEN_LIMIT (d2 should have a value).</A3>
    <A4>PASS: dimension2_explanation is non-empty and well over 50 characters (describes extremal ordering argument).</A4>
    <A5>PASS: ai_direction_summary is non-empty and describes the AI's actual exploration direction.</A5>
    <A6>PASS: standard_solution_key_technique is non-empty and describes the ordering/extremal contradiction technique.</A6>
    <B1>PASS: Neither dimension1_explanation nor dimension2_explanation contains XML tag leaks.</B1>
    <B2>PASS: Neither explanation contains template placeholder leaks like "1-3 sentences" or "ONE_OF:".</B2>
    <B3>PASS: Both explanations are well above 50 characters in length.</B3>
    <C1>PASS: d1=TOKEN_LIMIT and d2 has a value ("other"), consistent with the rule that d2 should have a value when d1 is TOKEN_LIMIT.</C1>
    <C2>PASS: dimension1_explanation describes token truncation mid-proof, which matches the TOKEN_LIMIT verdict label.</C2>
    <C3>PASS: dimension2_explanation describes an extremal ordering argument (not a standard listed technique), which matches the "other" turning_point_type label.</C3>
    <D1>N/A — d1 is CONNECTION_ERROR/TOKEN_LIMIT</D1>
    <D2>N/A — d1 is CONNECTION_ERROR/TOKEN_LIMIT</D2>
    <D3>N/A — d1 is CONNECTION_ERROR/TOKEN_LIMIT</D3>
    <D4>N/A — d1 is CONNECTION_ERROR/TOKEN_LIMIT</D4>
    <E1>UNKNOWN — check via script</E1>
  </check_results>
  <issues_found>none</issues_found>
</audit>
```

### AUDIT COMPLETE
DEVIN_CLI_EXITED code=0
