I'll solve this directly using summation by parts and the classical Euler sum.

## Solution

We evaluate
$$S = \sum_{n=1}^{\infty}\frac{H_n^2}{n(n+1)}.$$

**Step 1: Partial fractions and summation by parts.**

Using $\dfrac{1}{n(n+1)}=\dfrac{1}{n}-\dfrac{1}{n+1}$, set $a_n=H_n^2$ and $b_n=\dfrac{1}{n}$, so that $\dfrac{1}{n}-\dfrac{1}{n+1}=b_n-b_{n+1}$. Summation by parts gives
$$\sum_{n=1}^{N}a_n(b_n-b_{n+1})=a_1 b_1-a_N b_{N+1}+\sum_{n=1}^{N-1}(a_{n+1}-a_n)b_{n+1}.$$

**Boundary terms.** $a_1 b_1 = H_1^2\cdot 1=1$. Since $H_N\sim\ln N$, we have $\dfrac{H_N^2}{N+1}\to 0$, so $a_N b_{N+1}\to 0$.

**Difference term.**
$$a_{n+1}-a_n=H_{n+1}^2-H_n^2=(H_{n+1}-H_n)(H_{n+1}+H_n)=\frac{1}{n+1}\!\left(2H_n+\frac{1}{n+1}\right).$$

Hence
$$\sum_{n=1}^{\infty}(a_{n+1}-a_n)b_{n+1}=\sum_{n=1}^{\infty}\frac{2H_n}{(n+1)^2}+\sum_{n=1}^{\infty}\frac{1}{(n+1)^3}.$$

**Step 2: Reindex with $m=n+1$.**

$$\sum_{n=1}^{\infty}\frac{2H_n}{(n+1)^2}=\sum_{m=2}^{\infty}\frac{2H_{m-1}}{m^2}=\sum_{m=2}^{\infty}\frac{2\left(H_m-\frac{1}{m}\right)}{m^2}=\sum_{m=2}^{\infty}\frac{2H_m}{m^2}-2\sum_{m=2}^{\infty}\frac{1}{m^3}.$$

Combining with the cubic piece,
$$\sum_{n=1}^{\infty}(a_{n+1}-a_n)b_{n+1}=\sum_{m=2}^{\infty}\frac{2H_m}{m^2}-\sum_{m=2}^{\infty}\frac{1}{m^3}.$$

**Step 3: Use the Euler sum $\displaystyle\sum_{m=1}^{\infty}\frac{H_m}{m^2}=2\zeta(3)$.**

Then $\displaystyle\sum_{m=2}^{\infty}\frac{H_m}{m^2}=2\zeta(3)-1$ and $\displaystyle\sum_{m=2}^{\infty}\frac{1}{m^3}=\zeta(3)-1$, so
$$\sum_{n=1}^{\infty}(a_{n+1}-a_n)b_{n+1}=2\bigl(2\zeta(3)-1\bigr)-\bigl(\zeta(3)-1\bigr)=3\zeta(3)-1.$$

**Step 4: Assemble.**
$$S = a_1 b_1 + \sum_{n=1}^{\infty}(a_{n+1}-a_n)b_{n+1}=1+\bigl(3\zeta(3)-1\bigr)=3\zeta(3).$$

**Step 5: Proof of the Euler sum (for completeness).**

Using $H_n=\displaystyle\int_0^1\frac{1-t^n}{1-t}\,dt$ and $\mathrm{Li}_2(t)=\sum_{n\ge1}\frac{t^n}{n^2}$,
$$\sum_{n=1}^{\infty}\frac{H_n}{n^2}=\int_0^1\frac{\zeta(2)-\mathrm{Li}_2(t)}{1-t}\,dt.$$
Integrating by parts with $u=\zeta(2)-\mathrm{Li}_2(t)$, $v=-\ln(1-t)$, and using $\frac{d}{dt}\mathrm{Li}_2(t)=-\frac{\ln(1-t)}{t}$, the boundary term vanishes (at $t\to1$, $\zeta(2)-\mathrm{Li}_2(t)\sim(1-t)(-\ln(1-t))\to0$ faster than $\ln(1-t)$ diverges), leaving
$$\sum_{n=1}^{\infty}\frac{H_n}{n^2}=\int_0^1\frac{\ln^2(1-t)}{t}\,dt=\int_0^1\frac{\ln^2 u}{1-u}\,du=\sum_{k=0}^{\infty}\int_0^1 u^k\ln^2 u\,du=\sum_{k=0}^{\infty}\frac{2}{(k+1)^3}=2\zeta(3).$$

## Result

$$\boxed{\displaystyle\sum_{n=1}^{\infty}\frac{H_n^2}{n(n+1)}=3\,\zeta(3)}.$$

### PROOF COMPLETE
DEVIN_CLI_EXITED code=0
