**Answer Leak Self-Check:** I have reviewed the problem text. It contains only the problem statement with no leaked answers, solution sketches, or formalization notes. Proceeding to solve.

---

## Solution

**Yes, such a topological space exists.** We construct an explicit example in $\mathbb{R}^2$ with the standard topology.

### Construction

Define two closed disks of radius $1$:

$$D_1 = \{(x,y) \in \mathbb{R}^2 : (x+1)^2 + y^2 \le 1\}, \qquad D_2 = \{(x,y) \in \mathbb{R}^2 : (x-1)^2 + y^2 \le 1\},$$

centered at $(-1,0)$ and $(1,0)$ respectively. Set

$$X = D_1 \cup D_2.$$

The two disks meet exactly at the origin: if $(x,y) \in D_1 \cap D_2$, then $(x+1)^2+y^2 \le 1$ and $(x-1)^2+y^2 \le 1$; subtracting gives $4x \le 0$ and $-4x \le 0$, so $x=0$, and then $1+y^2 \le 1$ gives $y=0$. Thus $D_1 \cap D_2 = \{(0,0)\}$.

### Claim 1: $X$ is connected.

Each $D_i$ is a closed disk, hence convex, hence path-connected, hence connected. Since $D_1 \cap D_2 = \{(0,0)\} \ne \emptyset$, the union $X = D_1 \cup D_2$ is connected. $\checkmark$

### Claim 2: $\operatorname{int}(X)$ is **not** connected.

Since $D_1, D_2$ are closed and $\operatorname{int}(D_1 \cup D_2) = \operatorname{int}(D_1) \cup \operatorname{int}(D_2)$ (the interiors of two closed sets whose boundaries overlap only at a point do not interfere), we have

$$\operatorname{int}(X) = B_1 \cup B_2, \quad B_1 = \{(x,y): (x+1)^2+y^2 < 1\},\quad B_2 = \{(x,y): (x-1)^2+y^2 < 1\}.$$

These are open disks. They are disjoint: if $(x,y) \in B_1 \cap B_2$, then $(x+1)^2+y^2 < 1$ and $(x-1)^2+y^2 < 1$; adding gives $2x^2+2y^2+2 < 2$, i.e., $x^2+y^2 < 0$, which is impossible. (The origin satisfies equality, not strict inequality, so it lies on both boundary circles but in neither open disk.)

Thus $\operatorname{int}(X) = B_1 \sqcup B_2$ is a disjoint union of two nonempty open sets, so $\operatorname{int}(X)$ is **not connected**. $\checkmark$

### Claim 3: $\partial X$ is connected.

Since $X = D_1 \cup D_2$ is a finite union of closed sets, $X$ is closed, so $\overline{X} = X$. Therefore

$$\partial X = \overline{X} \setminus \operatorname{int}(X) = X \setminus (B_1 \cup B_2) = (D_1 \setminus B_1) \cup (D_2 \setminus B_2) = S_1 \cup S_2,$$

where $S_1 = \{(x,y): (x+1)^2+y^2 = 1\}$ and $S_2 = \{(x,y): (x-1)^2+y^2 = 1\}$ are the two boundary circles.

Each $S_i$ is homeomorphic to $S^1$, hence connected. Their intersection is $S_1 \cap S_2 = \{(0,0)\}$ (the unique point satisfying both circle equations, as computed: $x=0, y=0$). Since $S_1 \cap S_2 \ne \emptyset$, the union $\partial X = S_1 \cup S_2$ is connected — it is a **figure-eight** (two circles joined at a single point). $\checkmark$

### Conclusion

The set $X = D_1 \cup D_2 \subseteq \mathbb{R}^2$ satisfies all three required properties simultaneously:

| Property | Status |
|---|---|
| $X$ is connected | ✓ (two closed disks touching at a point) |
| $\partial X$ is connected | ✓ (figure-eight: two circles joined at the origin) |
| $\operatorname{int}(X)$ is not connected | ✓ (two disjoint open disks) |

The key mechanism: the single shared boundary point $(0,0)$ belongs to $\partial X$ (gluing the two boundary circles into a connected figure-eight) and to $X$ (gluing the two closed disks into a connected set), but it does **not** belong to $\operatorname{int}(X)$ (it is a boundary point of each disk, not an interior point), so the interior splits into two disjoint open disks.

Therefore, **such a topological space exists**. $\blacksquare$

### PROOF COMPLETE
DEVIN_CLI_EXITED code=0
