I'll solve this directly using the Laurent series of $e^{1/z}$.

## Proof

**Step 1: Laurent series.** On the punctured plane $\mathbb{C}\setminus\{0\}$,
$$e^{1/z} = \sum_{k=0}^{\infty} \frac{1}{k!\, z^{k}} = \sum_{k=0}^{\infty} \frac{z^{-k}}{k!}.$$

**Step 2: Parametrize the unit circle.** Set $z = e^{i\theta}$, so $1/z = e^{-i\theta} = \cos\theta - i\sin\theta$. Then
$$e^{1/z}\big|_{z=e^{i\theta}} = e^{e^{-i\theta}} = e^{\cos\theta - i\sin\theta} = e^{\cos\theta}\,e^{-i\sin\theta} = e^{\cos\theta}\bigl(\cos(\sin\theta) - i\sin(\sin\theta)\bigr).$$

Using the Laurent series directly with $z^{-k} = e^{-ik\theta}$:
$$e^{1/z}\big|_{z=e^{i\theta}} = \sum_{k=0}^{\infty} \frac{e^{-ik\theta}}{k!}.$$

**Step 3: Relate the integrand to $e^{1/z}$.** Observe
$$e^{\cos\theta}\cos(\sin\theta - n\theta) = \operatorname{Re}\!\left[e^{\cos\theta}\,e^{i(\sin\theta - n\theta)}\right] = \operatorname{Re}\!\left[e^{\cos\theta + i\sin\theta}\,e^{-in\theta}\right] = \operatorname{Re}\!\left[e^{e^{i\theta}}\,e^{-in\theta}\right].$$

Since $e^{e^{i\theta}} = \overline{e^{e^{-i\theta}}}$ for real $\theta$, taking real parts gives
$$e^{\cos\theta}\cos(\sin\theta - n\theta) = \operatorname{Re}\!\left[e^{e^{-i\theta}}\,e^{in\theta}\right] = \operatorname{Re}\!\left[e^{1/z}\,e^{in\theta}\right]\Big|_{z=e^{i\theta}}.$$

Therefore, for $n = 0, 1, 2, \ldots$,
$$I_n := \frac{1}{\pi}\int_0^{\pi} e^{\cos\theta}\cos(\sin\theta - n\theta)\,d\theta = \frac{1}{\pi}\operatorname{Re}\int_0^{\pi} e^{1/z}\,e^{in\theta}\,d\theta\Big|_{z=e^{i\theta}}.$$

**Step 4: Substitute the Laurent series.**
$$I_n = \frac{1}{\pi}\operatorname{Re}\int_0^{\pi} \sum_{k=0}^{\infty} \frac{e^{-ik\theta}}{k!}\,e^{in\theta}\,d\theta = \frac{1}{\pi}\operatorname{Re}\sum_{k=0}^{\infty}\frac{1}{k!}\int_0^{\pi} e^{i(n-k)\theta}\,d\theta.$$

(The interchange of sum and integral is justified by uniform convergence on $[0,\pi]$.)

**Step 5: Evaluate the integrals.** For each $k$:

- If $k = n$: $\displaystyle\int_0^{\pi} e^{i(n-k)\theta}\,d\theta = \int_0^{\pi} 1\,d\theta = \pi$, which is real.

- If $k \neq n$: $\displaystyle\int_0^{\pi} e^{i(n-k)\theta}\,d\theta = \frac{e^{i(n-k)\pi} - 1}{i(n-k)} = \frac{(-1)^{n-k} - 1}{i(n-k)}.$

  The numerator $(-1)^{n-k} - 1 \in \{0, -2\}$ is real, so dividing by $i(n-k)$ yields a **purely imaginary** number. Its real part is $0$.

**Step 6: Conclude.** Only the $k = n$ term contributes a real part:
$$I_n = \frac{1}{\pi}\cdot\frac{1}{n!}\cdot\pi = \frac{1}{n!}.$$

This holds for every $n = 0, 1, 2, \ldots$ (and $1/0! = 1$).

$$\boxed{\displaystyle\frac{1}{\pi}\int_0^{\pi} e^{\cos\theta}\cos(\sin\theta - n\theta)\,d\theta = \frac{1}{n!}, \qquad n = 0, 1, 2, \ldots}$$

### PROOF COMPLETE
DEVIN_CLI_EXITED code=0
