## Proof

**Claim:** The subset $\mathcal{P}_2(\mathbb{R}^n) = \left\{\mu \in \mathcal{P}(\mathbb{R}^n) : \int_{\mathbb{R}^n} |x|^2\,d\mu(x) < \infty\right\}$ is a Borel subset of $\mathcal{P}(\mathbb{R}^n)$ endowed with the topology of weak convergence.

---

**Step 1: Setup and metrizability.**

The space $\mathcal{P}(\mathbb{R}^n)$ of probability measures on $\mathbb{R}^n$, endowed with the topology of weak (narrow) convergence, is metrizable as a separable metric space via the Lévy–Prokhorov metric. In particular, sequential closedness coincides with topological closedness.

**Step 2: Decomposition as a countable union.**

We write
$$
\mathcal{P}_2(\mathbb{R}^n) = \bigcup_{M=1}^{\infty} \,\left\{\mu \in \mathcal{P}(\mathbb{R}^n) : \int |x|^2\,d\mu \leq M\right\}.
$$
It suffices to show that each set $A_M := \left\{\mu : \int |x|^2\,d\mu \leq M\right\}$ is closed in the weak topology, for then $\mathcal{P}_2(\mathbb{R}^n)$ is an $F_\sigma$ set, hence Borel.

**Step 3: Each $A_M$ is closed — Fatou's lemma for weak convergence.**

Let $(\mu_k)_{k \geq 1} \subset A_M$ with $\mu_k \to \mu$ weakly. We show $\mu \in A_M$.

The function $f(x) = |x|^2$ is non-negative and continuous (hence lower semicontinuous) on $\mathbb{R}^n$. For each $R > 0$, define the truncation $f_R(x) = |x|^2 \wedge R$, which is bounded, continuous, and non-negative. By the Portmanteau theorem (applied to the bounded continuous function $f_R$),
$$
\int f_R\,d\mu = \lim_{k \to \infty} \int f_R\,d\mu_k \leq \liminf_{k \to \infty} \int |x|^2\,d\mu_k \leq M,
$$
where the inequality uses $f_R \leq |x|^2$ and the hypothesis $\mu_k \in A_M$.

Now apply the monotone convergence theorem as $R \to \infty$: since $f_R \nearrow |x|^2$ pointwise and all integrands are non-negative,
$$
\int |x|^2\,d\mu = \lim_{R \to \infty} \int f_R\,d\mu \leq M.
$$
Hence $\mu \in A_M$, proving $A_M$ is sequentially closed, and therefore closed (by metrizability).

**Step 4: Conclusion.**

Each $A_M$ is closed, so
$$
\mathcal{P}_2(\mathbb{R}^n) = \bigcup_{M=1}^{\infty} A_M
$$
is a countable union of closed sets, i.e., an $F_\sigma$ set. In particular, $\mathcal{P}_2(\mathbb{R}^n)$ is a Borel subset of $\mathcal{P}(\mathbb{R}^n)$ with the weak topology. $\blacksquare$

### PROOF COMPLETE
DEVIN_CLI_EXITED code=0
