## Answer Leak Self-Check

The problem text contains only the problem statement — no solution, proof sketch, or answer values are embedded. Proceeding to solve.

## Proof

We verify the duality $H^n(X;R) \cong \operatorname{Hom}(H_n(X;R),\,R)$ via the Kronecker pairing for $X = \mathbf{R}P^2$ and $R = \mathbf{Z}/2$.

### 1. General fact: field coefficients make the UCT split canonically

The universal coefficient theorem for cohomology gives a short exact sequence
$$
0 \to \operatorname{Ext}^1_R\!\bigl(H_{n-1}(X;R),\,R\bigr) \to H^n(X;R) \to \operatorname{Hom}_R\!\bigl(H_n(X;R),\,R\bigr) \to 0.
$$
When $R$ is a field, every $R$-module is free, so $\operatorname{Ext}^1_R(-,R)=0$. Hence the connecting map
$$
\kappa_n : H^n(X;R) \xrightarrow{\;\sim\;} \operatorname{Hom}_R\!\bigl(H_n(X;R),\,R\bigr), \qquad [\varphi]\mapsto\bigl([c]\mapsto \varphi(c)\bigr)
$$
is an isomorphism. The bilinear form
$$
\langle-,-\rangle : H^n(X;R)\times H_n(X;R)\to R,\quad \langle[\varphi],[c]\rangle=\varphi(c)
$$
is the **Kronecker pairing**, and $\kappa_n$ being an isomorphism says exactly that this pairing is **perfect** (nondegenerate in each slot). We now verify this concretely for $\mathbf{R}P^2$.

### 2. Cellular chain complex of $\mathbf{R}P^2$ with $\mathbf{Z}/2$ coefficients

$\mathbf{R}P^2$ has one cell $e_k$ in each dimension $k=0,1,2$. With integer coefficients the cellular boundary is
$$
d_2 = \cdot\,2,\qquad d_1 = 0,
$$
because the $2$-cell attaches to the $1$-skeleton $S^1$ by a map of degree $2$ (the antipodal identification doubles the equator). Reducing mod $2$:
$$
d_2 \equiv 0 \pmod 2,\qquad d_1 = 0.
$$
So the cellular chain complex over $R=\mathbf{Z}/2$ is
$$
\cdots \to 0 \to \underbrace{C_2}_{\mathbf{Z}/2}\xrightarrow{\;d_2=0\;}\underbrace{C_1}_{\mathbf{Z}/2}\xrightarrow{\;d_1=0\;}\underbrace{C_0}_{\mathbf{Z}/2}\to 0.
$$
Since both boundary maps vanish, every chain is a cycle and no chain is a boundary:
$$
H_n(\mathbf{R}P^2;\,\mathbf{Z}/2)\;=\;\mathbf{Z}/2\quad\text{for }n=0,1,2,\qquad H_n=0\text{ otherwise.}
$$
(The nonvanishing of $H_2$ reflects that $\mathbf{R}P^2$ is $\mathbf{Z}/2$-orientable: $\mathbf{Z}/2$ is the orientation local system.)

### 3. Cohomology via the dual cochain complex

The cochain groups are $C^n=\operatorname{Hom}_{\mathbf{Z}/2}(C_n,\mathbf{Z}/2)\cong\mathbf{Z}/2$, with coboundary $\delta^n=(d_{n+1})^*$. Since $d_1=d_2=0$, we get $\delta^0=0$ and $\delta^1=0$. Therefore
$$
H^n(\mathbf{R}P^2;\,\mathbf{Z}/2)\;=\;\ker\delta^n/\operatorname{im}\delta^{n-1}\;=\;\mathbf{Z}/2\quad\text{for }n=0,1,2,
$$
and $H^n=0$ otherwise. This agrees with the UCT prediction $H^n\cong\operatorname{Hom}(H_n,\mathbf{Z}/2)$.

### 4. The Kronecker pairing is perfect

Let $e_k$ denote the $k$-cell (a generator of $C_k\cong\mathbf{Z}/2$) and let $e^k\in C^k$ be the dual cochain defined by $e^k(e_m)=\delta_{km}\in\mathbf{Z}/2$. Because all (co)boundaries vanish, $[e_k]$ generates $H_k$ and $[e^k]$ generates $H^k$.

**Well-definedness.** The pairing $\langle[\varphi],[c]\rangle=\varphi(c)$ is independent of representatives: if $\varphi=\delta^{n-1}\psi$ and $\partial c=0$, then $\varphi(c)=\delta\psi(c)=\psi(\partial c)=\psi(0)=0$; if $c=\partial d$ and $\delta\varphi=0$, then $\varphi(c)=\varphi(\partial d)=\delta\varphi(d)=0$. Both corrections vanish, so the value depends only on the (co)homology classes.

**Nondegeneracy.** Evaluate on generators:
$$
\bigl\langle [e^k],\,[e_k]\bigr\rangle \;=\; e^k(e_k)\;=\;1\in\mathbf{Z}/2.
$$
Since $1\neq 0$ in $\mathbf{Z}/2$ and each group is one-dimensional over $\mathbf{Z}/2$, the pairing is nonzero on the generator pair, hence nondegenerate in each slot. Equivalently, the induced map
$$
\kappa_k:H^k(\mathbf{R}P^2;\mathbf{Z}/2)\to\operatorname{Hom}\!\bigl(H_k(\mathbf{R}P^2;\mathbf{Z}/2),\,\mathbf{Z}/2\bigr),\quad [\varphi]\mapsto\bigl([c]\mapsto\langle[\varphi],[c]\rangle\bigr)
$$
sends $[e^k]$ to the functional $[e_k]\mapsto 1$, which is the identity element of $\operatorname{Hom}(\mathbf{Z}/2,\mathbf{Z}/2)$. Thus $\kappa_k$ is an isomorphism for every $k=0,1,2$ (and trivially so for $k$ outside $\{0,1,2\}$ where both sides are $0$).

### 5. Conclusion

For $R=\mathbf{Z}/2$ (a field) and $X=\mathbf{R}P^2$, the Kronecker pairing
$$
\langle-,-\rangle:H^n(X;R)\times H_n(X;R)\to R
$$
is a **perfect pairing**: both $H_n$ and $H^n$ are $\mathbf{Z}/2$ in degrees $0,1,2$ and zero elsewhere, and the map $\kappa_n$ induced by the pairing is an isomorphism $H^n\cong\operatorname{Hom}(H_n,R)$ in every degree. This is exactly the duality asserted in the problem, and it is the concrete instance of the general fact that over a field the $\operatorname{Ext}^1$ term in the UCT vanishes, making the Kronecker pairing perfect.

### PROOF COMPLETE
DEVIN_CLI_EXITED code=0
