No answer leak detected in the problem statement. Proceeding with the solution.

## Proof

Given
$$f(x) = \int_0^x \frac{dt}{\sqrt{1+t^3}}, \qquad g = f^{-1}.$$

**Step 1: Compute $f'(x)$.**

By the Fundamental Theorem of Calculus,
$$f'(x) = \frac{1}{\sqrt{1+x^3}}.$$

Since $1+x^3 > 0$ for all $x \ge 0$ (and $f$ is defined on a domain where the integrand is real and positive), $f'(x) > 0$, so $f$ is strictly increasing and its inverse $g$ is well-defined and differentiable.

**Step 2: Compute $g'(y)$.**

Since $g = f^{-1}$, we have $f(g(y)) = y$. Differentiating both sides with respect to $y$:
$$f'(g(y))\, g'(y) = 1,$$
so
$$g'(y) = \frac{1}{f'(g(y))} = \sqrt{1 + g(y)^3}.$$

**Step 3: Compute $g''(y)$.**

Differentiate $g'(y) = \bigl(1 + g(y)^3\bigr)^{1/2}$ with respect to $y$:
$$g''(y) = \frac{1}{2}\bigl(1 + g(y)^3\bigr)^{-1/2} \cdot 3g(y)^2 \cdot g'(y).$$

Substitute $g'(y) = \sqrt{1+g(y)^3} = \bigl(1+g(y)^3\bigr)^{1/2}$:
$$g''(y) = \frac{1}{2}\bigl(1+g(y)^3\bigr)^{-1/2} \cdot 3g(y)^2 \cdot \bigl(1+g(y)^3\bigr)^{1/2} = \frac{3}{2}\, g(y)^2.$$

**Step 4: Identify $k$.**

Comparing $g''(y) = \dfrac{3}{2}\, g^2(y)$ with the required form $g''(y) = k\, g^2(y)$, we obtain
$$\boxed{k = \dfrac{3}{2}}.$$

### PROOF COMPLETE
DEVIN_CLI_EXITED code=0
