I'll solve this integral directly. Let me first check for answer leaks — the problem text contains only the parameter definition $a^2 = \frac{b^2}{1-r^2} - \frac{c^2}{r^2}$ and no solution, proof sketch, or answer. No leak detected.

## Proof

**Define** $I(a,b,c) = \int_0^\infty \frac{dx}{x}\, e^{-cx}\, J_1(bx)\,\sin(ax)$, with $a,b,c>0$.

### Step 1: Differentiate with respect to $a$

$$\frac{\partial I}{\partial a} = \int_0^\infty e^{-cx}\, J_1(bx)\,\cos(ax)\, dx.$$

### Step 2: Evaluate via the Laplace transform of $J_1$

Using $J_1(bx) = -\tfrac{1}{b}\tfrac{d}{dx}J_0(bx)$ and $\mathcal{L}\{J_0(bx)\}(s) = \tfrac{1}{\sqrt{s^2+b^2}}$:

$$\mathcal{L}\{J_1(bx)\}(s) = \frac{1}{b}\left(1 - \frac{s}{\sqrt{s^2+b^2}}\right), \qquad \operatorname{Re} s > 0.$$

Setting $s = c - ia$ (valid since $\operatorname{Re}(c-ia)=c>0$) and taking the real part:

$$\frac{\partial I}{\partial a} = \frac{1}{b}\operatorname{Re}\!\left[1 - \frac{c-ia}{\sqrt{(c-ia)^2+b^2}}\right] = \frac{1}{b}\left(1 - \operatorname{Re}\frac{c-ia}{\sqrt{(c-ia)^2+b^2}}\right).$$

### Step 3: Recognize an antiderivative

Let $h(\alpha) = \operatorname{Im}\sqrt{(c-i\alpha)^2+b^2}$. Then

$$h'(\alpha) = \operatorname{Im}\!\left[\frac{-i(c-i\alpha)}{\sqrt{(c-i\alpha)^2+b^2}}\right] = -\operatorname{Re}\frac{c-i\alpha}{\sqrt{(c-i\alpha)^2+b^2}},$$

since $-i(c-i\alpha) = -(\alpha+ic)$ and $\operatorname{Re}[-i\,z] = \operatorname{Im}[z]$. Therefore

$$\frac{\partial I}{\partial a} = \frac{1}{b}\bigl(1 + h'(a)\bigr).$$

### Step 4: Integrate from $0$ to $a$

Since $I(0,b,c)=0$ (as $\sin 0 = 0$) and $h(0)=\operatorname{Im}\sqrt{c^2+b^2}=0$:

$$I(a,b,c) = \frac{1}{b}\Bigl[a + h(a)\Bigr] = \frac{1}{b}\left[a + \operatorname{Im}\sqrt{(c-ia)^2+b^2}\right].$$

### Step 5: Compute $\operatorname{Im}\sqrt{(c-ia)^2+b^2}$

Write $(c-ia)^2+b^2 = X + iY$ with $X = c^2-a^2+b^2$, $Y = -2ac < 0$. The principal square root (positive real part) is

$$\sqrt{X+iY} = \sqrt{\tfrac{|W|+X}{2}} - i\sqrt{\tfrac{|W|-X}{2}}, \qquad |W|=\sqrt{X^2+Y^2}.$$

So $\operatorname{Im}\sqrt{(c-ia)^2+b^2} = -\sqrt{\tfrac{|W|-X}{2}}$.

**Connect to $r$.** The defining relation $a^2 = \frac{b^2}{1-r^2}-\frac{c^2}{r^2}$ rearranges to

$$a^2 r^4 + (b^2+c^2-a^2)\,r^2 - c^2 = 0,$$

giving $r^2 = \frac{a^2-b^2-c^2+\Delta}{2a^2}$ where $\Delta = \sqrt{(b^2+c^2-a^2)^2+4a^2c^2} = |W| = \sqrt{X^2+Y^2}$. Hence $\Delta = 2a^2 r^2 + b^2+c^2-a^2$, and

$$\Delta - X = \bigl(2a^2 r^2 + b^2+c^2-a^2\bigr) - \bigl(c^2-a^2+b^2\bigr) = 2a^2 r^2.$$

Therefore

$$\operatorname{Im}\sqrt{(c-ia)^2+b^2} = -\sqrt{\frac{2a^2 r^2}{2}} = -ar.$$

### Step 6: Final result

$$\boxed{S_{48} = \frac{a\,(1-r)}{b}},$$

where $r\in(0,1)$ is the positive root of $a^2 = \dfrac{b^2}{1-r^2} - \dfrac{c^2}{r^2}$.

### Verification (limits)

- **$b\to 0$:** Then $r\to 1$ with $1-r \approx \frac{b^2}{2(a^2+c^2)}$, giving $S_{48}\approx \frac{ab}{2(a^2+c^2)}$, matching $\frac{b}{2}\cdot\frac{a}{a^2+c^2}$ from $J_1(bx)\approx bx/2$. ✓
- **$c\to 0$:** Then $r = \sqrt{1-b^2/a^2}$ (for $a>b$), giving $S_{48}=\frac{a-\sqrt{a^2-b^2}}{b}$, the known value of $\int_0^\infty \frac{J_1(bx)\sin(ax)}{x}\,dx$. ✓

### PROOF COMPLETE
DEVIN_CLI_EXITED code=0
