## Solution

**Setup.** Let the column be vertical, with the upper base (radius $r$) at the top supporting the load $P$. Measure depth $y$ downward from the upper base. Let $x(y)$ be the radius at depth $y$, so the cross-sectional area is $S(y) = \pi\, x(y)^2$. Let $V(y) = \int_0^y S(t)\,dt$ be the volume of the column from the top down to depth $y$.

**Equal-pressure condition.** The total compressive force on the horizontal section at depth $y$ equals the load $P$ plus the weight of the material above that section:

$$F(y) = P + \delta\, V(y).$$

The pressure is required to be a constant $p$ everywhere:

$$p = \frac{F(y)}{S(y)} = \frac{P + \delta\, V(y)}{S(y)}. \tag{1}$$

**Differential equation.** Rewrite (1) as $p\, S(y) = P + \delta\, V(y)$ and differentiate with respect to $y$:

$$p\, S'(y) = \delta\, S(y).$$

This is a separable ODE with solution

$$S(y) = S(0)\, e^{\,\delta y / p}.$$

Since $S(0) = \pi r^2$ (the upper base has radius $r$),

$$\boxed{S(y) = \pi r^2\, e^{\,\delta y / p}}, \qquad \boxed{x(y) = r\, e^{\,\delta y / (2p)}}.$$

**Boundary condition at the top.** At $y = 0$, equation (1) gives $p = P/S(0) = P/(\pi r^2)$, hence

$$p = \frac{P}{\pi r^2}, \qquad \pi r^2 = \frac{P}{p}. \tag{2}$$

**Shape.** The radius grows **exponentially** with depth:

$$x(y) = r\, \exp\!\left(\frac{\delta\, y}{2p}\right).$$

The profile of the column (in any axial plane) is the curve obtained by revolving $x(y) = r\, e^{\delta y/(2p)}$ about the vertical axis — a surface of revolution whose meridian is an **exponential curve**.

---

### Numerical application (bridge pier)

Given (in consistent units: length in dm, force in kgf):
- $p = 3000\ \text{kgf/dm}^2$,
- $\delta = 2.5\ \text{kgf/dm}^3$,
- $H = 12\ \text{m} = 120\ \text{dm}$,
- $P = 90\,000\ \text{kgf}$.

**Upper base radius.** From (2):

$$\pi r^2 = \frac{P}{p} = \frac{90\,000}{3000} = 30,$$

$$r = \sqrt{\frac{30}{\pi}} \approx \sqrt{9.5493} \approx 3.09\ \text{dm} \approx 30.9\ \text{cm}.$$

**Lower base radius.** At $y = H = 120$ dm:

$$R = x(H) = r\, \exp\!\left(\frac{\delta H}{2p}\right) = r\, \exp\!\left(\frac{2.5 \times 120}{2 \times 3000}\right) = r\, \exp\!\left(\frac{300}{6000}\right) = r\, e^{0.05}.$$

Since $e^{0.05} \approx 1.05127$,

$$R \approx 3.090 \times 1.05127 \approx 3.25\ \text{dm} \approx 32.5\ \text{cm}.$$

**Verification.** The column volume is

$$V(H) = \int_0^{H} S(y)\,dy = \pi r^2 \cdot \frac{p}{\delta}\left(e^{\delta H/p} - 1\right) = 30 \cdot \frac{3000}{2.5}\left(e^{0.1} - 1\right) = 36\,000 \times 0.10517 \approx 3786.2\ \text{dm}^3.$$

Column weight $= \delta\, V(H) = 2.5 \times 3786.2 \approx 9465.5\ \text{kgf}$.

Total force at the base $= 90\,000 + 9465.5 = 99\,465.5\ \text{kgf}$.

Base area $= S(H) = 30\, e^{0.1} \approx 33.155\ \text{dm}^2$.

Pressure at base $= 99\,465.5 / 33.155 \approx 3000\ \text{kgf/dm}^2$. ✓

---

### Answer

The column of equal pressure has a circular cross-section whose radius varies **exponentially** with depth:

$$x(y) = r\, \exp\!\left(\frac{\delta\, y}{2p}\right), \qquad p = \frac{P}{\pi r^2}.$$

For the bridge pier:

$$\boxed{r = \sqrt{\frac{30}{\pi}} \approx 3.09\ \text{dm}\ (\approx 30.9\ \text{cm}), \qquad R = r\, e^{0.05} \approx 3.25\ \text{dm}\ (\approx 32.5\ \text{cm}).}$$

### PROOF COMPLETE
DEVIN_CLI_EXITED code=0
