Looking at this problem, I need to determine whether the condition $abc\ldots z = z\ldots cba$ (for any 26 elements with $z \neq 1$) forces the group to be abelian.

**Answer: Yes, the group is necessarily abelian.**

**Proof.**

The condition states that for any choice of elements $a, b, c, \ldots, z$ in the group with $z \neq 1$, we have
$$abc\cdots z = z\cdots cba.$$

Since "any" includes every specific assignment, I am free to set most of the 26 elements to the identity $1$.

**Key substitution.** Fix arbitrary elements $g \in G$ and $h \in G$ with $h \neq 1$. Set:
$$a = g, \quad b = c = \cdots = y = 1, \quad z = h.$$

This is a valid choice since $z = h \neq 1$, satisfying the hypothesis. Now compute both sides:

- **Left side:** $a \cdot b \cdot c \cdots z = g \cdot 1 \cdot 1 \cdots 1 \cdot h = gh.$
- **Right side:** $z \cdot y \cdot x \cdots b \cdot a = h \cdot 1 \cdot 1 \cdots 1 \cdot g = hg.$

The condition $abc\cdots z = z\cdots cba$ therefore yields:
$$gh = hg.$$

This holds for **every** $g \in G$ and **every** $h \in G$ with $h \neq 1$.

**Extending to all pairs.** Now let $x, y$ be any two elements of $G$. We show $xy = yx$:

- If $x = 1$ or $y = 1$: commutativity with the identity is trivial, so $xy = yx$.
- If $x \neq 1$ and $y \neq 1$: set $g = x$ and $h = y$ (with $h = y \neq 1$). By the result above, $xy = yx$. ✓

Every pair of elements in $G$ commutes, so $G$ is abelian. $\blacksquare$

**Remark.** The argument only requires that the product has at least two positions (so that we can place a free element at the front and a non-identity element at the back, with all middle elements set to $1$). With 26 letters, this is certainly satisfied. The constraint $z \neq 1$ is not a real obstacle: it only excludes the trivial case $h = 1$ (where commutativity is automatic anyway), and every non-identity element $h$ is covered.

### PROOF COMPLETE
DEVIN_CLI_EXITED code=0
