## Solution

**Step 1: Find the limit of the integrand as $t \to 0$.**

Let $g(t) = (1 - \tan(2t))^{1/t}$. Using the Taylor expansion $\tan(2t) = 2t + O(t^3)$, we get $1 - \tan(2t) = 1 - 2t + O(t^3)$.

Taking the logarithm:
$$\ln g(t) = \frac{\ln(1 - \tan(2t))}{t}.$$

With $u = \tan(2t) = 2t + O(t^3)$, and $\ln(1-u) = -u - \frac{u^2}{2} - \cdots$:
$$\ln(1 - \tan(2t)) = -\tan(2t) - \frac{\tan^2(2t)}{2} - \cdots = -2t - 2t^2 + O(t^3).$$

Therefore:
$$\ln g(t) = \frac{-2t - 2t^2 + O(t^3)}{t} = -2 - 2t + O(t^2) \xrightarrow{t \to 0} -2.$$

Hence $\lim_{t \to 0} g(t) = e^{-2}$. In fact, $g(t) = e^{-2}\bigl(1 - 2t + O(t^2)\bigr)$, so $g$ extends to a continuous function at $t = 0$ with $g(0) = e^{-2}$.

**Step 2: Express the integral via Riemann sums.**

For $x \neq 0$ (with $|x|$ small enough that $g$ is defined and continuous on $[0,x]$), the Riemann sum representation gives:

$$\frac{1}{x}\int_0^x g(t)\,dt = \lim_{n \to \infty} \frac{1}{n}\sum_{k=1}^{n} g\!\left(\frac{kx}{n}\right).$$

This is the average value of $g$ over $[0, x]$, expressed as a limit of right-endpoint Riemann sums.

**Step 3: Interchange the limits via uniform continuity.**

Since $g$ is continuous at $0$ with $g(0) = e^{-2}$: for any $\varepsilon > 0$, there exists $\delta > 0$ such that $|t| < \delta \implies |g(t) - e^{-2}| < \varepsilon$.

For $|x| < \delta$, every sample point satisfies $\left|\frac{kx}{n}\right| \leq |x| < \delta$, so $\left|g\!\left(\frac{kx}{n}\right) - e^{-2}\right| < \varepsilon$ for all $k = 1, \dots, n$ and all $n$. Therefore:

$$\left|\frac{1}{n}\sum_{k=1}^{n} g\!\left(\frac{kx}{n}\right) - e^{-2}\right| \leq \frac{1}{n}\sum_{k=1}^{n}\left|g\!\left(\frac{kx}{n}\right) - e^{-2}\right| < \varepsilon.$$

Taking $n \to \infty$:

$$\left|\frac{1}{x}\int_0^x g(t)\,dt - e^{-2}\right| \leq \varepsilon \quad \text{for all } |x| < \delta.$$

Since $\varepsilon > 0$ was arbitrary:

$$\lim_{x \to 0} \frac{1}{x}\int_0^x g(t)\,dt = e^{-2}.$$

**Step 4: Conclude.**

$$\lim_{x \to 0} \int_0^x (1 - \tan(2t))^{1/t}\,dt = \lim_{x \to 0} \left[x \cdot \frac{1}{x}\int_0^x g(t)\,dt\right] = 0 \cdot e^{-2} = \boxed{0}.$$

### PROOF COMPLETE
DEVIN_CLI_EXITED code=0
