## Proof

We want to evaluate
$$g(y) = \sum_{n=-\infty}^{\infty} \frac{\sin(\pi(n-y))}{\pi(n-y)} = \sum_{n=-\infty}^{\infty} \operatorname{sinc}(n-y),$$
where $\operatorname{sinc}(t) = \frac{\sin(\pi t)}{\pi t}$ (with $\operatorname{sinc}(0)=1$). Since $\operatorname{sinc}$ is even, $\operatorname{sinc}(n-y)=\operatorname{sinc}(y-n)$, so
$$g(y) = \sum_{n=-\infty}^{\infty} \operatorname{sinc}(y-n).$$

### Step 1. $g$ is $1$-periodic

Replacing $y$ by $y+1$ merely shifts the index $n\mapsto n+1$:
$$g(y+1) = \sum_{n}\operatorname{sinc}(y+1-n) = \sum_{m}\operatorname{sinc}(y-m) = g(y).$$
Hence $g$ admits a Fourier series $g(y)=\sum_{k\in\mathbb Z} c_k e^{2\pi i k y}$ with
$$c_k = \int_0^1 g(y)\,e^{-2\pi i k y}\,dy.$$

### Step 2. Compute the Fourier coefficients

$$c_k = \int_0^1 \sum_{n\in\mathbb Z}\operatorname{sinc}(y-n)\,e^{-2\pi i k y}\,dy
     = \sum_{n\in\mathbb Z}\int_0^1 \operatorname{sinc}(y-n)\,e^{-2\pi i k y}\,dy.$$

Substitute $u = y-n$ (so $y = u+n$, $dy=du$, and $y:0\to1$ gives $u:-n\to 1-n$):
$$c_k = \sum_{n\in\mathbb Z} e^{-2\pi i k n}\int_{-n}^{1-n}\operatorname{sinc}(u)\,e^{-2\pi i k u}\,du.$$

Since $k,n\in\mathbb Z$, $e^{-2\pi i k n}=1$. The intervals $[-n,\,1-n]$ for $n\in\mathbb Z$ partition $\mathbb R$, so
$$c_k = \int_{-\infty}^{\infty}\operatorname{sinc}(u)\,e^{-2\pi i k u}\,du = \widehat{\operatorname{sinc}}(k).$$

### Step 3. Fourier transform of $\operatorname{sinc}$

The rectangular pulse $\mathbf{1}_{[-1/2,\,1/2]}(f)$ has inverse Fourier transform
$$\int_{-1/2}^{1/2} e^{2\pi i f u}\,df = \frac{e^{i\pi u}-e^{-i\pi u}}{2\pi i u} = \frac{\sin(\pi u)}{\pi u} = \operatorname{sinc}(u).$$

By Fourier inversion symmetry, $\widehat{\operatorname{sinc}} = \mathbf{1}_{[-1/2,\,1/2]}$ (with value $1/2$ at the boundary points $|f|=\tfrac12$). Therefore, for **integer** $k$:
- $k=0$: $|0|<\tfrac12$, so $c_0 = 1$.
- $k\neq 0$: $|k|\ge 1 > \tfrac12$, so $c_k = 0$.

(The boundary value $1/2$ at $|k|=\tfrac12$ is irrelevant since no nonzero integer has $|k|=\tfrac12$.)

### Step 4. Conclusion

All Fourier coefficients vanish except $c_0=1$, hence
$$g(y) = c_0 = 1 \qquad \text{for all } y\in\mathbb R.$$

**Consistency check at integers.** When $y=m\in\mathbb Z$, the term $n=m$ gives $\operatorname{sinc}(0)=1$, while every other term $\operatorname{sinc}(n-m)=\frac{\sin(\pi(n-m))}{\pi(n-m)}=0$ since $n-m$ is a nonzero integer. So $g(m)=1$, matching the result.

### Final answer

$$\boxed{g(y) = \sum_{n=-\infty}^{\infty} \frac{\sin(\pi(n-y))}{\pi(n-y)} = 1.}$$

### PROOF COMPLETE
DEVIN_CLI_EXITED code=0
