Looking at this problem, I need to solve:
$$y^2 u_{xx} - 2y u_{xy} + u_{yy} = u_x + 6y.$$

## Step 1: Identify the operator structure

The left-hand side can be factored. Consider the operator $D = y\partial_x - \partial_y$:

$$D^2 u = (y\partial_x - \partial_y)(y u_x - u_y) = y(y\,u_{xx} - u_{xy}) - (u_x + y\,u_{xy} - u_{yy})$$
$$= y^2 u_{xx} - 2y\,u_{xy} + u_{yy} - u_x.$$

So the PDE becomes:
$$D^2 u + u_x = u_x + 6y \implies D^2 u = 6y.$$

## Step 2: Reduce to canonical form via characteristic coordinates

The characteristics of $D = y\partial_x - \partial_y$ satisfy $\frac{dx}{y} = \frac{dy}{-1}$, giving $x = -\frac{y^2}{2} + C$. Set:

$$\xi = x + \tfrac{y^2}{2}, \qquad \eta = y.$$

Computing the partial derivatives:
- $\partial_x = \partial_\xi$ (since $\xi_x=1,\;\eta_x=0$),
- $\partial_y = y\,\partial_\xi + \partial_\eta$ (since $\xi_y=y,\;\eta_y=1$).

Then $D = y\partial_\xi - (y\partial_\xi + \partial_\eta) = -\partial_\eta$, so $D^2 = \partial_{\eta\eta}$.

The PDE reduces to:
$$u_{\eta\eta} = 6\eta.$$

## Step 3: Solve the reduced equation

Integrate twice with respect to $\eta$ (treating $\xi$ as a parameter):

$$u_\eta = 3\eta^2 + \phi(\xi),$$
$$u = \eta^3 + \eta\,\phi(\xi) + \psi(\xi),$$

where $\phi$ and $\psi$ are arbitrary twice-differentiable functions.

## Step 4: Verify

Substituting $u = y^3 + y\,\phi(\xi) + \psi(\xi)$ with $\xi = x + y^2/2$ back into the original PDE:

- $u_x = y\phi'(\xi) + \psi'(\xi)$,
- $u_{xx} = y\phi''(\xi) + \psi''(\xi)$,
- $u_{xy} = \phi'(\xi) + y^2\phi''(\xi) + y\psi''(\xi)$,
- $u_{yy} = 6y + 3y\phi'(\xi) + y^3\phi''(\xi) + \psi'(\xi) + y^2\psi''(\xi)$.

Then:
$$\text{LHS} = y^2(y\phi''+\psi'') - 2y(\phi'+y^2\phi''+y\psi'') + (6y+3y\phi'+y^3\phi''+\psi'+y^2\psi'')$$
$$= (y^3-2y^3+y^3)\phi'' + (y^2-2y^2+y^2)\psi'' + (-2y+3y)\phi' + 6y + \psi'$$
$$= y\phi'(\xi) + \psi'(\xi) + 6y.$$

$$\text{RHS} = u_x + 6y = y\phi'(\xi) + \psi'(\xi) + 6y. \quad\checkmark$$

## General Solution

$$\boxed{u(x,\,y) \;=\; y^{3} \;+\; y\,\phi\!\!\left(x+\tfrac{y^{2}}{2}\right) \;+\; \psi\!\!\left(x+\tfrac{y^{2}}{2}\right)}$$

where $\phi$ and $\psi$ are arbitrary twice-continuously-differentiable functions of one variable.

### PROOF COMPLETE
DEVIN_CLI_EXITED code=0
