Looking at this problem, I need to find the longest run of consecutive positive integers where each has a digit sum divisible by 5.

## Proof

**Setup.** Let $d(m)$ denote the digit sum of $m$. We seek the maximum $n$ such that there exist consecutive integers $a, a+1, \dots, a+n-1$ with $d(a+i) \equiv 0 \pmod{5}$ for all $0 \le i \le n-1$.

**Key lemma (digit sum under increment).** Let $v(m)$ be the number of trailing 9s of $m$ (i.e., the largest $k$ such that $m \equiv 10^k - 1 \pmod{10^k}$). When we add 1 to $m$, the $k$ trailing 9s become 0s and the next digit increases by 1, so:

$$d(m+1) = d(m) - 9v(m) + 1.$$

**Condition for two consecutive valid numbers.** Suppose $d(m) \equiv 0 \pmod{5}$ and $d(m+1) \equiv 0 \pmod{5}$. Then:

$$d(m+1) - d(m) = 1 - 9v(m) \equiv 0 \pmod{5}.$$

Since $9 \equiv 4 \pmod{5}$, this gives $1 - 4v(m) \equiv 0 \pmod{5}$, i.e., $4v(m) \equiv 1 \pmod{5}$. Multiplying both sides by $4$ (the inverse of $4$ mod $5$): $v(m) \equiv 4 \pmod{5}$.

So $v(m) \in \{4, 9, 14, \dots\}$; in particular **$v(m) \ge 4$**, meaning $m$ must end in at least four 9s.

**No three consecutive valid numbers exist.** Suppose $d(m), d(m+1), d(m+2)$ are all $\equiv 0 \pmod{5}$. From the lemma applied to the step $m \to m+1$, we need $v(m) \equiv 4 \pmod{5}$, so $v(m) \ge 1$. But if $v(m) \ge 1$, then $m$ ends in at least one 9, so $m+1$ ends in at least one 0 (the carry turns trailing 9s into 0s). Therefore $v(m+1) = 0$.

Now apply the lemma to the step $m+1 \to m+2$: we need $v(m+1) \equiv 4 \pmod{5}$, but $v(m+1) = 0 \not\equiv 4 \pmod{5}$. **Contradiction.**

Therefore no three consecutive integers can all have digit sum divisible by 5, so $n \le 2$.

**Achievability of $n = 2$.** Take $a = 49999$:
- $d(49999) = 4 + 9 + 9 + 9 + 9 = 40 \equiv 0 \pmod{5}$. ✓
- $d(50000) = 5 \equiv 0 \pmod{5}$. ✓

Here $v(49999) = 4 \equiv 4 \pmod{5}$, confirming the condition. The next integer $50001$ has digit sum $6 \not\equiv 0 \pmod{5}$, as expected.

**Conclusion.** The maximum possible number of codes is:

$$\boxed{n = 2}$$

### PROOF COMPLETE
DEVIN_CLI_EXITED code=0
