Looking at this problem, I need to find the number of elements $a \in L$ whose orbit under the cyclic Galois group forms a normal basis.

**Answer Leak Check:** The problem text contains no leaked solutions, answer values, or proof sketches. Proceeding to solve.

---

## Proof

**Setup.** Let $L/K$ be Galois with $\operatorname{Gal}(L/K) = \langle \phi \rangle$ cyclic of order $n$, so $[L:K] = n$. We seek the number of $a \in L$ such that $\{a, \phi(a), \dots, \phi^{n-1}(a)\}$ is a $K$-basis of $L$ (a *normal basis generator*).

**Step 1: Identify $L$ with the ring $R = K[x]/(x^n - 1)$.**

By the Normal Basis Theorem, a normal basis generator $b$ exists. The map
$$\Psi: K[x] \to L, \quad f(x) \mapsto f(\phi)(b)$$
is a surjective $K[x]$-module homomorphism (where $x$ acts on $L$ via $\phi$). Since $\phi^n = \mathrm{id}$, the polynomial $x^n - 1$ lies in the kernel. Both $R = K[x]/(x^n-1)$ and $L$ have $K$-dimension $n$, so $\Psi$ descends to a $K[x]$-module isomorphism $R \xrightarrow{\sim} L$. Under this isomorphism, multiplication by $x$ in $R$ corresponds to applying $\phi$ in $L$.

**Step 2: Normal basis generators correspond to units of $R$.**

An element $a \in L$ corresponds to $\bar{a} \in R$. The set $\{a, \phi(a), \dots, \phi^{n-1}(a)\}$ corresponds to $\{\bar{a}, x\bar{a}, \dots, x^{n-1}\bar{a}\}$. This is a $K$-basis of $R$ (equivalently, of $L$) if and only if $\bar{a}$ generates $R$ as a $K[x]$-module, i.e., there exists $f(x) \in K[x]$ with $f(x)\cdot\bar{a} = 1$ in $R$. Since $R$ is commutative, this holds **if and only if $\bar{a}$ is a unit in $R$**.

Therefore:

$$\boxed{\text{The number of such elements } a \text{ equals } |R^\times|, \text{ the number of units in } K[x]/(x^n-1).}$$

**Step 3: Explicit formulas.**

*Case 1: $K$ is infinite.* The non-units of $R$ form a finite union of proper $K$-subvarieties (the zero sets of the irreducible factors of $x^n - 1$), which cannot cover $R$. Hence $|R^\times| = |K|$ (infinite).

*Case 2: $K = \mathbb{F}_q$, $\operatorname{char}(K) = p$, $p \nmid n$.* Then $x^n - 1$ is squarefree. Factor it over $\mathbb{F}_q$ as
$$x^n - 1 = f_1(x) \cdots f_r(x), \quad \deg f_i = d_i, \quad \sum d_i = n.$$
By the Chinese Remainder Theorem, $R \cong \prod_{i=1}^r \mathbb{F}_{q^{d_i}}$, so
$$|R^\times| = \prod_{i=1}^r (q^{d_i} - 1).$$

*Case 3: $K = \mathbb{F}_q$, $p \mid n$.* Write $n = p^a \cdot m$ with $\gcd(p, m) = 1$. Then $x^n - 1 = (x^m - 1)^{p^a}$. Factor $x^m - 1 = f_1 \cdots f_r$ with $\deg f_i = d_i$, $\sum d_i = m$. By CRT,
$$R \cong \prod_{i=1}^r \mathbb{F}_q[x]/(f_i^{p^a}).$$
Each factor is a local ring with residue field $\mathbb{F}_{q^{d_i}}$ and maximal ideal of index $q^{d_i}$, so its unit group has size $q^{d_i p^a} - q^{d_i(p^a - 1)} = q^{d_i(p^a-1)}(q^{d_i}-1)$. Therefore
$$|R^\times| = \prod_{i=1}^r q^{d_i(p^a-1)}(q^{d_i}-1) = q^{(p^a-1)m}\prod_{i=1}^r(q^{d_i}-1) = q^{n-m}\prod_{i=1}^r(q^{d_i}-1).$$

**Verification (Case 2, $K = \mathbb{F}_3$, $n=2$).** Here $x^2-1 = (x-1)(x+1)$, so $d_1=d_2=1$ and $|R^\times| = (3-1)(3-1) = 4$. Writing $L = \mathbb{F}_3[i]$ with $i^2 = -1$, the element $a = \alpha + \beta i$ has $a^3 = \alpha + 2\beta i$, and $\{a, a^3\}$ is a basis iff $\det\begin{pmatrix}\alpha & \alpha \\ \beta & 2\beta\end{pmatrix} = \alpha\beta \neq 0$, giving $2 \times 2 = 4$ elements. ✓

**Conclusion.** The number of distinct $a \in L$ such that $\{a, \phi(a), \dots, \phi^{n-1}(a)\}$ is a $K$-basis of $L$ equals the number of units in the ring $K[x]/(x^n - 1)$. For $K = \mathbb{F}_q$ with $\gcd(q,n)=1$ and $x^n-1 = \prod_{i=1}^r f_i$ ($\deg f_i = d_i$), this number is $\prod_{i=1}^r(q^{d_i}-1)$; when $p \mid n$ with $n = p^a m$, it is $q^{n-m}\prod_{i=1}^r(q^{d_i}-1)$ where $x^m-1 = \prod f_i$.

### PROOF COMPLETE
DEVIN_CLI_EXITED code=0
