**Answer Leak Self-Check:** The problem text contains no leaked answers, solutions, or solution sketches. Proceeding to solve.

## Proof

Let $\Phi_p(X) = X^{p-1} + X^{p-2} + \cdots + X + 1 = \dfrac{X^p - 1}{X - 1}$.

We seek the least positive integer $a$ belonging to the ideal
$$I = \langle\, X-1,\; \Phi_p(X)\,\rangle \subseteq \mathbb{Z}[X],$$
restricted to constant polynomials.

---

**Step 1: $p \in I$ (achievability).**

Since $\Phi_p(1) = p$, we have $\Phi_p(X) - p = \sum_{k=0}^{p-1}(X^k - 1) = \sum_{k=1}^{p-1}(X^k - 1)$. Each factor $X^k - 1 = (X-1)(X^{k-1} + X^{k-2} + \cdots + 1)$ is divisible by $X-1$ in $\mathbb{Z}[X]$, so

$$\Phi_p(X) - p = (X-1)\underbrace{\sum_{k=1}^{p-1}\sum_{j=0}^{k-1} X^j}_{=:\, h(X) \,\in\, \mathbb{Z}[X]}.$$

Rearranging:
$$p = (X-1)\bigl(-h(X)\bigr) + \Phi_p(X)\cdot 1.$$

Taking $f(X) = -h(X)$ and $g(X) = 1$ (both integer polynomials) shows $p \in I$. Hence the least positive $a$ is at most $p$.

---

**Step 2: $p \mid a$ for every constant $a \in I$ (lower bound).**

Suppose $a = (X-1)f(X) + \Phi_p(X)\,g(X)$ with $f, g \in \mathbb{Z}[X]$ and $a \in \mathbb{Z}$. Evaluate at $X = 1$:

$$a = (1-1)\,f(1) + \Phi_p(1)\,g(1) = 0 + p\cdot g(1).$$

Since $g$ has integer coefficients, $g(1) \in \mathbb{Z}$, so $p \mid a$.

---

**Step 3: Conclusion.**

- Every positive integer $a$ expressible in the required form is a multiple of $p$ (Step 2), so $a \geq p$.
- $p$ itself is expressible in the required form (Step 1).

Therefore the least positive integer $a$ is $\boxed{p}$.

### PROOF COMPLETE
DEVIN_CLI_EXITED code=0
