## 解答

**泄漏检查：** 问题文本不包含任何泄露的答案、解决方案或形式化说明。继续执行。

**问题。** 设 $X_i \sim \text{Bernoulli}(\theta/n)$ 和 $Y_i \sim \text{Poisson}(\theta/n)$ 为独立同分布随机变量，其中 $n \ge \theta \ge 0$。定义 $T_n = \sum_{i=1}^{n^2} X_i$ 和 $S_n = \sum_{i=1}^{n^2} Y_i$。确定当 $n \to \infty$ 时 $S_n/T_n$ 的极限分布。$\theta$ 为常数参数。

---

**证明。**

我们考虑 $\theta > 0$ 的情况（当 $\theta = 0$ 时，对所有 $n$ 都有 $T_n = 0$ a.s.，使得比值 $S_n/T_n$ 无定义，因此问题仅在 $\theta > 0$ 时有意义）。

**步骤 1：$S_n$ 和 $T_n$ 的精确分布。**

由于 $Y_i$ 为独立同分布的 $\text{Poisson}(\theta/n)$，独立泊松随机变量的和仍为泊松分布：

$$S_n = \sum_{i=1}^{n^2} Y_i \sim \text{Poisson}\!\left(n^2 \cdot \frac{\theta}{n}\right) = \text{Poisson}(n\theta).$$

因此 $E[S_n] = n\theta$ 且 $\text{Var}(S_n) = n\theta$。

由于 $X_i$ 为独立同分布的 $\text{Bernoulli}(\theta/n)$，

$$T_n = \sum_{i=1}^{n^2} X_i \sim \text{Binomial}\!\left(n^2, \frac{\theta}{n}\right),$$

因此 $E[T_n] = n^2 \cdot \frac{\theta}{n} = n\theta$ 且 $\text{Var}(T_n) = n^2 \cdot \frac{\theta}{n}\left(1 - \frac{\theta}{n}\right) = n\theta\left(1 - \frac{\theta}{n}\right) \le n\theta$。

**步骤 2：$S_n$ 和 $T_n$ 的弱大数定律。**

对于任意 $\varepsilon > 0$，利用切比雪雪夫不等式：

$$P\!\left(\left|\frac{S_n}{n\theta} - 1\right| > \varepsilon\right) = P\!\left(|S_n - n\theta| > \varepsilon\, n\theta\right) \le \frac{\text{Var}(S_n)}{\varepsilon^2 n^2\theta^2} = \frac{n\theta}{\varepsilon^2 n^2 \theta^2} = \frac{1}{\varepsilon^2 n\theta} \xrightarrow{n\to\infty} 0.$$

因此 $\dfrac{S_n}{n\theta} \xrightarrow{p} 1$。

类似地，

$$P\!\left(\left|\frac{T_n}{n\theta} - 1\right| > \varepsilon\right) \le \frac{\text{Var}(T_n)}{\varepsilon^2 n^2\theta^2} = \frac{n\theta(1-\theta/n)}{\varepsilon^2 n^2\theta^2} \le \frac{1}{\varepsilon^2 n\theta} \xrightarrow{n\to\infty} 0.$$

因此 $\dfrac{T_n}{n\theta} \xrightarrow{p} 1$。

**步骤 3：比值的极限。**

由于 $\theta > 0$，我们有 $n\theta \to \infty$，因此 $T_n \xrightarrow{p} \infty$（特别地，$P(T_n = 0) \to 0$，因为 $T_n \sim \text{Binomial}(n^2, \theta/n)$ 且 $P(T_n = 0) = (1-\theta/n)^{n^2} \le e^{-n\theta} \to 0$）。这确保了对于足够大的 $n$，比值 $S_n/T_n$ 以接近 1 的概率是良定义的。

利用（概率上的）连续映射定理，由于函数 $g(u,v) = u/v$ 在 $u = 1, v = 1$ 附近连续且 $v = 1 \neq 0$：

$$\frac{S_n}{T_n} = \frac{S_n/(n\theta)}{T_n/(n\theta)} \xrightarrow{p} \frac{1}{1} = 1.$$

（等价地，这可以通过 Slutsky 定理得出：$S_n/(n\theta) \xrightarrow{p} 1$ 且 $T_n/(n\theta) \xrightarrow{p} 1$，因此它们的比值依概率收敛于 1。）

**步骤 4：结论。**

依概率收敛意味着依分布收敛。因此

$$\frac{S_n}{T_n} \xrightarrow{d} 1,$$

即 $S_n/T_n$ 的极限分布是在 $1$ 处的退化（点质量）分布 $\delta_1$。

对于 $\theta = 0$ 的情况，$T_n = 0$ a.s.，比值无定义，因此极限分布仅在 $\theta > 0$ 时存在。对于所有 $\theta > 0$，极限为在 $1$ 处的点质量。

### 证明完成
DEVIN_CLI_EXITED code=0
