# 解答

**主张（Hasse 原理 / 局部-全局原理）：** 自然局部化映射

$$\lambda \colon H^{1}(\mathbb{Q}, G) \;\longrightarrow\; \prod_{v} H^{1}(\mathbb{Q}_{v}, G),$$

其中 $v$ 取遍 $\mathbb{Q}$ 的所有位（所有素数 $p$ 及 $v=\infty$），是 **单射**。等价地，一个全局上同调类是平凡的当且仅当它在每个局部域上是平凡的。

---

## 情形 1：$G = O(\varphi)$

$O(\varphi)$ 是二次型 $\varphi$ 的自同构群。由 Galois 上同调的扭转（twisting）理论，$H^{1}(k, O(\varphi))$ 分类 $\dim \varphi$ 维非退化二次型在 $k$ 上的同构类（即 $(V,\varphi)$ 的 $k$-形式，也就是同维数的二次空间）。

局部化映射 $\lambda$ 将 $\mathbb{Q}$ 上的二次型 $q$ 映到其所有局部化 $(q\otimes\mathbb{Q}_{v})_{v}$。$\lambda$ 的单射性表述为：

> $\mathbb{Q}$ 上两个同维数非退化二次型同构当且仅当它们在每个 $\mathbb{Q}_{v}$ 上同构。

这正是 **Hasse–Minkowski 定理**。二次型由维数、判别式和 Hasse 不变量完全分类（局部和全局皆然），且这些不变量满足局部-全局原理：处处局部同构 $\Rightarrow$ 全局同构。故 $\lambda$ 单射。$\checkmark$

---

## 情形 2：$G$ 是伴随群

设 $G_{\mathrm{sc}}$ 为 $G$ 的单连通覆盖，$Z = \ker(G_{\mathrm{sc}} \to G)$ 为 $G_{\mathrm{sc}}$ 的中心。有中心正合列

$$1 \to Z \to G_{\mathrm{sc}} \to G \to 1,$$

它诱导 Galois 上同调长正合列

$$H^{1}(k, G_{\mathrm{sc}}) \xrightarrow{\;\alpha\;} H^{1}(k, G) \xrightarrow{\;\delta\;} H^{2}(k, Z) \xrightarrow{\;\beta\;} H^{2}(k, G_{\mathrm{sc}}).$$

### 步骤 1：$H^{1}(k, G_{\mathrm{sc}}) = 1$（$k = \mathbb{Q}$ 及各 $k = \mathbb{Q}_{v}$）

这是 **Kneser–Harder–Chernousov 定理**：对数域 $k$ 上任意单连通半单群 $G_{\mathrm{sc}}$，$H^{1}(k, G_{\mathrm{sc}}) = 1$。全局（$k=\mathbb{Q}$）和局部（$k = \mathbb{Q}_{v}$，含 $v=\infty$）均成立。

### 步骤 2：连接同态 $\delta \colon H^{1}(k, G) \to H^{2}(k, Z)$ 单射

因 $H^{1}(k, G_{\mathrm{sc}}) = 1$，$\alpha$ 平凡，故 $\delta$ 单射。此对 $k = \mathbb{Q}$ 及各 $\mathbb{Q}_{v}$ 均成立。

### 步骤 3：局部化映射 $H^{2}(\mathbb{Q}, Z) \to \prod_{v} H^{2}(\mathbb{Q}_{v}, Z)$ 单射

$Z$ 是 $\mathbb{Q}$ 上的有限乘法型群概形（单连通半单群的中心）。定义 Tate–Shafarevich 群

$$\text{Ш}^{2}(\mathbb{Q}, Z) := \ker\!\Big(H^{2}(\mathbb{Q}, Z) \to \prod_{v} H^{2}(\mathbb{Q}_{v}, Z)\Big).$$

由 **Poitou–Tate 对偶**，$\text{Ш}^{2}(\mathbb{Q}, Z)$ 与 $\text{Ш}^{1}(\mathbb{Q}, Z^{D})$ Pontryagin 对偶，其中 $Z^{D} = \underline{\mathrm{Hom}}(Z, \mathbb{G}_{m})$ 是 $Z$ 的 Cartier 对偶——$\mathbb{Q}$ 上的有限 étale 群概形（即有限 $\mathrm{Gal}(\bar{\mathbb{Q}}/\mathbb{Q})$-模）。

**断言：** 对任意有限 Galois 模 $M$，$\text{Ш}^{1}(\mathbb{Q}, M) = 0$。

*证明.* $H^{1}(\mathbb{Q}, M)$ 的元素对应于 $M$-挠子 $X/\mathbb{Q}$，即有限 étale $\mathbb{Q}$-概形。若 $X$ 处处局部平凡，则 $X(\mathbb{Q}_{v}) \neq \emptyset$ 对所有 $v$ 成立。因 $X$ 是 $M$-挠子（传递 $M$-作用），$X = \mathrm{Spec}(L)$，其中 $L/\mathbb{Q}$ 为 $\deg = |M|$ 的有限可分扩张。设 $L \neq \mathbb{Q}$（非平凡），取 $L/\mathbb{Q}$ 的 Galois 闭包 $L'$，群 $\mathcal{G} = \mathrm{Gal}(L'/\mathbb{Q})$，$H = \mathrm{Gal}(L'/L) \subsetneq \mathcal{G}$。共轭并集 $\bigcup_{g} gHg^{-1} \subsetneq \mathcal{G}$（因 $|\mathcal{G}/H| = |M| > 1$，$\mathcal{G}$ 在 $\mathcal{G}/H$ 上忠实作用）。由 **Chebotarev 密度定理**，存在位 $v$ 其 Frobenius 共轭类落在 $\bigcup_{g} gHg^{-1}$ 之外。在此 $v$，$L$ 不嵌入 $\mathbb{Q}_{v}$（Frobenius 在 $\mathcal{G}/H$ 上无不动点），故 $X(\mathbb{Q}_{v}) = \emptyset$，矛盾。因此 $L = \mathbb{Q}$，挠子平凡。$\square$

故 $\text{Ш}^{1}(\mathbb{Q}, Z^{D}) = 0$，由 Poitou–Tate 对偶得 $\text{Ш}^{2}(\mathbb{Q}, Z) = 0$，即局部化映射 $H^{2}(\mathbb{Q}, Z) \to \prod_{v} H^{2}(\mathbb{Q}_{v}, Z)$ 单射。

### 步骤 4：综合

考虑交换图

$$\begin{array}{ccc}
H^{1}(\mathbb{Q}, G) & \xrightarrow{\;\delta\;} & H^{2}(\mathbb{Q}, Z) \\[4pt]
\downarrow{\lambda} & & \downarrow{\mu} \\[4pt]
\prod_{v} H^{1}(\mathbb{Q}_{v}, G) & \xrightarrow{\;\prod\delta_{v}\;} & \prod_{v} H^{2}(\mathbb{Q}_{v}, Z)
\end{array}$$

- 水平映射 $\delta$、$\delta_{v}$ 单射（步骤 2）；
- 右竖映射 $\mu$ 单射（步骤 3）。

设 $x \in \ker(\lambda)$。由交换性 $\mu(\delta(x)) = (\prod\delta_{v})(\lambda(x)) = 0$。$\mu$ 单射 $\Rightarrow$ $\delta(x) = 0$。$\delta$ 单射 $\Rightarrow$ $x = 0$。

故 $\lambda$ 单射。$\blacksquare$

---

## 结论

在两种情形下，**Hasse 局部-全局原理均成立**：自然映射

$$\boxed{H^{1}(\mathbb{Q}, G) \;\hookrightarrow\; \prod_{v \leq \infty} H^{1}(\mathbb{Q}_{v}, G)}$$

是单射。即全局上同调类由其所有局部化完全决定，平凡当且仅当处处局部平凡。

- 对 $G = O(\varphi)$：这是 Hasse–Minkowski 二次型局部-全局原理。
- 对 $G$ 伴随群：由 Kneser–Harder–Chernousov 定理（$H^{1}(k, G_{\mathrm{sc}}) = 1$）结合 Poitou–Tate 对偶（$\text{Ш}^{2}(\mathbb{Q}, Z) = 0$）经中心正合列推出。

### PROOF COMPLETE
DEVIN_CLI_EXITED code=0
