Error: Agent error: Permission denied: Permission denied: Reached overall message rate limit. Please try again later. Your limit will reset in 9 minutes. (trace ID: 491b36d9546091654e7a94b74596d405): {
  "cognition.ai/errorKind": "internal",
  "cognition.ai/retryable": true
}
DEVIN_CLI_EXITED code=1
Error: Agent error: Permission denied: Permission denied: Reached overall message rate limit. Please try again later. Your limit will reset in 15 minutes. (trace ID: 1e89f44213dbe596bf5ef4ae15338c82): {
  "cognition.ai/errorKind": "internal",
  "cognition.ai/retryable": true
}
Error: Agent error: Your daily usage quota has been exhausted. Visit https://app.devin.ai/settings/usage to purchase on-demand usage or turn on auto-reload. (trace ID: 5e39dac45c80fc695bf949da137253ca): {
  "cognition.ai/errorKind": "resource_exhausted",
  "cognition.ai/retryable": true
}
DEVIN_CLI_EXITED code=1
```xml
<audit>
  <analysis_result_key>2272219</analysis_result_key>
  <problem_id>polymath_00230</problem_id>
  <audit_status>PASS_SELECTABLE</audit_status>
  <check_results>
    <A1>PASS: dimension1_verdict is DIRECTION_ERROR, a valid enum value.</A1>
    <A2>PASS: dimension1_explanation is non-empty and well over 50 characters.</A2>
    <A3>PASS: dimension2_turning_point_type is "other", a valid enum value.</A3>
    <A4>PASS: dimension2_explanation is non-empty and well over 50 characters.</A4>
    <A5>PASS: ai_direction_summary is non-empty.</A5>
    <A6>PASS: standard_solution_key_technique is non-empty.</A6>
    <B1>PASS: no XML tag leaks in either explanation.</B1>
    <B2>PASS: no template placeholder leaks in either explanation.</B2>
    <B3>PASS: both explanations exceed 50 characters.</B3>
    <C1>PASS: d1=DIRECTION_ERROR and d2 has a value, consistent.</C1>
    <C2>PASS: d1_exp describes a wrong direction (explicit construction vs. global mod-6 condition), matching DIRECTION_ERROR.</C2>
    <C3>PASS: d2_exp describes a composite-modulus mod-6 condition that does not fit prime-modulus categories, matching "other".</C3>
    <D1>PASS: d1_exp is over 100 chars and contains action verbs ("pursued", "trying", "considered", "enumerating").</D1>
    <D2>PASS: d2_exp is over 100 chars and contains mathematical terms (divisibility, mod-3, mod-2 parity, composite-modulus).</D2>
    <D3>PASS: ai_direction_summary describes the actual direction (explicit coloring construction and local constraint propagation on small cases).</D3>
    <D4>PASS: standard_solution_key_technique describes the specific technique (necessary and sufficient condition that both dimensions divisible by 6, counting multiples of 6 in [5,50]).</D4>
    <E1>UNKNOWN — check via script</E1>
  </check_results>
  <issues_found>none</issues_found>
</audit>
```

### AUDIT COMPLETE
DEVIN_CLI_EXITED code=0
