Looking at this problem, I need to find the 101st smallest integer representable as $3^a + 3^b + 3^c$ where $a, b, c \in \mathbb{Z}$.

## Step 1: Determine which integers are representable

**Negative exponents:** Let $m = \min(a,b,c) < 0$. Factoring out $3^m$: the sum becomes $3^m \cdot S$ where $S$ is a sum of terms $\geq 1$. For the result to be an integer, $3^{-m} \mid S$.

- If all three exponents equal $m$: $S = 3$, need $3^{-m} \mid 3$, so $m \geq -1$. Only $m = -1$ works, giving $3^{-1} \cdot 3 = 1$.
- If exactly two equal $m$: $S \equiv 2 \pmod{3}$, not divisible by 3. Impossible.
- If all distinct: $S \equiv 1 \pmod{3}$, not divisible by 3. Impossible.

**So the only integer from negative exponents is 1.**

**Non-negative exponents** ($a \leq b \leq c$, all $\geq 0$):
- All equal ($a=b=c$): gives $3^{a+1}$ — a power of 3, base-3 digit sum = 1.
- Two equal or all distinct: gives a number whose base-3 digit sum = 3.

These three categories (1, powers of 3 ≥ 3, digit-sum-3 numbers) are **disjoint**.

## Step 2: Count representable integers below $3^k$

Numbers $< 3^k$ with base-3 digit sum exactly 3: coefficient of $x^3$ in $(1+x+x^2)^k = \frac{k(k+4)(k-1)}{6}$.

Adding powers of 3 ($3^1, \ldots, 3^{k-1}$, giving $k-1$) and the number 1:

$$f(k) = 1 + (k-1) + \frac{k(k+4)(k-1)}{6} = k + \frac{k(k+4)(k-1)}{6}$$

Computing:
- $f(7) = 7 + \frac{7 \cdot 11 \cdot 6}{6} = 7 + 77 = 84$
- $f(8) = 8 + \frac{8 \cdot 12 \cdot 7}{6} = 8 + 112 = 120$

So the 101st smallest lies in $[3^7, 3^8) = [2187, 6561)$. We need the $(101 - 84) = 17$th representable integer $\geq 2187$.

## Step 3: Enumerate representable integers in $[2187, 6561)$

These are 8-digit base-3 numbers (positions 0–7).

**Position 1:** $3^7 = 2187$ (power of 3, digit sum 1).

**Positions 2–29:** Numbers with leading digit 1 (digit sum 3 total, so remaining 7 digits sum to 2). The offset $v$ from 2187 has 7-digit base-3 digit sum 2. There are 28 such offsets, sorted:

| Rank | $v$ | Value | Decomposition |
|------|-----|-------|---------------|
| 1 | 2 | 2189 | $3^7+2\cdot3^0$ |
| 2 | 4 | 2191 | $3^7+3^0+3^1$ |
| 3 | 6 | 2193 | $3^7+2\cdot3^1$ |
| 4 | 10 | 2197 | $3^7+3^0+3^2$ |
| 5 | 12 | 2199 | $3^7+3^1+3^2$ |
| 6 | 18 | 2205 | $3^7+2\cdot3^2$ |
| 7 | 28 | 2215 | $3^7+3^0+3^3$ |
| 8 | 30 | 2217 | $3^7+3^1+3^3$ |
| 9 | 36 | 2223 | $3^7+3^2+3^3$ |
| 10 | 54 | 2241 | $3^7+2\cdot3^3$ |
| 11 | 82 | 2269 | $3^7+3^0+3^4$ |
| 12 | 84 | 2271 | $3^7+3^1+3^4$ |
| 13 | 90 | 2277 | $3^7+3^2+3^4$ |
| 14 | 108 | 2295 | $3^7+3^3+3^4$ |
| 15 | 162 | 2349 | $3^7+2\cdot3^4$ |
| **16** | **244** | **2431** | $3^7+3^0+3^5$ |

The 17th representable integer $\geq 2187$ (counting 2187 as 1st) corresponds to the 16th offset, which is $v = 244$.

## Step 4: Verify

$$2431 = 3^7 + 3^5 + 3^0 = 2187 + 243 + 1 = 2431$$

Base-3 representation: $10100001_3$, digit sum $= 1+0+1+0+0+0+0+1 = 3$ ✓

Check that 2430 is **not** representable: $2430 = 3^7 + 3^5 = 2187 + 243$, base-3 $= 10010000_3$, digit sum 2 — not a power of 3 and digit sum ≠ 3, so not representable. ✓

## Answer

The 101st smallest integer representable as $3^a + 3^b + 3^c$ is $\boxed{2431}$.

### PROOF COMPLETE
DEVIN_CLI_EXITED code=0
