Looking at this problem, I need to determine whether a connected Hausdorff space with vanishing higher homology must be path-connected.

**Answer: No.** I'll provide a counterexample.

## Counterexample: The Topologist's Sine Curve

Let $T \subset \mathbb{R}^2$ be the **closed topologist's sine curve**:
$$T = \{(x, \sin(1/x)) : 0 < x \le 1\} \;\cup\; \{0\} \times [-1, 1].$$

Set $G = \{(x, \sin(1/x)) : 0 < x \le 1\}$ (the "graph") and $V = \{0\}\times[-1,1]$ (the "vertical segment"), so $T = G \cup V$.

### $T$ is Hausdorff

$T$ is a subspace of $\mathbb{R}^2$, which is Hausdorff. ✓

### $T$ is connected

$G$ is the image of the connected interval $(0,1]$ under the continuous map $x \mapsto (x, \sin(1/x))$, so $G$ is connected. The closure of $G$ in $\mathbb{R}^2$ is $\overline{G} = G \cup V = T$. Since the closure of a connected set is connected, $T$ is connected. ✓

### $T$ is not path-connected

Suppose for contradiction there exists a continuous path $\gamma = (\gamma_1, \gamma_2): [0,1] \to T$ with $\gamma(0) \in V$ and $\gamma(1) \in G$. Let $t^* = \sup\{t \in [0,1] : \gamma(t) \in V\}$. Since $V$ is closed, $\gamma(t^*) \in V$, so $\gamma_1(t^*) = 0$. By definition of $t^*$, there exist $t_k \downarrow t^*$ with $\gamma(t_k) \in G$, meaning $\gamma_1(t_k) > 0$.

Since $\gamma_1$ is continuous, $\gamma_1(t_k) \to \gamma_1(t^*) = 0$. For points in $G$, $\gamma_2(t_k) = \sin(1/\gamma_1(t_k))$. As $\gamma_1(t_k) \to 0^+$, the values $1/\gamma_1(t_k) \to +\infty$, so $\sin(1/\gamma_1(t_k))$ oscillates densely in $[-1,1]$. But $\gamma_2$ is continuous, so $\gamma_2(t_k) \to \gamma_2(t^*)$, a single value. This is a contradiction: a sequence converging to a limit cannot have a subsequence whose $\sin(1/x)$-values are dense in $[-1,1]$.

Therefore no such path exists, and $T$ is not path-connected. ✓

### $H_n(T, \mathbb{Z}) = 0$ for all $n \ge 1$

The path components of $T$ are exactly $G$ and $V$:
- $G \cong (0,1]$ is contractible.
- $V \cong [-1,1]$ is contractible.
- No path connects $G$ to $V$ (shown above), so these are distinct path components.

A standard theorem of singular homology states that for any space $X$ with path components $\{X_\alpha\}_{\alpha}$:
$$H_n(X, \mathbb{Z}) \cong \bigoplus_\alpha H_n(X_\alpha, \mathbb{Z}) \quad \text{for all } n \ge 0.$$

Since both $G$ and $V$ are contractible:
$$H_n(G) = 0 \quad\text{and}\quad H_n(V) = 0 \quad \text{for all } n \ge 1.$$

Therefore:
$$H_n(T, \mathbb{Z}) \cong H_n(G) \oplus H_n(V) = 0 \oplus 0 = 0 \quad \text{for all } n \ge 1. \quad ✓$$

### $H_0(T, \mathbb{Z}) \ne \mathbb{Z}$

$$H_0(T, \mathbb{Z}) \cong H_0(G) \oplus H_0(V) \cong \mathbb{Z} \oplus \mathbb{Z} = \mathbb{Z}^2 \ne \mathbb{Z}.$$

This confirms $T$ has two path components, so it is not path-connected. ✓

## Conclusion

The topologist's sine curve $T$ is a **connected Hausdorff** space with $H_n(T, \mathbb{Z}) = 0$ for all $n \ge 1$, yet $H_0(T, \mathbb{Z}) = \mathbb{Z}^2 \ne \mathbb{Z}$, meaning $T$ is **not path-connected**.

The essential reason is that singular homology decomposes over **path components**, not connected components. The condition $H_n = 0$ for $n \ge 1$ only forces each path component to be acyclic; it says nothing about how many path components a connected space has. A connected space can have multiple path components (each contractible), yielding trivial higher homology while $H_0$ remains larger than $\mathbb{Z}$.

**The implication does not hold.**

### PROOF COMPLETE
DEVIN_CLI_EXITED code=0
