Looking at this problem, I need to find the largest $k$ such that $\phi(\sigma(2^k)) = 2^k$.

**Answer Leak Check:** The problem text contains no leaked solutions or answer values. The hint "$641 \mid 2^{32}+1$" is a legitimate problem hint, not a solution. Proceeding to solve.

---

## Proof

**Step 1: Reduce to a condition on $2^{k+1}-1$.**

Since $\sigma(2^k) = 1 + 2 + 2^2 + \cdots + 2^k = 2^{k+1}-1$, we need:
$$\phi(2^{k+1}-1) = 2^k.$$

Set $N = 2^{k+1}-1$. Then $\phi(N) = 2^k = \frac{N+1}{2} = \frac{N-1}{2}+1$, equivalently $\phi(N) = 2^k$ is a pure power of $2$.

**Step 2: Characterize when $\phi(N)$ is a power of $2$.**

Write $N = \prod p_i^{a_i}$. Then $\phi(N) = \prod p_i^{a_i - 1}(p_i - 1)$. For this to equal $2^k$:
- Each $p_i - 1$ must be a power of $2$, so each $p_i$ is a **Fermat prime** ($p_i = 2^{2^{j}} + 1$ for some $j$).
- Each $a_i = 1$ (since $p_i^{a_i-1}$ is odd and $>1$ if $a_i \geq 2$, introducing an odd factor).

So $N = 2^{k+1}-1$ must be a **product of distinct Fermat primes**.

**Step 3: Show $k+1$ must be a power of $2$.**

Suppose $k+1$ is **not** a power of $2$. Then $k+1$ has an odd prime divisor $q$. Since $q \mid k+1$, we have $2^q - 1 \mid 2^{k+1}-1 = N$.

For any prime $p \mid 2^q - 1$: the order $\text{ord}_p(2)$ divides $q$ (prime), so $\text{ord}_p(2) = q$ (since $\text{ord}_p(2)=1$ would give $p \mid 1$). Thus $q \mid p-1$. Since $q$ is an **odd** prime, $p-1$ has an odd factor, so $p$ is **not** a Fermat prime. Therefore $\phi(N)$ contains the factor $p-1$ with odd part $\geq q > 1$, making $\phi(N)$ not a power of $2$. Contradiction.

Hence $k+1 = 2^m$ for some $m \geq 1$.

**Step 4: Use the Fermat number product identity.**

By the identity $\prod_{i=0}^{m-1} F_i = 2^{2^m}-1$ (where $F_i = 2^{2^i}+1$), we have:
$$N = 2^{2^m}-1 = F_0 \cdot F_1 \cdots F_{m-1}.$$

For $\phi(N) = 2^{2^m - 1}$, **every** $F_i$ ($0 \leq i \leq m-1$) must be prime.

**Step 5: Identify the Fermat primes.**

The known Fermat primes are:
$$F_0 = 3,\quad F_1 = 5,\quad F_2 = 17,\quad F_3 = 257,\quad F_4 = 65537.$$

The hint gives $641 \mid 2^{32}+1 = F_5$, so $F_5 = 4294967297 = 641 \times 6700417$ is **composite**.

**Step 6: Determine the maximum $m$.**

- For $m = 5$: $N = 2^{32}-1 = F_0 F_1 F_2 F_3 F_4 = 3 \cdot 5 \cdot 17 \cdot 257 \cdot 65537$, all prime. Then $\phi(N) = 2 \cdot 4 \cdot 16 \cdot 256 \cdot 65536 = 2^{1+2+4+8+16} = 2^{31}$. ✓ So $k = 31$ works.

- For $m = 6$: $N = 2^{64}-1 = F_0 F_1 \cdots F_5$, and $F_5$ is composite with factor $641$. Since $641 - 1 = 640 = 2^7 \cdot 5$, the factor $641$ contributes an odd factor $5$ to $\phi(N)$. So $\phi(N) \neq 2^k$. ✗

- For $m \geq 7$: $F_5$ remains a factor of $N = 2^{2^m}-1$, so the same obstruction applies. ✗

**Step 7: Verify smaller values (completeness).**

For $m = 1,2,3,4$: $k = 1, 3, 7, 15$ respectively, all work since $F_0, \ldots, F_{m-1}$ are all prime.

**Conclusion.**

The values of $k$ satisfying $\phi(\sigma(2^k)) = 2^k$ are $k \in \{1, 3, 7, 15, 31\}$, and the largest is:

$$\boxed{31}$$

### PROOF COMPLETE
DEVIN_CLI_EXITED code=0
