Looking at this problem, I need to find the minimum number of indices $i$ where $a_i + a_{i+3} > a_{i+1} + a_{i+2}$, given 100 distinct values in a circle.

**Answer Leak Check:** The problem contains no leaked answers or solution sketches. Proceeding.

---

## Proof

**Setup.** Define $b_i = a_i - a_{i+1}$ (indices mod 100). Note $\sum_{i=1}^{100} b_i = 0$ (telescoping). The condition $a_i + a_{i+3} > a_{i+1} + a_{i+2}$ rewrites as:

$$d_i = (a_i - a_{i+1}) - (a_{i+2} - a_{i+3}) = b_i - b_{i+2} > 0.$$

So $i \in S \iff b_i > b_{i+2}$.

**Key observation: parity splitting.** Since $i$ and $i+2$ share the same parity, the comparisons split into two independent cycles:
- **Odd cycle:** $b_1, b_3, b_5, \ldots, b_{99}$ (50 values), with 50 comparisons $b_i > b_{i+2}$ (cyclically).
- **Even cycle:** $b_2, b_4, \ldots, b_{100}$ (50 values), with 50 comparisons.

$|S|$ = (number of strict descents in odd cycle) + (number of strict descents in even cycle).

---

### Lower bound: $|S| \geq 1$

Suppose $|S| = 0$. Then $b_i \leq b_{i+2}$ for all $i$.

**Odd cycle:** $b_1 \leq b_3 \leq b_5 \leq \cdots \leq b_{99} \leq b_1$ (cyclically), so all odd $b_i$ equal some constant $p$.

**Even cycle:** $b_2 \leq b_4 \leq \cdots \leq b_{100} \leq b_2$ (cyclically), so all even $b_i$ equal some constant $q$.

Since $\sum b_i = 50p + 50q = 0$, we get $p + q = 0$, i.e., $q = -p$.

Now from the definitions:
- $a_{2k-1} - a_{2k} = p$ for all $k$,
- $a_{2k} - a_{2k+1} = q = -p$ for all $k$.

Adding: $a_{2k+1} = a_{2k-1} - (p+q) = a_{2k-1}$. So $a_1 = a_3 = a_5 = \cdots = a_{99}$, **contradicting distinctness**. Hence $|S| \geq 1$.

---

### Upper bound: construction achieving $|S| = 1$

Set all odd $b_i = 1$ (so $a_{2k-1} - a_{2k} = 1$, i.e., $a_{2k-1} = a_{2k} + 1$). This gives 0 descents in the odd cycle.

For the even cycle, let $c_k = a_{2k}$. Then $c_{k+1} - c_k = -b_{2k} - 1$. Set $e_k = -b_{2k} - 1$, so $c_{k+1} = c_k + e_k$ and $\sum e_k = 0$.

Choose $e_1 = 49\epsilon$, $e_2 = e_3 = \cdots = e_{50} = -\epsilon$ with $\epsilon = 0.3$.

**Sum:** $49(0.3) + 49(-0.3) = 0$. ✓

**Even $b$ values (cyclic):** $b_2 = -e_1 - 1 = -15.7$; $b_4 = b_6 = \cdots = b_{100} = -e_2 - 1 = -0.7$.

**Descents in even cycle:** $b_{100} = -0.7 > b_2 = -15.7$ ✓ (1 descent); all other consecutive pairs are equal ($-0.7 = -0.7$, not strict). So exactly **1 descent**.

**Distinctness of $c_k$:** $c_1 = 0$, $c_2 = 14.7$, $c_3 = 14.4$, $\ldots$, $c_k = (50-k)\cdot 0.3$ for $k=2,\ldots,50$, giving $c_{50} = 0.3$. All values $\{0, 0.3, 0.6, \ldots, 14.7\}$ are distinct. ✓

**No two $c_k$ differ by 1:** All differences are multiples of $0.3$; since $1/0.3 = 10/3 \notin \mathbb{Z}$, no difference equals 1. ✓

**All $a_i$ distinct:** $a_{2k} = c_k$ (all distinct), $a_{2k-1} = c_k + 1$ (all distinct since $c_k$ distinct), and $a_{2k-1} = c_k + 1 \neq c_j$ for any $j$ (since no $c_j - c_k = 1$). ✓

**Counting $|S|$:**
- Odd $i$: $d_i = b_i - b_{i+2} = 1 - 1 = 0$, not $> 0$. (0 quadrants)
- Even $i \neq 100$: $d_i = -0.7 - (-0.7) = 0$, not $> 0$. (0 quadrants)
- $i = 100$: $d_{100} = b_{100} - b_2 = -0.7 - (-15.7) = 15 > 0$. ✓ (1 quadrant)

So $|S| = 1$.

---

### Conclusion

The lower bound $|S| \geq 1$ and the construction achieving $|S| = 1$ together prove:

$$\boxed{|S|_{\min} = 1}$$

### PROOF COMPLETE
DEVIN_CLI_EXITED code=0
