Looking at this problem, I need to find the largest $r$ such that $\sum_{n=0}^\infty (\cos nx)^{n^r}$ diverges for every $x \in \mathbb{R}$.

**Answer leak check:** The problem text contains no solutions, sketches, or leaked answers. Proceeding.

---

## Proof

**Claim:** The largest value is $r = 2$.

We interpret $r$ as a positive integer (so $n^r$ is a positive integer and $(\cos nx)^{n^r}$ is well-defined for all real $\cos nx$). We prove:
1. For $r \leq 2$, the series diverges for all $x \in \mathbb{R}$.
2. For $r \geq 3$, there exists $x$ such that the series converges.

---

### Part 1: Divergence for all $x$ when $r \leq 2$

**Case A: $x/\pi \in \mathbb{Q}$.** Write $x = \pi p/q$ with $\gcd(p,q)=1$, $q \geq 1$. For $n = kq$ ($k = 1, 2, 3, \ldots$):
$$\cos(n \cdot \pi p/q) = \cos(kp\pi) = (-1)^{kp},$$
so $|(\cos nx)^{n^r}| = 1$ for all such $n$. The general term does not tend to $0$, so the series diverges.

**Case B: $x/\pi \notin \mathbb{Q}$.** Set $\alpha = x/\pi$, irrational. Define $\delta_n = \|n\alpha\| = \min_{m \in \mathbb{Z}} |n\alpha - m| \in [0, 1/2]$. Then:
$$|\cos(nx)| = |\cos(\pi \cdot n\alpha)| = |\cos(\pi \delta_n)|.$$

**Key inequality (lower bound):** For $\delta \in [0, 1/2]$, $\cos(\pi\delta) \geq 1 - \frac{\pi^2 \delta^2}{2}$ (from the Taylor expansion $\cos\theta \geq 1 - \theta^2/2$). Hence:
$$|\cos(nx)| \geq 1 - \frac{\pi^2 \delta_n^2}{2}.$$

**Dirichlet's approximation theorem:** For any irrational $\alpha$, there exist infinitely many positive integers $n$ with $\|n\alpha\| < 1/n$.

For each such $n$ (with $n$ large enough that $\pi^2/(2n^2) < 1$):
$$|(\cos nx)^{n^r}| \geq \left(1 - \frac{\pi^2}{2n^2}\right)^{n^r} = \exp\!\left(n^r \ln\!\left(1 - \frac{\pi^2}{2n^2}\right)\right).$$

Since $\ln(1 - t) \geq -t - t^2$ for small $t > 0$:
$$|(\cos nx)^{n^r}| \geq \exp\!\left(-\frac{\pi^2 n^{r-2}}{2} - O(n^{r-4})\right).$$

- **If $r < 2$:** $n^{r-2} \to 0$, so $|(\cos nx)^{n^r}| \to 1$ along this subsequence.
- **If $r = 2$:** $|(\cos nx)^{n^2}| \to e^{-\pi^2/2} > 0$ along this subsequence.

In both cases, the general term does not tend to $0$, so the series **diverges**. $\square$

---

### Part 2: Existence of convergent $x$ when $r \geq 3$

Take $\alpha = \phi = \frac{1+\sqrt{5}}{2}$ (the golden ratio), which is **badly approximable**: there exists a constant $c > 0$ (namely $c = 1/\sqrt{5}$) such that:
$$\|n\phi\| \geq \frac{c}{n} \quad \text{for all } n \geq 1.$$

Set $x = \pi\phi$ (so $x/\pi$ is irrational, ensuring $\cos(nx) \neq \pm 1$ for all $n \geq 1$).

**Key inequality (upper bound):** For $\delta \in [0, 1/2]$, $\cos(\pi\delta) \leq e^{-\pi^2\delta^2/2}$. (This follows from $\frac{d}{d\theta}\ln\cos\theta = -\tan\theta \leq -\theta$ for $\theta \in [0, \pi/2)$, which gives $\ln\cos\theta \leq -\theta^2/2$ upon integration.)

Therefore:
$$|\cos(nx)| = |\cos(\pi\delta_n)| \leq e^{-\pi^2 \delta_n^2/2} \leq e^{-\pi^2 c^2/(2n^2)}.$$

Raising to the power $n^r$:
$$|(\cos nx)^{n^r}| \leq \exp\!\left(-\frac{\pi^2 c^2}{2}\, n^{r-2}\right).$$

For $r \geq 3$, set $\epsilon = r - 2 \geq 1$. Then:
$$|(\cos nx)^{n^r}| \leq \exp\!\left(-\frac{\pi^2 c^2}{2}\, n^{\epsilon}\right).$$

Since $n^\epsilon \geq n$ for $\epsilon \geq 1$, we have $\exp(-Cn^\epsilon) \leq \exp(-Cn)$ for a constant $C = \pi^2 c^2/2 > 0$. The series $\sum_{n=1}^\infty e^{-Cn}$ is a convergent geometric series, so by comparison:
$$\sum_{n=1}^\infty |(\cos nx)^{n^r}| < \infty.$$

The series converges **absolutely** at $x = \pi\phi$ for every $r \geq 3$. $\square$

---

### Conclusion

- For $r \leq 2$: the series diverges for **all** $x \in \mathbb{R}$ (by Cases A and B in Part 1).
- For $r \geq 3$: the series **converges** for $x = \pi\phi$ (by Part 2), so it does not diverge for all $x$.

The transition occurs at $r = 2$: Dirichlet's theorem guarantees that every irrational has infinitely many $n$-th convergents with $\|n\alpha\| < 1/n$, which forces $|(\cos nx)^{n^2}|$ to stay bounded away from $0$ along a subsequence—making divergence universal at $r = 2$. But for $r > 2$, badly approximable numbers (like the golden ratio) have approximation gaps $\|n\alpha\| \geq c/n$ that are just large enough to force exponential decay $\exp(-Cn^{r-2})$, yielding absolute convergence.

$$\boxed{r = 2}$$

### PROOF COMPLETE
DEVIN_CLI_EXITED code=0
