Looking at this problem, I need to determine whether the relative tensor product $M \otimes_A N$ is isomorphic to $\hat{N} \otimes_A \hat{M}$ after converting module sides via the $E_\infty$ structure of $A$.

**Answer: Yes, they are isomorphic.**

## Proof

**Setup.** Let $A$ be an $E_\infty$-ring, $M$ a right $A$-module with right action $\rho_M: M \otimes A \to M$, and $N$ a left $A$-module with left action $\lambda_N: A \otimes N \to N$. Since $A$ is $E_\infty$, the $\infty$-categories of left and right $A$-modules are canonically equivalent. Concretely:

- $\hat{M}$ (left module) has action $A \otimes M \xrightarrow{\sigma} M \otimes A \xrightarrow{\rho_M} M$, where $\sigma$ is the symmetry of the smash product.
- $\hat{N}$ (right module) has action $N \otimes A \xrightarrow{\sigma} A \otimes N \xrightarrow{\lambda_N} N$.

The bar construction $\mathrm{Bar}_A(M,N)$ is the simplicial spectrum with $n$-simplices $M \otimes A^{\otimes n} \otimes N$, and $\mathrm{Bar}_A(\hat{N},\hat{M})$ has $n$-simplices $\hat{N} \otimes A^{\otimes n} \otimes \hat{M}$.

**Step 1: Define a level-wise reversal map.** For each $n$, define
$$\phi_n : M \otimes A^{\otimes n} \otimes N \longrightarrow N \otimes A^{\otimes n} \otimes M$$
by reversing the order of all $n+2$ tensor factors, using the symmetry of the smash product and the $E_\infty$ structure of $A$ (which provides coherent permutations of the $A^{\otimes n}$ factors). This is an equivalence at each level.

**Step 2: $\phi$ is a simplicial isomorphism $\mathrm{Bar}_A(M,N) \xrightarrow{\sim} \mathrm{Bar}_A(\hat{N},\hat{M})^{\mathrm{op}}$.** Here $\mathrm{op}$ denotes the opposite simplicial object, with face maps $d_i^{\mathrm{op}} = d_{n-i}$ and degeneracy maps $s_i^{\mathrm{op}} = s_{n-i}$. We must verify:
$$\phi_{n-1} \circ d_i = d_{n-i} \circ \phi_n \quad \text{for all } i.$$

- **$i = 0$ (right action on $M$):** $d_0$ applies $\rho_M: M \otimes A \to M$ to the first $A$ factor. After reversal $\phi_n$, this first $A$ becomes the last $A$ in $N \otimes A^{\otimes n} \otimes M$, adjacent to $M$. Then $d_n$ applies the left action on $\hat{M}$, which is $A \otimes M \xrightarrow{\sigma} M \otimes A \xrightarrow{\rho_M} M$. The swap $\sigma$ is already built into the reversal $\phi_n$, so both sides agree.

- **$i = n$ (left action on $N$):** $d_n$ applies $\lambda_N: A \otimes N \to N$ to the last $A$ factor. After reversal, this becomes the first $A$ adjacent to $\hat{N}$. Then $d_0$ applies the right action on $\hat{N}$, which is $N \otimes A \xrightarrow{\sigma} A \otimes N \xrightarrow{\lambda_N} N$. Again the swap is built into $\phi_n$, so both sides agree.

- **$0 < i < n$ (multiplication):** $d_i$ applies $\mu: A \otimes A \to A$ to the $i$-th and $(i+1)$-th $A$ factors. After reversal, these become the $(n-i)$-th and $(n-i+1)$-th factors, but in reversed order. So $d_{n-i}$ applies $\mu$ to $a_{i+1} \otimes a_i$ instead of $a_i \otimes a_{i+1}$. Since $A$ is $E_\infty$, the multiplication is commutative: $\mu(a_i \otimes a_{i+1}) = \mu(a_{i+1} \otimes a_i)$. Both sides agree.

- **Degeneracy maps** $s_i$ insert the unit $1_A$. After reversal, $s_i$ corresponds to $s_{n-i}$, inserting $1_A$ at the reversed position. The unit of an $E_\infty$-ring is central (compatible with all permutations), so both sides agree.

Thus $\phi$ is a simplicial equivalence $\mathrm{Bar}_A(M,N) \simeq \mathrm{Bar}_A(\hat{N},\hat{M})^{\mathrm{op}}$.

**Step 3: Geometric realization is invariant under $\mathrm{op}$.** The reversal $\iota: \Delta \to \Delta$, $[n] \mapsto [n]$ with order reversed, is an automorphism of the simplex category. For any simplicial object $X: \Delta^{\mathrm{op}} \to \mathcal{C}$, the opposite $X^{\mathrm{op}} = X \circ \iota^{\mathrm{op}}$ satisfies
$$|X^{\mathrm{op}}| = \mathrm{colim}_{\Delta^{\mathrm{op}}}(X \circ \iota^{\mathrm{op}}) \simeq \mathrm{colim}_{\Delta^{\mathrm{op}}} X = |X|,$$
since precomposing with an autoequivalence of the indexing category does not change the colimit (up to equivalence).

**Conclusion.** Combining Steps 2 and 3:
$$M \otimes N = |\mathrm{Bar}_A(M,N)| \simeq |\mathrm{Bar}_A(\hat{N},\hat{M})^{\mathrm{op}}| \simeq |\mathrm{Bar}_A(\hat{N},\hat{M})| = \hat{N} \otimes \hat{M}.$$

Therefore $M \otimes N$ and $\hat{N} \otimes \hat{M}$ are isomorphic as objects in $Sp$. $\blacksquare$

### PROOF COMPLETE
DEVIN_CLI_EXITED code=0
