## Answer Leak Check

Scanning the problem text: it contains only the integral statement and instructions to use the derivative theorem. No solution, answer value, proof sketch, or formalization notes are present. No leak detected. Proceeding.

## Solution

We evaluate
$$I = \oint_C \frac{\cos(\pi z)}{(z-2)^3}\,dz, \qquad C:\ |z|=1.$$

**Locate the singularity.** The integrand
$$g(z)=\frac{\cos(\pi z)}{(z-2)^3}$$
has a single singularity at $z=2$, which is a pole of order $3$. The numerator $\cos(\pi z)$ is entire, so $z=2$ is the only point where $g$ fails to be analytic.

**Check whether the singularity lies inside $C$.** The contour is the unit circle $|z|=1$. For the point $z=2$,
$$|2| = 2 > 1,$$
so $z=2$ lies **outside** $C$. Consequently $g(z)$ is analytic everywhere on and inside the contour $C$.

**Apply the derivative theorem (Cauchy's integral formula for derivatives).** The derivative theorem states that for a function $f$ analytic inside and on a simple closed positively oriented contour $C$, and a point $a$ inside $C$,
$$\oint_C \frac{f(z)}{(z-a)^{n+1}}\,dz = \frac{2\pi i}{n!}\,f^{(n)}(a).$$

This formula applies **only when $a$ lies inside $C$**. Here $a=2$ lies outside $C$, so the hypotheses for the derivative theorem to produce a nonzero value are not met. Since $g(z)$ is analytic on and inside $C$, Cauchy's theorem (the $n=0$, "no enclosed singularity" case) gives
$$\oint_C g(z)\,dz = 0.$$

**Verification via the formal computation (sanity check).** Had the point $a=2$ been inside the contour, the derivative theorem with $f(z)=\cos(\pi z)$ and $n=2$ would give
$$I = \frac{2\pi i}{2!}\,f''(2).$$
Computing, $f'(z)=-\pi\sin(\pi z)$ and $f''(z)=-\pi^2\cos(\pi z)$, so $f''(2)=-\pi^2\cos(2\pi)=-\pi^2$. This would yield $I=\pi i\cdot(-\pi^2)=-\pi^3 i$. But this value is **not** the answer here, because the precondition "$a$ inside $C$" fails. The correct application, recognizing that $a=2\notin \operatorname{int}(C)$, forces the integral to vanish.

**Conclusion.** Since the only singularity $z=2$ of the integrand lies outside the contour $|z|=1$, the integrand is analytic on and inside $C$, and by Cauchy's theorem (equivalently, the derivative theorem with no enclosed singularity),

$$\boxed{I = \oint_C \frac{\cos(\pi z)}{(z-2)^3}\,dz = 0.}$$

### PROOF COMPLETE
DEVIN_CLI_EXITED code=0
