Looking at the problem, I first check for answer leaks — the problem statement contains only the limit expression and constraints, no solutions or hints. Good.

Now I'll evaluate the limit using only standard limits (no L'Hôpital, no Taylor series).

## Proof

We evaluate
$$L = \lim_{x\to 0}\frac{\ln(1+\sin^3 x\,\cos^2 x)\;\cot\!\bigl(\ln^3(1+x)\bigr)\;\tan^4 x}{\sin\!\bigl(\sqrt{x^2+2}-\sqrt{2}\bigr)\;\ln(1+x^2)}.$$

**Standard limits used** (all as $u\to 0$): $\frac{\ln(1+u)}{u}\to 1$, $\frac{\sin u}{u}\to 1$, $\frac{\tan u}{u}\to 1$, $\frac{e^u-1}{u}\to 1$.

---

**Step 1: Rewrite $\cot$.** Since $\cot u = \frac{\cos u}{\sin u}$ and $\ln^3(1+x)\to 0$ as $x\to 0$, we have $\cos(\ln^3(1+x))\to 1$. Insert this:

$$L = \lim_{x\to 0}\frac{\ln(1+\sin^3 x\cos^2 x)}{\sin^3 x\cos^2 x}\;\cdot\;\cos\!\bigl(\ln^3(1+x)\bigr)\;\cdot\;\frac{\ln^3(1+x)}{\sin(\ln^3(1+x))}\;\cdot\;\underbrace{\frac{\sin^3 x\,\cos^2 x\;\tan^4 x}{\ln^3(1+x)\;\sin(\sqrt{x^2+2}-\sqrt{2})\;\ln(1+x^2)}}_{B(x)}$$

The first three factors each tend to $1$ (by $\frac{\ln(1+u)}{u}\to 1$ with $u=\sin^3 x\cos^2 x\to 0$; continuity of $\cos$; and $\frac{\sin u}{u}\to 1$ with $u=\ln^3(1+x)\to 0$). So $L = \lim_{x\to 0} B(x)$.

---

**Step 2: Simplify $B(x)$.** Using $\tan^4 x = \frac{\sin^4 x}{\cos^4 x}$:

$$\sin^3 x\,\cos^2 x\cdot\tan^4 x = \frac{\sin^7 x}{\cos^2 x}.$$

So
$$B(x) = \frac{1}{\cos^2 x}\cdot\left(\frac{\sin x}{x}\right)^{\!7}\cdot\frac{x^3}{\ln^3(1+x)}\cdot\frac{x^4}{\sin(\sqrt{x^2+2}-\sqrt{2})\;\ln(1+x^2)}.$$

The first factor $\to 1$; the second $\to 1$ (since $\frac{\sin x}{x}\to 1$); the third $\to 1$ (since $\frac{\ln(1+x)}{x}\to 1$ implies $\frac{\ln^3(1+x)}{x^3}\to 1$). It remains to compute:

$$C(x) = \frac{x^4}{\sin(\sqrt{x^2+2}-\sqrt{2})\;\ln(1+x^2)}.$$

---

**Step 3: Rationalize the square-root difference.**

$$\sqrt{x^2+2}-\sqrt{2} = \frac{x^2}{\sqrt{x^2+2}+\sqrt{2}}.$$

Set $u = \sqrt{x^2+2}-\sqrt{2} = \frac{x^2}{\sqrt{x^2+2}+\sqrt{2}}\to 0$. Then:

$$\frac{\sin u}{u}\to 1, \qquad \frac{u}{x^2/(2\sqrt{2})} = \frac{2\sqrt{2}}{\sqrt{x^2+2}+\sqrt{2}}\to 1, \qquad \frac{\ln(1+x^2)}{x^2}\to 1.$$

Therefore:

$$C(x) = \frac{x^4}{\underbrace{\frac{x^2}{2\sqrt{2}}\cdot x^2}_{x^4/(2\sqrt{2})}}\;\cdot\;\frac{1}{\dfrac{\sin u}{u}\;\cdot\;\dfrac{u}{x^2/(2\sqrt{2})}\;\cdot\;\dfrac{\ln(1+x^2)}{x^2}} \;=\; 2\sqrt{2}\;\cdot\;\frac{1}{\text{(three factors each}\to 1\text{)}}.$$

Hence $C(x)\to 2\sqrt{2}$.

---

**Step 4: Combine.**

$$L = 1\cdot 1\cdot 1\cdot 1\cdot 1\cdot 1\cdot 2\sqrt{2} = 2\sqrt{2}.$$

$$\boxed{\lim_{x\to 0}\frac{\ln(1+\sin^3 x\,\cos^2 x)\;\cot(\ln^3(1+x))\;\tan^4 x}{\sin(\sqrt{x^2+2}-\sqrt{2})\;\ln(1+x^2)} = 2\sqrt{2}}$$

### PROOF COMPLETE
DEVIN_CLI_EXITED code=0
