Looking at this problem, I need to determine whether an even-dimensional hypercube can have its edges oriented to produce a vertex-transitive digraph.

**Answer: Yes.** Here is the construction and proof.

---

## Proof

Let $n = 2k$ with $k \geq 1$. We construct a vertex-transitive orientation of $Q_n$.

### Construction

Pair the coordinates as $(1,2), (3,4), \ldots, (2k{-}1, 2k)$. For each pair $(2j{-}1, 2j)$, orient the edges in dimensions $2j{-}1$ and $2j$ depending only on coordinates $(v_{2j-1}, v_{2j})$:

- **Dimension $2j{-}1$:** orient $v \to v \oplus e_{2j-1}$ if $v_{2j-1} \oplus v_{2j} = 1$; otherwise $v \oplus e_{2j-1} \to v$.
- **Dimension $2j$:** orient $v \to v \oplus e_{2j}$ if $v_{2j-1} \oplus v_{2j} = 0$; otherwise $v \oplus e_{2j} \to v$.

Within each 2-dimensional face (fixing all coordinates outside pair $j$), this orients the 4-cycle as a **directed cycle**: $(0,0) \to (0,1) \to (1,1) \to (1,0) \to (0,0)$.

### Well-definedness

Each edge lies in exactly one dimension $i$. If $i = 2j{-}1$, the orientation depends on $v_{2j-1} \oplus v_{2j}$, which **flips** when we move along dimension $2j{-}1$ (since $v_{2j-1}$ flips). So the two endpoints receive opposite orientations, giving each edge exactly one direction. The same holds for dimension $2j$. $\checkmark$

### Degree balance

At each vertex, for each pair $j$, the two edges in dimensions $2j{-}1$ and $2j$ belong to a directed 4-cycle, contributing **one outgoing and one incoming** edge. Over all $k$ pairs: out-degree $=$ in-degree $= k = n/2$. $\checkmark$

### Vertex-transitivity

We exhibit a group $G$ acting transitively on $\{0,1\}^n$ that preserves the orientation.

For each pair $j$, define $G_j$ acting on coordinates $(2j{-}1, 2j)$ (fixing all others), with elements written as $(t, \sigma)$ meaning "apply permutation $\sigma$ to coordinates $(2j{-}1,2j)$, then XOR with $t$":

| Element | Action on $(v_{2j-1}, v_{2j})$ |
|---|---|
| $(00, \mathrm{id})$ | identity |
| $(11, \mathrm{id})$ | flip both: $(a,b) \mapsto (a\oplus1, b\oplus1)$ |
| $(01, (2j{-}1\;2j))$ | swap then XOR $(0,1)$: $(a,b) \mapsto (b, a\oplus1)$ |
| $(10, (2j{-}1\;2j))$ | swap then XOR $(1,0)$: $(a,b) \mapsto (b\oplus1, a)$ |

**$G_j$ is a group** (isomorphic to the Klein four-group $V_4$): it is closed under composition (verified by direct computation, e.g., $(01,\sigma)\circ(01,\sigma) = (01\oplus\sigma(01), \sigma^2) = (01\oplus10, \mathrm{id}) = (11,\mathrm{id})$), contains the identity, and every element is its own inverse or paired with an inverse.

**Each element of $G_j$ preserves the orientation** of edges in dimensions $2j{-}1$ and $2j$: the four elements act as the identity, $180°$ rotation, $90°$ rotation, and $270°$ rotation of the directed 4-cycle, all of which are automorphisms of a directed cycle. Since $G_j$ acts only on coordinates $(2j{-}1, 2j)$, it trivially preserves the orientation of edges in all other dimensions (which depend only on their own coordinate pairs).

Set $G = G_1 \times G_2 \times \cdots \times G_k$ (direct product, each factor acting on its own coordinate pair). Then $|G| = 4^k$ and every element of $G$ preserves the orientation.

### Transitivity

The orbit of $\mathbf{0} = (0,\ldots,0)$ under $G$ is $\{g(\mathbf{0}) : g \in G\}$. For each pair $j$, the image of $(0,0)$ under $G_j$ ranges over all four values $\{00, 01, 10, 11\}$. Since pairs are independent, the orbit of $\mathbf{0}$ is all of $\{0,1\}^{2k} = \{0,1\}^n$. Hence $G$ acts **transitively** on vertices. $\checkmark$

### Conclusion

For every even $n \geq 2$, the $n$-dimensional hypercube $Q_n$ admits a vertex-transitive orientation. (For $n = 0$, $Q_0$ is a single vertex, trivially vertex-transitive.)

### PROOF COMPLETE
DEVIN_CLI_EXITED code=0
