## Proof

**Step 1: Verify $M_t$ is a martingale.**

Write $M_t = 4(B_t^2 - t) + e^{4B_t - 8t}$.

- $B_t^2 - t$ is a martingale (Itô's formula: $d(B_t^2) = 2B_t\,dB_t + dt$), so $4(B_t^2 - t)$ is a martingale.
- $e^{4B_t - 8t} = \exp\!\bigl(4B_t - \tfrac{1}{2}\cdot 4^2 \cdot t\bigr)$ is the stochastic exponential martingale with parameter $\theta = 4$, hence a martingale with initial value $1$.

Thus $M_t$ is a sum of two martingales, confirming $M_t$ is a martingale with $M_0 = 4\cdot 0 + e^0 - 0 = 1$.

**Step 2: Apply the Optional Stopping Theorem.**

The stopping time $\sigma = \inf\{t \ge 0 : |B_t| = 1\}$ is the first exit time of Brownian motion from $(-1,1)$. It is well known that $\sigma < \infty$ a.s. and $\mathbb{E}[\sigma] = 1 < \infty$.

To justify OST for each component:

- For $4(B_t^2 - t)$: Since $|B_{t\wedge\sigma}| \le 1$, the stopped process $B_{t\wedge\sigma}^2$ is bounded by $1$, and $\mathbb{E}[\sigma]<\infty$ ensures the conditions for OST hold. So $\mathbb{E}[4(B_\sigma^2 - \sigma)] = 0$.

- For $e^{4B_t-8t}$: We verify directly. At time $\sigma$, $B_\sigma = \pm 1$ with equal probability $1/2$ (by symmetry). Using the known Laplace transform of the exit time from $(-1,1)$:
$$\mathbb{E}\!\left[e^{-\lambda\sigma}\right] = \frac{1}{\cosh\!\bigl(\sqrt{2\lambda}\bigr)}, \qquad \lambda > 0.$$
Setting $\lambda = 8$: $\mathbb{E}[e^{-8\sigma}] = \dfrac{1}{\cosh(4)}$.

By symmetry of Brownian motion, $\mathbb{E}[e^{-8\sigma}\mathbf{1}_{\{B_\sigma=1\}}] = \mathbb{E}[e^{-8\sigma}\mathbf{1}_{\{B_\sigma=-1\}}] = \dfrac{1}{2\cosh(4)}$. Therefore:
$$\mathbb{E}\!\left[e^{4B_\sigma - 8\sigma}\right] = e^4\cdot\frac{1}{2\cosh 4} + e^{-4}\cdot\frac{1}{2\cosh 4} = \frac{e^4+e^{-4}}{2\cosh 4} = \frac{2\cosh 4}{2\cosh 4} = 1.$$

This confirms $\mathbb{E}[e^{4B_\sigma-8\sigma}] = 1 = e^{4B_0-8\cdot 0}$, so OST is valid for the exponential martingale as well.

**Step 3: Compute $\mathbb{E}(M_\sigma)$.**

By OST:
$$\mathbb{E}(M_\sigma) = M_0 = 4B_0^2 + e^{4B_0 - 0} - 0 = 0 + 1 - 0 = 1.$$

**Direct verification:** At $\sigma$, $B_\sigma^2 = 1$, so
$$\mathbb{E}(M_\sigma) = 4\,\mathbb{E}[B_\sigma^2] + \mathbb{E}[e^{4B_\sigma-8\sigma}] - 4\,\mathbb{E}[\sigma] = 4(1) + 1 - 4(1) = 1. \checkmark$$

$$\boxed{\mathbb{E}(M_\sigma) = 1}$$

### PROOF COMPLETE
DEVIN_CLI_EXITED code=0
