Looking at this problem, I need to determine whether the integral condition implies $F \equiv 0$ for bounded $F$.

**Answer leak check:** The problem statement contains no solutions, proofs, or answer hints. Proceeding to solve.

---

## Proof

**The statement is true.** We show that the integral condition forces $F = 0$ a.e. on $(0,\infty)$.

### Step 1: Reformulation as a convolution on $\mathbb{R}$

The integral condition is:
$$\int_0^\infty \frac{x^k\, s}{(s^2+x^2)^{(k+3)/2}}\, F(x)\, dx = 0 \quad \forall\, s>0.$$

Substituting $x = su$ ($dx = s\,du$), the kernel simplifies:
$$\frac{(su)^k \cdot s}{(s^2+s^2u^2)^{(k+3)/2}} \cdot s = \frac{s^k u^k \cdot s^2}{s^{k+3}(1+u^2)^{(k+3)/2}} = \frac{u^k}{s\,(1+u^2)^{(k+3)/2}},$$
so the condition becomes:
$$\int_0^\infty \phi(u)\, F(su)\, du = 0 \quad \forall\, s>0, \qquad \phi(u) := \frac{u^k}{(1+u^2)^{(k+3)/2}}.$$

Now set $s = e^\sigma$, $u = e^t$, and define $h(\sigma) := F(e^\sigma)$, $g(t) := \phi(e^t)\,e^t$. Then:
$$\int_{-\infty}^{\infty} g(t)\, h(\sigma+t)\, dt = 0 \quad \forall\, \sigma \in \mathbb{R}.$$

Substituting $\tau = -t$ gives the **convolution** $(\tilde{g} * h)(\sigma) = 0$ for all $\sigma$, where $\tilde{g}(\tau) := g(-\tau)$.

### Step 2: The kernel $\tilde{g}$ is in $L^1(\mathbb{R})$

We have $g(t) = \frac{e^{(k+1)t}}{(1+e^{2t})^{(k+3)/2}}$.

- As $t \to +\infty$: $g(t) \sim e^{(k+1)t}/e^{(k+3)t} = e^{-2t}$ (integrable).
- As $t \to -\infty$: $g(t) \sim e^{(k+1)t}$ (integrable since $k \geq 1$, so $k+1 > 0$).

Thus $g \in L^1(\mathbb{R})$, hence $\tilde{g} \in L^1(\mathbb{R})$. Since $F$ is bounded, $h \in L^\infty(\mathbb{R})$, and the convolution $\tilde{g}*h$ is a well-defined continuous function.

### Step 3: The Fourier transform $\hat{\tilde{g}}$ has no zeros

Compute $\hat{g}(\xi) = \int_{-\infty}^{\infty} g(t)\, e^{-i\xi t}\, dt$. Substituting $v = e^{2t}$:

$$\hat{g}(\xi) = \frac{1}{2}\int_0^\infty \frac{v^{(k-1-i\xi)/2}}{(1+v)^{(k+3)/2}}\, dv = \frac{1}{2}\, B\!\left(\tfrac{k+1-i\xi}{2},\, 1+\tfrac{i\xi}{2}\right) = \frac{\Gamma\!\left(\frac{k+1-i\xi}{2}\right)\,\Gamma\!\left(1+\frac{i\xi}{2}\right)}{2\,\Gamma\!\left(\frac{k+3}{2}\right)}.$$

Since $\tilde{g}(\tau) = g(-\tau)$, we have $\hat{\tilde{g}}(\xi) = \hat{g}(-\xi)$:

$$\hat{\tilde{g}}(\xi) = \frac{\Gamma\!\left(\frac{k+1+i\xi}{2}\right)\,\Gamma\!\left(1-\frac{i\xi}{2}\right)}{2\,\Gamma\!\left(\frac{k+3}{2}\right)}.$$

**The Gamma function $\Gamma(z)$ has no zeros** in the entire complex plane (it has poles only at $z = 0, -1, -2, \ldots$). For real $\xi$:
- $\operatorname{Re}\!\left(\frac{k+1+i\xi}{2}\right) = \frac{k+1}{2} > 0$, so this argument is never a non-positive integer.
- $\operatorname{Re}\!\left(1 - \frac{i\xi}{2}\right) = 1 > 0$, so this argument is never a non-positive integer.

Therefore $\hat{\tilde{g}}(\xi) \neq 0$ for all $\xi \in \mathbb{R}$.

### Step 4: Apply Wiener's Tauberian Theorem

**Wiener's Tauberian Theorem.** *If $f \in L^1(\mathbb{R})$ with $\hat{f}(\xi) \neq 0$ for all $\xi \in \mathbb{R}$, and $h \in L^\infty(\mathbb{R})$ satisfies $f * h = 0$ (a.e. or everywhere), then $h = 0$ a.e.*

Applying this with $f = \tilde{g} \in L^1(\mathbb{R})$ (whose Fourier transform $\hat{\tilde{g}}$ is nowhere zero) and $h \in L^\infty(\mathbb{R})$ (with $\tilde{g} * h = 0$ everywhere), we conclude:

$$h(\sigma) = 0 \quad \text{a.e. on } \mathbb{R}.$$

### Step 5: Conclusion

Since $h(\sigma) = F(e^\sigma) = 0$ for a.e. $\sigma \in \mathbb{R}$, the substitution $x = e^\sigma$ (a smooth bijection from $\mathbb{R}$ to $(0,\infty)$) gives:

$$F(x) = 0 \quad \text{for a.e. } x \in (0,\infty).$$

The value $F(0)$ does not affect the integral (a single point has measure zero), so the integral condition determines $F$ up to a.e. equivalence on $(0,\infty)$, and the only bounded function satisfying the condition is $F \equiv 0$ (a.e.).

**Therefore, the statement is true:** the condition $\int_0^\infty \frac{x^k s}{(s^2+x^2)^{(k+3)/2}} F(x)\, dx = 0$ for all $s > 0$ implies $F \equiv 0$ for any bounded $F: \mathbb{R}_{\geq 0} \to \mathbb{R}$.

### PROOF COMPLETE
DEVIN_CLI_EXITED code=0
