## Proof

Let the six distinct positive integers be $a_1, a_2, \dots, a_6$ with total sum $S = \sum a_i$. The protocol requires that for each $i$, the quantity $S - a_i$ is prime. Set $p_i = S - a_i$; then $\{p_1,\dots,p_6\}$ are six **distinct** primes (distinct because the $a_i$ are distinct), each strictly less than $S$ (since $a_i \ge 1$).

**Key identity.** Summing $a_i = S - p_i$ over all $i$:
$$S = \sum_{i=1}^6 a_i = 6S - \sum_{i=1}^6 p_i \implies 5S = \sum_{i=1}^6 p_i.$$
Hence $S = \tfrac{1}{5}\sum p_i$, so $\sum p_i$ must be divisible by $5$, and minimizing $S$ is equivalent to minimizing $\sum p_i$.

**Clustering constraint.** Let $p_6 = \max p_i$. Since $p_6 < S = \tfrac{1}{5}\sum p_i$:
$$5p_6 < \sum p_i = p_6 + \sum_{j<6} p_j \implies 4p_6 < \sum_{j=1}^5 p_j.$$
So the sum of the five smaller primes must **exceed** $4$ times the largest prime — the six primes must be tightly clustered.

**Lower bound on $p_6$.** For a given $p_6$, the largest possible value of $\sum_{j<6} p_j$ is the sum of the five largest primes strictly below $p_6$.

- $p_6 = 67$: five largest primes below $67$ are $61,59,53,47,43$, sum $= 263 < 4\cdot 67 = 268$. **Impossible.**
- $p_6 = 71$: five largest below $71$ are $67,61,59,53,47$, sum $= 287 > 4\cdot 71 = 284$. Feasible region for $\sum_{j<6} p_j$ is $\{285, 286, 287\}$ (strictly greater than $284$, at most $287$). We need $\sum p_i \equiv 0 \pmod 5$. Since $71 \equiv 1 \pmod 5$, we need $\sum_{j<6} p_j \equiv 4 \pmod 5$. But $285\equiv 0$, $286\equiv 1$, $287\equiv 2 \pmod 5$ — **none** is $\equiv 4$. So $p_6 = 71$ is impossible.
- $p_6 \le 67$ already ruled out, so $p_6 \ge 73$.

**Constructing the optimum at $p_6 = 73$.** We need five distinct primes below $73$ with sum $> 4\cdot 73 = 292$ and total $\sum p_i \equiv 0 \pmod 5$. Since $73 \equiv 3 \pmod 5$, we need $\sum_{j<6} p_j \equiv 2 \pmod 5$. The smallest admissible value $> 292$ with $\equiv 2 \pmod 5$ is $297$. We verify:
$$71 + 67 + 59 + 53 + 47 = 297. \quad\checkmark$$
All five are distinct primes below $73$, and $297 > 292$. Thus
$$\sum p_i = 73 + 297 = 370, \qquad S = \frac{370}{5} = 74.$$
Check $p_6 = 73 < S = 74$. ✓

**Recovering the keys.** $a_i = S - p_i$:
$$\{74-47,\; 74-53,\; 74-59,\; 74-67,\; 74-71,\; 74-73\} = \{27,\; 21,\; 15,\; 7,\; 3,\; 1\}.$$
These are six distinct positive integers with sum $1+3+7+15+21+27 = 74$. Removing each key leaves:
- remove $1 \Rightarrow 73$ (prime ✓)
- remove $3 \Rightarrow 71$ (prime ✓)
- remove $7 \Rightarrow 67$ (prime ✓)
- remove $15 \Rightarrow 59$ (prime ✓)
- remove $21 \Rightarrow 53$ (prime ✓)
- remove $27 \Rightarrow 47$ (prime ✓)

**Minimality.** Any valid configuration requires $p_6 \ge 73$ (shown above), which forces $S > p_6 \ge 73$, hence $S \ge 74$ (as $S$ is an integer). The construction achieves $S = 74$, so it is optimal.

$$\boxed{74}$$

### PROOF COMPLETE
DEVIN_CLI_EXITED code=0
