Looking at this problem, I need to find the maximum total jump length $L$ for a Hamiltonian cycle on points $\{1, 2, \ldots, 11\}$ starting and ending at 1, and count the number of orderings $N$ achieving it.

## Setting Up the Upper Bound

For any Hamiltonian cycle, let $c_k$ = number of edges crossing the interval $[k, k+1]$ (i.e., edges with one endpoint $\leq k$ and one $\geq k+1$). The total length equals:

$$L = \sum_{k=1}^{10} c_k$$

since each edge of length $d$ crosses exactly $d$ unit intervals.

**Bounding $c_k$:** The cut at $[k,k+1]$ separates $\{1,\ldots,k\}$ (total degree $2k$) from $\{k+1,\ldots,11\}$ (total degree $2(11-k)$). So $c_k \leq 2\min(k, 11-k)$. Also $c_k$ must be even (a cycle crosses any cut an even number of times).

Therefore:
$$L \leq \sum_{k=1}^{10} 2\min(k, 11-k) = 2(1+2+3+4+5+5+4+3+2+1) = 60$$

## Achieving the Maximum

Equality requires $c_k = 2\min(k, 11-k)$ for all $k$. This forces:

- **For $k \leq 5$:** $c_k = 2k$, meaning *all* edges from $\{1,\ldots,k\}$ cross to $\{k+1,\ldots,11\}$. In particular ($k=5$): **no edges within $\{1,\ldots,5\}$**.
- **For $k \geq 6$:** $c_k = 2(11-k)$, meaning *all* edges from $\{k+1,\ldots,11\}$ cross to $\{1,\ldots,k\}$. In particular ($k=6$): **no edges within $\{7,\ldots,11\}$**.

Let $a$ = edges between $\{1,\ldots,5\}$ and $\{7,\ldots,11\}$, $b$ = edges between $\{1,\ldots,5\}$ and $6$, $c$ = edges between $6$ and $\{7,\ldots,11\}$.

From $c_5 = 10$: $a + b = 10$. From $c_6 = 10$: $a + c = 10$. So $b = c$, and since $b + c = 2$ (degree of vertex 6), we get $b = c = 1$ and $a = 9$.

**Structure:** Vertex 6 has exactly one neighbor in $\{1,\ldots,5\}$ and one in $\{7,\ldots,11\}$. The remaining 9 edges all connect $\{1,\ldots,5\}$ to $\{7,\ldots,11\}$. Removing vertex 6 yields a **Hamiltonian path** on $L = \{1,2,3,4,5\}$ and $R = \{7,8,9,10,11\}$ with all edges between $L$ and $R$ — an **alternating path**.

**Verification that this achieves $L = 60$:** The example $1, 11, 2, 10, 3, 9, 4, 8, 5, 7, 6, 1$ gives distance $10+9+8+7+6+5+4+3+2+1+5 = 60$. ✓

All other $c_k$ values are automatically satisfied: for $k \leq 4$, all edges from $\{1,\ldots,k\}$ go to points $\geq 6$; for $k \geq 7$, all edges from $\{k+1,\ldots,11\}$ go to points $\leq 6$.

## Counting $N$

Every maximum cycle corresponds to an alternating Hamiltonian path on $L \cup R$ (10 vertices, 5 from each group), with vertex 6 inserted between the two endpoints.

An alternating path on 5+5 vertices has two patterns:
- **$LRLRLRLRLR$** (starts with $L$, ends with $R$): assign a permutation of $L$ to the 5 $L$-slots and a permutation of $R$ to the 5 $R$-slots: $5! \times 5! = 14400$ paths.
- **$RLRLRLRLRL$** (starts with $R$, ends with $L$): similarly $5! \times 5! = 14400$ paths.

Total directed paths: $28800$. Each undirected cycle corresponds to exactly 2 directed paths (a path and its reverse), giving $14400$ distinct undirected Hamiltonian cycles.

Each undirected cycle, traversed from point 1, yields exactly 2 orderings (two directions), so:

$$N = 2 \times 14400 = 28800$$

**Small-case verification ($n=5$):** Points $\{1,2,3,4,5\}$, $L=\{1,2\}$, $R=\{4,5\}$, middle $=3$. Formula gives $L = 12$, $N = 2 \times 2! \times 2! = 8$. Brute-force check: exactly 8 permutations of $\{2,3,4,5\}$ achieve distance 12. ✓

## Result

$$L = 60, \quad N = 28800, \quad L + N = \boxed{28860}$$

### PROOF COMPLETE
DEVIN_CLI_EXITED code=0
