## Solution

We seek $3^{3^{3^3}} \bmod 1000$.

**Step 1: Simplify the tower.** Since $3^3 = 27$, we have
$$3^{3^{3^3}} = 3^{3^{27}}.$$

**Step 2: Reduce the exponent modulo $\phi(1000)$.** Since $\gcd(3,1000)=1$ and $\phi(1000)=1000\cdot\tfrac12\cdot\tfrac45=400$, Euler's theorem gives $3^{400}\equiv 1\pmod{1000}$. We need the exponent $3^{27}\bmod 400$.

Computing $3^{27}\bmod 400$ via repeated squaring:
- $3^2=9,\; 3^4=81,\; 3^8=81^2=6561\equiv161,\; 3^{16}=161^2=25921\equiv321.$
- $3^{27}=3^{16}\cdot3^8\cdot3^2\cdot3\equiv 321\cdot161\cdot9\cdot3.$
- $321\cdot161=51681\equiv81;\quad 81\cdot9=729\equiv329;\quad 329\cdot3=987\equiv187.$

So $3^{27}\equiv187\pmod{400}$, and therefore
$$3^{3^{27}}\equiv 3^{187}\pmod{1000}.$$

**Step 3: Compute $3^{187}\bmod 1000$.** Writing $187=128+32+16+8+2+1$, we build powers of $3$ mod $1000$:

| $k$ | $3^k\bmod1000$ |
|---|---|
| $1$ | $3$ |
| $2$ | $9$ |
| $4$ | $81$ |
| $8$ | $6561\equiv561$ |
| $16$ | $561^2=314721\equiv721$ |
| $32$ | $721^2=519841\equiv841$ |
| $64$ | $841^2=707281\equiv281$ |
| $128$ | $281^2=78961\equiv961$ |

Now multiply the needed factors:
$$3^{187}\equiv 961\cdot841\cdot721\cdot561\cdot9\cdot3\pmod{1000}.$$

- $961\cdot841=808201\equiv201$
- $201\cdot721=144921\equiv921$
- $921\cdot561=516681\equiv681$
- $681\cdot9=6129\equiv129$
- $129\cdot3=387$

**Step 4: Verify via CRT.**
- $\bmod 8$: $3^2\equiv1$, so $3^{187}\equiv3\pmod 8$, and $387\equiv3\pmod8$. ✓
- $\bmod 125$: $\phi(125)=100$, so $3^{187}\equiv3^{87}\pmod{125}$. Squaring: $3^8\equiv61,\;3^{16}\equiv96,\;3^{32}\equiv91,\;3^{64}\equiv31\pmod{125}$. Then $3^{87}=3^{64}\cdot3^{16}\cdot3^4\cdot3^2\cdot3\equiv31\cdot96\cdot81\cdot9\cdot3\equiv12\pmod{125}$, and $387\equiv12\pmod{125}$. ✓

Both CRT components agree, confirming the result.

$$\boxed{3^{3^{3^3}}\equiv 387\pmod{1000}}.$$

### PROOF COMPLETE
DEVIN_CLI_EXITED code=0
