## Solution

**Goal:** Find the discriminant of $K = \mathbb{Q}(\sqrt{3}, \sqrt{5})$.

### Step 1: Determine the structure of $K$

$K$ is a biquadratic (V₄) extension of $\mathbb{Q}$ of degree 4, with three quadratic subfields:
$$\mathbb{Q}(\sqrt{3}),\quad \mathbb{Q}(\sqrt{5}),\quad \mathbb{Q}(\sqrt{15}).$$

### Step 2: Find an integral basis

For a squarefree $d$, the ring of integers of $\mathbb{Q}(\sqrt{d})$ is $\mathbb{Z}[\sqrt{d}]$ if $d \equiv 2,3 \pmod{4}$, and $\mathbb{Z}\!\left[\frac{1+\sqrt{d}}{2}\right]$ if $d \equiv 1 \pmod{4}$.

- $3 \equiv 3 \pmod{4}$, so $\mathcal{O}_{\mathbb{Q}(\sqrt{3})} = \mathbb{Z}[\sqrt{3}]$.
- $5 \equiv 1 \pmod{4}$, so $\mathcal{O}_{\mathbb{Q}(\sqrt{5})} = \mathbb{Z}\!\left[\frac{1+\sqrt{5}}{2}\right]$.

Since $\frac{1+\sqrt{5}}{2}$ is integral and $\sqrt{3}$ is integral, both lie in $\mathcal{O}_K$. The set
$$\left\{1,\ \sqrt{3},\ \frac{1+\sqrt{5}}{2},\ \frac{\sqrt{3}+\sqrt{15}}{2}\right\}$$
is a candidate integral basis (note $\frac{\sqrt{3}+\sqrt{15}}{2} = \sqrt{3}\cdot\frac{1+\sqrt{5}}{2}$).

### Step 3: Compute the discriminant directly

The four embeddings of $K$ are determined by $\sqrt{3}\mapsto\pm\sqrt{3}$, $\sqrt{5}\mapsto\pm\sqrt{5}$. Form the matrix $M=(\sigma_i(b_j))$ with the basis above:

$$M = \begin{pmatrix} 1 & \sqrt{3} & \frac{1+\sqrt{5}}{2} & \frac{\sqrt{3}+\sqrt{15}}{2} \\ 1 & -\sqrt{3} & \frac{1+\sqrt{5}}{2} & -\frac{\sqrt{3}+\sqrt{15}}{2} \\ 1 & \sqrt{3} & \frac{1-\sqrt{5}}{2} & \frac{\sqrt{3}-\sqrt{15}}{2} \\ 1 & -\sqrt{3} & \frac{1-\sqrt{5}}{2} & -\frac{\sqrt{3}-\sqrt{15}}{2} \end{pmatrix}.$$

Row-reducing (subtract row 1 from rows 2, 3, 4) and expanding along column 1 yields a $3\times 3$ determinant:

$$\det M = \det\begin{pmatrix} -2\sqrt{3} & 0 & -\sqrt{3}(1+\sqrt{5}) \\ 0 & -\sqrt{5} & -\sqrt{15} \\ -2\sqrt{3} & -\sqrt{5} & -\sqrt{3} \end{pmatrix}.$$

Expanding:
$$\det M = -2\sqrt{3}\bigl[(-\sqrt{5})(-\sqrt{3})-(-\sqrt{15})(-\sqrt{5})\bigr] - \sqrt{3}(1+\sqrt{5})\bigl[0-2\sqrt{15}\bigr]$$
$$= -2\sqrt{3}\bigl[\sqrt{15}-5\sqrt{3}\bigr] + 2\sqrt{3}\cdot\sqrt{15}(1+\sqrt{5})$$
$$= -2\sqrt{15}\cdot\sqrt{3}+2\cdot 3\cdot 5 + 2\sqrt{15}\cdot\sqrt{3}+2\cdot 3\cdot 5$$
$$= 4\cdot 15 = 60.$$

Therefore
$$\Delta_K = (\det M)^2 = 60^2 = 3600.$$

### Step 4: Cross-check via the conductor-discriminant formula

For a biquadratic field, the discriminant equals the product of the discriminants of its three quadratic subfields (conductor-discriminant formula for $V_4$ extensions):

| Subfield | $d$ | $d \bmod 4$ | $\operatorname{disc}$ |
|---|---|---|---|
| $\mathbb{Q}(\sqrt{3})$ | $3$ | $3$ | $4\cdot 3 = 12$ |
| $\mathbb{Q}(\sqrt{5})$ | $5$ | $1$ | $5$ |
| $\mathbb{Q}(\sqrt{15})$ | $15$ | $3$ | $4\cdot 15 = 60$ |

$$\Delta_K = 12 \cdot 5 \cdot 60 = 3600. \quad\checkmark$$

Both methods agree, confirming the basis is indeed an integral basis.

### Answer

$$\boxed{\Delta_{\mathbb{Q}(\sqrt{3},\sqrt{5})} = 3600}$$

### PROOF COMPLETE
DEVIN_CLI_EXITED code=0
