Error: Agent error: Permission denied: Permission denied: Reached overall message rate limit. Please try again later. Your limit will reset in 52 minutes. (trace ID: abffd33318d6ba21da4449d68a5c8416): {
  "cognition.ai/errorKind": "internal",
  "cognition.ai/retryable": true
}
DEVIN_CLI_EXITED code=1
Error: Agent error: Permission denied: Permission denied: Reached overall message rate limit. Please try again later. Your limit will reset in 50 minutes. (trace ID: f6170b9bd6fc6e74861631d85b58f79f): {
  "cognition.ai/errorKind": "internal",
  "cognition.ai/retryable": true
}
DEVIN_CLI_EXITED code=1
Error: Agent error: Permission denied: Permission denied: Reached overall message rate limit. Please try again later. Your limit will reset in 47 minutes. (trace ID: c03b8cea08fe1caafa924d7ff4e37d84): {
  "cognition.ai/errorKind": "internal",
  "cognition.ai/retryable": true
}
DEVIN_CLI_EXITED code=1
Error: Agent error: Permission denied: Permission denied: Reached overall message rate limit. Please try again later. Your limit will reset in 46 minutes. (trace ID: 019a793ec1ed401929f602871e313b63): {
  "cognition.ai/errorKind": "internal",
  "cognition.ai/retryable": true
}
DEVIN_CLI_EXITED code=1
Error: Agent error: Permission denied: Permission denied: Reached overall message rate limit. Please try again later. Your limit will reset in 43 minutes. (trace ID: 9f4a93098e36538d9998235dc8177240): {
  "cognition.ai/errorKind": "internal",
  "cognition.ai/retryable": true
}
DEVIN_CLI_EXITED code=1
Error: Agent error: Permission denied: Permission denied: Reached overall message rate limit. Please try again later. Your limit will reset in 40 minutes. (trace ID: 984f692bf84205715899895dbd33d06c): {
  "cognition.ai/errorKind": "internal",
  "cognition.ai/retryable": true
}
DEVIN_CLI_EXITED code=1
Error: Agent error: Permission denied: Permission denied: Reached overall message rate limit. Please try again later. Your limit will reset in 37 minutes. (trace ID: a6f3e926579f825fc0bffa806b3164b4): {
  "cognition.ai/errorKind": "internal",
  "cognition.ai/retryable": true
}
DEVIN_CLI_EXITED code=1
Error: Agent error: Permission denied: Permission denied: Reached overall message rate limit. Please try again later. Your limit will reset in 35 minutes. (trace ID: 6ef688f4d46e1e500b7900bd655e23bc): {
  "cognition.ai/errorKind": "internal",
  "cognition.ai/retryable": true
}
DEVIN_CLI_EXITED code=1
Error: Agent error: Permission denied: Permission denied: Reached overall message rate limit. Please try again later. Your limit will reset in 34 minutes. (trace ID: 6b125d42e5dac55060e6748820c9e4ee): {
  "cognition.ai/errorKind": "internal",
  "cognition.ai/retryable": true
}
DEVIN_CLI_EXITED code=1
Error: Agent error: Permission denied: Permission denied: Reached overall message rate limit. Please try again later. Your limit will reset in 31 minutes. (trace ID: 69a35639736761a491b4ff764c8ab556): {
  "cognition.ai/errorKind": "internal",
  "cognition.ai/retryable": true
}
DEVIN_CLI_EXITED code=1
Error: Agent error: Permission denied: Permission denied: Reached overall message rate limit. Please try again later. Your limit will reset in 30 minutes. (trace ID: c22c9d3b040e8c4e20ade67c8e914ce9): {
  "cognition.ai/errorKind": "internal",
  "cognition.ai/retryable": true
}
DEVIN_CLI_EXITED code=1
Error: Agent error: Permission denied: Permission denied: Reached overall message rate limit. Please try again later. Your limit will reset in 27 minutes. (trace ID: 1ca547ac97e6de98d447d7ad146eaf62): {
  "cognition.ai/errorKind": "internal",
  "cognition.ai/retryable": true
}
DEVIN_CLI_EXITED code=1
Error: Agent error: Permission denied: Permission denied: Reached overall message rate limit. Please try again later. Your limit will reset in 24 minutes. (trace ID: 85a9ae016f190b0336c7e3348b501fed): {
  "cognition.ai/errorKind": "internal",
  "cognition.ai/retryable": true
}
DEVIN_CLI_EXITED code=1
Error: Agent error: Permission denied: Permission denied: Reached overall message rate limit. Please try again later. Your limit will reset in 21 minutes. (trace ID: a6cf82c14db7292616fca9025d660a2e): {
  "cognition.ai/errorKind": "internal",
  "cognition.ai/retryable": true
}
DEVIN_CLI_EXITED code=1
Error: Agent error: Permission denied: Permission denied: Reached overall message rate limit. Please try again later. Your limit will reset in 19 minutes. (trace ID: 97a7e4f5789fe7eac4330430eb619f8f): {
  "cognition.ai/errorKind": "internal",
  "cognition.ai/retryable": true
}
DEVIN_CLI_EXITED code=1
Error: Agent error: Permission denied: Permission denied: Reached overall message rate limit. Please try again later. Your limit will reset in 18 minutes. (trace ID: 4333118569d8173d5bac66dd20ce3bcd): {
  "cognition.ai/errorKind": "internal",
  "cognition.ai/retryable": true
}
DEVIN_CLI_EXITED code=1
Error: Agent error: Permission denied: Permission denied: Reached overall message rate limit. Please try again later. Your limit will reset in 15 minutes. (trace ID: f0f92c083e3638d1105772d49d4eba5a): {
  "cognition.ai/errorKind": "internal",
  "cognition.ai/retryable": true
}
DEVIN_CLI_EXITED code=1
Error: Agent error: Permission denied: Permission denied: Reached overall message rate limit. Please try again later. Your limit will reset in 14 minutes. (trace ID: 809a9244f755de1c4825b5159eae85cf): {
  "cognition.ai/errorKind": "internal",
  "cognition.ai/retryable": true
}
DEVIN_CLI_EXITED code=1
Error: Agent error: Permission denied: Permission denied: Reached overall message rate limit. Please try again later. Your limit will reset in 11 minutes. (trace ID: 29e9db847c35674b8fdee9e3289db5c8): {
  "cognition.ai/errorKind": "internal",
  "cognition.ai/retryable": true
}
DEVIN_CLI_EXITED code=1
Error: Agent error: Permission denied: Permission denied: Reached overall message rate limit. Please try again later. Your limit will reset in 8 minutes. (trace ID: 2c12f7d6121e9b4243563fb4b22eeeb4): {
  "cognition.ai/errorKind": "internal",
  "cognition.ai/retryable": true
}
DEVIN_CLI_EXITED code=1
Error: Agent error: Permission denied: Permission denied: Reached overall message rate limit. Please try again later. Your limit will reset in 5 minutes. (trace ID: a889b2260744acda7ad537548925d06c): {
  "cognition.ai/errorKind": "internal",
  "cognition.ai/retryable": true
}
DEVIN_CLI_EXITED code=1
Error: Agent error: Permission denied: Permission denied: Reached overall message rate limit. Please try again later. Your limit will reset in 3 minutes. (trace ID: ec91397fc87acfd9d3087e8b54b7829f): {
  "cognition.ai/errorKind": "internal",
  "cognition.ai/retryable": true
}
DEVIN_CLI_EXITED code=1
Error: Agent error: Permission denied: Permission denied: Reached overall message rate limit. Please try again later. Your limit will reset in 2 minutes. (trace ID: d93d0f43d2bbf73f75486b32b0dc1e24): {
  "cognition.ai/errorKind": "internal",
  "cognition.ai/retryable": true
}
DEVIN_CLI_EXITED code=1
Based on my reading of the AGENTS.md file, I can now perform the analysis. The file contains:
- **Problem**: Find all continuous functions f(x) for positive x satisfying ∫_x^x² f(t)dt = ∫_1^x f(t)dt
- **Standard Solution**: Differentiates both sides via FTC, derives functional equation x·f(x²) = f(x), solves by substitution h(y)=e^y·g(y) showing h(2y)=h(y), continuity forces h constant → f(x) = C/x
- **AI's Thinking** (lines 178-1110): A very long exploration of a **completely different problem** — a topology question about whether π₁(S\{x}) ≅ Z for simply connected S ⊂ R² with x an interior point, involving Hawaiian earring, cone constructions, van Kampen's theorem, etc.

The AI's thinking has no connection whatsoever to the integral equation problem. It's working on an unrelated topology problem.

```xml
<analysis>
  <problem_id>deepmath_103k_00015085</problem_id>
  <dimension1_verdict>CONNECTION_ERROR</dimension1_verdict>
  <dimension1_explanation>The AI's thinking is entirely about a different problem — a topology question concerning whether π₁(S\{x}) ≅ Z for simply connected subsets S of R² with x an interior point (involving Hawaiian earring, cone constructions, van Kampen's theorem). It has zero content related to the actual integral equation problem about continuous functions satisfying ∫_x^x² f(t)dt = ∫_1^x f(t)dt. This is a technical failure where the AI's reasoning was mismatched to the wrong problem entirely.</dimension1_explanation>
  <dimension2_turning_point_type>other</dimension2_turning_point_type>
  <dimension2_explanation>The standard solution's key technique is calculus/analysis: differentiate both sides of the integral equation using the Fundamental Theorem of Calculus to obtain the functional equation x·f(x²) = f(x), then solve it via the substitution x=e^y, h(y)=e^y·g(y) yielding h(2y)=h(y), which under continuity forces h to be constant, giving f(x)=C/x. This does not fit any of the number-theoretic turning point categories.</dimension2_explanation>
  <ai_direction_summary>The AI's thinking explored a topology problem about simply connected subsets of R² and fundamental groups of punctured spaces, with no relation to the integral equation problem.</ai_direction_summary>
  <standard_solution_key_technique>Differentiate the integral equation via the Fundamental Theorem of Calculus to derive a functional equation, then solve it using a logarithmic substitution and a continuity argument to show the only solutions are f(x)=C/x.</standard_solution_key_technique>
  <confidence>high</confidence>
</analysis>
```

### ANALYSIS COMPLETE
DEVIN_CLI_EXITED code=0
