Looking at this problem, I need to find the value of N that guarantees any distribution of 300 grams among N positive-integer vials can be split into three groups of exactly 100 grams each.

## Proof

**Answer: N = 201**

### Necessity (N ≥ 201)

If N ≤ 200, we can construct a distribution where one vial weighs 301 − N ≥ 101 grams (with the remaining N−1 vials each weighing 1 gram). A vial exceeding 100 grams cannot fit in any case, so the partition is impossible. Therefore N ≥ 201 is necessary.

### Sufficiency (N = 201)

With N = 201, the largest possible vial weighs 301 − 201 = 100 grams, so every vial is at most 100.

**Key reduction.** Write each vial weight as 1 + eᵢ where eᵢ ≥ 0. The total excess is Σeᵢ = 300 − 201 = 99. Since each non-unit vial consumes at least 1 unit of excess, there are at most 99 non-unit vials, hence **at least 102 vials of weight exactly 1**.

Suppose there are k non-unit vials (k ≤ 99) with weights w₁, …, wₖ (each ≥ 2, each ≤ 100), summing to 99 + k. The remaining 201 − k vials are all 1-grams.

**Claim:** We can partition the k non-unit vials into three groups G₁, G₂, G₃ with sums S₁, S₂, S₃ each ≤ 100.

*Proof of Claim (Greedy with contradiction).* Sort the non-unit vials in decreasing order: a₁ ≥ a₂ ≥ ⋯ ≥ aₖ. Place a₁ in G₁, a₂ in G₂, a₃ in G₃. For each subsequent aᵢ (i ≥ 4), place it in the group with the smallest current sum.

Suppose for contradiction that some group first exceeds 100 when item x is added. Let the group sums before adding x be p₁, p₂, p₃, with the receiving group having the minimum sum p = min(p₁, p₂, p₃). After adding x: **p + x > 100**.

Since p is the minimum, all pᵢ ≥ p, so the total T = p₁ + p₂ + p₃ + x ≥ 3p + x. Since T ≤ 99 + k ≤ 198 ≤ 200:

$$3p + x \le 200 \quad \text{and} \quad p + x > 100.$$

Subtracting: 2p ≤ 100, so **p ≤ 50**, and **x > 100 − p ≥ 50**.

Since x is placed after the first three items, x ≤ a₃. Two cases:

- **If a₃ ≤ 50:** then x ≤ 50, contradicting x > 50.
- **If a₃ > 50:** then a₁ ≥ a₂ ≥ a₃ > 50, so a₁ + a₂ + a₃ > 150. The remaining items a₄, …, aₖ have total sum ≤ (99 + k) − 150 < 198 − 150 = 48 < 50. But x is among these remaining items with x > 50, so x exceeds their entire total — contradiction.

Both cases yield contradictions, so no group ever exceeds 100. ∎

**Completing the partition.** With the non-unit vials partitioned into groups of sums S₁, S₂, S₃ ≤ 100, we fill each group Gᵢ with exactly (100 − Sᵢ) unit vials to reach exactly 100. The total number of unit vials needed is:

$$\sum_{i=1}^{3}(100 - S_i) = 300 - (S_1 + S_2 + S_3) = 300 - (99 + k) = 201 - k,$$

which is exactly the number of unit vials available. Each 100 − Sᵢ ≥ 0 since Sᵢ ≤ 100. This gives three cases of exactly 100 grams each. ✓

### Conclusion

For N ≤ 200, a counterexample exists (a vial exceeding 100g). For N = 201, the partition is always achievable. Therefore, the guaranteed value is:

$$\boxed{N = 201}$$

### PROOF COMPLETE
DEVIN_CLI_EXITED code=0
