Error: Agent error: Permission denied: Permission denied: Reached overall message rate limit. Please try again later. Your limit will reset in 53 minutes. (trace ID: 379824cc6c3fbe470db229b6f10edba5): {
  "cognition.ai/errorKind": "internal",
  "cognition.ai/retryable": true
}
DEVIN_CLI_EXITED code=1
Error: Agent error: Permission denied: Permission denied: Reached overall message rate limit. Please try again later. Your limit will reset in 52 minutes. (trace ID: 193ed1290c837ad257a962866de13802): {
  "cognition.ai/errorKind": "internal",
  "cognition.ai/retryable": true
}
DEVIN_CLI_EXITED code=1
Error: Agent error: Permission denied: Permission denied: Reached overall message rate limit. Please try again later. Your limit will reset in 50 minutes. (trace ID: 77896a15d47dc96f282f84361140853e): {
  "cognition.ai/errorKind": "internal",
  "cognition.ai/retryable": true
}
DEVIN_CLI_EXITED code=1
Error: Agent error: Permission denied: Permission denied: Reached overall message rate limit. Please try again later. Your limit will reset in 48 minutes. (trace ID: e31a4f3934115da803403c0c6a14634d): {
  "cognition.ai/errorKind": "internal",
  "cognition.ai/retryable": true
}
DEVIN_CLI_EXITED code=1
Error: Agent error: Permission denied: Permission denied: Reached overall message rate limit. Please try again later. Your limit will reset in 46 minutes. (trace ID: 8eb531119bc452b7d66d17d9b16f592f): {
  "cognition.ai/errorKind": "internal",
  "cognition.ai/retryable": true
}
DEVIN_CLI_EXITED code=1
Error: Agent error: Permission denied: Permission denied: Reached overall message rate limit. Please try again later. Your limit will reset in 44 minutes. (trace ID: ee4b3fb2864a6e48f17aa497e4130c07): {
  "cognition.ai/errorKind": "internal",
  "cognition.ai/retryable": true
}
DEVIN_CLI_EXITED code=1
Error: Agent error: Permission denied: Permission denied: Reached overall message rate limit. Please try again later. Your limit will reset in 42 minutes. (trace ID: 6a7cbc2feec35f06393c8eae25d870d5): {
  "cognition.ai/errorKind": "internal",
  "cognition.ai/retryable": true
}
DEVIN_CLI_EXITED code=1
Error: Agent error: Permission denied: Permission denied: Reached overall message rate limit. Please try again later. Your limit will reset in 40 minutes. (trace ID: dc1450e25ada606adc4a61b99363e063): {
  "cognition.ai/errorKind": "internal",
  "cognition.ai/retryable": true
}
DEVIN_CLI_EXITED code=1
Error: Agent error: Permission denied: Permission denied: Reached overall message rate limit. Please try again later. Your limit will reset in 38 minutes. (trace ID: e7ec03d4d50af33b709c39fd1c375120): {
  "cognition.ai/errorKind": "internal",
  "cognition.ai/retryable": true
}
DEVIN_CLI_EXITED code=1
Error: Agent error: Permission denied: Permission denied: Reached overall message rate limit. Please try again later. Your limit will reset in 36 minutes. (trace ID: 77d57ec42a177029757af966986adeeb): {
  "cognition.ai/errorKind": "internal",
  "cognition.ai/retryable": true
}
DEVIN_CLI_EXITED code=1
Error: Agent error: Permission denied: Permission denied: Reached overall message rate limit. Please try again later. Your limit will reset in 34 minutes. (trace ID: a94da0a23c562f4bff762b588aeea7fb): {
  "cognition.ai/errorKind": "internal",
  "cognition.ai/retryable": true
}
DEVIN_CLI_EXITED code=1
Error: Agent error: Permission denied: Permission denied: Reached overall message rate limit. Please try again later. Your limit will reset in 32 minutes. (trace ID: 101e807a78b535f48718b0d6e6857852): {
  "cognition.ai/errorKind": "internal",
  "cognition.ai/retryable": true
}
DEVIN_CLI_EXITED code=1
Error: Agent error: Permission denied: Permission denied: Reached overall message rate limit. Please try again later. Your limit will reset in 30 minutes. (trace ID: a2b1099166b902d4458ef03de0dd06df): {
  "cognition.ai/errorKind": "internal",
  "cognition.ai/retryable": true
}
DEVIN_CLI_EXITED code=1
Error: Agent error: Permission denied: Permission denied: Reached overall message rate limit. Please try again later. Your limit will reset in 28 minutes. (trace ID: d5cd521d67d0b49ddcfbc1b36a3522e8): {
  "cognition.ai/errorKind": "internal",
  "cognition.ai/retryable": true
}
DEVIN_CLI_EXITED code=1
Error: Agent error: Permission denied: Permission denied: Reached overall message rate limit. Please try again later. Your limit will reset in 26 minutes. (trace ID: 5952941aac7b01e38bad9388de5ba310): {
  "cognition.ai/errorKind": "internal",
  "cognition.ai/retryable": true
}
DEVIN_CLI_EXITED code=1
Error: Agent error: Permission denied: Permission denied: Reached overall message rate limit. Please try again later. Your limit will reset in 24 minutes. (trace ID: ff6cee9e63e9d8b9980a0942218c05be): {
  "cognition.ai/errorKind": "internal",
  "cognition.ai/retryable": true
}
DEVIN_CLI_EXITED code=1
Error: Agent error: Permission denied: Permission denied: Reached overall message rate limit. Please try again later. Your limit will reset in 22 minutes. (trace ID: 0934cd5771f97643275dca248c4759f2): {
  "cognition.ai/errorKind": "internal",
  "cognition.ai/retryable": true
}
DEVIN_CLI_EXITED code=1
Error: Agent error: Permission denied: Permission denied: Reached overall message rate limit. Please try again later. Your limit will reset in 20 minutes. (trace ID: 1a55e45788c17c6962789ae25b6b8735): {
  "cognition.ai/errorKind": "internal",
  "cognition.ai/retryable": true
}
DEVIN_CLI_EXITED code=1
Error: Agent error: Permission denied: Permission denied: Reached overall message rate limit. Please try again later. Your limit will reset in 18 minutes. (trace ID: 196c4a149cef17e2342d1b858c876b42): {
  "cognition.ai/errorKind": "internal",
  "cognition.ai/retryable": true
}
DEVIN_CLI_EXITED code=1
Error: Agent error: Permission denied: Permission denied: Reached overall message rate limit. Please try again later. Your limit will reset in 16 minutes. (trace ID: 80c1edc84f8a92ca0d3aaaa2afbc4137): {
  "cognition.ai/errorKind": "internal",
  "cognition.ai/retryable": true
}
DEVIN_CLI_EXITED code=1
Error: Agent error: Permission denied: Permission denied: Reached overall message rate limit. Please try again later. Your limit will reset in 14 minutes. (trace ID: b1c0156b3e24d72b8fd42e020e229107): {
  "cognition.ai/errorKind": "internal",
  "cognition.ai/retryable": true
}
DEVIN_CLI_EXITED code=1
Error: Agent error: Permission denied: Permission denied: Reached overall message rate limit. Please try again later. Your limit will reset in 12 minutes. (trace ID: 8f340b239e3656f9c3408b1c6c734d12): {
  "cognition.ai/errorKind": "internal",
  "cognition.ai/retryable": true
}
DEVIN_CLI_EXITED code=1
Error: Agent error: Permission denied: Permission denied: Reached overall message rate limit. Please try again later. Your limit will reset in 10 minutes. (trace ID: d6721942195dd0ebfb6658eeec7d257f): {
  "cognition.ai/errorKind": "internal",
  "cognition.ai/retryable": true
}
DEVIN_CLI_EXITED code=1
Error: Agent error: Permission denied: Permission denied: Reached overall message rate limit. Please try again later. Your limit will reset in 8 minutes. (trace ID: af726583dde8ad9cd636c960c49d7650): {
  "cognition.ai/errorKind": "internal",
  "cognition.ai/retryable": true
}
DEVIN_CLI_EXITED code=1
Error: Agent error: Permission denied: Permission denied: Reached overall message rate limit. Please try again later. Your limit will reset in 6 minutes. (trace ID: 434bdefd787b85021fface4b0fc9c845): {
  "cognition.ai/errorKind": "internal",
  "cognition.ai/retryable": true
}
DEVIN_CLI_EXITED code=1
Error: Agent error: Permission denied: Permission denied: Reached overall message rate limit. Please try again later. Your limit will reset in 4 minutes. (trace ID: d7d865298d18dd69431a2823421ea1c1): {
  "cognition.ai/errorKind": "internal",
  "cognition.ai/retryable": true
}
DEVIN_CLI_EXITED code=1
Error: Agent error: Permission denied: Permission denied: Reached overall message rate limit. Please try again later. Your limit will reset in 2 minutes. (trace ID: 0f8177b88c848a680878f43545e09b52): {
  "cognition.ai/errorKind": "internal",
  "cognition.ai/retryable": true
}
DEVIN_CLI_EXITED code=1
Error: Agent error: Permission denied: Permission denied: Reached overall message rate limit. Please try again later. Your limit will reset in 12 seconds. (trace ID: f8a3792138527b097d17d6cfe5a91d5a): {
  "cognition.ai/errorKind": "internal",
  "cognition.ai/retryable": true
}
DEVIN_CLI_EXITED code=1
我已经阅读了 AGENTS.md 中的分析任务。让我来分析一下这三个输入：

**问题**：给定 f(f(x)) = x² + 1/4，计算 f(1/2)。

**标准解法**（第 1041-1104 行）：令 a = f(1/2)，将 x = 1/2 代入得到 f(a) = 1/2，然后将 x = a 代入得到 f(f(a)) = a² + 1/4，但 f(f(a)) = f(1/2) = a，所以 a = a² + 1/4 → a² - a + 1/4 = 0 → (a-1/2)² = 0 → a = 1/2。简洁的函数方程方法。

**AI 的思考过程**（第 1106 行起）：“让我们仔细分析这个问题。我们需要找到所有满足 (a) P(a,b,c)P(d,e,f) = P(ad+be+cf,...) (b) P(a,b,c) = -P(-a,-b,-c) (c) ... 的对称多项式 P(a,b,c)”

AI 的思考过程是关于一个**完全不同的问题**——寻找满足乘法性、奇性和符号关系条件的对称多项式。它详细探讨了循环卷积、群环 Z[Z/3Z]、DFT 分解等。这与函数方程 f(f(x)) = x² + 1/4 完全无关。

AI 从未考虑过标准解法中的函数方程代入方法。它解决了一个完全不同的问题——这是一个根本性的方向错误，而不是中途转弯或 token 限制问题。AI 的思考过程很长且数学内容丰富（远超 500 字符），因此根据 <500 字符规则，这不是 CONNECTION_ERROR。

标准解法的关键技术——将特定值代入函数方程以构建自指二次方程——不符合任何列出的模算术/数论类别。这是一个函数方程代入技术 → “其他”。

```xml
<analysis>
  <problem_id>oda_math_460k_00055667</problem_id>
  <dimension1_verdict>DIRECTION_ERROR</dimension1_verdict>
  <dimension1_explanation>The AI's thinking attempts a completely different problem — finding symmetric polynomials P(a,b,c) satisfying multiplicative, oddness, and sign-change conditions — rather than the given functional equation f(f(x)) = x² + 1/4. The AI never considers the functional equation substitution approach used by the standard solution; it explores cyclic convolution, group rings Z[Z/3Z], and DFT decompositions, all unrelated to the actual problem.</dimension1_explanation>
  <dimension2_turning_point_type>other</dimension2_turning_point_type>
  <dimension2_explanation>The standard solution's key technique is functional-equation self-referential substitution: let a = f(1/2), substitute x = 1/2 to get f(a) = 1/2, then substitute x = a to get f(f(a)) = a² + 1/4, and since f(f(a)) = f(1/2) = a, this yields the quadratic a² - a + 1/4 = 0 with solution a = 1/2. This is a functional equation technique that does not fit any modular arithmetic or number-theoretic category.</dimension2_explanation>
  <ai_direction_summary>The AI's thinking went entirely into analyzing symmetric polynomials under a cyclic-convolution-like operation, exploring group ring structures and DFT decompositions — a completely unrelated problem to the functional equation it was given.</ai_direction_summary>
  <standard_solution_key_technique>The standard solution uses iterative substitution into the functional equation (x = 1/2, then x = a = f(1/2)) to construct a self-referential quadratic equation a = a² + 1/4, whose unique solution a = 1/2 gives f(1/2).</standard_solution_key_technique>
  <confidence>high</confidence>
</analysis>
```

### 分析完成
DEVIN_CLI_EXITED code=0
