```xml
<audit>
  <analysis_result_key>2269645</analysis_result_key>
  <problem_id>deepmath_103k_00013972</problem_id>
  <audit_status>PASS_SELECTABLE</audit_status>
  <check_results>
    <A1>PASS: dimension1_verdict is DIRECTION_ERROR, which is a valid value.</A1>
    <A2>PASS: dimension1_explanation is non-empty and well over 50 characters.</A2>
    <A3>PASS: dimension2_turning_point_type is "other", a valid enum value, and d1=DIRECTION_ERROR requires d2 to be present.</A3>
    <A4>PASS: dimension2_explanation is non-empty and well over 50 characters.</A4>
    <A5>PASS: ai_direction_summary is non-empty and describes the AI's actual direction.</A5>
    <A6>PASS: standard_solution_key_technique is non-empty and describes the specific technique.</A6>
    <B1>PASS: No XML tag leaks (</dimension or <dimension) found in either explanation.</B1>
    <B2>PASS: No template placeholder leaks ("1-3 sentences", "ONE_OF:", "Your 1-3 sentence") found.</B2>
    <B3>PASS: Both explanations are well over 50 characters.</B3>
    <C1>PASS: d1=DIRECTION_ERROR and d2 has a value ("other"), consistent with the rule.</C1>
    <C2>PASS: d1_exp describes a wrong direction (working on an unrelated topology problem instead of the integral), matching DIRECTION_ERROR.</C2>
    <C3>PASS: d2_exp describes a symmetry/substitution integral technique, which correctly maps to "other" since it is not a modular/number-theoretic technique.</C3>
    <D1>PASS: d1_exp is over 100 chars and contains action verbs "went", "attempted".</D1>
    <D2>PASS: d2_exp is over 100 chars and contains mathematical terms (substitution, integral, symmetry).</D2>
    <D3>PASS: ai_direction_summary describes the specific direction taken (geometric topology / 3-manifold embedding), not just "the AI failed".</D3>
    <D4>PASS: standard_solution_key_technique describes the specific substitution t = a-x and symmetry I + I_sub = a, not a generic statement.</D4>
    <E1>UNKNOWN — check via script</E1>
  </check_results>
  <issues_found>none</issues_found>
</audit>
```

### AUDIT COMPLETE
DEVIN_CLI_EXITED code=0
```xml
<audit>
  <analysis_result_key>2269645</analysis_result_key>
  <problem_id>deepmath_103k_00013972</problem_id>
  <audit_status>PASS_SELECTABLE</audit_status>
  <check_results>
    <A1>PASS: dimension1_verdict is DIRECTION_ERROR, a valid non-empty value.</A1>
    <A2>PASS: dimension1_explanation is non-empty and well over 50 characters.</A2>
    <A3>PASS: dimension2_turning_point_type is "other", a valid value in the allowed list, and d1 is DIRECTION_ERROR so d2 is required.</A3>
    <A4>PASS: dimension2_explanation is non-empty and well over 50 characters.</A4>
    <A5>PASS: ai_direction_summary is non-empty and describes the AI's actual direction.</A5>
    <A6>PASS: standard_solution_key_technique is non-empty and describes the specific technique.</A6>
    <B1>PASS: No XML tag leaks found in either explanation.</B1>
    <B2>PASS: No template placeholder leaks found in either explanation.</B2>
    <B3>PASS: Both explanations are well over 50 characters.</B3>
    <C1>PASS: d1=DIRECTION_ERROR and d2 has a value, satisfying the consistency requirement.</C1>
    <C2>PASS: dimension1_explanation describes the AI going in a wrong direction (working on an unrelated topology problem), matching the DIRECTION_ERROR label.</C2>
    <C3>PASS: dimension2_turning_point_type is "other" and the explanation describes a symmetry/substitution integral technique that is explicitly not modular arithmetic, consistent with the "other" catch-all category.</C3>
    <D1>PASS: dimension1_explanation is over 100 characters and contains action verbs ("went", "working", "devoted").</D1>
    <D2>PASS: dimension2_explanation is over 100 characters and contains mathematical terms (substitution, integral, symmetry, companion integral).</D2>
    <D3>PASS: ai_direction_summary describes the actual direction taken — a geometric topology problem about embedding 3-manifolds in R^4.</D3>
    <D4>PASS: standard_solution_key_technique describes the specific technique — substitution t=a-x, companion integral, and symmetry I+I_sub=a yielding I=a/2.</D4>
    <E1>UNKNOWN — check via script</E1>
  </check_results>
  <issues_found>none</issues_found>
</audit>
```

### AUDIT COMPLETE
DEVIN_CLI_EXITED code=0
