I'll solve this problem directly. Let me work through the geometry.

**Answer leak check:** The problem contains no leaked answers or solution sketches. Proceeding.

## Solution

**Setup.** Place triangle $ABC$ in the plane $z=0$ and triangle $DEF$ in the parallel plane $z=h$. Projecting one plane onto the other, the six vertices form the regular hexagon $AFBDCE$ (in cyclic order $A,F,B,D,C,E$). Thus $A,B,C$ occupy every other vertex of the hexagon, as do $D,E,F$.

**Determining the hexagon.** In a regular hexagon of circumradius $R$, the triangle formed by every other vertex is equilateral with side $R\sqrt{3}$. Since $ABC$ has side $1$ and its projection is this inscribed triangle, the projected side length is $R\sqrt{3} \le 1$. Likewise for $DEF$.

Place the hexagon (in the $z=0$ plane) with circumradius $R$:
$$A=(R,0),\ F=\!\left(\tfrac{R}{2},\tfrac{R\sqrt3}{2}\right),\ B=\!\left(-\tfrac{R}{2},\tfrac{R\sqrt3}{2}\right),\ D=(-R,0),\ C=\!\left(-\tfrac{R}{2},-\tfrac{R\sqrt3}{2}\right),\ E=\!\left(\tfrac{R}{2},-\tfrac{R\sqrt3}{2}\right).$$

Then $ABC$ lies in $z=0$ and $DEF$ in $z=h$, with the same $(x,y)$ coordinates. Each triangle has side $R\sqrt3 = 1$, giving
$$R = \frac{1}{\sqrt3}.$$

**Determining $h$.** The six connecting segments $AE, AF, BF, BD, CD, CE$ each have length $1$. Compute, e.g., $AE$:
$$AE^2 = \left(R-\tfrac{R}{2}\right)^2 + \left(\tfrac{R\sqrt3}{2}\right)^2 + h^2 = \tfrac{R^2}{4} + \tfrac{3R^2}{4} + h^2 = R^2 + h^2.$$
Setting $AE=1$: $R^2+h^2=1$, so $h^2 = 1 - \tfrac13 = \tfrac23$, i.e. $h=\sqrt{2/3}$. One checks identically that all six segments give $R^2+h^2=1$; each is satisfied. ✓

**The solid.** The 6 vertices and 12 edges (3 from $ABC$, 3 from $DEF$, 6 lateral) form a triangular antiprism: 8 triangular faces, all vertices in two parallel planes — a **prismatoid**.

**Volume via the prismatoid formula.** For a prismatoid of height $h$ with base areas $B_1, B_2$ and midsection area $M$ (cross-section at $z=h/2$):
$$V = \frac{h}{6}\bigl(B_1 + B_2 + 4M\bigr).$$

- $B_1 = B_2 = \dfrac{\sqrt3}{4}$ (equilateral triangles of side $1$).
- The midsection meets each of the 6 lateral edges at its midpoint (since each runs from $z=0$ to $z=h$). The six midpoints are:
$$\left(\tfrac{3R}{4},\tfrac{R\sqrt3}{4}\right),\ \left(\tfrac{3R}{4},-\tfrac{R\sqrt3}{4}\right),\ \left(0,-\tfrac{R\sqrt3}{2}\right),\ \left(-\tfrac{3R}{4},-\tfrac{R\sqrt3}{4}\right),\ \left(-\tfrac{3R}{4},\tfrac{R\sqrt3}{4}\right),\ \left(0,\tfrac{R\sqrt3}{2}\right).$$
With $R=1/\sqrt3$ these become $\left(\tfrac{\sqrt3}{4},\tfrac14\right),\left(\tfrac{\sqrt3}{4},-\tfrac14\right),\left(0,-\tfrac12\right),\left(-\tfrac{\sqrt3}{4},-\tfrac14\right),\left(-\tfrac{\sqrt3}{4},\tfrac14\right),\left(0,\tfrac12\right)$ — a regular hexagon of circumradius $\tfrac12$, hence side $\tfrac12$ and area
$$M = \frac{3\sqrt3}{2}\left(\frac12\right)^2 = \frac{3\sqrt3}{8}.$$

Substituting:
$$B_1+B_2+4M = \frac{\sqrt3}{4}+\frac{\sqrt3}{4}+4\cdot\frac{3\sqrt3}{8} = \frac{\sqrt3}{2}+\frac{3\sqrt3}{2} = 2\sqrt3.$$
$$V = \frac{h}{6}\cdot 2\sqrt3 = \frac{h\sqrt3}{3} = \frac{\sqrt{2/3}\cdot\sqrt3}{3} = \frac{\sqrt2}{3}.$$

**Verification.** Decomposing into 8 tetrahedra from the centroid $O=(0,0,h/2)$ to each face, each tetrahedron has volume $\frac{1}{6}\cdot\frac{\sqrt2}{4} = \frac{\sqrt2}{24}$ (by direct determinant computation using the coordinates above), and $8\cdot\frac{\sqrt2}{24} = \frac{\sqrt2}{3}$. ✓

$$\boxed{V = \dfrac{\sqrt2}{3}}$$

### PROOF COMPLETE
DEVIN_CLI_EXITED code=0
