Error: Agent error: Permission denied: Permission denied: Reached overall message rate limit. Please try again later. Your limit will reset in 26 minutes. (trace ID: 195c7a099a7016c2088c45a50d541568): {
  "cognition.ai/errorKind": "internal",
  "cognition.ai/retryable": true
}
```xml
<audit>
  <analysis_result_key>2271022</analysis_result_key>
  <problem_id>deepmath_103k_00007465</problem_id>
  <audit_status>PASS</audit_status>
  <check_results>
    <A1>PASS: dimension1_verdict is CONNECTION_ERROR, a valid value.</A1>
    <A2>PASS: dimension1_explanation is non-empty and well over 50 characters, describing the AI addressing an unrelated problem.</A2>
    <A3>PASS: dimension2_turning_point_type is "other", a valid enum value (and d1=CONNECTION_ERROR so the conditional requirement is relaxed, but the field is present and valid anyway).</A3>
    <A4>PASS: dimension2_explanation is non-empty and well over 50 characters, describing the Gaussian quadrature technique.</A4>
    <A5>PASS: ai_direction_summary is non-empty and describes the AI's actual (misdirected) direction.</A5>
    <A6>PASS: standard_solution_key_technique is non-empty and describes the two-point Gaussian quadrature approach.</A6>
    <B1>PASS: Neither explanation contains XML tag leaks like &lt;/dimension or &lt;dimension.</B1>
    <B2>PASS: Neither explanation contains template placeholder leaks like "1-3 sentences" or "ONE_OF:".</B2>
    <B3>PASS: Both dimension1_explanation and dimension2_explanation are well above 50 characters.</B3>
    <C1>PASS: d1=CONNECTION_ERROR permits d2 to be null; d2 is present and valid, which is also acceptable.</C1>
    <C2>PASS: dimension1_explanation describes the AI engaging with a completely different/hallucinated problem and never connecting to the actual one, which semantically matches CONNECTION_ERROR.</C2>
    <C3>PASS: dimension2_turning_point_type is "other" and dimension2_explanation describes Gaussian quadrature that does not fit modular/finite field categories, consistent with "other".</C3>
    <D1>N/A — d1 is CONNECTION_ERROR/TOKEN_LIMIT</D1>
    <D2>N/A — d1 is CONNECTION_ERROR/TOKEN_LIMIT</D2>
    <D3>N/A — d1 is CONNECTION_ERROR/TOKEN_LIMIT</D3>
    <D4>N/A — d1 is CONNECTION_ERROR/TOKEN_LIMIT</D4>
    <E1>UNKNOWN — check via script</E1>
  </check_results>
  <issues_found>none</issues_found>
</audit>
```

### AUDIT COMPLETE
DEVIN_CLI_EXITED code=0
