Looking at this problem, I need to compare the standard solution's approach with the AI's thinking process.

**Key observations:**

1. **The AI's reformulation was correct and sophisticated**: The AI correctly identified that a line stabs a segment iff the endpoints are on opposite sides, reducing the problem to: "find the maximum number of edges in a graph on 8 points (general position) such that every linearly separable cut has ≤ 3 crossing edges." This is a valid and rigorous reformulation.

2. **The AI made genuine progress**: It systematically explored convex position configurations, derived degree constraints from single-vertex cuts (degree ≤ 3), pair cuts, triple cuts, and quadruple cuts. It successfully constructed a valid 9-edge configuration and was exploring whether 10 edges was achievable when it ran out of tokens.

3. **The standard solution's approach is different but much simpler**: It uses a convex polygon + pigeonhole principle argument, claiming n=6. The AI's graph-theoretic cut analysis is a valid alternative approach — arguably more rigorous than the standard solution's hand-wavy pigeonhole argument.

4. **The AI ran out of tokens mid-analysis**: It was in the middle of checking whether a 10-edge configuration was feasible when the thinking was cut off. It had not yet reached a final answer.

```xml
<analysis>
  <problem_id>polymath_00648</problem_id>
  <dimension1_verdict>TOKEN_LIMIT</dimension1_verdict>
  <dimension1_explanation>The AI correctly reformulated the problem as a graph-theoretic optimization over linearly separable cuts — a valid alternative to the standard solution's convex polygon + pigeonhole approach. It was making genuine, rigorous progress (constructing valid configurations, checking cut constraints systematically) but ran out of tokens while exploring whether 10 edges was achievable, before reaching a final answer.</dimension1_explanation>
  <dimension2_turning_point_type>other</dimension2_turning_point_type>
  <dimension2_explanation>The standard solution's key technique is the pigeonhole principle applied to diagonals of a convex octagon — arguing that with 6 segments, some line must cross 4 of them. This is a combinatorial geometry counting argument, not modular arithmetic or finite field techniques.</dimension2_explanation>
  <ai_direction_summary>The AI reformulated the problem as maximizing edges in a graph on 8 points subject to linearly separable cut constraints (≤3 crossing edges per cut), then performed detailed case analysis on convex position configurations.</ai_direction_summary>
  <standard_solution_key_technique>The standard solution uses a convex polygon configuration with a pigeonhole principle counting argument on diagonals to bound the minimum n.</standard_solution_key_technique>
  <confidence>medium</confidence>
</analysis>
```

### ANALYSIS COMPLETE
DEVIN_CLI_EXITED code=0
