Looking at this problem, I need to determine whether a partition of the positive integers into $A$ and $B$ exists with:
- (i) $A$ is 3-AP-free (no three elements form an arithmetic progression),
- (ii) $B$ contains no infinite non-constant arithmetic progression.

Condition (ii) is equivalent to: every infinite AP $\{a, a+d, a+2d, \dots\}$ (with $d \geq 1$) intersects $A$.

**Answer: Yes.**

## Proof

**Key idea.** Greedily construct $A$ to be 3-AP-free while hitting every infinite arithmetic progression. Since there are only countably many infinite APs, enumerate them and satisfy them one at a time, choosing each new element of $A$ large enough and avoiding finitely many forbidden values.

---

**Enumeration.** Every infinite non-constant AP is determined by a pair $(a, d) \in \mathbb{N} \times \mathbb{N}$, giving $P(a,d) = \{a, a+d, a+2d, \dots\}$. There are countably many such pairs; enumerate all of them as $P_1, P_2, P_3, \dots$

**Construction.** Set $A_0 = \emptyset$. At stage $n \geq 1$, suppose $A_{n-1}$ is finite and 3-AP-free. We choose $x_n \in P_n$ satisfying:

1. **Largeness:** $x_n > 2\max(A_{n-1})$ (if $A_{n-1} \neq \emptyset$; if empty, take $x_n = $ any element of $P_n$).
2. **Avoidance:** $x_n \notin \{2z - y : y, z \in A_{n-1},\; y < z\}$.

**Such $x_n$ exists.** The set in condition (2) is finite (since $A_{n-1}$ is finite, it has at most $\binom{|A_{n-1}|}{2}$ elements). Meanwhile $P_n = \{a_n + k d_n : k \geq 0\}$ tends to infinity, so $P_n \cap (2\max(A_{n-1}), \infty)$ is infinite. Removing finitely many forbidden values from an infinite set leaves an infinite set, so a valid $x_n$ exists.

Set $A_n = A_{n-1} \cup \{x_n\}$.

**$A_n$ is 3-AP-free (induction).** $A_{n-1}$ is 3-AP-free by hypothesis. We verify no 3-AP involves $x_n$:

- **$x_n$ as the largest term** $\{y, z, x_n\}$, $y < z \in A_{n-1}$: requires $x_n = 2z - y$, which is excluded by condition (2). ✗
- **$x_n$ as the middle term** $\{y, x_n, z\}$, $y, z \in A_{n-1}$: requires $y + z = 2x_n$. But $y, z \leq \max(A_{n-1}) = M$ and $x_n > 2M$, so $y + z \leq 2M < 4M < 2x_n$. Contradiction. ✗
- **$x_n$ as the smallest term** $\{x_n, y, z\}$, $y, z \in A_{n-1}$: requires $x_n < y \leq M$, but $x_n > 2M > M$. Contradiction. ✗

So $A_n$ is 3-AP-free. ✓

**Define $A = \bigcup_{n=1}^{\infty} A_n = \{x_1, x_2, x_3, \dots\}$ and $B = \mathbb{N} \setminus A$.**

**Verification of (i): $A$ is 3-AP-free.** Any three elements of $A$ belong to some $A_n$ (since the $A_n$ are nested and any finite subset is contained in a sufficiently large $A_n$). Each $A_n$ is 3-AP-free, so no three elements of $A$ form an AP. ✓

**Verification of (ii): $B$ contains no infinite non-constant AP.** Let $P(a,d)$ be any infinite AP. It appears in our enumeration as some $P_n$. By construction, $x_n \in P_n \cap A$, so $P(a,d) \not\subseteq B$. Since this holds for every infinite AP, $B$ contains no infinite non-constant arithmetic progression. ✓

**$A$ and $B$ partition $\mathbb{N}$.** By definition $A \cup B = \mathbb{N}$ and $A \cap B = \emptyset$. Moreover $A \neq \mathbb{N}$ (since $A$ is 3-AP-free but $\mathbb{N}$ contains 3-APs such as $\{1,2,3\}$), so $B$ is nonempty — though this is not required by the problem.

---

**Conclusion.** Such a partition exists: the greedy construction above produces a 3-AP-free set $A$ that intersects every infinite arithmetic progression, so $B = \mathbb{N} \setminus A$ satisfies both conditions.

### PROOF COMPLETE
DEVIN_CLI_EXITED code=0
