Looking at this problem, I need to find a harmonic function on the square $(-L,L)\times(-L,L)$ that is zero on all four sides and equals 1 at the origin.

## Analysis

**Answer-leak check:** The problem statement contains only the equation, domain, boundary conditions, and the extra point condition. No solution, proof sketch, or formalization notes are present. No leak detected. Proceeding.

## Proof

Consider Laplace's equation
$$\Delta u = u_{xx}+u_{yy}=0$$
on the bounded domain $\Omega = \{(x,y): -L<x<L,\,-L<y<L\}$, with Dirichlet boundary data
$$u\big|_{\partial\Omega}=0,$$
i.e. $u(L,y)=u(-L,y)=u(x,L)=u(x,-L)=0$, together with the interior constraint $u(0,0)=1$.

**Step 1: Apply the maximum principle.**

The domain $\Omega$ is bounded and open, and $\partial\Omega$ is compact. Suppose $u$ is a classical solution of $\Delta u=0$ in $\Omega$ that is continuous on $\overline{\Omega}$ and satisfies $u=0$ on $\partial\Omega$.

By the **weak maximum principle** for harmonic functions on bounded domains: if $u$ is harmonic in $\Omega$ and continuous on $\overline{\Omega}$, then
$$\max_{\overline{\Omega}} u = \max_{\partial\Omega} u, \qquad \min_{\overline{\Omega}} u = \min_{\partial\Omega} u.$$

Since $u\equiv 0$ on $\partial\Omega$,
$$\max_{\overline{\Omega}} u = 0, \qquad \min_{\overline{\Omega}} u = 0.$$

**Step 2: Conclude $u\equiv 0$.**

Combining the two inequalities,
$$0 \;\le\; u(x,y) \;\le\; 0 \quad\text{for all }(x,y)\in\overline{\Omega},$$
hence
$$u(x,y)\equiv 0 \quad\text{on }\overline{\Omega}.$$

(Equivalently: the Dirichlet problem $\Delta u=0$ in $\Omega$, $u=0$ on $\partial\Omega$, has a unique solution by the maximum principle, and $u\equiv 0$ is that solution.)

**Step 3: Check the additional condition.**

The unique harmonic solution forces
$$u(0,0)=0.$$

But the problem requires
$$u(0,0)=1.$$

This is a contradiction: $0\neq 1$.

## Conclusion

The stated conditions are **inconsistent**. There exists no function $u$ that is harmonic in $\Omega=(-L,L)^2$, vanishes on all four sides of the boundary, and takes the value $1$ at the origin.

The physical interpretation is clear: a steady-state temperature (or potential) distribution satisfying Laplace's equation with zero Dirichlet data on the *entire* boundary of a bounded domain is uniquely zero everywhere — there is no interior source to sustain a nonzero value at the center. The condition $u(0,0)=1$ would require an interior singularity (a point source / Green's-function delta), which is incompatible with the smooth harmonic equation as stated.

Therefore, **no analytical steady-state solution exists** for the problem as posed; the boundary conditions and the interior condition $u(0,0)=1$ are mutually exclusive.

### PROOF COMPLETE
DEVIN_CLI_EXITED code=0
