Looking at this problem, I need to determine the cardinality of the union of a totally-ordered (by inclusion) chain of countably infinite sets indexed by an uncountable directed set.

**Answer: The cardinality of the union is at most $\aleph_1$ (the first uncountable cardinal), and this bound is sharp.**

---

## Proof

Let $U = \bigcup_{\alpha \in I} E_\alpha$. Since $T$ is totally ordered by set inclusion, $(T, \subseteq)$ is a linear order. We prove $|U| \le \aleph_1$ and then show the bound is achievable.

### Step 1: Reduction to a strictly increasing cofinal subchain

Let $\kappa = \mathrm{cf}(T)$ denote the cofinality of the linear order $(T, \subseteq)$, i.e., the smallest cardinality of a cofinal subset $C \subseteq T$ (where $C$ is cofinal means: for every $E \in T$, there exists $F \in C$ with $E \subseteq F$).

**Claim:** There exists a strictly increasing, cofinal, well-ordered subchain $\{F_\xi : \xi < \kappa\} \subseteq T$ (so $F_\xi \subsetneq F_\eta$ for $\xi < \eta$, and the family is cofinal in $T$).

*Proof of claim:* This is a standard fact about linear orders. We construct the sequence recursively: at stage $\xi$, if $\{F_\eta : \eta < \xi\}$ is not yet cofinal, pick $F_\xi \in T$ strictly containing every $F_\eta$ ($\eta < \xi$); such an $F_\xi$ exists because the current set is not cofinal. The recursion terminates exactly at stage $\kappa = \mathrm{cf}(T)$. (If $T$ has a maximal element, $\kappa = 1$ and we are trivially done.) $\square$

Since $C = \{F_\xi : \xi < \kappa\}$ is cofinal:
$$U = \bigcup_{\alpha \in I} E_\alpha = \bigcup_{\xi < \kappa} F_\xi.$$

Therefore:
$$|U| \le \kappa \cdot \aleph_0 = \max(\kappa, \aleph_0).$$

### Step 2: The key bound — $\kappa \le \omega_1$

We show that a strictly increasing chain of countable sets cannot have cofinality exceeding $\omega_1$.

**Suppose for contradiction that $\kappa > \omega_1$.** Then we have a strictly increasing chain $F_\xi$ ($\xi < \kappa$) with $\kappa > \omega_1$. Consider the initial segment $\{F_\xi : \xi < \omega_1\}$, a strictly increasing chain of length $\omega_1$.

For each $\xi < \omega_1$, since $F_\xi \subsetneq F_{\xi+1}$, pick an element:
$$x_\xi \in F_{\xi+1} \setminus F_\xi.$$

**These elements are pairwise distinct:** If $\xi < \eta < \omega_1$, then $x_\xi \in F_{\xi+1} \subseteq F_\eta$ (since $\xi + 1 \le \eta$), while $x_\eta \notin F_\eta$. Hence $x_\xi \neq x_\eta$.

So $\{x_\xi : \xi < \omega_1\}$ is a set of $\aleph_1$ distinct elements. Now, $F_{\omega_1}$ contains every $F_\xi$ for $\xi < \omega_1$, so:
$$\{x_\xi : \xi < \omega_1\} \subseteq F_{\omega_1}.$$

But $F_{\omega_1}$ is countably infinite, contradicting $|\{x_\xi : \xi < \omega_1\}| = \aleph_1 > \aleph_0$.

Therefore $\kappa \le \omega_1$.

### Step 3: Conclusion of the upper bound

From Steps 1 and 2:
$$|U| \le \max(\kappa, \aleph_0) \le \max(\omega_1, \aleph_0) = \aleph_1.$$

Since each $E_\alpha$ is countably infinite, $|U| \ge \aleph_0$. Thus:
$$\aleph_0 \le |U| \le \aleph_1.$$

More precisely, $|U| = \max(\aleph_0, \mathrm{cf}(T))$, and $\mathrm{cf}(T) \le \omega_1$, so $|U| \in \{\aleph_0, \aleph_1\}$.

### Step 4: The bound $\aleph_1$ is sharp (achieved with uncountable $I$)

Take $I = \omega_1$ (the first uncountable ordinal, which is an uncountable directed set — indeed a well-order). For each $\alpha < \omega_1$, define:
$$E_\alpha = \alpha = \{\beta : \beta < \alpha\}.$$

- Each $E_\alpha = \alpha$ is countably infinite (since $\alpha < \omega_1$ means $\alpha$ is a countable ordinal, and for $\alpha \ge \omega$ it is countably infinite).
- $E_\alpha \subsetneq E_\beta$ for $\alpha < \beta$ (strict inclusion).
- $T = \{E_\alpha : \alpha < \omega_1\}$ is totally ordered by inclusion.
- $I = \omega_1$ is uncountable.

The union:
$$U = \bigcup_{\alpha < \omega_1} E_\alpha = \bigcup_{\alpha < \omega_1} \alpha = \omega_1,$$

which has cardinality $|\omega_1| = \aleph_1$.

### Step 5: The role of uncountability of $I$

The uncountability of $I$ does not by itself force $|U| = \aleph_1$; the determining factor is the **cofinality of the chain** $\mathrm{cf}(T)$:

- If $\mathrm{cf}(T) \le \aleph_0$ (countable cofinality), then $|U| = \aleph_0$. *(Example: $I = \mathbb{R}$, $E_r = \{q \in \mathbb{Q} : q \le r\}$; the chain has countable cofinality via $r = n$, and $U = \mathbb{Q}$.)*
- If $\mathrm{cf}(T) = \omega_1$ (uncountable cofinality), then $|U| = \aleph_1$. *(Example: $I = \omega_1$, $E_\alpha = \alpha$ as above.)*

In both cases $|U| \le \aleph_1$, and the uncountability of $I$ permits — but does not compel — the achievement of $\aleph_1$.

---

## Final Answer

**The cardinality of the union is at most $\aleph_1$.** Specifically,

$$\left|\bigcup_{\alpha \in I} E_\alpha\right| = \max\!\bigl(\aleph_0,\; \mathrm{cf}(T)\bigr),$$

where $\mathrm{cf}(T) \le \omega_1$ is the cofinality of the chain $T$ under inclusion. Since $I$ is uncountable, the value $\aleph_1$ is attainable (e.g., $I = \omega_1$, $E_\alpha = \alpha$), and in all cases the cardinality does not exceed $\aleph_1$ — regardless of how large $|I|$ may be. The chain structure is what forces this bound: a strictly increasing chain of countable sets cannot have cofinality beyond $\omega_1$, because at limit stage $\omega_1$ the accumulated union would already be uncountable, contradicting the countability of each member.

### PROOF COMPLETE
DEVIN_CLI_EXITED code=0
