Looking at this problem, I need to show that if $(y')^2 + y^3 \to 0$ as $x \to +\infty$, then both $y \to 0$ and $y' \to 0$.

**Answer Leak Check**: The problem statement contains no leaked solutions or answer hints. Proceeding.

---

## Proof

Let $E(x) = (y'(x))^2 + (y(x))^3$. By hypothesis, $E(x) \to 0$ as $x \to +\infty$.

### Step 1: $\limsup_{x\to\infty} y(x) \leq 0$

Since $(y')^2 \geq 0$, we have $y^3 \leq E(x) \to 0$, so $\limsup y^3 \leq 0$, hence $\limsup y \leq 0$.

### Step 2 (Blowup Lemma)

**Claim:** If at some $x_0$ we have $y(x_0) < 0$, $y'(x_0) < 0$, and $|E(x)| \leq M < |y(x_0)|^3/2$ for all $x \geq x_0$, then $y$ cannot be defined on all of $[x_0, \infty)$.

*Proof.* Set $u = -y > 0$, so $u' = -y' > 0$ and $(u')^2 = E + u^3$. Since $u^3(x_0) > 2M$, we get $u'(x_0) \geq \sqrt{u^3(x_0) - M} > 0$. As long as $u' > 0$, $u$ is nondecreasing, so $u^3 \geq u^3(x_0) > 2M$, giving $u' = \sqrt{E + u^3} \geq \sqrt{u^3 - M} \geq \sqrt{u^3/2}$. This self-reinforces, so $u' \geq u^{3/2}/\sqrt{2}$ for all $x \geq x_0$ (while $y$ exists). Integrating $u^{-3/2}u' \geq 1/\sqrt{2}$:

$$u(x)^{-1/2} \leq u(x_0)^{-1/2} - \frac{x - x_0}{2\sqrt{2}},$$

which becomes negative at $x = x_0 + 2\sqrt{2}/\sqrt{u(x_0)}$, a contradiction since $u > 0$. $\square$

### Step 3: $\liminf_{x\to\infty} y(x) \geq 0$

Suppose for contradiction that $L := \liminf y = -\delta < 0$ for some $\delta > 0$. Choose $x_n \to \infty$ with $y(x_n) \to L$. Set $\eta = \delta/4$ and choose $X$ large enough that $|E(x)| < \delta^3/64$ and $y(x) > L - \eta = -5\delta/4$ for all $x \geq X$. For $n$ sufficiently large, $x_n - 2/\sqrt{\delta} \geq X$ and $y(x_n) \in [-5\delta/4,\, -3\delta/4]$.

**At $x_n$:** $(y')^2(x_n) = E(x_n) + |y(x_n)|^3 > -\delta^3/64 + 27\delta^3/64 = 26\delta^3/64$, so $|y'(x_n)| > \delta^{3/2}/2$.

If $y'(x_n) < 0$, the Blowup Lemma applies (with $M = \delta^3/64 < |y(x_n)|^3/2$), contradicting $y$ being defined on $[X, \infty)$. So **$y'(x_n) > 0$** for all large $n$.

Set $T = 2/\sqrt{\delta}$. On any subinterval of $[x_n - T, x_n]$ where $y \in [-5\delta/4, -3\delta/4]$, we have $|y|^3 \geq 27\delta^3/64$ and $|E| < \delta^3/64$, so $(y')^2 > 26\delta^3/64$, giving $|y'| > \delta^{3/2}/2$.

Going backward from $x_n$ (where $y'(x_n) > 0$), let $x_n^* = \sup\{t < x_n : y'(t) = 0\}$ be the last zero of $y'$ before $x_n$ (if one exists in $[x_n - T, x_n)$).

**Case A: No such zero exists in $[x_n - T, x_n)$** (i.e., $y' > 0$ on $[x_n - T, x_n]$). Then $y$ is increasing on this interval, so $y \in [-5\delta/4, -3\delta/4]$ throughout, and $|y'| > \delta^{3/2}/2$. Thus:
$$y(x_n - T) = y(x_n) - \int_{x_n-T}^{x_n} y'\,ds \leq y(x_n) - \frac{\delta^{3/2}}{2}\cdot T = y(x_n) - \delta < -\frac{3\delta}{4} - \delta = -\frac{7\delta}{4} < -\frac{5\delta}{4} = L - \eta,$$
contradicting $y > L - \eta$ on $[X, \infty)$.

**Case B: $y'(x_n^*) = 0$ for some $x_n^* \in [x_n - T, x_n)$.** Then $y' > 0$ on $(x_n^*, x_n]$, so $y$ is increasing there, giving $y(x_n^*) < y(x_n) < -3\delta/4$. But $y'(x_n^*) = 0$ implies $E(x_n^*) = y(x_n^*)^3$, so $|y(x_n^*)|^3 = |E(x_n^*)| < \delta^3/64$, hence $|y(x_n^*)| < \delta/4$, i.e., $y(x_n^*) > -\delta/4$. This contradicts $y(x_n^*) < -3\delta/4 < -\delta/4$.

Both cases yield contradictions, so $L \geq 0$.

### Step 4: Conclusion

From Steps 1 and 3: $0 \leq \liminf y \leq \limsup y \leq 0$, so $y(x) \to 0$ as $x \to +\infty$. Then:

$$(y')^2 = E - y^3 \to 0 - 0 = 0,$$

so $y'(x) \to 0$ as $x \to +\infty$. $\blacksquare$

### PROOF COMPLETE
DEVIN_CLI_EXITED code=0
