Looking at this problem, I need to determine whether an irreducible representation of a nonreduced affine group scheme of finite type over an algebraically closed field is necessarily absolutely irreducible.

First, let me check for answer leaks: the problem statement contains only the question, no solutions, sketches, or formalization notes. No leak detected.

Now let me solve it.

---

**Claim:** Yes, $V$ is absolutely irreducible. In fact, this holds for *any* affine group scheme over an algebraically closed field — the nonreduced hypothesis is irrelevant.

**Proof.**

**Step 1: $V$ is finite-dimensional.**

Since $G$ is an affine group scheme of finite type over $k$, its coordinate Hopf algebra $k[G]$ is a finitely generated (hence noetherian) $k$-algebra. Every rational $G$-representation is a comodule over $k[G]$. By the fundamental theorem of coalgebras, every element of a comodule lies in a finite-dimensional subcomodule. An irreducible comodule $V$ is generated by any nonzero vector $v \in V$, so $V$ equals the finite-dimensional subcomodule generated by $v$. Hence $\dim_k V < \infty$.

**Step 2: Schur's lemma — $\mathrm{End}_G(V)$ is a division algebra.**

Let $\varphi \in \mathrm{End}_G(V)$ be a nonzero $G$-equivariant endomorphism. Since $\varphi$ is a comodule map, both $\ker(\varphi)$ and $\mathrm{im}(\varphi)$ are $G$-subcomodules of $V$. By irreducibility of $V$:
- $\ker(\varphi) = 0$ or $V$. Since $\varphi \neq 0$, we have $\ker(\varphi) = 0$, so $\varphi$ is injective.
- $\mathrm{im}(\varphi) = 0$ or $V$. Since $\varphi \neq 0$, we have $\mathrm{im}(\varphi) = V$, so $\varphi$ is surjective.

Thus every nonzero element of $\mathrm{End}_G(V)$ is invertible, so $\mathrm{End}_G(V)$ is a division algebra. (Note: this argument uses only that $V$ is a simple object in the abelian category of $G$-comodules — it does not require $G$ to be reduced, nor does it require semisimplicity of the category.)

**Step 3: $\mathrm{End}_G(V) = k$.**

$\mathrm{End}_G(V)$ is a $k$-subalgebra of $\mathrm{End}_k(V) \cong M_n(k)$, so it is a finite-dimensional $k$-algebra. By Step 2, it is a finite-dimensional division algebra over $k$. Since $k$ is algebraically closed, the only finite-dimensional division algebra over $k$ is $k$ itself: for any $d \in \mathrm{End}_G(V)$, the subfield $k(d) \subset \mathrm{End}_G(V)$ is a finite extension of $k$, hence $k(d) = k$ by algebraic closedness, so $d \in k$.

Therefore $\mathrm{End}_G(V) = k$.

**Step 4: $\mathrm{End}_G(V) = k$ implies $V$ is absolutely irreducible.**

We show the contrapositive. Suppose $V$ is not absolutely irreducible: there exists a field extension $K/k$ such that $V_K := V \otimes_k K$ is not irreducible as a $G_K$-representation. Then $V_K$ has a proper nonzero $G_K$-subcomodule $W \subset V_K$, with $\mathrm{rank}_K W = r$ for some $0 < r < \dim_k V$.

Write $K$ as a direct limit of finitely generated $k$-subalgebras. By standard spreading-out (finite presentation of the comodule structure), there exists a finitely generated $k$-subalgebra $A \subset K$ and a $G_A$-subcomodule $W_A \subset V \otimes_k A$ with $W_A \otimes_A K = W$. After localizing $A$, we may assume $W_A$ is locally free of rank $r$.

Since $A$ is a finitely generated $k$-algebra and $k$ is algebraically closed, $A$ has a maximal ideal $\mathfrak{m}$ with $A/\mathfrak{m} = k$ (Zariski's lemma). Specializing at $\mathfrak{m}$ yields a $k$-subspace $W_{\mathfrak{m}} \subset V$ of dimension $r$ (since $W_A$ is locally free of rank $r$), which is a $G$-subcomodule of $V$. Since $0 < r < \dim_k V$, this $W_{\mathfrak{m}}$ is a proper nonzero $G$-subrepresentation of $V$, contradicting the irreducibility of $V$.

Hence $V$ is absolutely irreducible. $\blacksquare$

**Remark on the nonreduced hypothesis.** The argument never uses that $G$ is nonreduced (or reduced). Schur's lemma applies to any simple object in any abelian category, and the spreading-out argument works for any affine group scheme over $k$. The result — that irreducible representations of any affine group scheme over an algebraically closed field are absolutely irreducible — is a standard fact (cf. Waterhouse, *Introduction to Affine Group Schemes*; Jantzen, *Representations of Algebraic Groups*). The nonreduced condition in the problem is a red herring; it may be intended to test whether one incorrectly assumes that nilpotents in $k[G]$ could produce "extra" endomorphisms. They cannot: any $G$-endomorphism commuting with the full comodule action (including the infinitesimal part) is still constrained by Schur's lemma, and algebraic closedness of $k$ forces it to be a scalar.

### PROOF COMPLETE
DEVIN_CLI_EXITED code=0
