Error: Agent error: Permission denied: Permission denied: Reached overall message rate limit. Please try again later. Your limit will reset in 51 minutes. (trace ID: f9ab07e7b96e8610362f13d1a5c9ccda): {
  "cognition.ai/errorKind": "internal",
  "cognition.ai/retryable": true
}
DEVIN_CLI_EXITED code=1
Error: Agent error: Permission denied: Permission denied: Reached overall message rate limit. Please try again later. Your limit will reset in 47 minutes. (trace ID: 1a81c6859d7bdc2fac23ea35deead5ea): {
  "cognition.ai/errorKind": "internal",
  "cognition.ai/retryable": true
}
DEVIN_CLI_EXITED code=1
Error: Agent error: Permission denied: Permission denied: Reached overall message rate limit. Please try again later. Your limit will reset in 43 minutes. (trace ID: f6cc9f241d3ab83ee92417d3ee9818fa): {
  "cognition.ai/errorKind": "internal",
  "cognition.ai/retryable": true
}
DEVIN_CLI_EXITED code=1
Error: Agent error: Permission denied: Permission denied: Reached overall message rate limit. Please try again later. Your limit will reset in 41 minutes. (trace ID: 8868da737f31aeb39a1849d20cc5c50e): {
  "cognition.ai/errorKind": "internal",
  "cognition.ai/retryable": true
}
DEVIN_CLI_EXITED code=1
Error: Agent error: Permission denied: Permission denied: Reached overall message rate limit. Please try again later. Your limit will reset in 37 minutes. (trace ID: 193c3fa05c5200dd6e7688e1a9bf4007): {
  "cognition.ai/errorKind": "internal",
  "cognition.ai/retryable": true
}
DEVIN_CLI_EXITED code=1
Error: Agent error: Permission denied: Permission denied: Reached overall message rate limit. Please try again later. Your limit will reset in 35 minutes. (trace ID: 95b3d40376c173977a93f91b50a0e185): {
  "cognition.ai/errorKind": "internal",
  "cognition.ai/retryable": true
}
DEVIN_CLI_EXITED code=1
Error: Agent error: Permission denied: Permission denied: Reached overall message rate limit. Please try again later. Your limit will reset in 31 minutes. (trace ID: bd8d139b22934ba441f98b53824d07f6): {
  "cognition.ai/errorKind": "internal",
  "cognition.ai/retryable": true
}
DEVIN_CLI_EXITED code=1
Error: Agent error: Permission denied: Permission denied: Reached overall message rate limit. Please try again later. Your limit will reset in 27 minutes. (trace ID: 994a840e2ce01df02a8ebdd33cbc7502): {
  "cognition.ai/errorKind": "internal",
  "cognition.ai/retryable": true
}
DEVIN_CLI_EXITED code=1
Error: Agent error: Permission denied: Permission denied: Reached overall message rate limit. Please try again later. Your limit will reset in 25 minutes. (trace ID: 847487201dca9cf199d03db2ac92246f): {
  "cognition.ai/errorKind": "internal",
  "cognition.ai/retryable": true
}
DEVIN_CLI_EXITED code=1
Error: Agent error: Permission denied: Permission denied: Reached overall message rate limit. Please try again later. Your limit will reset in 21 minutes. (trace ID: 33bbc487877d86db4b032d08c4ce4c07): {
  "cognition.ai/errorKind": "internal",
  "cognition.ai/retryable": true
}
DEVIN_CLI_EXITED code=1
Error: Agent error: Permission denied: Permission denied: Reached overall message rate limit. Please try again later. Your limit will reset in 17 minutes. (trace ID: 91ee34d4c206b493f77f223690c156e8): {
  "cognition.ai/errorKind": "internal",
  "cognition.ai/retryable": true
}
DEVIN_CLI_EXITED code=1
Error: Agent error: Permission denied: Permission denied: Reached overall message rate limit. Please try again later. Your limit will reset in 15 minutes. (trace ID: 749a4d131ed08e78a26245548296422b): {
  "cognition.ai/errorKind": "internal",
  "cognition.ai/retryable": true
}
DEVIN_CLI_EXITED code=1
Error: Agent error: Permission denied: Permission denied: Reached overall message rate limit. Please try again later. Your limit will reset in 11 minutes. (trace ID: ee4da64be696ddcd3f56af36aab60eaa): {
  "cognition.ai/errorKind": "internal",
  "cognition.ai/retryable": true
}
DEVIN_CLI_EXITED code=1
Error: Agent error: Permission denied: Permission denied: Reached overall message rate limit. Please try again later. Your limit will reset in 9 minutes. (trace ID: 8388bf57225c77a1f182746887112aed): {
  "cognition.ai/errorKind": "internal",
  "cognition.ai/retryable": true
}
DEVIN_CLI_EXITED code=1
Error: Agent error: Permission denied: Permission denied: Reached overall message rate limit. Please try again later. Your limit will reset in 5 minutes. (trace ID: 5f87ba1c0719b0e8a59f05e7d3802ebd): {
  "cognition.ai/errorKind": "internal",
  "cognition.ai/retryable": true
}
DEVIN_CLI_EXITED code=1
Error: Agent error: Permission denied: Permission denied: Reached overall message rate limit. Please try again later. Your limit will reset in 1 minute. (trace ID: eb6193a97a48e174aeb30a1d9b0356ce): {
  "cognition.ai/errorKind": "internal",
  "cognition.ai/retryable": true
}
DEVIN_CLI_EXITED code=1
基于我对 `AGENTS.md` 文件的分析，我现在已经获取了所有三个输入：

1. **问题**：热方程基本解——询问是否存在 p > 2 和常数 C，使得对于所有 t ∈ (0,T]，都有 ‖D_x u‖_{L^p} ≤ C。
2. **标准解答**：使用 D_x u = Φ_t * D_x g 的表示，结合 Young 不等式，利用了热核的 L^1 范数为 1 的性质，得出结论：对于任何 p > 2，界限为 ‖D_x g‖_{L^p}。
3. **AI 的思考过程**：AI 的思考过程（第 296-976 行）是关于一个完全不同的交换代数问题——涉及局部化的分数理想、素理想以及条件 II^{-1} ⊆ 𝔭。它从未涉及热方程、卷积、Young 不等式或任何与该问题相关的 L^p 估计。

```xml
<analysis>
  <problem_id>deepmath_103k_00006809</problem_id>
  <dimension1_verdict>DIRECTION_ERROR</dimension1_verdict>
  <dimension1_explanation>The AI's thinking addresses an entirely different problem — a commutative algebra question about fractional ideals, localization at prime ideals, and the condition II^{-1} ⊆ 𝔭 — with zero connection to the heat equation, convolutions, or L^p estimates that the actual problem concerns. The AI never engaged with the heat kernel, Young's inequality, or any PDE/real analysis technique relevant to the problem.</dimension1_explanation>
  <dimension2_turning_point_type>other</dimension2_turning_point_type>
  <dimension2_explanation>The standard solution's key turning point is choosing the representation D_x u = Φ_t * D_x g (differentiating g rather than the kernel) and applying Young's convolution inequality, exploiting that ‖Φ_t‖_{L^1} = 1 to obtain a t-independent bound ‖D_x u‖_{L^p} ≤ ‖D_x g‖_{L^p}. This is a real analysis / PDE technique, not a number-theoretic one.</dimension2_explanation>
  <ai_direction_summary>The AI's thinking went entirely into commutative algebra — exploring fractional ideal inverses, localization at primes, and valuation domains — which is unrelated to the heat equation problem.</ai_direction_summary>
  <standard_solution_key_technique>The standard solution uses Young's convolution inequality with the representation D_x u = Φ_t * D_x g, leveraging ‖Φ_t‖_{L^1}=1 to get a uniform t-independent L^p bound.</standard_solution_key_technique>
  <confidence>high</confidence>
</analysis>
```

### ANALYSIS COMPLETE
DEVIN_CLI_EXITED code=0
