Looking at this problem, I need to compute:

$$L = \lim_{n\to\infty} \frac{\ln^2 n}{n}\sum_{k=2}^{n-2}\frac{1}{\ln k\,\ln(n-k)}.$$

**Answer leak check:** The problem contains only the statement to compute — no solutions, sketches, or formalization notes. Proceeding.

---

## Proof

**Step 1 — Reformulation.** Since $\ln k = \ln n\!\left(1+\frac{\ln(k/n)}{\ln n}\right)$ and $\ln(n-k)=\ln n\!\left(1+\frac{\ln(1-k/n)}{\ln n}\right)$, set

$$f_n(t)=\frac{1}{\bigl(1+\frac{\ln t}{\ln n}\bigr)\bigl(1+\frac{\ln(1-t)}{\ln n}\bigr)},\qquad t\in(0,1).$$

Then

$$\frac{\ln^2 n}{n}\sum_{k=2}^{n-2}\frac{1}{\ln k\,\ln(n-k)}=\sum_{k=2}^{n-2}\frac{1}{n}\,f_n\!\Bigl(\frac{k}{n}\Bigr).$$

**Step 2 — Splitting.** Fix $\epsilon\in(0,\tfrac12)$ and split into three ranges:

- **Left boundary:** $A_n=\sum_{k=2}^{\lfloor\epsilon n\rfloor}\frac{1}{n}f_n(k/n)$
- **Bulk:** $B_n=\sum_{k=\lceil\epsilon n\rceil}^{\lfloor(1-\epsilon)n\rfloor}\frac{1}{n}f_n(k/n)$
- **Right boundary:** $C_n=\sum_{k=\lceil(1-\epsilon)n\rceil}^{n-2}\frac{1}{n}f_n(k/n)$

**Step 3 — Bulk converges to $1-2\epsilon$.** For $k/n\in[\epsilon,1-\epsilon]$, both $|\ln(k/n)|$ and $|\ln(1-k/n)|$ are bounded by $|\ln\epsilon|$. Hence $\frac{|\ln(k/n)|}{\ln n}\to0$ and $\frac{|\ln(1-k/n)|}{\ln n}\to0$ **uniformly**, so $f_n(k/n)\to1$ uniformly. Therefore

$$B_n=\sum_{k=\lceil\epsilon n\rceil}^{\lfloor(1-\epsilon)n\rfloor}\frac{1}{n}\,(1+o(1))\;\longrightarrow\;1-2\epsilon.$$

**Step 4 — Left boundary converges to $\epsilon$.** For $k\in[2,\lfloor\epsilon n\rfloor]$, we have $|\ln(1-k/n)|\le|\ln(1-\epsilon)|$, so $\frac{\ln n}{\ln(n-k)}\to1$ uniformly. Thus

$$A_n=\frac{\ln n}{n}\sum_{k=2}^{\lfloor\epsilon n\rfloor}\frac{1}{\ln k}\cdot\frac{\ln n}{\ln(n-k)}=\frac{\ln n}{n}\sum_{k=2}^{\lfloor\epsilon n\rfloor}\frac{1}{\ln k}\,(1+o(1)).$$

The error term is $o(1)\cdot O(\epsilon)=o(1)$, so it suffices to evaluate $\frac{\ln n}{n}\sum_{k=2}^{N}\frac{1}{\ln k}$ where $N=\lfloor\epsilon n\rfloor$.

Since $1/\ln x$ is decreasing on $(1,\infty)$:

$$\int_2^{N+1}\frac{dx}{\ln x}\le\sum_{k=2}^{N}\frac{1}{\ln k}\le\frac{1}{\ln 2}+\int_2^{N}\frac{dx}{\ln x},$$

so $\sum_{k=2}^{N}\frac{1}{\ln k}=\int_2^N\frac{dx}{\ln x}+O(1)$.

**Claim:** $\int_2^N\frac{dx}{\ln x}\sim\frac{N}{\ln N}$.

*Proof of claim.* Split at $\sqrt{N}$: $\int_2^{\sqrt{N}}\frac{dx}{\ln x}=O(\sqrt{N})=o(N/\ln N)$. For the rest, substitute $x=Nt$:

$$\int_{\sqrt{N}}^N\frac{dx}{\ln x}=\frac{N}{\ln N}\int_{1/\sqrt{N}}^1\frac{dt}{1+\frac{\ln t}{\ln N}}.$$

On $[1/\sqrt{N},1]$, the integrand is bounded by $2$ (since $\frac{\ln t}{\ln N}\ge-\frac12$) and converges pointwise to $1$. By dominated convergence, the integral $\to1$, giving $\int_{\sqrt{N}}^N\frac{dx}{\ln x}\sim\frac{N}{\ln N}$. $\square$

Therefore $\sum_{k=2}^{N}\frac{1}{\ln k}\sim\frac{N}{\ln N}=\frac{\epsilon n}{\ln(\epsilon n)}\sim\frac{\epsilon n}{\ln n}$, and

$$\frac{\ln n}{n}\sum_{k=2}^{\lfloor\epsilon n\rfloor}\frac{1}{\ln k}\;\longrightarrow\;\epsilon.$$

Hence $A_n\to\epsilon$.

**Step 5 — Right boundary converges to $\epsilon$.** The substitution $j=n-k$ maps $C_n$ to $A_n$ (up to $O(1/n)$ rounding), so $C_n\to\epsilon$ by symmetry.

**Step 6 — Combine.**

$$A_n+B_n+C_n\;\longrightarrow\;\epsilon+(1-2\epsilon)+\epsilon=1.$$

This holds for every fixed $\epsilon\in(0,\tfrac12)$, and $A_n+B_n+C_n$ equals the original expression up to $O(1/n)$. Therefore

$$\boxed{\lim_{n\to\infty}\frac{\ln^2 n}{n}\sum_{k=2}^{n-2}\frac{1}{\ln k\,\ln(n-k)}=1.}$$

### PROOF COMPLETE
DEVIN_CLI_EXITED code=0
