Looking at this problem, I need to identify the setting and the relevant bound. This is in the realm of Bieberbach's theorems on crystallographic groups and Minkowski's bound on finite subgroups of GL(n, Z).

Let me first check for answer leaks: the problem text contains only the question statement with no solutions, sketches, or formalization notes. No leak detected.

---

**Answer.** The best known (and in fact sharp) upper bound on the index of an abelian subgroup in a (crystallographic) discrete subgroup Γ ≤ Isom(ℝⁿ) is **Minkowski's bound**

$$M(n) \;=\; \prod_{p\ \text{prime}} p^{\,\sum_{k=1}^{\infty}\left\lfloor \tfrac{n}{p^{k}-1}\right\rfloor}.$$

This is achieved by the translation subgroup, and no smaller bound depending only on n is possible.

---

## Proof

**Step 1: Setup and the translation subgroup.**

Let Γ ≤ Isom(ℝⁿ) be a discrete (cocompact) subgroup — a *crystallographic group*. Write Isom(ℝⁿ) = O(n) ⋉ ℝⁿ, with the projection π: Isom(ℝⁿ) → O(n). The kernel of π|_Γ is the **translation subgroup**

$$T(\Gamma) = \Gamma \cap \mathbb{R}^n = \ker(\pi|_\Gamma).$$

Since T(Γ) consists of translations, it is **abelian**. The point group is P := π(Γ) ≤ O(n).

**Step 2: P is finite and T(Γ) is a lattice of rank n (Bieberbach's First Theorem).**

Because Γ is discrete and the projection π is an open map, P = π(Γ) is a discrete subgroup of the compact group O(n); hence **P is finite**. By Bieberbach's First Theorem (1911), T(Γ) is a free abelian group of rank exactly n (it is a full lattice in ℝⁿ), and [Γ : T(Γ)] = |P| < ∞. In particular, T(Γ) is an abelian subgroup of finite index.

**Step 3: P embeds into GL(n, ℤ).**

Since T(Γ) ≅ ℤⁿ is normal in Γ, conjugation gives a homomorphism

$$\rho: \Gamma \longrightarrow \operatorname{Aut}(T(\Gamma)) \cong \operatorname{GL}(n,\mathbb{Z}).$$

Its kernel is {g = (A, b) ∈ Γ : A t = t for all t ∈ T(Γ)}. Because T(Γ) spans ℝⁿ (it is a full lattice), A = id, so g = (id, b) ∈ T(Γ). Thus **ker ρ = T(Γ)**, and ρ induces a **faithful** embedding

$$\bar\rho: P = \Gamma/T(\Gamma) \hookrightarrow \operatorname{GL}(n,\mathbb{Z}).$$

Therefore |P| equals the order of a finite subgroup of GL(n, ℤ), and

$$[\Gamma : T(\Gamma)] = |P| \leq \max\{|G| : G \leq \operatorname{GL}(n,\mathbb{Z}),\ |G|<\infty\}.$$

**Step 4: Minkowski's bound on finite subgroups of GL(n, ℤ).**

Minkowski (1887) proved that for every prime p, the p-part of the order of any finite subgroup G ≤ GL(n, ℤ) satisfies

$$v_p(|G|) \;\leq\; M_p(n) \;:=\; \sum_{k=1}^{\infty}\left\lfloor \frac{n}{p^{k}-1}\right\rfloor,$$

and this bound is **sharp** for each prime p (achieved by suitable signed permutation / Weyl-group type constructions). Consequently

$$|G| \;\leq\; M(n) \;:=\; \prod_{p\ \text{prime}} p^{M_p(n)},$$

where the product is finite (terms vanish once p^k − 1 > n). The bound M(n) is the **exact** maximal order of a finite subgroup of GL(n, ℤ).

*Sanity checks.* M(1) = 2 = |{±1}| ✓. M(2) = 2²·3 = 12 = |D₆| ✓. M(3) = 2⁴·3 = 48 = |Weyl group of B₃| ✓.

**Step 5: Combining.**

From Steps 2–4,

$$[\Gamma : T(\Gamma)] = |P| \leq M(n).$$

Since T(Γ) is abelian, every crystallographic group Γ ≤ Isom(ℝⁿ) contains an abelian subgroup (namely its translation subgroup) of index at most M(n).

**Step 6: Sharpness.**

The bound is attained: there exist finite subgroups G ≤ GL(n, ℤ) with |G| = M(n) (Minkowski's bound is sharp p-primary by p-primary). For any such G, the split extension ℤⁿ ⋊ G is a crystallographic group whose translation subgroup has index exactly |G| = M(n). Hence no smaller bound depending only on n is possible.

---

**Conclusion.** The best known upper bound on the index of an abelian subgroup in a discrete (crystallographic) subgroup of Isom(ℝⁿ) — achieved by the translation subgroup and sharp — is **Minkowski's bound**

$$\boxed{M(n) = \prod_{p\ \mathrm{prime}}\; p^{\,\sum_{k=1}^{\infty}\,\left\lfloor\, n/(p^{k}-1)\,\right\rfloor}.}$$

### PROOF COMPLETE
DEVIN_CLI_EXITED code=0
