## Proof

Let $f_n(x) = \left(1+\dfrac{x}{n}\right)^n$ on $[-2,2]$.

**Pointwise limit.** For every fixed $x\in[-2,2]$, since $\frac{x}{n}\to 0$ and the classical limit $\lim_{n\to\infty}\left(1+\frac{x}{n}\right)^n = e^x$ holds (it is the defining limit of the exponential, valid for all real $x$), we have
$$f_n(x)\to e^x\quad\text{pointwise on }[-2,2].$$

**Dominating function.** We use the standard fact that for fixed real $x$ the sequence $\left(1+\frac{x}{n}\right)^n$ is **increasing** in $n$ (whenever $1+\frac{x}{n}>0$) and converges to $e^x$. Hence for every $n$ with $1+\frac{x}{n}>0$,
$$\left(1+\frac{x}{n}\right)^n \le e^x.$$
On $[-2,2]$, take $n\ge 3$; then $1+\frac{x}{n}\ge 1-\frac{2}{3}=\frac13>0$, so the inequality applies for all $x\in[-2,2]$. Since $e^x\le e^2$ on $[-2,2]$, we obtain the uniform (in $n\ge 3$) bound
$$|f_n(x)|=\left(1+\frac{x}{n}\right)^n \le e^x \le e^2,\qquad x\in[-2,2].$$
The constant function $g(x)=e^2$ is Lebesgue-integrable on the finite interval $[-2,2]$.

**Apply Dominated Convergence.** The sequence $\{f_n\}$ satisfies:
1. $f_n\to e^x$ pointwise a.e. on $[-2,2]$,
2. $|f_n(x)|\le g(x)=e^2\in L^1([-2,2])$ for all $n\ge 3$.

By Lebesgue's Dominated Convergence Theorem,
$$\lim_{n\to\infty}\int_{-2}^{2}\left(1+\frac{x}{n}\right)^n dx = \int_{-2}^{2}\lim_{n\to\infty}\left(1+\frac{x}{n}\right)^n dx = \int_{-2}^{2}e^x\,dx.$$

**Evaluate.**
$$\int_{-2}^{2}e^x\,dx = \Big[e^x\Big]_{-2}^{2}=e^2-e^{-2}.$$

Therefore,
$$\boxed{\lim_{n\to\infty}\int_{-2}^{2}\left(1+\frac{x}{n}\right)^n dx = e^2-e^{-2}.}$$

### PROOF COMPLETE
DEVIN_CLI_EXITED code=0
