Looking at this problem, I need to determine whether $p_k(n)$ satisfies a linear recurrence with characteristic polynomial $(X-1)(X^2-1)\cdots(X^k-1)$, and whether the order is $\binom{k+1}{2}$.

**Answer: Yes, for every $k \geq 1$.**

## Proof

**Step 1: Generating function of $p_k(n)$.**

By conjugation of Ferrers diagrams, the number of partitions of $n$ into at most $k$ parts equals the number of partitions of $n$ into parts of size at most $k$. The generating function for the latter is:

$$\sum_{n=0}^{\infty} p_k(n)\, X^n = \prod_{j=1}^{k} \frac{1}{1-X^j} = \frac{1}{(1-X)(1-X^2)\cdots(1-X^k)}.$$

This holds for every $k \geq 1$.

**Step 2: Extracting the recurrence.**

Set $Q(X) = \prod_{j=1}^{k}(1-X^j)$, which is a polynomial of degree $d = \sum_{j=1}^{k} j = \binom{k+1}{2}$ with constant term $Q(0)=1$. Write:

$$Q(X) = 1 + c_1 X + c_2 X^2 + \cdots + c_d X^d.$$

Since $\sum_{n \geq 0} p_k(n) X^n = \frac{1}{Q(X)}$, we have $Q(X) \cdot \sum_{n\geq 0} p_k(n) X^n = 1$. Comparing coefficients of $X^n$ for $n \geq 1$:

$$p_k(n) + c_1\, p_k(n-1) + c_2\, p_k(n-2) + \cdots + c_d\, p_k(n-d) = 0, \qquad n \geq 1,$$

with the convention $p_k(m) = 0$ for $m < 0$ and $p_k(0) = 1$. This is a linear recurrence of order $d = \binom{k+1}{2}$.

**Step 3: The characteristic polynomial.**

The characteristic polynomial of the recurrence $a(n) + c_1 a(n-1) + \cdots + c_d a(n-d) = 0$ is:

$$\chi(X) = X^d + c_1 X^{d-1} + \cdots + c_d = X^d\, Q(1/X).$$

Computing:

$$X^d\, Q(1/X) = X^d \prod_{j=1}^{k}(1 - X^{-j}) = X^d \prod_{j=1}^{k} \frac{X^j - 1}{X^j} = \prod_{j=1}^{k}(X^j - 1) \cdot X^{d - \sum_{j=1}^k j}.$$

Since $d = \sum_{j=1}^k j = \binom{k+1}{2}$, the exponent $d - \sum_{j=1}^k j = 0$, so:

$$\chi(X) = \prod_{j=1}^{k}(X^j - 1) = (X-1)(X^2-1)\cdots(X^k-1).$$

**Step 4: The order is exactly $\binom{k+1}{2}$.**

The degree of $\chi(X) = (X-1)(X^2-1)\cdots(X^k-1)$ is $\sum_{j=1}^k j = \binom{k+1}{2}$, so the recurrence has order $\binom{k+1}{2}$.

Moreover, since the generating function has numerator $1$ (no common factors with the denominator), there is no cancellation, so this is the **minimal** recurrence: $p_k(n)$ does not satisfy any linear recurrence of order strictly less than $\binom{k+1}{2}$.

**Step 5: Validity for each $k$.**

The argument above uses only the generating function identity $\sum p_k(n) X^n = 1/\prod_{j=1}^k(1-X^j)$, which is valid for every $k \geq 1$. No special property of $k$ is needed. Therefore the conclusion holds **for each value of $k$**.

**Conclusion.** For every $k \geq 1$, the sequence $p_k(n)$ satisfies a linear recurrence with characteristic polynomial $(X-1)(X^2-1)\cdots(X^k-1)$, and this recurrence has order $\binom{k+1}{2}$. The order is minimal (no cancellation occurs in the generating function). $\blacksquare$

### PROOF COMPLETE
DEVIN_CLI_EXITED code=0
