No answer leak detected in the problem text. Proceeding with the proof.

# Generalized Green's Identities for the Sturm–Liouville Operator

Let $L[y] = (ry')' + qy$, where $r, q$ are sufficiently smooth functions on $[a,b]$ and $y_1, y_2$ are twice continuously differentiable on $[a,b]$.

## Part (a)

We compute $\displaystyle\int_a^b y_1\, L[y_2]\, dx$ by expanding the operator and integrating the highest-order term by parts.

$$\int_a^b y_1\, L[y_2]\, dx = \int_a^b y_1\,(ry_2')'\, dx + \int_a^b q\, y_1 y_2\, dx.$$

For the first integral, set $u = y_1$ and $dv = (ry_2')'\, dx$, so that $du = y_1'\, dx$ and $v = r y_2'$. Integration by parts gives

$$\int_a^b y_1\,(ry_2')'\, dx = \Big[\,y_1\cdot r y_2'\,\Big]_a^b - \int_a^b y_1'\cdot r y_2'\, dx = r(x)\,y_1(x)\,y_2'(x)\Big|_a^b - \int_a^b r\,y_1' y_2'\, dx.$$

Substituting back,

$$\boxed{\;\int_a^b y_1\, L[y_2]\, dx = r(x)\,y_1(x)\,y_2'(x)\Big|_a^b - \int_a^b r\,y_1' y_2'\, dx + \int_a^b q\,y_1 y_2\, dx.\;}$$

This is **Green's first identity** (generalized): the integral of $y_1 L[y_2]$ equals a boundary term plus a symmetric bilinear form $\displaystyle\int_a^b (q\,y_1 y_2 - r\,y_1' y_2')\, dx$.

## Part (b)

We obtain Green's second identity by applying part (a) twice and subtracting. From part (a),

$$\int_a^b y_1\, L[y_2]\, dx = r\,y_1 y_2'\Big|_a^b - \int_a^b r\,y_1' y_2'\, dx + \int_a^b q\,y_1 y_2\, dx,$$

and, swapping the roles of $y_1$ and $y_2$,

$$\int_a^b y_2\, L[y_1]\, dx = r\,y_2 y_1'\Big|_a^b - \int_a^b r\,y_2' y_1'\, dx + \int_a^b q\,y_2 y_1\, dx.$$

Subtracting the second from the first:

$$\int_a^b \big(y_1\, L[y_2] - y_2\, L[y_1]\big)\, dx = \Big[r\,y_1 y_2' - r\,y_2 y_1'\Big]_a^b - \int_a^b r\,y_1' y_2'\, dx + \int_a^b r\,y_1' y_2'\, dx + \int_a^b q\,y_1 y_2\, dx - \int_a^b q\,y_1 y_2\, dx.$$

The two integral terms involving $r\,y_1' y_2'$ cancel (the integrand is symmetric in $y_1, y_2$), and likewise the two terms involving $q\,y_1 y_2$ cancel. What remains is purely the boundary term:

$$\boxed{\;\int_a^b \big(y_1\, L[y_2] - y_2\, L[y_1]\big)\, dx = r(x)\Big[y_1(x)\,y_2'(x) - y_2(x)\,y_1'(x)\Big]\Big|_a^b.\;}$$

This is **Green's second identity** (generalized): the integral of the antisymmetric combination $y_1 L[y_2] - y_2 L[y_1]$ reduces entirely to a boundary expression, with all interior contributions canceling due to the symmetry of the bilinear form $\int_a^b (q\,y_1 y_2 - r\,y_1' y_2')\, dx$ in $y_1, y_2$.

## Remarks

- The cancellation in part (b) hinges on the fact that the operator $L[y] = (ry')' + qy$ is in **self-adjoint form**: the highest-order coefficient $r$ multiplies $y'$ (not $y$), which is what makes the interior terms symmetric and hence cancel upon subtraction.
- If $y_1, y_2$ satisfy boundary conditions making the boundary term vanish (e.g. both vanish at $a$ and $b$, or satisfy separated conditions with appropriate signs), then $\int_a^b y_1 L[y_2]\, dx = \int_a^b y_2 L[y_1]\, dx$, i.e. $L$ is symmetric (self-adjoint) on the corresponding function space — the foundational property underlying Sturm–Liouville theory.

### PROOF COMPLETE
DEVIN_CLI_EXITED code=0
