## Solution

**Answer: Yes. The converse of Lusin's theorem holds: $f$ is necessarily measurable.**

### Proof

By hypothesis, for every $\varepsilon>0$ there exists a continuous $g:[a,b]\to\mathbb{C}$ with $\mu(\{x:f(x)\neq g(x)\})<\varepsilon$. Applying this with $\varepsilon=2^{-n}$, for each $n\geq 1$ choose a continuous $g_n$ and set
$$E_n:=\{x\in[a,b]:f(x)\neq g_n(x)\},\qquad \mu(E_n)<2^{-n}.$$
(Each $E_n$ is measurable, since the hypothesis writes $\mu(E_n)$; if one prefers an outer-measure reading, replace $E_n$ below by any measurable superset $G_n\supseteq E_n$ with $\mu(G_n)<2^{-n}$, which exists by definition of outer measure — the argument is identical.)

**Step 1. Build measurable approximants.** Since $g_n$ is continuous (hence measurable) and $\mathbf{1}_{E_n^c}$ is measurable, the function
$$h_n:=g_n\cdot\mathbf{1}_{E_n^c}$$
is measurable. On $E_n^c$ we have $f=g_n=h_n$, so $f$ and $h_n$ coincide on $E_n^c$.

**Step 2. Apply Borel–Cantelli.** Because $\sum_{n=1}^{\infty}\mu(E_n)<\sum_{n=1}^{\infty}2^{-n}=1<\infty$, the Borel–Cantelli lemma gives
$$\mu\!\Big(\limsup_{n\to\infty}E_n\Big)=0,\qquad \limsup E_n=\bigcap_{N=1}^{\infty}\bigcup_{n\ge N}E_n.$$
Set $A:=[a,b]\setminus\limsup E_n=\bigcup_{N=1}^{\infty}\bigcap_{n\ge N}E_n^c$. Then $A$ is measurable and $\mu(A^c)=0$.

**Step 3. $f$ is measurable on $A$.** For every $x\in A$ there exists $N(x)$ with $x\in E_n^c$ for all $n\ge N(x)$, hence $f(x)=h_n(x)$ for all $n\ge N(x)$. Therefore
$$f(x)=\lim_{n\to\infty}h_n(x),\qquad\forall\,x\in A.$$
Each $h_n$ is measurable, so $h:=\lim_{n\to\infty}h_n$ (taken as the pointwise limit where it exists, $0$ otherwise) is measurable. Thus $f\cdot\mathbf{1}_A=h\cdot\mathbf{1}_A$ is measurable.

**Step 4. $f$ is measurable on the null set $A^c$.** The function $f\cdot\mathbf{1}_{A^c}$ is supported on $A^c$, which has measure $0$. Lebesgue measure on $[a,b]$ is **complete**, so every function supported on a null set is measurable: for any open $U\subseteq\mathbb{C}$,
$$\{x:f(x)\mathbf{1}_{A^c}(x)\in U\}\subseteq A^c,$$
and every subset of a null set is Lebesgue measurable. Hence $f\cdot\mathbf{1}_{A^c}$ is measurable.

**Conclusion.** Combining the two pieces,
$$f=\underbrace{f\cdot\mathbf{1}_A}_{\text{measurable (Step 3)}}+\underbrace{f\cdot\mathbf{1}_{A^c}}_{\text{measurable (Step 4)}}$$
is measurable. $\blacksquare$

**Remark.** Completeness of the measure is essential: on a non-complete measure space, a function $\mathbf{1}_S$ where $S$ is a non-measurable subset of a null set satisfies the hypothesis (it equals $0$ off a null set) yet is non-measurable. Lebesgue measure on $[a,b]$ being complete is exactly what makes the converse valid.

### PROOF COMPLETE
DEVIN_CLI_EXITED code=0
