```xml
<audit>
  <analysis_result_key>2270671</analysis_result_key>
  <problem_id>oda_math_460k_00057153</problem_id>
  <audit_status>FAIL_INCOMPLETE</audit_status>
  <check_results>
    <A1>PASS: dimension1_verdict is DIRECTION_ERROR, a valid value</A1>
    <A2>PASS: dimension1_explanation is non-empty and well over 50 characters</A2>
    <A3>PASS: dimension2_turning_point_type is "other", a valid value (d1=DIRECTION_ERROR requires d2 type)</A3>
    <A4>FAIL: dimension2_explanation is [null], empty and below 50 characters</A4>
    <A5>PASS: ai_direction_summary is non-empty and describes the AI's actual direction</A5>
    <A6>PASS: standard_solution_key_technique is non-empty and describes the AP sum/divisor technique</A6>
    <B1>PASS: no XML tag leaks in dimension1_explanation; dimension2_explanation is null so no leak</B1>
    <B2>PASS: no template placeholder leaks in dimension1_explanation</B2>
    <B3>PASS: dimension1_explanation is well over 50 characters (dimension2 is null, but B3 scope on d2 is moot given A4 failure)</B3>
    <C1>FAIL: d1=DIRECTION_ERROR requires d2 to have a value, but dimension2_explanation is null while dimension2_turning_point_type is set</C1>
    <C2>PASS: dimension1_explanation describes a wrong-direction problem substitution, consistent with DIRECTION_ERROR</C2>
    <C3>FAIL: dimension2_explanation is null, cannot be consistent with dimension2_turning_point_type="other"</C3>
    <D1>FAIL: dimension1_explanation is over 100 characters but contains no action verb from the required list (identified, missed, explored, used, went, attempted, tried, failed, overlooked, ignored)</D1>
    <D2>FAIL: dimension2_explanation is null, not operable</D2>
    <D3>PASS: ai_direction_summary describes the specific unrelated combinatorics direction the AI took</D3>
    <D4>PASS: standard_solution_key_technique describes the specific AP sum/sum-of-squares and divisor-checking technique</D4>
    <E1>UNKNOWN — check via script</E1>
  </check_results>
  <issues_found>dimension2_explanation is null (A4, C1, C3, D2 fail), dimension1_explanation lacks a required action verb (D1 fail)</issues_found>
</audit>
```

### AUDIT COMPLETE
DEVIN_CLI_EXITED code=0
