Looking at this problem, I need to determine for which $\delta > 0$ the series $\sum_{n=1}^{\infty}\frac{x}{n(1+n^{\delta}x^{2})}$ converges uniformly on $[-1,1]$.

**Answer leak check:** The problem text contains only the problem statement — no solutions, sketches, or leaked answers. Proceeding to solve.

---

## Proof

Let $f_n(x) = \dfrac{x}{n(1+n^{\delta}x^{2})}$. Since $f_n$ is odd, it suffices to study $|f_n(x)|$ on $[0,1]$.

**Step 1: Compute $\sup_{x\in[-1,1]}|f_n(x)|$.**

Set $h(t) = \dfrac{t}{n(1+n^{\delta}t^{2})}$ for $t\in[0,1]$. Then

$$h'(t) = \frac{1 - n^{\delta}t^{2}}{n(1+n^{\delta}t^{2})^{2}}.$$

The unique critical point in $(0,\infty)$ is $t = n^{-\delta/2}$. Since $\delta>0$ and $n\ge 1$, we have $n^{-\delta/2}\in(0,1]$, so the critical point lies in $[0,1]$. At this point:

$$h(n^{-\delta/2}) = \frac{n^{-\delta/2}}{n\bigl(1 + n^{\delta}\cdot n^{-\delta}\bigr)} = \frac{n^{-\delta/2}}{2n} = \frac{1}{2\,n^{1+\delta/2}}.$$

Since $h(0)=0$ and $h$ is increasing on $[0,n^{-\delta/2}]$ and decreasing on $[n^{-\delta/2},\infty)$, this is the global maximum on $[0,1]$. Therefore

$$\sup_{x\in[-1,1]}|f_n(x)| = \frac{1}{2\,n^{1+\delta/2}}.$$

**Step 2: Apply the Weierstrass M-test.**

The majorant series is

$$\sum_{n=1}^{\infty}\frac{1}{2\,n^{1+\delta/2}}.$$

This is a $p$-series with $p = 1 + \delta/2$. Since $\delta > 0$, we have $p = 1+\delta/2 > 1$, so the majorant series **converges**.

By the Weierstrass M-test, $\sum_{n=1}^{\infty} f_n(x)$ converges uniformly on $[-1,1]$.

**Step 3: The bound is sharp — confirm no $\delta\le 0$ is relevant.**

The problem restricts to $\delta\in(0,\infty)$, and we have shown uniform convergence for every such $\delta$. (For completeness: if $\delta=0$, the majorant becomes $\sum \frac{1}{2n}$, which diverges, and indeed $f_n(x)=\frac{x}{n(1+x^2)}$ gives $\sum f_n = \frac{x}{1+x^2}\sum\frac{1}{n}$, which diverges for $x\neq 0$.)

**Conclusion.** The series $\displaystyle\sum_{n=1}^{\infty}\frac{x}{n(1+n^{\delta}x^{2})}$ is uniformly convergent on $[-1,1]$ for **every** $\delta\in(0,\infty)$.

### PROOF COMPLETE
DEVIN_CLI_EXITED code=0
