Error: Agent error: Permission denied: Permission denied: Reached overall message rate limit. Please try again later. Your limit will reset in 13 minutes. (trace ID: 9973f8bf85157a79beec07786b6f951b): {
  "cognition.ai/errorKind": "internal",
  "cognition.ai/retryable": true
}
Error: Agent error: Permission denied: Permission denied: Reached overall message rate limit. Please try again later. Your limit will reset in 20 minutes. (trace ID: dbe51cd433455e2ce51c63b49bbad2eb): {
  "cognition.ai/errorKind": "internal",
  "cognition.ai/retryable": true
}
DEVIN_CLI_EXITED code=1
```xml
<audit>
  <analysis_result_key>2271920</analysis_result_key>
  <problem_id>oda_math_460k_00053675</problem_id>
  <audit_status>FAIL_INCOMPLETE</audit_status>
  <check_results>
    <A1>PASS: dimension1_verdict is DIRECTION_ERROR, a valid value.</A1>
    <A2>PASS: dimension1_explanation is non-empty and well over 50 characters, describing the wrong-direction failure.</A2>
    <A3>FAIL: dimension2_turning_point_type is [null] but d1=DIRECTION_ERROR requires it to be non-empty and one of the listed values (the explanation describes basic linear algebra, so it should be "other").</A3>
    <A4>PASS: dimension2_explanation is non-empty and well over 50 characters, detailing cofactor expansion and the quadratic formula.</A4>
    <A5>PASS: ai_direction_summary is non-empty and describes the trigonometric-series direction the AI took.</A5>
    <A6>PASS: standard_solution_key_technique is non-empty and describes the cofactor-expansion/quadratic-formula approach.</A6>
    <B1>PASS: No XML tag leaks found in either explanation.</B1>
    <B2>PASS: No template placeholder leaks found in either explanation.</B2>
    <B3>PASS: Both explanations are well over 50 characters.</B3>
    <C1>FAIL: d1=DIRECTION_ERROR requires d2 to have a value, but dimension2_turning_point_type is null while dimension2_explanation is populated — inconsistent.</C1>
    <C2>PASS: dimension1_explanation describes the AI addressing a completely different problem (harmonic analysis vs. determinant), consistent with DIRECTION_ERROR.</C2>
    <C3>FAIL: dimension2_turning_point_type is null but dimension2_explanation describes cofactor expansion and quadratic formula (basic algebra), which should map to "other" — the null label is inconsistent with the populated explanation.</C3>
    <D1>PASS: dimension1_explanation is over 100 characters and contains action verbs ("explored", "engaged").</D1>
    <D2>PASS: dimension2_explanation is over 100 characters and contains mathematical terms (determinant, cofactor expansion, quadratic).</D2>
    <D3>PASS: ai_direction_summary concretely describes the AI's actual direction (everywhere-divergent trigonometric series with Dirichlet/Fejér kernel blocks).</D3>
    <D4>PASS: standard_solution_key_technique specifies the concrete technique (first-row cofactor expansion, set to zero, simplify to quadratic, apply quadratic formula).</D4>
    <E1>UNKNOWN — check via script</E1>
  </check_results>
  <issues_found>dimension2_turning_point_type is null despite d1=DIRECTION_ERROR (should be "other" given the explanation describes basic linear algebra/quadratic formula, not a listed number-theoretic technique), C1 d1/d2 logical inconsistency, C3 label/explanation mismatch</issues_found>
</audit>
```

### AUDIT COMPLETE
DEVIN_CLI_EXITED code=0
