Looking at the problem, I need to determine whether the set $X$ of boundary points with more than one supporting hyperplane has zero $(n-1)$-dimensional measure for a convex set $S \subset \mathbb{R}^n$.

**Answer Leak Check:** The problem contains no leaked answers or solution sketches. Proceeding to solve.

---

## Proof

We prove by induction on $n$ that for any $n$-dimensional convex set $S \subset \mathbb{R}^n$, the set $X$ of boundary points admitting more than one supporting hyperplane has $H^{n-1}$-measure zero (where $H^{n-1}$ denotes $(n-1)$-dimensional Hausdorff/Lebesgue measure on $\partial S$).

**Reduction to the compact case.** Replace $S$ with $K = \overline{S}$. Since $S$ has nonempty interior, $\operatorname{int}(K) = \operatorname{int}(S)$, so $\partial K = \partial S$, and supporting hyperplanes at boundary points are identical for $S$ and $K$. For each $m \geq 1$, set $K_m = K \cap [-m,m]^n$, a compact convex set (convex body for $m$ large). For $x \in \partial K \cap (-m,m)^n$, every supporting hyperplane of $K$ at $x$ also supports $K_m$ at $x$ (since $K_m \subseteq K$), so non-smoothness for $K$ implies non-smoothness for $K_m$. Thus $X \cap (-m,m)^n \subseteq \{\text{non-smooth points of } K_m\}$, and $X = \bigcup_m (X \cap (-m,m)^n)$. It suffices to prove the result for compact convex bodies.

**Base case ($n = 1$).** $K \subset \mathbb{R}$ is a closed interval. Each boundary point has a unique supporting hyperplane (a point), so $X = \emptyset$.

**Inductive step.** Assume the result for dimension $n - 1$ ($n \geq 2$). Let $K$ be a convex body in $\mathbb{R}^n$.

Let $\pi: \mathbb{R}^n \to \mathbb{R}^{n-1}$ be projection onto the first $n-1$ coordinates, and set $D = \pi(K)$, a convex body in $\mathbb{R}^{n-1}$. For each $y \in D$, the fiber $K \cap \pi^{-1}(y)$ is a closed interval $[f^-(y),\, f^+(y)]$ in the $e_n$-direction, where $f^-: D \to \mathbb{R}$ is **convex** and $f^+: D \to \mathbb{R}$ is **concave** (by convexity of $K$).

Decompose the boundary:
$$\partial K = U^+ \cup U^- \cup S,$$
where $U^+ = \{(y, f^+(y)) : y \in D\}$, $\;U^- = \{(y, f^-(y)) : y \in D\}$, and $S = \{(y, t) : y \in \partial D,\; f^-(y) \le t \le f^+(y)\}$.

**Non-smooth points on $U^\pm$.** The functions $f^\pm$ are locally Lipschitz on $\operatorname{int}(D)$ (convex/concave functions on open convex sets are locally Lipschitz). By **Rademacher's theorem**, $f^\pm$ are differentiable $H^{n-1}$-a.e. on $\operatorname{int}(D)$.

At a differentiability point $y \in \operatorname{int}(D)$ of $f^+$: the subdifferential $\partial f^+(y) = \{\nabla f^+(y)\}$ is a singleton, so the supporting hyperplane to $K$ at $(y, f^+(y))$ has a unique normal direction $(-\nabla f^+(y), 1)$ (up to positive scaling). At a non-differentiability point, $\partial f^+(y)$ contains multiple vectors, yielding multiple supporting hyperplanes.

Since the graph map $y \mapsto (y, f^+(y))$ is bi-Lipschitz (with Lipschitz inverse given by $\pi$), it maps $H^{n-1}$-null sets to $H^{n-1}$-null sets. Thus the non-smooth points of $U^+$ over $\operatorname{int}(D)$ have $H^{n-1}$-measure zero. The remaining part $\{(y, f^+(y)) : y \in \partial D\}$ is an $(n-2)$-dimensional graph over $\partial D$, hence has $H^{n-1}$-measure zero. The same argument applies to $U^-$.

Therefore: $H^{n-1}\!\bigl(X \cap (U^+ \cup U^-)\bigr) = 0$.

**Non-smooth points on $S$.** For $y \in \partial D$ and $t \in (f^-(y), f^+(y))$ (interior of the fiber), we determine the normal cone $N_K((y,t))$. A vector $(v, s) \in \mathbb{R}^{n-1} \times \mathbb{R}$ belongs to $N_K((y,t))$ iff
$$\langle v, y \rangle + s\, t \;\ge\; \langle v, y' \rangle + s\, t' \quad \text{for all } (y', t') \in K.$$
Varying $t'$ within the fiber $[f^-(y), f^+(y)]$ (which contains $t$ in its interior) forces $s = 0$. With $s = 0$, the condition reduces to $\langle v, y \rangle \ge \langle v, y' \rangle$ for all $y' \in D$, i.e., $v \in N_D(y)$. Therefore:
$$N_K((y,t)) = N_D(y) \times \{0\}.$$
In particular, $(y,t)$ is a smooth point of $\partial K$ **if and only if** $y$ is a smooth point of $\partial D$.

The non-smooth points in the interiors of the fibers form the set $\{(y, t) : y \in \operatorname{NS}(\partial D),\; f^-(y) < t < f^+(y)\}$. By Fubini's theorem, its $H^{n-1}$-measure is:
$$\int_{\operatorname{NS}(\partial D)} \bigl(f^+(y) - f^-(y)\bigr)\, dH^{n-2}(y).$$
By the **inductive hypothesis** applied to the convex body $D \subset \mathbb{R}^{n-1}$, we have $H^{n-2}\!\bigl(\operatorname{NS}(\partial D)\bigr) = 0$, so this integral equals $0$.

The fiber endpoints $\{(y, f^\pm(y)) : y \in \partial D\}$ are graphs of continuous functions over $\partial D$ (an $(n-2)$-dimensional set), hence are $(n-2)$-rectifiable and have $H^{n-1}$-measure zero.

Therefore: $H^{n-1}(X \cap S) = 0$.

**Conclusion.** Since $X \subseteq \bigl(X \cap (U^+ \cup U^-)\bigr) \cup (X \cap S)$ and both sets on the right have $H^{n-1}$-measure zero, we conclude $H^{n-1}(X) = 0$.

The general (possibly unbounded) case follows by the countable union argument: $X = \bigcup_{m=1}^\infty (X \cap (-m,m)^n)$, with each piece contained in the non-smooth set of a compact convex body, hence null. $\blacksquare$

### PROOF COMPLETE
DEVIN_CLI_EXITED code=0
