## Solution

The steady-state temperature satisfies Laplace's equation ∇²u = 0 inside the unit sphere, with boundary condition

$$u(1,\theta,\phi) = \sin^2\theta\cos\theta\cos 2\phi - \cos\theta.$$

**Strategy.** Expand the boundary data in spherical harmonics $Y_\ell^m(\theta,\phi)$, then use the fact that the regular (finite at origin) harmonic functions are $r^\ell Y_\ell^m$.

---

### Decomposing the boundary data

**The term $-\cos\theta$.** Since $Y_1^0 = \sqrt{3/(4\pi)}\cos\theta$, we have $\cos\theta = \sqrt{4\pi/3}\,Y_1^0$, so

$$-\cos\theta = -\sqrt{\tfrac{4\pi}{3}}\,Y_1^0.$$

**The term $\sin^2\theta\cos\theta\cos 2\phi$.** Set $x=\cos\theta$, so $\sin^2\theta = 1-x^2$. We need to express $(1-x^2)\,x\,\cos 2\phi$ using associated Legendre functions with $m=2$.

The key identity: $P_3^2(x) = (1-x^2)\frac{d^2}{dx^2}P_3(x)$. With $P_3(x)=\frac{5x^3-3x}{2}$, we get $\frac{d^2P_3}{dx^2}=15x$, hence

$$P_3^2(\cos\theta) = \tfrac{15}{2}\,x(1-x^2) = \tfrac{15}{2}\cos\theta\sin^2\theta,$$

so $\sin^2\theta\cos\theta = \frac{2}{15}P_3^2(\cos\theta)$.

Now the $m=2$ spherical harmonics with $\ell=3$:

$$Y_3^{\pm 2} = \sqrt{\frac{7}{480\pi}}\,P_3^2(\cos\theta)\,e^{\pm 2i\phi},$$

giving

$$Y_3^2 + Y_3^{-2} = \sqrt{\frac{7}{120\pi}}\,P_3^2(\cos\theta)\cos 2\phi.$$

Therefore

$$\sin^2\theta\cos\theta\cos 2\phi = \tfrac{2}{15}P_3^2(\cos\theta)\cos 2\phi = \tfrac{2}{15}\sqrt{\tfrac{120\pi}{7}}\,(Y_3^2+Y_3^{-2}).$$

---

### Assembling the solution

The boundary data is a combination of $Y_1^0$ and $Y_3^{\pm 2}$, so the interior solution (replacing $Y_\ell^m \mapsto r^\ell Y_\ell^m$) is

$$u(r,\theta,\phi) = -\sqrt{\tfrac{4\pi}{3}}\,r\,Y_1^0 + \tfrac{2}{15}\sqrt{\tfrac{120\pi}{7}}\,r^3\,(Y_3^2+Y_3^{-2}).$$

Converting back to trigonometric form using $\sqrt{4\pi/3}\,Y_1^0 = \cos\theta$ and $\frac{2}{15}\sqrt{120\pi/7}\,(Y_3^2+Y_3^{-2}) = \sin^2\theta\cos\theta\cos 2\phi$:

$$\boxed{u(r,\theta,\phi) = r^3\sin^2\theta\cos\theta\cos 2\phi \;-\; r\cos\theta.}$$

---

### Verification

- **Boundary ($r=1$):** $u(1,\theta,\phi)=\sin^2\theta\cos\theta\cos 2\phi - \cos\theta$. ✓
- **Harmonicity:** $r\cos\theta = r\,Y_1^0\cdot\sqrt{4\pi/3}$ is solid harmonic of degree $\ell=1$; $r^3\sin^2\theta\cos\theta\cos 2\phi$ is a solid harmonic of degree $\ell=3$ (being $r^3$ times a linear combination of $Y_3^{\pm 2}$). Both satisfy $\nabla^2(r^\ell Y_\ell^m)=0$, so $\nabla^2 u=0$. ✓
- **Regularity at origin:** Both terms are polynomial in $r$ (powers $r$ and $r^3$), hence finite at $r=0$. ✓

### PROOF COMPLETE
DEVIN_CLI_EXITED code=0
