No answer leak detected in the problem statement. Proceeding to solve.

## Proof

We claim that for every $x \in \mathbb{R}$, the limit exists and equals
$$\boxed{-\dfrac{x^{2}}{4}}.$$

---

### Step 1. The logarithm is well-defined for all large $n$

Since $\sin^{2} k \le 1$, we have
$$0 \le \frac{x^{2}\sin^{2} k}{2n} \le \frac{x^{2}}{2n}.$$
For any fixed $x$, choose $N > x^{2}/2$. Then for all $n \ge N$ and all $k$,
$$1 - \frac{x^{2}\sin^{2} k}{2n} \ge 1 - \frac{x^{2}}{2n} > 0,$$
so every summand $\ln\!\bigl(1 - \tfrac{x^{2}\sin^{2} k}{2n}\bigr)$ is defined. Hence it suffices to study the limit for $n \ge N$.

---

### Step 2. A key equidistribution-type estimate

Using $\sin^{2} k = \tfrac{1-\cos 2k}{2}$,
$$\sum_{k=1}^{n}\sin^{2} k \;=\; \frac{n}{2} - \frac{1}{2}\sum_{k=1}^{n}\cos 2k.$$

Since $e^{2i}\neq 1$ (as $2\notin 2\pi\mathbb{Z}$), the geometric sum is bounded:
$$\Bigl|\sum_{k=1}^{n}\cos 2k\Bigr| \;=\; \Bigl|\Re\Bigl(e^{2i}\,\frac{1-e^{2in}}{1-e^{2i}}\Bigr)\Bigr| \;\le\; \frac{2}{|1-e^{2i}|} \;<\;\infty.$$

Therefore
$$\frac{1}{n}\sum_{k=1}^{n}\sin^{2} k \;\xrightarrow[n\to\infty]{}\; \frac{1}{2}. \tag{$\star$}$$

---

### Step 3. Taylor expansion of the logarithm

Set $a_{n,k} := \dfrac{x^{2}\sin^{2} k}{2n}\in[0,\tfrac{x^{2}}{2n}]$. For $n$ large enough that $a_{n,k}\le \tfrac{x^{2}}{2n}\le \tfrac12$, we use
$$\ln(1-t) = -\sum_{m=1}^{\infty}\frac{t^{m}}{m}, \qquad 0\le t<1.$$

Thus
$$S_n := \sum_{k=1}^{n}\ln\!\Bigl(1-\frac{x^{2}\sin^{2} k}{2n}\Bigr) = -\underbrace{\sum_{k=1}^{n}a_{n,k}}_{\text{(I)}} \;-\; \underbrace{\sum_{k=1}^{n}\sum_{m=2}^{\infty}\frac{a_{n,k}^{m}}{m}}_{\text{(II)}}.$$

---

### Step 4. The leading term (I)

$$\text{(I)} = \sum_{k=1}^{n}a_{n,k} = \frac{x^{2}}{2n}\sum_{k=1}^{n}\sin^{2} k \;\xrightarrow[n\to\infty]{}\; \frac{x^{2}}{2}\cdot\frac{1}{2} = \frac{x^{2}}{4},$$
by $(\star)$.

---

### Step 5. The remainder (II) vanishes

For $0\le t\le \tfrac12$,
$$\sum_{m=2}^{\infty}\frac{t^{m}}{m} \;\le\; \frac{1}{2}\sum_{m=2}^{\infty}t^{m} \;=\; \frac{t^{2}}{2(1-t)} \;\le\; t^{2}.$$

Applying this with $t = a_{n,k}\le \tfrac{x^{2}}{2n}\le \tfrac12$:
$$|\text{(II)}| \;\le\; \sum_{k=1}^{n} a_{n,k}^{2} \;\le\; \sum_{k=1}^{n}\Bigl(\frac{x^{2}}{2n}\Bigr)^{2} \;=\; n\cdot\frac{x^{4}}{4n^{2}} = \frac{x^{4}}{4n}\;\xrightarrow[n\to\infty]{}\;0.$$

---

### Step 6. Conclusion

Combining Steps 4 and 5,
$$S_n = -\text{(I)} - \text{(II)} \;\xrightarrow[n\to\infty]{}\; -\frac{x^{2}}{4} - 0 = -\frac{x^{2}}{4}.$$

The limit exists for **every** $x\in\mathbb{R}$, and its value is
$$\lim_{n\to\infty}\sum_{k=1}^{n}\ln\!\Bigl(1-\frac{x^{2}\sin^{2} k}{2n}\Bigr) \;=\; -\,\frac{x^{2}}{4}.$$

### PROOF COMPLETE
DEVIN_CLI_EXITED code=0
