## Solution

The system generates positive integers but skips any number containing the digit **2** or **9**. The valid digits are: {0, 1, 3, 4, 5, 6, 7, 8} — exactly 8 digits.

**Key insight:** The sequence of valid numbers is in bijection with base-8 representations, using the digit mapping:
- 0→0, 1→1, 2→3, 3→4, 4→5, 5→6, 6→7, 7→8

That is, the *n*-th valid number (1-indexed) is obtained by writing *n* in base 8, then replacing each base-8 digit with the corresponding valid digit.

**Verification of the mapping:**
- n=1: `1` → 1 ✓ (1st code is 1)
- n=2: `2` → 3 ✓ (2nd code is 3)
- n=7: `7` → 8 ✓ (7th code is 8)
- n=8: `10` → 10 ✓ (8th code is 10)
- n=10: `12` → 13 ✓ (10th code is 13)

All match the given sequence.

**Counting by digit length:**
- **1-digit valid codes** (1–9, excluding 2,9): {1,3,4,5,6,7,8} → **7 codes** (positions 1–7)
- **2-digit valid codes** (10–99): tens digit ∈ {1,3,4,5,6,7,8} (7 choices), units digit ∈ {0,1,3,4,5,6,7,8} (8 choices) → 7×8 = **56 codes** (positions 8–63)
- **3-digit valid codes** (100–199): hundreds = 1, tens ∈ {0,1,3,4,5,6,7,8} (8), units ∈ {0,1,3,4,5,6,7,8} (8) → 8×8 = **64 codes** (positions 64–127)

Position 100 falls in the 3-digit range. It is the (100 − 63) = **37th** code in this range.

**Computing the 37th 3-digit code:**
The 3-digit codes start at 100 (position 64, 0-indexed offset 0). The 37th code has 0-indexed offset 36.

Write 36 in base 8:
- 36 = 4×8 + 4 = `44`₈

This is a 2-digit base-8 number representing the tens and units digits. Applying the mapping:
- 4 → 5
- 4 → 5

So the number is **155** (hundreds digit 1, tens digit 5, units digit 5).

**Final verification:** 155 contains no digit 2 or 9, and it is the 37th valid 3-digit code (offset 36 = `44`₈ → 155), placing it at position 63 + 37 = **100**.

The value of the 100th identification code is **155**.

### PROOF COMPLETE
DEVIN_CLI_EXITED code=0
