Looking at this problem, I need to construct the Green's function for the heat equation on a finite interval with Dirichlet boundary conditions, using two methods.

**Interpretation.** The equation $G_t - a^2 G_{xx} = \delta(x-\xi)\delta(t-\tau)$ is the heat/diffusion equation on the domain $x \in (0, L)$ with $L = \epsilon/2$, Dirichlet BCs at both ends, and a retarded (causal) condition $G=0$ for $t < \tau$. The source point $\xi$ lies in $(0, L) \subset (-\epsilon/2, \epsilon/2)$.

---

## (a) Partial Eigenfunction Expansion

The eigenvalue problem $-\phi'' = \lambda \phi$ on $(0,L)$ with $\phi(0)=\phi(L)=0$ yields eigenfunctions and eigenvalues:

$$\phi_n(x) = \sin\!\Bigl(\frac{n\pi x}{L}\Bigr), \qquad \lambda_n = \Bigl(\frac{n\pi}{L}\Bigr)^2, \qquad n=1,2,3,\dots$$

These satisfy the orthogonality relation $\int_0^L \phi_m \phi_n\,dx = \frac{L}{2}\,\delta_{mn}$, giving the completeness relation:

$$\delta(x-\xi) = \frac{2}{L}\sum_{n=1}^{\infty} \sin\!\Bigl(\frac{n\pi\xi}{L}\Bigr)\sin\!\Bigl(\frac{n\pi x}{L}\Bigr).$$

**Expand** the Green's function as

$$G(x,t;\xi,\tau) = \sum_{n=1}^{\infty} g_n(t;\tau)\,\sin\!\Bigl(\frac{n\pi x}{L}\Bigr).$$

This automatically satisfies the boundary conditions $G(0,t)=G(L,t)=0$ since each $\phi_n$ vanishes at both endpoints.

**Substitute** into $G_t - a^2 G_{xx} = \delta(x-\xi)\delta(t-\tau)$. Since $G_{xx} = -\sum_n \lambda_n g_n \phi_n$, we get

$$\sum_{n=1}^{\infty}\bigl[\dot g_n + a^2\lambda_n\, g_n\bigr]\sin\!\Bigl(\frac{n\pi x}{L}\Bigr) = \frac{2}{L}\sum_{n=1}^{\infty}\sin\!\Bigl(\frac{n\pi\xi}{L}\Bigr)\sin\!\Bigl(\frac{n\pi x}{L}\Bigr)\delta(t-\tau).$$

Matching coefficients (by orthogonality), each modal amplitude $g_n$ satisfies the ODE:

$$\dot g_n + a^2\lambda_n\, g_n = \frac{2}{L}\sin\!\Bigl(\frac{n\pi\xi}{L}\Bigr)\delta(t-\tau), \qquad g_n = 0 \;\text{ for }\; t < \tau.$$

**Solve** this first-order ODE with causal (retarded) condition. For $t > \tau$, the delta impulse at $t=\tau$ sets the initial value $g_n(\tau^+;\tau) = \frac{2}{L}\sin\!\bigl(\frac{n\pi\xi}{L}\bigr)$, and subsequently the homogeneous decay gives:

$$g_n(t;\tau) = \frac{2}{L}\sin\!\Bigl(\frac{n\pi\xi}{L}\Bigr)\,e^{-a^2\lambda_n(t-\tau)}\,H(t-\tau),$$

where $H$ is the Heaviside step function.

**Result:**

$$\boxed{G(x,t;\xi,\tau) = \frac{2}{L}\sum_{n=1}^{\infty}\sin\!\Bigl(\frac{n\pi\xi}{L}\Bigr)\sin\!\Bigl(\frac{n\pi x}{L}\Bigr)\,e^{-a^2(n\pi/L)^2(t-\tau)}\,H(t-\tau), \qquad L = \frac{\epsilon}{2}.}$$

**Verification.** (i) Each $\phi_n$ vanishes at $x=0$ and $x=L$, so $G$ satisfies both Dirichlet BCs. (ii) $H(t-\tau)$ enforces $G=0$ for $t<\tau$. (iii) For $t>\tau$, $G_t - a^2 G_{xx} = \sum_n [-a^2\lambda_n + a^2\lambda_n]g_n\phi_n = 0$ away from the source, and the jump at $t=\tau$ produces the delta in time; the spatial delta is reproduced by the completeness relation. ✓

---

## (b) Method of Images

**Free-space Green's function.** On the full line, the fundamental solution of $G_t - a^2 G_{xx} = \delta(x-\xi)\delta(t-\tau)$ with causal condition is

$$G_0(x,t;\xi,\tau) = \frac{H(t-\tau)}{\sqrt{4\pi a^2(t-\tau)}}\exp\!\Bigl(-\frac{(x-\xi)^2}{4a^2(t-\tau)}\Bigr).$$

**Image construction.** To enforce $G=0$ at $x=0$ and $x=L$ with Dirichlet conditions, we place image sources at the reflected positions generated by the two boundaries. The full set of image source locations for a primary source at $\xi \in (0,L)$ is:

$$\xi_m^{+} = 2mL + \xi \quad (\text{same sign}), \qquad \xi_m^{-} = 2mL - \xi \quad (\text{opposite sign}), \qquad m \in \mathbb{Z}.$$

The $2L$-periodic reflection pattern: sources at $2mL+\xi$ carry $+1$ weight, sources at $2mL-\xi$ carry $-1$ weight. The negative images enforce the zero at $x=0$ (antisymmetry about $x=0$), and the $2L$-periodic repetition enforces the zero at $x=L$ (antisymmetry about $x=L$).

**Result:**

$$\boxed{G(x,t;\xi,\tau) = \frac{H(t-\tau)}{\sqrt{4\pi a^2(t-\tau)}}\sum_{m=-\infty}^{\infty}\biggl[\exp\!\Bigl(-\frac{(x - 2mL - \xi)^2}{4a^2(t-\tau)}\Bigr) - \exp\!\Bigl(-\frac{(x - 2mL + \xi)^2}{4a^2(t-\tau)}\Bigr)\biggr], \quad L=\frac{\epsilon}{2}.}$$

**Verification of boundary conditions.**

*At $x=0$:*

$$G(0,t;\xi,\tau) \propto \sum_m\biggl[e^{-(2mL+\xi)^2/4a^2(t-\tau)} - e^{-(2mL-\xi)^2/4a^2(t-\tau)}\biggr].$$

In the first sum, substitute $m \to -m$: $2mL+\xi \to -2mL+\xi = -(2mL-\xi)$, so the first sum becomes $\sum_m e^{-(2mL-\xi)^2/\cdots}$, identical to the second. The difference vanishes. ✓

*At $x=L$:*

$$G(L,t;\xi,\tau) \propto \sum_m\biggl[e^{-((1-2m)L-\xi)^2/\cdots} - e^{-((1-2m)L+\xi)^2/\cdots}\biggr].$$

Substitute $m \to 1-m$ in the first sum: $(1-2m)L-\xi \to (1-2+2m)L-\xi = (2m-1)L-\xi = -((1-2m)L+\xi)$, so the first sum becomes $\sum_m e^{-((1-2m)L+\xi)^2/\cdots}$, identical to the second. The difference vanishes. ✓

*Causality:* The factor $H(t-\tau)$ ensures $G=0$ for $t<\tau$. ✓

*Equation satisfied:* For $x\neq\xi$ and $t\neq\tau$, each term satisfies the homogeneous heat equation (being a translated free-space kernel), so the sum does too. At $t=\tau$, $x=\xi$, the primary ($m=0$, positive) term produces the delta $\delta(x-\xi)\delta(t-\tau)$; all image terms are smooth there. ✓

---

## Equivalence of (a) and (b)

The two representations are equal by the **Jacobi theta function identity** (Poisson summation). Setting $\theta = t - \tau > 0$ and using the Poisson summation formula on the image series, the Gaussian images reorganize into the discrete sine-mode sum:

$$\frac{1}{\sqrt{4\pi a^2\theta}}\sum_{m\in\mathbb{Z}}\bigl[e^{-(x-2mL-\xi)^2/4a^2\theta} - e^{-(x-2mL+\xi)^2/4a^2\theta}\bigr] = \frac{2}{L}\sum_{n=1}^{\infty}\sin\!\Bigl(\frac{n\pi\xi}{L}\Bigr)\sin\!\Bigl(\frac{n\pi x}{L}\Bigr)e^{-a^2(n\pi/L)^2\theta},$$

confirming that both constructions yield the same Green's function.

### PROOF COMPLETE
DEVIN_CLI_EXITED code=0
