Looking at this problem, I need to determine whether there exists a non-zero, positive, contractive linear operator on some $L^1(\mu)$ that is not bounded below.

**Answer: Yes, such an operator exists.**

**Construction.** Take $\Omega = [0,1]$ equipped with Lebesgue measure $\mu = \lambda$. Define
$$P : L^1([0,1]) \to L^1([0,1]), \qquad (Pf)(x) = x\,f(x).$$

**Verification of all required properties.**

*Linearity.* $P$ is multiplication by the fixed measurable function $g(x)=x$, so it is plainly linear.

*Non-zero.* Taking $f = \mathbf{1}_{[0,1]}$, we get $(Pf)(x)=x$, and $\|Pf\|_1 = \int_0^1 x\,dx = \tfrac12 > 0$, so $P \neq 0$.

*Conaction:* $\|Pf\|_1 \le \|f\|_1$. For every $f \in L^1$,
$$\|Pf\|_1 = \int_0^1 |x\,f(x)|\,dx \le \int_0^1 |f(x)|\,dx = \|f\|_1,$$
since $0 \le x \le 1$ on $[0,1]$.

*Positivity:* $f \ge 0 \Rightarrow Pf \ge 0$. If $f \ge 0$ a.e., then $x\,f(x) \ge 0$ a.e. because $x \ge 0$ on $[0,1]$, so $Pf \ge 0$.

*Not bounded below.* We must show that no $\alpha \in (0,1]$ satisfies $\alpha\|f\|_1 \le \|Pf\|_1$ for all $f \in L^1$.

Fix any $\alpha \in (0,1]$. For each $n \ge 1$, set $f_n = \mathbf{1}_{[0,\,1/n]}$. Then
$$\|f_n\|_1 = \frac{1}{n}, \qquad \|Pf_n\|_1 = \int_0^{1/n} x\,dx = \frac{1}{2n^2}.$$
The inequality $\alpha\|f_n\|_1 \le \|Pf_n\|_1$ would require
$$\frac{\alpha}{n} \le \frac{1}{2n^2} \quad\Longleftrightarrow\quad \alpha \le \frac{1}{2n}.$$
Choosing $n > \frac{1}{2\alpha}$ (which is possible since $\alpha > 0$) violates this. Hence for every $\alpha \in (0,1]$ there exists $f \in L^1$ with $\|Pf\|_1 < \alpha\|f\|_1$, so $P$ is not bounded below.

**Conclusion.** The multiplication operator $Pf = x\,f$ on $L^1([0,1])$ is a non-zero positive linear contraction that is not bounded below by any $\alpha \in (0,1]$. The key mechanism is that the multiplier $g(x)=x$ takes values arbitrarily close to $0$ (near $x=0$) yet is not identically zero, so functions supported near the origin are compressed by an arbitrarily small factor. Therefore such an operator **does exist**.

### PROOF COMPLETE
DEVIN_CLI_EXITED code=0
