## Solution

**Claim.** For every $a \in \mathbb{R}$, $\displaystyle\int_0^\infty e^{2a\,W_s^2}\,ds = \infty$ almost surely. Hence there are **no** values of $a$ for which the integral is finite a.s.

---

### Case 1: $a \geq 0$.

For every $s \geq 0$ we have $W_s^2 \geq 0$, so $e^{2aW_s^2} \geq e^0 = 1$. Therefore
$$
\int_0^\infty e^{2aW_s^2}\,ds \;\geq\; \int_0^\infty 1\,ds \;=\; \infty.
$$

### Case 2: $a < 0$.

Write $a = -b$ with $b > 0$, so the integrand is $e^{-2b\,W_s^2}$.

**Key fact (recurrence of 1-D Brownian motion).** The total occupation time of any non-empty open interval by a one-dimensional Wiener process is infinite almost surely:
$$
\int_0^\infty \mathbf{1}_{[-1,1]}(W_s)\,ds \;=\; \infty \quad \text{a.s.}
$$

*Proof of the key fact.* Define the stopping times
$$
\sigma_0 = 0,\qquad \tau_n = \inf\{t \geq \sigma_{n-1} : |W_t| = 1\},\qquad \sigma_n = \inf\{t \geq \tau_n : |W_t| \leq \tfrac{1}{2}\},\quad n\geq 1.
$$
Since 1-D Brownian motion is recurrent, $\sigma_n < \infty$ a.s. for every $n$. By the strong Markov property applied at $\sigma_n$, the random variables $O_n := \int_{\sigma_n}^{\tau_{n+1}} \mathbf{1}_{[-1,1]}(W_s)\,ds$ are i.i.d. and satisfy $E[O_n] > 0$ (each is the occupation time of $[-1,1]$ during an excursion that starts inside $[-1,1]$ and exits at $\pm 1$, which has strictly positive expectation). By the strong law of large numbers,
$$
\sum_{n=1}^{N} O_n \;\xrightarrow{N\to\infty}\; \infty \quad \text{a.s.}
$$
Since $\int_0^\infty \mathbf{1}_{[-1,1]}(W_s)\,ds \;\geq\; \sum_{n=1}^{\infty} O_n$, the total occupation time is infinite a.s. $\square$

**Applying the key fact.** On the event $\{|W_s| \leq 1\}$ we have $W_s^2 \leq 1$, hence
$$
e^{-2b\,W_s^2} \;\geq\; e^{-2b} \;>\; 0.
$$
Therefore
$$
\int_0^\infty e^{-2b\,W_s^2}\,ds \;\geq\; e^{-2b}\int_0^\infty \mathbf{1}_{[-1,1]}(W_s)\,ds \;=\; e^{-2b}\cdot\infty \;=\; \infty \quad \text{a.s.}
$$

---

### Conclusion.

Combining both cases:
$$
\forall\, a \in \mathbb{R}:\qquad \int_0^\infty e^{2a\,W_s^2}\,ds \;=\; \infty \quad \text{a.s.}
$$

The set of values of $a$ for which the integral is finite almost surely is **empty**. Equivalently, the inequality $\int_0^\infty e^{2aW_s^2}\,ds < \infty$ a.s. holds for **no** real number $a$.

The essential reason is that one-dimensional Brownian motion is *recurrent*: it returns to every neighborhood of the origin infinitely often, spending infinite total time there. Since the integrand $e^{2aW_s^2}$ is bounded below by a positive constant on any neighborhood of the origin (regardless of the sign of $a$), the integral must diverge.

### PROOF COMPLETE
DEVIN_CLI_EXITED code=0
