Looking at this problem, I'll set up coordinates and use the rational parametrization of the circle.

**Setup.** Let $\Gamma: x^2+y^2=1$, so $A=(0,1)$, $B=(0,-1)$, and $AB$ is the $y$-axis. Since $\ell \perp AB$ and $B$ is closer to $\ell$, write $\ell: y = 1-s$ for some $s>2$ (so $\ell$ lies below the circle).

**Parametrization.** Every point of $\Gamma$ (except $B$) is $P(t)=\bigl(\tfrac{2t}{1+t^2},\,\tfrac{1-t^2}{1+t^2}\bigr)$. Note $A=P(0)$ and $B=P(\infty)$. A standard computation gives the **chord through $P(p)$ and $P(q)$** as
$$(p+q)\,x+(1-pq)\,y=1+pq. \tag{$*$}$$

Let $C=P(u)$ with $u\neq 0$ (since $C\neq A$).

**Finding $D$.** Line $AC$ (parameters $0,u$) is $ux+y=1$. Intersecting with $\ell: y=1-s$ gives $ux= s$, so
$$D=\Bigl(\frac{s}{u},\,1-s\Bigr).$$

**Tangent condition at $E=P(v)$.** The tangent at $P(v)$ (limit of $(*)$ as $p,q\to v$) is $2vx+(1-v^2)y=1+v^2$. Requiring $D$ to lie on it:
$$\frac{2sv}{u}+(1-v^2)(1-s)=1+v^2 \implies (2-s)v^2-\frac{2s}{u}\,v+s=0. \tag{$\dagger$}$$

This quadratic has two roots (the two tangent points from $D$); the side condition "$B$ and $E$ on the same side of $AC$" selects one. Crucially, our argument works for **any** $v$ satisfying $(\dagger)$.

**Finding $F$.** Line $BE$ (parameters $\infty, v$): taking $p\to\infty$ in $(*)$ gives $x-vy=v$, i.e. $x=v(y+1)$. Intersecting with $\ell: y=1-s$:
$$F=\bigl(v(2-s),\,1-s\bigr).$$

**Finding $G$ and $H$.** Line $AF$ (parameters $0,w$) is $wx+y=1$. Since $F$ lies on it: $w\cdot v(2-s)+(1-s)=1$, giving
$$w=\frac{s}{v(2-s)}.$$
So $G=P(w)$. Reflection in $AB$ (the $y$-axis) sends $(x,y)\mapsto(-x,y)$, hence $P(w)\mapsto P(-w)$. Thus
$$H=P(-w),\qquad w=\frac{s}{v(2-s)}.$$

**Collinearity of $F$, $C$, $H$.** The line through $C=P(u)$ and $H=P(-w)$ is, by $(*)$:
$$(u-w)\,x+(1+uw)\,y=1-uw.$$
We verify $F=\bigl(v(2-s),\,1-s\bigr)$ lies on it. Substituting and simplifying, the condition reduces to:
$$(2-s)\bigl[v(u-w)+uw\bigr]=s. \tag{$\ddagger$}$$

Expanding the left side using $w=\frac{s}{v(2-s)}$:
$$v(u-w)+uw = vu - vw + uw = vu - \frac{s}{2-s}+\frac{us}{v(2-s)}.$$
Multiplying by $(2-s)$:
$$(2-s)vu - s + \frac{us}{v}.$$
So $(\ddagger)$ becomes $(2-s)vu + \frac{us}{v}=2s$, i.e.,
$$u\bigl[(2-s)v^2+s\bigr]=2sv. \tag{$\ddagger\ddagger$}$$

But from the tangent equation $(\dagger)$:
$$(2-s)v^2-\frac{2s}{u}\,v+s=0 \implies (2-s)v^2+s=\frac{2s}{u}\,v.$$

Substituting into $(\ddagger\ddagger)$:
$$u\cdot\frac{2s}{u}\,v = 2sv. \qquad\checkmark$$

This is an identity. Therefore $F$ lies on line $CH$, proving $F$, $C$, $H$ are collinear. $\blacksquare$

### PROOF COMPLETE
DEVIN_CLI_EXITED code=0
