Looking at this problem, I need to determine the fundamental group of $X = \mathbb{R} \cup \{\infty_1, \ldots, \infty_n\}$ with the specified topology.

## Proof

**Step 1: Understand the topology.**

The open sets of $X$ are generated by:
- The usual open subsets of $\mathbb{R}$, and
- For each $i$, sets of the form $(\mathbb{R}\setminus K)\cup\{\infty_i\}$ where $K\subseteq\mathbb{R}$ is compact.

One verifies this is a valid topology: finite intersections of generating sets remain open (if $i\neq j$, the intersection of $(\mathbb{R}\setminus K_1)\cup\{\infty_i\}$ and $(\mathbb{R}\setminus K_2)\cup\{\infty_j\}$ is $\mathbb{R}\setminus(K_1\cup K_2)$, which is open in $\mathbb{R}$; if $i=j$, it is $(\mathbb{R}\setminus(K_1\cup K_2))\cup\{\infty_i\}$ with $K_1\cup K_2$ compact).

**Step 2: Each $X_i := \mathbb{R}\cup\{\infty_i\}$ is homeomorphic to $S^1$.**

The subspace topology on $X_i$ consists of: (a) usual open subsets of $\mathbb{R}$, and (b) sets $(\mathbb{R}\setminus K)\cup\{\infty_i\}$ for compact $K$. (A neighborhood $(\mathbb{R}\setminus K)\cup\{\infty_j\}$ with $j\neq i$ intersects $X_i$ in $\mathbb{R}\setminus K$, already of type (a).) This is precisely the one-point compactification of $\mathbb{R}$, which is homeomorphic to $S^1$. Hence $\pi_1(X_i)\cong\mathbb{Z}$.

**Step 3: Each $X_i$ is open in $X$, and pairwise intersections are $\mathbb{R}$.**

The complement of $X_i$ in $X$ is $\{\infty_j : j\neq i\}$. Each singleton $\{\infty_j\}$ is closed (its complement $\mathbb{R}\cup\{\infty_k:k\neq j\}$ is open, since every point has an open neighborhood inside it). Thus $\{\infty_j:j\neq i\}$ is a finite union of closed sets, hence closed, so $X_i$ is open.

For $i\neq j$: $X_i\cap X_j = \mathbb{R}$, which is path-connected and simply connected. More generally, any $k$-fold intersection ($k\geq 2$) of distinct $X_i$'s equals $\mathbb{R}$.

**Step 4: Apply van Kampen by induction.**

*Base case ($n=1$):* $X = X_1 \cong S^1$, so $\pi_1(X)\cong\mathbb{Z} = F_1$.

*Inductive step:* Assume $\pi_1(\mathbb{R}\cup\{\infty_1,\ldots,\infty_n\})\cong F_n$. Set $Y := \mathbb{R}\cup\{\infty_1,\ldots,\infty_n\}$ and $Z := \mathbb{R}\cup\{\infty_{n+1}\}\cong S^1$. Then $X_{n+1} = Y\cup Z$, where:
- $Y$ is open in $X_{n+1}$ (complement $\{\infty_{n+1}\}$ is closed),
- $Z$ is open in $X_{n+1}$ (complement $\{\infty_1,\ldots,\infty_n\}$ is closed),
- $Y\cap Z = \mathbb{R}$, which is path-connected and simply connected.

By the Seifert–van Kampen theorem (two open sets with simply connected intersection):

$$\pi_1(X_{n+1}) \cong \pi_1(Y)*\pi_1(Z) \cong F_n * \mathbb{Z} \cong F_{n+1}.$$

**Conclusion.** By induction, for all $n\geq 1$:

$$\boxed{\pi_1(X) \cong F_n}$$

the free group on $n$ generators. (For $n=0$, $X=\mathbb{R}$ is contractible and $\pi_1=0=F_0$, consistent with the formula.)

### PROOF COMPLETE
DEVIN_CLI_EXITED code=0
