## Solution

Let $T = \inf\{t \geq 0 : |B_t| = 1\}$ be the first exit time of Brownian motion from the interval $(-1, 1)$, with $B_0 = 0$.

**Answer-leak check:** The problem statement contains no solutions, hints, or Lean statements. Proceeding.

### Setup via the Feynman–Kac / Dynkin formula

Define
$$u(x) = \mathbb{E}_x\!\left[\int_0^T B_t^2\, dt\right],$$
where $\mathbb{E}_x$ denotes expectation when $B_0 = x$, and $T$ is the exit time from $(-1,1)$.

By the standard occupation-time identity (obtained by applying Dynkin's formula to the process $B_t$ killed at $T$), $u$ satisfies the Poisson equation
$$\tfrac{1}{2}\,u''(x) = -x^2, \qquad x \in (-1,1),$$
with Dirichlet boundary conditions
$$u(-1) = u(1) = 0,$$
since the integral vanishes when the process starts already at the boundary.

### Solving the ODE

From $\tfrac{1}{2}u'' = -x^2$ we get $u''(x) = -2x^2$.

Integrating once:
$$u'(x) = -\frac{2x^3}{3} + C_1.$$

Integrating again:
$$u(x) = -\frac{x^4}{6} + C_1 x + C_2.$$

Applying the boundary conditions:
- $u(1) = -\tfrac{1}{6} + C_1 + C_2 = 0$
- $u(-1) = -\tfrac{1}{6} - C_1 + C_2 = 0$

Subtracting the two equations gives $2C_1 = 0$, so $C_1 = 0$.

Adding them gives $-\tfrac{1}{3} + 2C_2 = 0$, so $C_2 = \tfrac{1}{6}$.

Therefore
$$u(x) = \frac{1 - x^4}{6}.$$

### Evaluating at the origin

Since $B_0 = 0$,
$$\mathbb{E}\!\left[\int_0^T |B_t|^2\, dt\right] = u(0) = \frac{1 - 0}{6} = \frac{1}{6}.$$

### Verification (sanity check)

- $u(x) \geq 0$ on $[-1,1]$ since $|x| \leq 1 \Rightarrow x^4 \leq 1$. ✓
- $u$ is symmetric ($u(-x) = u(x)$), consistent with the symmetry of the problem. ✓
- $u$ is concave ($u'' = -2x^2 \leq 0$), as expected for an expected occupation integral of a convex function. ✓
- The value $1/6$ is dimensionally sensible: $\mathbb{E}[T] = 1$ (for exit from $[-1,1]$ starting at $0$, the classical result), and the average of $B_t^2$ over $[0,T]$ should be strictly less than $1$ (the boundary value), so a value well below $1$ is expected. ✓

$$\boxed{\mathbb{E}\!\left(\int_0^T |B_t|^2\, dt\right) = \dfrac{1}{6}}$$

### PROOF COMPLETE
DEVIN_CLI_EXITED code=0
