# Solution

## Parity Reduction

Each vial's concentration is drawn uniformly from $\{0, 1, \ldots, 2021\}$, which contains 1011 even and 1011 odd values. So each vial is independently **odd with probability 1/2**.

Tracking only parity, the operations become:
- **Paul (Product/AND):** $1 \cdot 1 = 1$, otherwise $0$. Combining two odds → odd (removes 2 odds, adds 1: $k \to k-1$). Any other pair → even ($k \to k-1$ if an odd is involved, $k \to k$ if two evens).
- **Sara (Sum/XOR):** $1+1=0$, $1+0=1$, $0+0=0$. Combining two odds → $k \to k-2$. Otherwise $k \to k$.

The state is $(n, k)$ where $n$ = vial count, $k$ = odd count. Since $n=2021$ initially and operation 1 is Paul's: **$n$ odd → Paul's turn, $n$ even → Sara's turn.** Paul wins iff the final $k=1$.

## Game Analysis

**Base cases** (working backward):

| $n$ | Turn | Paul wins iff |
|-----|------|--------------|
| 2 | Sara | $k=1$ (forced XOR, no choice) |
| 3 | Paul | $k \in \{1,2\}$ |
| 4 | Sara | $k \in \{1,4\}$ |
| 5 | Paul | $k \in \{1,2,5\}$ |
| 6 | Sara | $k = 1$ |
| 7 | Paul | $k \in \{1,2\}$ |

**Inductive pattern** (for $n \geq 6$):
- **$n$ even (Sara):** Paul wins iff $k=1$
- **$n$ odd (Paul):** Paul wins iff $k \in \{1,2\}$

**Proof by induction:**

*Sara's turn ($n$ even, $n \geq 8$):* Assume Paul wins at $n-1$ iff $k \in \{1,2\}$. Sara wants $k \notin \{1,2\}$ at $n-1$.
- $k=0$: forced → $k=0$. Sara wins. ✓
- $k=1$: forced → $k=1$. Paul wins (Sara can't change $k$ since $k<2$). ✓
- $k=2$: Sara combines two odds → $k=0 \notin \{1,2\}$. Sara wins. ✓
- $k=3$: Sara keeps $k=3$ (combine odd+even) → $\notin \{1,2\}$. Sara wins. ✓
- $k \geq 4$: Sara combines two odds → $k-2 \geq 2 \notin \{1,2\}$. Sara wins. ✓

So Paul wins iff $k=1$. ✓

*Paul's turn ($n$ odd, $n \geq 9$):* Assume Paul wins at $n-1$ iff $k=1$. Paul wants $k=1$ at $n-1$.
- $k=0$: forced → $k=0 \neq 1$. Paul loses. ✓
- $k=1$: Paul combines two evens ($n-k \geq 2$) → $k=1$. Paul wins. ✓
- $k=2$: Paul combines two odds → $k=1$. Paul wins. ✓
- $k \geq 3$: Paul can only reach $k-1 \geq 2$ or $k \geq 3$, neither equals 1. Paul loses. ✓

So Paul wins iff $k \in \{1,2\}$. ✓

## Probability Computation

Since $n = 2021$ is odd (Paul's turn) and $2021 \geq 6$, Paul wins iff $k \in \{1, 2\}$, where $k \sim \text{Binomial}(2021, 1/2)$.

$$P = \frac{\binom{2021}{1} + \binom{2021}{2}}{2^{2021}} = \frac{2021 + \frac{2021 \cdot 2020}{2}}{2^{2021}} = \frac{2021 \cdot 1011}{2^{2021}}$$

**Simplification:** $2021 = 43 \times 47$ and $1011 = 3 \times 337$, so $m = 2021 \times 1011$ is odd. Since $n = 2^{2021}$ is a power of 2, $\gcd(m, n) = 1$. The fraction is already reduced.

## Final Computation

$m + n = 2021 \times 1011 + 2^{2021}$

**$m \bmod 1000$:** $2021 \times 1011 = 2{,}043{,}231$, so $m \bmod 1000 = 231$.

**$2^{2021} \bmod 1000$** via CRT ($1000 = 8 \times 125$):
- $2^{2021} \bmod 8 = 0$ (since $2021 \geq 3$).
- $\varphi(125) = 100$, so $2^{2021} = 2^{20 \cdot 100 + 21} \equiv 2^{21} \pmod{125}$.
  - $2^{21} = 2{,}097{,}152 \equiv 27 \pmod{125}$.
- CRT: $x \equiv 0 \pmod{8}$, $x \equiv 27 \pmod{125}$. Solving: $x = 152$.

**Result:** $(m+n) \bmod 1000 = (231 + 152) \bmod 1000 = \boxed{383}$

### PROOF COMPLETE
DEVIN_CLI_EXITED code=0
