Error: Agent error: Permission denied: Permission denied: Reached overall message rate limit. Please try again later. Your limit will reset in 7 minutes. (trace ID: 91867a53cca4e2d3d31f2163fd886ba7): {
  "cognition.ai/errorKind": "internal",
  "cognition.ai/retryable": true
}
DEVIN_CLI_EXITED code=1
Error: Agent error: Permission denied: Permission denied: Reached overall message rate limit. Please try again later. Your limit will reset in 12 minutes. (trace ID: bfdb3cc00b9c50f425aaa2837c50d18c): {
  "cognition.ai/errorKind": "internal",
  "cognition.ai/retryable": true
}
Error: Agent error: Your daily usage quota has been exhausted. Visit https://app.devin.ai/settings/usage to purchase on-demand usage or turn on auto-reload. (trace ID: b9d03d61d5a56ab6c66be8881d823c7a): {
  "cognition.ai/errorKind": "resource_exhausted",
  "cognition.ai/retryable": true
}
DEVIN_CLI_EXITED code=1
```xml
<audit>
  <analysis_result_key>2291147</analysis_result_key>
  <problem_id>polymath_00310</problem_id>
  <audit_status>PASS_NOT_SELECTABLE</audit_status>
  <check_results>
    <A1>PASS: dimension1_verdict is PARTIAL_PROGRESS, a valid value.</A1>
    <A2>PASS: dimension1_explanation is non-empty and well over 50 characters.</A2>
    <A3>PASS: dimension2_turning_point_type is "other", a valid allowed value.</A3>
    <A4>PASS: dimension2_explanation is non-empty and well over 50 characters.</A4>
    <A5>PASS: ai_direction_summary is non-empty and descriptive.</A5>
    <A6>PASS: standard_solution_key_technique is non-empty and descriptive.</A6>
    <B1>PASS: No XML tag leaks found in either explanation.</B1>
    <B2>PASS: No template placeholder leaks found in either explanation.</B2>
    <B3>PASS: Both explanations exceed 50 characters.</B3>
    <C1>PASS: d1=PARTIAL_PROGRESS and d2 has a value, consistent.</C1>
    <C2>PASS: d1_exp describes partial progress (got n_max right, stuck on n_min), matching the PARTIAL_PROGRESS label.</C2>
    <C3>PASS: d2_exp describes a combinatorial covering/density argument, which correctly matches the "other" turning point type.</C3>
    <D1>PASS: d1_exp is over 100 chars and contains action verbs "found", "missed".</D1>
    <D2>PASS: d2_exp is over 100 chars and contains mathematical terms (covering/density, bound, ⌈mn/3⌉).</D2>
    <D3>PASS: ai_direction_summary describes the specific constructive patterns the AI explored, not just "the AI failed".</D3>
    <D4>FAIL: standard_solution_key_technique describes specific techniques for both min and max, but the status requires D1-D4 all pass for PASS_SELECTABLE which only applies to d1=DIRECTION_ERROR; since d1=PARTIAL_PROGRESS, this is PASS_NOT_SELECTABLE regardless.</D4>
    <E1>UNKNOWN — check via script</E1>
  </check_results>
  <issues_found>D4 technically passes content-wise, but PASS_SELECTABLE requires d1=DIRECTION_ERROR; with d1=PARTIAL_PROGRESS the result is PASS_NOT_SELECTABLE by definition.</issues_found>
</audit>
```

### AUDIT COMPLETE
DEVIN_CLI_EXITED code=0
