Looking at this problem, I need to determine whether a simply connected $2d$-dimensional simplicial complex with homology concentrated in degree $d$ (torsion-free) must be homotopy equivalent to a wedge of $d$-spheres.

**Answer: Yes.**

**Proof.**

Let $S$ be a finite simplicial complex of dimension $2d$ ($d \ge 2$) that is simply connected, with $\widetilde{H}_i(S) = 0$ for $i \neq d$, and $H_d(S)$ torsion-free. Set $r = \operatorname{rank} H_d(S)$, so $H_d(S) \cong \mathbb{Z}^r$.

**Step 1: $S$ is $(d-1)$-connected.**

We prove by induction that $\pi_k(S) = 0$ for $1 \le k \le d-1$.

- **Base case ($k=1$):** $S$ is simply connected by hypothesis, so $\pi_1(S) = 0$.
- **Inductive step:** Suppose $\pi_i(S) = 0$ for $i < k$, where $2 \le k \le d-1$. Then $S$ is $(k-1)$-connected. By the Hurewicz theorem, the Hurewicz map $h: \pi_k(S) \to H_k(S)$ is an isomorphism. Since $k < d$ and all reduced homology of $S$ is concentrated in degree $d$, we have $H_k(S) = 0$, hence $\pi_k(S) = 0$.

By induction, $S$ is $(d-1)$-connected.

**Step 2: $\pi_d(S) \cong H_d(S) \cong \mathbb{Z}^r$.**

Since $S$ is $(d-1)$-connected, the Hurewicz theorem gives an isomorphism $h: \pi_d(S) \xrightarrow{\sim} H_d(S) \cong \mathbb{Z}^r$.

**Step 3: Construct a map $f: \bigvee_{j=1}^r S^d \to S$ inducing an isomorphism on homology.**

Choose elements $\alpha_1, \ldots, \alpha_r \in \pi_d(S)$ whose images under the Hurewicz isomorphism form a basis of $H_d(S) \cong \mathbb{Z}^r$. Each $\alpha_j$ is represented by a based map $f_j: S^d \to S$. Combining these via the wedge, we obtain:
$$f = f_1 \vee \cdots \vee f_r : \bigvee_{j=1}^r S^d \to S.$$

**Step 4: $f$ induces isomorphisms on all homology groups.**

- **$H_0$:** Both $S$ and $\bigvee_r S^d$ are path-connected, so $f_*: H_0 \to H_0$ is an isomorphism $\mathbb{Z} \to \mathbb{Z}$.
- **$H_d$:** The wedge $\bigvee_r S^d$ is $(d-1)$-connected (since $d \ge 2$), so its Hurewicz map $\pi_d(\bigvee_r S^d) \to H_d(\bigvee_r S^d) \cong \mathbb{Z}^r$ is an isomorphism. By construction, $f$ sends the standard generators of $\pi_d(\bigvee_r S^d)$ to $\alpha_1, \ldots, \alpha_r$, which map to a basis of $H_d(S)$ under the Hurewicz isomorphism. Since the Hurewicz map is natural, $f_*: H_d(\bigvee_r S^d) \to H_d(S)$ is an isomorphism.
- **All other degrees:** For $i \neq 0, d$, both $\widetilde{H}_i(\bigvee_r S^d) = 0$ and $\widetilde{H}_i(S) = 0$, so $f_*$ is trivially an isomorphism.

**Step 5: Apply Whitehead's theorem.**

Both $S$ (a finite simplicial complex, hence a finite CW complex) and $\bigvee_r S^d$ (a finite CW complex) are simply connected:
- $S$ is simply connected by hypothesis.
- $\bigvee_r S^d$ is simply connected for $d \ge 2$ (by the Seifert–van Kampen theorem, a wedge of simply connected spaces is simply connected).

The map $f: \bigvee_r S^d \to S$ induces isomorphisms on all homology groups (Step 4) between simply connected CW complexes. By the homology version of Whitehead's theorem, $f$ is a homotopy equivalence.

**Conclusion.** $S$ is homotopy equivalent to $\bigvee_{j=1}^r S^d$, a wedge of $r$ spheres of dimension $d$, where $r = \operatorname{rank} H_d
Error: Agent error: Connection error, send a message to continue retrying: {
  "cognition.ai/errorKind": "unavailable",
  "cognition.ai/retryable": true
}
DEVIN_CLI_EXITED code=1
