We prove that for all integers $a, b$ and positive integers $n$,
$$N := \frac{b^{\,n-1}\,a(a+b)(a+2b)\cdots(a+(n-1)b)}{n!}$$
is an integer.

**Edge cases.** If $n=1$, then $N = b^0 \cdot a / 1! = a$, an integer. If $a=0$, the product contains the factor $a=0$, so $N=0$. If $b=0$ and $n\ge 2$, then $b^{\,n-1}=0$, so $N=0$. Hence we may assume $n\ge 2$, $a\ne 0$, $b\ne 0$.

**Strategy.** It suffices to show that for every prime $p$,
$$v_p\!\bigl(b^{\,n-1}\bigr)+\sum_{k=0}^{n-1}v_p(a+kb)\;\ge\;v_p(n!).$$

---

**Case 1: $p\nmid b$.**

Since $b$ is invertible modulo $p^m$ for every $m\ge 1$, the congruence $a+kb\equiv 0\pmod{p^m}$ is equivalent to $k\equiv -a\,b^{-1}\pmod{p^m}$. Thus the set of $k\in\{0,1,\dots,n-1\}$ with $p^m\mid(a+kb)$ is an arithmetic progression of common difference $p^m$, and its size is at least $\lfloor n/p^m\rfloor$. Therefore
$$\sum_{k=0}^{n-1}v_p(a+kb)=\sum_{m\ge 1}\bigl|\{k\in[0,n-1]:p^m\mid(a+kb)\}\bigr|\ge\sum_{m\ge 1}\left\lfloor\frac{n}{p^m}\right\rfloor=v_p(n!).$$
Since $v_p(b^{\,n-1})\ge 0$, the desired inequality holds. ✓

---

**Case 2: $p\mid b$ and $p\nmid a$.**

Then $a+kb\equiv a\not\equiv 0\pmod{p}$ for every $k$, so $v_p(a+kb)=0$ for all $k$. Let $\beta:=v_p(b)\ge 1$. The left side equals $(n-1)\beta$.

Using Legendre's formula $v_p(n!)=\frac{n-s_p(n)}{p-1}\le\frac{n-1}{p-1}$ (where $s_p(n)\ge 1$ is the base-$p$ digit sum of $n$):

- For $p=2$: $v_2(n!)\le n-1\le (n-1)\beta$. ✓
- For $p\ge 3$: $v_p(n!)\le\frac{n-1}{2}\le (n-1)\beta$. ✓

---

**Case 3: $p\mid b$ and $p\mid a$.**

Then $p\mid(a+kb)$ for every $k$, so $v_p(a+kb)\ge 1$ for all $k$. With $\beta=v_p(b)\ge 1$:
$$(n-1)\beta+\sum_{k=0}^{n-1}v_p(a+kb)\ge (n-1)\cdot 1+n\cdot 1=2n-1.$$
Since $v_p(n!)\le n-1<2n-1$, the inequality holds. ✓

---

All cases are covered, so for every prime $p$ the $p$-adic valuation of the numerator is at least $v_p(n!)$. Hence $n!\mid b^{\,n-1}a(a+b)\cdots(a+(n-1)b)$, and $N$ is an integer. $\blacksquare$

### PROOF COMPLETE
DEVIN_CLI_EXITED code=0
