## Solution

We compute $\mathbb{E}(X^2Y^2)$ for the given bivariate normal density.

### Step 1: Identify the parameters

The joint density is
$$f_{X,Y}(x,y)=\frac{1}{2\pi\sqrt{1-\sigma^{2}}}\exp\left\{-\frac{1}{2(1-\sigma^{2})}(x^{2}+y^{2}-2\sigma xy)\right\}.$$

Comparing with the standard form of a bivariate normal with means $\mu_X=\mu_Y=0$, variances $\operatorname{Var}(X)=\operatorname{Var}(Y)=1$, and correlation $\rho$:
$$f(x,y)=\frac{1}{2\pi\sqrt{1-\rho^{2}}}\exp\left\{-\frac{1}{2(1-\rho^{2})}(x^{2}+y^{2}-2\rho xy)\right\},$$
we identify $\rho=\sigma$. Hence:
- $\mathbb{E}[X]=\mathbb{E}[Y]=0$,
- $\operatorname{Var}(X)=\operatorname{Var}(Y)=1$,
- $\operatorname{Cov}(X,Y)=\mathbb{E}[XY]=\rho=\sigma$.

### Step 2: Apply Isserlis' theorem (Wick's formula)

Since $(X,Y)$ is jointly Gaussian with zero means, Isserlis' theorem gives:
$$\mathbb{E}[X^2Y^2]=\mathbb{E}[X^2]\mathbb{E}[Y^2]+2\,\mathbb{E}[XY]^2.$$

### Step 3: Substitute the moments

Using $\mathbb{E}[X^2]=\operatorname{Var}(X)=1$, $\mathbb{E}[Y^2]=\operatorname{Var}(Y)=1$, and $\mathbb{E}[XY]=\sigma$:
$$\mathbb{E}[X^2Y^2]=1\cdot 1+2\sigma^{2}=1+2\sigma^{2}.$$

### Verification (direct integration)

As a check, write $Y=\sigma X+\sqrt{1-\sigma^2}\,Z$ where $Z\sim N(0,1)$ is independent of $X\sim N(0,1)$. Then
$$X^2Y^2=X^2(\sigma X+\sqrt{1-\sigma^2}\,Z)^2=X^2(\sigma^2 X^2+2\sigma\sqrt{1-\sigma^2}\,XZ+(1-\sigma^2)Z^2).$$

Taking expectations and using independence of $X$ and $Z$ together with $\mathbb{E}[Z]=0$, $\mathbb{E}[Z^2]=1$, $\mathbb{E}[X^2]=1$, $\mathbb{E}[X^4]=3$:
$$\mathbb{E}[X^2Y^2]=\sigma^2\mathbb{E}[X^4]+2\sigma\sqrt{1-\sigma^2}\,\mathbb{E}[X^3]\mathbb{E}[Z]+(1-\sigma^2)\mathbb{E}[X^2]\mathbb{E}[Z^2].$$
$$=3\sigma^2+0+(1-\sigma^2)\cdot 1\cdot 1=3\sigma^2+1-\sigma^2=1+2\sigma^2.$$

Both methods agree.

### Result

$$\boxed{\mathbb{E}(X^2Y^2)=1+2\sigma^{2}.}$$

### PROOF COMPLETE
