## Solution

**Setup.** Place the equilateral triangle in coordinates with side length $s$:
- $B = (0, 0)$, $C = (s, 0)$, $A = (s/2,\; s\sqrt{3}/2)$.

Since the area is $1$: $\dfrac{s^2\sqrt{3}}{4} = 1$, so $s^2\sqrt{3} = 4$.

**First midpoints** ($A', B', C'$ midpoints of $BC, CA, AB$):
- $A' = (s/2,\, 0)$
- $B' = (3s/4,\, s\sqrt{3}/4)$
- $C' = (s/4,\, s\sqrt{3}/4)$

**Second midpoints** ($A'', B'', C''$ midpoints of $B'C',\, C'A',\, A'B'$):
- $A'' = \left(\dfrac{s}{2},\, \dfrac{s\sqrt{3}}{4}\right)$
- $B'' = \left(\dfrac{3s}{8},\, \dfrac{s\sqrt{3}}{8}\right)$
- $C'' = \left(\dfrac{5s}{8},\, \dfrac{s\sqrt{3}}{8}\right)$

**The trapezoid** $BB''C''C$ has vertices $B(0,0)$, $B''(3s/8,\, s\sqrt{3}/8)$, $C''(5s/8,\, s\sqrt{3}/8)$, $C(s,0)$.

Both $BC$ and $B''C''$ are horizontal, confirming it is a trapezoid:
- Parallel side $BC$ has length $s$.
- Parallel side $B''C''$ has length $\dfrac{5s}{8} - \dfrac{3s}{8} = \dfrac{s}{4}$.
- Height (distance between the parallel sides) $= \dfrac{s\sqrt{3}}{8}$.

**Area:**
$$
\text{Area} = \frac{1}{2}\left(s + \frac{s}{4}\right)\cdot\frac{s\sqrt{3}}{8}
= \frac{1}{2}\cdot\frac{5s}{4}\cdot\frac{s\sqrt{3}}{8}
= \frac{5\,s^2\sqrt{3}}{64}.
$$

Substituting $s^2\sqrt{3} = 4$:
$$
\text{Area} = \frac{5 \cdot 4}{64} = \frac{20}{64} = \frac{5}{16}.
$$

**Verification via shoelace.** Using vertices $(0,0),\, (3s/8, s\sqrt{3}/8),\, (5s/8, s\sqrt{3}/8),\, (s,0)$:
$$
\text{Area} = \tfrac{1}{2}\left|\tfrac{3s^2\sqrt{3}}{64} - \tfrac{13s^2\sqrt{3}}{64}\right| = \tfrac{1}{2}\cdot\tfrac{10s^2\sqrt{3}}{64} = \tfrac{5s^2\sqrt{3}}{64} = \tfrac{5}{16}.\ \checkmark
$$

Since $\gcd(5, 16) = 1$, we have $m = 5$ and $n = 16$, so

$$m + n = 5 + 16 = \boxed{21}.$$

### PROOF COMPLETE
DEVIN_CLI_EXITED code=0
