Looking at this problem, I need to first check for answer leaks, then prove what I can.

**Answer Leak Check:** The problem statement notes the main theorem was "resolved in the affirmative" and marks it `research solved`, but no proof or proof strategy is given for the main theorem `erdos_123`. The variant `powers_2_3` does contain a proof sketch in its docstring, but that is part of the original problem description (documenting the known result), not a leaked solution to a competition problem. No Lean theorem statement reveals a proof strategy beyond the answer value `True`, which is part of the formalization. I will proceed.

---

I can give a complete rigorous proof of the variant **`erdos_123.variants.powers_2_3`** (the set $\{2^k 3^l : k,l \geq 0\}$ is $d$-complete). The main theorem `erdos_123` (general pairwise coprime $a,b,c > 1$) is a deep research result whose proof requires substantially more sophisticated machinery; I will explain the key obstruction after the proof.

## Proof that $\{2^k 3^l : k, l \geq 0\}$ is $d$-complete

**Notation.** Let $S = \{2^k 3^l : k, l \geq 0\}$. Recall that for $x = 2^a 3^b$ and $y = 2^{a'} 3^{b'}$, we have $x \mid y$ iff $a \leq a'$ and $b \leq b'$. A set of elements of $S$ is an antichain under divisibility iff no two elements $(a,b), (a',b')$ satisfy $a \leq a'$ and $b \leq b'$ simultaneously (in either direction).

**Theorem.** Every positive integer $n \geq 1$ can be written as $n = \sum_{i} s_i$ where the $s_i$ are distinct elements of $S$ and $\{s_i\}$ is an antichain under divisibility.

**Proof by strong induction on $n$.**

**Base cases** ($n = 1, 2, 3, 4, 5$), verified directly:
- $1 = \{2^0 3^0\}$
- $2 = \{2^1 3^0\}$
- $3 = \{2^0 3^1\}$
- $4 = \{2^2 3^0\}$
- $5 = 2 + 3 = \{2^1 3^0,\; 2^0 3^1\}$. Check antichain: $2 \nmid 3$ (since $3/2 \notin \mathbb{Z}$) and $3 \nmid 2$. ✓

Each is a single element (trivially an antichain) or a pair verified to be incomparable.

**Inductive step.** Assume the claim holds for all positive integers $m < n$, where $n \geq 6$.

**Case 1: $n$ is even.** Write $n = 2m$ with $m = n/2 \geq 3$. By the induction hypothesis, $m = \sum_i s_i$ where $s_i = 2^{a_i} 3^{b_i}$ are distinct elements of $S$ forming an antichain. Set $t_i = 2 s_i = 2^{a_i+1} 3^{b_i}$. Then:

- **Sum:** $\sum_i t_i = 2 \sum_i s_i = 2m = n$. ✓
- **Membership in $S$:** Each $t_i = 2^{a_i+1} 3^{b_i} \in S$ with exponents $a_i + 1 \geq 1$, $b_i \geq 0$. ✓
- **Distinctness:** $t_i = t_j$ implies
DEVIN_CLI_EXITED code=0
