Error: Agent error: Permission denied: Permission denied: Reached overall message rate limit. Please try again later. Your limit will reset in 8 minutes. (trace ID: 90a156939a5a148e2498840a831843f2): {
  "cognition.ai/errorKind": "internal",
  "cognition.ai/retryable": true
}
DEVIN_CLI_EXITED code=1
Error: Agent error: Permission denied: Permission denied: Reached overall message rate limit. Please try again later. Your limit will reset in 14 minutes. (trace ID: 6e1a9eda8bdc6ccdcad8a87dd3879794): {
  "cognition.ai/errorKind": "internal",
  "cognition.ai/retryable": true
}
Error: Agent error: Your daily usage quota has been exhausted. Visit https://app.devin.ai/settings/usage to purchase on-demand usage or turn on auto-reload. (trace ID: 97c4303ea7eda1530f8737aedc503ee2): {
  "cognition.ai/errorKind": "resource_exhausted",
  "cognition.ai/retryable": true
}
DEVIN_CLI_EXITED code=1
```xml
<audit>
  <analysis_result_key>2291099</analysis_result_key>
  <problem_id>polymath_00297</problem_id>
  <audit_status>FAIL_CONTENT_CORRUPT</audit_status>
  <check_results>
    <A1>PASS: dimension1_verdict is PARTIAL_PROGRESS, a valid value</A1>
    <A2>PASS: dimension1_explanation is non-empty and well over 50 characters</A2>
    <A3>PASS: dimension2_turning_point_type is "other", which is in the allowed list</A3>
    <A4>PASS: dimension2_explanation is non-empty and well over 50 characters</A4>
    <A5>PASS: ai_direction_summary is non-empty and descriptive</A5>
    <A6>PASS: standard_solution_key_technique is non-empty and descriptive</A6>
    <B1>FAIL: dimension2_explanation contains XML tag leaks — the text includes a literal "</dimension2_turning_point_type>" closing tag and a "<dimension2_explanation>" opening tag embedded mid-field, indicating malformed serialization</B1>
    <B2>PASS: no template placeholder leaks ("1-3 sentences", "ONE_OF:", etc.) detected in either explanation</B2>
    <B3>PASS: both dimension1_explanation and dimension2_explanation are well over 50 characters</B3>
    <C1>PASS: d1=PARTIAL_PROGRESS and d2 has a value, satisfying the consistency rule</C1>
    <C2>PASS: dimension1_explanation describes partial progress (derived an upper bound but missed the key graph-theoretic reformulation), matching the PARTIAL_PROGRESS label</C2>
    <C3>PASS: dimension2_turning_point_type is "other" and the explanation describes a graph-theoretic reformulation with parity argument, which is not one of the named techniques, so "other" is semantically appropriate</C3>
    <D1>PASS: dimension1_explanation is over 100 characters and contains action verbs ("derived", "missed", "enables")</D1>
    <D2>PASS: dimension2_explanation is over 100 characters and contains mathematical terms (vertices, degree, parity, cycles, vertex count)</D2>
    <D3>PASS: ai_direction_summary describes the specific direction the AI took (dual perspective, cut-edge optimization with face constraints, stripe-based constructions)</D3>
    <D4>PASS: standard_solution_key_technique describes the specific technique (graph on grid points with degree ≤ 2, vertex counting by type, parity argument on disjoint cycles)</D4>
    <E1>UNKNOWN — check via script</E1>
  </check_results>
  <issues_found>XML tag leak in dimension2_explanation: the field contains embedded "</dimension2_turning_point_type>" and "<dimension2_explanation>" tags, indicating the dimension2 block was serialized with mismatched/corrupted tag boundaries — the turning_point_type value and first explanation text were absorbed into a malformed structure before a second dimension2_explanation tag appears</issues_found>
</audit>
```

### AUDIT COMPLETE
DEVIN_CLI_EXITED code=0
