## Answer Leak Self-Check

The problem text contains only the question — no solutions, proof sketches, or answer values are embedded. No leak detected.

---

## Proof

**Claim.** There exists a continuous, nowhere differentiable function $f: A \to \mathbb{R}$ where $A$ is not compact.

**Construction.** Take $A = \mathbb{R}$ (which is not compact, since it is not bounded; by Heine-Borel, compact subsets of $\mathbb{R}$ are closed and bounded). Choose constants $0 < a < 1$, $b$ a positive odd integer, with $ab > 1 + \tfrac{3\pi}{2}$. (For instance $a = \tfrac{1}{2}$, $b = 15$ gives $ab = 7.5 > 1 + \tfrac{3\pi}{2} \approx 5.71$.) Define the **Weierstrass function**:

$$f(x) = \sum_{n=0}^{\infty} a^n \cos(b^n \pi x), \qquad x \in \mathbb{R}.$$

We prove $f$ is continuous on $\mathbb{R}$ and differentiable at no point of $\mathbb{R}$.

---

### Step 1: Continuity

Since $|a^n \cos(b^n \pi x)| \le a^n$ and $\sum a^n = \frac{1}{1-a} < \infty$, the Weierstrass $M$-test gives uniform convergence on $\mathbb{R}$. Each partial sum is continuous, so $f$ is continuous on $\mathbb{R}$.

---

### Step 2: Nowhere differentiability

Suppose for contradiction that $f$ is differentiable at some $x_0 \in \mathbb{R}$, with finite derivative $f'(x_0)$.

**Setting up the difference quotient.** For each positive integer $m$, let $\alpha_m$ be the nearest integer to $b^m x_0$, so $\delta_m := b^m x_0 - \alpha_m$ satisfies $|\delta_m| \le \tfrac{1}{2}$. Define

$$x_m := \frac{\alpha_m + 1}{b^m}.$$

Then $x_m - x_0 = \frac{1 - \delta_m}{b^m}$, and since $|\delta_m| \le \tfrac{1}{2}$ we have $\tfrac{1}{2} \le 1 - \delta_m \le \tfrac{3}{2}$, so $x_m \ne x_0$ and $x_m \to x_0$. If $f'(x_0)$ exists, the difference quotients

$$D_m := \frac{f(x_m) - f(x_0)}{x_m - x_0}$$

must converge to the finite value $f'(x_0)$, hence $\{D_m\}$ is bounded.

**Splitting the sum.** Write $D_m = S_1 + S_2$ where

$$S_1 = \sum_{n=0}^{m-1} a^n \frac{\cos(b^n \pi x_m) - \cos(b^n \pi x_0)}{x_m - x_0}, \qquad S_2 = \sum_{n=m}^{\infty} a^n \frac{\cos(b^n \pi x_m) - \cos(b^n \pi x_0)}{x_m - x_0}.$$

**Bounding $S_1$ (the "low-frequency" part, $n < m$).** By the Mean Value Theorem, $|\cos u - \cos v| \le |u - v|$, so

$$|\cos(b^n \pi x_m) - \cos(b^n \pi x_0)| \le b^n \pi |x_m - x_0|.$$

Therefore

$$|S_1| \le \pi \sum_{n=0}^{m-1} (ab)^n = \pi \frac{(ab)^m - 1}{ab - 1} < \frac{\pi}{ab - 1}(ab)^m. \tag{1}$$

**Evaluating $S_2$ exactly (the "high-frequency" part, $n \ge m$).** For $n \ge m$, write $b^n x_m = b^{n-m}(\alpha_m + 1)$ and $b^n x_0 = b^{n-m}(\alpha_m + \delta_m)$. Since $b$ is odd, $b^{n-m}$ is a positive odd integer. Using $\cos(\theta + k\pi) = (-1)^k \cos\theta$ for integer $k$ and $\sin(k\pi) = 0$:

$$\cos(b^n \pi x_m) = \cos\bigl(b^{n-m}\pi\alpha_m + b^{n-m}\pi\bigr) = (-1)^{b^{n-m}}\cos(b^{n-m}\pi\alpha_m) = -\cos(b^{n-m}\pi\alpha_m) = (-1)^{\alpha_m+1},$$

since $b^{n-m}$ is odd so $(-1)^{b^{n-m}} = -1$, and $\cos(b^{n-m}\pi\alpha_m) = (-1)^{b^{n-m}\alpha_m} = (-1)^{\alpha_m}$ (odd power preserves parity).

Similarly,

$$\cos(b^n \pi x_0) = \cos\bigl(b^{n-m}\pi\alpha_m + b^{n-m}\pi\delta_m\bigr) = (-1)^{\alpha_m}\cos(b^{n-m}\pi\delta_m),$$

using $\sin(b^{n-m}\pi\alpha_m) = 0$ (integer multiple of $\pi$). Therefore

$$\cos(b^n \pi x_m) - \cos(b^n \pi x_0) = (-1)^{\alpha_m+1} - (-1)^{\alpha_m}\cos(b^{n-m}\pi\delta_m) = (-1)^{\alpha_m+1}\bigl[1 + \cos(b^{n-m}\pi\delta_m)\bigr]. \tag{2}$$

**Key observation:** $1 + \cos\theta \ge 0$ for all $\theta$, so every term in $S_2$ has the **same sign** $(-1)^{\alpha_m+1}/(x_m - x_0)$. Since $x_m - x_0 = (1-\delta_m)/b^m > 0$, this sign is $(-1)^{\alpha_m+1}$. Thus

$$S_2 = \frac{(-1)^{\alpha_m+1}}{x_m - x_0}\sum_{n=m}^{\infty} a^n\bigl[1 + \cos(b^{n-m}\pi\delta_m)\bigr],$$

and taking absolute values (lower-bounding by the $n=m$ term alone, using $1 + \cos(\pi\delta_m) \ge 1$ since $|\delta_m| \le \tfrac{1}{2}$):

$$|S_2| \ge \frac{a^m \cdot 1}{|x_m - x_0|} = \frac{a^m b^m}{1 - \delta_m} \ge \frac{(ab)^m}{3/2} = \frac{2}{3}(ab)^m. \tag{3}$$

**Combining.** Since $S_2$ has a definite sign while $S_1$ may have either sign,

$$|D_m| = |S_1 + S_2| \ge |S_2| - |S_1| \ge (ab)^m\!\left(\frac{2}{3} - \frac{\pi}{ab - 1}\right). \tag{4}$$

By our choice $ab > 1 + \tfrac{3\pi}{2}$, we have $ab - 1 > \tfrac{3\pi}{2}$, hence $\frac{\pi}{ab-1} < \frac{2}{3}$, so the constant $c := \frac{2}{3} - \frac{\pi}{ab-1}$ is **strictly positive**. Since $ab > 1$, we get

$$|D_m| \ge c\,(ab)^m \xrightarrow{m\to\infty} \infty.$$

This contradicts the boundedness of $\{D_m\}$ required by the existence of $f'(x_0)$.

---

### Conclusion

The function $f(x) = \sum_{n=0}^{\infty} a^n \cos(b^n \pi x)$ is continuous on $\mathbb{R}$ (by uniform convergence) and differentiable at no point of $\mathbb{R}$ (by the argument above). Since $\mathbb{R}$ is not compact, this exhibits a continuous, nowhere differentiable function on a non-compact domain. $\blacksquare$

### PROOF COMPLETE
DEVIN_CLI_EXITED code=0
