Looking at this problem, I need to find the supremum of the total volume of the 6 edge-adjacent pieces when a point P inside a unit regular tetrahedron defines 4 cutting planes parallel to the faces.

**Answer Leak Check:** The problem text contains no leaked answers or solution sketches. Proceeding to solve.

## Setup: Barycentric Coordinates

Let the tetrahedron $T$ have vertices $A, B, C, D$ and unit volume. Let $P$ have barycentric coordinates $(a, b, c, d)$ with $a+b+c+d=1$, all positive. Here $a$ is the normalized distance from $P$ to face $BCD$, etc.

The four cutting planes are $\{a = a_P\}$, $\{b = b_P\}$, $\{c = c_P\}$, $\{d = d_P\}$. Since $a+b+c+d = a_P+b_P+c_P+d_P = 1$, no point can have all four coordinates above or all below their thresholds, giving $2^4 - 2 = 14$ regions.

**Classification.** A region near vertex $A$ has $a \geq a_P, b < b_P, c < c_P, d < b_P$. In $(b,c,d)$-space this is the box $[0,b_P]\times[0,c_P]\times[0,d_P]$ (the constraint $b+c+d \leq b_P+c_P+d_P$ is redundant since the box corner achieves equality) — a **parallelepiped**. A region near face $BCD$ has $a < a_P, b \geq b_P, c \geq c_P, d \geq d_P$; substituting $b'=b-b_P$ etc. gives $\{b',c',d'\geq 0,\; b'+c'+d' \leq a_P\}$ — a **tetrahedron**. The 6 edge pieces (exactly two coordinates above threshold) are neither.

## Volume Computation

The simplex $\{b,c,d \geq 0,\; b+c+d \leq 1\}$ has $(b,c,d)$-volume $1/6$ and maps to $T$ (volume $1$), so tetrahedron-volume $= 6 \times (b,c,d)\text{-volume}$.

**Edge piece $AB$** ($a \geq a_P, b \geq b_P, c < c_P, d < d_P$): Setting $b' = b - b_P \geq 0$, the region is $\{b' \geq 0,\; 0 \leq c \leq c_P,\; 0 \leq d \leq d_P,\; b' \leq c_P + d_P - c - d\}$, giving

$$V_{AB}^{(bcd)} = \int_0^{c_P}\!\int_0^{d_P} (c_P+d_P-c-d)\,dd\,dc = \frac{c_P\, d_P\,(c_P+d_P)}{2}.$$

By symmetry, the edge piece for edge $X_iX_j$ (with remaining vertices having coordinates $x_k, x_\ell$) has $(b,c,d)$-volume $\frac{x_k\, x_\ell\,(x_k+x_\ell)}{2}$.

**Total edge volume** (setting $x_1=a_P, x_2=b_P, x_3=c_P, x_4=d_P$):

$$V_{\text{edge}}^{(bcd)} = \frac{1}{2}\sum_{i<j} x_i x_j(x_i+x_j) = \frac{1}{2}\sum_{i \neq j} x_i^2 x_j = \frac{1}{2}\sum_i x_i^2(1-x_i) = \frac{S_2 - S_3}{2},$$

where $S_2 = \sum x_i^2$, $S_3 = \sum x_i^3$. Therefore:

$$\boxed{f(P) = 6 \cdot \frac{S_2 - S_3}{2} = 3(S_2 - S_3) = 3\sum_{i=1}^{4} x_i^2(1-x_i).}$$

**Verification.** The 4 vertex pieces sum to $e_3 = \sum_{i<j<k} x_ix_jx_k$ and the 4 face pieces sum to $S_3/6$ (in $(b,c,d)$-volume). Total: $e_3 + S_3/6 + (S_2-S_3)/2 = e_3 + S_2/2 - S_3/3$. At $x_i = 1/4$: $1/16 + 1/8 - 1/48 = 1/6$. ✓ At $x=(1/2,1/2,0,0)$: $0 + 1/4 - 1/12 = 1/6$. ✓

## Maximizing $\Phi = \sum x_i^2(1-x_i)$

We maximize $\Phi$ over the closed simplex $\{x_i \geq 0,\; \sum x_i = 1\}$.

**Merging (smoothing) argument.** Sort $x_1 \geq x_2 \geq x_3 \geq x_4 \geq 0$. Replace $(x_3, x_4)$ by $(x_3+x_4,\, 0)$, keeping the sum fixed. The change in $\Phi$ is:

$$\Delta = (x_3+x_4)^2(1-x_3-x_4) - x_3^2(1-x_3) - x_4^2(1-x_4) = x_3 x_4\bigl(2 - 3(x_3+x_4)\bigr).$$

Since $x_1 \geq x_2 \geq x_3 \geq x_4$, we have $x_1 + x_2 \geq x_3 + x_4$, so $x_3 + x_4 \leq 1/2$, giving $2 - 3(x_3+x_4) \geq 1/2 > 0$. Thus $\Delta \geq 0$: merging the two smallest variables does not decrease $\Phi$.

After one merge, we have three positive variables (at most) and one zero. Re-sort as $y_1 \geq y_2 \geq y_3 > 0$, $y_4=0$. Merge $y_2, y_3$:

$$\Delta = y_2 y_3\bigl(2 - 3(y_2+y_3)\bigr).$$

Now $y_1 \geq y_2 \geq y_3$ with $y_1+y_2+y_3=1$ gives $y_1 \geq 1/3$, so $y_2+y_3 \leq 2/3$, hence $2-3(y_2+y_3) \geq 0$. Again $\Delta \geq 0$.

Repeating, we reduce to **two nonzero variables** $t$ and $1-t$, with $\Phi = t^2(1-t)+(1-t)^2 t = t(1-t) \leq 1/4$, with equality at $t = 1/2$.

Therefore $\Phi \leq 1/4$ on the closed simplex, with equality at $(1/2, 1/2, 0, 0)$ and permutations.

## Conclusion

The maximum of $\Phi = S_2 - S_3$ on the closed simplex is $1/4$, achieved only at boundary points where two coordinates equal $1/2$ and two equal $0$. Since $P$ ranges over the **interior** (all $x_i > 0$), this value is not attained but is approached by taking $x_1 = x_2 = \frac{1}{2}-\varepsilon,\; x_3 = x_4 = \varepsilon$ as $\varepsilon \to 0^+$.

$$\sup_{P \in \operatorname{int}(T)} f(P) = 3 \cdot \frac{1}{4} = \boxed{\dfrac{3}{4}}.$$

### PROOF COMPLETE
DEVIN_CLI_EXITED code=0
