## Proof

We count the number of 5-tuples $(a_0,a_1,a_2,a_3,a_4)$ with each $a_i \in \{1,2,3,4,5\}$ satisfying
$$a_0 < a_1 > a_2 < a_3 > a_4.$$

**Reformulating the constraints.** The four inequalities are:
- $a_0 < a_1$,
- $a_2 < a_1$,
- $a_2 < a_3$,
- $a_4 < a_3$.

Thus $a_1$ must exceed both $a_0$ and $a_2$; $a_3$ must exceed both $a_2$ and $a_4$. The value $a_2$ is the shared "valley" between the two peaks $a_1$ and $a_3$, while $a_0$ and $a_4$ are free endpoints constrained only by their adjacent peak.

**Summing over $a_2$.** Fix $a_2 = k$. Then:
- $a_1 \in \{k+1, \dots, 5\}$: $(5-k)$ choices, and for each such $a_1$, $a_0 \in \{1,\dots,a_1-1\}$: $(a_1-1)$ choices.
- $a_3 \in \{k+1, \dots, 5\}$: $(5-k)$ choices, and for each such $a_3$, $a_4 \in \{1,\dots,a_3-1\}$: $(a_3-1)$ choices.

The choices for $(a_0,a_1)$ and $(a_3,a_4)$ are independent given $a_2=k$. Define
$$S(k) = \sum_{j=k+1}^{5}(j-1).$$
The number of valid tuples with $a_2=k$ is $S(k)^2$.

**Computing $S(k)$.** Since $a_1 > a_2$ requires $k+1 \le 5$, we have $k \in \{1,2,3,4\}$.

| $k$ | $j$ range | $(j-1)$ values | $S(k)$ | $S(k)^2$ |
|-----|-----------|----------------|--------|----------|
| 1 | 2,3,4,5 | 1,2,3,4 | 10 | 100 |
| 2 | 3,4,5 | 2,3,4 | 9 | 81 |
| 3 | 4,5 | 3,4 | 7 | 49 |
| 4 | 5 | 4 | 4 | 16 |

**Total:**
$$\sum_{k=1}^{4} S(k)^2 = 100 + 81 + 49 + 16 = 246.$$

**Verification of the $k=4$ case.** When $a_2=4$, we need $a_1 \ge 5$ and $a_3 \ge 5$, forcing $a_1=a_3=5$. Then $a_0 \in \{1,2,3,4\}$ (4 choices) and $a_4 \in \{1,2,3,4\}$ (4 choices), giving $4\times 4 = 16 = S(4)^2$. ✓ This confirms the boundary case.

**Answer:** The number of distinct combinations is $\boxed{246}$.

### PROOF COMPLETE
DEVIN_CLI_EXITED code=0
