Looking at this problem, I need to determine whether having equal value sets $V(Q) = V(R)$ (where $V(Q) = \{Q(x,y) : (x,y) \in \mathbb{Z}^2\}$) forces two integer quadratic forms to be $GL_2(\mathbb{Z})$-equivalent.

**Answer: No.** I'll provide an explicit counterexample.

---

## Counterexample

Let $Q(x,y) = x^2 + xy + y^2$ (discriminant $-3$) and $R(x,y) = x^2 + 3y^2$ (discriminant $-12$).

### Step 1: $V(Q) = V(R)$

I prove that for any $n \geq 0$: $n = a^2+ab+b^2$ for some $a,b \in \mathbb{Z}$ $\iff$ $n = c^2+3d^2$ for some $c,d \in \mathbb{Z}$.

**($\Leftarrow$)** If $n = c^2 + 3d^2$, then:
$$n = (c-d)^2 + (c-d)(2d) + (2d)^2 = Q(c-d,\, 2d).$$

**($\Rightarrow$)** Suppose $n = a^2 + ab + b^2$.

- **If $b$ is even**, say $b=2k$: $n = a^2 + 2ak + 4k^2 = (a+k)^2 + 3k^2 = R(a+k,\, k)$. ✓

- **If $b$ is odd**: set $u = 2a+b$, $v = b$ (both odd). Then $4n = u^2 + 3v^2$. Since $u,v$ are odd, $(u+v)+(v-u) = 2v \equiv 2 \pmod{4}$, so **exactly one** of $u+v$, $v-u$ is divisible by $4$.

  **Case A: $v - u \equiv 0 \pmod{4}$.** Set $d = \frac{v-u}{4}$, $c = \frac{u+3v}{4}$ (integers since $u \equiv v \pmod{4}$). Then $u = c - 3d$ and $v = c + d$, so:
  $$u^2 + 3v^2 = (c-3d)^2 + 3(c+d)^2 = 4c^2 + 12d^2 = 4(c^2+3d^2).$$
  Thus $n = c^2 + 3d^2$. ✓

  **Case B: $u + v \equiv 0 \pmod{4}$.** Set $d = -\frac{u+v}{4}$, $c = \frac{u-3v}{4}$ (integers since $u \equiv -v \pmod{4}$, so $u - 3v \equiv -v - 3v = -4v \equiv 0$). Then $u = c - 3d$ and $v = -(c+d)$, giving the same identity $u^2 + 3v^2 = 4(c^2+3d^2)$, so $n = c^2 + 3d^2$. ✓

Both cases are exhaustive, completing the proof that $V(Q) = V(R)$.

### Step 2: $Q$ and $R$ are not $GL_2(\mathbb{Z})$-equivalent

The discriminants are:
$$\Delta(Q) = 1^2 - 4(1)(1) = -3, \qquad \Delta(R) = 0^2 - 4(1)(3) = -12.$$

For any $M \in GL_2(\mathbb{Z})$, we have $\det(M) = \pm 1$, and discriminants transform as:
$$\Delta(Q \circ M) = \det(M)^2 \cdot \Delta(Q) = \Delta(Q).$$

So $GL_2(\mathbb{Z})$-equivalent forms must share the same discriminant. Since $-3 \neq -12$, **no** $M \in GL_2(\mathbb{Z})$ satisfies $R(x,y) = Q((x,y)M)$.

### Conclusion

The forms $Q(x,y) = x^2 + xy + y^2$ and $R(x,y) = x^2 + 3y^2$ represent exactly the same set of integers—namely $\{n \geq 0 : \text{every prime } p \equiv 2\pmod{3} \text{ divides } n \text{ to an even power}\}$—yet they are not $GL_2(\mathbb{Z})$-equivalent because their discriminants differ ($-3$ vs $-12$). The underlying reason is that both forms correspond to the same quadratic field $\mathbb{Q}(\sqrt{-3})$ but to different orders (the maximal order $\mathbb{Z}[\omega]$ vs. the suborder $\mathbb{Z}[\sqrt{-3}]$ of conductor $2$), which represent the same norms but are not equivalent under change of variables.

Therefore, $V(Q) = V(R)$ does **not** imply $GL_2(\mathbb{Z})$-equivalence.

### PROOF COMPLETE
DEVIN_CLI_EXITED code=0
