Looking at this problem, I need to count ordered pairs (a,b) of nonnegative integers with a+b=999, where each number uses at most two distinct digits.

## Setting up the digit structure

Since a+b=999 and both are at most 999, I write a = 100d₁ + 10d₂ + d₃ and b = 100e₁ + 10e₂ + e₃ (with leading zeros understood). The column equations are:

- **Ones:** d₃ + e₃ = 9 (no carry possible, since max digit sum is 18 < 19)
- **Tens:** d₂ + e₂ = 9 (similarly no carry)
- **Hundreds:** d₁ + e₁ = 9

So **every column independently sums to 9**, giving eᵢ = 9 − dᵢ for each i. This means digits(b) = {9 − d : d ∈ digits(a)}, so **|digits(b)| = |digits(a)|** — the constraint on b is automatically satisfied whenever the constraint on a holds.

## Partitioning by number of digits

The subtlety is that "distinct digits" refers to the standard representation (no leading zeros). I partition a ∈ [0, 999] by digit count:

| Range of a | Digits of a | Digits of b | Count of valid a |
|---|---|---|---|
| {0} | 1 digit | 3 digits (999) | 1 |
| [1,9] | 1 digit | 3 digits [990,998] | 9 |
| [10,99] | 2 digits | 3 digits [900,989] | 18 |
| [100,899] | 3 digits | 3 digits [100,899] | 224 |
| [900,989] | 3 digits | 2 digits [10,99] | 18 |
| [990,998] | 3 digits | 1 digit [1,9] | 9 |
| {999} | 3 digits | 1 digit (0) | 1 |

### Cases {0} and {999}: count 1 each
a=0, b=999: digits{0} and {9}, both ≤ 2. ✓ Same for a=999.

### Cases [1,9] and [990,998]: count 9 each
For a ∈ {1,...,9}: a is single-digit (always valid), b = 999−a ∈ {998,...,990}, each has digits {9, x} (2 distinct). All 9 valid. By symmetry, [990,998] also gives 9.

### Cases [10,99] and [900,989]: count 18 each
For a = 10t + u (t ∈ {1,...,9}, u ∈ {0,...,9}): a always has ≤ 2 digits. Then b = (9, 9−t, 9−u) as a 3-digit number, so digits(b) = {9, 9−t, 9−u}. Since 9−t ∈ {0,...,8} ≠ 9, we need either:
- **9−u = 9**, i.e., u = 0: gives 9 values of t
- **9−t = 9−u**, i.e., t = u: gives 9 values of t

No overlap (t=u=0 is excluded since t ≥ 1). Total: **18**. By symmetry, [900,989] also gives 18.

### Case [100,899]: count 224
Both a and b are 3-digit numbers. Here d₁ ∈ {1,...,8}, d₂, d₃ ∈ {0,...,9}, and the constraint reduces to |{d₁, d₂, d₃}| ≤ 2.

**Total triples:** 8 × 10 × 10 = 800

**Triples with all 3 distinct:** d₁ has 8 choices, d₂ ≠ d₁ has 9 choices, d₃ ∉ {d₁, d₂} has 8 choices: 8 × 9 × 8 = 576

**Triples with ≤ 2 distinct:** 800 − 576 = **224**

(Verification: exactly 1 distinct = 8 triples where d₁=d₂=d₃ ∈ {1,...,8}; exactly 2 distinct = 3×8×9 = 216; total = 8+216+576 = 800 ✓)

## Final total

$$1 + 9 + 18 + 224 + 18 + 9 + 1 = \boxed{280}$$

### PROOF COMPLETE
DEVIN_CLI_EXITED code=0
