I'll solve this directly in the TUI as instructed. No tools, no files.

**Answer-leak check:** The problem statement contains only the problem and constraints; no solution, answer, or proof sketch is leaked. Proceeding.

---

## Proof

Since $f'(x)>0$ on $[0,1]$, $f$ is strictly increasing; with $f(0)=0$ we have $f(x)>0$ for $x>0$. Since $f'(x)\le 1$ and $f(0)=0$, the mean value theorem gives $f(x)=f(x)-f(0)\le x$ for all $x\in[0,1]$. In particular $b:=f(1)\le 1$.

Because $f$ is strictly increasing with continuous positive derivative, it admits a $C^1$ inverse $g:=f^{-1}\colon[0,b]\to[0,1]$, with $g(0)=0$, $g(b)=1$, and
$$g'(y)=\frac{1}{f'(g(y))}\ge 1 \qquad (0\le y\le b),$$
since $f'\le 1$. Set $w(y):=g'(y)\ge 1$; then
$$\int_0^b w(y)\,dy = g(b)-g(0)=1.$$

**Change of variables.** With $y=f(x)$ (so $x=g(y)$, $dx=g'(y)\,dy=w(y)\,dy$),
$$A:=\int_0^1 f(x)\,dx=\int_0^b y\,w(y)\,dy, \qquad B:=\int_0^1 f(x)^3\,dx=\int_0^b y^3\,w(y)\,dy.$$
We must show $B\le A^2$.

**Decompose the density.** Write $w(y)=1+\rho(y)$ with $\rho(y)=w(y)-1\ge 0$. Let
$$m:=\int_0^b \rho(y)\,dy = \int_0^b w\,dy - b = 1-b\ge 0 \qquad(\text{since } b\le 1).$$
Define
$$R_1:=\int_0^b y\,\rho(y)\,dy\ge 0, \qquad R_3:=\int_0^b y^3\,\rho(y)\,dy\ge 0.$$
Then
$$A=\int_0^b y\,dy+R_1=\frac{b^2}{2}+R_1, \qquad B=\int_0^b y^3\,dy+R_3=\frac{b^4}{4}+R_3.$$
Hence
$$A^2-B=\left(\frac{b^2}{2}+R_1\right)^2-\frac{b^4}{4}-R_3=b^2 R_1+R_1^2-R_3.$$

**Key estimate.** For $0\le y\le b$ we have $y^3\le b^2 y$ (since $y^2\le b^2$). Multiplying by $\rho(y)\ge 0$ and integrating,
$$R_3=\int_0^b y^3\rho(y)\,dy\le b^2\int_0^b y\,\rho(y)\,dy=b^2 R_1.$$
Therefore
$$A^2-B=b^2 R_1+R_1^2-R_3\ge b^2 R_1+R_1^2-b^2 R_1=R_1^2\ge 0.$$
Thus $B\le A^2$, i.e.
$$\left(\int_0^1 f(x)\,dx\right)^2\ge \int_0^1 f(x)^3\,dx.$$

**Equality.** Equality requires $R_1^2=0$ and $R_3=b^2R_1$, hence $R_1=0$. Since $y>0$ on $(0,b]$ and $\rho\ge 0$, the condition $\int_0^b y\,\rho(y)\,dy=0$ forces $\rho\equiv 0$ on $(0,b]$. Thus $w\equiv 1$, so $g'(y)=1$ with $g(0)=0$ gives $g(y)=y$, i.e. $f^{-1}(y)=y$, hence $f(x)=x$. (Also $m=1-b=0$, so $b=1$, consistent.) Conversely, for $f(x)=x$ we have $f'(x)=1\in(0,1]$, $f(0)=0$, and
$$\left(\int_0^1 x\,dx\right)^2=\left(\tfrac12\right)^2=\tfrac14=\int_0^1 x^3\,dx,$$
so equality holds.

---

**Example attaining equality:** $f(x)=x$.

### PROOF COMPLETE
DEVIN_CLI_EXITED code=0
