Looking at this problem, I need to determine whether boundedness of $\{v_i^*\}$ (in the Riemannian norm) implies the existence of a weakly convergent subsequence, where weak convergence tests against $df(p_i)$ for all smooth $f$.

**Answer: Yes.**

**Proof.**

Let $\phi: U \to H$ be a chart around $p$ with $\phi(p) = 0$, where $H$ is the modeling Hilbert space. Since $p_i \to p$, all but finitely many $p_i \in U$; discard finitely many and assume all $p_i \in U$.

In this chart, $T^*U$ is trivialized: $T^*_{p_i}\mathcal{M} \cong H^*$ for each $i$. Under this trivialization, $v_i^*$ corresponds to $\alpha_i \in H^*$, and $df(p_i)$ corresponds to $\beta_i := D\tilde{f}(\phi(p_i)) \in H^*$, where $\tilde{f} = f \circ \phi^{-1}$.

The Riemannian metric gives a smooth family of bounded, coercive, symmetric bilinear forms $g_x$ on $H$ for $x \in \phi(U)$, with dual metric $g_x^{-1}$ on $H^*$. The pairing in the problem is:
$$\langle v_i^*, df(p_i)\rangle = g_{\phi(p_i)}^{-1}(\alpha_i, \beta_i).$$

**Step 1 (Boundedness transfers to $H^*$).** Since $g_x \to g_0$ smoothly and $g_0$ is coercive, there exists $m > 0$ such that $\|\alpha\|_{H^*} \leq \frac{1}{m}\|\alpha\|_{g_{\phi(p_i)}}$ for all $\alpha \in H^*$ and all $i$ large. Since $\sup_i \|\alpha_i\|_{g_{\phi(p_i)}} \leq C$, we get $\sup_i \|\alpha_i\|_{H^*} \leq C/m$. So $\{\alpha_i\}$ is bounded in $H^*$.

**Step 2 (Apply Eberlein–Šmulian).** Since $H$ is a Hilbert space, $H^* \cong H$ is reflexive. By the Eberlein–Šmulian theorem, every bounded sequence in a reflexive Banach space has a weakly convergent subsequence. Thus there exists $\alpha_{i_k} \rightharpoonup \alpha$ weakly in $H^*$ for some $\alpha \in H^*$.

**Step 3 (Verify the convergence condition).** Let $f$ be any smooth function on $\mathcal{M}$. Then $\beta_{i_k} = D\tilde{f}(\phi(p_{i_k})) \to D\tilde{f}(0) =: \beta_0$ strongly in $H^*$ (by smoothness of $f$ and $p_i \to p$). We must show:
$$g_{\phi(p_{i_k})}^{-1}(\alpha_{i_k}, \beta_{i_k}) \to g_0^{-1}(\alpha, \beta_0).$$

Decompose the difference as:
$$\underbrace{(g_{\phi(p_{i_k})}^{-1} - g_0^{-1})(\alpha_{i_k}, \beta_{i_k})}_{(I)} + \underbrace{g_0^{-1}(\alpha_{i_k} - \alpha, \beta_{i_k})}_{(II)} + \underbrace{g_0^{-1}(\alpha, \beta_{i_k} - \beta_0)}_{(III)}.$$

- **(I):** $|(I)| \leq \|g_{\phi(p_{i_k})}^{-1} - g_0^{-1}\|_{\mathrm{op}} \cdot \|\alpha_{i_k}\|_{H^*} \cdot \|\beta_{i_k}\|_{H^*} \to 0$, since $\|g_{\phi(p_{i_k})}^{-1} - g_0^{-1}\|_{\mathrm{op}} \to 0$ (smoothness of the metric), while $\|\alpha_{i_k}\|$ and $\|\beta_{i_k}\|$ remain bounded.

- **(III):** $|(III)| \leq \|g_0^{-1}\|_{\mathrm{op}} \cdot \|\alpha\|_{H^*} \cdot \|\beta_{i_k} - \beta_0\|_{H^*} \to 0$, since $\beta_{i_k} \to \beta_0$ strongly.

- **(II):** Split further: $g_0^{-1}(\alpha_{i_k} - \alpha, \beta_{i_k}) = g_0^{-1}(\alpha_{i_k} - \alpha, \beta_0) + g_0^{-1}(\alpha_{i_k} - \alpha, \beta_{i_k} - \beta_0)$.
  - The first term $\to 0$ because $\alpha_{i_k} \rightharpoonup \alpha$ weakly and $g_0^{-1}(\cdot, \beta_0)$ is a fixed bounded linear functional on $H^*$.
  - The second term is bounded by $\|g_0^{-1}\|_{\mathrm{op}} \cdot \|\alpha_{i_k} - \alpha\|_{H^*} \cdot \|\beta_{i_k} - \beta_0\|_{H^*} \to 0$, since $\|\alpha_{i_k} - \alpha\|$ is bounded and $\|\beta_{i_k} - \beta_0\| \to 0$.

All three terms vanish, so $g_{\phi(p_{i_k})}^{-1}(\alpha_{i_k}, \beta_{i_k}) \to g_0^{-1}(\alpha, \beta_0)$.

**Step 4 (Define the limit).** Let $v^* \in T^*_p\mathcal{M}$ correspond to $\alpha \in H^*$ under the trivialization. Then for every smooth $f$:
$$\langle v_{i_k}^*, df(p_{i_k})\rangle \to g_0^{-1}(\alpha, \beta_0) = \langle v^*, df(p)\rangle.$$

This is precisely the weak convergence condition. $\square$

**Key remark.** The essential ingredient is the reflexivity of Hilbert spaces (via the Eberlein–Šmulian theorem). The smoothness of the metric ensures that the Riemannian norms on the varying cotangent spaces are uniformly equivalent to a fixed Hilbert norm, reducing the problem to a single reflexive Banach space. Had the manifold been modeled on a non-reflexive Banach space (e.g., $\ell^1$), the conclusion would fail: bounded sequences in non-reflexive spaces need not admit weakly convergent subsequences.

### PROOF COMPLETE
DEVIN_CLI_EXITED code=0
