# Solution

**Setup.** Place the circumcenter $O$ at the origin, with $BC$ symmetric about the $y$-axis. Let $B=(-2\sqrt6,\, b)$, $C=(2\sqrt6,\, b)$, so the midpoint $M=(0,b)$ and $R^2 = 24 + b^2$.

**Key facts.**
- The orthocenter is $H = A+B+C = (A_x,\; A_y+2b)$ (vectors from $O$).
- The antipode $D = -A$. The reflection of $H$ over $M$ is $D$, so $M$ is the midpoint of $HD$.
- $N$, the midpoint of arc $BC$ containing $A$, lies on the $y$-axis at $(0, n)$ where $n = \pm R$.

**Computing $HD=6$.** Since $H-D = (2A_x,\; 2A_y+2b)$:
$$HD^2 = 4A_x^2 + 4(A_y+b)^2 = 4(R^2 + b^2 + 2bA_y) = 36$$
$$\implies R^2 + b^2 + 2bA_y = 9. \tag{1}$$

**Computing $HN=6$.** With $N=(0,n)$:
$$HN^2 = A_x^2 + (A_y+2b-n)^2 = 2R^2 + 4b^2 + 4bA_y - 2nA_y - 4bn = 36. \tag{2}$$

Subtracting $2\times(1)$ from $(2)$:
$$2b^2 - 2n(A_y+2b) = 18 \implies b^2 - nH_y = 9, \quad H_y := A_y+2b. \tag{3}$$

From (1): $R^2 - 3b^2 + 2bH_y = 9$. Substituting $H_y = (b^2-9)/n$ and $R^2 = 24+b^2$:
$$24 + b^2 - 3b^2 + \frac{2b(b^2-9)}{n} = 9 \implies n(15-2b^2) = 2b(9-b^2). \tag{4}$$

**Solving.** Set $n=R=\sqrt{24+b^2}$ and square (4). With $u=b^2$:
$$(24+u)(15-2u)^2 = 4u(9-u)^2$$
$$\implies 4u^2 - 57u + 200 = 0 \implies u = 8 \text{ or } u = \tfrac{25}{4}.$$

**Case $u=25/4$:** Gives $A=(0,\pm R)$, so $A$ coincides with an arc midpoint. Then $N=A$ and $HN=HA=5\neq 6$. **Invalid.**

**Case $u=8$:** $b^2=8$, $R=4\sqrt2$. Checking the sign condition in (4) with $n=R$: $b=-2\sqrt2$.

$$H_y = \frac{8-9}{4\sqrt2} = -\frac{\sqrt2}{8}, \quad A_y = H_y - 2b = -\frac{\sqrt2}{8}+4\sqrt2 = \frac{31\sqrt2}{8}.$$
$$A_x^2 = 32 - \frac{961\cdot2}{64} = \frac{63}{32}, \quad A_x = \pm\frac{3\sqrt{14}}{8}.$$

**Verification.** $N=(0,4\sqrt2)=(0,\,32\sqrt2/8)$, $H=(\pm3\sqrt{14}/8,\,-\sqrt2/8)$:
$$HN^2 = \frac{9\cdot14}{64}+\frac{33^2\cdot2}{64}=\frac{126+2178}{64}=36.\;\checkmark$$
$$HD^2 = \frac{9\cdot14}{16}+\frac{15^2\cdot2}{16}=\frac{126+450}{16}=36.\;\checkmark$$

$A$ is near the top of the circle ($A_y\approx5.48 < R\approx5.66$), on the arc through the top whose midpoint is $N=(0,R)$, and $A\neq N$. ✓

**Area.** The height from $A$ to $BC$ (at height $b=-2\sqrt2$) is:
$$|A_y - b| = \left|\frac{31\sqrt2}{8}+2\sqrt2\right| = \frac{47\sqrt2}{8}.$$
$$\text{Area} = \frac{1}{2}\cdot 4\sqrt6 \cdot \frac{47\sqrt2}{8} = 2\sqrt6\cdot\frac{47\sqrt2}{8}=\frac{47\sqrt{12}}{4}=\frac{47\sqrt3}{2}.$$

Cross-check via the determinant formula confirms $\text{Area}=\frac{47\sqrt3}{2}$.

**Final form.** $a=47$, $b=3$, $c=2$, with $\gcd(47,2)=1$ and $3$ squarefree.

$$a+b+c = 47+3+2 = 52.$$

Final Answer: $\boxed{52}$

### PROOF COMPLETE
DEVIN_CLI_EXITED code=0
