Looking at this problem, I need to find three quantities and sum them.

## N₁: Median planes of a tetrahedron

A median plane α requires all 4 vertices at equal (absolute) distance. Since the signed distances must be ±d, and 4 non-coplanar points can't all share the same signed distance (that would force coplanarity), the vertices must split across the plane.

**2-2 split** (e.g., {A,B} on one side, {C,D} on the other): The plane passes through the midpoints of AC, AD, BC, BD. These four midpoints form a parallelogram (since M_AC + M_BD = M_AD + M_BC = (A+B+C+D)/2), so they're coplanar. Since the plane bisects each cross-segment, dist(A)=dist(C), dist(A)=dist(D), dist(B)=dist(C), dist(B)=dist(D), giving all equal. There are C(4,2)/2 = **3** such planes.

**1-3 split** (e.g., A alone, B,C,D together): The plane through midpoints of AB, AC, AD is the image of plane BCD under homothety centered at A with ratio 1/2. So dist(A) = h/2 (where h = dist(A, plane BCD)) and dist(B)=dist(C)=dist(D)=h/2. There are C(4,1) = **4** such planes.

**N₁ = 3 + 4 = 7.**

## N₂: Median planes of a parallelepiped

Vertices: P + ε₁a + ε₂b + ε₃c. Signed distance to plane (unit normal n, offset k):

f(ε) = f₀ + ε₁α₁ + ε₂α₂ + ε₃α₃, where αᵢ = n·aᵢ.

The 8 values are f₀ + (subset sums of {α₁, α₂, α₃}). For all |f| = d, every value must be ±d, so the subset sums take **at most 2 distinct values**.

- **All αᵢ = 0**: all sums equal 0, forcing all 8 vertices coplanar — impossible.
- **Exactly one αᵢ ≠ 0** (say α₁ ≠ 0, α₂ = α₃ = 0): subset sums are {0, α₁}, two values. Setting f₀ = −α₁/2 gives all values = ±α₁/2. ✓ The normal n ⊥ b, n ⊥ c, so n ∥ b×c — one plane per face-pair direction.
- **Two or three αᵢ nonzero**: the subset sums yield ≥3 distinct values (e.g., 0, α₁, α₂ are distinct when both nonzero; if α₁=α₂ then α₁+α₂=2α₁ is a third value). Impossible.

So exactly **3** median planes (one per pair of opposite faces).

**N₂ = 3.**

## N₃: Parallelepipeds from 4 non-coplanar points

Given non-coplanar points A, B, C, D, each parallelepiped containing them corresponds to an affine map from {0,1}³ to ℝ³ sending 4 vertices to {A,B,C,D}.

**Counting non-coplanar 4-subsets of {0,1}³:** Total 4-subsets: C(8,4) = 70. Coplanar 4-subsets lie on planes containing exactly 4 cube vertices: 6 face planes + 6 diagonal planes (xᵢ=xⱼ, xᵢ+xⱼ=1) = 12. So non-coplanar 4-subsets = 70 − 12 = **58**.

**Counting pairs:** Choose a non-coplanar 4-subset S (58 ways) and a bijection S → {A,B,C,D} (24 ways). Each pair uniquely determines the affine map (4 affinely independent points determine it). Total: 58 × 24 = 1392.

**Overcounting factor:** The affine automorphism group of {0,1}³ has order 48 (8 complementations × 6 coordinate permutations). Two pairs giving the same parallelepiped differ by such an automorphism. The action is **free**: if an affine automorphism φ fixes all 4 points of an affinely independent set, then φ = identity. So each parallelepiped is counted exactly 48 times.

**N₃ = 1392 / 48 = 29.**

## Result

$$N_1 + N_2 + N_3 = 7 + 3 + 29 = \boxed{39}$$

### PROOF COMPLETE
DEVIN_CLI_EXITED code=0
