Looking at this problem, I need to show that under the primality condition on $f(x) = x^2 - x + p$, there is exactly one integer triple $(a,b,c)$ with $b^2 - 4ac = 1-4p$, $0 < a \leq c$, and $-a \leq b < a$.

**Answer Leak Check:** The problem contains no leaked solutions or answer values. Proceeding.

---

## Proof

**Existence.** The triple $(a, b, c) = (1, -1, p)$ satisfies all three conditions:
- $b^2 - 4ac = 1 - 4p$ ✓
- $0 < 1 \leq p$ ✓ (since $p > 1$)
- $-1 \leq -1 < 1$ ✓

**Uniqueness.** Suppose $(a, b, c)$ is any triple satisfying the three conditions. We show $a = 1$ (which then forces $b = -1, c = p$).

**Step 1: $b$ is odd.** Since $b^2 - 4ac = 1 - 4p \equiv 1 \pmod{4}$, we have $b^2 \equiv 1 \pmod{4}$, so $b$ is odd.

**Step 2: Bounding $a$.** From $-a \leq b < a$ we get $|b| \leq a$, hence $b^2 \leq a^2$. From $a \leq c$ we get $4a^2 \leq 4ac = b^2 + 4p - 1 \leq a^2 + 4p - 1$, giving $3a^2 \leq 4p - 1$.

For $p = 2$: $3a^2 \leq 7$ forces $a = 1$. For $p \geq 3$: $3(p-1)^2 = 3p^2 - 6p + 3 \geq 3p^2 - 10p + 4 = (3p-1)(p-2) + 2 > 0$ for $p \geq 3$ shows... more directly, $3a^2 \leq 4p-1$ and checking $3(p-1)^2 = 3p^2-6p+3$ vs $4p-1$: $3p^2-6p+3 - (4p-1) = 3p^2-10p+4$, which at $p=3$ equals $1 > 0$ and increases for $p \geq 3$. So $3(p-1)^2 > 4p-1 \geq 3a^2$, giving $a < p-1$, i.e., $a \leq p-1$.

In all cases $a \leq p-1$.

**Step 3: Key identity.** Since $b$ is odd, write $b = 2k+1$. Then:
$$f(k+1) = (k+1)^2 - (k+1) + p = k^2 + k + p.$$
From $b^2 = 4ac + 1 - 4p$: $(2k+1)^2 = 4ac + 1 - 4p$, so $4k^2+4k = 4ac - 4p$, giving $k^2 + k + p = ac$. Therefore:
$$f\!\left(\tfrac{b+1}{2}\right) = ac.$$

**Step 4: Symmetry.** Note $f(x) = x^2 - x + p$ satisfies $f(x) = f(1-x)$ for all $x$.

**Step 5: Deriving a contradiction when $a > 1$.** Assume $a \geq 2$. Then $c \geq a \geq 2$, so $ac \geq 4$ is composite. We find $x \in (0, p)$ with $f(x) = ac$:

- **If $b \geq 1$:** Set $x = \frac{b+1}{2}$. Then $x \geq 1 > 0$, and $x \leq \frac{a}{2} \leq \frac{p-1}{2} < p$ (since $b < a$ and $b$ odd gives $b \leq a-1$). By Step 3, $f(x) = ac$, composite — contradiction.

- **If $b \leq -1$:** First note $b = -1$ forces $ac = p$ (from $1 - 4ac = 1 - 4p$), so $a = 1$ (since $p$ is prime and $a \leq c$), contradicting $a \geq 2$. Thus $b \leq -3$. Set $x = \frac{1-b}{2}$. Then $x \geq 2 > 0$, and $x \leq \frac{1+a}{2} \leq \frac{p}{2} < p$ (using $a \leq p-1$). By the symmetry $f(x) = f(1-x) = f\!\left(\frac{b+1}{2}\right) = ac$ (Step 3), which is composite — contradiction.

**Step 6: $a = 1$ forces the unique triple.** With $a = 1$: $-1 \leq b < 1$ and $b$ odd gives $b = -1$. Then $1 - 4c = 1 - 4p$ gives $c = p$.

Therefore the unique triple is $\boxed{(a, b, c) = (1, -1, p)}$. $\blacksquare$

### PROOF COMPLETE
DEVIN_CLI_EXITED code=0
