## Solution

**Definition.** Two lattice points $P, Q \in \mathbb{Z}^d$ are *$x$-visible* if the open line segment $\overline{PQ}$ contains at most $x$ lattice points of $\mathbb{Z}^d$.

**Key fact.** The number of interior lattice points on the segment from $P=(p_1,\dots,p_d)$ to $Q=(q_1,\dots,q_d)$ is
$$\gcd\bigl(|p_1-q_1|,\;\ldots,\;|p_d-q_d|\bigr)-1.$$
Hence $P,Q$ are $x$-visible if and only if
$$\gcd\bigl(|p_1-q_1|,\;\ldots,\;|p_d-q_d|\bigr)\;\le\; x+1.$$

---

**Claim.** $\;g(x,d)=(x+2)^d$.

---

### Lower bound: construction achieving $(x+2)^d$

Take the grid
$$S=\{0,1,\ldots,x+1\}^d\;\subset\;\mathbb{Z}^d,$$
which contains $(x+2)^d$ points. For any two distinct points $P,Q\in S$, each coordinate difference satisfies $|p_i-q_i|\in\{0,1,\ldots,x+1\}$, so
$$\gcd\bigl(|p_1-q_1|,\ldots,|p_d-q_d|\bigr)\;\le\;\max_i|p_i-q_i|\;\le\;x+1.$$
Thus every pair is $x$-visible, giving $g(x,d)\ge (x+2)^d$.

---

### Upper bound: at most $(x+2)^d$

Partition $\mathbb{Z}^d$ into residue classes modulo $x+2$; there are exactly $(x+2)^d$ such classes.

Suppose two distinct points $P,Q$ lie in the **same** residue class mod $x+2$. Then $x+2\mid(p_i-q_i)$ for every $i$, so
$$\gcd\bigl(|p_1-q_1|,\ldots,|p_d-q_d|\bigr)\;\ge\;x+2\;>\;x+1.$$
Hence $P$ and $Q$ are **not** $x$-visible.

Therefore, in any set of mutually $x$-visible points, no two points share a residue class mod $x+2$. By the pigeonhole principle, the set has at most $(x+2)^d$ points:
$$g(x,d)\le (x+2)^d.$$

---

### Conclusion

Combining both bounds:
$$\boxed{g(x,d)=(x+2)^d.}$$

**Verification against given values:**
- $g(0,2)=(0+2)^2=4$. ✓
- $g(1,2)=(1+2)^2=9\ge 9$. ✓

### PROOF COMPLETE
DEVIN_CLI_EXITED code=0
