## Solution

Let $P = \dfrac{2x^3+2xy^2-2y}{x^2+y^2}$ and $Q = \dfrac{2y^3+2x^2y+2x}{x^2+y^2}$.

**Step 1: Decompose the integrand.**

Rewrite each component by separating out the factor $(x^2+y^2)$:

$$P = \frac{2x(x^2+y^2)-2y}{x^2+y^2} = 2x - \frac{2y}{x^2+y^2}, \qquad Q = \frac{2y(x^2+y^2)+2x}{x^2+y^2} = 2y + \frac{2x}{x^2+y^2}.$$

So the integral splits as

$$I = \underbrace{\int_C 2x\,dx + 2y\,dy}_{I_1} + \underbrace{\int_C \frac{-2y\,dx + 2x\,dy}{x^2+y^2}}_{I_2}.$$

**Step 2: Evaluate $I_1$.**

Since $2x\,dx + 2y\,dy = d(x^2+y^2)$ is an exact differential and $C$ is a closed loop,

$$I_1 = \oint_C d(x^2+y^2) = 0.$$

**Step 3: Evaluate $I_2$ via Green's theorem.**

Set $\omega = \dfrac{-y\,dx + x\,dy}{x^2+y^2}$, so $I_2 = 2\oint_C \omega$. Check that $\omega$ is closed on $\mathbb{R}^2\setminus\{0\}$:

$$\frac{\partial}{\partial y}\!\left(\frac{-y}{x^2+y^2}\right) = \frac{y^2-x^2}{(x^2+y^2)^2} = \frac{\partial}{\partial x}\!\left(\frac{x}{x^2+y^2}\right). \checkmark$$

Since $C$ encloses the origin (where $\omega$ is singular), apply Green's theorem to the annular region $D$ between $C$ and a small circle $C_\varepsilon$ of radius $\varepsilon$ centered at the origin (traversed clockwise, so that $D$ lies to the left of both boundary components):

$$\oint_C \omega - \oint_{C_\varepsilon} \omega = \iint_D \left(\frac{\partial Q'}{\partial x}-\frac{\partial P'}{\partial y}\right)dA = 0,$$

hence $\displaystyle\oint_C \omega = \oint_{C_\varepsilon}\omega$.

Parametrize $C_\varepsilon$: $x=\varepsilon\cos\theta,\; y=\varepsilon\sin\theta,\; \theta\in[0,2\pi]$. Then

$$\omega = \frac{-\varepsilon\sin\theta(-\varepsilon\sin\theta\,d\theta)+\varepsilon\cos\theta(\varepsilon\cos\theta\,d\theta)}{\varepsilon^2} = \frac{\varepsilon^2(\sin^2\theta+\cos^2\theta)}{\varepsilon^2}\,d\theta = d\theta.$$

Therefore

$$\oint_C \omega = \oint_{C_\varepsilon}\omega = \int_0^{2\pi} d\theta = 2\pi,$$

and

$$I_2 = 2\cdot 2\pi = 4\pi.$$

**Step 4: Combine.**

$$I = I_1 + I_2 = 0 + 4\pi = \boxed{4\pi}.$$

### PROOF COMPLETE
DEVIN_CLI_EXITED code=0
