## 回答：是的。

假设 $T$ 具有唯一的自伴扩张 $S$。我们证明 $S = \overline{T}$（$T$ 的闭包）。

### 步骤 1：$T$ 是对称的。

由于 $S$ 是 $T$ 的自伴扩张，因此 $T \subseteq S$。对于任意 $x, y \in D(T)$，由于 $S$ 是自伴的（因此也是对称的）：
$$\langle Tx, y\rangle = \langle Sx, y\rangle = \langle x, Sy\rangle = \langle x, Ty\rangle.$$
因此 $T$ 是对称的。

### 步骤 2：$T$ 是稠定的。

假设 $D(T)$ 不是稠定的。令 $M = \overline{D(T)}$，因此 $M^\perp \neq \{0\}$。令 $P$ 为到 $M^\perp$ 上的正交投影；$P$ 是有界且自伴的。

由于 $S$ 是 $T$ 的自伴扩张，对于每个 $\lambda \in \mathbb{R}$，在 $D(S_\lambda) = D(S)$ 上定义 $S_\lambda = S + \lambda P$。

- **$S_\lambda$ 是自伴的：** 由于 $P$ 是有界且自伴的，标准恒等式 $(A + B)^* = A^* + B^*$（当 $B$ 有界时成立）给出 $(S + \lambda P)^* = S^* + \lambda P^* = S + \lambda P = S_\lambda$。
- **$S_\lambda$ 扩张了 $T$：** 对于 $x \in D(T) \subseteq M$，有 $Px = 0$，因此 $S_\lambda x = Sx + \lambda Px = Sx = Tx$。
- **当 $\lambda \neq 0$ 时 $S_\lambda \neq S$：** 由于 $D(S)$ 在 $\mathcal{H}$ 中稠密且 $M^\perp \neq \{0\}$，存在 $x \in D(S)$ 使得 $Px \neq 0$，因此 $S_\lambda x \neq Sx$。

这给出了无限多个不同的自伴扩张，与唯一性矛盾。因此 $D(T)$ 是稠密的。

### 步骤 3：$T$ 是可闭的；$\overline{T}$ 是闭的、稠定的且对称的。

稠定对称算子是可闭的。令 $\overline{T}$ 为其闭包。$\overline{T}$ 的闭包也是对称的，并且 $\overline{T} = T^{**}$。

### 步骤 4：$T$ 的自伴扩张恰好就是 $\overline{T}$ 的自伴扩张。

任何 $T$ 的闭扩张 $S$ 都满足 $\overline{T} \subseteq S$（因为 $\overline{T}$ 是最小的闭扩张）。反之，$\overline{T}$ 的任何扩张也是 $T$ 的扩张。因此，$T$ 和 $\overline{T}$ 的自伴扩张集相同。

### 步骤 5：$\overline{T}$ 是自伴的（$T$ 是本质自伴的）。

$\overline{T}$ 是一个闭的、稠定的、对称算子。根据 von Neumann 定理，其自伴扩张由亏指数 $n_+ = \dim\ker(\overline{T}^* - iI)$ 和 $n_- = \dim\ker(\overline{T}^* + iI)$ 分类：

- $\overline{T}$ 有自伴扩张当且仅当 $n_+ = n_-$。
- 如果 $n_+ = n_- = 0$，则 $\overline{T}$ 是自伴的，且是**唯一**的自伴扩张。
- 如果 $n_+ = n_- \geq 1$，则存在**无限多个**自伴扩张（由两个亏子空间之间的酉映射参数化）。

由于 $\overline{T}$ 恰好有一个自伴扩张（从 $T$ 继承而来），我们必须有 $n_+ = n_- = 0$，因此 $\overline{T}$ 是自伴的。

### 步骤 6：$S = \overline{T}$。

由于 $\overline{T}$ 是自伴的，且 $\overline{T} \subseteq S$（因为 $S$ 是 $T$ 的闭扩张），并且两者都是自伴的：
$$\overline{T} \subseteq S \implies S^* \subseteq \overline{T}^{\,*} \implies S \subseteq \overline{T} \quad \text{(两者均自伴)}.$$
结合 $\overline{T} \subseteq S$，我们得到 $S = \overline{T}$。

因此，$T$ 的唯一自伴扩张必然是 $T$ 的闭包。$\blacksquare$

### 证明完成
DEVIN_CLI_EXITED code=0
