Error: Agent error: Permission denied: Permission denied: Reached overall message rate limit. Please try again later. Your limit will reset in 29 minutes. (trace ID: f7ebe24c463557522a30827a39935dd4): {
  "cognition.ai/errorKind": "internal",
  "cognition.ai/retryable": true
}
DEVIN_CLI_EXITED code=1
```xml
<audit>
  <analysis_result_key>2270775</analysis_result_key>
  <problem_id>deepmath_103k_00000764</problem_id>
  <audit_status>PASS_SELECTABLE</audit_status>
  <check_results>
    <A1>PASS: dimension1_verdict is "DIRECTION_ERROR", which is one of the allowed values.</A1>
    <A2>PASS: dimension1_explanation is non-empty and well over 50 characters in length.</A2>
    <A3>PASS: dimension2_turning_point_type is "other", which is one of the allowed enum values.</A3>
    <A4>PASS: dimension2_explanation is non-empty and well over 50 characters in length.</A4>
    <A5>PASS: ai_direction_summary is non-empty and describes the AI's actual direction.</A5>
    <A6>PASS: standard_solution_key_technique is non-empty and describes a specific technique.</A6>
    <B1>PASS: No XML tag leaks (no `</dimension` or `<dimension` strings) found in either explanation.</B1>
    <B2>PASS: No template placeholder leaks (no "1-3 sentences", "ONE_OF:", etc.) found.</B2>
    <B3>PASS: Both explanations are well over 50 characters in length.</B3>
    <C1>PASS: d1=DIRECTION_ERROR and d2 has a value ("other"), satisfying the consistency requirement.</C1>
    <C2>PASS: dimension1_explanation describes the AI going in a completely wrong direction (van der Waerden's theorem instead of the accumulation-point problem), which matches the DIRECTION_ERROR label.</C2>
    <C3>PASS: dimension2_explanation describes a proof by contradiction in real analysis exploiting the structure of the extended real line, which is not a modular/number-theoretic technique — correctly labeled as "other".</C3>
    <D1>PASS: dimension1_explanation is over 100 characters and contains action verbs ("reasoned", "engaged").</D1>
    <D2>PASS: dimension2_explanation is over 100 characters and contains mathematical terms ("accumulation point", "extended real line", "contradiction", "bounded below").</D2>
    <D3>PASS: ai_direction_summary describes the specific direction the AI took (proving van der Waerden's theorem about monochromatic arithmetic progressions), not just "the AI failed".</D3>
    <D4>PASS: standard_solution_key_technique describes the specific technique (proof by contradiction using the definition of accumulation points in the extended reals), not a generic "clever method".</D4>
    <E1>UNKNOWN — check via script</E1>
  </check_results>
  <issues_found>none</issues_found>
</audit>
```

### AUDIT COMPLETE
DEVIN_CLI_EXITED code=0
