## Solution

**Setup.** For an infinite cardinal $\kappa$, define $\rho_\kappa = \min\{\rho : \kappa^\rho > \kappa\}$. We use cardinal exponentiation throughout. Two key tools:

- **Cantor:** $\kappa^\kappa \geq 2^\kappa > \kappa$, so $\rho_\kappa \leq \kappa$.
- **König's theorem:** $\kappa^{\operatorname{cf}(\kappa)} > \kappa$, so $\rho_\kappa \leq \operatorname{cf}(\kappa)$.
- For every infinite $\kappa$ and finite $n \geq 1$: $\kappa^n = \kappa$ (by induction, $\kappa \cdot \kappa = \kappa$).

---

### $\rho_\omega = \aleph_0$

Here $\kappa = \omega = \aleph_0$.

- **Below $\aleph_0$ fails:** For every finite $n \geq 1$, $\aleph_0^n = \aleph_0 \not> \aleph_0$. Also $\aleph_0^0 = 1$.
- **At $\aleph_0$ succeeds:** $\aleph_0^{\aleph_0} = |\omega^\omega|$. We have
$$2^{\aleph_0} \;\leq\; \aleph_0^{\aleph_0} \;\leq\; (2^{\aleph_0})^{\aleph_0} = 2^{\aleph_0 \cdot \aleph_0} = 2^{\aleph_0},$$
so $\aleph_0^{\aleph_0} = 2^{\aleph_0} > \aleph_0$ by Cantor.

Therefore the least $\rho$ with $\aleph_0^\rho > \aleph_0$ is $\rho = \aleph_0$:

$$\boxed{\rho_\omega = \aleph_0.}$$

This is consistent with regularity: $\aleph_0$ is regular.

---

### $\rho_{\omega_1} = \aleph_1$ (under GCH/CH)

Here $\kappa = \omega_1 = \aleph_1$, which is regular with $\operatorname{cf}(\aleph_1) = \aleph_1$.

**Lower bound: $\rho_{\omega_1} > \aleph_0$ under CH.** Assume $2^{\aleph_0} = \aleph_1$. Then
$$\aleph_1^{\aleph_0} \;\leq\; (2^{\aleph_0})^{\aleph_0} = 2^{\aleph_0 \cdot \aleph_0} = 2^{\aleph_0} = \aleph_1,$$
and trivially $\aleph_1^{\aleph_0} \geq \aleph_1$. Hence $\aleph_1^{\aleph_0} = \aleph_1 \not> \aleph_1$. Combined with $\aleph_1^n = \aleph_1$ for all finite $n$, every $\rho < \aleph_1$ gives $\aleph_1^\rho = \aleph_1$.

**Upper bound: $\rho_{\omega_1} \leq \aleph_1$.** By Cantor, $\aleph_1^{\aleph_1} \geq 2^{\aleph_1} > \aleph_1$.

Combining: the least $\rho$ with $\aleph_1^\rho > \aleph_1$ is $\rho = \aleph_1$:

$$\boxed{\rho_{\omega_1} = \aleph_1 \quad (\text{under GCH/CH}).}$$

Again $\aleph_1$ is regular, consistent with the stated theorem.

**Remark on independence.** Without CH the second value is not determined by ZFC: if $2^{\aleph_0} > \aleph_1$, then $\aleph_1^{\aleph_0} \geq 2^{\aleph_0} > \aleph_1$, giving $\rho_{\omega_1} = \aleph_0$ instead. Thus $\rho_{\omega_1} = \aleph_1$ is equivalent to $\aleph_1^{\aleph_0} = \aleph_1$ (which follows from CH), while $\rho_{\omega_1} = \aleph_0$ is consistent with $\neg$CH. The value $\rho_\omega = \aleph_0$, by contrast, is a theorem of ZFC.

### PROOF COMPLETE
DEVIN_CLI_EXITED code=0
