基于我对 `AGENTS.md` 的阅读，我已经获取了所有三个输入：

- **问题**：求以 $-3 + i\sqrt{3}$ 为根的实系数首一二次多项式。
- **标准解法**：使用复共轭根定理 → $(x+3-i\sqrt{3})(x+3+i\sqrt{3}) = x^2 + 6x + 12$。
- **AI 的思考过程**：AI 完全误读了问题——它认为自己正在使用具有特定核的傅里叶变换来推导半空间中具有 Robin（辐射）边界条件的热方程解，并针对特征函数、归一化、变换对和轮廓积分进行了大量的分析。

这种不匹配是显而易见的：这是一个简单的代数问题，而 AI 却在解决一个完全不同的 PDE 推导问题。

```xml
<analysis>
  <problem_id>oda_math_460k_00034406</problem_id>
  <dimension1_verdict>DIRECTION_ERROR</dimension1_verdict>
  <dimension1_explanation>The AI completely misread the problem. The actual problem is a trivial algebra exercise: find the monic quadratic with real coefficients having $-3 + i\sqrt{3}$ as a root, solved via the complex conjugate root theorem. Instead, the AI believed it was deriving the heat equation solution in a half-space with a Robin boundary condition using a Fourier transform with a specific kernel — an entirely different, far more advanced PDE problem. The AI's thinking never engaged with the actual problem at all.</dimension1_explanation>
  <dimension2_turning_point_type>other</dimension2_turning_point_type>
  <dimension2_explanation>The standard solution's key technique is the complex conjugate root theorem: since the polynomial has real coefficients, the conjugate $-3 - i\sqrt{3}$ must also be a root, giving $(x+3-i\sqrt{3})(x+3+i\sqrt{3}) = (x+3)^2 - (i\sqrt{3})^2 = x^2 + 6x + 12$. This is basic algebra, not any of the number-theoretic turning point categories.</dimension2_turning_point_type>
  <dimension2_explanation>The standard solution uses the complex conjugate root theorem for real-coefficient polynomials, then applies the difference-of-squares identity to multiply the conjugate factors — a basic algebra technique that does not fit any modular-arithmetic or finite-field category.</dimension2_explanation>
  <ai_direction_summary>The AI's thinking went entirely into deriving a heat equation solution with Robin boundary conditions via Fourier transforms, a PDE problem unrelated to the actual quadratic-polynomial algebra problem.</ai_direction_summary>
  <standard_solution_key_technique>Use the complex conjugate root theorem to identify the second root, then multiply the conjugate linear factors via difference of squares to obtain $x^2 + 6x + 12$.</standard_solution_key_technique>
  <confidence>high</confidence>
</analysis>
```

### 分析完成
DEVIN_CLI_EXITED code=0
