Error: Agent error: Your weekly usage quota has been exhausted. Visit https://app.devin.ai/settings/usage to purchase on-demand usage or turn on auto-reload. (trace ID: b07f3dec0220de2ba2314244d090ac63): {
  "cognition.ai/errorKind": "resource_exhausted",
  "cognition.ai/retryable": true
}
DEVIN_CLI_EXITED code=1
```xml
<audit>
  <analysis_result_key>2273395</analysis_result_key>
  <problem_id>polymath_01152</problem_id>
  <audit_status>PASS_SELECTABLE</audit_status>
  <check_results>
    <A1>PASS: dimension1_verdict is PARTIAL_PROGRESS, a valid value in the allowed set.</A1>
    <A2>PASS: dimension1_explanation is non-empty and well over 50 characters, describing the AI's framework choice and wrong turn.</A2>
    <A3>PASS: dimension2_turning_point_type is "other", which is in the allowed list, and d1 is PARTIAL_PROGRESS so a value is required.</A3>
    <A4>PASS: dimension2_explanation is non-empty and well over 50 characters, detailing the inductive proof and Pigeonhole Principle.</A4>
    <A5>PASS: ai_direction_summary is non-empty and describes the recursive B(k)/F(k) tabulation approach.</A5>
    <A6>PASS: standard_solution_key_technique is non-empty and describes abelian sandpile order-independence plus structural induction.</A6>
    <B1>PASS: Neither explanation contains XML tag leaks like </dimension or <dimension.</B1>
    <B2>PASS: Neither explanation contains template placeholder leaks like "1-3 sentences" or "ONE_OF:".</B2>
    <B3>PASS: Both explanations are far longer than 50 characters.</B3>
    <C1>PASS: d1=PARTIAL_PROGRESS and d2 has a non-empty value, satisfying the consistency requirement.</C1>
    <C2>PASS: d1_exp describes partial progress (right framework, correct small cases, but wrong turn to brute force), matching the PARTIAL_PROGRESS label.</C2>
    <C3>PASS: d2=other and d2_exp describes structural induction on sandpile configurations plus Pigeonhole Principle, which is genuinely not modular arithmetic, so "other" is semantically appropriate.</C3>
    <D1>PASS: d1_exp exceeds 100 characters and contains action verbs including "identified", "computed", "attempting", "discovered", "pursuing".</D1>
    <D2>PASS: d2_exp exceeds 100 characters and contains mathematical terms including "inductive proof", "configurations", "Pigeonhole Principle".</D2>
    <D3>PASS: ai_direction_summary describes the actual direction taken (recursive B(k)/F(k) function approach with extensive tabulation), not just "the AI failed".</D3>
    <D4>PASS: standard_solution_key_technique describes the specific technique (abelian sandpile order-independence plus structural induction at n = 3·2^k - 4, -3, -2 plus Pigeonhole), not a generic "clever method".</D4>
    <E1>UNKNOWN — check via script</E1>
  </check_results>
  <issues_found>none</issues_found>
</audit>
```

### AUDIT COMPLETE
DEVIN_CLI_EXITED code=0
