## Answer: No.

A counterexample suffices. Consider the $3 \times 3$ matrix

$$A = \begin{pmatrix} \frac{2}{5} & \frac{5}{12} & \frac{11}{60} \\[4pt] \frac{5}{12} & \frac{4}{9} & \frac{5}{36} \\[4pt] \frac{11}{60} & \frac{5}{36} & \frac{61}{90} \end{pmatrix}.$$

**Doubly stochastic.** The matrix is symmetric. Each row sums to 1:

$$\tfrac{2}{5}+\tfrac{5}{12}+\tfrac{11}{60} = \tfrac{24+25+11}{60}=1,\qquad \tfrac{5}{12}+\tfrac{4}{9}+\tfrac{5}{36}=\tfrac{15+16+5}{36}=1,\qquad \tfrac{11}{60}+\tfrac{5}{36}+\tfrac{61}{90}=\tfrac{33+25+122}{180}=1.$$

By symmetry the column sums also equal 1, and all entries are non-negative. Hence $A$ is doubly stochastic.

**Positive semidefinite.** Since $A$ is symmetric, it suffices to verify that all principal minors are non-negative.

*1×1 minors:* $\frac{2}{5},\;\frac{4}{9},\;\frac{61}{90}$ — all positive.

*2×2 minors:*

$$\begin{vmatrix}\frac{2}{5}&\frac{5}{12}\\\frac{5}{12}&\frac{4}{9}\end{vmatrix}=\frac{8}{45}-\frac{25}{144}=\frac{128-125}{720}=\frac{1}{240}>0,$$

$$\begin{vmatrix}\frac{2}{5}&\frac{11}{60}\\\frac{11}{60}&\frac{61}{90}\end{vmatrix}=\frac{122}{450}-\frac{121}{3600}=\frac{976-121}{3600}=\frac{19}{80}>0,$$

$$\begin{vmatrix}\frac{4}{9}&\frac{5}{36}\\\frac{5}{36}&\frac{61}{90}\end{vmatrix}=\frac{244}{810}-\frac{25}{1296}=\frac{3904-250}{12960}=\frac{203}{720}>0.$$

*3×3 minor (determinant):*

$$\det A = \frac{2}{5}\cdot\frac{203}{720}-\frac{5}{12}\cdot\frac{37}{144}+\frac{11}{60}\cdot\left(-\frac{17}{720}\right)=\frac{4872-4625-187}{43200}=\frac{1}{720}>0.$$

All principal minors are positive, so $A$ is positive definite (hence positive semidefinite).

**Diagonal is not the largest in its row.** In the first row,

$$a_{11}=\frac{2}{5}=\frac{24}{60},\qquad a_{12}=\frac{5}{12}=\frac{25}{60},$$

so $a_{12}>a_{11}$. The diagonal entry $a_{11}$ is **not** the largest element in row 1.

Therefore the answer to the question is **no**: a positive semidefinite doubly stochastic matrix need not have each diagonal entry be the largest element in its row.

### PROOF COMPLETE
DEVIN_CLI_EXITED code=0
