## Answer Leak Check

The problem text contains only the problem statement: "Calculate $(308!)^2 \pmod{617}$ efficiently." No solution, answer, or proof sketch is leaked. Proceeding to solve.

## Proof

**Step 1: Verify 617 is prime.**

We check divisibility by all primes $\leq \sqrt{617} \approx 24.8$, i.e., $2, 3, 5, 7, 11, 13, 17, 19, 23$:
- $617$ is odd (not divisible by 2).
- Digit sum $6+1+7 = 14$, not divisible by 3.
- Does not end in 0 or 5.
- $7 \times 88 = 616$, so $617 = 7 \times 88 + 1$; not divisible.
- $11 \times 56 = 616$; not divisible.
- $13 \times 47 = 611$; not divisible.
- $17 \times 36 = 612$; not divisible.
- $19 \times 32 = 608$; not divisible.
- $23 \times 26 = 598$; not divisible.

Hence **617 is prime**.

**Step 2: Apply Wilson's Theorem.**

Since 617 is prime, Wilson's theorem gives
$$616! \equiv -1 \pmod{617}.$$

**Step 3: Split $616!$ around the midpoint 308.**

$$616! = 308! \cdot \prod_{k=309}^{616} k.$$

**Step 4: Rewrite the upper half via the symmetry $k \equiv -(617-k) \pmod{617}$.**

For each $k \in \{309, 310, \dots, 616\}$, set $j = 617 - k$. As $k$ runs from $309$ to $616$, $j$ runs from $308$ down to $1$, i.e., $j$ ranges over $\{1, 2, \dots, 308\}$. Since $k = 617 - j \equiv -j \pmod{617}$,

$$\prod_{k=309}^{616} k \equiv \prod_{j=1}^{308}(-j) = (-1)^{308}\prod_{j=1}^{308} j = (-1)^{308}\cdot 308! \pmod{617}.$$

Since $308$ is even, $(-1)^{308} = 1$, so

$$\prod_{k=309}^{616} k \equiv 308! \pmod{617}.$$

**Step 5: Combine.**

$$616! \equiv 308! \cdot 308! = (308!)^2 \pmod{617}.$$

By Wilson's theorem, $616! \equiv -1 \pmod{617}$. Therefore

$$(308!)^2 \equiv -1 \equiv 616 \pmod{617}.$$

## Answer

$$\boxed{(308!)^2 \equiv 616 \pmod{617}}$$

### PROOF COMPLETE
DEVIN_CLI_EXITED code=0
