Looking at this problem, I need to find $\min_{(a,b,c)} \max_{N} T_{\min}(N)$ where $a+b+c=1001$ and $T_{\min}(N)$ is the minimum transfer the Manager needs to make some vat equal to $N$.

**Setting up the transfer model.** Let the three primary vats contain $a, b, c$ (non-negative reals, $a+b+c=1001$). The Manager extracts $x_i$ from vat $i$ ($0 \le x_i \le a_i$) into the fourth tank, with total transfer $T = x_1+x_2+x_3$. After transfer, the four vats hold $a-x_1,\; b-x_2,\; c-x_3,\; T$. The Manager needs at least one to equal $N$, minimizing $T$.

**Computing $T_{\min}(N)$.** The Manager has four strategies:
- **Fill the fourth tank to $N$:** Set $T = N$ (always feasible since $1001 \ge N$). Cost: $N$.
- **Drain vat $i$ to $N$:** Set $x_i = a_i - N$ (feasible if $a_i \ge N$), $x_j=0$ for $j\ne i$. Cost: $a_i - N$.

So $$T_{\min}(N) = \min\!\Big(N,\;\min_{i:\, a_i \ge N}(a_i - N)\Big).$$

**Key observation.** If $N > \max(a,b,c)$, no primary vat can be drained to $N$, so $T_{\min}(N) = N$. Since $N$ ranges up to $1001$:

- If $\max(a,b,c) < 1001$: the Auditor picks $N = 1001$, giving $T_{\min}(1001) = 1001$.
- To avoid this, the Manager **must** set $\max(a,b,c) = 1001$, which forces $a+b+c=1001$ with one vat equal to $1001$ and the other two equal to $0$. WLOG: $(a,b,c) = (0, 0, 1001)$.

**Evaluating the forced distribution.** With $(0, 0, 1001)$, for every integer $N \in \{1, \dots, 1001\}$:
$$T_{\min}(N) = \min(N,\; 1001 - N).$$
This is maximized at $N = 500$ (giving $\min(500, 501) = 500$) and $N = 501$ (giving $\min(501, 500) = 500$). Thus:
$$\max_{N} T_{\min}(N) = 500.$$

**Lower bound (Auditor always gets $\ge 500$).** For any distribution $(a,b,c)$:
- If $\max(a,b,c) < 1001$: $T_{\min}(1001) = 1001 \ge 500$. ✓
- If $\max(a,b,c) = 1001$: then $(a,b,c) = (0,0,1001)$ (up to permutation), and $T_{\min}(500) = \min(500, 501) = 500$. ✓

**Upper bound (Manager can hold the Auditor to $\le 500$).** The Manager chooses $(0, 0, 1001)$. Then $T_{\min}(N) = \min(N, 1001-N) \le 500$ for all $N$, so $\max_N T_{\min}(N) = 500$. ✓

**Conclusion.** The lower and upper bounds match at $500$. The maximum number of liters the Auditor can be guaranteed, regardless of the Manager's distribution, is:

$$\boxed{500}$$

### PROOF COMPLETE
DEVIN_CLI_EXITED code=0
