No answer leak detected. The problem statement is clean.

## Proof

**Answer: Yes.** We exhibit $S = A_6$ (the alternating group on 6 letters) and $p = 3$.

### Step 1: $A_6$ is nonabelian finite simple and perfect

$A_n$ is simple for all $n \geq 5$, so $A_6$ is a nonabelian finite simple group. Being nonabelian and simple, $A_6$ is **perfect**: its commutator subgroup is a nontrivial normal subgroup, hence equals $A_6$. Thus $H_1(A_6, \mathbb{Z}) = A_6^{\mathrm{ab}} = 0$.

### Step 2: The coefficient action is trivial

The action of $A_6$ on $\mathbb{Z}/3\mathbb{Z}$ is a homomorphism $A_6 \to \mathrm{Aut}(\mathbb{Z}/3\mathbb{Z}) \cong \mathbb{Z}/2\mathbb{Z}$. Since $A_6$ is perfect, every homomorphism to an abelian group is trivial. So the action is trivial, and we may apply the Universal Coefficient Theorem with trivial coefficients.

### Step 3: Universal Coefficient Theorem

For trivial coefficients, the UCT gives a short exact sequence:
$$0 \to \mathrm{Ext}^1_{\mathbb{Z}}(H_1(A_6),\, \mathbb{Z}/3\mathbb{Z}) \to H^2(A_6,\, \mathbb{Z}/3\mathbb{Z}) \to \mathrm{Hom}(H_2(A_6),\, \mathbb{Z}/3\mathbb{Z}) \to 0.$$

Since $H_1(A_6) = 0$, the $\mathrm{Ext}$ term vanishes, yielding an isomorphism:
$$H^2(A_6,\, \mathbb{Z}/3\mathbb{Z}) \cong \mathrm{Hom}(H_2(A_6),\, \mathbb{Z}/3\mathbb{Z}).$$

### Step 4: The Schur multiplier of $A_6$

$H_2(A_6, \mathbb{Z})$ is the **Schur multiplier** $M(A_6)$. This is a classical computation (Schur):

$$M(A_6) \cong \mathbb{Z}/6\mathbb{Z}.$$

One way to see this: $A_6 \cong \mathrm{PSL}(2, 9)$. The Schur multiplier of $\mathrm{PSL}(2, q)$ for odd $q$ is $\mathbb{Z}/2\mathbb{Z}$ in general, but $q = 9$ is the exceptional case where the multiplier is $\mathbb{Z}/6\mathbb{Z}$. Concretely, $A_6$ admits both a double cover $2 \cdot A_6$ and a triple cover $3 \cdot A_6$, and these combine to give the full Schur cover $6 \cdot A_6$, confirming $|M(A_6)| = 6$.

### Step 5: Conclusion

Since $M(A_6) \cong \mathbb{Z}/6\mathbb{Z}$:
$$H^2(A_6,\, \mathbb{Z}/3\mathbb{Z}) \cong \mathrm{Hom}(\mathbb{Z}/6\mathbb{Z},\, \mathbb{Z}/3\mathbb{Z}) \cong \mathbb{Z}/3\mathbb{Z} \neq 0.$$

Therefore, taking $S = A_6$ and $p = 3$ (an odd prime), we have a nonabelian finite simple group $S$ with $H^2(S, \mathbb{Z}/p\mathbb{Z})$ non-trivial.

**Remark.** Many other examples exist: the Schur multipliers of various groups of Lie type (e.g., $\mathrm{PSL}(3,4)$ with $M \cong \mathbb{Z}/3 \times \mathbb{Z}/3 \times \mathbb{Z}/4$, or various unitary and symplectic groups) also contain odd-primary parts. The example $A_6$ with $p = 3$ is the simplest.

### PROOF COMPLETE
DEVIN_CLI_EXITED code=0
