# Solution

## Setup

The triangular plot has vertices **A**, **C**, **F**, where:
- **A, C** lie on the Main Road (with **B** between them),
- **F** = intersection of North Boundary (line **AD**) and East Boundary (line **CE**),
- **G** on segment **AF**, **H** on segment **CF**, **D** beyond **F** on line **AF**, **E** beyond **F** on line **CF**.

Since area ratios are affine-invariant, I place **A** = (0,0), **C** = (1,0), **F** = (0,1), so area(△ACF) = 1/2 in these units. Let the true area of △ACF be **T = S + 32** (since the three interior regions sum to S + 20 + 12).

## Parameterization

Define parameters: **B** = (t, 0), **G** = (0, u), **H** = (1−v, v), **D** = (0, d), **E** = (1−e, e), with 0 < t,u,v < 1 and d,e > 1.

Set **α = S/(S+32)**, **β = 20/(S+32)**, **γ = 12/(S+32)**, so α + β + γ = 1.

**Area conditions (interior):**
- △ABG = T·tu = S ⟹ tu = α
- △BCH = T·(1−t)v = 20 ⟹ (1−t)v = β
- Quad GBHF = T·γ = 12 ✓ (automatic)

**Area conditions (exterior):**
- △EFG = T·(e−1)(1−u) = S ⟹ (e−1)(1−u) = α
- △DHF = T·(d−1)(1−v) = S ⟹ (d−1)(1−v) = α

## Collinearity → Key Relations

**B, G, E collinear:** Substituting e = 1 + α/(1−u) into the collinearity determinant yields:

$$u = \frac{1+\alpha}{2}, \qquad t = \frac{2\alpha}{1+\alpha}$$

(Check: tu = (2α/(1+α))·((1+α)/2) = α ✓)

**B, H, D collinear:** From (1−t)v = β with t = 2α/(1+α):

$$v = \frac{\beta(1+\alpha)}{1-\alpha}, \qquad w := 1-v = \frac{\gamma - \alpha\beta}{1-\alpha}$$

Substituting d = 1 + α/(1−v) into the collinearity determinant gives the quadratic:

$$(1-\alpha)\,w^2 + \alpha(1+\alpha)\,w - 2\alpha^2 = 0$$

## Solving the Polynomial

Substituting w = (γ − αβ)/(1−α) with α = S/D, β = 20/D, γ = 12/D, D = S+32, and clearing denominators (multiply by D⁴/16):

$$4(48-S)^2 + S(S+16)(48-S) - 4S^2(S+32) = 0$$

Expanding:

$$9216 + 384S - 92S^2 - 5S^3 = 0$$

$$\boxed{5S^3 + 92S^2 - 384S - 9216 = 0}$$

Testing **S = 48/5 = 9.6**:

- 5(9.6)³ = 5 × 884.736 = 4423.68
- 92(9.6)² = 92 × 92.16 = 8478.72
- 384(9.6) = 3686.4
- Sum: 4423.68 + 8478.72 − 3686.4 − 9216 = 12902.4 − 12902.4 = **0** ✓

## Verification (S = 48/5)

With D = 208/5: α = 3/13, β = 25/52, γ = 15/52 (sum = 1 ✓)

| Quantity | Value | Check |
|----------|-------|-------|
| u | 8/13 | (1+α)/2 ✓ |
| t | 3/8 | 2α/(1+α) ✓ |
| tu | 3/13 = α | ✓ |
| v | 10/13 | β(1+α)/(1−α) ✓ |
| (1−t)v | (5/8)(10/13) = 25/52 = β | ✓ |
| e | 8/5 | (e−1)(1−u) = (3/5)(5/13) = 3/13 = α ✓ |
| d | 2 | (d−1)(1−v) = (1)(3/13) = 3/13 = α ✓ |

**Collinearity B,G,E:** Direction ratios BG : BE = 13/5 in both components ✓
**Collinearity B,H,D:** Direction ratios BH : BD = 5/13 in both components ✓

All conditions satisfied.

## Answer

$$S = \frac{48}{5} = 9.6$$

$$\lfloor 10^1 \times 9.6 \rfloor = \lfloor 96 \rfloor = \boxed{96}$$

### PROOF COMPLETE
DEVIN_CLI_EXITED code=0
