Looking at this problem, I need to determine which $k \in \{1, 2, \ldots, 100\}$ are "special" for $a = 2024$, meaning there exist infinitely many $n$ with $n \mid (a+k)^n - a^n$.

**Answer Leak Check:** The problem contains no leaked solutions or answer hints. Proceeding.

---

## Proof

Let $a = 2024$ and $b = a + k$. We analyze when $n \mid b^n - a^n$ for infinitely many $n$.

### Part 1: Every $k \geq 2$ is special

Every $k \geq 2$ has at least one prime factor $p$. We show $n = p^j$ works for all $j \geq 1$, giving infinitely many $n$.

**Case A: $p$ odd, $p \mid k$, $p \nmid a$.** Then $p \nmid b$ (since $b \equiv a \pmod{p}$). By the Lifting the Exponent Lemma (LTE) for odd $p$: $v_p(b^{p^j} - a^{p^j}) = v_p(b-a) + v_p(p^j) = v_p(k) + j \geq 1 + j > j$. So $p^j \mid b^{p^j} - a^{p^j}$. ✓

**Case B: $p$ odd, $p \mid k$, $p \mid a$ (so $p \mid b$).** Let $\alpha = v_p(a) \geq 1$, $\gamma = v_p(b) \geq 1$.

- If $\alpha \neq \gamma$: the term with smaller valuation dominates, giving $v_p(b^{p^j} - a^{p^j}) = \min(\alpha, \gamma) \cdot p^j \geq p^j \geq j$. ✓
- If $\alpha = \gamma$: write $a = p^\alpha a'$, $b = p^\alpha b'$ with $p \nmid a'b'$. Then $v_p(b^{p^j} - a^{p^j}) = \alpha p^j + v_p(b'^{p^j} - a'^{p^j})$. Since $b' - a' = k/p^\alpha$ and $v_p(k) \geq \alpha$ (forced when $\alpha = \gamma$), we have $p \mid b' - a'$, so by LTE: $v_p(b'^{p^j} - a'^{p^j}) = v_p(b'-a') + j \geq 0 + j$. Total $\geq \alpha p^j + j \geq j$. (If $v_p(k) = \alpha$ exactly and $p \nmid b'-a'$, then $v_p(b'^{p^j}-a'^{p^j})=0$, but total $= \alpha p^j \geq p^j \geq j$.) ✓

**Case C: $p = 2$, $2 \mid k$, $2 \mid a = 2024$.** Here $v_2(a) = 3$. Both $a, b$ are even.

- If $v_2(k) \neq 3$: then $v_2(a) \neq v_2(b)$, so $v_2(b^{2^j} - a^{2^j}) = \min(v_2(a), v_2(b)) \cdot 2^j \geq 2^j \geq j$. ✓
- If $v_2(k) = 3$: then $v_2(b) = v_2(2024+k) \geq 4 > 3 = v_2(a)$, so $v_2(b^{2^j}-a^{2^j}) = 3 \cdot 2^j \geq j$. ✓
- If $v_2(k) > 3$: then $v_2(b) = 3 = v_2(a)$. Write $a = 8 \cdot 253$, $b = 8 \cdot b'$ with $a', b'$ odd. By LTE for $p=2$ (both odd, $2 \mid b'-a'$): $v_2(b'^{2^j}-a'^{2^j}) = v_2(b'-a') + v_2(b'+a') + j - 1$. Total $= 3 \cdot 2^j + v_2(b'-a') + v_2(b'+a') + j - 1 \geq 3 \cdot 2^j + 1 + 1 + j - 1 \geq j$. ✓

In all cases, $p^j \mid b^{p^j} - a^{p^j}$ for every $j \geq 1$, yielding infinitely many valid $n$. **So every $k \in \{2, 3, \ldots, 100\}$ is special.**

### Part 2: $k = 1$ is NOT special

We show that $n \mid (a+1)^n - a^n = 2025^n - 2024^n$ has **no** solution $n > 1$.

**Step 1: Any prime factor shared with $a(a+1)$ blocks divisibility.**

Let $p$ be prime with $p \mid n$ and $p \mid a(a+1)$.

- If $p \mid a$: $(a+1)^n - a^n \equiv 1 - 0 = 1 \pmod{p}$, so $p \nmid (a+1)^n - a^n$.
- If $p \mid (a+1)$: $(a+1)^n - a^n \equiv 0 - (-1)^n \pmod{p}$, which is $\pm 1 \pmod{p}$, so $p \nmid (a+1)^n - a^n$.

So any working $n > 1$ must satisfy $\gcd(n, a(a+1)) = 1$.

**Step 2: No $n > 1$ with $\gcd(n, a(a+1)) = 1$ works.**

Suppose $n > 1$, $\gcd(n, a(a+1)) = 1$, and $n \mid (a+1)^n - a^n$. Since $\gcd(a, n) = 1$, set $r \equiv (a+1) \cdot a^{-1} \pmod{n}$. The condition becomes $r^n \equiv 1 \pmod{n}$, i.e., $\operatorname{ord}_n(r) \mid n$.

Let $p$ be the **smallest prime factor** of $n$. Then $\operatorname{ord}_p(r \bmod p) \mid \operatorname{ord}_n(r) \mid n$.

- Since $\operatorname{ord}_p(r \bmod p) \mid p - 1$, every prime factor of $\operatorname{ord}_p(r \bmod p)$ is at most $p - 1 < p$.
- Since $\operatorname{ord}_p(r \bmod p) \mid n$, every prime factor of $\operatorname{ord}_p(r \bmod p)$ is a prime factor of $n$, hence $\geq p$ (as $p$ is the smallest).

These two facts force $\operatorname{ord}_p(r \bmod p) = 1$, meaning $r \equiv 1 \pmod{p}$, i.e., $(a+1) \equiv a \pmod{p}$, i.e., $p \mid 1$. **Contradiction.**

(Note: $r \not\equiv 1 \pmod{p}$ because $r = 1 + a^{-1} \pmod{p}$ and $a^{-1} \not\equiv 0 \pmod{p}$.)

Therefore, no $n > 1$ satisfies $n \mid 2025^n - 2024^n$. Only $n = 1$ works trivially, which is finite. So $k = 1 \notin S(2024)$.

### Conclusion

$$S(2024) \cap \{1, 2, \ldots, 100\} = \{2, 3, 4, \ldots, 100\}$$

$$\sum_{k=2}^{100} k = \frac{100 \cdot 101}{2} - 1 = 5050 - 1 = \boxed{5049}$$

### PROOF COMPLETE
DEVIN_CLI_EXITED code=0
