## 解答

**该命题为真。**

设 Itô 过程 $X(t)$ 满足
$$dX(t) = \mu(t)\,dt + \sigma(t)\,dW(t),$$
并设 $p(t)$ 为关于 $t$ 的确定性 $C^1$ 函数（非随机）。

**目标：** 验证
$$d\bigl(X(t)\,p(t)\bigr) = p(t)\,dX(t) + X(t)\,p'(t)\,dt.$$

---

### 证明（通过 Itô 公式）

定义 $f(x,t) = x\,p(t)$。该函数在 $x$ 和 $t$ 中都是 $C^2$ 的。其偏导数为：

$$\frac{\partial f}{\partial x} = p(t), \qquad \frac{\partial^2 f}{\partial x^2} = 0, \qquad \frac{\partial f}{\partial t} = x\,p'(t).$$

将 Itô 公式应用于 $f(X(t),t)$：

$$df = \frac{\partial f}{\partial x}\,dX + \frac{1}{2}\frac{\partial^2 f}{\partial x^2}\,(dX)^2 + \frac{\partial f}{\partial t}\,dt.$$

关键点在于 $\frac{\partial^2 f}{\partial x^2} = 0$，因为 $f$ 关于 $x$ 是**线性**的。因此，Itô 修正项（即包含 $(dX)^2 = \sigma^2\,dt$ 的项）**恒等于零**。我们得到：

$$d\bigl(X(t)\,p(t)\bigr) = p(t)\,dX(t) + X(t)\,p'(t)\,dt. \qquad \blacksquare$$

---

### 另一种证明（通过 Itô 积分分部积分法）

Itô 过程的乘积法则为：

$$d(X\,p) = X\,dp + p\,dX + d\langle X, p\rangle,$$

其中 $\langle X, p\rangle$ 表示二次协变。由于 $p(t)$ 是确定性的 $C^1$ 函数，它是一个**有限变差过程**：$dp = p'(t)\,dt$，且 $p$ 的变差在任意有限区间上都是有界的。对于任何半鞅 $X$ 和有限变差过程 $p$，其二次协变满足

$$\langle X, p\rangle = 0.$$

（直观理解：有限变差路径与连续半鞅的协变消失，因为变差是可加的，而非二次的。）因此：

$$d\bigl(X(t)\,p(t)\bigr) = X(t)\,p'(t)\,dt + p(t)\,dX(t) + 0,$$

这与普通链式法则/乘积法则完全一致。$\blacksquare$

---

### 为什么这是合理的

Itô 修正项（即“额外”的 $\tfrac{1}{2}\sigma^2 f''\,dt$ 项）只有在变换 $f$ 是 $X$ 的**非线性**函数时才会出现，此时 $f'' \neq 0$。当 $p(t)$ 仅是 $t$ 的确定性函数时，乘积 $X(t)\,p(t)$ 是 $X$ 的**线性**变换，因此 $f''=0$，Itô 修正项消失，普通微积分中的乘积法则依然有效。

该命题为**真**。

### PROOF COMPLETE
DEVIN_CLI_EXITED code=0
