Looking at this problem, I need to determine for which $n$ there exists a continuous map $\omega: \mathbb{R}^n \times \mathbb{R}^n \to \mathbb{R}^n$ with a two-sided identity $e \neq 0$ and no zero divisors.

**Answer check:** The problem text contains no leaked answers or solution sketches. Proceeding to solve.

---

## Proof

**Claim:** Such a map $\omega$ exists if and only if $n \in \{1, 2, 4, 8\}$.

### Sufficiency: $n \in \{1, 2, 4, 8\}$

The four normed division algebras provide examples:

| $n$ | Algebra | Multiplication | Identity | No zero divisors |
|-----|---------|---------------|----------|-------------------|
| 1 | $\mathbb{R}$ | $xy$ | $1$ | $\mathbb{R}$ is a field |
| 2 | $\mathbb{C}$ | $xy$ | $1$ | $\mathbb{C}$ is a field |
| 4 | $\mathbb{H}$ | $xy$ | $1$ | $\mathbb{H}$ is a division ring |
| 8 | $\mathbb{O}$ | $xy$ | $1$ | $N(xy)=N(x)N(y)$ and $N(x)=0 \Leftrightarrow x=0$ |

In each case, multiplication is bilinear (hence continuous), $e = 1 \neq 0$ is a two-sided identity, and $xy = 0 \Rightarrow x = 0$ or $y = 0$. For octonions, the norm multiplicativity $N(xy) = N(x)N(y)$ (which holds due to alternativity) gives the no-zero-divisor property even without associativity.

### Necessity: $n \notin \{1,2,4,8\}$ is impossible

**Step 1: Construct an $H$-space structure on $S^{n-1}$.**

Since $\omega$ has no zero divisors, $\omega(x,y) \neq 0$ whenever $x \neq 0$ and $y \neq 0$. Define:
$$\phi: S^{n-1} \times S^{n-1} \to S^{n-1}, \qquad \phi(x,y) = \frac{\omega(x,y)}{\|\omega(x,y)\|}.$$
This is well-defined and continuous.

Let $u = e/\|e\| \in S^{n-1}$. We show $\phi(\cdot, u)$ is homotopic to the identity.

Define $F: S^{n-1} \times [0,1] \to \mathbb{R}^n \setminus \{0\}$ by:
$$F(x, t) = \omega\!\left(x,\; (1-t)\frac{e}{\|e\|} + t\,e\right).$$

We must verify $F(x,t) \neq 0$ for all $(x,t)$. Since $x \in S^{n-1}$ (so $x \neq 0$), the no-zero-divisor property requires only that the second argument be nonzero. Now:
$$(1-t)\frac{e}{\|e\|} + t\,e = e\!\left(\frac{1-t}{\|e\|} + t\right).$$
Since $e \neq 0$ and $\frac{1-t}{\|e\|} + t > 0$ for all $t \in [0,1]$ (both terms are non-negative and at least one is strictly positive), the second argument is always nonzero. Hence $F(x,t) \neq 0$.

Normalizing gives a homotopy $\widetilde{F}: S^{n-1} \times [0,1] \to S^{n-1}$ with:
- $\widetilde{F}(x, 0) = \phi(x, u)$,
- $\widetilde{F}(x, 1) = \phi(x, e) = \omega(x,e)/\|\omega(x,e)\| = x/\|x\| = x$ (using the right identity property).

So $\phi(\cdot, u) \simeq \mathrm{id}_{S^{n-1}}$. By the symmetric argument (using the left identity), $\phi(u, \cdot) \simeq \mathrm{id}_{S^{n-1}}$.

Thus $(S^{n-1}, \phi, u)$ is an **$H$-space**.

**Step 2: Apply the Hopf construction.**

Given an $H$-space structure $\phi: S^{n-1} \times S^{n-1} \to S^{n-1}$ with homotopy unit, the **Hopf construction** produces a map:
$$H: S^{n-1} * S^{n-1} \to \Sigma S^{n-1},$$
where $*$ denotes the join and $\Sigma$ the suspension. Using $S^{n-1} * S^{n-1} \cong S^{2n-1}$ and $\Sigma S^{n-1} \cong S^n$, we obtain:
$$H: S^{2n-1} \to S^n.$$

**Step 3: Compute the Hopf invariant.**

The Hopf invariant of $H$ is determined by the cup product structure in the mapping cone $C_H$. Let $\alpha \in H^n(C_H)$ and $\beta \in H^{2n}(C_H)$ be generators. The Hopf invariant $\nu$ satisfies $\alpha \smile \alpha = \nu \cdot \beta$.

The key computation: since $\phi$ has degree $+1$ in each variable (being homotopic to the identity in each variable), the induced map on cohomology sends the generator $\gamma \in H^{n-1}(S^{n-1})$ to:
$$\phi^*(\gamma) = \gamma \otimes 1 + 1 \otimes \gamma \in H^{n-1}(S^{n-1} \times S^{n-1}).$$

This translates (via the standard relationship between the Hopf construction and the multiplication map) to $\nu = 1$ in the mapping cone. This is the classical result: **the Hopf construction on an $H$-space yields Hopf invariant $1$.**

**Step 4: Apply Adams' Hopf Invariant One Theorem.**

**Adams' Theorem (1960):** A map $f: S^{2n-1} \to S^n$ with Hopf invariant $1$ exists if and only if $n \in \{1, 2, 4, 8\}$.

Since our $H$-space structure on $S^{n-1}$ produces such a map with Hopf invariant $1$, we must have $n \in \{1, 2, 4, 8\}$.

### Conclusion

The possible values of $n$ are exactly $\boxed{n \in \{1, 2, 4, 8\}}$.

- **Existence** for $n \in \{1,2,4,8\}$: normed division algebras $\mathbb{R}, \mathbb{C}, \mathbb{H}, \mathbb{O}$.
- **Non-existence** for all other $n$: the $H$-space structure on $S^{n-1}$ forces a Hopf-invariant-one map $S^{2n-1} \to S^n$, which Adams' theorem permits only for $n \in \{1,2,4,8\}$.

### PROOF COMPLETE
DEVIN_CLI_EXITED code=0
