## Answer Leak Self-Check

I reviewed the problem text. It contains only the problem statement — no leaked solutions, proof sketches, formalization notes, or embedded answers. Proceeding to solve.

---

## Proof

Let $T$ be a compact self-adjoint operator on a Hilbert space $\mathcal{H}$. We construct the decomposition $T = T_+ + T_-$ with $T_+ \geq 0$, $T_- \leq 0$, and $T_+ T_- = 0$ using the **spectral theorem for compact self-adjoint operators** (a Hilbert-space result, not a $C^*$-algebra result).

### Step 1. Spectral theorem for compact self-adjoint operators

Since $T$ is compact and self-adjoint, the spectral theorem provides:

- A finite or countable orthonormal system $\{e_n\}_{n} \subset \mathcal{H}$ of eigenvectors of $T$,
- Corresponding **real** nonzero eigenvalues $\{\lambda_n\}_{n}$, with $\lambda_n \to 0$ when the system is infinite,

such that every $x \in \mathcal{H}$ admits the expansion

$$
x = \sum_{n} \langle x, e_n\rangle\, e_n \;+\; P_{\ker T} x,
$$

where $P_{\ker T}$ is the orthogonal projection onto $\ker T$, and

$$
Tx = \sum_{n} \lambda_n \langle x, e_n\rangle\, e_n .
$$

The convergence is in the norm topology, and the partial sums are finite-rank operators converging to $T$ in operator norm (this is precisely the compactness).

### Step 2. Partition the spectrum by sign

Split the index set into

$$
I_+ = \{n : \lambda_n > 0\}, \qquad I_- = \{n : \lambda_n < 0\}.
$$

(There is no $n$ with $\lambda_n = 0$ since only nonzero eigenvalues appear in the list above; the zero-eigenvalue part is exactly $\ker T$.)

### Step 3. Define $T_+$ and $T_-$

For $x \in \mathcal{H}$, set

$$
T_+ x \;=\; \sum_{n \in I_+} \lambda_n \langle x, e_n\rangle\, e_n,
\qquad
T_- x \;=\; \sum_{n \in I_-} \lambda_n \langle x, e_n\rangle\, e_n .
$$

Both series converge in norm (they are subseries of the convergent spectral expansion, and the partial sums are dominated by the full partial sums). Each partial sum is finite-rank, so $T_+$ and $T_-$ are limits of finite-rank operators in operator norm; hence **$T_+$ and $T_-$ are compact**. They are clearly self-adjoint (real eigenvalues, orthonormal eigenvectors).

### Step 4. Verify $T = T_+ + T_-$

For every $x$,

$$
T_+ x + T_- x = \sum_{n \in I_+} \lambda_n \langle x,e_n\rangle e_n + \sum_{n \in I_-} \lambda_n \langle x,e_n\rangle e_n = \sum_{n} \lambda_n \langle x, e_n\rangle e_n = Tx.
$$

Hence $T = T_+ + T_-$.

### Step 5. Verify $T_+ \geq 0$ and $T_- \leq 0$

For any $x \in \mathcal{H}$,

$$
\langle T_+ x, x\rangle = \sum_{n \in I_+} \lambda_n\, |\langle x, e_n\rangle|^2 \;\geq\; 0,
$$

since every $\lambda_n$ in $I_+$ is strictly positive. Thus $T_+$ is a **positive** operator.

Similarly,

$$
\langle T_- x, x\rangle = \sum_{n \in I_-} \lambda_n\, |\langle x, e_n\rangle|^2 \;\leq\; 0,
$$

since every $\lambda_n$ in $I_-$ is strictly negative. Thus $T_-$ is a **negative** operator.

### Step 6. Verify $T_+ T_- = 0$

The key observation is that eigenvectors of a self-adjoint operator corresponding to **distinct** eigenvalues are orthogonal. Indeed, if $Te_n = \lambda_n e_n$ and $Te_m = \lambda_m e_m$ with $\lambda_n \neq \lambda_m$, then

$$
\lambda_n \langle e_n, e_m\rangle = \langle Te_n, e_m\rangle = \langle e_n, Te_m\rangle = \lambda_m \langle e_n, e_m\rangle,
$$

so $(\lambda_n - \lambda_m)\langle e_n, e_m\rangle = 0$, giving $\langle e_n, e_m\rangle = 0$.

In particular, every $e_n$ with $n \in I_+$ is orthogonal to every $e_m$ with $m \in I_-$. Therefore:

- $T_-$ maps into $\overline{\operatorname{span}}\{e_m : m \in I_-\}$, and
- $T_+$ annihilates this subspace (since $T_+ e_m = 0$ for $m \in I_-$, as $e_m$ has no component along any $e_n$ with $n \in I_+$).

Concretely, for any $x$,

$$
T_+ (T_- x) = T_+\!\left(\sum_{m \in I_-} \lambda_m \langle x, e_m\rangle e_m\right) = \sum_{m \in I_-} \lambda_m \langle x, e_m\rangle\, \underbrace{T_+ e_m}_{=0} = 0.
$$

Hence $T_+ T_- = 0$. By the same reasoning (or by taking adjoints, since both are self-adjoint), $T_- T_+ = 0$ as well.

### Summary of the method

1. Apply the spectral theorem for compact self-adjoint operators to obtain the eigen-expansion $Tx = \sum_n \lambda_n \langle x, e_n\rangle e_n$ with real $\lambda_n \to 0$.
2. Partition the eigenvalues by sign: $I_+ = \{\lambda_n > 0\}$, $I_- = \{\lambda_n < 0\}$.
3. Define $T_+ x = \sum_{n \in I_+} \lambda_n \langle x, e_n\rangle e_n$ and $T_- x = \sum_{n \in I_-} \lambda_n \langle x, e_n\rangle e_n$.
4. Then $T = T_+ + T_-$, with $T_+ \geq 0$, $T_- \leq 0$, and $T_+ T_- = 0$ (the last because eigenvectors for distinct eigenvalues of a self-adjoint operator are orthogonal, so the positive and negative spectral subspaces are mutually orthogonal).

This uses only the spectral theorem for compact self-adjoint operators on Hilbert space and the orthogonality of eigenvectors for distinct eigenvalues — no $C^*$-algebra machinery (continuous functional calculus, Gelfand–Naimark, etc.) is invoked.

### PROOF COMPLETE
DEVIN_CLI_EXITED code=0
