```xml
<audit>
  <analysis_result_key>2272968</analysis_result_key>
  <problem_id>polymath_00840</problem_id>
  <audit_status>PASS_NOT_SELECTABLE</audit_status>
  <check_results>
    <A1>PASS: dimension1_verdict is "PARTIAL_PROGRESS", a valid value from the allowed set.</A1>
    <A2>PASS: dimension1_explanation is non-empty and well over 50 characters (substantial paragraph).</A2>
    <A3>PASS: dimension2_turning_point_type is "p_adic_valuation", a valid value from the allowed set.</A3>
    <A4>PASS: dimension2_explanation is non-empty and well over 50 characters (detailed paragraph).</A4>
    <A5>PASS: ai_direction_summary is non-empty and describes the AI's actual direction.</A5>
    <A6>PASS: standard_solution_key_technique is non-empty and describes the specific technique.</A6>
    <B1>PASS: Neither explanation contains XML tag leaks like `</dimension` or `<dimension`.</B1>
    <B2>PASS: Neither explanation contains template placeholder leaks like "1-3 sentences" or "ONE_OF:".</B2>
    <B3>PASS: Both explanations are well over 50 characters in length.</B3>
    <C1>PASS: d1=PARTIAL_PROGRESS and d2 has a value (p_adic_valuation), consistent with the rule.</C1>
    <C2>PASS: d1_exp describes partial progress (found correct solution early, ran out of tokens on enumeration), matching the PARTIAL_PROGRESS label.</C2>
    <C3>PASS: d2_exp describes 2-adic valuation forcing b=1, semantically matching the p_adic_valuation label.</C3>
    <D1>PASS: d1_exp exceeds 100 characters and contains action verbs "found", "missed", "relying".</D1>
    <D2>PASS: d2_exp exceeds 100 characters and contains mathematical terms (2-adic valuation, divisibility, Fermat's Little Theorem).</D2>
    <D3>PASS: ai_direction_summary describes the actual direction (exhaustive enumeration + asymptotic recurrence analysis), not just "the AI failed".</D3>
    <D4>PASS: standard_solution_key_technique describes the specific technique (2-adic v_2 analysis + FLT with large primes), not a generic statement.</D4>
    <E1>UNKNOWN — check via script</E1>
  </check_results>
  <issues_found>none</issues_found>
</audit>
```

### AUDIT COMPLETE
DEVIN_CLI_EXITED code=0
