**Problem.** Find all positive integers $n$ such that $\dfrac{2^n+1}{n^2}$ is an integer. (31st IMO)

**Answer leak check:** The problem statement contains no solutions, answer values, or proof sketches. Proceeding.

---

**Solution.** We claim the only solutions are $n = 1$ and $n = 3$.

**Step 1: $n$ is odd.** Since $2^n$ is even, $2^n + 1$ is odd. If $n^2 \mid 2^n + 1$ then $n^2$ is odd, hence $n$ is odd.

**Step 2: The smallest prime factor of $n$ is $3$.** If $n > 1$, let $p$ be the smallest prime divisor of $n$. From $p \mid n^2 \mid 2^n + 1$ we get $2^n \equiv -1 \pmod{p}$, so $\operatorname{ord}_p(2) \mid 2n$ but $\operatorname{ord}_p(2) \nmid n$. Write $\operatorname{ord}_p(2) = 2s$ where $s \mid n$. By Fermat, $\operatorname{ord}_p(2) \mid p - 1$, so $2s \mid p - 1$, giving $s \le (p-1)/2 < p$.

Now $s \mid n$, so every prime factor of $s$ is a prime factor of $n$, hence $\ge p$. But $s < p$ forces $s$ to have no prime factor $\ge p$, so $s = 1$. Thus $\operatorname{ord}_p(2) = 2$, meaning $p \mid 2^2 - 1 = 3$, so $p = 3$.

**Step 3: $v_3(n) = 1$.** Write $n = 3^a \cdot m$ with $\gcd(m, 3) = 1$ and $m$ odd. Since $3 \mid n$, we have $a \ge 1$. By the Lifting-the-Exponent lemma (with $x = 2$, $y = 1$, $p = 3$, $n$ odd, $3 \mid 2 + 1$):
$$v_3(2^n + 1) = v_3(2 + 1) + v_3(n) = 1 + a.$$
The condition $n^2 \mid 2^n + 1$ requires $3^{2a} \mid 2^n + 1$, i.e. $2a \le 1 + a$, so $a \le 1$. Combined with $a \ge 1$, we get $a = 1$. Hence $n = 3m$ with $\gcd(m, 6) = 1$.

**Step 4: $m = 1$.** Suppose for contradiction $m > 1$, and let $q$ be the smallest prime factor of $m$, so $q \ge 5$. From $q \mid 2^n + 1$ we get $\operatorname{ord}_q(2) = 2t$ where $t \mid n = 3m$ and $2t \mid q - 1$, so $t \le (q-1)/2 < q$.

Since $t \mid 3m$, the prime factors of $t$ lie in $\{3\} \cup \{\text{primes of } m\}$. Every prime of $m$ is $\ge q > t$, so $t$ cannot be divisible by any prime of $m$. Therefore $t \mid 3$, giving $t \in \{1, 3\}$.

- If $t = 1$: $\operatorname{ord}_q(2) = 2$, so $q \mid 2^2 - 1 = 3$, contradicting $q \ge 5$.
- If $t = 3$: $\operatorname{ord}_q(2) = 6$, so $2^3$ has order $2$, meaning $2^3 \equiv -1 \pmod{q}$, i.e. $q \mid 9$, again $q = 3$, contradicting $q \ge 5$.

Both cases are impossible, so $m = 1$ and $n = 3$.

**Step 5: Verification.**
- $n = 1$: $\dfrac{2^1 + 1}{1^2} = 3 \in \mathbb{Z}$. ✓
- $n = 3$: $\dfrac{2^3 + 1}{3^2} = \dfrac{9}{9} = 1 \in \mathbb{Z}$. ✓

**Conclusion.** The positive integers $n$ for which $\dfrac{2^n + 1}{n^2}$ is an integer are exactly $\boxed{n = 1 \text{ and } n = 3}$.

### PROOF COMPLETE
DEVIN_CLI_EXITED code=0
