## Solution

**Answer leak check:** The problem statement contains only the problem, no solution or hints. Proceeding.

---

**Conformal setup.** The right half-plane $H = \{z : \operatorname{Re}(z) > 0\}$ is conformally equivalent to the unit disk $\mathbb{D}$. The Möbius transformation
$$\phi(z) = \frac{z-1}{z+1}$$
maps $H$ biholomorphically onto $\mathbb{D}$, with $\phi(1) = 0$.

*Verification:* For $z = x+iy$ with $x > 0$,
$$|z-1|^2 = (x-1)^2 + y^2, \qquad |z+1|^2 = (x+1)^2 + y^2,$$
and since $x > 0$, we have $(x-1)^2 < (x+1)^2$, hence $|\phi(z)| < 1$. Also $\phi(1) = 0$. ✓

**Reduction to Schwarz's lemma.** Define $g = f \circ \phi^{-1} : \mathbb{D} \to \mathbb{D}$. Then $g$ is holomorphic, $|g(w)| < 1$ for all $w \in \mathbb{D}$, and
$$g(0) = f(\phi^{-1}(0)) = f(1) = 0.$$
By the **Schwarz lemma**, $|g(w)| \leq |w|$ for all $w \in \mathbb{D}$.

**Applying the bound.** We have $z = 2 \in H$, and
$$\phi(2) = \frac{2-1}{2+1} = \frac{1}{3}.$$
Therefore
$$|f(2)| = |g(\phi(2))| = |g(1/3)| \leq |1/3| = \frac{1}{3}.$$

**Sharpness.** The equality case of Schwarz's lemma is $g(w) = e^{i\theta} w$ for some real $\theta$. This corresponds to
$$f(z) = e^{i\theta}\,\phi(z) = e^{i\theta}\,\frac{z-1}{z+1}.$$
This $f$ is holomorphic on $H$, satisfies $|f(z)| = |\phi(z)| < 1$ on $H$, and $f(1) = 0$. Moreover,
$$f(2) = e^{i\theta} \cdot \frac{1}{3}, \qquad |f(2)| = \frac{1}{3}.$$
Hence the upper bound $\frac{1}{3}$ is attained.

---

The largest possible value of $|f(2)|$ is $\boxed{\dfrac{1}{3}}$.

### PROOF COMPLETE
DEVIN_CLI_EXITED code=0
