Looking at this problem, I need to analyze the recurrence relation $a_k = \frac{a_{k-2}}{k(k-5)}$ and compare it with the standard recurrence that produces $J_{-5/2}(x)$.

## Proof

**Step 1: Derive the standard recurrence from Bessel's equation.**

Bessel's equation of order $\nu$ is:
$$x^2 y'' + xy' + (x^2 - \nu^2)y = 0$$

Applying the Frobenius method with $y = \sum_{k=0}^{\infty} a_k x^{k+c}$, substitution yields:
$$\bigl[(k+c)^2 - \nu^2\bigr] a_k + a_{k-2} = 0$$

The indicial equation ($k=0$) gives $c^2 = \nu^2$, so $c = \pm \nu$. Taking $c = \nu = -\tfrac{5}{2}$:

$$(k+c)^2 - \nu^2 = \left(k - \tfrac{5}{2}\right)^2 - \tfrac{25}{4} = k^2 - 5k = k(k-5)$$

The **standard recurrence** for $J_{-5/2}(x)$ is therefore:
$$\boxed{a_k = \frac{-a_{k-2}}{k(k-5)}}$$

Note the **minus sign** in the numerator — it comes from the $+a_{k-2}$ term in the equation (i.e., from the $+x^2 y$ part of Bessel's equation).

**Step 2: Identify what the modified recurrence corresponds to.**

The problem's recurrence removes the minus sign:
$$a_k = \frac{a_{k-2}}{k(k-5)} \quad \text{(modified)}$$

This is the recurrence one obtains from the **modified Bessel equation**:
$$x^2 y'' + xy' - (x^2 + \nu^2)y = 0$$

Repeating the Frobenius substitution: the $-x^2 y$ term contributes $-a_{k-2}$ (instead of $+a_{k-2}$), giving:
$$\bigl[(k+c)^2 - \nu^2\bigr] a_k - a_{k-2} = 0 \implies a_k = \frac{a_{k-2}}{(k+c)^2 - \nu^2} = \frac{a_{k-2}}{k(k-5)}$$

This is exactly the modified recurrence. The solution to the modified Bessel equation with $c = -5/2$ is the **modified Bessel function** $I_{-5/2}(x)$.

**Step 3: Show the coefficient difference explicitly.**

The odd coefficients vanish in both cases ($a_1 = 0$ forces all odd $a_k = 0$ up to the resonance at $k=5$). For the even coefficients:

| $k$ | Standard: $a_k = \frac{-a_{k-2}}{k(k-5)}$ | Modified: $a_k = \frac{a_{k-2}}{k(k-5)}$ |
|-----|-------------------------------------------|------------------------------------------|
| 0   | $a_0$                                     | $a_0$                                    |
| 2   | $\frac{a_0}{6}$                           | $\frac{-a_0}{6}$                         |
| 4   | $\frac{a_0}{24}$                          | $\frac{a_0}{24}$                         |
| 6   | $\frac{-a_0}{144}$                        | $\frac{a_0}{144}$                        |

The modified coefficients differ by a factor $(-1)^{k/2}$ from the standard ones. This removes the alternating $(-1)^k$ sign in the series:

$$J_{-5/2}(x) = \sum_{k=0}^{\infty} \frac{(-1)^k}{k!\,\Gamma(k-\tfrac{3}{2})}\left(\frac{x}{2}\right)^{2k-5/2}$$

$$I_{-5/2}(x) = \sum_{k=0}^{\infty} \frac{1}{k!\,\Gamma(k-\tfrac{3}{2})}\left(\frac{x}{2}\right)^{2k-5/2}$$

**Step 4: Confirm the functions are genuinely different via closed forms.**

Using the standard recurrence relations for Bessel functions:

$$J_{-5/2}(x) = \sqrt{\frac{2}{\pi x}}\left(\frac{3\cos x}{x^2} + \frac{3\sin x}{x} - \cos x\right)$$

Using $I_\nu(x) = i^{-\nu} J_\nu(ix)$ (or equivalently, replacing trigonometric functions with hyperbolic ones):

$$I_{-5/2}(x) = \sqrt{\frac{2}{\pi x}}\left(\frac{3\cosh x}{x^2} - \frac{3\sinh x}{x} + \cosh x\right)$$

These are manifestly different functions:
- $J_{-5/2}(x)$ is **oscillatory** (involves $\sin x$, $\cos x$) and bounded.
- $I_{-5/2}(x)$ is **exponentially growing** (involves $\sinh x$, $\cosh x$) and unbounded.

They satisfy **different ODEs**: $J_{-5/2}$ satisfies $x^2y''+xy'+(x^2-\tfrac{25}{4})y=0$, while $I_{-5/2}$ satisfies $x^2y''+xy'-(x^2+\tfrac{25}{4})y=0$.

**Conclusion.**

The modified recurrence $a_k = \frac{a_{k-2}}{k(k-5)}$ (without the minus sign) does **not** produce $J_{-5/2}(x)$. The removal of the minus sign changes the underlying differential equation from Bessel's equation to the **modified Bessel equation**, and the resulting solution is $I_{-5/2}(x)$, the modified Bessel function of the first kind of order $-5/2$. This is a fundamentally different function — oscillatory versus exponentially growing, satisfying different ODEs, and related by $I_{-5/2}(x) = i^{5/2} J_{-5/2}(ix)$ rather than being equal.

### PROOF COMPLETE
DEVIN_CLI_EXITED code=0
