Looking at this problem, I need to find the maximum $n$ such that there exist positive integers $x_1, \ldots, x_n$ with
$$\left(\prod_{i=1}^n x_i\right)\left(\sum_{i=1}^n x_i\right) = 100n.$$

**Answer leak check:** The problem statement contains no solutions, hints, or answer values. Proceeding.

---

## Proof

Let $P = \prod x_i$ and $S = \sum x_i$, so $PS = 100n$.

**Setup.** Suppose exactly $k$ of the $x_i$ exceed 1; call them $y_1, \ldots, y_k \geq 2$, and the remaining $n - k$ equal 1. Set $u_j = y_j - 1 \geq 1$. Then:
$$P = \prod_{j=1}^k (u_j + 1), \qquad S = (n-k) + \sum y_j = n - k + \sum(u_j+1) = n + \sum u_j.$$
Let $U = \sum u_j$. Then $S = n + U$ and $PS = 100n$ gives:
$$P(n + U) = 100n \implies n(P - 100) = -PU \implies n = \frac{PU}{100 - P}. \tag{$\star$}$$

**Case $P \geq 100$.** For $n > 0$ in ($\star$), we need $100 - P < 0$, i.e., $P > 100$ (since $P = 100$ gives $PU = 0$, impossible as $U \geq 1$). With $P > 100$, ($\star$) requires $U < 0$, contradiction. So **no solutions with $P \geq 100$**.

**Case $P < 100$.** Then $n = PU/(100 - P) > 0$.

**Key inequality:** $U \leq P - 1$.

*Proof.* $P = \prod(u_j + 1) = 1 + \sum u_j + \sum_{i<j} u_i u_j + \cdots \geq 1 + \sum u_j = 1 + U$, since all $u_j \geq 1$ makes every cross-term non-negative. Hence $U \leq P - 1$, with equality iff $k = 1$. $\square$

**Bounding $n$.** From ($\star$) and the key inequality:
$$n = \frac{PU}{100 - P} \leq \frac{P(P-1)}{100 - P}.$$

Define $f(P) = \frac{P(P-1)}{100-P}$ on $P \in [2, 99]$ (since $P \geq 2$ as a product of integers $\geq 2$, and $P < 100$). Its derivative has numerator $-P^2 + 200P - 100$, whose roots are $100 \pm \sqrt{9900} \approx 0.5$ and $199.5$. Thus $f'(P) > 0$ on $[2, 99]$, so $f$ is **strictly increasing** and maximized at $P = 99$:
$$n \leq f(99) = \frac{99 \cdot 98}{1} = 9702.$$

**Achieving $n = 9702$.** Take $k = 1$, $y_1 = 99$ (so $u_1 = 98$, $P = 99$, $U = 98$), and $n - 1 = 9701$ ones. Then:
$$n = \frac{99 \cdot 98}{100 - 99} = 9702, \qquad S = 9702 + 98 = 9800, \qquad PS = 99 \times 9800 = 970200 = 100 \times 9702. \;\checkmark$$

All $x_i$ are positive integers (one value 99, 9701 values of 1), and the performance index equals $100n$.

**Conclusion.** The greatest possible number of robots is $\boxed{9702}$.

### PROOF COMPLETE
DEVIN_CLI_EXITED code=0
