I'll solve this step by step, working entirely in my reasoning.

## Setup and Basic Quantities

Triangle $ABC$ with $AB=13, AC=14, BC=15$. Semiperimeter $s=21$, area $=\sqrt{21\cdot 6\cdot 7\cdot 8}=84$, inradius $r=84/21=4$.

Tangent lengths: from $C$ both equal $s-c=8$, so $CD=CE=8$; from $B$: $BD=7$; from $A$: $AE=6$. Also $ID=IE=4$ (radii to tangency points), with $ID\perp BC$ and $IE\perp AC$.

## Coordinates

Place $C=(0,0)$, $B=(15,0)$. Then $A=(8.4,\,11.2)$ (from $AC=14$, $AB=13$). The incenter is
$$I=\frac{15A+14B+13C}{42}=(8,4),\quad r=4.$$
So $D=(8,0)$ and $E=8\cdot\frac{(8.4,11.2)}{14}=(4.8,\,6.4)$.

## Incircle $\omega$ of quadrilateral $CDIE$

Vertices: $C=(0,0),\,D=(8,0),\,I=(8,4),\,E=(4.8,6.4)$. Side lengths $CD=8,\,DI=4,\,IE=4,\,EC=8$; since $CD+IE=DI+EC=12$, the quadrilateral is tangential.

The four side lines are:
- $CD:\ y=0$
- $DI:\ x=8$
- $EC:\ 4x-3y=0$ (line $AC$)
- $IE:\ 3x+4y-40=0$

Let $\omega$ have center $(h,k)$ and radius $\rho$. Equidistance gives:
$$k=\rho,\quad 8-h=\rho,\quad \frac{4h-3k}{5}=\rho,\quad \frac{40-3h-4k}{5}=\rho.$$
From the first two: $h=8-\rho,\ k=\rho$. Substituting into the third: $4(8-\rho)-3\rho=5\rho\Rightarrow 32=12\rho\Rightarrow \rho=\tfrac{8}{3}$. The fourth equation gives $40-3(8-\rho)-4\rho=5\rho\Rightarrow 16=6\rho\Rightarrow \rho=\tfrac{8}{3}$. ✓

So $\omega$ has center $O=\bigl(\tfrac{16}{3},\tfrac{8}{3}\bigr)$ and radius $\rho=\tfrac{8}{3}$.

## Intersection $Q$ of $\Gamma$ and $\omega$

$\Gamma:\ (x-8)^2+(y-4)^2=16$; $\omega:\ (x-\tfrac{16}{3})^2+(y-\tfrac{8}{3})^2=\tfrac{64}{9}$.

Subtracting yields the radical axis $2x+y=\tfrac{40}{3}$. Substituting $y=\tfrac{40}{3}-2x$ into $\omega$:
$$45x^2-480x+1216=0 \implies x=\frac{8(10\pm\sqrt5)}{15}.$$
The two intersection points are
$$Q_{1,2}=\left(\frac{8(10\pm\sqrt5)}{15},\ \frac{8(5\mp 2\sqrt5)}{15}\right).$$

A key observation: for either point,
$$|CQ|^2=\frac{64}{225}\Bigl[(10\pm\sqrt5)^2+(5\mp 2\sqrt5)^2\Bigr]=\frac{64}{225}\cdot 150=\frac{128}{3}.$$
So **both** intersections are at the same distance from $C$:
$$CQ=\sqrt{\frac{128}{3}}=\frac{8\sqrt6}{3}.$$

## Computing $PQ$ via power of a point

$C$ lies outside $\omega$ (since $|CO|^2=\tfrac{320}{9}>\tfrac{64}{9}=\rho^2$). The power of $C$ with respect to $\omega$ is
$$\text{pow}(C,\omega)=|CO|^2-\rho^2=\frac{320}{9}-\frac{64}{9}=\frac{256}{9}.$$

The line $CQ$ meets $\omega$ at $Q$ and at the second point $P$. By the power of a point,
$$CQ\cdot CP=\frac{256}{9}\implies CP=\frac{256/9}{8\sqrt6/3}=\frac{256}{9}\cdot\frac{3}{8\sqrt6}=\frac{16\sqrt6}{9}.$$

Since $C$ is outside $\omega$, both $P$ and $Q$ lie on the same ray from $C$, with $P$ the nearer point ($CP<CQ$). Therefore
$$PQ=CQ-CP=\frac{8\sqrt6}{3}-\frac{16\sqrt6}{9}=\frac{24\sqrt6-16\sqrt6}{9}=\frac{8\sqrt6}{9}.$$

## Answer

$$\boxed{PQ=\dfrac{8\sqrt6}{9}}.$$

### PROOF COMPLETE
DEVIN_CLI_EXITED code=0
