I'll solve this directly in the TUI. First, let me check for answer leaks — the problem statement contains only the problem, no solution or hints. Good.

## Proof

**Notation.** $\overset{=}{\sim}$ denotes equality a.e. (almost everywhere). Let $\lambda$ denote Lebesgue measure.

**Setup.** Since $f \in L^1(\mathbb{R},\lambda)$, define the absolutely continuous function
$$F(x) = \int_0^x f(t)\,dt.$$
Then $F$ is continuous and $F'(x) = f(x)$ for a.e. $x$ (Lebesgue differentiation / FTC for Lebesgue integrals).

---

**Step 1: $F$ is $1$-periodic.**

For every $a \in \mathbb{R}$, the open interval $(a,\, a+1)$ satisfies $\lambda((a,a+1))=1$. By hypothesis,
$$0 = \int_{(a,\,a+1)} f\,d\lambda = F(a+1) - F(a).$$
Hence $F(a+1)=F(a)$ for all $a$, i.e., $F$ is $1$-periodic.

---

**Step 2: Deriving Cauchy's functional equation.**

Set $G(x) = F(x) - F(0)$. Then $G$ is continuous, $1$-periodic, and $G(0)=0$.

Fix $s \in (0,1)$ and $t \ge s$. The set
$$U = (0,\, s) \cup (t,\, t+1-s)$$
is a union of two disjoint open intervals with total measure $s + (1-s) = 1$, hence is an open set with $\lambda(U)=1$. By hypothesis:
$$0 = \int_U f = \bigl[F(s)-F(0)\bigr] + \bigl[F(t+1-s)-F(t)\bigr].$$

Using $1$-periodicity, $F(t+1-s) = F(t-s)$. Substituting $u = t - s \ge 0$:
$$G(s) + G(u) - G(u+s) = 0, \qquad\text{i.e.,}\quad G(u+s) = G(u) + G(s) \tag{$\star$}$$
for all $u \ge 0$ and $s \in (0,1)$.

---

**Step 3: $G \equiv 0$.**

Restricting $(\star)$ to $u, s \in (0,1)$ with $u+s < 1$: the continuous function $G$ satisfies
$$G(u+s) = G(u) + G(s) \qquad \text{whenever } u,\, s,\, u+s \in (0,1).$$

By the classical theory of Cauchy's functional equation, a continuous solution on $(0,1)$ is linear: there exists $c \in \mathbb{R}$ such that
$$G(x) = cx \quad \text{for all } x \in (0,1).$$

*(Brief justification:* $G(x) = n\,G(x/n)$ for integers $n$ with $x/n \in (0,1)$, hence $G(rx)=r\,G(x)$ for rational $r>0$ with $rx\in(0,1)$, and by continuity for all real $r>0$ with $rx\in(0,1)$. Fixing $x_0 = 1/2$ gives $G(y) = (2G(1/2))\,y$ for all $y\in(0,1)$.* )*

By continuity, $G(0) = \lim_{x\to 0^+} cx = 0$ (consistent) and
$$G(1) = \lim_{x \to 1^-} G(x) = c.$$
But $1$-periodicity gives $G(1) = G(0) = 0$, so $c = 0$. Therefore $G \equiv 0$ on $[0,1]$, and by $1$-periodicity, $G \equiv 0$ on all of $\mathbb{R}$.

---

**Step 4: Conclusion.**

$G \equiv 0$ means $F$ is constant on $\mathbb{R}$. Since $F$ is absolutely continuous with $F' = f$ a.e., a constant $F$ yields
$$f(x) = F'(x) = 0 \quad \text{for a.e. } x \in \mathbb{R}.$$

Therefore $f \overset{=}{\sim} 0$. $\blacksquare$

### PROOF COMPLETE
DEVIN_CLI_EXITED code=0
