Looking at the problem, I need to find $(ab+bc+ca)^2$ given three equations involving $a, b, c \in \mathbb{C}$.

**Answer leak check:** The problem text contains no solutions, answer values, or proof sketches. Proceeding.

---

**Setup.** Let $s = a+b+c$ and $q = ab+bc+ca$.

**Step 1: Sum all three equations.**

$$(a^2+ab+b^2)+(b^2+bc+c^2)+(c^2+ca+a^2) = (1+i)+(-2)+1 = i$$

$$2(a^2+b^2+c^2)+(ab+bc+ca) = 2(s^2-2q)+q = 2s^2-3q = i \tag{1}$$

So $q = \frac{2s^2-i}{3}$, and our target is $q^2 = \frac{(2s^2-i)^2}{9}$.

**Step 2: Take pairwise differences.**

Eq1 $-$ Eq2: $a^2+ab-bc-c^2 = 3+i$, which factors as $(a-c)(a+b+c) = (a-c)s = 3+i$.

Eq2 $-$ Eq3: $(b-a)s = -3$.

Eq3 $-$ Eq1: $(c-b)s = -i$.

(Consistency check: $(a-c)+(b-a)+(c-b)=0$ and $(3+i)+(-3)+(-i)=0$. ✓)

**Step 3: Express $a,b,c$ in terms of $s$.**

From $b-a=-3/s$ and $a-c=(3+i)/s$:

$$a = \tfrac{s}{3}+\tfrac{6+i}{3s},\quad b = \tfrac{s}{3}+\tfrac{i-3}{3s},\quad c = \tfrac{s}{3}+\tfrac{-3-2i}{3s}$$

(Verified: $a+b+c = s$. ✓)

**Step 4: Substitute into $a^2+ab+b^2=1+i$.**

Using $a^2+ab+b^2 = (a+b)^2 - ab$ with $u = s^2$:

- $a+b = \frac{1}{3}\!\left(2s+\frac{3+2i}{s}\right)$, so $(a+b)^2 = \frac{1}{9}\!\left(4s^2+12+8i+\frac{5+12i}{s^2}\right)$

- $ab = \frac{1}{9}\!\left(s^2+3+2i+\frac{-19+3i}{s^2}\right)$

Subtracting:

$$a^2+ab+b^2 = \frac{1}{3}\!\left(s^2+3+2i+\frac{8+3i}{s^2}\right) = 1+i$$

$$\implies s^2+\frac{8+3i}{s^2} = i \implies u^2-iu+(8+3i)=0 \tag{2}$$

(Verified: substituting into the other two equations yields the identical constraint. ✓)

**Step 5: Compute $q^2$ without solving for $u$.**

From (2): $u^2 = iu - 8 - 3i$. Then:

$$(2u-i)^2 = 4u^2 - 4iu - 1 = 4(iu-8-3i) - 4iu - 1 = -33-12i$$

This holds for **both** roots of (2), so the value is determined uniquely.

**Result:**

$$(ab+bc+ca)^2 = q^2 = \frac{(2u-i)^2}{9} = \frac{-33-12i}{9} = \boxed{-\dfrac{11}{3}-\dfrac{4}{3}\,i}$$

### PROOF COMPLETE
