Looking at this problem, I need to determine whether an indefinite symmetric matrix with diagonal 1 and off-diagonal ±1 always admits a null vector with all nonzero entries.

**Answer: Yes, it is always possible.**

## Proof

Let $M$ be an $n \times n$ symmetric matrix ($n \geq 2$) with $M_{ii} = 1$ and $M_{ij} \in \{+1, -1\}$ for $i \neq j$, and suppose $M$ is indefinite. Define the quadratic form $q(x) = x^T M x$.

**Step 1: The case $n = 2$ is vacuous.**

For $n = 2$, the only two possible matrices are $\begin{pmatrix} 1 & 1 \\ 1 & 1 \end{pmatrix}$ and $\begin{pmatrix} 1 & -1 \\ -1 & 1 \end{pmatrix}$, both with eigenvalues $0$ and $2$, hence both positive semidefinite. No indefinite matrix of this form exists for $n = 2$, so the statement holds vacuously. Henceforth assume $n \geq 3$.

**Step 2: $q(x) = x^T M x$ is irreducible over $\mathbb{R}$.**

Suppose for contradiction that $q$ factors as $q(x) = (a^T x)(b^T x)$ for nonzero vectors $a, b \in \mathbb{R}^n$. Then $M = \frac{1}{2}(ab^T + ba^T)$. The diagonal condition $M_{ii} = 1$ gives $a_i b_i = 1$ for all $i$, so $b_i = 1/a_i$. The off-diagonal condition $M_{ij} \in \{+1, -1\}$ gives
$$\frac{1}{2}\left(\frac{a_i}{a_j} + \frac{a_j}{a_i}\right) \in \{+1, -1\}.$$
Setting $t = a_i/a_j$, we need $t + 1/t \in \{+2, -2\}$, which forces $t \in \{+1, -1\}$. Thus $a_i = \pm a_j$ for all $i, j$, so $a = c \cdot s$ for some scalar $c \neq 0$ and sign vector $s \in \{+1, -1\}^n$. This yields $M = ss^T$, which has rank 1 and satisfies $q(x) = (s^T x)^2 \geq 0$, contradicting the indefiniteness of $M$. Therefore $q$ is irreducible over $\mathbb{R}$.

**Step 3: Algebraic-geometric argument.**

Since $q$ is irreducible in the UFD $\mathbb{R}[x_1, \dots, x_n]$, the ideal $(q)$ is prime, so the real algebraic variety $V(q) = \{x \in \mathbb{R}^n : q(x) = 0\}$ is irreducible.

Since $M$ is indefinite, $q$ takes both positive and negative values, so by the intermediate value theorem $V(q)$ contains nonzero points. Thus $\{0\}$ is a proper subvariety of $V(q)$, and $V(q) \setminus \{0\}$ is Zariski-dense in $V(q)$.

Now suppose for contradiction that every nonzero $x \in V(q)$ has some zero coordinate, i.e.,
$$V(q) \setminus \{0\} \subseteq \bigcup_{i=1}^{n} H_i, \quad \text{where } H_i = \{x : x_i = 0\} = V(x_i).$$

Since $\bigcup H_i$ is Zariski-closed and contains the dense subset $V(q) \setminus \{0\}$, we get $V(q) \subseteq \bigcup_{i=1}^n H_i$.

By irreducibility of $V(q)$: if an irreducible variety is contained in a finite union of closed sets, it is contained in one of them. Thus $V(q) \subseteq H_i$ for some $i$.

This means $q$ vanishes identically on $H_i = \{x : x_i = 0\}$, i.e., the principal submatrix $M^{(i)}$ (obtained by deleting row and column $i$) satisfies $y^T M^{(i)} y = 0$ for all $y \in \mathbb{R}^{n-1}$. But $M^{(i)}$ has all diagonal entries equal to 1, so for any standard basis vector $e_j$ of $\mathbb{R}^{n-1}$,
$$e_j^T M^{(i)} e_j = M^{(i)}_{jj} = 1 \neq 0,$$
a contradiction.

**Conclusion.** The assumption that all nonzero zeros of $q$ have a zero coordinate is false. Therefore there exists a nonzero vector $x$ with all entries nonzero such that $x^T M x = 0$.

### PROOF COMPLETE
DEVIN_CLI_EXITED code=0
