我来解答这道题。先从群论知识出发分析，再用计算验证。

## 分析

在对称群 $S_n$ 中，有一个经典定理：**两个元素共轭当且仅当它们具有相同的轮换型（cycle type）**。

$S_3$ 的元素按轮换型分为：
- **恒等**：$e$（长度为1的轮换）
- **对换（2-轮换）**：$(12), (13), (23)$
- **3-轮换**：$(123), (132)$

因此共轭类应该是：
$$\{e\}, \quad \{(12), (13), (23)\}, \quad \{(123), (132)\}$$

下面我用题目给定的乘法表，通过直接计算共轭 $g h g^{-1}$ 来严格验证。计算验证完毕，与理论分析完全一致。

## 解答

**共轭的定义**：$h$ 和 $h'$ 共轭，当且仅当存在 $g \in S_3$ 使得 $h' = g h g^{-1}$。每个元素的共轭类为 $\mathrm{Cl}(h) = \{g h g^{-1} : g \in S_3\}$。

**理论依据**：在对称群 $S_n$ 中，两个元素共轭 $\iff$ 它们具有相同的轮换型（cycle type）。$S_3$ 中的轮换型有三种：

| 轮换型 | 元素 | 元素个数 |
|--------|------|---------|
| 恒等（三个1-轮换） | $e$ | 1 |
| 对换（一个2-轮换 + 一个1-轮换） | $(12), (13), (23)$ | 3 |
| 3-轮换 | $(123), (132)$ | 2 |

**计算验证**：用题目给定的乘法表，对每个 $h$ 逐一计算 $g h g^{-1}$（$g$ 遍历全部6个元素），得到：

- $\mathrm{Cl}(e) = \{e\}$ —— 恒等元自成一类
- $\mathrm{Cl}((12)) = \mathrm{Cl}((13)) = \mathrm{Cl}((23)) = \{(12), (13), (23)\}$
- $\mathrm{Cl}((123)) = \mathrm{Cl}((132)) = \{(123), (132)\}$

### 结论

$S_3$ 共有 **3 个共轭类**：

$$\boxed{\{e\}, \quad \{(12),\, (13),\, (23)\}, \quad \{(123),\, (132)\}}$$

各类大小分别为 $1, 3, 2$，类方程为：

$$|S_3| = 6 = 1 + 3 + 2$$

这正好对应 $S_3$ 的三种轮换型（恒等、对换、3-轮换），也印证了"$S_n$ 中共轭类由轮换型决定"这一一般定理。证毕。
我来求解 $S_3$ 的所有共轭类。先做理论分析，再用计算验证。

## 理论分析

在 $S_n$ 中，**共轭类 = 轮换类型相同的元素集合**。这是群论中的经典结论：两个置换共轭当且仅当它们有相同的轮换结构。

$S_3$ 的元素按轮换类型分为三类：

| 轮换类型 | 元素 | 个数 |
|---------|------|------|
| 恒等（1-轮换之积） | $e$ | 1 |
| 对换（2-轮换） | $(12), (13), (23)$ | 3 |
| 3-轮换 | $(123), (132)$ | 2 |

因此共轭类应为：
$$\{e\}, \quad \{(12), (13), (23)\}, \quad \{(123), (132)\}$$

## 用乘法表直接验证

共轭的定义是 $ghg^{-1}$。我需要先确定每个元素的逆元，然后逐一验证。

**逆元**（从乘法表读出，$g \cdot g^{-1} = e$）：
- $e^{-1} = e$
- $(12)^{-1} = (12)$（对换是自逆的）
- $(13)^{-1} = (13)$
- $(23)^{-1} = (23)$
- $(123)^{-1} = (132)$（因为 $(123)(132) = e$，见乘法表第5行第6列）
- $(132)^{-1} = (123)$

让我用 Python 严格验证所有共轭关系。计算验证完全一致。我再用题目给定的乘法表手算几个关键共轭，确保与乘法表自洽。

**手算验证（用乘法表，复合运算右边先作用）：**

共轭 $ghg^{-1}$，即先算 $h \cdot g^{-1}$，再左乘 $g$。

**验证 $(12), (13), (23)$ 在同一类：**

取 $g = (12)$, $h = (13)$，则 $g^{-1} = (12)$：
$$g h g^{-1} = (12)(13)(12)$$
- $(13)(12)$：查乘法表第3行（$(13)$行）第2列（$(12)$列）$= (123)$
- $(12)(123)$：查乘法表第2行（$(12)$行）第5列（$(123)$列）$= (23)$

所以 $(12)(13)(12) = (23)$ ✓ —— $(13)$ 共轭到 $(23)$。

取 $g = (13)$, $h = (12)$，则 $g^{-1} = (13)$：
$$g h g^{-1} = (13)(12)(13)$$
- $(12)(13)$：第2行第3列 $= (132)$
- $(13)(132)$：第3行第6列 $= (23)$

所以 $(13)(12)(13) = (23)$ ✓ —— $(12)$ 共轭到 $(23)$。

**验证 $(123), (132)$ 在同一类：**

取 $g = (12)$, $h = (123)$，则 $g^{-1} = (12)$：
$$g h g^{-1} = (12)(123)(12)$$
- $(123)(12)$：第5行第2列 $= (13)$
- $(12)(13)$：第2行第3列 $= (132)$

所以 $(12)(123)(12) = (132)$ ✓ —— $(123)$ 共轭到 $(132)$。

**验证 $e$ 自成一类：** 对任意 $g$，$g e g^{-1} = g g^{-1} = e$ ✓。

## 结论

$S_3$ 共有 **3 个共轭类**：

$$\boxed{\{e\}, \quad \{(12),\, (13),\, (23)\}, \quad \{(123),\, (132)\}}$$

即：

1. **恒等元类** $\{e\}$，大小 1
2. **对换类**（2-轮换）$\{(12), (13), (23)\}$，大小 3
3. **三轮换类**（3-轮换）$\{(123), (132)\}$，大小 2

**类方程**（class equation）：
$$|S_3| = 6 = 1 + 2 + 3$$

**理论依据**：在 $S_n$ 中，两个置换共轭当且仅当它们具有相同的轮换类型。$S_3$ 的元素只有三种轮换类型——恒等（$1{+}1{+}1$）、对换（$2{+}1$）、三轮换（$3$）——因此恰好三个共轭类。计算验证与乘法表手算均与该结论完全一致。

证毕 $\blacksquare$
