Looking at this problem, I need to determine whether the given condition implies the existence of $x^* \in E \cap X^\perp$.

**Key observation:** $X^\perp = \{x^* \in X^* : x^*(x) = 0 \text{ for all } x \in X\} = \{0\}$. So the conclusion is equivalent to showing $0 \in E$.

**Proof that the statement is TRUE.**

**Step 1: Setup and compactness.** By the Banach–Alaoglu theorem, the closed unit ball $B_{X^*}$ is weak*-compact. Since $E$ is weak*-closed, the set $K := E \cap B_{X^*}$ is a weak*-closed subset of a weak*-compact set, hence $K$ is weak*-compact.

**Step 2: The annihilators are weak*-closed.** For any subspace $M' \subseteq X$, the annihilator $(M')^\perp = \bigcap_{x \in M'} \ker(\mathrm{ev}_x)$, where $\mathrm{ev}_x : X^* \to \mathbb{R}$ (or $\mathbb{C}$) is the evaluation map $x^* \mapsto x^*(x)$. Each $\mathrm{ev}_x$ is weak*-continuous, so each $\ker(\mathrm{ev}_x)$ is weak*-closed, and thus $(M')^\perp$ is weak*-closed.

Therefore, for every finite-dimensional subspace $M'$, the set $K \cap (M')^\perp = E \cap B_{X^*} \cap (M')^\perp$ is a weak*-closed subset of the weak*-compact set $K$, hence is itself weak*-compact.

**Step 3: The family has the finite intersection property.** Consider the family
$$\mathcal{F} = \{K \cap (M')^\perp : M' \text{ is a finite-dimensional subspace of } X\}.$$
By hypothesis, each member of $\mathcal{F}$ is non-empty.

Given any finite subcollection $K \cap (M'_1)^\perp, \ldots, K \cap (M'_n)^\perp$, let $M' = M'_1 + \cdots + M'_n$. This is a finite-dimensional subspace of $X$, and $(M')^\perp = \bigcap_{i=1}^n (M'_i)^\perp$. Therefore:
$$\bigcap_{i=1}^n \left(K \cap (M'_i)^\perp\right) = K \cap (M')^\perp \neq \emptyset,$$
where the last inequality follows from the hypothesis applied to $M'$. Thus $\mathcal{F}$ has the finite intersection property.

**Step 4: Apply compactness.** Since $K$ is weak*-compact and $\mathcal{F}$ is a family of closed subsets of $K$ with the finite intersection property, the total intersection is non-empty:
$$\bigcap_{M'} \left(K \cap (M')^\perp\right) \neq \emptyset.$$

**Step 5: Identify the total intersection.** We compute:
$$\bigcap_{M'} (M')^\perp = \{x^* \in X^* : x^*|_{M'} = 0 \text{ for every finite-dimensional subspace } M' \subseteq X\}.$$
Every $x \in X$ spans the one-dimensional subspace $\mathrm{span}\{x\}$, so any $x^*$ in this intersection satisfies $x^*(x) = 0$ for all $x \in X$, i.e., $x^* = 0$. Conversely, $0$ belongs to every $(M')^\perp$. Hence:
$$\bigcap_{M'} (M')^\perp = \{0\}.$$
Since $\|0\| = 0 \leq 1$, we have $0 \in B_{X^*}$, so:
$$\bigcap_{M'} \left(K \cap (M')^\perp\right) = K \cap \{0\} = E \cap B_{X^*} \cap \{0\}.$$

**Step 6: Conclusion.** The non-emptiness from Step 4 gives $0 \in E \cap B_{X^*}$, so $0 \in E$. Since $X^\perp = \{0\}$, we have $0 \in E \cap X^\perp$.

Therefore there exists $x^* \in E$ with $x^* \in X^\perp$ (namely $x^* = 0$), and the statement is **true**. $\blacksquare$

### PROOF COMPLETE
