## Proof

**Construction.** Define
$$f(z) = 2\,\mathrm{Log}(1+z), \qquad z \in D(0,1),$$
where $\mathrm{Log}$ denotes the principal branch of the logarithm (holomorphic on $\mathbb{C}\setminus(-\infty,0]$, with $\mathrm{Arg}$-values in $(-\pi,\pi)$).

---

**Step 1: $f$ is holomorphic on $D(0,1)$.**

For $|z|<1$, we have $|1+z - 1| = |z| < 1$, so $1+z \in D(1,1)$. Every point $w \in D(1,1)$ satisfies
$$\operatorname{Re} w \geq 1 - |w-1| > 0,$$
so $D(1,1) \subset \{w : \operatorname{Re} w > 0\} \subset \mathbb{C}\setminus(-\infty,0]$. The principal logarithm $\mathrm{Log}$ is holomorphic on $\mathbb{C}\setminus(-\infty,0]$, hence on the right half-plane. Therefore $f = 2\,\mathrm{Log}\circ(1{+}(\cdot))$ is holomorphic on $D(0,1)$ as a composition of holomorphic maps. $\checkmark$

---

**Step 2: Boundary behavior.**

Let $z_0 = e^{i\theta}$ with $\theta \in (-\pi,\pi)$, so $z_0 \in \partial D \setminus \{-1\}$. We compute the limit of $1+z$ as $z \to z_0$ from inside the disk:
$$1 + e^{i\theta} = e^{i\theta/2}\bigl(e^{-i\theta/2}+e^{i\theta/2}\bigr) = 2\cos(\theta/2)\,e^{i\theta/2}.$$

Since $\theta \in (-\pi,\pi)$, we have $\theta/2 \in (-\pi/2,\pi/2)$, so $\cos(\theta/2) > 0$. Therefore:
- $|1+e^{i\theta}| = 2\cos(\theta/2) > 0$, and
- $\mathrm{Arg}(1+e^{i\theta}) = \theta/2 \in (-\pi/2,\pi/2)$.

In particular $1+e^{i\theta}$ lies in the **open right half-plane**, which is contained in the domain of holomorphy of $\mathrm{Log}$ and is bounded away from the branch cut $(-\infty,0]$. By continuity of $\mathrm{Log}$ at $1+e^{i\theta}$,
$$\lim_{z\to e^{i\theta}} \mathrm{Log}(1+z) = \mathrm{Log}(1+e^{i\theta}) = \ln\!\bigl(2\cos(\theta/2)\bigr) + i\,\theta/2.$$

Taking imaginary parts and multiplying by $2$:
$$\lim_{z\to e^{i\theta}} \operatorname{Im} f(z) = 2\cdot\frac{\theta}{2} = \theta = \mathrm{Arg}(e^{i\theta}).$$

Since $\mathrm{Arg}(e^{i\theta}) = \mathrm{Arg}(z_0)$ for $z_0 = e^{i\theta}$ with $\theta \in (-\pi,\pi)$, this is exactly the required boundary condition. $\checkmark$

---

**Conclusion.** The function
$$\boxed{f(z) = 2\,\mathrm{Log}(1+z)}$$
is holomorphic on $D(0,1)$ and satisfies $\displaystyle\lim_{\zeta\to z}\operatorname{Im} f(\zeta) = \mathrm{Arg}(z)$ for every $z\in\partial D(0,1)\setminus\{-1\}$.

### PROOF COMPLETE
DEVIN_CLI_EXITED code=0
