Error: Agent error: Permission denied: Permission denied: Reached overall message rate limit. Please try again later. Your limit will reset in 41 minutes. (trace ID: b0a49a8a3eb6f95a93ae88eb457f9375): {
  "cognition.ai/errorKind": "internal",
  "cognition.ai/retryable": true
}
DEVIN_CLI_EXITED code=1
Error: Agent error: Permission denied: Permission denied: Reached overall message rate limit. Please try again later. Your limit will reset in 24 minutes. (trace ID: 8ab37db37707c769d81f329f728500c1): {
  "cognition.ai/errorKind": "internal",
  "cognition.ai/retryable": true
}
DEVIN_CLI_EXITED code=1
Error: Agent error: Permission denied: Permission denied: Reached overall message rate limit. Please try again later. Your limit will reset in 8 minutes. (trace ID: d28fea39936a2e957cd264fdcd07747a): {
  "cognition.ai/errorKind": "internal",
  "cognition.ai/retryable": true
}
DEVIN_CLI_EXITED code=1
根据 `AGENTS.md` 中的任务，我需要分析为什么 AI 未能解决该问题。让我检查一下这三个输入：

1. **Problem** (第 4 行): 最小化 `f(x) = x + exp(-x)*a`，其中 `a ∈ R`
2. **Standard Solution** (第 5-63 行): 微积分方法 — 一阶导数 `f'(x) = 1 - a*exp(-x) = 0` → `x = ln(a)`，通过二阶导数验证
3. **AI's Thinking** (第 64-987 行): 关于黎曼 zeta 函数和 Bernoulli 数的广泛数论推理 — “是否存在 `s > 10` 使得 `π = (dζ(s))^(1/s)`？”

AI 的思考过程解决的是一个**完全不同的问题** — 它从未尝试过所述的微积分优化问题，而是花费了约 900 行的篇幅来探讨 Bernoulli 数、不规则素数和 zeta 函数的值。标准解法使用的是基础微积分（一阶/二阶导数测试），而 AI 从未考虑过这一点。

```xml
<analysis>
  <problem_id>deepmath_103k_00017675</problem_id>
  <dimension1_verdict>DIRECTION_ERROR</dimension1_verdict>
  <dimension1_explanation>The AI's thinking addresses an entirely different problem (existence of s > 10 with π = (dζ(s))^{1/s}, involving Bernoulli numbers and zeta function values) rather than the stated calculus optimization problem (minimizing f(x) = x + exp(-x)a). The standard solution's approach — taking derivatives and applying the second-derivative test — was never considered by the AI, which instead went down an extensive number-theory path that has no connection to the actual problem.</dimension1_explanation>
  <dimension2_turning_point_type>other</dimension2_turning_point_type>
  <dimension2_explanation>The standard solution's key technique is calculus optimization: compute f'(x) = 1 - a·exp(-x), set it to zero to get the critical point x = ln(a), then confirm it is a minimum via the second derivative f''(x) = a·exp(-x) > 0 for a > 0. This is a first/second-derivative test, which does not fit any of the modular-arithmetic or number-theoretic turning-point categories.</dimension2_explanation>
  <ai_direction_summary>The AI's thinking went entirely into number theory — analyzing Bernoulli number numerators, irregular primes, von Staudt-Clausen theorem, and p-adic valuations to determine whether π^s = d·ζ(s) for some integer s > 10 — which is unrelated to the stated minimization problem.</ai_direction_summary>
  <standard_solution_key_technique>The standard solution uses single-variable calculus: set the first derivative to zero to find the critical point, then verify it is a minimum using the second-derivative (convexity) test.</standard_solution_key_technique>
  <confidence>high</confidence>
</analysis>
```

### 分析完成
DEVIN_CLI_EXITED code=0
