## 解题约束（必须严格遵守）

1. **不要使用任何工具**——不要写文件、不要执行命令、不要搜索、不要浏览网页、不要读取文件。
   你只需要在TUI中用thinking来解题。所有推理过程在你的思维中完成。

2. **直接在TUI中输出证明**——不要创建任何文件，不要使用任何工具调用。
   完成证明后，在TUI中直接输出（必须用英文原文，不要翻译成中文）：

   ### PROOF COMPLETE

3. **如果你无法做出这道题**，直接说（必须用英文原文）：

   ### I CANNOT SOLVE THIS

4. **如果你发现题目中包含了答案**

**Answer Leak Self-Check:** The problem statement contains only the statement to be proved, with no solution, proof sketch, or formalization notes. No leak detected.

**Proof.**

The equality holds. We prove it by showing that, for each fixed $y \in Y$, the two inner expressions coincide; the outer $\max_{y\in Y}$ then automatically agrees.

Fix an arbitrary $y \in Y$. Consider the inner expression on the left-hand side:
$$\langle y, z\rangle - \max_{x \in X} \langle y, x\rangle.$$

Since $X$ is compact and convex (compactness suffices here) and $x \mapsto \langle y, x\rangle$ is continuous, the maximum $\max_{x\in X}\langle y,x\rangle$ is attained. The quantity $\langle y, z\rangle$ is a constant with respect to $x$. We use the elementary identity
$$c - \max_{x \in X} f(x) \;=\; \min_{x \in X}\bigl[c - f(x)\bigr],$$
valid for any constant $c$ and any real-valued function $f$ on $X$ whose maximum is attained. Indeed, if $x^*\in X$ satisfies $f(x^*) = \max_{x\in X} f(x)$, then for every $x\in X$,
$$c - f(x) \;\ge\; c - f(x^*) \;=\; c - \max_{x\in X} f(x),$$
so $\min_{x\in X}[c - f(x)] \ge c - \max_{x\in X} f(x)$; and equality holds at $x = x^*$, giving $\min_{x\in X}[c - f(x)] = c - \max_{x\in X} f(x)$.

Applying this with $c = \langle y, z\rangle$ and $f(x) = \langle y, x\rangle$:
$$\langle y, z\rangle - \max_{x \in X} \langle y, x\rangle \;=\; \min_{x \in X}\bigl[\langle y, z\rangle - \langle y, x\rangle\bigr] \;=\; \min_{x \in X} \langle y,\, z - x\rangle,$$
where the last step uses linearity of the inner product in the second argument.

Since this identity holds for **every** $y \in Y$, the functions being maximized over $Y$ on the two sides are identical:
$$y \;\longmapsto\; \langle y, z\rangle - \max_{x \in X}\langle y, x\rangle \;=\; \min_{x\in X}\langle y, z - x\rangle.$$

Therefore
$$\max_{y \in Y}\Bigl[\langle y, z\rangle - \max_{x \in X}\langle y, x\rangle\Bigr] \;=\; \max_{y \in Y}\min_{x \in X}\langle y, z - x\rangle.$$

(Note: compactness of $X$ guarantees the inner max/min are attained, and compactness of $Y$ guarantees the outer max is attained; convexity is not needed for the identity itself, though it is a natural hypothesis in the support-function setting where this expression arises. In particular, the left side equals $h_Y(z) - h_{Y}(X)$ in support-function notation, i.e. it is $\max_{y\in Y}\min_{x\in X}\langle y, z-x\rangle$, confirming the equality.) $\blacksquare$

### PROOF COMPLETE
