```xml
<audit>
  <analysis_result_key>2270175</analysis_result_key>
  <problem_id>oda_math_460k_00045805</problem_id>
  <audit_status>PASS_SELECTABLE</audit_status>
  <check_results>
    <A1>PASS: dimension1_verdict is DIRECTION_ERROR, a valid value</A1>
    <A2>PASS: dimension1_explanation is non-empty and well over 50 characters</A2>
    <A3>PASS: dimension2_turning_point_type is "other", a valid value</A3>
    <A4>PASS: dimension2_explanation is non-empty and well over 50 characters</A4>
    <A5>PASS: ai_direction_summary is non-empty and specific</A5>
    <A6>PASS: standard_solution_key_technique is non-empty and specific</A6>
    <B1>PASS: no XML tag leaks in either explanation</B1>
    <B2>PASS: no template placeholder leaks in either explanation</B2>
    <B3>PASS: both explanations are far longer than 50 characters</B3>
    <C1>PASS: d1=DIRECTION_ERROR and d2 has a value (other), consistent</C1>
    <C2>PASS: d1_exp describes the AI solving a completely different problem (inequality optimization vs. calculus graphing), matching DIRECTION_ERROR</C2>
    <C3>PASS: d2_exp describes elementary differential calculus (first/second derivative tests), which matches "other" since it is not a number-theoretic technique</C3>
    <D1>PASS: d1_exp is over 100 characters and contains action verbs ("solving", "finding") describing the wrong direction taken</D1>
    <D2>PASS: d2_exp is over 100 characters and contains mathematical terms (derivative, critical points, inflection point, concavity)</D2>
    <D3>PASS: ai_direction_summary describes the specific direction the AI took (multivariable inequality optimization with AM-GM, Lagrange multipliers)</D3>
    <D4>PASS: standard_solution_key_technique describes the specific technique (first and second derivative tests on the cubic polynomial)</D4>
    <E1>UNKNOWN — check via script</E1>
  </check_results>
  <issues_found>none</issues_found>
</audit>
```

### AUDIT COMPLETE
DEVIN_CLI_EXITED code=0
