Looking at this problem, I need to determine whether a sequence can have exactly countably many distinct convergent subsequences.

## Answer Leak Check

The problem text contains no leaked answers, solutions, or solution sketches. Proceeding.

## Proof

**Claim:** Yes, it is possible to construct a sequence with a countable (in fact, countably infinite) number of distinct convergent subsequences.

### Key Lemma

**Lemma.** A sequence $(a_n)$ in $\mathbb{R}$ has uncountably many distinct convergent subsequences if and only if it possesses a convergent subsequence with infinitely many distinct values.

*Proof of Lemma.*

$(\Leftarrow)$ Suppose $(a_{n_k})_{k\geq 1}$ converges to $L$ and the values $\{a_{n_k}\}$ are all distinct. Every infinite subset $S \subseteq \{n_k : k \geq 1\}$ yields a subsequence converging to $L$. Since the values $a_{n_k}$ are distinct, two different infinite subsets $S \neq S'$ produce two different sequences of values, hence two *distinct* convergent subsequences. The collection of infinite subsets of a countably infinite set has cardinality $2^{\aleph_0}$, which is uncountable.

$(\Rightarrow)$ Suppose every convergent subsequence of $(a_n)$ has only finitely many distinct values, i.e., every convergent subsequence is eventually constant. Then each convergent subsequence is uniquely determined by:
- its eventual constant value $c$ (drawn from the countable set of values of $(a_n)$), and
- its finite prefix $(a_{n_1}, \dots, a_{n_K})$ preceding the constant tail (a finite sequence from a countable set).

The set of finite sequences from a countable set is countable, and the set of possible eventual values is countable. The product of two countable sets is countable. Hence the number of distinct convergent subsequences is at most countable. $\square$

### Construction

Define the sequence $(a_n)_{n \geq 1}$ by:

$$a_n = \begin{cases} 0 & \text{if } n \text{ is even}, \\ n & \text{if } n \text{ is odd}. \end{cases}$$

**Step 1: Every convergent subsequence is eventually 0.**

Let $(a_{n_k})$ be a convergent subsequence. If $(n_k)$ contains infinitely many odd indices, then along those indices $a_{n_k} = n_k \to \infty$, making the subsequence unbounded — a contradiction with convergence. Therefore $(n_k)$ contains only finitely many odd indices, so for all sufficiently large $k$, $n_k$ is even and $a_{n_k} = 0$. The subsequence is eventually $0$, hence converges to $0$.

**Step 2: Every eventually-0 subsequence is convergent (to 0).**

This is immediate: a sequence that is eventually constant $0$ converges to $0$.

**Step 3: The convergent subsequences are exactly the eventually-0 ones.**

By Steps 1 and 2, a subsequence converges if and only if it is eventually $0$.

**Step 4: The number of distinct eventually-0 subsequences is countable.**

An eventually-0 subsequence is uniquely determined as a *sequence of values* by its finite prefix $(v_1, \dots, v_K)$ (before the all-$0$ tail), where each $v_i \in \{0\} \cup \{n \in \mathbb{N} : n \text{ odd}\}$. This is a finite sequence drawn from a countable set. The collection of all finite sequences from a countable set is countable (it is $\bigcup_{K=0}^{\infty} \mathbb{N}_0^K$, a countable union of countable sets). Hence there are at most countably many distinct convergent subsequences.

**Step 5: The number is countably infinite (not finite).**

The following are distinct convergent subsequences:
- $(0, 0, 0, \dots)$ — picking only even indices.
- $(1, 0, 0, \dots)$ — picking $n=1$, then even indices.
- $(3, 0, 0, \dots)$ — picking $n=3$, then even indices.
- $(1, 3, 0, 0, \dots)$ — picking $n=1, n=3$, then even indices.

In general, for every finite increasing sequence of odd numbers $(m_1, \dots, m_K)$, the subsequence $(m_1, \dots, m_K, 0, 0, \dots)$ is a distinct convergent subsequence. There are countably infinitely many such finite sequences, giving countably infinitely many distinct convergent subsequences.

### Conclusion

The sequence $a_n = 0$ for even $n$, $a_n = n$ for odd $n$, has exactly countably infinitely many distinct convergent subsequences. The essential mechanism is that **no convergent subsequence has infinitely many distinct values** — every convergent subsequence is eventually constant — which by the Lemma forces the count of distinct convergent subsequences to be countable.

### PROOF COMPLETE
DEVIN_CLI_EXITED code=0
