## 答案泄露自查

我检查了题目文本，没有发现泄露的答案、解答、解题思路或形式化说明。题目仅陈述了问题并要求使用反函数的概念。未检测到泄露。

## 证明

**第一步：对 $f$ 进行因式分解。**

$$f(x) = x^4 + 2x^2 + 1 = (x^2 + 1)^2.$$

**第二步：计算 $f^{-1}$。**

对于 $x \ge 0$，$f$ 是严格递增的，因为 $f'(x) = 4x(x^2+1) > 0$（当 $x > 0$ 时），且 $f(0) = 1$。因此 $f$ 在 $[0,\infty)$ 上有反函数，其值域为 $[1, \infty)$。

要求 $f^{-1}(x)$：令 $y = (t^2+1)^2$，则 $\sqrt{y} = t^2 + 1$（取正根），所以 $t^2 = \sqrt{y} - 1$，从而

$$f^{-1}(x) = \sqrt{\sqrt{x} - 1}, \qquad x \ge 1.$$

**验证：** $f\!\left(\sqrt{\sqrt{x}-1}\right) = \left((\sqrt{\sqrt{x}-1})^2 + 1\right)^2 = (\sqrt{x}-1+1)^2 = x.$ ✓

**第三步：通过逆函数进行换元。**

令 $u = f^{-1}(x)$，即 $x = f(u) = (u^2+1)^2$，则 $dx = f'(u)\,du = 4u(u^2+1)\,du$。

积分限：
- 当 $x = 2n$ 时：$u = \sqrt{\sqrt{2n}-1} \;=:\; a_n$，
- 当 $x = 3n$ 时：$u = \sqrt{\sqrt{3n}-1} \;=:\; b_n$。

被积函数变形：

$$\frac{dx}{(f^{-1}(x))^2 + 2f^{-1}(x)} = \frac{4u(u^2+1)\,du}{u^2 + 2u} = \frac{4(u^2+1)}{u+2}\,du.$$

**第四步：计算定积分。**

进行多项式除法：

$$\frac{u^2+1}{u+2} = u - 2 + \frac{5}{u+2},$$

因此

$$\frac{4(u^2+1)}{u+2} = 4u - 8 + \frac{20}{u+2}.$$

原函数为：

$$F(u) = 2u^2 - 8u + 20\ln(u+2).$$

因此

$$I_n = F(b_n) - F(a_n) = 2(b_n^2 - a_n^2) - 8(b_n - a_n) + 20\ln\frac{b_n + 2}{a_n + 2}.$$

**第五步：当 $n \to \infty$ 时的渐近性。**

计算每一项：

**(a)** $b_n^2 - a_n^2 = (\sqrt{3n} - 1) - (\sqrt{2n} - 1) = \sqrt{3n} - \sqrt{2n} = \sqrt{n}\,(\sqrt{3} - \sqrt{2})$，因此

$$2(b_n^2 - a_n^2) = 2\sqrt{n}\,(\sqrt{3}-\sqrt{2}) \to +\infty.$$

**(b)** $b_n - a_n = \sqrt{\sqrt{3n}-1} - \sqrt{\sqrt{2n}-1} \sim (3n)^{1/4} - (2n)^{1/4} = n^{1/4}(\sqrt[4]{3}-\sqrt[4]{2})$，因此

$$-8(b_n - a_n) \sim -8\,n^{1/4}(\sqrt[4]{3}-\sqrt[4]{2}) \to -\infty \quad \text{(阶为 } n^{1/4}\text{)}.$$

**(c)** $\dfrac{b_n + 2}{a_n + 2} \to \dfrac{(3n)^{1/4}}{(2n)^{1/4}} = \sqrt[4]{\tfrac{3}{2}}$，因此

$$20\ln\frac{b_n+2}{a_n+2} \to 20 \cdot \tfrac{1}{4}\ln\tfrac{3}{2} = 5\ln\tfrac{3}{2} \quad \text{(有界)}.$$

**第六步：确定极限。**

主项是 $2\sqrt{n}(\sqrt{3}-\sqrt{2})$，其发散速度为 $\sqrt{n}$。第二项发散速度为 $n^{1/4}$（慢得多），第三项收敛于一个有限常数。因此：

$$I_n = 2\sqrt{n}\,(\sqrt{3}-\sqrt{2}) \;-\; O(n^{1/4}) \;+\; O(1) \;\longrightarrow\; +\infty.$$

**结论：**

$$\boxed{\lim_{n \to \infty} \int_{2n}^{3n} \frac{dx}{(f^{-1}(x))^2 + 2f^{-1}(x)} = +\infty.}$$

### 证明完成
DEVIN_CLI_EXITED code=0
