I'll solve this problem directly. First, an answer-leak check: the problem text contains no leaked solutions, answer values, or proof sketches. Proceeding.

## Setup

Place the semicircle in the plane with center $O$ at the origin, $A=(-r,0)$, $B=(r,0)$, so the semicircle is $x^2+y^2=r^2$, $y\ge 0$. Let $M=(r\cos\theta,\, r\sin\theta)$ with $\theta\in(0,\pi)$.

**Tangents at $A$ and $B$** are the vertical lines $x=-r$ and $x=r$.

**Tangent at $M$**: $x\cos\theta + y\sin\theta = r$.

- $A' = (-r,\; r(1+\cos\theta)/\sin\theta)$, height $a = \dfrac{r(1+\cos\theta)}{\sin\theta}$.
- $B' = (r,\; r(1-\cos\theta)/\sin\theta)$, height $b = \dfrac{r(1-\cos\theta)}{\sin\theta}$.

**Projection** $P=(r\cos\theta,0)$, so
$$AP = r(1+\cos\theta),\quad PB = r(1-\cos\theta),\quad x=\frac{AP}{PB}=\frac{1+\cos\theta}{1-\cos\theta}.$$

## Volume $V_1$ (trapezoid $AA'B'B$ rotated about $AB$)

The trapezoid has vertical sides of heights $a,b$ at $x=-r,r$ and the x-axis as its base. Rotating gives a **frustum of a cone** with radii $a,b$ and height $2r$:
$$V_1 = \frac{\pi(2r)}{3}(a^2+ab+b^2).$$

Key products:
$$ab = \frac{r^2(1-\cos^2\theta)}{\sin^2\theta}=r^2,$$
$$a^2+b^2=\frac{r^2\big[(1+\cos\theta)^2+(1-\cos\theta)^2\big]}{\sin^2\theta}=\frac{2r^2(1+\cos^2\theta)}{\sin^2\theta},$$
$$a^2+ab+b^2 = \frac{2r^2(1+\cos^2\theta)}{\sin^2\theta}+r^2 = \frac{r^2(3+\cos^2\theta)}{\sin^2\theta}.$$

Therefore
$$\boxed{V_1 = \frac{2\pi r^3}{3}\cdot\frac{3+\cos^2\theta}{\sin^2\theta}.}$$

## Volume $V_2$ (triangle $A'OB'$ rotated about $AB$)

The triangle is bounded above by line $A'B'$ and below by lines $OA'$ (for $x\in[-r,0]$) and $OB'$ (for $x\in[0,r]$). Hence
$$V_2 = V_1 - \underbrace{\frac{\pi a^2 r}{3}}_{\text{cone }OA'} - \underbrace{\frac{\pi b^2 r}{3}}_{\text{cone }OB'} = V_1 - \frac{\pi r}{3}(a^2+b^2).$$

Substituting:
$$V_2 = \frac{2\pi r^3}{3}\cdot\frac{3+\cos^2\theta}{\sin^2\theta} - \frac{\pi r}{3}\cdot\frac{2r^2(1+\cos^2\theta)}{\sin^2\theta} = \frac{2\pi r^3}{3}\cdot\frac{(3+\cos^2\theta)-(1+\cos^2\theta)}{\sin^2\theta},$$
$$\boxed{V_2 = \frac{4\pi r^3}{3\sin^2\theta}.}$$

## Express in terms of $x$

From $x=\frac{1+\cos\theta}{1-\cos\theta}$: $\cos\theta = \frac{x-1}{x+1}$, and
$$\sin^2\theta = 1-\cos^2\theta = \frac{(x+1)^2-(x-1)^2}{(x+1)^2} = \frac{4x}{(x+1)^2}.$$

Also $3+\cos^2\theta = \frac{3(x+1)^2+(x-1)^2}{(x+1)^2} = \frac{4(x^2+x+1)}{(x+1)^2}$.

Therefore:
$$\boxed{V_1 = \frac{2\pi r^3}{3}\cdot\frac{x^2+x+1}{x},\qquad V_2 = \frac{\pi r^3}{3}\cdot\frac{(x+1)^2}{x}.}$$

## The ratio $m = V_2/V_1$

$$m = \frac{(x+1)^2}{2(x^2+x+1)}, \qquad x>0.$$

Let $g(x)=\frac{(x+1)^2}{x^2+x+1}$, so $m=g/2$. Then
$$g'(x)=\frac{(x+1)(1-x)}{(x^2+x+1)^2}.$$

- $g'(x)>0$ for $0<x<1$ (increasing),
- $g'(x)<0$ for $x>1$ (decreasing),

so $g$ has a unique maximum at $x=1$. Since
$$g(1)=\frac{4}{3},\qquad \lim_{x\to 0^+}g(x)=\lim_{x\to\infty}g(x)=1,$$
we get $m\in\big(\tfrac12,\,\tfrac23\big]$ with

$$\boxed{m_{\max}=\frac{2}{3}\quad\text{at}\quad x=1.}$$

When $x=1$: $\cos\theta=0$, i.e. $\theta=\pi/2$, so $M$ is the **midpoint of the semicircular arc** (the topmost point, directly above $O$).

Final Answer: $\boxed{\dfrac{2}{3}}$

### PROOF COMPLETE
DEVIN_CLI_EXITED code=0
