## Answer Leak Self-Check

I scanned the problem text. It contains only the problem statement ("Determine whether it is always possible to find a countable open locally finite refinement of a given open cover in a paracompact second-countable space.") and procedural constraints. No solution, proof sketch, answer value, or formalization hint is embedded. No leak detected. Proceeding.

---

## Proof

**Theorem.** Let $X$ be a paracompact, second-countable space. Then every open cover of $X$ admits a refinement that is simultaneously **countable**, **open**, and **locally finite**.

**Proof.** Let $\mathcal{U}$ be an arbitrary open cover of $X$.

**Step 1 — Reduce to a countable subcover.**  
A second-countable space is Lindelöf. (Indeed, fix a countable base $\mathcal{B}$. For each $x\in X$ and each $U\in\mathcal{U}$ with $x\in U$, pick a basic element $B\in\mathcal{B}$ with $x\in B\subseteq U$. The collection of basic elements so obtained is a subfamily of the countable base, hence countable; choosing one $U\in\mathcal{U}$ containing each such $B$ yields a countable subcover.)  
Therefore $\mathcal{U}$ admits a countable subcover $\{U_n\}_{n\in\mathbb{N}}$.

**Step 2 — Apply paracompactness to the countable subcover.**  
The family $\{U_n\}_{n\in\mathbb{N}}$ is itself an open cover of $X$. Since $X$ is paracompact, there exists a locally finite open refinement $\mathcal{W}$ of $\{U_n\}$. Concretely:
- every $W\in\mathcal{W}$ is open,
- $\bigcup_{W\in\mathcal{W}} W = X$,
- for every $W\in\mathcal{W}$ there is some $n$ with $W\subseteq U_n$,
- $\mathcal{W}$ is locally finite: each $x\in X$ has a neighborhood meeting only finitely many members of $\mathcal{W}$.

The family $\mathcal{W}$ need not be countable a priori.

**Step 3 — Extract a countable subcover of $\mathcal{W}$ using Lindelöf again.**  
$\mathcal{W}$ is an open cover of the Lindelöf space $X$, so it admits a countable subcover
$$\mathcal{W}' \;=\; \{W_k\}_{k\in\mathbb{N}} \;\subseteq\; \mathcal{W}.$$

**Step 4 — Verify the four required properties of $\mathcal{W}'$.**

1. **Countable.** By construction, $\mathcal{W}'$ is indexed by $\mathbb{N}$.

2. **Open.** Each $W_k$ is open, being a member of $\mathcal{W}$.

3. **Locally finite.** A subfamily of a locally finite family is locally finite: for each $x\in X$, the neighborhood $N_x$ witnessing local finiteness of $\mathcal{W}$ meets only finitely many members of $\mathcal{W}$, hence a fortiori only finitely many members of the subfamily $\mathcal{W}'\subseteq\mathcal{W}$.

4. **Refines $\mathcal{U}$.** Each $W_k\in\mathcal{W}'\subseteq\mathcal{W}$ is contained in some $U_{n(k)}$, and each $U_{n(k)}\in\{U_n\}\subseteq\mathcal{U}$. Hence $\mathcal{W}'$ refines $\mathcal{U}$.

5. **Covers $X$.** $\mathcal{W}'$ is a subcover of $\mathcal{W}$, so $\bigcup_{k} W_k = X$.

**Conclusion.** $\mathcal{W}'$ is a countable, open, locally finite refinement of the original cover $\mathcal{U}$. Since $\mathcal{U}$ was arbitrary, the answer is **yes**: in a paracompact second-countable space, every open cover admits a countable open locally finite refinement. $\blacksquare$

---

**Remark on the argument's structure.** The proof uses each hypothesis exactly once for what it is uniquely good at: second-countability supplies Lindelöf (used twice — once to shrink the original cover to a countable one, once to shrink the paracompact refinement to a countable subcover), and paracompactness supplies the locally finite open refinement. The closure of the argument hinges on the elementary fact that *subfamilies of locally finite families are locally finite*, which is what lets the second application of Lindelöf preserve the local finiteness obtained from paracompactness.

### PROOF COMPLETE
DEVIN_CLI_EXITED code=0
