I'll solve this step-by-step using directed angles and coordinates.

**Notation.** All angles are directed mod $\pi$. Let $\alpha,\beta,\gamma$ be the directions of lines $AB,BC,CD$, and $\theta,\phi$ the directions of lines $XY,YZ$.

**Step 1: Tangent conditions give angle relations.**

Since $Y$ lies on the circumcircle of $\triangle CYZ$ and $XY$ passes through $Y$, the tangency of $XY$ at $Y$ gives, by the tangent–chord angle theorem,
$$\angle(XY,YC)=\angle(YZ,ZC).$$
Here $YC$ is line $BC$ and $ZC$ is line $CD$, so $\beta-\theta=\gamma-\phi$, i.e.
$$\theta-\phi=\beta-\gamma. \tag{i}$$

Likewise $YZ$ tangent to the circumcircle of $\triangle BXY$ at $Y$ gives $\angle(YZ,YB)=\angle(YX,XB)$, i.e. $\beta-\phi=\alpha-\theta$, so
$$\theta-\phi=\alpha-\beta. \tag{ii}$$

From (i) and (ii): $\beta-\gamma=\alpha-\beta$, hence
$$2\beta=\alpha+\gamma, \tag{iii}$$
and $\angle XYZ=\angle(XY,YZ)=\phi-\theta=-(\alpha-\beta)=\beta-\alpha=\angle(AB,BC)$. So
$$\angle XYZ=\angle(AB,BC). \tag{iv}$$

**Step 2: Coordinate setup using (iii).**

Place $B=(0,0)$, $C=(1,0)$, so $\beta=0$. By (iii), $\gamma=-\alpha$: lines $AB$ and $CD$ are symmetric about $BC$. Write
$$A=a(\cos\alpha,\sin\alpha),\qquad D=(1,0)-e(\cos\alpha,-\sin\alpha)=(1-e\cos\alpha,\,e\sin\alpha)$$
with $a,e>0$ (convexity puts $A,D$ on the same side of $BC$). Note $|BA|=a$, $|CD|=e$, $|BC|=1$.

**Step 3: Ratio points.** Using $|AX|/|XB|=|BY|/|YC|=|CZ|/|ZD|=2$:
$$X=\tfrac13 A,\quad Y=\tfrac23 C=\bigl(\tfrac23,0\bigr),\quad Z=\tfrac13 C+\tfrac23 D.$$
Then
$$Y-X=\tfrac13(2-a\cos\alpha,\,-a\sin\alpha),\qquad Z-Y=\tfrac13(1-2e\cos\alpha,\,2e\sin\alpha).$$

**Step 4: The metric constraint $ae=1$.**

From (ii), $\theta-\phi=\alpha$ (since $\beta=0$), meaning $Y-X$ is parallel to $R_\alpha(Z-Y)$, where $R_\alpha$ is rotation by $\alpha$. Computing:
$$R_\alpha(Z-Y)=\tfrac13\bigl((1-2e\cos\alpha)\cos\alpha-2e\sin^2\alpha,\;(1-2e\cos\alpha)\sin\alpha+2e\sin\alpha\cos\alpha\bigr)=\tfrac13(\cos\alpha-2e,\,\sin\alpha).$$
Parallel gives $(2-a\cos\alpha,\,-a\sin\alpha)=\lambda(\cos\alpha-2e,\,\sin\alpha)$. The second component yields $\lambda=-a$ (since $\sin\alpha\neq0$ by non-collinearity of $A,B,C$); the first gives $2-a\cos\alpha=-a\cos\alpha+2ae$, hence
$$ae=1,\quad\text{i.e.}\quad |BA|\cdot|CD|=|BC|^2. \tag{v}$$

**Step 5: Compute $\angle(AC,BD)$.**

Set $v_1=C-A=(1-a\cos\alpha,\,-a\sin\alpha)$ and $v_2=D-B=(1-e\cos\alpha,\,e\sin\alpha)$. Then
$$v_1\times v_2=(1-a\cos\alpha)(e\sin\alpha)-(-a\sin\alpha)(1-e\cos\alpha)=\sin\alpha\bigl[(a+e)-2ae\cos\alpha\bigr],$$
$$v_1\cdot v_2=(1-a\cos\alpha)(1-e\cos\alpha)-ae\sin^2\alpha=1-(a+e)\cos\alpha+ae\cos 2\alpha.$$
Using $ae=1$:
$$v_1\times v_2=\sin\alpha\bigl[(a+e)-2\cos\alpha\bigr],\qquad v_1\cdot v_2=\cos\alpha\bigl[2\cos\alpha-(a+e)\bigr].$$
Therefore
$$\tan\angle(AC,BD)=\frac{v_1\times v_2}{v_1\cdot v_2}=\frac{\sin\alpha\bigl[(a+e)-2\cos\alpha\bigr]}{\cos\alpha\bigl[2\cos\alpha-(a+e)\bigr]}=-\tan\alpha.$$
So $\angle(AC,BD)\equiv -\alpha=\beta-\alpha=\angle(AB,BC)\pmod\pi$. By (iv),
$$\angle(AC,BD)=\angle(AB,BC)=\angle XYZ \pmod\pi. \tag{vi}$$

**Step 6: Conclusion.**

Since $P$ is the intersection of diagonals $AC$ and $BD$ of the convex quadrilateral, $P$ lies in the interior and $\angle APD=\angle(AC,BD)$ as an angle in $(0,\pi)$. Both $\angle APD$ and $\angle XYZ$ lie in $(0,\pi)$ (the latter because $\theta-\phi=\alpha\neq0$ prevents $X,Y,Z$ from being collinear). Since the reduction mod $\pi$ is a bijection on $(0,\pi)$, (vi) gives
$$\angle APD=\angle XYZ.$$

### PROOF COMPLETE
DEVIN_CLI_EXITED code=0
