## Answer Leak Check

The problem text contains only the problem statement—no solutions, sketches, or formalization notes. No leak detected. Proceeding.

## Proof

Let $f(A) = x^T A^T A x$, a scalar function of $A \in \mathbb{R}^{n\times n}$ with $x \in \mathbb{R}^n$ fixed. Observe that $f = (Ax)^T(Ax) = \|Ax\|^2 \ge 0$.

**Step 1: Compute the differential.**

Using the product rule on $f = x^T A^T A x$:

$$df = x^T (dA^T)\, A x + x^T A^T (dA)\, x.$$

**Step 2: Simplify the first term.**

The first term $x^T (dA^T) A x$ is a scalar, hence equal to its own transpose:

$$x^T (dA^T) A x = \bigl(x^T (dA^T) A x\bigr)^T = x^T A^T (dA)\, x.$$

Therefore both terms are identical, and

$$df = 2\, x^T A^T (dA)\, x.$$

**Step 3: Rewrite as a trace to identify the gradient.**

Since $df$ is a scalar, $df = \operatorname{tr}(df)$. Using the cyclic property of the trace,

$$df = 2\operatorname{tr}\!\bigl(x^T A^T (dA)\, x\bigr) = 2\operatorname{tr}\!\bigl(x\, x^T A^T (dA)\bigr) = \operatorname{tr}\!\bigl(2\, x x^T A^T\, dA\bigr).$$

Recall the standard identification: for a scalar function $f(A)$, the gradient $\nabla_A f$ is the unique matrix satisfying

$$df = \operatorname{tr}\!\bigl((\nabla_A f)^T dA\bigr).$$

Comparing with our expression $df = \operatorname{tr}\!\bigl(2\, x x^T A^T\, dA\bigr)$, we read off

$$(\nabla_A f)^T = 2\, x x^T A^T,$$

so

$$\nabla_A f = 2\, A\, x\, x^T.$$

**Step 4: Verification (dimension and special-case checks).**

- *Dimensions:* $A\,x\,x^T \in \mathbb{R}^{n\times n}$, matching $\nabla_A f$. ✓
- *First-order condition:* With $G = 2Axx^T$, we have $G^T = 2xx^T A^T$, and $\operatorname{tr}(G^T dA) = 2\operatorname{tr}(xx^T A^T dA) = 2\,x^T A^T dA\, x = df$. ✓
- *Scalar case ($n=1$):* $f = a^2 x^2$, so $\frac{df}{da} = 2ax^2 = 2a\,x\,x^T$. ✓
- *Stationary point:* $\nabla_A f = 0 \iff Ax = 0 \iff f = 0$, consistent with $f=\|Ax\|^2$ attaining its minimum $0$ exactly when $Ax=0$. ✓

## Result

$$\boxed{\nabla_A \bigl(x^T A^T A x\bigr) = 2\, A\, x\, x^T}$$

### PROOF COMPLETE
DEVIN_CLI_EXITED code=0
