I'll solve this problem directly. Let me first check for answer leaks — the problem text contains only the problem statement with no solutions, proof sketches, or embedded answers. No leak detected.

Now let me work through the problem.

**Claim:** The statement is **false**. I will construct a counterexample.

**Counterexample:** Let $G = \mathrm{PSL}(2,31)$ and $G' = \mathrm{PSL}(2,32)$, with $p = 3$.

**Step 1: Both groups are finite simple.**

$\mathrm{PSL}(2,q)$ is simple for all $q \geq 4$. Since $31 \geq 4$ and $32 \geq 4$, both $G$ and $G'$ are finite simple groups. They are non-isomorphic since they have different orders (computed below).

**Step 2: Compute the orders and verify $3 \parallel |G|$ and $3 \parallel |G'|$.**

$$|G| = |\mathrm{PSL}(2,31)| = \frac{31 \cdot (31-1)(31+1)}{2} = \frac{31 \cdot 30 \cdot 32}{2} = 14880 = 2^5 \cdot 3 \cdot 5 \cdot 31.$$

$$|G'| = |\mathrm{PSL}(2,32)| = 32 \cdot (32-1)(32+1) = 32 \cdot 31 \cdot 33 = 32736 = 2^5 \cdot 3 \cdot 11 \cdot 31.$$

(For $q$ even, $\gcd(2,q-1)=1$, so $|\mathrm{PSL}(2,q)| = q(q-1)(q+1)$.)

In both orders, $3$ divides exactly once, so $3 \parallel |G|$ and $3 \parallel |G'|$. Hence every Sylow $3$-subgroup of both $G$ and $G'$ has order $3$, i.e., is isomorphic to $C_3$ (cyclic of prime order). ✓

**Step 3: Compute $n_3(G)$ and $n_3(G')$.**

*General setup for $\mathrm{PSL}(2,q)$:* The maximal tori are:
- **Split torus** $T_s$ of order $(q-1)/d$ where $d = \gcd(2,q-1)$, with normalizer $N_G(T_s)$ a dihedral group of order $2(q-1)/d$.
- **Non-split torus** $T_n$ of order $(q+1)/d$, with normalizer $N_G(T_n)$ a dihedral group of order $2(q+1)/d$.

When an odd prime $r$ divides the torus order exactly once ($r \parallel |T|$), the Sylow $r$-subgroup $P_r$ is the *unique* subgroup of order $r$ in the cyclic torus $T$, hence $P_r$ is characteristic in $T$. This gives $N_G(P_r) = N_G(T)$. (The centralizer $C_G(P_r) = T$ since elements of order $r$ in the torus are regular semisimple — their eigenvalues $\lambda, \lambda^{-1}$ are distinct because $\lambda^2 \neq 1$ for $r$ odd — so the centralizer is exactly the torus.)

*For $G = \mathrm{PSL}(2,31)$* ($q=31$ odd, $d=2$): The split torus has order $(31-1)/2 = 15 = 3 \cdot 5$. Since $3 \parallel 15$, the Sylow $3$-subgroup lies in the split torus and:

$$N_G(P_3) = N_G(T_s), \quad |N_G(P_3)| = 2 \cdot 15 = 30.$$

$$n_3(G) = \frac{|G|}{|N_G(P_3)|} = \frac{14880}{30} = 496.$$

*For $G' = \mathrm{PSL}(2,32)$* ($q=32$ even, $d=1$): The non-split torus has order $(32+1)/1 = 33 = 3 \cdot 11$. Since $3 \parallel 33$, the Sylow $3$-subgroup lies in the non-split torus and:

$$N_{G'}(P_3) = N_{G'}(T_n), \quad |N_{G'}(P_3)| = 2 \cdot 33 = 66.$$

$$n_3(G') = \frac{|G'|}{|N_{G'}(P_3)|} = \frac{32736}{66} = 496.$$

**Step 4: Verification.**

- $n_3 = 496 \equiv 1 \pmod{3}$: $496 = 165 \cdot 3 + 1$. ✓
- $496 \mid 14880$: $14880 / 496 = 30$. ✓
- $496 \mid 32736$: $32736 / 496 = 66$. ✓
- Both Sylow $3$-subgroups are $C_3$. ✓
- Both groups are simple. ✓
- $G \not\cong G'$ since $|G| = 14880 \neq 32736 = |G'|$. ✓

**Conclusion:**

We have exhibited two finite simple groups $G = \mathrm{PSL}(2,31)$ and $G' = \mathrm{PSL}(2,32)$, a prime $p = 3$ dividing both orders, with every Sylow $3$-subgroup of both groups being cyclic of prime order $C_3$, and with the same number of Sylow $3$-subgroups ($n_3 = 496$ for both), yet $G \not\cong G'$.

Therefore, the answer is **no**: the equality of the number of Sylow $p$-subgroups does not imply $G \cong G'$.

### PROOF COMPLETE
DEVIN_CLI_EXITED code=0
