I'll solve this directly in the TUI using complex coordinates.

**Proof.** Place the circumcircle as the unit circle in the complex plane with center $O$ at the origin. Let $a,b,c$ be the complex coordinates of $A,B,C$, with $|a|=|b|=|c|=1$.

**The line through $O$.** A line through the origin consists of points $z$ satisfying $z=q\bar z$ for some fixed $q$ with $|q|=1$ (namely $q=e^{2i\theta}$, where $\theta$ is the direction of the line).

**Lines $AB$ and $AC$.** For two points $u,v$ on the unit circle, the line through them has equation $z+uv\,\bar z=u+v$. Hence
$$AB:\ z+ab\,\bar z=a+b,\qquad AC:\ z+ac\,\bar z=a+c.$$

**Finding $M$ and $N$.** Since $M$ lies on the line through $O$ and on $AB$,
$$M=q\bar M,\qquad M+ab\,\bar M=a+b.$$
Substituting $\bar M=M/q$ gives $M(1+ab/q)=a+b$, so
$$M=\frac{q(a+b)}{q+ab}.$$
Likewise
$$N=\frac{q(a+c)}{q+ac}.$$

**Midpoints $S$ and $R$.**
$$S=\frac{b+N}{2}=\frac{b(q+ac)+q(a+c)}{2(q+ac)}=\frac{q(a+b+c)+abc}{2(q+ac)},$$
$$R=\frac{c+M}{2}=\frac{c(q+ab)+q(a+b)}{2(q+ab)}=\frac{q(a+b+c)+abc}{2(q+ab)}.$$
The common factor $q(a+b+c)+abc$ cancels, giving the key identity
$$\frac{S}{R}=\frac{q+ab}{q+ac}.\tag{$\star$}$$

**The angle equality.** The directed angle $\angle BAC$ equals $\arg\!\bigl(\tfrac{c-a}{b-a}\bigr)$, and the directed angle $\angle ROS$ (at $O$, from $OR$ to $OS$) equals $\arg(S/R)$. Consider
$$Y=\frac{S}{R}\cdot\frac{c-a}{b-a}=\frac{(q+ab)(c-a)}{(q+ac)(b-a)}.$$
We show $Y\in\mathbb R$. Using $\bar u=1/u$ for $|u|=1$:
$$\overline{q+ab}=\frac1q+\frac1{ab}=\frac{q+ab}{qab},\quad \overline{c-a}=\frac1c-\frac1a=-\frac{c-a}{ac},$$
$$\overline{q+ac}=\frac{q+ac}{qac},\quad \overline{b-a}=\frac1b-\frac1a=-\frac{b-a}{ab}.$$
Therefore
$$\bar Y=\frac{\dfrac{q+ab}{qab}\cdot\Bigl(-\dfrac{c-a}{ac}\Bigr)}{\dfrac{q+ac}{qac}\cdot\Bigl(-\dfrac{b-a}{ab}\Bigr)}=\frac{(q+ab)(c-a)}{(q+ac)(b-a)}=Y.$$
So $Y=\bar Y$, hence $Y$ is real. Consequently
$$\arg\!\Bigl(\frac{S}{R}\Bigr)+\arg\!\Bigl(\frac{c-a}{b-a}\Bigr)\equiv 0\pmod{\pi},$$
i.e. the directed angle $\angle ROS\equiv -\angle BAC\pmod{\pi}$. Taking (non-negative) angle measures,
$$\measuredangle ROS=\measuredangle BAC.$$

The degenerate cases (the line through $O$ parallel to a side, or $R$ or $S$ coinciding with $O$) are excluded by the hypothesis that the line meets $AB$ and $AC$ at well-defined finite points and that the angle is defined; the result extends to limiting configurations by continuity. $\blacksquare$

### PROOF COMPLETE
DEVIN_CLI_EXITED code=0
