## Answer

**No, $S$ is not necessarily countable.** We exhibit a counterexample: a continuous function $\mathbb{R}\to\mathbb{R}$, differentiable except on the Cantor set $C$, which is uncountable yet has measure zero.

---

### Construction

Let $C\subset[0,1]$ be the middle-thirds Cantor set, and let $F\colon[0,1]\to[0,1]$ be the **Cantor function** (Devil's staircase), defined as follows. Every $x\in C$ has a ternary expansion $x=0.a_1a_2a_3\ldots_3$ with $a_i\in\{0,2\}$; set
$$F(x)=0.\tfrac{a_1}{2}\,\tfrac{a_2}{2}\,\tfrac{a_3}{2}\ldots\;{}_{2}\quad(\text{interpreted in binary}).$$
On each open interval $(a,b)$ removed during the construction of $C$, define $F$ to be constant, equal to the common value at the endpoints. Extend to all of $\mathbb{R}$ by $F(x)=0$ for $x\le 0$ and $F(x)=1$ for $x\ge 1$.

The function $F$ is continuous on $\mathbb{R}$ (it is monotone non-decreasing and maps $[0,1]$ onto $[0,1]$, with jumps filled in by constancy on removed intervals). It is constant on each component of $\mathbb{R}\setminus C$, hence $F'\equiv 0$ on $\mathbb{R}\setminus C$.

### $F$ is not differentiable at any point of $C$

Let $x\in C$ with ternary expansion $x=0.a_1a_2\ldots_3$, $a_i\in\{0,2\}$.

**Case 1: $x$ has infinitely many digits equal to $2$.** For each $n$ with $a_{n+1}=2$, set $x_n=0.a_1a_2\ldots a_n\,0\,0\,0\ldots_3\in C$. Then $x_n\to x$ from below, and
$$F(x)-F(x_n)=\sum_{k=n+1}^{\infty}\tfrac{a_k}{2}\,2^{-k}\ge 2^{-(n+1)},\qquad x-x_n=\sum_{k=n+1}^{\infty}a_k\,3^{-k}\le \sum_{k=n+1}^{\infty}2\cdot 3^{-k}=3^{-n}.$$
Therefore
$$\frac{F(x)-F(x_n)}{x-x_n}\ge \frac{2^{-(n+1)}}{3^{-n}}=\tfrac12\bigl(\tfrac32\bigr)^{n}\xrightarrow[n\to\infty]{}\infty.$$
The difference quotient is unbounded, so $F'(x)$ does not exist as a finite limit.

**Case 2: $x$ is an endpoint of a removed interval** (ternary expansion eventually all $0$s or eventually all $2$s). If $x$ is a *left* endpoint, then $F$ is constant on an interval $(x,b)$ to the right, so the right derivative is $0$; approaching $x$ from the left along points of $C$ and applying the same ratio estimate as in Case 1 gives difference quotients tending to $+\infty$. The left endpoint case is symmetric (use $F(1-t)=1-F(t)$). In either subcase the two one-sided difference quotients disagree (one is $0$, the other is $+\infty$), so $F$ is not differentiable at $x$.

Combining both cases, $F$ is differentiable exactly on $\mathbb{R}\setminus C$ and fails to be differentiable at **every** point of $C$.

### Conclusion

The Cantor set $C$ is **uncountable** (it bijects with $\{0,2\}^{\mathbb{N}}$) and has **Lebesgue measure zero** (its measure is $\lim_{n\to\infty}(2/3)^n=0$). Taking $f=F$ and $S=C$, we have a function continuous everywhere and differentiable exactly on $\mathbb{R}\setminus S$, with $S$ of measure zero yet **uncountable**.

Therefore $S$ need not be countable.

### PROOF COMPLETE
DEVIN_CLI_EXITED code=0
