先进行答案泄露自检：题目文本仅陈述问题，未包含任何解答、答案值或证明草图。未检测到泄露。

现在开始解答。

---

**答案：是的，$S$ 可以是实数。**

**构造。** 设 $\alpha$ 为一个满足 $0 < \alpha < 1$ 的超越数（例如 $\alpha = 1/\pi$，因为 $\pi$ 是超越数，所以 $1/\pi \approx 0.318$ 也是超越数）。定义

$$
a_1 = 1 - \alpha, \qquad a_k = \alpha^{k-1}(1-\alpha) \quad (k \ge 2).
$$

**每个 $a_k$ 都是正无理数。** 由于 $\alpha \in (0,1)$，我们有 $1-\alpha > 0$ 且 $\alpha^{k-1} > 0$，因此每个 $a_k > 0$。至于无理性：$a_1 = 1-\alpha$ 是无理数，因为 $\alpha$ 是超越数。对于 $k \ge 2$，如果 $a_k = \alpha^{k-1}(1-\alpha) = \alpha^{k-1} - \alpha^k$ 是有理数 $q$，那么 $\alpha$ 将满足非零多项式 $x^k - x^{k-1} + q = 0$（$q=0$ 的情况会迫使 $\alpha \in \{0,1\}$，这与 $0<\alpha<1$ 矛盾），这与 $\alpha$ 的超越性相矛盾。因此每个 $a_k$ 都是无理数。

**该和是有理数。** 该级数是收敛的几何级数：

$$
S = (1-\alpha) + \sum_{k=2}^{\infty} \alpha^{k-1}(1-\alpha) = (1-\alpha)\Bigl(1 + \sum_{m=1}^{\infty}\alpha^m\Bigr) = (1-\alpha)\cdot\frac{1}{1-\alpha} = 1.
$$

因此 $S = 1 \in \mathbb{Q}$。

**不存在有理仿射关系 $a_i = u\,a_j + v$。** 我们证明对于所有 $i \ne j$，$\{1, a_i, a_j\}$ 在 $\mathbb{Q}$ 上是线性无关的，这等价于不存在有理数 $u, v$ 使得 $a_i = u\,a_j + v$（任何此类关系都会给出一个非平凡的 $\mathbb{Q}$-关系 $-v\cdot 1 + 1\cdot a_i - u\cdot a_j = 0$；反之，任何系数 $q \ne 0$ 的非平凡关系 $p + q\,a_i + s\,a_j = 0$ 都会得出 $a_i = (-s/q)\,a_j + (-p/q)$）。

假设 $p + q\,a_i + s\,a_j = 0$，其中 $p, q, s \in \mathbb{Q}$。利用 $a_1 = 1-\alpha$ 和 $a_k = \alpha^{k-1} - \alpha^k$，这变成了 $\alpha$ 的一个多项式方程。由于 $\alpha$ 是超越数，该多项式必须恒为零，因此每个系数都为零。

- **$i=1$, $j \ge 2$：** 方程为 $(p+q) + (s-q)\alpha - s\alpha^2 = 0$（当 $j=2$ 时）或 $(p+q) - q\alpha + s\alpha^{j-1} - s\alpha^j = 0$（当 $j \ge 3$ 时，涉及四个不同的幂次）。令系数为零可得 $p=q=s=0$。
- **$2 \le i < j$：** 方程为 $p + q\alpha^{i-1} - q\alpha^i + s\alpha^{j-1} - s\alpha^j = 0$，涉及四个不同的幂次 $\alpha^{i-1}, \alpha^i, \alpha^{j-1}, \alpha^j$（因为 $i-1 < i \le j-1 < j$）。令系数为零可得 $p=q=s=0$。

在所有情况下，$p=q=s=0$，因此 $\{1, a_i, a_j\}$ 在 $\mathbb{Q}$ 上是线性无关的。因此，没有 $a_i$ 可以被写成 $a_i = u\,a_j + v$，其中 $u, v \in \mathbb{Q}$（对于任何 $j \ne i$）。

**结论。** 该序列 $(a_k)$ 由正无理数组成，其和为 $S = 1$（有理数），并且没有任何一项是另一项的（有理）线性组合。因此，**是的**，$S$ 可以是有理数。

### 证明完成
DEVIN_CLI_EXITED code=0
