Looking at this problem, I need to find a linear functional $f$ defining the hyperplane $W$ that also supports $K$ at $x$.

**Answer Leak Check:** The problem text contains no leaked solutions, sketches, or answer values. Proceeding to solve.

---

## Proof

**Setup.** Since $W$ is an affine hyperplane ($\dim W = n-1$) containing $x$, write $W = x + H$ where $H$ is a codimension-1 linear subspace. Let $\ell: V \to \mathbb{R}$ be any nonzero linear functional with $\ker(\ell) = H$, so $W = \{y \in V : \ell(y) = \ell(x)\}$. Any $f$ satisfying $W = \{y : f(y) = f(x)\}$ must have $\ker(f) = H$, so $f = \alpha\,\ell$ for some nonzero scalar $\alpha$.

**Key Claim:** $K \setminus \{x\}$ lies entirely in one of the two open half-spaces $\{\ell > \ell(x)\}$ or $\{\ell < \ell(x)\}$.

*Proof of Claim.* If $K = \{x\}$ the claim is vacuous. Assume $K \neq \{x\}$. Let $L = \operatorname{aff}(K)$ with $d = \dim L \geq 1$. Then $K$ has nonempty **relative interior** in $L$. Since $x \in K \subset L$ and $x \in W$, we have $x \in L \cap W$.

If $L \subset W$, then $K \subset W$, so $K = W \cap K = \{x\}$, contradicting $K \neq \{x\}$. Hence $L \not\subset W$, and $L \cap W = x + (M \cap H)$ (where $L = x + M$, $\dim M = d$) is a hyperplane in $L$ of dimension $d - 1$.

**$x$ is on the relative boundary of $K$ in $L$:** If $x$ were in the relative interior, some relative neighborhood of $x$ in $L$ would lie in $K$. Its intersection with the hyperplane $L \cap W$ would be $(d{-}1)$-dimensional, giving $|W \cap K| > 1$, contradicting $W \cap K = \{x\}$.

**Suppose for contradiction** that $K$ has points on both sides of $L \cap W$ in $L$. Let $b \in \operatorname{relint}(K)$ (relative interior in $L$). Then $b \notin L \cap W$ (else $b \in K \cap W = \{x\}$, so $b = x$, but $x$ is on the relative boundary—contradiction). Say $\ell(b) > \ell(x)$.

By assumption there exists $y \in K$ with $\ell(y) < \ell(x)$. By convexity, $[y, b] \subset K$. By the standard convexity property, since $b \in \operatorname{relint}(K)$, the half-open segment $(y, b] \subset \operatorname{relint}(K)$.

The continuous function $\ell$ on $[y,b]$ satisfies $\ell(y) < \ell(x) < \ell(b)$, so by the intermediate value theorem there exists $z \in (y, b)$ with $\ell(z) = \ell(x)$, i.e., $z \in W$. Since $z \in (y,b] \subset \operatorname{relint}(K) \subset K$, we have $z \in W \cap K = \{x\}$, so $z = x$.

But $z \in (y, b] \subset \operatorname{relint}(K)$, so $x \in \operatorname{relint}(K)$—**contradicting** that $x$ is on the relative boundary. $\square$

**Determining $f$.** By the claim, either:
- $\ell(y) \leq \ell(x)$ for all $y \in K$ (with equality only at $y = x$), or
- $\ell(y) \geq \ell(x)$ for all $y \in K$ (with equality only at $y = x$).

**Case 1:** $\ell(y) \leq \ell(x)$ for all $y \in K$. Set $f = \ell$. Then:
- $W = \{y : f(y) = f(x)\}$ since $\ker(f) = H = \operatorname{dir}(W)$. ✓
- $f(x) = \ell(x) \geq \ell(y) = f(y)$ for all $y \in K$, and $f(x) = f(x)$ is attained, so $f(x) = \sup_{y \in K} f(y)$. ✓

**Case 2:** $\ell(y) \geq \ell(x)$ for all $y \in K$. Set $f = -\ell$. Then:
- $\ker(f) = \ker(\ell) = H$, so $W = \{y : f(y) = f(x)\}$. ✓
- $f(y) = -\ell(y) \leq -\ell(x) = f(x)$ for all $y \in K$, so $f(x) = \sup_{y \in K} f(y)$. ✓

**Uniqueness.** Any $f$ satisfying $W = \{y : f(y) = f(x)\}$ must be $f = \alpha\,\ell$ for some $\alpha \neq 0$. The condition $f(x) = \sup_K f$ forces $\alpha > 0$ in Case 1 and $\alpha < 0$ in Case 2. Thus $f$ is **determined up to positive scalar multiple**: it is the unique (up to positive scaling) linear functional whose kernel equals $\operatorname{dir}(W)$ and for which $K \subset \{y : f(y) \leq f(x)\}$.

**Conclusion.** The linear functional $f$ is the **supporting hyperplane functional to $K$ at $x$ with supporting hyperplane $W$**:

$$\boxed{f = \alpha\,\ell, \quad \alpha > 0, \quad \ker(\ell) = \operatorname{dir}(W), \quad K \subset \{y \in V : \ell(y) \leq \ell(x)\}}$$

where $\ell$ is any nonzero linear functional defining $W$ (i.e., $W = \{y : \ell(y) = \ell(x)\}$), oriented so that $K$ lies in the closed half-space $\{\ell \leq \ell(x)\}$. The functional $f$ is unique up to multiplication by a positive constant.

### PROOF COMPLETE
DEVIN_CLI_EXITED code=0
