Looking at this problem, I need to find natural numbers $n$ satisfying $1 + \lfloor 2012n/2013 \rfloor = \lceil 2013n/2014 \rceil$.

## Setup: Simplify using the structure

Since $\frac{2012}{2013} = 1 - \frac{1}{2013}$ and $\frac{2013}{2014} = 1 - \frac{1}{2014}$:

$$\frac{2012n}{2013} = n - \frac{n}{2013}, \qquad \frac{2013n}{2014} = n - \frac{n}{2014}.$$

Using the identities $\lfloor n - x \rfloor = n - \lceil x \rceil$ and $\lceil n - x \rceil = n - \lfloor x \rfloor$ (for integer $n$):

$$\lfloor 2012n/2013 \rfloor = n - \lceil n/2013 \rceil, \qquad \lceil 2013n/2014 \rceil = n - \lfloor n/2014 \rfloor.$$

Substituting into the equation:

$$1 + n - \lceil n/2013 \rceil = n - \lfloor n/2014 \rfloor$$

$$\lfloor n/2014 \rfloor = \lceil n/2013 \rceil - 1.$$

## Parameterize by $a = \lceil n/2013 \rceil$

Let $a = \lceil n/2013 \rceil$. Then $\lfloor n/2014 \rfloor = a - 1$.

- $\lceil n/2013 \rceil = a \iff 2013(a-1) < n \le 2013a$
- $\lfloor n/2014 \rfloor = a-1 \iff 2014(a-1) \le n < 2014a$

The intersection of these two conditions is:

$$\bigl(\max(2013(a{-}1),\, 2014(a{-}1)),\; \min(2013a,\, 2014a)\bigr] = (2014(a{-}1),\; 2013a\,]$$

since $2014(a-1) \ge 2013(a-1)$ for $a \ge 1$, and $2013a < 2014a$ always.

## Non-emptiness condition

The interval $(2014(a-1),\, 2013a]$ contains an integer iff $2014(a-1) < 2013a$, i.e., $a < 2014$.

So $a$ ranges over $\{1, 2, \ldots, 2013\}$.

## Count per value of $a$

For each valid $a$, the integers in $(2014(a-1),\, 2013a]$ number:

$$2013a - 2014(a-1) = 2013a - 2014a + 2014 = 2014 - a.$$

**Verification of boundaries:**
- $a=1$: interval $(0, 2013]$, integers $1,\ldots,2013$ → $2013 = 2014-1$ ✓  
  Check $n=2013$: $\lfloor 2012\cdot2013/2013\rfloor = 2012$, so LHS $= 2013$; $\lceil 2013^2/2014\rceil = \lceil 2013 - 2013/2014\rceil = 2013$ ✓
- $a=2013$: interval $(2014\cdot2012,\, 2013^2] = (2013^2-1,\, 2013^2]$, single integer $2013^2$ → $1 = 2014-2013$ ✓

## Total

$$\sum_{a=1}^{2013}(2014 - a) = \sum_{k=1}^{2013} k = \frac{2013 \cdot 2014}{2} = 2013 \times 1007 = \boxed{2027091}.$$

### PROOF COMPLETE
DEVIN_CLI_EXITED code=0
