Looking at this problem, I need to compute $\sum_{k=0}^{n} \cot^4 \frac{k\pi}{2n+1}$. The $k=0$ term gives $\cot(0)$ which is undefined, so the sum is effectively $\sum_{k=1}^{n} \cot^4 \frac{k\pi}{2n+1}$.

**Setup.** Let $m = 2n+1$. Consider $\tan(m\theta) = 0$, which holds when $\theta = \frac{k\pi}{m}$ for integer $k$. For odd $m$, the expansion gives:

$$\tan(m\theta) = \frac{\displaystyle\sum_{i=0}^{n} (-1)^i \binom{2n+1}{2i+1} t^{2i+1}}{\displaystyle\sum_{i=0}^{n} (-1)^i \binom{2n+1}{2i+2} t^{2i+2}}, \quad t = \tan\theta$$

The numerator (divided by $t$, excluding the trivial root $t=0$) yields the polynomial in $u = t^2$:

$$Q(u) = \sum_{i=0}^{n} (-1)^i \binom{2n+1}{2i+1} u^i = 0$$

whose roots are $r_k = \tan^2\frac{k\pi}{m}$ for $k=1,\ldots,n$ (using the symmetry $\tan\frac{(m-k)\pi}{m} = -\tan\frac{k\pi}{m}$).

**Vieta's relations.** Since $Q(u) = (-1)^n \prod_{k=1}^n (u - r_k)$, comparing coefficients:

| Coefficient of $u^i$ | From $Q(u)$ | From factored form | Result |
|---|---|---|---|
| $u^n$ (leading) | $(-1)^n$ | $(-1)^n$ | — |
| $u^{n-1}$ | $(-1)^{n-1}\binom{2n+1}{2}$ | $(-1)^{n+1}e_1$ | $e_1 = n(2n+1)$ |
| $u^1$ | $-\binom{2n+1}{3}$ | $-e_{n-1}$ | $e_{n-1} = \binom{2n+1}{3}$ |
| $u^0$ (constant) | $2n+1$ | $e_n$ | $e_n = 2n+1$ |
| $u^2$ | $\binom{2n+1}{5}$ | $e_{n-2}$ | $e_{n-2} = \binom{2n+1}{5}$ |

**Computing $S_1 = \sum \cot^2\frac{k\pi}{m}$.** Since $\cot^2\theta = 1/\tan^2\theta$:

$$S_1 = \sum_{k=1}^n \frac{1}{r_k} = \frac{e_{n-1}}{e_n} = \frac{\binom{2n+1}{3}}{2n+1} = \frac{n(2n-1)}{3}$$

**Computing $S_2 = \sum \cot^4\frac{k\pi}{m}$.** Using $\sum \frac{1}{r_k^2} = \left(\sum \frac{1}{r_k}\right)^2 - 2\sum_{j<k}\frac{1}{r_j r_k}$, where $\sum_{j<k}\frac{1}{r_j r_k} = \frac{e_{n-2}}{e_n}$:

$$\frac{e_{n-2}}{e_n} = \frac{\binom{2n+1}{5}}{2n+1} = \frac{(2n)(2n-1)(2n-2)(2n-3)}{120} = \frac{n(n-1)(2n-1)(2n-3)}{30}$$

Therefore:

$$S_2 = \left(\frac{n(2n-1)}{3}\right)^2 - 2\cdot\frac{n(n-1)(2n-1)(2n-3)}{30}$$

$$= \frac{n^2(2n-1)^2}{9} - \frac{n(n-1)(2n-1)(2n-3)}{15}$$

$$= \frac{n(2n-1)}{45}\Big[5n(2n-1) - 3(n-1)(2n-3)\Big]$$

Expanding the bracket:
- $5n(2n-1) = 10n^2 - 5n$
- $3(n-1)(2n-3) = 6n^2 - 15n + 9$
- Difference: $4n^2 + 10n - 9$

$$\boxed{S_2 = \frac{n(2n-1)(4n^2+10n-9)}{45}}$$

**Verification.**
- $n=1$: $\cot^4\frac{\pi}{3} = \frac{1}{9}$; formula gives $\frac{1\cdot1\cdot5}{45} = \frac{1}{9}$. ✓
- $n=2$: $\cot^4\frac{\pi}{5}+\cot^4\frac{2\pi}{5} = 3.6$; formula gives $\frac{2\cdot3\cdot27}{45} = \frac{162}{45} = 3.6$. ✓
- $n=3$: numerically $\approx 19.000$; formula gives $\frac{3\cdot5\cdot57}{45} = 19$. ✓

### PROOF COMPLETE
DEVIN_CLI_EXITED code=0
