## Solution

**Answer leak check:** The problem statement contains only the equation and the question. No solution, sketch, or answer is embedded. Proceeding.

---

We count the real solutions of $|\cos(\pi x)| = \dfrac{x^2}{4n^2}$, where $n \in \mathbb{N}$.

### Domain restriction

Since $|\cos(\pi x)| \in [0,1]$, we need $\dfrac{x^2}{4n^2} \le 1$, i.e. $|x| \le 2n$. At $x=0$: LHS $= 1$, RHS $= 0$, so $x=0$ is **not** a solution.

Both sides are even functions of $x$, so solutions come in pairs $\pm x$. We count solutions for $x > 0$ and double.

### Setup

Define $h(x) = |\cos(\pi x)| - \dfrac{x^2}{4n^2}$. We analyze $h$ on each unit interval $[k, k+1]$ for $k = 0, 1, \dots, 2n-1$.

**Key properties of $|\cos(\pi x)|$ on $[k, k+1]$:** It equals $1$ at $x = k$ and $x = k+1$, and equals $0$ at $x = k + \tfrac{1}{2}$. It is strictly decreasing on $(k, k+\tfrac{1}{2})$ and strictly increasing on $(k+\tfrac{1}{2}, k+1)$.

The RHS $g(x) = \dfrac{x^2}{4n^2}$ is strictly increasing for $x > 0$.

### First half: $(k,\; k+\tfrac{1}{2})$

Here $|\cos(\pi x)|$ is strictly decreasing (from $1$ to $0$) and $g(x)$ is strictly increasing, so $h$ is **strictly decreasing**. We check:
$$h(k) = 1 - \frac{k^2}{4n^2} > 0 \quad (\text{since } k \le 2n-1 < 2n),$$
$$h\!\left(k+\tfrac{1}{2}\right) = 0 - \frac{(k+\frac{1}{2})^2}{4n^2} < 0.$$

By IVT and strict monotonicity: **exactly 1 crossing** on $(k, k+\tfrac{1}{2})$.

This gives $2n$ solutions (one per $k = 0, \dots, 2n-1$).

### Second half: $(k+\tfrac{1}{2},\; k+1)$

Here both $|\cos(\pi x)|$ and $g(x)$ are increasing, so monotonicity of $h$ is not immediate. We examine $h'$:
$$h'(x) = \pi\,|\sin(\pi x)| - \frac{x}{2n^2}.$$

On $(k+\tfrac{1}{2}, k+1)$, $|\sin(\pi x)|$ strictly decreases from $1$ to $0$, while $\frac{x}{2n^2}$ strictly increases. Therefore **$h'$ is strictly decreasing**, so $h$ has at most one critical point (a maximum). Thus $h$ is **unimodal**: it increases then decreases.

**Case 1: $k+1 < 2n$ (i.e. $k \le 2n-2$).** Then
$$h(k+1) = 1 - \frac{(k+1)^2}{4n^2} > 0, \qquad h\!\left(k+\tfrac{1}{2}\right) < 0.$$
Since $h$ goes from negative, up through a single maximum, and back down to a **positive** value, it crosses zero **exactly once**. This gives $2n - 1$ solutions.

**Case 2: $k+1 = 2n$ (i.e. $k = 2n-1$).** Then
$$h(2n) = 1 - \frac{4n^2}{4n^2} = 0, \qquad h\!\left(2n - \tfrac{1}{2}\right) < 0.$$
We verify the maximum of $h$ on this interval is positive. Near $x = 2n$, set $u = x - 2n < 0$ (small):
$$h(x) \approx \left(1 - \frac{\pi^2 u^2}{2}\right) - \frac{(2n+u)^2}{4n^2} = -\frac{u}{n} - \frac{\pi^2 u^2}{2} - \frac{u^2}{4n^2}.$$
For $u < 0$ small, the dominant term $-u/n > 0$, so $h > 0$ just below $x = 2n$. Hence $h$ rises from negative, crosses zero once in the interior, reaches a positive maximum, then returns to $0$ at $x = 2n$.

This gives **2 solutions**: one interior crossing and the endpoint $x = 2n$.

### Tally for $x > 0$

| Interval type | Count | Solutions |
|---|---|---|
| First halves $(k, k+\frac{1}{2})$, $k = 0,\dots,2n-1$ | $2n$ intervals $\times 1$ | $2n$ |
| Second halves, $k = 0,\dots,2n-2$ | $2n-1$ intervals $\times 1$ | $2n-1$ |
| Second half, $k = 2n-1$ (interior $+$ endpoint) | $1$ interval $\times 2$ | $2$ |

**Total for $x > 0$:** $\;2n + (2n - 1) + 2 = 4n + 1$.

### Final count

By even symmetry, the count for $x < 0$ is also $4n + 1$. Since $x = 0$ is not a solution:

$$\text{Total} = 2(4n + 1) = \boxed{8n + 2}.$$

### PROOF COMPLETE
DEVIN_CLI_EXITED code=0
