## Solution

We solve the eigenvalue problem
$$X''(x) + \lambda X(x) = 0, \quad 0 < x < L, \qquad hX(0) - X'(0) = 0, \quad X'(L) = 0, \quad h > 0.$$

This is a regular Sturm–Liouville problem (with $p(x)=1$, $q(x)=0$, $r(x)=1$, and Robin/Neumann-type boundary conditions), so Theorem 9.6 applies: the eigenvalues are real, the eigenfunctions are orthogonal with respect to the weight $r(x)=1$, and they form a complete set. We now find them explicitly.

---

### Case 1: $\lambda > 0$. Write $\lambda = \mu^2$, $\mu > 0$.

The general solution is
$$X(x) = A\cos(\mu x) + B\sin(\mu x).$$

**Boundary condition at $x = 0$:** $X(0) = A$, $X'(0) = B\mu$, so
$$hA - B\mu = 0 \implies B = \frac{hA}{\mu}.$$

**Boundary condition at $x = L$:** $X'(x) = -A\mu\sin(\mu x) + B\mu\cos(\mu x)$, so
$$X'(L) = -A\mu\sin(\mu L) + B\mu\cos(\mu L) = 0.$$

Substituting $B = hA/\mu$:
$$-A\mu\sin(\mu L) + hA\cos(\mu L) = 0.$$

For a nontrivial solution ($A \neq 0$), we need
$$\boxed{\tan(\mu L) = \frac{h}{\mu}}.$$

This transcendental equation has infinitely many positive roots $\mu_1 < \mu_2 < \mu_3 < \cdots \to \infty$. (One can see this graphically: $\tan(\mu L)$ has branches on each interval $\bigl(\frac{(n-1)\pi}{L}, \frac{(n-1/2)\pi}{L}\bigr)$ going from $0$ to $+\infty$, and $h/\mu$ is a positive decreasing curve; on each such branch there is exactly one intersection.)

The eigenvalues and eigenfunctions are
$$\lambda_n = \mu_n^2, \qquad X_n(x) = \cos(\mu_n x) + \frac{h}{\mu_n}\sin(\mu_n x), \qquad n = 1, 2, 3, \ldots$$

---

### Case 2: $\lambda = 0$.

$X'' = 0 \implies X(x) = A + Bx$. Then $X(0) = A$, $X'(0) = B$, $X'(L) = B$.

- BC at $L$: $B = 0$.
- BC at $0$: $hA - B = 0 \implies hA = 0 \implies A = 0$ (since $h > 0$).

Only the trivial solution, so **$\lambda = 0$ is not an eigenvalue.**

---

### Case 3: $\lambda < 0$. Write $\lambda = -\nu^2$, $\nu > 0$.

$X'' - \nu^2 X = 0 \implies X(x) = A\cosh(\nu x) + B\sinh(\nu x)$.

- $X(0) = A$, $X'(0) = B\nu$. BC at $0$: $hA - B\nu = 0 \implies B = hA/\nu$.
- $X'(L) = A\nu\sinh(\nu L) + B\nu\cosh(\nu L) = 0$.

Substituting:
$$A\bigl[\nu\sinh(\nu L) + h\cosh(\nu L)\bigr] = 0 \implies \tanh(\nu L) = -\frac{h}{\nu}.$$

But for $\nu > 0$ and $h > 0$: the left side $\tanh(\nu L) > 0$, while the right side $-h/\nu < 0$. **No solution exists**, so there are **no negative eigenvalues.**

---

### Summary (illustrating Theorem 9.6)

The complete set of eigenvalues and eigenfunctions is:

$$\boxed{\lambda_n = \mu_n^2, \qquad X_n(x) = \cos(\mu_n x) + \frac{h}{\mu_n}\,\sin(\mu_n x), \qquad n = 1, 2, 3, \ldots}$$

where $\mu_n > 0$ are the successive positive roots of

$$\tan(\mu L) = \frac{h}{\mu}.$$

**All eigenvalues are positive and simple (multiplicity one), and they form an increasing sequence $\lambda_1 < \lambda_2 < \cdots \to \infty$.** By Theorem 9.6 (Sturm–Liouville theory), the eigenfunctions $\{X_n\}$ are mutually orthogonal on $[0, L]$ with weight $r(x) = 1$:

$$\int_0^L X_m(x)\,X_n(x)\,dx = 0 \quad \text{for } m \neq n,$$

and they form a complete orthogonal system in $L^2(0, L)$, so that any sufficiently regular function satisfying the boundary conditions can be expanded as

$$f(x) = \sum_{n=1}^{\infty} c_n\, X_n(x), \qquad c_n = \frac{\int_0^L f(x)\,X_n(x)\,dx}{\int_0^L X_n^2(x)\,dx}.$$

This is precisely the content of Theorem 9.6 (real, simple, discrete eigenvalues accumulating only at $+\infty$; orthogonal, complete eigenfunctions) as realized by this Robin–Neumann problem.

### PROOF COMPLETE
DEVIN_CLI_EXITED code=0
