## Proof

**Yes**, such an extension always exists. Here is the construction and proof.

**Setup.** Let $H$ be a Hilbert space, $M \subseteq H$ a subspace, and $T: M \to H$ a linear map that is non-expansive (non-increasing distances), meaning
$$\|Tx - Ty\| \leq \|x - y\| \quad \text{for all } x, y \in M.$$
By linearity of $T$, this is equivalent to $\|Tz\| \leq \|z\|$ for all $z \in M$, i.e., the operator norm satisfies $\|T\| \leq 1$.

**Step 1: Reduce to the case $M$ is closed.** If $M$ is not closed, then since $T$ is linear and $\|T\| \leq 1$, $T$ is Lipschitz (hence uniformly continuous) on $M$. Therefore $T$ extends uniquely to a continuous linear map $\bar{T}: \overline{M} \to H$ with $\|\bar{T}\| \leq 1$. It thus suffices to extend a non-expansive linear map from a **closed** subspace.

**Step 2: Use orthogonal decomposition.** Since $H$ is a Hilbert space and $M$ is a closed subspace, we have the orthogonal direct sum
$$H = M \oplus M^\perp.$$
Every $x \in H$ decomposes uniquely as $x = m + n$ with $m \in M$, $n \in M^\perp$, and $\|x\|^2 = \|m\|^2 + \|n\|^2$. Let $P_M: H \to M$ denote the orthogonal projection, $P_M(x) = m$.

**Step 3: Define the extension.** Define $\tilde{T}: H \to H$ by
$$\tilde{T}(x) = T(P_M x), \quad x \in H.$$
Equivalently, $\tilde{T}(m + n) = T(m)$ for $m \in M$, $n \in M^\perp$.

**Step 4: Verify linearity.** The orthogonal projection $P_M$ is linear, and $T$ is linear, so $\tilde{T} = T \circ P_M$ is linear.

**Step 5: Verify the extension property.** For any $x \in M$, we have $P_M x = x$, so $\tilde{T}(x) = T(x)$. Thus $\tilde{T}|_M = T$.

**Step 6: Verify non-expansiveness.** For any $x, y \in H$,
$$\|\tilde{T}x - \tilde{T}y\| = \|T(P_M x) - T(P_M y)\| = \|T(P_M x - P_M y)\| \leq \|P_M x - P_M y\| = \|P_M(x - y)\| \leq \|x - y\|.$$
Here:
- The first inequality uses $\|Tz\| \leq \|z\|$ for all $z \in M$ (i.e., $\|T\| \leq 1$), applied to $z = P_M x - P_M y \in M$.
- The second inequality uses the fact that orthogonal projection is non-expansive: $\|P_M w\| \leq \|w\|$ for all $w \in H$, applied to $w = x - y$.

Therefore $\tilde{T}$ is a linear map on all of $H$ that extends $T$ and is non-expansive.

**Remark.** The crucial ingredient is the existence of an orthogonal projection onto $M$, which is a special feature of Hilbert spaces (it relies on the inner product). For general Banach spaces, such an extension need not exist. The result can also be seen as a special (linear, subspace) case of **Kirszbraun's theorem**, which states that any Lipschitz map from an arbitrary subset of a Hilbert space into a Hilbert space can be extended to the entire space with the same Lipschitz constant.

### PROOF COMPLETE
DEVIN_CLI_EXITED code=0
