**Answer Leak Self-Check:** The problem text contains no leaked answers, solution sketches, or formalization notes. Proceeding to solve.

---

## Proof

**Claim:** Yes. If $L: X \to Y$ is a bounded linear operator between Banach spaces, injective, with closed range, then $L$ is boundedly invertible on its range.

**Setup.** Let $R(L) = L(X) \subseteq Y$ denote the range of $L$. Consider $L$ as a map
$$L: X \longrightarrow R(L).$$

**Step 1: $R(L)$ is a Banach space.** Since $Y$ is a Banach space and $R(L)$ is a closed subspace of $Y$ (by hypothesis), $R(L)$ is itself complete, hence a Banach space.

**Step 2: $L: X \to R(L)$ is a bounded bijection.**
- *Bounded:* $L$ is a bounded linear operator $X \to Y$ by assumption; restricting the codomain to $R(L)$ does not change the operator norm, so $L: X \to R(L)$ remains bounded.
- *Surjective onto $R(L)$:* By definition of the range, every $y \in R(L)$ is of the form $y = Lx$ for some $x \in X$.
- *Injective:* By hypothesis.

Hence $L: X \to R(L)$ is a bounded, bijective linear map between two Banach spaces.

**Step 3: Apply the Bounded Inverse Theorem.** The Bounded Inverse Theorem (a direct corollary of the Open Mapping Theorem) states:

> *If $T: A \to B$ is a bounded bijective linear operator between Banach spaces, then $T^{-1}: B \to A$ is bounded.*

Applying this to $L: X \to R(L)$, we conclude that the inverse
$$L^{-1}: R(L) \longrightarrow X$$
is a bounded linear operator.

**Step 4: Conclusion.** "Boundedly invertible on its range" means precisely that $L^{-1}: R(L) \to X$ exists and is bounded. We have shown both:
- $L^{-1}$ exists (injectivity gives existence, surjectivity onto $R(L)$ gives it on all of $R(L)$),
- $L^{-1}$ is bounded (Bounded Inverse Theorem).

Therefore $L$ is boundedly invertible on its range. $\blacksquare$

**Remark on the hypotheses.** Both hypotheses are essential:
- *Closed range is necessary:* If $R(L)$ is not closed, then $R(L)$ is not a Banach space, and the Bounded Inverse Theorem does not apply. For example, the inclusion map from $\ell^1$ into $\ell^2$ (which is bounded and injective) has range $\ell^1 \subsetneq \ell^2$, which is not closed in $\ell^2$; its inverse (identity from $\ell^1$ with the $\ell^2$-norm) is not bounded.
- *Injectivity is necessary:* Without injectivity, $L^{-1}$ does not exist as a single-valued map.

### PROOF COMPLETE
DEVIN_CLI_EXITED code=0
