Error: Agent error: Permission denied: Permission denied: Reached overall message rate limit. Please try again later. Your limit will reset in 37 minutes. (trace ID: 394ca0e150f0a92325b26cd077bb1b90): {
  "cognition.ai/errorKind": "internal",
  "cognition.ai/retryable": true
}
DEVIN_CLI_EXITED code=1
Error: Agent error: Permission denied: Permission denied: Reached overall message rate limit. Please try again later. Your limit will reset in 32 minutes. (trace ID: b467fecc6bcb6284d7a2d63a49ba0899): {
  "cognition.ai/errorKind": "internal",
  "cognition.ai/retryable": true
}
DEVIN_CLI_EXITED code=1
Error: Agent error: Permission denied: Permission denied: Reached overall message rate limit. Please try again later. Your limit will reset in 27 minutes. (trace ID: e096f908b2d7e7e63d5eec30734675d4): {
  "cognition.ai/errorKind": "internal",
  "cognition.ai/retryable": true
}
DEVIN_CLI_EXITED code=1
Error: Agent error: Permission denied: Permission denied: Reached overall message rate limit. Please try again later. Your limit will reset in 17 minutes. (trace ID: d98ef714fdad430c3e1bdef8c99274cc): {
  "cognition.ai/errorKind": "internal",
  "cognition.ai/retryable": true
}
DEVIN_CLI_EXITED code=1
Error: Agent error: Permission denied: Permission denied: Reached overall message rate limit. Please try again later. Your limit will reset in 12 minutes. (trace ID: f1427ab80829e30c7e1b9a095da86707): {
  "cognition.ai/errorKind": "internal",
  "cognition.ai/retryable": true
}
DEVIN_CLI_EXITED code=1
Error: Agent error: Permission denied: Permission denied: Reached overall message rate limit. Please try again later. Your limit will reset in 7 minutes. (trace ID: 3bc9ad3ebccdcd929420498cff303422): {
  "cognition.ai/errorKind": "internal",
  "cognition.ai/retryable": true
}
DEVIN_CLI_EXITED code=1
Error: Agent error: Permission denied: Permission denied: Reached overall message rate limit. Please try again later. Your limit will reset in 1 minute. (trace ID: db2bb2c4fd79fec85f73da2ea0ff2f3b): {
  "cognition.ai/errorKind": "internal",
  "cognition.ai/retryable": true
}
DEVIN_CLI_EXITED code=1
I have all the information needed. The analysis is clear: the problem is a calculus limit-integral evaluation, the standard solution uses Taylor expansion + substitution, but the AI's thinking is entirely about a **completely different topology problem** (product manifolds and local homology). The AI never touches the actual problem.

```xml
<analysis>
  <problem_id>deepmath_103k_00008146</problem_id>
  <dimension1_verdict>DIRECTION_ERROR</dimension1_verdict>
  <dimension1_explanation>The AI's thinking addresses an entirely different problem — a topology question about whether A × B being an n-manifold implies A and B are manifolds (using local homology, Künneth formulas, Cannon-Edwards double suspension) — rather than the actual problem of evaluating a limit of an integral. The AI never considers Taylor expansion, the singular integrand, or any calculus/analysis technique relevant to the limit integral.</dimension1_explanation>
  <dimension2_turning_point_type>other</dimension2_turning_point_type>
  <dimension2_explanation>The standard solution's key turning point is the Taylor expansion of e^x and sin²x near x=0 to extract the leading singular term x^(-3/2), whose integral over [1/(n+1)², 1/n²] evaluates to exactly 2 independent of n, with higher-order corrections vanishing as n→∞ (confirmed via the substitution t=1/√x). This is a real-analysis/asymptotic-expansion technique, not any of the listed number-theoretic categories.</dimension2_explanation>
  <ai_direction_summary>The AI attempted to solve an unrelated topology problem about product manifolds using local homology and Künneth smash-product arguments, never engaging with the limit-integral problem at all.</ai_direction_summary>
  <standard_solution_key_technique>Taylor/asymptotic expansion of the integrand near the singular point x=0 to isolate the leading x^(-3/2) term, whose integral over the shrinking interval is exactly 2 for all n.</standard_solution_key_technique>
  <confidence>high</confidence>
</analysis>
```

### ANALYSIS COMPLETE
DEVIN_CLI_EXITED code=0
