```xml
<audit>
  <analysis_result_key>2270172</analysis_result_key>
  <problem_id>oda_math_460k_00032794</problem_id>
  <audit_status>PASS</audit_status>
  <check_results>
    <A1>PASS: dimension1_verdict is CONNECTION_ERROR, a valid value</A1>
    <A2>PASS: dimension1_explanation is non-empty and well over 50 characters</A2>
    <A3>PASS: d2 is provided as "other", a valid value (d2 optional for CONNECTION_ERROR but present and valid)</A3>
    <A4>PASS: dimension2_explanation is non-empty and well over 50 characters</A4>
    <A5>PASS: ai_direction_summary is non-empty and describes the unrelated hexagonal pursuit game</A5>
    <A6>PASS: standard_solution_key_technique is non-empty and describes complement-relation rewriting</A6>
    <B1>PASS: no XML tag leaks in either explanation</B1>
    <B2>PASS: no template placeholder leaks in either explanation</B2>
    <B3>PASS: both explanations are well over 50 characters</B3>
    <C1>PASS: d1=CONNECTION_ERROR permits null d2; d2 is provided and valid, which is consistent</C1>
    <C2>PASS: d1_exp describes thinking entirely disconnected from the actual fraction problem, matching CONNECTION_ERROR</C2>
    <C3>PASS: d2=other and d2_exp describes algebraic complement-relation rewriting (not modular/number-theoretic machinery), matching "other"</C3>
    <D1>PASS: d1_exp is over 100 characters and contains action verb "attempted"</D1>
    <D2>PASS: d2_exp is over 100 characters and contains mathematical terms (mixed numbers, complement relations, products, cancellation)</D2>
    <D3>PASS: ai_direction_summary describes the actual direction taken (hexagonal-board pursuit game analysis)</D3>
    <D4>PASS: standard_solution_key_technique describes the specific technique (complement relations enabling term-by-term cancellation)</D4>
    <E1>UNKNOWN — check via script</E1>
  </check_results>
  <issues_found>none</issues_found>
</audit>
```

### AUDIT COMPLETE
DEVIN_CLI_EXITED code=0
```xml
<audit>
  <analysis_result_key>2270172</analysis_result_key>
  <problem_id>oda_math_460k_00032794</problem_id>
  <audit_status>PASS</audit_status>
  <check_results>
    <A1>PASS: dimension1_verdict is CONNECTION_ERROR, a valid enum value.</A1>
    <A2>PASS: dimension1_explanation is non-empty and well over 50 characters.</A2>
    <A3>PASS: dimension2_turning_point_type is "other", a valid enum value (d1=CONNECTION_ERROR allows d2 to be present).</A3>
    <A4>PASS: dimension2_explanation is non-empty and well over 50 characters.</A4>
    <A5>PASS: ai_direction_summary is non-empty.</A5>
    <A6>PASS: standard_solution_key_technique is non-empty.</A6>
    <B1>PASS: no XML tag leaks in either explanation.</B1>
    <B2>PASS: no template placeholder leaks in either explanation.</B2>
    <B3>PASS: both explanations exceed 50 characters.</B3>
    <C1>PASS: d1=CONNECTION_ERROR, d2 may be null; d2 is present with a value, which is acceptable.</C1>
    <C2>PASS: d1_exp describes a connection-level failure (thinking about an unrelated problem), consistent with CONNECTION_ERROR label.</C2>
    <C3>PASS: d2_exp describes algebraic rewriting/cancellation technique, consistent with d2="other" label.</C3>
    <D1>N/A — d1 is CONNECTION_ERROR/TOKEN_LIMIT</D1>
    <D2>N/A — d1 is CONNECTION_ERROR/TOKEN_LIMIT</D2>
    <D3>N/A — d1 is CONNECTION_ERROR/TOKEN_LIMIT</D3>
    <D4>N/A — d1 is CONNECTION_ERROR/TOKEN_LIMIT</D4>
    <E1>UNKNOWN — check via script</E1>
  </check_results>
  <issues_found>none</issues_found>
</audit>
```

### AUDIT COMPLETE
DEVIN_CLI_EXITED code=0
