Looking at this problem, I need to find the maximum size of a finite set $M$ of numbers such that among any three elements, some pair has their sum in $M$.

**Answer leak check:** The problem statement contains no leaked answers or solution hints. Proceeding to solve.

## Proof

**Notation.** Let $M$ be a finite set of real numbers satisfying the condition. Let $p$ = number of negative elements, $q$ = number of positive elements, and $\epsilon \in \{0,1\}$ indicate whether $0 \in M$.

### Upper Bound: $|M| \leq 7$

**Claim: $q \leq 3$ (and by symmetry $p \leq 3$).**

Suppose $q \geq 4$. Let $b_1 < b_2 < \cdots < b_q$ be the positive elements. Consider the triple of the three largest: $\{b_{q-2}, b_{q-1}, b_q\}$.

- $b_{q-1} + b_q > b_q > 0$: since $b_q$ is the largest positive element, this sum is not in $M$.
- $b_{q-2} + b_q > b_q > 0$: similarly not in $M$.
- $b_{q-2} + b_{q-1} > b_{q-1} > 0$: this is the only candidate. For it to be in $M$, we need $b_{q-2} + b_{q-1} \leq b_q$ (otherwise it exceeds every positive element). Since it's strictly greater than $b_{q-1}$ and positive, it must equal $b_q$.

So **$b_{q-2} + b_{q-1} = b_q$**. $\quad (\star)$

Now consider the triple $\{b_{q-3}, b_{q-1}, b_q\}$ (valid since $q \geq 4$):

- $b_{q-1} + b_q > b_q$: not in $M$.
- $b_{q-3} + b_q > b_q$: not in $M$.
- $b_{q-3} + b_{q-1} > b_{q-1} > 0$: must be in $M$, so must equal $b_q$.

So **$b_{q-3} + b_{q-1} = b_q$**. $\quad (\star\star)$

From $(\star)$ and $(\star\star)$: $b_{q-2} = b_{q-3}$, contradicting strict ordering. Therefore $q \leq 3$.

By the **analogous argument** on the three most negative elements (pair sums of the two most negative are too negative to be in $M$; the only candidate is the sum of the two least negative, which must equal the most negative; a fourth negative element forces a contradiction), we get $p \leq 3$.

Therefore:
$$|M| = p + q + \epsilon \leq 3 + 3 + 1 = 7.$$

### Lower Bound: $|M| = 7$ is achievable

Take $M = \{-3, -2, -1, 0, 1, 2, 3\}$.

We verify the condition for every triple $\{a, b, c\} \subseteq M$:

- **Triple contains 0:** WLOG $a = 0$. Then $0 + b = b \in M$. ✓

- **Triple contains both a positive and a negative element** (and not 0): Say $a > 0$, $b < 0$. Then $|a + b| \leq \max(|a|, |b|) \leq 3$, so $a + b \in [-3, 3] \cap \mathbb{Z} = M$. ✓

- **All three positive:** The only such triple is $\{1, 2, 3\}$, and $1 + 2 = 3 \in M$. ✓

- **All three negative:** The only such triple is $\{-3, -2, -1\}$, and $(-2) + (-1) = -3 \in M$. ✓

All cases are satisfied, so $M = \{-3, -2, -1, 0, 1, 2, 3\}$ is valid with $|M| = 7$.

### Conclusion

The greatest possible number of elements of $M$ is $\boxed{7}$.

### PROOF COMPLETE
DEVIN_CLI_EXITED code=0
