## Solution

**Answer:** $2^{(m-1)(n-1)}$.

### Necessary condition

The product of all row-products equals the product of all entries in the matrix, and equals $(-1)^m$. The product of all column-products also equals the product of all entries, and equals $(-1)^n$. Hence $(-1)^m = (-1)^n$, i.e. $m$ and $n$ have the same parity. This is exactly the hypothesis given, so the parity condition is both necessary and (as we now show) sufficient.

### Counting argument

Let $a_{ij}\in\{1,-1\}$ denote the entry in row $i$, column $j$.

**Free choice.** Fill the $(m-1)\times(n-1)$ submatrix consisting of entries $a_{ij}$ with $1\le i\le m-1$ and $1\le j\le n-1$ arbitrarily. This gives
$$2^{(m-1)(n-1)}$$
free choices.

**Determining the last column.** For each row $i$ with $1\le i\le m-1$, the entry $a_{i,n}$ is forced by the requirement that row $i$ has product $-1$:
$$a_{i,n} = -\prod_{j=1}^{n-1} a_{ij}.$$

**Determining the last row.** For each column $j$ with $1\le j\le n-1$, the entry $a_{m,j}$ is forced by the requirement that column $j$ has product $-1$:
$$a_{m,j} = -\prod_{i=1}^{m-1} a_{ij}.$$

**Checking the corner $a_{m,n}$.** It remains to verify that a single value of $a_{m,n}$ simultaneously makes row $m$ and column $n$ have product $-1$. Define
$$P_{\text{row}} = \prod_{j=1}^{n-1} a_{m,j}, \qquad P_{\text{col}} = \prod_{i=1}^{m-1} a_{i,n}.$$
We need $P_{\text{row}}\cdot a_{m,n}=-1$ and $P_{\text{col}}\cdot a_{m,n}=-1$, which requires $P_{\text{row}}=P_{\text{col}}$ (then $a_{m,n}$ is uniquely determined and both conditions hold).

Compute each. Let $Q = \prod_{i=1}^{m-1}\prod_{j=1}^{n-1} a_{ij}$ be the product of all freely chosen entries. Then:
$$P_{\text{row}} = \prod_{j=1}^{n-1}\left(-\prod_{i=1}^{m-1}a_{ij}\right) = (-1)^{n-1}\cdot Q,$$
$$P_{\text{col}} = \prod_{i=1}^{m-1}\left(-\prod_{j=1}^{n-1}a_{ij}\right) = (-1)^{m-1}\cdot Q.$$

Therefore
$$P_{\text{row}} = P_{\text{col}} \iff (-1)^{n-1}=(-1)^{m-1} \iff m\equiv n\pmod 2,$$
which holds by hypothesis.

### Conclusion

For every one of the $2^{(m-1)(n-1)}$ free choices of the $(m-1)\times(n-1)$ submatrix, the remaining entries are uniquely determined and all row/column product conditions are satisfied. Hence the number of distinct fillings is

$$\boxed{2^{(m-1)(n-1)}}.$$

### PROOF COMPLETE
DEVIN_CLI_EXITED code=0
