## Proof

**Answer: Yes.**

**Setup and definitions.** Let $I$ be the dual ideal of $F$, i.e. $I = \{b \in \mathbb{B} : \neg b \in F\}$. We are given $a \notin F \cup I$, so in particular:

- $a \notin F$, and
- $a \notin I$, i.e. $\neg a \notin F$.

**Step 1: The filter generated by $F \cup \{a\}$ is proper.**

Let $F' = F \vee \{a\}$ be the filter generated by $F \cup \{a\}$:
$$F' = \{\, b \in \mathbb{B} : \exists\, f_1, \dots, f_n \in F,\; f_1 \wedge \cdots \wedge f_n \wedge a \le b \,\}.$$

Suppose for contradiction that $0 \in F'$. Then there exist $f_1, \dots, f_n \in F$ with $f_1 \wedge \cdots \wedge f_n \wedge a = 0$. Set $f = f_1 \wedge \cdots \wedge f_n \in F$ (since $F$ is a filter). Then $f \wedge a = 0$, so $f \le \neg a$. Since $F$ is upward-closed, $\neg a \in F$, i.e. $a \in I$—contradicting $a \notin I$. Hence $0 \notin F'$, and $F'$ is a proper filter.

Note also $F \subseteq F'$ and $a \in F'$.

**Step 2: Extend $F'$ to an ultrafilter.**

By the Ultrafilter Theorem (a standard consequence of Zorn's Lemma), every proper filter in a Boolean algebra extends to an ultrafilter. Let $U \supseteq F'$ be an ultrafilter. Then:
$$F \subseteq U \quad\text{and}\quad a \in U.$$

**Step 3: Construct the homomorphism.**

Let $\mathbf{2} = \{0, 1\}$ be the two-element Boolean algebra. Define
$$h : \mathbb{B} \to \mathbf{2}, \qquad h(b) = \begin{cases} 1 & \text{if } b \in U, \\ 0 & \text{if } b \notin U. \end{cases}$$

Since $U$ is an ultrafilter, $h$ is a Boolean algebra homomorphism (it preserves $\wedge$, $\vee$, $\neg$, $0$, $1$).

**Step 4: Verify $h(a) \in h(F)$.**

Since $a \in U$, we have $h(a) = 1$. Since $F \subseteq U$, every $b \in F$ satisfies $b \in U$, hence $h(b) = 1$. Therefore
$$h(F) = \{h(b) : b \in F\} = \{1\},$$
and so
$$h(a) = 1 \in \{1\} = h(F).$$

**Conclusion.** Taking $\mathbb{B}' = \mathbf{2}$ and $h$ the characteristic homomorphism of the ultrafilter $U \supseteq F \cup \{a\}$, we have $h(a) \in h(F)$. The key point is that $a \notin I$ (equivalently $\neg a \notin F$) guarantees that adjoining $a$ to $F$ still yields a proper filter, which can then be extended to an ultrafilter forcing $a$ into the "true" side while keeping all of $F$ true as well.

### PROOF COMPLETE
DEVIN_CLI_EXITED code=0
