## Solution

We solve $xu_x + yu_y + u\,u_z = 0$ with $u(x,y,0)=xy$ ($x>0,\,y>0$) by the method of characteristics.

### Characteristic equations

Parametrizing characteristics by $s$:

$$\frac{dx}{ds}=x,\qquad \frac{dy}{ds}=y,\qquad \frac{dz}{ds}=u,\qquad \frac{du}{ds}=0.$$

From $\frac{du}{ds}=0$, **$u$ is constant along each characteristic**: $u = c_1$.

### Initial data

Parametrize the initial surface $z=0$ by $(x_0,y_0)$ with $x_0>0,\,y_0>0$, and set $s=0$ there. Then
$$x(0)=x_0,\quad y(0)=y_0,\quad z(0)=0,\quad u(0)=x_0 y_0 = c_1.$$

### Integrating the characteristics

- $\dfrac{dx}{ds}=x \;\Longrightarrow\; x = x_0\,e^{s}$,
- $\dfrac{dy}{ds}=y \;\Longrightarrow\; y = y_0\,e^{s}$,
- $\dfrac{dz}{ds}=u=x_0 y_0 \;\Longrightarrow\; z = x_0 y_0\, s$,
- $u = x_0 y_0$ (constant).

### Eliminating the parameters

From $x=x_0 e^s$ and $y=y_0 e^s$:
$$x_0 = x\,e^{-s},\qquad y_0 = y\,e^{-s}.$$

Hence
$$u = x_0 y_0 = xy\,e^{-2s}.$$

Since $z = x_0 y_0\, s = u\,s$, we have $s = \dfrac{z}{u}$ (valid wherever $u\neq 0$, which holds since $x_0 y_0>0$). Substituting:

$$\boxed{\;u = xy\,e^{-2z/u}\;}$$

or equivalently $u\,e^{2z/u} = xy$.

### Verification

Set $F(x,y,z,u) = \ln u - \ln x - \ln y + \dfrac{2z}{u} = 0$. Then
$$F_x=-\tfrac{1}{x},\quad F_y=-\tfrac{1}{y},\quad F_z=\tfrac{2}{u},\quad F_u=\tfrac{1}{u}-\tfrac{2z}{u^2}=\tfrac{u-2z}{u^2}.$$

By implicit differentiation:
$$u_x = -\frac{F_x}{F_u} = \frac{u^2}{x(u-2z)},\quad u_y = \frac{u^2}{y(u-2z)},\quad u_z = -\frac{F_z}{F_u} = -\frac{2u}{u-2z}.$$

Therefore
$$xu_x + yu_y + u\,u_z = \frac{u^2}{u-2z} + \frac{u^2}{u-2z} - \frac{2u^2}{u-2z} = 0.\;\checkmark$$

At $z=0$: $u = xy\,e^{0} = xy$, recovering the initial condition. $\checkmark$

The implicit relation $u\,e^{2z/u}=xy$ (equivalently $u = xy\,e^{-2z/u}$) is the unique $C^1$ solution near the initial plane, obtained by the method of characteristics.

### PROOF COMPLETE
