Looking at this problem, I need to determine whether the spatial derivative of the heat solution stays uniformly bounded in $L^p$ for some $p > 2$.

**Answer Leak Check:** The problem text contains no leaked solutions or answer hints. Proceeding to solve.

## Proof

Let $\Phi_t(z) = \frac{1}{\sqrt{2\pi t}} e^{-z^2/(2t)}$ denote the heat kernel, so $u(x,t) = (\Phi_t * g)(x)$. Note that $\|\Phi_t\|_{L^1(\mathbb{R})} = 1$ for all $t > 0$.

**Key step: transfer the derivative from the kernel to $g$.**

Computing directly:
$$\partial_x u(x,t) = \int_{\mathbb{R}} \partial_x \Phi_t(x-y)\, g(y)\, dy = \int_{\mathbb{R}} \Phi_t'(x-y)\, g(y)\, dy,$$
where $\Phi_t'(z) = -\frac{z}{t}\,\Phi_t(z)$.

Observe that $\partial_y \Phi_t(x-y) = -\Phi_t'(x-y)$, so $\Phi_t'(x-y) = -\partial_y \Phi_t(x-y)$. Substituting:
$$\partial_x u(x,t) = \int_{\mathbb{R}} \bigl(-\partial_y \Phi_t(x-y)\bigr)\, g(y)\, dy.$$

Since $g$ is sufficiently smooth (say $g \in \mathcal{S}(\mathbb{R})$ or $g \in W^{1,p}(\mathbb{R})$ for some $p > 2$), we integrate by parts. The boundary terms vanish because $\Phi_t$ decays rapidly and $g$ has sufficient decay:
$$\partial_x u(x,t) = \int_{\mathbb{R}} \Phi_t(x-y)\, g'(y)\, dy = (\Phi_t * g')(x).$$

**Applying Young's convolution inequality.**

For any $p \in [1, \infty]$ with $g' \in L^p(\mathbb{R})$:
$$\|\partial_x u(\cdot, t)\|_{L^p(\mathbb{R})} = \|\Phi_t * g'\|_{L^p(\mathbb{R})} \le \|\Phi_t\|_{L^1(\mathbb{R})} \cdot \|g'\|_{L^p(\mathbb{R})} = \|g'\|_{L^p(\mathbb{R})}.$$

This bound is **independent of $t$** and holds for all $t \in (0, T]$.

**Why the naive approach fails but this works.** A direct application of Young's inequality to $\partial_x u = (\partial_x \Phi_t) * g$ gives $\|\partial_x u\|_{L^p} \le \|\partial_x \Phi_t\|_{L^1}\|g\|_{L^p}$. Since
$$\|\partial_x \Phi_t\|_{L^1} = \int_{\mathbb{R}} \frac{|z|}{t\sqrt{2\pi t}} e^{-z^2/(2t)}\, dz = \frac{1}{\sqrt{t}}\int_{\mathbb{R}} \frac{|w|}{\sqrt{2\pi}} e^{-w^2/2}\, dw = \sqrt{\frac{2}{\pi}}\, t^{-1/2} \xrightarrow{t \to 0} \infty,$$
the direct bound diverges. The integration by parts avoids this singularity entirely by exploiting the smoothness of $g$.

**Conclusion.** Since $g$ is sufficiently smooth, $g' \in L^p(\mathbb{R})$ for some $p > 2$ (e.g., if $g \in \mathcal{S}(\mathbb{R})$, then $g' \in L^p$ for all $p \ge 1$). Setting $C = C(p,g) = \|g'\|_{L^p(\mathbb{R})}$, we have
$$\|D_x u(\cdot, t)\|_{L^p(\mathbb{R})} \le C \quad \text{for all } t \in (0, T].$$

**The answer is yes.** $\blacksquare$

### PROOF COMPLETE
DEVIN_CLI_EXITED code=0
