## Solution

Let
$$I=\int_0^{\pi/2} x\,\cot x\,\log\sin x\,dx.$$

**Step 1: Integration by parts.** Observe that
$$\frac{d}{dx}\!\left[\tfrac12(\log\sin x)^2\right]=(\log\sin x)\cdot\frac{\cos x}{\sin x}=\cot x\,\log\sin x.$$
Setting $g(x)=\tfrac12(\log\sin x)^2$ and integrating by parts with $u=x$, $dv=g'(x)\,dx$:
$$I=\Big[x\,g(x)\Big]_0^{\pi/2}-\int_0^{\pi/2}g(x)\,dx.$$

**Boundary terms.** At $x=\pi/2$: $\log\sin(\pi/2)=0$, so the term vanishes. At $x\to0^+$: $\sin x\sim x$, so $x(\log\sin x)^2\sim x(\log x)^2\to0$. Hence both boundary terms vanish, giving
$$I=-\frac12\int_0^{\pi/2}(\log\sin x)^2\,dx.$$

**Step 2: Evaluate $\int_0^{\pi/2}(\log\sin x)^2 dx$ via a parametric integral.** Define
$$J(a)=\int_0^{\pi/2}\sin^a x\,dx=\frac{\sqrt\pi\,\Gamma\!\big(\frac{a+1}{2}\big)}{2\,\Gamma\!\big(\frac{a}{2}+1\big)}.$$
Then $J''(0)=\int_0^{\pi/2}(\log\sin x)^2\,dx$.

Taking logarithms,
$$\log J(a)=\log\frac{\sqrt\pi}{2}+\log\Gamma\!\Big(\frac{a+1}{2}\Big)-\log\Gamma\!\Big(\frac{a}{2}+1\Big).$$
Differentiating,
$$\frac{J'}{J}=\frac12\,\psi\!\Big(\frac{a+1}{2}\Big)-\frac12\,\psi\!\Big(\frac{a}{2}+1\Big),$$
$$\frac{J''}{J}-\Big(\frac{J'}{J}\Big)^2=\frac14\,\psi'\!\Big(\frac{a+1}{2}\Big)-\frac14\,\psi'\!\Big(\frac{a}{2}+1\Big).$$

At $a=0$: $J(0)=\frac{\pi}{2}$, and using $\psi(1)=-\gamma$, $\psi(1/2)=-\gamma-2\log 2$,
$$\frac{J'(0)}{J(0)}=\frac12(-\gamma-2\log2)-\frac12(-\gamma)=-\log2,$$
confirming $J'(0)=-\frac{\pi}{2}\log2$ (the classical value). Using $\psi'(1)=\frac{\pi^2}{6}$ and $\psi'(1/2)=\frac{\pi^2}{2}$,
$$\frac{J''(0)}{J(0)}=\log^2 2+\frac14\cdot\frac{\pi^2}{2}-\frac14\cdot\frac{\pi^2}{6}=\log^2 2+\frac{\pi^2}{12}.$$
Therefore
$$J''(0)=\frac{\pi}{2}\log^2 2+\frac{\pi^3}{24},$$
i.e.
$$\int_0^{\pi/2}(\log\sin x)^2\,dx=\frac{\pi}{2}\log^2 2+\frac{\pi^3}{24}.$$

**Step 3: Combine.**
$$I=-\frac12\!\left(\frac{\pi}{2}\log^2 2+\frac{\pi^3}{24}\right)=-\frac{\pi}{4}\log^2 2-\frac{\pi^3}{48}.$$

$$\boxed{\displaystyle\int_0^{\pi/2}x\,\cot x\,\log\sin x\,dx\;=\;-\frac{\pi}{4}\log^2 2-\frac{\pi^3}{48}.}$$

### PROOF COMPLETE
DEVIN_CLI_EXITED code=0
