The proposition is **true**. This is the classical theorem of Artin–Steinitz. Below is the complete proof.

---

**Theorem.** Let $K/k$ be a finite field extension. Then $K = k(\alpha)$ for some $\alpha \in K$ (i.e., $K/k$ is simple) if and only if there are finitely many intermediate fields $E$ with $k \subseteq E \subseteq K$.

---

## Direction 1: Simple $\Longrightarrow$ finitely many intermediate fields

Assume $K = k(\alpha)$ and let $f \in k[x]$ be the minimal polynomial of $\alpha$ over $k$.

**Key claim.** The map $E \mapsto g_E$, where $g_E$ is the minimal polynomial of $\alpha$ over $E$, is an injection from the set of intermediate fields into the set of monic divisors of $f$ in $K[x]$.

*Proof of claim.* For each intermediate $E$, since $k \subseteq E$ and $f(\alpha)=0$, the minimal polynomial $g_E$ of $\alpha$ over $E$ divides $f$ in $E[x] \subseteq K[x]$. Hence $g_E$ is a monic divisor of $f$ in $K[x]$.

To see injectivity, suppose $g_{E_1} = g_{E_2} = g$. Set $F = k(\text{coefficients of } g)$; then $F \subseteq E_1 \cap E_2$. Let $h$ be the minimal polynomial of $\alpha$ over $F$. Since $g \in F[x]$ and $g(\alpha)=0$, we have $h \mid g$ in $F[x]$. Viewing this in $E_1[x]$: $h$ divides $g$, and $g$ is the minimal polynomial of $\alpha$ over $E_1$, so $g \mid h$ in $E_1[x]$. Being monic, $h = g$. Thus
$$[K:F] = \deg h = \deg g = [K:E_1].$$
Since $F \subseteq E_1 \subseteq K$, this forces $[E_1:F]=1$, i.e., $E_1 = F$. By the same argument $E_2 = F$, so $E_1 = E_2$. $\square$

Since $K[x]$ is a UFD and $f$ has finite degree, $f$ has only finitely many monic divisors in $K[x]$. By the claim, there are finitely many intermediate fields.

*Note on finite $k$:* If $k$ is finite, then $K$ is finite, $K^\times$ is cyclic, and $K = k(\alpha)$ for a generator $\alpha$ of $K^\times$. The intermediate fields correspond (via Galois theory for finite fields) to divisors of $[K:k]$, hence are finite in number. Both sides hold.

---

## Direction 2: Finitely many intermediate fields $\Longrightarrow$ simple

**Case $k$ finite.** As noted above, $K^\times$ is cyclic; a generator $\alpha$ of $K^\times$ satisfies $K = k(\alpha)$.

**Case $k$ infinite.** Since $K/k$ is finite, $K$ is finitely generated over $k$: $K = k(\alpha_1, \dots, \alpha_n)$. We prove by induction on $n$ that $K = k(\gamma)$ for some $\gamma$.

*Base case* $n=1$: trivial.

*Inductive step.* Write $L = k(\alpha_1, \dots, \alpha_{n-1})$, so $K = L(\alpha_n)$. The intermediate fields between $k$ and $L$ form a subset of those between $k$ and $K$, hence are finite in number. By induction, $L = k(\delta)$ for some $\delta$, so $K = k(\delta, \alpha_n)$. It remains to show:

> **Lemma.** If $k$ is infinite, $K = k(\alpha, \beta)$, and there are finitely many intermediate fields, then $K = k(\gamma)$ for some $\gamma$.

*Proof of Lemma.* For each $c \in k$, the field $k(\alpha + c\beta)$ is an intermediate field of $K/k$. Since $k$ is infinite but there are finitely many intermediate fields, by the pigeonhole principle there exist $c_1 \neq c_2$ in $k$ with
$$k(\alpha + c_1\beta) = k(\alpha + c_2\beta) =: F.$$
Set $\gamma = \alpha + c_1\beta \in F$. Then $\alpha + c_2\beta \in F$, so
$$(\alpha + c_1\beta) - (\alpha + c_2\beta) = (c_1 - c_2)\beta \in F.$$
Since $c_1 - c_2 \in k^\times \subseteq F^\times$, we get $\beta \in F$, and then $\alpha = \gamma - c_1\beta \in F$. Hence $K = k(\alpha,\beta) \subseteq F \subseteq K$, giving $K = F = k(\gamma)$. $\square$

Applying the lemma completes the induction, so $K = k(\gamma)$. $\square$

---

## Conclusion

Both directions have been established:

- **($\Rightarrow$)** If $K/k$ is simple, the injection $E \mapsto g_E$ into the finite set of monic divisors of the minimal polynomial shows there are finitely many intermediate fields.
- **($\Leftarrow$)** If there are finitely many intermediate fields, the pigeonhole argument over the infinite family $\{k(\alpha + c\beta)\}_{c \in k}$ (for $k$ infinite) or the cyclicity of $K^\times$ (for $k$ finite) produces a primitive element.

Therefore the proposition is **true**: a finite extension $K/k$ contains a primitive element if and only if the number of intermediate fields between $k$ and $K$ is finite.

### PROOF COMPLETE
DEVIN_CLI_EXITED code=0
