## Proof

**Yes, it is possible.** We provide an explicit example in $\mathbb{C}^1$ (which suffices, since the question asks whether such a situation can occur for a bounded domain in $\mathbb{C}^n$; the case $n=1$ already gives a positive answer).

### Setup

Let $\Omega = \mathbb{D} = \{z \in \mathbb{C} : |z| < 1\}$ be the open unit disk, and define
$$
f(z) = \frac{1}{\sqrt{1-z}}.
$$

### $f$ is holomorphic on $\mathbb{D}$

The map $z \mapsto 1-z$ sends $\mathbb{D}$ onto the disk $D_1 = \{w : |w-1|<1\}$, centered at $1$ with radius $1$. This disk is simply connected and does **not** contain the origin (the origin lies on its boundary, since $|0-1|=1$). Since $D_1$ is simply connected and $0 \notin D_1$, there exists a holomorphic branch of the square root on $D_1$. Composing, $f(z) = (1-z)^{-1/2}$ is holomorphic on $\mathbb{D}$.

### $f$ is unbounded on $\mathbb{D}$

Take $z = r$ with $r \in (0,1)$ real. Then $f(r) = (1-r)^{-1/2} \to +\infty$ as $r \to 1^-$. Hence $f$ is unbounded.

### $\|f\|_{L^2(\mathbb{D})} < \infty$

We compute:
$$
\|f\|_{L^2(\mathbb{D})}^2 = \int_{\mathbb{D}} |f(z)|^2 \, dA(z) = \int_{\mathbb{D}} \frac{1}{|1-z|}\, dA(z),
$$
where $dA$ is Lebesgue area measure. Substitute $w = 1-z$; the domain becomes $D_1 = \{|w-1|<1\}$ and $dA(z)=dA(w)$:
$$
\int_{D_1} \frac{1}{|w|}\, dA(w).
$$
The integrand $\frac{1}{|w|}$ is smooth on $D_1$ except near $w=0$, which lies on the **boundary** of $D_1$. To check integrability near $w=0$, switch to polar coordinates $w = re^{i\theta}$ (with $dA = r\,dr\,d\theta$). Near $r=0$, the portion of $D_1$ with $|w|=r$ subtends an angle $\Theta(r) \le 2\pi$, and:
$$
\int_{D_1 \cap \{|w|<\varepsilon\}} \frac{1}{|w|}\, dA = \int_0^{\varepsilon} \frac{1}{r}\cdot \Theta(r)\cdot r\, dr = \int_0^{\varepsilon} \Theta(r)\, dr \le 2\pi\,\varepsilon < \infty.
$$
Thus the integral converges, and $\|f\|_{L^2(\mathbb{D})} < \infty$.

### Conclusion

We have exhibited a bounded domain $\Omega = \mathbb{D} \subset \mathbb{C}$ and a holomorphic function $f(z) = (1-z)^{-1/2}$ on $\Omega$ such that:
- $f$ is **unbounded** on $\Omega$ (it blows up as $z \to 1$ along the real axis), yet
- $\|f\|_{L^2(\Omega)} < \infty$.

The mechanism is that the singularity of $f$ lies on the **boundary** of $\Omega$, not in the interior—so $f$ remains holomorphic throughout $\Omega$ while becoming unbounded near the boundary. The $L^2$-norm can still be finite because the blow-up is mild enough (here $|f|^2 \sim |1-z|^{-1}$, which is locally integrable in two real dimensions).

### PROOF COMPLETE
DEVIN_CLI_EXITED code=0
