## Solution

**Setup.** Two walls $\overrightarrow{OA}$, $\overrightarrow{OB}$ meet at angle $\theta = 120^\circ$. A circle tangent to both walls has its center on the angle bisector. If the center is at distance $d$ from the vertex, the radius is
$$r = d\sin(\theta/2).$$
With $\theta/2 = 60^\circ$ and $\sin 60^\circ = \tfrac{\sqrt3}{2}$, we get $d = \tfrac{2r}{\sqrt3}$.

**Recurrence between consecutive circles.** Circles $\omega_{i-1}$ and $\omega_i$ both have centers on the bisector, at distances $d_{i-1} > d_i$ (deeper = smaller). External tangency gives
$$d_{i-1} - d_i = r_{i-1} + r_i.$$
Substituting $d = \tfrac{2r}{\sqrt3}$:
$$\frac{2}{\sqrt3}(r_{i-1}-r_i) = r_{i-1}+r_i \;\Longrightarrow\; 2(r_{i-1}-r_i)=\sqrt3(r_{i-1}+r_i).$$
Solving for the ratio:
$$\frac{r_i}{r_{i-1}} = \frac{2-\sqrt3}{2+\sqrt3} = \frac{(2-\sqrt3)^2}{(2+\sqrt3)(2-\sqrt3)} = (2-\sqrt3)^2 = 7-4\sqrt3.$$
Let $k = 7-4\sqrt3 \approx 0.0718$. Then $r_i = k^i \cdot r_0$ with $r_0 = 6$.

**Summing the series.** The smaller sensors are $\omega_1,\omega_2,\dots$, so
$$S = \sum_{i=1}^{\infty} r_i = \sum_{i=1}^{\infty} 6k^i = \frac{6k}{1-k}.$$
Compute $1-k = 1-(7-4\sqrt3) = 4\sqrt3-6 = 2(2\sqrt3-3)$, and
$$S = \frac{6(7-4\sqrt3)}{2(2\sqrt3-3)} = \frac{3(7-4\sqrt3)}{2\sqrt3-3}.$$
Rationalize by multiplying by $\tfrac{2\sqrt3+3}{2\sqrt3+3}$; the denominator becomes $(2\sqrt3)^2-9 = 12-9 = 3$:
$$S = \frac{3(7-4\sqrt3)(2\sqrt3+3)}{3} = (7-4\sqrt3)(2\sqrt3+3).$$
Expanding:
$$S = 14\sqrt3 + 21 - 24 - 12\sqrt3 = 2\sqrt3 - 3.$$

**Verification.** $r_1 = 6k \approx 0.4308$; $S \approx 0.4308/0.9282 \approx 0.4641 = 2\sqrt3-3$. ✓

**Final form.** $S = 2\sqrt3 - 3$, so $a=2$, $b=3$, $c=-3$. Therefore
$$100a + 10b + c = 200 + 30 - 3 = \boxed{227}.$$

### PROOF COMPLETE
DEVIN_CLI_EXITED code=0
