## 解答

**几何解释。** 该表达式是第一象限中两点之间的平方距离：

- $P = (u,\, \sqrt{2-u^2})$ 位于圆 $x^2 + y^2 = 2$ 上（因为 $0 < u < \sqrt{2}$，$P$ 严格位于第一象限弧上）。
- $Q = (v,\, 9/v)$ 位于双曲线 $xy = 9$ 上（因为 $v > 0$，$Q$ 严格位于第一象限分支上）。

因此，我们需要求圆 $x^2+y^2=2$ 的第一象限弧与双曲线 $xy=9$ 的第一象限分支之间的最小距离。

**寻找临界点。** 在两条光滑曲线之间的最小距离处，连接线段必须同时垂直于两条曲线（即沿两者的法线方向），因此两条法线必须平行。

- 圆在 $P=(u,\sqrt{2-u^2})$ 处的法线方向为径向方向 $(u,\, \sqrt{2-u^2})$。
- 双曲线 $xy=9$ 在 $Q=(v,9/v)$ 处的法线方向为 $\nabla(xy-9) = (9/v,\, v)$。

**平行条件：** $(u,\, \sqrt{2-u^2}) \parallel (9/v,\, v)$，由此可得
$$\frac{u}{9/v} = \frac{\sqrt{2-u^2}}{v} \quad\Longrightarrow\quad \frac{u\,v^2}{9} = \sqrt{2-u^2}. \tag{1}$$

**共线条件：** 向量 $Q - P = (v-u,\; 9/v - \sqrt{2-u^2})$ 必须平行于径向方向 $(u,\, \sqrt{2-u^2})$，由此可得
$$\frac{v-u}{u} = \frac{9/v - \sqrt{2-u^2}}{\sqrt{2-u^2}} \quad\Longrightarrow\quad \frac{9u}{v^2} = \sqrt{2-u^2}. \tag{2}$$

**求解。** 由 (1) 和 (2) 可得：$\dfrac{u\,v^2}{9} = \dfrac{9u}{v^2}$，因此 $v^4 = 81$，又因为 $v > 0$，所以 $v = 3$。代入 (2)：$u = \sqrt{2-u^2}$，即 $2u^2 = 2$，因此 $u = 1$（因为 $u > 0$）。

**临界点：** $P = (1,1)$，$Q = (3,3)$。

**该点的值：**
$$(1-3)^2 + (1-3)^2 = 4 + 4 = 8.$$

**验证这是全局最小值。** 该函数在开域 $0 < u < \sqrt{2},\; v > 0$ 上是连续的，且当接近边界时趋向于 $+\infty$（当 $v \to 0^+$ 时 $9/v \to \infty$；当 $v \to \infty$ 时 $(u-v)^2 \to \infty$）。因此，最小值在内部取得。

对于下界：原点到双曲线 $xy=9$ 的距离为 $\min_{v>0}\sqrt{v^2 + 81/v^2} = \sqrt{18} = 3\sqrt{2}$（由 AM-GM 不等式得出，在 $v=3$ 时取得）。圆的半径为 $\sqrt{2}$。因此，圆与双曲线上任意点之间的距离至少为 $3\sqrt{2} - \sqrt{2} = 2\sqrt{2}$，即平方距离 $\geq 8$。

当且仅当连接这对点的直线经过原点时等号成立——即圆上的点、原点以及双曲线上的点共线，且双曲线上的点为 $(3,3)$（距离原点最近的点）。从原点到 $(3,3)$ 的射线与圆 $x^2+y^2=2$ 相交于 $(1,1)$，这恰好是我们的临界点。因此，下界是紧的，且在 $u=1, v=3$ 时取得。

**最小值为 $\boxed{8}$。**

### PROOF COMPLETE
DEVIN_CLI_EXITED code=0
