I'll solve this problem using the theory of orthogonal polynomials and reproducing kernels.

**Answer-Leak Self-Check:** The problem text contains no leaked solutions, answer values, or proof sketches. Proceeding to solve.

---

## Solution

**Setup and substitution.** For the integral $\int_0^\infty e^{-\alpha x}[P(x)]^2\,dx$ to be finite for all polynomials, we need $\alpha > 0$ (the stated condition $\alpha > -1$ ensures convergence only when $\alpha > 0$; for $-1 < \alpha \leq 0$ the integral diverges for any nonzero polynomial, so the constraint is vacuous). We assume $\alpha > 0$.

Set $t = \alpha x$, so $dx = dt/\alpha$ and:
$$\int_0^\infty e^{-\alpha x}[P(x)]^2\,dx = \frac{1}{\alpha}\int_0^\infty e^{-t}\,[P(t/\alpha)]^2\,dt.$$

**Orthogonal polynomials.** The classical Laguerre polynomials
$$L_k(t) = \frac{e^t}{k!}\frac{d^k}{dt^k}\!\left(t^k e^{-t}\right) = \sum_{j=0}^{k}\binom{k}{j}\frac{(-t)^j}{j!}$$
are **orthonormal** with respect to the weight $e^{-t}$ on $[0,\infty)$:
$$\int_0^\infty e^{-t}\,L_k(t)\,L_m(t)\,dt = \delta_{km},$$
and satisfy $L_k(0)=1$ for every $k$.

For our weight $e^{-\alpha x}$, the orthonormal polynomials are
$$q_k(x) = \sqrt{\alpha}\,L_k(\alpha x), \qquad k=0,1,2,\dots$$
Indeed, substituting $t=\alpha x$:
$$\int_0^\infty e^{-\alpha x}\,q_k(x)\,q_m(x)\,dx = \alpha\cdot\frac{1}{\alpha}\int_0^\infty e^{-t}\,L_k(t)\,L_m(t)\,dt = \delta_{km}.$$

**Reproducing kernel.** Let $\mathcal{P}_n$ be the space of polynomials of degree $\le n$ equipped with the inner product $\langle f,g\rangle = \int_0^\infty e^{-\alpha x}f(x)g(x)\,dx$. The reproducing kernel is
$$K_n(x,y) = \sum_{k=0}^{n} q_k(x)\,q_k(y).$$
It satisfies the reproducing property: for every $P\in\mathcal{P}_n$,
$$P(y) = \langle P,\,K_n(\cdot,y)\rangle.$$

**Extremal bound.** Evaluating at $y=0$ and applying Cauchy–Schwarz:
$$|P(0)| = |\langle P,\,K_n(\cdot,0)\rangle| \le \|P\|\cdot\|K_n(\cdot,0)\| = \|P\|\cdot\sqrt{K_n(0,0)}.$$
With the constraint $\|P\|^2 = \int_0^\infty e^{-\alpha x}[P(x)]^2\,dx = 1$, we get
$$|P(0)| \le \sqrt{K_n(0,0)}.$$

**Computing $K_n(0,0)$.** Since $q_k(0) = \sqrt{\alpha}\,L_k(0) = \sqrt{\alpha}$:
$$K_n(0,0) = \sum_{k=0}^{n} q_k(0)^2 = \sum_{k=0}^{n}\alpha = (n+1)\,\alpha.$$

**Achieving the bound.** Equality in Cauchy–Schwarz holds when $P$ is proportional to $K_n(\cdot,0)$:
$$P^*(x) = \frac{K_n(x,0)}{\sqrt{K_n(0,0)}} = \frac{\sqrt{\alpha}\sum_{k=0}^{n}L_k(\alpha x)}{\sqrt{\alpha(n+1)}} = \frac{1}{\sqrt{n+1}}\sum_{k=0}^{n}L_k(\alpha x).$$
This has $\|P^*\|^2 = K_n(0,0)/K_n(0,0) = 1$ and $P^*(0) = \sqrt{\alpha(n+1)}$. Since $L_n(\alpha x)$ has degree $n$, $P^*$ has degree exactly $n$.

**Conclusion.** The maximum of $|P(0)|$ is

$$\boxed{\sqrt{\alpha\,(n+1)}}.$$

**Asymptotic behavior for large $n$:** $\;\sqrt{\alpha(n+1)} \sim \sqrt{\alpha\,n}$, so the maximum grows like $\sqrt{n}$.

### PROOF COMPLETE
DEVIN_CLI_EXITED code=0
