Looking at this problem, I need to find ordered pairs (a,b) such that the line ax + by = 1 intersects the circle x² + y² = 50, and **every** intersection point is an integer lattice point.

## Integer points on the circle

I need x² + y² = 50 with integers. Since 50 = 1 + 49 = 25 + 25:
- (±1, ±7), (±7, ±1): 8 points
- (±5, ±5): 4 points

This gives **12 integer points** on the circle.

## Intersection structure

A line meets a circle in 1 point (tangent) or 2 points (secant). The requirement "every intersection point is an integer point" combined with "at least one intersection" means either:
- **Tangent case**: line touches at exactly one integer point, or
- **Secant case**: line passes through exactly two integer points (and no other points, which is automatic since a line meets a circle in at most 2 points).

Note ax + by = 1 never passes through the origin (since 0 ≠ 1), so we must exclude any secant line through the origin.

## Tangent case

The tangent to x² + y² = 50 at (x₀, y₀) is x₀·x + y₀·y = 50, i.e., a = x₀/50, b = y₀/50. Each of the 12 points gives a distinct tangent line (distinct points on a circle have distinct tangents), and none passes through the origin.

**Tangent count: 12**

## Secant case

Each pair of integer points determines a unique line intersecting the circle at exactly those two points. Since a line meets a circle in at most 2 points, no three integer points on the circle are collinear, so distinct pairs give distinct lines.

Total pairs: C(12, 2) = 66.

A line through two points P₁, P₂ passes through the origin iff P₁, P₂, and the origin are collinear. For two points on a circle centered at the origin, this happens iff P₂ = −P₁ (antipodal).

The antipodal pairs among our 12 points:
- (1,7) & (−1,−7), (1,−7) & (−1,7)
- (7,1) & (−7,−1), (7,−1) & (−7,1)
- (5,5) & (−5,−5), (5,−5) & (−5,5)

That's **6 antipodal pairs**, whose connecting lines pass through the origin and thus cannot be written as ax + by = 1.

For each non-antipodal pair, the line equation (y₁−y₂)x + (x₂−x₁)y = x₂y₁ − x₁y₂ has nonzero RHS (verified: RHS = 0 iff P₂ = ±P₁, and P₂ = P₁ is impossible for distinct points), so it normalizes uniquely to ax + by = 1.

**Secant count: 66 − 6 = 60**

## Verification of disjointness

- Tangent lines (1 intersection point) and secant lines (2 intersection points) are distinct.
- Tangent lines are distinct from each other.
- Secant lines are distinct from each other (distinct point pairs).

## Final count

Total valid ordered pairs (a, b) = 12 (tangent) + 60 (secant) = **72**.

### PROOF COMPLETE
DEVIN_CLI_EXITED code=0
