Looking at this problem, I need to find the extrema of $F = \sum_{j=1}^{n}\frac{t_j^p}{1+kt_j}$ where $t_j = \sum_{i=j}^{j+r-1} x_i$ (cyclically), $x_i \geq 0$, $\sum x_i = 1$.

**Key observations:**

1. Each $x_i$ appears in exactly $r$ of the $t_j$'s, so $\sum_{j=1}^n t_j = r$, and $0 \leq t_j \leq 1$.

2. Define $f(t) = \frac{t^p}{1+kt}$. I'll show $f$ is convex for $p \geq 2$, $k \geq 0$.

**Proof of convexity:**

Computing the second derivative:

$$f'(t) = \frac{t^{p-1}[p + k(p-1)t]}{(1+kt)^2}$$

$$f''(t) = \frac{t^{p-2}\big[p(p-1) + 2kpt(p-2) + k^2(p-1)(p-2)t^2\big]}{(1+kt)^3}$$

For $p \geq 2$ and $k \geq 0$: every coefficient $p(p-1)$, $2kp(p-2)$, $k^2(p-1)(p-2)$ is non-negative, $t^{p-2} \geq 0$, and $(1+kt)^3 > 0$. Hence $f''(t) \geq 0$, so **$f$ is convex** on $[0, \infty)$.

**$F$ is convex on the simplex:**

Each $t_j(x) = \sum_{i=j}^{j+r-1} x_i$ is linear in $x$. Since $f$ is convex, each $f(t_j(x))$ is convex (convex composed with linear). The sum $F = \sum_j f(t_j(x))$ is therefore convex on the simplex $\Delta = \{x \geq 0 : \sum x_i = 1\}$.

---

**Minimum (via Jensen's inequality):**

Since $F$ is convex and $\frac{1}{n}\sum_{j=1}^n t_j = \frac{r}{n}$:

$$F \geq n \cdot f\!\left(\frac{r}{n}\right) = n \cdot \frac{(r/n)^p}{1 + k(r/n)} = n \cdot \frac{r^p/n^p}{(n+kr)/n} = \frac{r^p}{n^{p-2}(n+kr)}$$

**Equality** holds when all $t_j$ are equal, i.e., $t_j = r/n$ for all $j$. This is achieved by the uniform distribution $x_i = 1/n$ for all $i$ (then every $t_j = r \cdot \frac{1}{n} = \frac{r}{n}$).

$$\boxed{\min F = \frac{r^p}{\,n^{p-2}(n+kr)\,}}$$

---

**Maximum (at a vertex of the simplex):**

A convex function on a compact convex polytope attains its maximum at a vertex. The vertices of $\Delta$ are $e_i$ (where $x_i = 1$, all others $0$).

At vertex $e_i$: $t_j = 1$ if and only if $i \in \{j, j+1, \ldots, j+r-1\} \pmod{n}$. For fixed $i$, this holds for exactly $r$ values of $j$ (namely $j = i, i-1, \ldots, i-r+1 \pmod{n}$). The remaining $n - r$ values of $t_j$ equal $0$, contributing $\frac{0^p}{1+0} = 0$.

Therefore:

$$F\big|_{e_i} = r \cdot \frac{1^p}{1+k \cdot 1} + (n-r)\cdot 0 = \frac{r}{1+k}$$

This value is the same at every vertex, so:

$$\boxed{\max F = \frac{r}{1+k}}$$

---

**Verification (sanity check):** Take $n=3, r=2, k=1, p=2$.
- Uniform ($x_i = 1/3$): $t_j = 2/3$, $F = 3 \cdot \frac{4/9}{5/3} = 3 \cdot \frac{4}{15} = \frac{4}{5}$. Formula: $\frac{4}{1 \cdot 5} = \frac{4}{5}$. ✓
- Vertex ($x_1=1$): $t_1=1, t_2=0, t_3=1$, $F = \frac{1}{2}+0+\frac{1}{2}=1$. Formula: $\frac{2}{2}=1$. ✓
- Intermediate ($x_1=x_2=1/2$): $t_1=1, t_2=1/2, t_3=1/2$, $F = \frac{1}{2}+\frac{1/4}{3/2}+\frac{1/4}{3/2} = \frac{1}{2}+\frac{1}{3} = \frac{5}{6}$, which lies in $(4/5, 1)$. ✓

---

**Summary** (for $p \geq 2$, $k \geq 0$ integer, $1 < r < n$):

$$\min \sum_{j=1}^{n}\frac{t_j^p}{1+kt_j} = \frac{r^p}{\,n^{p-2}(n+kr)\,}, \qquad \max \sum_{j=1}^{n}\frac{t_j^p}{1+kt_j} = \frac{r}{1+k}$$

- The **minimum** is attained at $x_1 = x_2 = \cdots = x_n = \frac{1}{n}$ (uniform distribution).
- The **maximum** is attained at any vertex $x_i = 1$, $x_j = 0$ for $j \neq i$.

### PROOF COMPLETE
DEVIN_CLI_EXITED code=0
