```xml
<audit>
  <analysis_result_key>2269359</analysis_result_key>
  <problem_id>amo_bench_00000006</problem_id>
  <audit_status>PASS_SELECTABLE</audit_status>
  <check_results>
    <A1>PASS: dimension1_verdict is DIRECTION_ERROR, a valid value.</A1>
    <A2>PASS: dimension1_explanation is non-empty and well over 50 characters.</A2>
    <A3>PASS: dimension2_turning_point_type is "other", a valid value in the allowed list.</A3>
    <A4>PASS: dimension2_explanation is non-empty and well over 50 characters.</A4>
    <A5>PASS: ai_direction_summary is non-empty and describes the AI's actual direction.</A5>
    <A6>PASS: standard_solution_key_technique is non-empty and describes a specific technique.</A6>
    <B1>PASS: No XML tag leaks found in either explanation.</B1>
    <B2>PASS: No template placeholder leaks found in either explanation.</B2>
    <B3>PASS: Both explanations are well over 50 characters.</B3>
    <C1>PASS: d1=DIRECTION_ERROR and d2 has a value ("other"), consistent.</C1>
    <C2>PASS: d1_exp describes the AI going in a completely wrong direction (analyzing an unrelated problem), matching the DIRECTION_ERROR label.</C2>
    <C3>PASS: d2_exp describes a pairing/inequality optimization technique not captured by modular-arithmetic categories, matching the "other" label.</C3>
    <D1>PASS: d1_exp is over 100 characters and contains action verbs ("analyzes", "engages", "hallucinated", "imported").</D1>
    <D2>PASS: d2_exp is over 100 characters and contains mathematical terms (pairing, inequality, extremal assignment, parity-based case analysis).</D2>
    <D3>PASS: ai_direction_summary describes the specific wrong direction taken (number-theory problem about floor(n!/(n+1)(n+2)) mod 32).</D3>
    <D4>PASS: standard_solution_key_technique describes the specific technique (pairing variables, summing constraints, constructing extremal configuration, parity case analysis).</D4>
    <E1>UNKNOWN — check via script</E1>
  </check_results>
  <issues_found>none</issues_found>
</audit>
```

### AUDIT COMPLETE
DEVIN_CLI_EXITED code=0
```xml
<audit>
  <analysis_result_key>2269359</analysis_result_key>
  <problem_id>amo_bench_00000006</problem_id>
  <audit_status>PASS_NOT_SELECTABLE</audit_status>
  <check_results>
    <A1>PASS: dimension1_verdict is DIRECTION_ERROR, a valid value</A1>
    <A2>PASS: dimension1_explanation is non-empty and well over 50 characters</A2>
    <A3>PASS: dimension2_turning_point_type is "other", a valid value, and d1=DIRECTION_ERROR requires d2 present</A3>
    <A4>PASS: dimension2_explanation is non-empty and well over 50 characters</A4>
    <A5>PASS: ai_direction_summary is non-empty and describes the wrong direction taken</A5>
    <A6>PASS: standard_solution_key_technique is non-empty and describes a specific technique</A6>
    <B1>PASS: no XML tag leaks found in either explanation</B1>
    <B2>PASS: no template placeholder leaks found in either explanation</B2>
    <B3>PASS: both explanations are well over 50 characters</B3>
    <C1>PASS: d1=DIRECTION_ERROR and d2 has a value, consistent</C1>
    <C2>PASS: d1_exp describes the AI solving a completely unrelated problem, matching the DIRECTION_ERROR label</C2>
    <C3>PASS: d2=other and d2_exp describes a pairing/inequality optimization technique not captured by modular-arithmetic categories, matching "other"</C3>
    <D1>FAIL: d1_exp is over 100 characters but contains none of the required action verbs (identified, missed, explored, used, went, attempted, tried, failed, overlooked, ignored)</D1>
    <D2>PASS: d2_exp is over 100 characters and contains mathematical terms (pairing, inequality, lower bound, extremal, parity, case analysis)</D2>
    <D3>PASS: ai_direction_summary describes the specific wrong direction (analyzing floor(n!/(n+1)(n+2)) mod 32) rather than just stating failure</D3>
    <D4>PASS: standard_solution_key_technique describes the specific technique of pairing variables, summing constraints, and constructing an extremal configuration with parity case analysis</D4>
    <E1>UNKNOWN — check via script</E1>
  </check_results>
  <issues_found>D1 fails: dimension1_explanation lacks any of the required action verbs from the operability checklist</issues_found>
</audit>
```

### AUDIT COMPLETE
DEVIN_CLI_EXITED code=0
