Looking at this problem, I need to characterize 2-kings in multipartite tournaments. Let me work through the structure carefully.

## Characterization of 2-Kings in Multipartite Tournaments

**Setup.** Let $T$ be a multipartite tournament with partite sets $V_1, \dots, V_k$. For a vertex $v$, let $N^+(v)$ denote its out-neighbors and $N^-(v)$ its in-neighbors. Let $P(v)$ denote the partite set containing $v$.

**Key observation.** In a multipartite tournament, a directed edge $x \to y$ exists if and only if $P(x) \neq P(y)$ and the orientation assigns $x \to y$. Crucially, there are **no edges** between vertices in the same partite set.

---

### Theorem

A vertex $v \in V_i$ is a 2-king if and only if the following two conditions hold:

**(C1)** Every vertex in $V_i \setminus \{v\}$ is dominated by some out-neighbor of $v$.

**(C2)** For every in-neighbor $u$ of $v$ with $u \in V_j$ ($j \neq i$), there exists an out-neighbor $w$ of $v$ with $P(w) \neq V_j$ such that $w \to u$.

Equivalently, $v$ is a 2-king if and only if every vertex in $V \setminus (N^+(v) \cup \{v\})$ is dominated by some out-neighbor of $v$ **that lies in a different partite set from it**.

---

### Proof

**Necessity ($\Rightarrow$).** Suppose $v$ is a 2-king. Every vertex $u \neq v$ is reachable from $v$ via a directed path of length at most 2.

The vertices **not** in $N^+(v) \cup \{v\}$ are exactly:
- **Type A:** $u \in V_i \setminus \{v\}$ — same partite set as $v$, so no edge exists between $v$ and $u$. These cannot be reached in 1 step, so they must be reached in exactly 2 steps: $v \to w \to u$ for some $w \in N^+(v)$. Since $w \in N^+(v)$, we have $P(w) \neq V_i = P(u)$, so $w \to u$ is a valid edge. This establishes **(C1)**.

- **Type B:** $u \in N^-(v)$, say $u \in V_j$ with $j \neq i$. Since $u \notin N^+(v)$, $u$ must be reached in exactly 2 steps: $v \to w \to u$ for some $w \in N^+(v)$. For $w \to u$ to be a valid edge, we need $P(w) \neq P(u) = V_j$. So $w$ must be an out-neighbor of $v$ **not** in $V_j$. This establishes **(C2)**.

**Sufficiency ($\Leftarrow$).** Suppose (C1) and (C2) hold. Let $u \neq v$.

- If $u \in N^+(v)$: reachable in 1 step. ✓
- If $u \in V_i \setminus \{v\}$: by (C1), there exists $w \in N^+(v)$ with $w \to u$, giving path $v \to w \to u$ of length 2. ✓
- If $u \in N^-(v) \cap V_j$: by (C2), there exists $w \in N^+(v)$ with $P(w) \neq V_j$ and $w \to u$, giving path $v \to w \to u$ of length 2. ✓

Every vertex is reachable in at most 2 steps, so $v$ is a 2-king. $\square$

---

### Structural Corollaries

**Corollary 1 (Bipartite case, $k=2$).** In a bipartite tournament with partite sets $V_1, V_2$, a vertex $v \in V_1$ is a 2-king if and only if:
- $v$ dominates **every** vertex in $V_2$ (i.e., $N^-(v) = \emptyset$), and
- every vertex in $V_1 \setminus \{v\}$ is dominated by some vertex in $V_2$.

*Proof.* When $k=2$, any out-neighbor $w$ of $v \in V_1$ lies in $V_2$. For condition (C2), an in-neighbor $u \in V_2$ would require an out-neighbor $w \notin V_2$, but all out-neighbors are in $V_2$ — contradiction. So (C2) forces $N^-(v) = \emptyset$, meaning $v$ dominates all of $V_2$. Then (C1) requires every $u \in V_1 \setminus \{v\}$ to be dominated by some $w \in V_2$ (all of which are out-neighbors of $v$). $\square$

**Corollary 2 (Role of a third partite set).** For $k \geq 3$, a vertex $v \in V_i$ with in-neighbors in partite set $V_j$ can still be a 2-king, provided those in-neighbors are dominated by out-neighbors of $v$ in some **third** partite set $V_\ell$ ($\ell \neq i, \ell \neq j$). The multipartite structure with $k \geq 3$ thus permits "back-reachability" of in-neighbors via a detour through a third partite set — a mechanism unavailable when $k = 2$.

**Corollary 3 (Comparison with tournaments).** When every partite set has size 1 (a standard tournament), condition (C1) is vacuous ($V_i \setminus \{v\} = \emptyset$) and condition (C2) reduces to: every in-neighbor of $v$ is dominated by some out-neighbor of $v$. This recovers the classical characterization of kings in tournaments.

---

### Summary

The 2-kings in a multipartite tournament are precisely those vertices $v$ such that:
1. **Same-partite-set reachability:** every vertex sharing $v$'s partite set is dominated by some out-neighbor of $v$ (necessarily from another partite set), and
2. **In-neighbor back-reachability:** every in-neighbor of $v$ in partite set $V_j$ is dominated by some out-neighbor of $v$ lying **outside** $V_j$.

The essential structural feature distinguishing multipartite tournaments from ordinary tournaments is condition (C2): the intermediate vertex on a 2-step path to an in-neighbor must avoid the in-neighbor's partite set, creating an obstruction that is vacuous in ordinary tournaments (where all partite sets are singletons) but becomes critical when partite sets have size $\geq 2$, and is maximally restrictive in the bipartite case ($k=2$) where no "third" partite set exists for the detour.

### PROOF COMPLETE
DEVIN_CLI_EXITED code=0
