## Solution

Let $S = \{1, 2, \dots, 2002\}$, so $|S| = 2002$. The set $F$ consists of all ordered $n$-tuples $(A_1, \dots, A_n)$ where each $A_i \subseteq S$. Since each $A_i$ has $2^{2002}$ choices, the total number of tuples is $|F| = (2^{2002})^n = 2^{2002n}$.

We want to compute
$$
\sum_{(A_1,\dots,A_n)\in F} |A_1 \cup A_2 \cup \cdots \cup A_n|.
$$

**Linearity of expectation / counting by elements.** Using the identity $|A_1 \cup \cdots \cup A_n| = \sum_{x \in S} \mathbf{1}[x \in A_1 \cup \cdots \cup A_n]$, we swap the order of summation:

$$
\sum_{(A_1,\dots,A_n)\in F} |A_1 \cup \cdots \cup A_n| = \sum_{x \in S} \sum_{(A_1,\dots,A_n)\in F} \mathbf{1}[x \in A_1 \cup \cdots \cup A_n].
$$

**Fix an element $x \in S$.** We count the number of tuples for which $x \in A_1 \cup \cdots \cup A_n$, i.e., $x$ belongs to at least one of the $A_i$.

It is easier to count the complement: the number of tuples where $x \notin A_1 \cup \cdots \cup A_n$, which means $x \notin A_i$ for every $i = 1, \dots, n$.

- The condition $x \notin A_i$ means $A_i \subseteq S \setminus \{x\}$, a set of size $2001$, giving $2^{2001}$ choices for $A_i$.
- Since the $A_i$ are chosen independently, the number of tuples with $x \notin A_i$ for all $i$ is $(2^{2001})^n = 2^{2001n}$.

Therefore the number of tuples where $x \in A_1 \cup \cdots \cup A_n$ is
$$
2^{2002n} - 2^{2001n}.
$$

**Sum over all elements.** By symmetry, every element $x \in S$ contributes the same count $2^{2002n} - 2^{2001n}$. Since $|S| = 2002$, we obtain

$$
\sum_{(A_1,\dots,A_n)\in F} |A_1 \cup \cdots \cup A_n| = 2002 \cdot \left(2^{2002n} - 2^{2001n}\right).
$$

This can also be written as $2002 \cdot 2^{2001n}(2^n - 1)$, but the cleanest form is:

$$
\boxed{2002\left(2^{2002n} - 2^{2001n}\right)}.
$$

### PROOF COMPLETE
DEVIN_CLI_EXITED code=0
