I'll solve this problem directly. Let me first check for answer leaks — the problem text contains only the problem statement and an image of the problem header (Baltic Way Reykjavík 2021), with no solution content. No leak detected.

Now the solution.

---

**Problem.** Find all infinite sequences $(a_1, a_2, \ldots)$ of positive integers satisfying
$$a_{n+1}^2 = 1 + (n+2021)\,a_n, \qquad n \ge 1.$$

**Answer.** The unique solution is $\boxed{a_n = n + 2019}$ for all $n \ge 1$.

---

**Proof.**

Set $c = 2021$. The recurrence is $a_{n+1}^2 = 1 + (n+c)\,a_n$.

**Step 1. A candidate solution.** We try $a_n = n + c - 2 = n + 2019$. Then
$$a_{n+1}^2 = (n+c-1)^2,$$
and
$$1 + (n+c)(n+c-2) = 1 + \bigl((n+c-1)^2 - 1\bigr) = (n+c-1)^2.$$
So $a_n = n+2019$ is indeed a solution.

**Step 2. Uniqueness setup.** Since $a_{n+1}$ is the (unique) positive square root of $1+(n+c)a_n$, the entire sequence is determined by $a_1$. Define the deviation
$$d_n = a_n - (n+c-2).$$
Then $a_n = n+c-2+d_n$, and $a_{n+1} = n+c-1+d_{n+1}$. Substituting into the recurrence:
$$(n+c-1+d_{n+1})^2 = 1 + (n+c)(n+c-2+d_n).$$
Expanding both sides using $(n+c)(n+c-2) = (n+c-1)^2 - 1$ gives
$$(n+c-1)^2 + 2(n+c-1)d_{n+1} + d_{n+1}^2 = (n+c-1)^2 + (n+c)\,d_n,$$
hence
$$d_{n+1}\bigl(2(n+c-1)+d_{n+1}\bigr) = (n+c)\,d_n. \tag{$\star$}$$

Let $e_n = n+c-1 \ge c = 2021 > 0$. Note that
$$2e_n + d_{n+1} = 2(n+c-1) + \bigl(a_{n+1}-(n+c-1)\bigr) = (n+c-1) + a_{n+1} > 0,$$
since both terms are positive. Therefore the sign of the left-hand side of $(\star)$ equals the sign of $d_{n+1}$, while the sign of the right-hand side equals the sign of $d_n$ (as $n+c>0$). Consequently:

> **Sign preservation.** $d_{n+1}$ has the same sign as $d_n$ for every $n$.

So either $d_n = 0$ for all $n$ (giving our candidate), or $d_n > 0$ for all $n$, or $d_n < 0$ for all $n$. We rule out the latter two cases.

**Step 3. Ruling out $d_n > 0$ for all $n$.** From $(\star)$, since $d_{n+1}>0$,
$$2e_n\, d_{n+1} < d_{n+1}(2e_n + d_{n+1}) = (e_n+1)\,d_n,$$
so
$$d_{n+1} < d_n \cdot \frac{e_n+1}{2e_n}.$$
For $e_n \ge 2021$, we have $\frac{e_n+1}{2e_n} = \tfrac12 + \tfrac{1}{2e_n} < 1$, hence $d_{n+1} < d_n$. Thus $(d_n)$ is a strictly decreasing sequence of positive integers — impossible for an infinite sequence. Contradiction.

**Step 4. Ruling out $d_n < 0$ for all $n$.** Set $f_n = -d_n > 0$. Then $(\star)$ becomes
$$f_{n+1}(2e_n - f_{n+1}) = (e_n+1)\,f_n. \tag{$\star\star$}$$
Since $a_{n+1} = e_n - f_{n+1} \ge 1$, we have $f_{n+1} \le e_n - 1$, and therefore
$$2e_n - f_{n+1} \ge 2e_n - (e_n-1) = e_n + 1 > 0.$$
Using $2e_n - f_{n+1} \ge e_n + 1$ in $(\star\star)$:
$$f_{n+1}(e_n+1) \le f_{n+1}(2e_n - f_{n+1}) = (e_n+1)\,f_n,$$
so $f_{n+1} \le f_n$. Thus $(f_n)$ is a non-increasing sequence of positive integers, hence eventually constant: $f_n = f$ for all $n \ge N$.

Substituting $f_{n+1}=f_n=f$ into $(\star\star)$ yields $f(2e_n - f) = (e_n+1)f$, i.e. $2e_n - f = e_n + 1$, i.e. $e_n = f+1$. But $e_n = n + c - 1$ takes each value at most once, so this cannot hold for all large $n$. Contradiction.

**Step 5. Conclusion.** The only remaining possibility is $d_n = 0$ for all $n$, i.e.
$$a_n = n + 2019 \qquad (n \ge 1).$$
This sequence consists of positive integers and satisfies the recurrence (verified in Step 1), and it is the unique such infinite sequence.

### PROOF COMPLETE
DEVIN_CLI_EXITED code=0
