Looking at this problem, I need to find the source function (Green's function for the Cauchy problem with impulse initial data) for the equation $u_{tt} = a^2 \Delta_2 u \pm c^2 u$ in a wedge $0 \leq \phi \leq \pi/n$ with Neumann (second-kind) boundary conditions on both faces, using the method of images.

Let me first check for answer leaks — the problem statement is clean, containing no solutions, solution sketches, or embedded answers.

---

## Solution

### 1. Free-Space Source Function

Consider the equation $u_{tt} = a^2 \Delta_2 u \pm c^2 u$ in free space, i.e.,

$$u_{tt} - a^2 \Delta_2 u \mp c^2 u = 0,$$

with Cauchy data $u\big|_{t=0} = 0$, $u_t\big|_{t=0} = \delta(\mathbf{x} - \mathbf{x}_0)$.

**Case $+c^2 u$ (i.e., $u_{tt} - a^2\Delta u - c^2 u = 0$):** Taking the Fourier transform in $\mathbf{x}$ and Laplace transform in $t$, the transformed Green's function satisfies

$$\widehat{\widetilde{G}}_0(\mathbf{k}, s) = \frac{1}{s^2 + a^2|\mathbf{k}|^2 - c^2}.$$

Inverting (using the known 2D retarded Green's function for the Klein–Gordon operator with mass parameter $m$, and analytically continuing $m^2 \to -c^2$, which sends $J_0 \to I_0$), we obtain:

$$G_0(\rho, t) = \frac{1}{2\pi a}\,\frac{I_0\!\left(\dfrac{c}{a}\sqrt{a^2 t^2 - \rho^2}\right)}{\sqrt{a^2 t^2 - \rho^2}}\,H(at - \rho),$$

where $\rho = |\mathbf{x} - \mathbf{x}_0|$, $H$ is the Heaviside step function, and $I_0$ is the modified Bessel function of the first kind.

**Case $-c^2 u$ (i.e., $u_{tt} - a^2\Delta u + c^2 u = 0$, the standard Klein–Gordon equation):** Here $m^2 = c^2 > 0$, and the retarded Green's function is:

$$G_0(\rho, t) = \frac{1}{2\pi a}\,\frac{J_0\!\left(\dfrac{c}{a}\sqrt{a^2 t^2 - \rho^2}\right)}{\sqrt{a^2 t^2 - \rho^2}}\,H(at - \rho),$$

where $J_0$ is the Bessel function of the first kind.

**Unified notation.** For $u_{tt} = a^2 \Delta_2 u \pm c^2 u$, define

$$\mathcal{Z}_0 = \begin{cases} I_0, & \text{for the } +c^2 u \text{ case},\\ J_0, & \text{for the } -c^2 u \text{ case}. \end{cases}$$

Then the free-space source function is:

$$\boxed{G_0(\rho,\, t) = \frac{1}{2\pi a}\,\frac{\mathcal{Z}_0\!\left(\dfrac{c}{a}\sqrt{a^2 t^2 - \rho^2}\right)}{\sqrt{a^2 t^2 - \rho^2}}\,H(at - \rho).}$$

One can verify directly: (i) $G_0\big|_{t=0} = 0$ since $H(at-\rho)=0$ for $t=0$, $\rho>0$; (ii) $G_{0,t}\big|_{t=0^+} = \delta(\mathbf{x}-\mathbf{x}_0)$ (the singularity at $\rho=0$, $t\to 0^+$ reproduces the $\delta$-impulse); (iii) $G_0$ satisfies the PDE for $t > 0$, $\rho > 0$.

---

### 2. Method of Images for the Wedge with Neumann Boundary Conditions

The domain is the wedge $W = \{(r,\phi): 0 \leq \phi \leq \pi/n\}$ with $n$ a positive integer. The source is at $M_0 = (r_0, \phi_0)$ with $0 < \phi_0 < \pi/n$. The boundary conditions are:

$$\frac{\partial u}{\partial \phi}\bigg|_{\phi=0} = 0, \qquad \frac{\partial u}{\partial \phi}\bigg|_{\phi=\pi/n} = 0.$$

(Neumann/second kind: the normal derivative vanishes on each boundary ray.)

**Reflection group.** The two reflections — across $\phi = 0$ (mapping $\phi \to -\phi$) and across $\phi = \pi/n$ (mapping $\phi \to 2\pi/n - \phi$) — generate the dihedral group $D_n$ of order $2n$, since the angle between the reflecting lines is $\pi/n$ and $\pi/(\pi/n) = n$ is an integer. This finite group means the image construction **closes after finitely many reflections**, which is precisely why the method of images works for wedge angle $\pi/n$ with integer $n$.

**Image points.** Starting from the source at angle $\phi_0$, the group orbit consists of $2n$ points at angles:

$$\phi_k^{(+)} = \phi_0 + \frac{2k\pi}{n}, \qquad \phi_k^{(-)} = -\phi_0 + \frac{2k\pi}{n}, \qquad k = 0, 1, \ldots, n-1.$$

All image points are at radius $r_0$. The point $\phi_0^{(+)} = \phi_0$ (with $k=0$) is the original source; the remaining $2n-1$ points are images.

**Signs for Neumann conditions.** For second-kind (Neumann) boundary conditions, every reflection preserves the sign of the source. Thus **all $2n$ images carry the same (positive) sign**. (This contrasts with Dirichlet conditions, where signs would alternate.)

**Distances.** For an observation point $M = (r, \phi)$ inside the wedge, the distances to the image points are:

$$\rho_k^{(+)} = \sqrt{r^2 + r_0^2 - 2rr_0\cos\!\left(\phi - \phi_0 - \frac{2k\pi}{n}\right)},$$

$$\rho_k^{(-)} = \sqrt{r^2 + r_0^2 - 2rr_0\cos\!\left(\phi + \phi_0 - \frac{2k\pi}{n}\right)}.$$

---

### 3. The Source Function in the Wedge

The source function is the sum of free-space source functions over all images:

$$\boxed{G(r,\phi,\, t;\, r_0,\phi_0) = \frac{1}{2\pi a}\sum_{k=0}^{n-1}\left[\frac{\mathcal{Z}_0\!\left(\dfrac{c}{a}\sqrt{a^2 t^2 - \left(\rho_k^{(+)}\right)^2}\right)}{\sqrt{a^2 t^2 - \left(\rho_k^{(+)}\right)^2}}\,H\!\left(at - \rho_k^{(+)}\right) + \frac{\mathcal{Z}_0\!\left(\dfrac{c}{a}\sqrt{a^2 t^2 - \left(\rho_k^{(-)}\right)^2}\right)}{\sqrt{a^2 t^2 - \left(\rho_k^{(-)}\right)^2}}\,H\!\left(at - \rho_k^{(-)}\right)\right]}$$

with $\rho_k^{(\pm)}$ as defined above, and $\mathcal{Z}_0 = I_0$ for $u_{tt} = a^2\Delta_2 u + c^2 u$, $\mathcal{Z}_0 = J_0$ for $u_{tt} = a^2\Delta_2 u - c^2 u$.

---

### 4. Verification

**(a) The PDE is satisfied.** Each term $G_0(\rho_k^{(\pm)}, t)$ is a function of $(r, \phi)$ through $\rho_k^{(\pm)}$, which depends on $(r, \phi)$ in exactly the same way as the free-space distance depends on the field point. Since the 2D Laplacian $\Delta_2 = \frac{1}{r}\frac{\partial}{\partial r}\!\left(r\frac{\partial}{\partial r}\right) + \frac{1}{r^2}\frac{\partial^2}{\partial \phi^2}$ acts on functions of $\rho_k^{(\pm)}$ exactly as the free-space Laplacian acts on functions of $\rho$, each $G_0(\rho_k^{(\pm)}, t)$ satisfies $u_{tt} = a^2 \Delta_2 u \pm c^2 u$ for $t > 0$ away from the image singularities. The sum of solutions is a solution. Within the physical wedge $W$, no image point lies in the interior (all images are outside $W$), so there are no spurious singularities — the only singularity is at the true source $M_0$.

**(b) Initial conditions.** At $t = 0$: $G\big|_{t=0} = 0$ since $H(at - \rho) = 0$ for all $\rho > 0$. For $u_t\big|_{t=0^+}$: only the $k=0$, $+$ term (the original source at $\phi_0$) contributes a $\delta$-impulse inside the wedge $W$; all other images lie outside $W$ and their impulses do not affect the initial data within the physical domain. Thus $u_t\big|_{t=0^+} = \delta(\mathbf{x} - \mathbf{x}_0)$ in $W$. ✓

**(c) Boundary condition on $\phi = 0$.** The set of image angles $\{\phi_0 + 2k\pi/n\}_{k=0}^{n-1} \cup \{-\phi_0 + 2k\pi/n\}_{k=0}^{n-1}$ is **invariant under the reflection $\phi \mapsto -\phi$**: reflecting $\phi_0 + 2k\pi/n$ gives $-\phi_0 - 2k\pi/n = -\phi_0 + 2(n-k)\pi/n \pmod{2\pi}$, which belongs to the second set (with index $n-k$); similarly, reflecting $-\phi_0 + 2k\pi/n$ gives $\phi_0 - 2k\pi/n = \phi_0 + 2(n-k)\pi/n \pmod{2\pi}$, belonging to the first set. Therefore $G(r, -\phi, t) = G(r, \phi, t)$, which implies

$$\frac{\partial G}{\partial \phi}\bigg|_{\phi=0} = 0. \quad \checkmark$$

**(d) Boundary condition on $\phi = \pi/n$.** The image set is also **invariant under the reflection $\phi \mapsto 2\pi/n - \phi$** (reflection across $\phi = \pi/n$): applying this to $\phi_0 + 2k\pi/n$ gives $2\pi/n - \phi_0 - 2k\pi/n = -\phi_0 + 2(1-k)\pi/n \pmod{2\pi}$, which is in the second set; and applying it to $-\phi_0 + 2k\pi/n$ gives $2\pi/n + \phi_0 - 2k\pi/n = \phi_0 + 2(1-k)\pi/n \pmod{2\pi}$, in the first set. Hence $G(r, 2\pi/n - \phi, t) = G(r, \phi, t)$, giving

$$\frac{\partial G}{\partial \phi}\bigg|_{\phi=\pi/n} = 0. \quad \checkmark$$

**(e) Consistency check: $n = 1$ (half-plane).** When $n = 1$, the wedge is $0 \leq \phi \leq \pi$ (half-plane). The sum has $k = 0$ only, giving two terms: the source at $\phi_0$ and its mirror at $-\phi_0$ across $\phi = 0$, both with positive sign — the well-known half-plane Neumann result. ✓

**(f) Consistency check: $c = 0$ (wave equation).** When $c = 0$, $\mathcal{Z}_0(0) = 1$ for both $I_0$ and $J_0$, and the formula reduces to the standard wave-equation source function in the wedge:

$$G\big|_{c=0} = \frac{1}{2\pi a}\sum_{k=0}^{n-1}\left[\frac{H(at - \rho_k^{(+)})}{\sqrt{a^2 t^2 - (\rho_k^{(+)})^2}} + \frac{H(at - \rho_k^{(-)})}{\sqrt{a^2 t^2 - (\rho_k^{(-)})^2}}\right],$$

which is the known result for the 2D wave equation in a wedge with Neumann conditions. ✓

---

### 5. Summary

The source function of an instantaneous concentrated impulse for $u_{tt} = a^2 \Delta_2 u \pm c^2 u$ in the wedge $0 \leq \phi \leq \pi/n$ ($n \in \mathbb{Z}^+$) with second-kind boundary conditions on both rays is obtained by the method of images. The dihedral group $D_n$ (generated by reflections across the two boundary rays, which meet at angle $\pi/n$) produces $2n$ image points at angles $\phi_0 + 2k\pi/n$ and $-\phi_0 + 2k\pi/n$ ($k = 0, \ldots, n-1$), all with positive sign (Neumann). The source function is the sum of free-space Klein–Gordon (or its analytic continuation) Green's functions centered at each image:

$$G = \frac{1}{2\pi a}\sum_{k=0}^{n-1}\left[\frac{\mathcal{Z}_0\!\left(\frac{c}{a}\sqrt{a^2 t^2 - (\rho_k^{(+)})^2}\right)}{\sqrt{a^2 t^2 - (\rho_k^{(+)})^2}}\,H(at - \rho_k^{(+)}) + \frac{\mathcal{Z}_0\!\left(\frac{c}{a}\sqrt{a^2 t^2 - (\rho_k^{(-)})^2}\right)}{\sqrt{a^2 t^2 - (\rho_k^{(-)})^2}}\,H(at - \rho_k^{(-)})\right],$$

where $\mathcal{Z}_0 = I_0$ for the $+c^2 u$ case and $\mathcal{Z}_0 = J_0$ for the $-c^2 u$ case, and the distances $\rho_k^{(\pm)}$ are given by the law of cosines as above.

### PROOF COMPLETE
DEVIN_CLI_EXITED code=0
