## Solution

**Goal:** Find the smallest integer $a$ such that $f(x) = \int_0^x \left|\log_2\!\left(\log_3\!\left(\log_4(\cos t + a)\right)\right)\right| dt$ is increasing for all $x \in \mathbb{R}$.

### Key Observation

Since $f(x) = \int_0^x g(t)\,dt$ where $g(t) = \left|\log_2(\log_3(\log_4(\cos t + a)))\right|$, we have $f'(x) = g(x) \geq 0$ **wherever $g$ is defined**. The absolute value guarantees non-negativity. Therefore, $f$ is increasing if and only if **the integrand $g(t)$ is defined (as a real number) for every $t \in \mathbb{R}$**, so that $f$ is well-defined on all of $\mathbb{R}$ and $f'(x) \geq 0$ everywhere.

### Domain Requirements

For $g(t)$ to be a real-valued function for all $t \in \mathbb{R}$, we need three nested conditions to hold for **every** $t$ (equivalently, for the worst case $\cos t = -1$):

**Condition 1:** $\cos t + a > 0$ for all $t$.
$$\min_t(\cos t + a) = a - 1 > 0 \implies a > 1.$$

**Condition 2:** $\log_4(\cos t + a) > 0$ for all $t$, i.e., $\cos t + a > 1$ for all $t$.
$$a - 1 > 1 \implies a > 2.$$

**Condition 3:** $\log_3(\log_4(\cos t + a)) > 0$ for all $t$, i.e., $\log_4(\cos t + a) > 1$ for all $t$, i.e., $\cos t + a > 4$ for all $t$.
$$a - 1 > 4 \implies a > 5.$$

The **binding condition** is Condition 3, requiring $a > 5$, so the smallest integer is $a \geq 6$.

### Verification that $a = 5$ fails

At $a = 5$: when $\cos t = -1$ (i.e., $t = \pi + 2k\pi$),
$$\cos t + 5 = 4 \implies \log_4(4) = 1 \implies \log_3(1) = 0 \implies \log_2(0) \text{ is undefined } (-\infty).$$
The integrand is not a real number at these points, so $f$ is not well-defined on all of $\mathbb{R}$. ✗

### Verification that $a = 6$ works

At $a = 6$: $\cos t + 6 \in [5, 7]$ for all $t$.

- $\log_4(\cos t + 6) \in [\log_4 5,\, \log_4 7] \approx [1.16, 1.40]$, all $> 1 > 0$. ✓
- $\log_3(\log_4(\cos t + 6)) \in [\log_3(\log_4 5),\, \log_3(\log_4 7)] \approx [0.14, 0.33]$, all $> 0$. ✓
- $\log_2(\log_3(\log_4(\cos t + 6)))$ is defined (negative, but real-valued) for all $t$. ✓
- $g(t) = |\log_2(\log_3(\log_4(\cos t + 6)))| > 0$ for all $t$ (since $\log_3(\log_4(\cos t+6)) \neq 1$, which would require $\cos t = 64 - 6 = 58$, impossible). ✓

Therefore $f'(x) = g(x) > 0$ for all $x \in \mathbb{R}$, so $f$ is strictly increasing. ✓

### Conclusion

The smallest integer value of $a$ is $\boxed{6}$.

### PROOF COMPLETE
DEVIN_CLI_EXITED code=0
