## 解答

**答案：** $C = \dfrac{1}{8}$，当且仅当存在某对 $i \ne j$ 使得 $x_i = x_j > 0$ 且其余 $x_k = 0$ 时取等。

---

### 证明

设 $S = \sum_i x_i$。由于不等式两边均为 4 次齐次式，不妨设 $S = 1$（即 $x_i \ge 0,\ \sum_i x_i = 1$），于是只需证
$$
F := \sum_{i<j} x_i x_j(x_i^2+x_j^2) \le \frac{1}{8}.
$$

**第一步：化简。** 注意
$$
\sum_{i<j} x_i x_j(x_i^2+x_j^2) = \sum_{i<j}(x_i^3 x_j + x_i x_j^3) = \sum_{i\ne j} x_i^3 x_j = \sum_i x_i^3\!\sum_{j\ne i} x_j = \sum_i x_i^3(1-x_i),
$$
即
$$
F = \sum_i \bigl(x_i^3 - x_i^4\bigr) = \sum_i h(x_i),\qquad h(t) := t^3(1-t),\quad t\in[0,1].
$$

**第二步：分析 $h$ 的凸性。**
$$
h'(t)=t^2(3-4t),\qquad h''(t)=6t(1-2t).
$$
故 $h''(t)\ge 0$ 当 $t\in[0,\tfrac12]$（凸），$h''(t)\le 0$ 当 $t\in[\tfrac12,1]$（凹）。

**第三步：至多一个变量超过 $\tfrac12$。** 若有两个变量 $>\tfrac12$，其和 $>1$，矛盾。故分两种情形。

**情形 A：所有 $x_i\in[0,\tfrac12]$。** 此时每个 $h$ 在 $[0,\tfrac12]$ 上凸，故 $F=\sum_i h(x_i)$ 是多面体
$$
P=\Bigl\{x\in\mathbb R^n:\ \sum_i x_i=1,\ 0\le x_i\le \tfrac12\Bigr\}
$$
上的凸函数。凸函数在紧多面体上的最大值在顶点处取得。$P$ 的顶点恰为有两个分量等于 $\tfrac12$、其余为 $0$ 的点（因 $\sum=1$ 且每分量 $\le\tfrac12$，必须恰有两个取 $\tfrac12$）。在任一顶点处
$$
F = 2\,h\!\left(\tfrac12\right) = 2\cdot\left(\tfrac12\right)^3\cdot\tfrac12 = \frac{1}{8}.
$$
故 $F\le \tfrac18$，等号当且仅当 $x$ 为 $P$ 的顶点，即某两个 $x_i=x_j=\tfrac12$、其余为 $0$。

**情形 B：恰有一个变量 $>\tfrac12$。** 设 $x_1=a\in(\tfrac12,1]$，其余 $x_2,\dots,x_n\in[0,\tfrac12]$ 且 $\sum_{i\ge2}x_i=1-a$。对 $i\ge2$，$h$ 在 $[0,\tfrac12]$ 上凸，故 $\sum_{i\ge2}h(x_i)$ 在多面体 $\{\sum_{i\ge2}x_i=1-a,\ 0\le x_i\le\tfrac12\}$ 上的最大值在顶点处取得。由于 $1-a<\tfrac12$，该多面体的唯一顶点为某一分量 $=1-a$、其余 $=0$，于是
$$
\sum_{i\ge2} h(x_i)\le h(1-a).
$$
因此
$$
F \le h(a)+h(1-a).
$$
令 $u=a(1-a)\in[0,\tfrac14]$，则
$$
h(a)+h(1-a)=a^3(1-a)+(1-a)^3 a = a(1-a)\bigl(a^2+(1-a)^2\bigr)=u(1-2u).
$$
函数 $\varphi(u)=u-2u^2$ 在 $[0,\tfrac14]$ 上的最大值在 $u=\tfrac14$ 处取得（因 $\varphi'(u)=1-4u=0\Rightarrow u=\tfrac14$），值为
$$
\varphi\!\left(\tfrac14\right)=\tfrac14-2\cdot\tfrac1{16}=\frac18.
$$
故 $F\le\tfrac18$。此情形中 $a>\tfrac12$ 严格，故等号不在此情形内部取得（当 $a\to\tfrac12$ 时趋于 $\tfrac18$，恰回到情形 A 的边界）。

**综合** 两种情形，恒有 $F\le \tfrac18$，等号当且仅当某两个 $x_i=x_j=\tfrac12$、其余为 $0$。

**第四步：还原齐次性。** 对一般的非负 $x_i$（不全为零），令 $S=\sum_i x_i$，对 $y_i=x_i/S$ 应用上述结论：
$$
\frac{1}{S^4}\sum_{i<j}x_i x_j(x_i^2+x_j^2)=\sum_{i<j}y_i y_j(y_i^2+y_j^2)\le\frac18,
$$
即
$$
\sum_{i<j}x_i x_j(x_i^2+x_j^2)\le\frac18\left(\sum_i x_i\right)^4.
$$

**下界（$C$ 的最优性）。** 取 $x_1=x_2=t>0$，其余 $x_k=0$。则
$$
\text{LHS}=t\cdot t\,(t^2+t^2)=2t^4,\qquad \text{RHS}=C(2t)^4=16Ct^4,
$$
故 $2t^4\le 16Ct^4$，即 $C\ge\tfrac18$。结合上界，$C=\tfrac18$ 为最小常数。

**等号条件。** 由上述证明，等号成立当且仅当（齐次意义下）存在 $i\ne j$ 使 $x_i=x_j>0$ 且其余 $x_k=0$。$\blacksquare$

### PROOF COMPLETE
DEVIN_CLI_EXITED code=0
