## Solution

**Answer leak check:** The problem text contains only the problem statement — no solution, sketch, or answer. Proceeding.

**Claim:** $S = \{n \in \{1,\dots,100\} : 4 \mid n\}$, so $|S| = 25$.

### Necessity: $n \in S \Rightarrow 4 \mid n$

Suppose $a_1, \dots, a_n$ are integers with $\prod a_i = n$ and $\sum a_i = 0$.

**Case 1: $n$ odd.** Then $n$ is odd, so every $a_i$ is odd (no even integer can divide an odd product). The sum of $n$ odd integers, with $n$ odd, is odd — contradicting $\sum a_i = 0$. So no odd $n$ lies in $S$.

**Case 2: $n \equiv 2 \pmod{4}$.** Then $v_2(n) = 1$, so among $a_1, \dots, a_n$ the total 2-adic valuation is exactly $1$. Hence **exactly one** $a_i$ is even (with $v_2 = 1$) and all the other $n-1$ values are odd. Since $n$ is even, $n-1$ is odd, and the sum of an odd number of odd integers is odd. Adding the single even term keeps the sum odd. Thus $\sum a_i$ is odd $\neq 0$. So no $n \equiv 2 \pmod 4$ lies in $S$.

Combining both cases: $n \in S \Rightarrow 4 \mid n$.

### Sufficiency: $4 \mid n,\ n \ge 4 \Rightarrow n \in S$

Let $n = 4k$ with $k \ge 1$. We construct $n$ integers with product $n$ and sum $0$.

Take the multiset of absolute values
$$\{\underbrace{1, 1, \dots, 1}_{n-2 \text{ ones}},\ 2,\ n/2\},$$
whose product is $1^{n-2}\cdot 2 \cdot (n/2) = n$ and whose total is $T = (n-2) + 2 + n/2 = \tfrac{3n}{2}$, which is even since $4\mid n$. We need to assign negative signs to an **even**-cardinality subset summing to $T/2 = \tfrac{3n}{4}$ (an integer since $4\mid n$).

**Subcase A: $n \equiv 0 \pmod{8}$ (i.e. $k$ even).** Assign negatives to $\{n/2,\ 2,\ \text{and } (n/4 - 2) \text{ ones}\}$. The size of this set is $2 + (n/4 - 2) = n/4$, which is even (since $8\mid n$). The sum is $n/2 + 2 + (n/4 - 2) = \tfrac{3n}{4} = T/2$. ✓

**Subcase B: $n \equiv 4 \pmod{8}$ (i.e. $k$ odd).** Assign negatives to $\{n/2\}$ together with $n/4$ of the ones. The size is $1 + n/4$, which is even (since $n/4$ is odd). The sum is $n/2 + n/4 = \tfrac{3n}{4} = T/2$. ✓ (We need $n/4 \ge 1$, i.e. $n\ge 4$, and $n/4 \le n-2$, both satisfied.)

In both subcases, the number of negatives is even (so the product stays positive $= n$) and the signed sum is $T/2 - T/2 = 0$.

**Verification on examples.**
- $n=4$: values $(-2,-1,1,2)$, product $4$, sum $0$. ✓
- $n=8$: values $(-4,-2,1,1,1,1,1,1)$, product $8$, sum $0$. ✓
- $n=12$: values $(-6,-1,-1,-1,1,1,1,1,1,1,1,2)$, product $12$, sum $0$. ✓
- $n=100$: values $(-50)$, twenty-five $(-1)$'s, seventy-three $1$'s, and $2$; product $100$, sum $-50-25+73+2=0$. ✓

### Counting

The multiples of $4$ in $\{1, 2, \dots, 100\}$ are $4, 8, 12, \dots, 100$, numbering $\lfloor 100/4 \rfloor = 25$.

$$|S| = \boxed{25}.$$

### PROOF COMPLETE
DEVIN_CLI_EXITED code=0
