Looking at this problem, I need to generalize the projective space construction (problem 10) to the Grassmannian $\mathrm{G}_{k,n}$ of $k$-dimensional subspaces of $\mathbb{R}^n$.

Let me first check the problem for answer leaks — the problem statement contains only the construction description and no solutions or proof sketches. Proceeding to solve.

---

## Construction of a Manifold Structure on the Grassmannian $\mathrm{G}_{k,n}$

### Setup and Quotient Description

Let $\mathrm{G}_{k,n}$ denote the set of all $k$-dimensional linear subspaces of $\mathbb{R}^n$. Let $M_{k\times n}^*$ be the set of full-rank $k \times n$ real matrices (an open subset of $\mathbb{R}^{kn}$, hence a smooth manifold). Two matrices $A, B \in M_{k\times n}^*$ have the same row space if and only if $B = GA$ for some $G \in \mathrm{GL}(k,\mathbb{R})$. The group $\mathrm{GL}(k,\mathbb{R})$ acts freely on $M_{k\times n}^*$ by left multiplication, and

$$\mathrm{G}_{k,n} = M_{k\times n}^* / \mathrm{GL}(k,\mathbb{R})$$

as a set. We equip $\mathrm{G}_{k,n}$ with the quotient topology.

### The Charts

For each $k$-element subset $I \subseteq \{1,\dots,n\}$, let $I^c = \{1,\dots,n\}\setminus I$ and define:

$$U_I = \bigl\{P \in \mathrm{G}_{k,n} : P \cap \mathbb{R}^{I^c} = \{0\}\bigr\},$$

where $\mathbb{R}^{I^c} = \mathrm{span}\{e_j : j \in I^c\}$ is the coordinate $(n-k)$-plane. Equivalently, $P \in U_I$ if and only if the projection $\pi_I: P \to \mathbb{R}^I$ is an isomorphism. In matrix terms: if $P = \mathrm{rowspan}(A)$, then $P \in U_I$ iff the $k\times k$ submatrix $A_I$ (columns indexed by $I$) is invertible.

**Geometric interpretation (connection to the problem statement).** When $I = \{1,\dots,k\}$, the condition $P \in U_I$ means $P$ is transverse to the coordinate $(n-k)$-plane $\{x_1 = \cdots = x_k = 0\}$. Then $P$ is the graph of a unique linear map $A: \mathbb{R}^I \to \mathbb{R}^{I^c}$:

$$P = \bigl\{(x_I,\, x_{I^c}) \in \mathbb{R}^I \times \mathbb{R}^{I^c} : x_{I^c} = A\, x_I\bigr\}.$$

For each $j \in I$, the affine $(n-k)$-plane $H_j = \{x_i = \delta_{ij} \text{ for } i \in I\}$ (i.e., $x_j=1$, $x_i = 0$ for $i \in I\setminus\{j\}$) intersects $P$ in the unique point $(e_j,\, Ae_j)$. The $k$ intersection points $P \cap H_j$ determine $P$ completely, and their $I^c$-coordinates — each a vector in $\mathbb{R}^{n-k}$ — furnish $k(n-k)$ real parameters. This directly generalizes problem 10: for $k=1$, the single affine hyperplane $\{x_i = 1\}$ yields $n$ coordinates, recovering the standard atlas on $\mathbb{RP}^n = \mathrm{G}_{1,n+1}$.

### Coordinate Maps

Define $\phi_I : U_I \to \mathbb{R}^{k(n-k)}$ as follows. For $P \in U_I$, choose any matrix $A$ with $\mathrm{rowspan}(A) = P$ and normalize by left-multiplying by $A_I^{-1}$, obtaining the unique representative $\widetilde{A} = A_I^{-1}A$ with $\widetilde{A}_I = \mathrm{Id}_k$. After permuting columns so that $I$-columns precede $I^c$-columns, $\widetilde{A} = [\mathrm{Id}_k \mid X]$ where $X$ is a $k \times (n-k)$ matrix. Set

$$\phi_I(P) = X \in \mathbb{R}^{k\times(n-k)} \cong \mathbb{R}^{k(n-k)}.$$

**Well-definedness.** The normalized representative $\widetilde{A}$ is unique for each $P \in U_I$: if $A' = GA$ is another representative, then $\widetilde{A'} = (A'_I)^{-1}A' = (GA_I)^{-1}(GA) = A_I^{-1}A = \widetilde{A}$. So $\phi_I$ is well-defined.

**Bijectivity.** *Injective:* if $\phi_I(P) = \phi_I(Q) = X$, both have the same normalized representative $[\mathrm{Id}_k \mid X]$, so $P = Q$. *Surjective:* for any $X \in \mathbb{R}^{k\times(n-k)}$, the matrix $[\mathrm{Id}_k \mid X]$ has rank $k$, so its row space lies in $U_I$ and maps to $X$.

**Homeomorphism.** The quotient map $q: M_{k\times n}^* \to \mathrm{G}_{k,n}$ is continuous and open (quotient by a group of homeomorphisms). The normalization $A \mapsto A_I^{-1}A$ is a smooth submersion on $q^{-1}(U_I)$, and the slice $\{[\mathrm{Id}_k \mid X] : X \in \mathbb{R}^{k\times(n-k)}\}$ maps homeomorphically onto $\mathbb{R}^{k(n-k)}$ via $[\mathrm{Id}_k \mid X] \mapsto X$. Hence $\phi_I$ is a homeomorphism.

### Transition Maps Are Smooth

Let $I, J$ be two $k$-element subsets with $U_I \cap U_J \neq \emptyset$. We show $\phi_J \circ \phi_I^{-1}$ is smooth on $\phi_I(U_I \cap U_J) \subseteq \mathbb{R}^{k(n-k)}$.

Given $P \in U_I \cap U_J$ with $\phi_I(P) = X$, the $I$-normalized matrix is $\widetilde{A} = [\mathrm{Id}_k \mid X]$ (after column permutation). The $J$-submatrix $B(X)$ of $\widetilde{A}$ is a $k \times k$ matrix whose entries are either $0$, $1$, or entries of $X$ — hence polynomial in $X$. On $U_I \cap U_J$, $B(X)$ is invertible. The $J$-normalized matrix is $B(X)^{-1}\widetilde{A}$, and $\phi_J(P)$ is the $J^c$-submatrix of $B(X)^{-1}\widetilde{A}$.

Since:
- $B(X)$ depends polynomially on entries of $X$,
- $B(X)^{-1} = \frac{1}{\det B(X)}\,\mathrm{adj}(B(X))$ is rational in $X$ with denominator $\det B(X) \neq 0$ on the domain,
- matrix multiplication and submatrix extraction are polynomial operations,

the transition map $\phi_J \circ \phi_I^{-1}$ is a **rational function** of the entries of $X$ with non-vanishing denominator on its domain. Hence it is $C^\infty$ (in fact, real-analytic).

**Concrete verification ($n=4, k=2$, $I=\{1,2\}$, $J=\{1,3\}$).** With $\phi_I(P) = \begin{pmatrix} a & b \\ c & d\end{pmatrix}$, the normalized matrix is $\left(\begin{smallmatrix} 1 & 0 & a & b \\ 0 & 1 & c & d\end{smallmatrix}\right)$. The $J$-submatrix is $B = \left(\begin{smallmatrix} 1 & a \\ 0 & c\end{smallmatrix}\right)$, invertible iff $c \neq 0$. Then

$$B^{-1}\widetilde{A} = \begin{pmatrix} 1 & -a/c & 0 & (cb-ad)/c \\ 0 & 1/c & 1 & d/c \end{pmatrix},$$

so $\phi_J(P) = \begin{pmatrix} -a/c & (cb-ad)/c \\ 1/c & d/c \end{pmatrix}$, a rational function of $(a,b,c,d)$ with denominator $c \neq 0$. ✓

### The Charts Cover $\mathrm{G}_{k,n}$

For any $P \in \mathrm{G}_{k,n}$, choose a basis $v_1,\dots,v_k$ of $P$ and form $A$ with these as rows. Since $\mathrm{rank}(A) = k$, some $k \times k$ minor is nonzero, i.e., there exists $I$ with $|I|=k$ and $A_I$ invertible. Then $P \in U_I$.

### Hausdorff and Second Countable

**Second countable.** $\mathrm{G}_{k,n}$ is covered by finitely many ($\binom{n}{k}$) charts, each homeomorphic to $\mathbb{R}^{k(n-k)}$, so it is second countable.

**Hausdorff.** Define the equivalence relation $R = \{(A,B) \in M_{k\times n}^* \times M_{k\times n}^* : \mathrm{rowspan}(A) = \mathrm{rowspan}(B)\}$. We have $(A,B) \in R$ iff $B = GA$ for some $G \in \mathrm{GL}(k)$ iff the stacked matrix $\binom{A}{B}$ has rank $k$, i.e., all $(k+1)\times(k+1)$ minors of $\binom{A}{B}$ vanish. These are polynomial conditions, so $R$ is **closed** in $M_{k\times n}^* \times M_{k\times n}^*$.

The quotient map $q: M_{k\times n}^* \to \mathrm{G}_{k,n}$ is **open** (quotient by a group of homeomorphisms). Given $[A] \neq [B]$, we have $(A,B) \notin R$; since $R$ is closed, there exist open neighborhoods $U \ni A$, $V \ni B$ with $(U \times V) \cap R = \emptyset$. Then $q(U), q(V)$ are open, contain $[A], [B]$ respectively, and are disjoint (any common element would yield $(A',B') \in R \cap (U\times V)$, a contradiction). Hence $\mathrm{G}_{k,n}$ is Hausdorff.

### Dimension Check

$$\dim \mathrm{G}_{k,n} = k(n-k).$$

For $k=1$ with $n \to n+1$: $\dim \mathrm{G}_{1,n+1} = 1 \cdot n = n = \dim \mathbb{RP}^n$. ✓

### Summary

$\mathrm{G}_{k,n}$, the set of $k$-dimensional subspaces of $\mathbb{R}^n$, carries a canonical smooth manifold structure of dimension $k(n-k)$ with atlas $\{(U_I, \phi_I)\}$ indexed by $k$-element subsets $I \subseteq \{1,\dots,n\}$:

- **$U_I$**: $k$-planes transverse to the coordinate $(n-k)$-plane $\mathbb{R}^{I^c}$ (equivalently, projecting isomorphically onto $\mathbb{R}^I$).
- **$\phi_I$**: sends $P$ to the $k \times (n-k)$ matrix of the linear map $\mathbb{R}^I \to \mathbb{R}^{I^c}$ whose graph is $P$ — equivalently, to the $I^c$-coordinates of the $k$ intersection points of $P$ with the affine coordinate $(n-k)$-planes $\{x_i = \delta_{ij},\, i \in I\}$ for $j \in I$.
- **Transition maps**: rational (hence smooth) functions, as verified above.
- **Topology**: Hausdorff and second countable, as shown above.

This generalizes problem 10: setting $k=1$ and replacing $n$ by $n+1$, each chart $U_{\{i\}}$ parametrizes lines in $\mathbb{R}^{n+1}$ by their unique intersection point with the affine hyperplane $\{x_i = 1\}$, yielding $n$ coordinates and recovering the standard smooth structure on $\mathbb{RP}^n$.

### PROOF COMPLETE
DEVIN_CLI_EXITED code=0
