Looking at this problem, I need to find the largest constant $c$ for the given inequality. Let me work through it carefully.

## Answer Leak Check

The problem text contains no leaked solutions, sketches, or answer values. Proceeding to solve.

## Proof

**Reformulation.** For each set $A_i$, define the unit vector $u_i = \mathbf{1}_{A_i}/\sqrt{|A_i|} \in \mathbb{R}^n$. Then
$$\frac{|A_i \cap A_j|^2}{|A_i|\,|A_j|} = \langle u_i, u_j\rangle^2.$$
Setting $M = \sum_{i=1}^k x_i\, u_i u_i^\top$, we have $M \succeq 0$ and
$$\sum_{i,j} x_i x_j \frac{|A_i\cap A_j|^2}{|A_i||A_j|} = \sum_{i,j} x_i x_j \operatorname{tr}(u_i u_i^\top u_j u_j^\top) = \operatorname{tr}(M^2) = \|M\|_F^2,$$
while $\operatorname{tr}(M) = \sum_i x_i$. By homogeneity we normalize $\sum_i x_i = 1$, so we seek
$$c = \min \operatorname{tr}(M^2) \quad\text{over feasible } M \text{ with } \operatorname{tr}(M)=1.$$

**Cone description.** Writing $y_i = x_i/|A_i| \ge 0$, we get $M = \sum_i y_i\, \mathbf{1}_{A_i}\mathbf{1}_{A_i}^\top$ with $\sum_i y_i |A_i| = 1$. Thus the feasible set is
$$\mathcal{F} = \{M \in C_\ell : \operatorname{tr}(M) = 1\}, \qquad C_\ell = \operatorname{cone}\{\mathbf{1}_A \mathbf{1}_A^\top : |A| \ge \ell\}.$$
Every $M \in C_\ell$ is PSD, so the PSD constraint is automatic. The set $C_\ell$ is a closed convex cone (conical hull of a compact set), $\mathcal{F}$ is compact (since $\|M\|_F \le \operatorname{tr}(M)=1$), and both are $S_n$-invariant.

**Symmetry reduction.** The objective $\|M\|_F^2$ is convex and $S_n$-invariant. If $M^*$ is a minimizer, then $\bar{M} = \frac{1}{n!}\sum_{\sigma \in S_n} \sigma \cdot M^*$ is feasible (by convexity and $S_n$-invariance of $\mathcal{F}$) and satisfies $\operatorname{tr}(\bar M^2) \le \operatorname{tr}(M^{*2})$ by Jensen's inequality. Hence a minimizer exists at an $S_n$-fixed point.

An $S_n$-fixed symmetric matrix has the form $M = aI + bJ$ (constant diagonal $a+b$, constant off-diagonal $b$), where $J$ is the all-ones matrix. The trace constraint gives $a + b = 1/n$.

**Parametrizing symmetric feasible points.** Any symmetric feasible $M$ arises by symmetrizing a representation: $M = \sum_{m=\ell}^{n} \alpha_m \cdot \frac{1}{\binom{n}{m}}\sum_{|B|=m} \mathbf{1}_B \mathbf{1}_B^\top$ with $\alpha_m \ge 0$. A direct count gives
$$\frac{1}{\binom{n}{m}}\sum_{|B|=m} \mathbf{1}_B \mathbf{1}_B^\top = \frac{m(m-1)}{n(n-1)}\,J + \frac{m(n-m)}{n(n-1)}\,I.$$
So $b = \frac{\sum_m \alpha_m\, m(m-1)}{n(n-1)}$ and the trace constraint is $\sum_m \alpha_m\, m = 1$.

**Minimizing $b$.** The objective $\operatorname{tr}(M^2) = \bigl(\tfrac{1}{n}+(n-1)b\bigr)^2 + (n-1)\bigl(\tfrac{1}{n}-b\bigr)^2$ has derivative $\frac{d}{db} = 2n(n-1)b \ge 0$ for $b \ge 0$, so it is increasing in $b$. We minimize $b$ by minimizing $S_2 = \sum_m \alpha_m\, m(m-1)$ subject to $\alpha_m \ge 0$, $\sum \alpha_m\, m = 1$, $m \ge \ell$.

Since $m(m-1)$ is strictly increasing for $m \ge 1$, the minimum is at $m = \ell$ only: $\alpha_\ell = 1/\ell$, giving $S_2 = \ell - 1$ and
$$b_{\min} = \frac{\ell - 1}{n(n-1)}, \qquad a = \frac{1}{n} - b_{\min} = \frac{n-\ell}{n(n-1)} \ge 0.$$

**Achievability.** This is realized by taking all $\ell$-subsets with equal weight $y_A = \frac{1}{\ell\binom{n}{\ell}}$ (equivalently $x_A = \frac{|A|}{\ell\binom{n}{\ell}} = \frac{1}{\binom{n}{\ell}}$), which is a valid $\ell$-large collection with $\sum x_A = 1$.

**Computing the minimum.** The eigenvalues of $M = aI + bJ$ are $\lambda_1 = a + nb = \frac{\ell}{n}$ (multiplicity 1) and $\lambda_2 = a = \frac{n-\ell}{n(n-1)}$ (multiplicity $n-1$). Therefore
$$\operatorname{tr}(M^2) = \frac{\ell^2}{n^2} + (n-1)\cdot\frac{(n-\ell)^2}{n^2(n-1)^2} = \frac{\ell^2(n-1) + (n-\ell)^2}{n^2(n-1)} = \frac{n\ell^2 - \ell^2 + n^2 - 2n\ell + \ell^2}{n^2(n-1)} = \frac{n - 2\ell + \ell^2}{n(n-1)}.$$

**Verification of edge cases.** For $\ell = 1$: $c = \frac{n-1}{n(n-1)} = \frac{1}{n}$ (singletons give the identity kernel, minimum $1/n$). For $\ell = n$: $c = \frac{n^2 - n}{n(n-1)} = 1$ (only the full set, $f \equiv 1$). Both are correct.

## Conclusion

The largest constant is
$$\boxed{c = \frac{n - 2\ell + \ell^2}{n(n-1)} = \frac{(\ell-1)^2 + (n-1)}{n(n-1)}}.$$

### PROOF COMPLETE
DEVIN_CLI_EXITED code=0
