Looking at this problem, I need to analyze the Gel'fand equation in spherical symmetry through the phase plane of the transformed system. Let me work through this systematically.

## 1. Verification of the Transformation

Starting from the spherically symmetric equation $\theta_{rr} + \frac{2}{r}\theta_r + \lambda e^\theta = 0$, with $p = \lambda r^2 e^\theta$, $q = 2 + r\theta_r$, and $t = -\ln r$ (so $d/dt = -r\,d/dr$):

**For $\dot{p}$:** $dp/dr = \lambda e^\theta(2r + r^2\theta_r) = \lambda r e^\theta(2 + r\theta_r) = (p/r)\cdot q$, so $\dot{p} = -r\,dp/dr = -pq$. ✓

**For $\dot{q}$:** $dq/dt = -r(\theta_r + r\theta_{rr})$. Using $\theta_{rr} = -(2/r)\theta_r - \lambda e^\theta$:
$$r^2\theta_{rr} = -2r\theta_r - \lambda r^2 e^\theta = -2(q-2) - p, \quad r\theta_r = q-2$$
$$\dot{q} = -(q-2) - r^2\theta_{rr} = -(q-2) + 2(q-2) + p = p + q - 2. \checkmark$$

## 2. Equilibria and Linearization

Setting $\dot{p} = \dot{q} = 0$: $pq = 0$ and $p + q = 2$, giving **two equilibria**: $E_1 = (0, 2)$ and $E_2 = (2, 0)$.

**Jacobian:** $J = \begin{pmatrix} -q & -p \\ 1 & 1 \end{pmatrix}$

**At $E_1 = (0,2)$:** $J = \begin{pmatrix} -2 & 0 \\ 1 & 1 \end{pmatrix}$, eigenvalues $\mu_1 = -2$, $\mu_2 = +1$. This is a **saddle point**.
- Stable eigenvector ($\mu = -2$): direction $(-3, 1)$, i.e., into the physical region $p > 0, q < 2$.
- Unstable eigenvector ($\mu = +1$): direction $(0, 1)$, along the $q$-axis.

**At $E_2 = (2,0)$:** $J = \begin{pmatrix} 0 & -2 \\ 1 & 1 \end{pmatrix}$, eigenvalues $\mu = \frac{1 \pm i\sqrt{7}}{2}$ (trace $=1$, det $=2$, discriminant $< 0$). Since $\text{Re}(\mu) = 1/2 > 0$, this is an **unstable focus (spiral source)** in forward $t$.

## 3. Boundary Conditions in Phase Space

- **At $r = 0$ ($t \to \infty$):** $\theta_r(0) = 0$ gives $q \to 2$; $p = \lambda r^2 e^\theta \to 0$. So trajectories **approach $E_1 = (0,2)$** as $t \to \infty$.
- **At $r = 1$ ($t = 0$):** $\theta(1) = 0$ gives $p(0) = \lambda e^0 = \lambda$; $q(0) = 2 + \theta_r(1)$.

Thus every physical solution corresponds to a trajectory on the **stable manifold** $\mathcal{C}$ of $E_1$, and the parameter $\lambda$ equals the $p$-coordinate at $t = 0$: $\lambda = p\big|_{t=0}$.

## 4. The Stable Manifold Spirals into $E_2$

In backward time ($\tau = -t$), the system becomes $dp/d\tau = pq$, $dq/d\tau = -(p+q-2)$. Then:
- $E_1 = (0,2)$ is a saddle (eigenvalues $2, -1$); $\mathcal{C}$ is its **unstable manifold** in backward time.
- $E_2 = (2,0)$ becomes a **stable focus** (eigenvalues $\frac{-1 \pm i\sqrt{7}}{2}$, $\text{Re} < 0$).

**Boundedness:** Since $p = \lambda r^2 e^\theta > 0$ always, and when $q > 0$ we have $dp/d\tau > 0$ (p grows) but $dq/d\tau = -(p+q-2) < 0$ when $p + q > 2$ (q decreases), $q$ eventually becomes negative, reversing p's growth. The trajectory remains bounded. By the **Poincaré–Bendixson theorem**, the omega-limit set of $\mathcal{C}$ (in backward $\tau$) must be $E_2 = (2,0)$, and since $E_2$ is a focus, **$\mathcal{C}$ spirals into $(2,0)$, winding infinitely many times**.

## 5. Critical Values (Turning Points)

Along $\mathcal{C}$, extrema of $p$ (hence of $\lambda$) occur where $\dot{p} = -pq = 0$, i.e., at **$q = 0$ crossings** (excluding $p=0$). Denote the $p$-values at successive $q=0$ crossings as:
$$\lambda_1, \lambda_2, \lambda_3, \lambda_4, \ldots \to 2$$
Since $\mathcal{C}$ spirals into $(2,0)$ where $p=2$:
- $\lambda_1 > 2 > \lambda_2 > 0$ (first overshoot/undershoot)
- $\lambda_1 > \lambda_3 > \lambda_5 > \cdots > 2$ (local maxima, decreasing to 2)
- $\lambda_2 < \lambda_4 < \lambda_6 < \cdots < 2$ (local minima, increasing to 2)

**$\lambda_1$ is the Frank-Kamenetskii critical parameter** ($\lambda_1 \approx 3.32$ for the sphere).

## 6. Monotonicity of $\theta(0)$ and the Response Diagram

The center temperature $\theta_0 = \theta(0)$ is determined by the asymptotic behavior $p \sim \lambda e^{\theta_0} e^{-2t}$ as $t \to \infty$. Parametrizing $\mathcal{C}$ by the time-shift $\Delta$ (where $\lambda = p_{\text{old}}(\Delta)$):

$$\theta_0(\Delta) = \ln\!\left(\frac{A e^{-2\Delta}}{p(\Delta)}\right), \qquad \frac{d\theta_0}{d\Delta} = -2 + q(\Delta)$$

Since $q < 2$ everywhere on the physical trajectory (it leaves $(0,2)$ with $q$ decreasing), **$d\theta_0/d\Delta < 0$**, so $\theta_0$ **increases monotonically** from $0$ to $+\infty$ as we traverse $\mathcal{C}$ from $E_1$ to $E_2$.

## 7. Response Diagram: $\theta(0)$ vs $\lambda$

The response curve is a **spiral in the $(\lambda, \theta_0)$ plane**:
- **Starts at $(0, 0)$**: trivial solution ($\theta \equiv 0$).
- **First branch** ($\lambda: 0 \to \lambda_1$, $\theta_0$ increasing): the "cold" (lower) branch. One solution for each $\lambda$.
- **Turning point at $\lambda = \lambda_1$**: $\theta_0$ reaches its first local maximum; the curve folds back. This is the **critical (explosion) point**.
- **Spiral**: the curve then winds inward, with $\lambda$ oscillating around $2$ and $\theta_0 \to \infty$, converging to the **singular point $(\lambda, \theta_0) = (2, \infty)$**.

The singular solution at $\lambda = 2$ is $\theta_s = -2\ln r$ (satisfying $\theta_{rr} + \frac{2}{r}\theta_r + 2e^\theta = 0$ with $\theta_s(1) = 0$), which has $\theta_s(0) = \infty$ — not a regular solution.

## 8. Number of Solutions

| Range of $\lambda$ | Number of solutions |
|---|---|
| $\lambda > \lambda_1$ | **0** (no solution) |
| $\lambda = \lambda_1$ | **1** (critical/turning point) |
| $\lambda_{2k+1} < \lambda < \lambda_{2k-1}$ ($k \geq 1$) | **$2k$** solutions |
| $\lambda_{2k+2} < \lambda < \lambda_{2k}$ ($k \geq 1$) | **$2k+1$** solutions |
| $0 < \lambda < \lambda_2$ | **1** (cold branch only) |
| $\lambda = 2$ | **0** (singular; only $\theta_0 = \infty$) |

As $\lambda \to 2$ (from either side, $\lambda \neq 2$), the number of solutions **grows without bound** ($\to \infty$), since each additional winding of the spiral contributes two more crossings. For any fixed $\lambda \neq 2$ in $(0, \lambda_1)$, the number is **finite**.

## 9. Summary of Phase Portrait

- **Nullclines**: $\dot{p} = 0$ on $p = 0$ and $q = 0$ (the axes); $\dot{q} = 0$ on the line $p + q = 2$.
- **$E_1 = (0,2)$**: saddle; its stable manifold $\mathcal{C}$ carries all physical solutions.
- **$E_2 = (2,0)$**: unstable focus; $\mathcal{C}$ spirals into it.
- **Direction field**: For $p, q > 0$: $p$ decreases (forward $t$); $q$ increases above $p+q=2$ and decreases below it.
- The trajectory on $\mathcal{C}$ (backward $t$, from $r=0$ to $r=1$) leaves $(0,2)$, crosses $q = 0$ at $p = \lambda_1$, spirals around $(2,0)$ with crossings at $\lambda_2, \lambda_3, \ldots$, converging to $(2,0)$.

## 10. Physical Interpretation

- **Lower branch** ($0 < \lambda < \lambda_1$, small $\theta_0$): stable, gently heated solutions.
- **$\lambda = \lambda_1 \approx 3.32$**: **thermal explosion threshold** (Frank-Kamenetskii criticality). Beyond this, no steady-state solution exists — the system undergoes runaway.
- **Upper branches** (large $\theta_0$, $\lambda$ near 2): unstable "hot" solutions, accessible only through the spiral structure. The infinite family reflects the fact that the spherical geometry ($n = 3 \geq 3$) supports a singular solution at $\lambda = 2$ around which regular solutions accumulate.
- **$\lambda = 2$**: the singular (self-similar) solution $\theta = -2\ln r$ with divergent center temperature; regular solutions accumulate here but none exists exactly at $\lambda = 2$.

### PROOF COMPLETE
