Error: Agent error: Permission denied: Permission denied: Reached overall message rate limit. Please try again later. Your limit will reset in 51 minutes. (trace ID: 91ab455cad190f50e68322a75ca6a781): {
  "cognition.ai/errorKind": "internal",
  "cognition.ai/retryable": true
}
DEVIN_CLI_EXITED code=1
Error: Agent error: Permission denied: Permission denied: Reached overall message rate limit. Please try again later. Your limit will reset in 49 minutes. (trace ID: 95e22fa94f2eb2f9816b5a9e906bd681): {
  "cognition.ai/errorKind": "internal",
  "cognition.ai/retryable": true
}
DEVIN_CLI_EXITED code=1
Error: Agent error: Permission denied: Permission denied: Reached overall message rate limit. Please try again later. Your limit will reset in 47 minutes. (trace ID: 5f05cdf4d197bc3345b55bfdb963873c): {
  "cognition.ai/errorKind": "internal",
  "cognition.ai/retryable": true
}
DEVIN_CLI_EXITED code=1
Error: Agent error: Permission denied: Permission denied: Reached overall message rate limit. Please try again later. Your limit will reset in 45 minutes. (trace ID: 5c9d8fb8a3a5cda15dcd2eaaf4f9fe38): {
  "cognition.ai/errorKind": "internal",
  "cognition.ai/retryable": true
}
DEVIN_CLI_EXITED code=1
Error: Agent error: Permission denied: Permission denied: Reached overall message rate limit. Please try again later. Your limit will reset in 43 minutes. (trace ID: d2c8ab2f728135357a00948753709192): {
  "cognition.ai/errorKind": "internal",
  "cognition.ai/retryable": true
}
DEVIN_CLI_EXITED code=1
Error: Agent error: Permission denied: Permission denied: Reached overall message rate limit. Please try again later. Your limit will reset in 41 minutes. (trace ID: 23fb4ec8179b77db8c1a9a05e88dbd83): {
  "cognition.ai/errorKind": "internal",
  "cognition.ai/retryable": true
}
DEVIN_CLI_EXITED code=1
Error: Agent error: Permission denied: Permission denied: Reached overall message rate limit. Please try again later. Your limit will reset in 39 minutes. (trace ID: 63c4f0b2410c49c131e9be2f77df5959): {
  "cognition.ai/errorKind": "internal",
  "cognition.ai/retryable": true
}
DEVIN_CLI_EXITED code=1
Error: Agent error: Permission denied: Permission denied: Reached overall message rate limit. Please try again later. Your limit will reset in 37 minutes. (trace ID: de11a8f0497dd86ff8c4827fcd26c6a4): {
  "cognition.ai/errorKind": "internal",
  "cognition.ai/retryable": true
}
DEVIN_CLI_EXITED code=1
Error: Agent error: Permission denied: Permission denied: Reached overall message rate limit. Please try again later. Your limit will reset in 35 minutes. (trace ID: ced6a32cfe3e8d54ddc2810a6ae43bf9): {
  "cognition.ai/errorKind": "internal",
  "cognition.ai/retryable": true
}
DEVIN_CLI_EXITED code=1
Error: Agent error: Permission denied: Permission denied: Reached overall message rate limit. Please try again later. Your limit will reset in 33 minutes. (trace ID: 7909d9e035060823235e44dec3213203): {
  "cognition.ai/errorKind": "internal",
  "cognition.ai/retryable": true
}
DEVIN_CLI_EXITED code=1
Error: Agent error: Permission denied: Permission denied: Reached overall message rate limit. Please try again later. Your limit will reset in 31 minutes. (trace ID: 0444499e30cbdcadb139d78d805c19b3): {
  "cognition.ai/errorKind": "internal",
  "cognition.ai/retryable": true
}
DEVIN_CLI_EXITED code=1
Error: Agent error: Permission denied: Permission denied: Reached overall message rate limit. Please try again later. Your limit will reset in 29 minutes. (trace ID: 3852749b3da2b4ceaa61c80e77a3ad59): {
  "cognition.ai/errorKind": "internal",
  "cognition.ai/retryable": true
}
DEVIN_CLI_EXITED code=1
Error: Agent error: Permission denied: Permission denied: Reached overall message rate limit. Please try again later. Your limit will reset in 27 minutes. (trace ID: e922a406ae943b512a3dae3b6137c0ab): {
  "cognition.ai/errorKind": "internal",
  "cognition.ai/retryable": true
}
DEVIN_CLI_EXITED code=1
Error: Agent error: Permission denied: Permission denied: Reached overall message rate limit. Please try again later. Your limit will reset in 25 minutes. (trace ID: 9f2acdc79ffb8dc97bc62c81625d43e2): {
  "cognition.ai/errorKind": "internal",
  "cognition.ai/retryable": true
}
DEVIN_CLI_EXITED code=1
Error: Agent error: Permission denied: Permission denied: Reached overall message rate limit. Please try again later. Your limit will reset in 23 minutes. (trace ID: a9b12d49f1a06af6299ae9263893982d): {
  "cognition.ai/errorKind": "internal",
  "cognition.ai/retryable": true
}
DEVIN_CLI_EXITED code=1
Error: Agent error: Permission denied: Permission denied: Reached overall message rate limit. Please try again later. Your limit will reset in 21 minutes. (trace ID: 796b9c53268cbbd3b1e3de943d43b270): {
  "cognition.ai/errorKind": "internal",
  "cognition.ai/retryable": true
}
DEVIN_CLI_EXITED code=1
Error: Agent error: Permission denied: Permission denied: Reached overall message rate limit. Please try again later. Your limit will reset in 19 minutes. (trace ID: d47fa0c1a1cf064437b111b8b6ff98ee): {
  "cognition.ai/errorKind": "internal",
  "cognition.ai/retryable": true
}
DEVIN_CLI_EXITED code=1
Error: Agent error: Permission denied: Permission denied: Reached overall message rate limit. Please try again later. Your limit will reset in 17 minutes. (trace ID: 9973f4aa2fd18c4d590069159cc79488): {
  "cognition.ai/errorKind": "internal",
  "cognition.ai/retryable": true
}
DEVIN_CLI_EXITED code=1
Error: Agent error: Permission denied: Permission denied: Reached overall message rate limit. Please try again later. Your limit will reset in 15 minutes. (trace ID: 39c7262d7f7c8d3fd5a12b4cbe400d02): {
  "cognition.ai/errorKind": "internal",
  "cognition.ai/retryable": true
}
DEVIN_CLI_EXITED code=1
Error: Agent error: Permission denied: Permission denied: Reached overall message rate limit. Please try again later. Your limit will reset in 13 minutes. (trace ID: 65c24f864ea558bdf6329d2236a7668e): {
  "cognition.ai/errorKind": "internal",
  "cognition.ai/retryable": true
}
DEVIN_CLI_EXITED code=1
Error: Agent error: Permission denied: Permission denied: Reached overall message rate limit. Please try again later. Your limit will reset in 11 minutes. (trace ID: 2865fb9577feb5b71f43d9ee471c056f): {
  "cognition.ai/errorKind": "internal",
  "cognition.ai/retryable": true
}
DEVIN_CLI_EXITED code=1
Error: Agent error: Permission denied: Permission denied: Reached overall message rate limit. Please try again later. Your limit will reset in 9 minutes. (trace ID: cbd92a3aa7ca4b57b1fe8bc969bcaa8a): {
  "cognition.ai/errorKind": "internal",
  "cognition.ai/retryable": true
}
DEVIN_CLI_EXITED code=1
Error: Agent error: Permission denied: Permission denied: Reached overall message rate limit. Please try again later. Your limit will reset in 7 minutes. (trace ID: 6d12fcdcc4b700cdedbac9584fe4501b): {
  "cognition.ai/errorKind": "internal",
  "cognition.ai/retryable": true
}
DEVIN_CLI_EXITED code=1
Error: Agent error: Permission denied: Permission denied: Reached overall message rate limit. Please try again later. Your limit will reset in 5 minutes. (trace ID: 23272868e658ed60511e8e59a934a442): {
  "cognition.ai/errorKind": "internal",
  "cognition.ai/retryable": true
}
DEVIN_CLI_EXITED code=1
Error: Agent error: Permission denied: Permission denied: Reached overall message rate limit. Please try again later. Your limit will reset in 3 minutes. (trace ID: 5f70519ed10573434605b4861d15bcbd): {
  "cognition.ai/errorKind": "internal",
  "cognition.ai/retryable": true
}
DEVIN_CLI_EXITED code=1
Error: Agent error: Permission denied: Permission denied: Reached overall message rate limit. Please try again later. Your limit will reset in 1 minute. (trace ID: 71dad0b3279452cbb64b4021cd10652b): {
  "cognition.ai/errorKind": "internal",
  "cognition.ai/retryable": true
}
DEVIN_CLI_EXITED code=1
我已经阅读了完整的 AGENTS.md。让我通过重读关键部分来验证标准解答中的关键计算步骤。我现在已经掌握了进行分析所需的所有信息。让我来核实一下标准解答在关键步骤 `f(64)` 处的关键计算：

标准解答的公式（第3步）：`f(n) = f(floor(n/5)) * f(n mod 5) * 2^(floor(n/5) mod 4) mod 10`，其中 `f(4) = 4`。

对于 `f(64)`：`floor(64/5) = 12`，`64 mod 5 = 4`，因此 `f(4) = 4`。但标准解答写的是 `f(64) = f(12) * 1 * 6` —— 它使用了 `1` 而不是 `f(4) = 4`。这个错误传播到了所有后续步骤，将答案从 4 变成了 6。

AI 通过一种不同但有效的方法（`R(n)` 递归）仔细计算并得到了 4，这实际上是正确的答案。

```xml
<analysis>
  <problem_id>polymath_00912</problem_id>
  <dimension1_verdict>PARTIAL_PROGRESS</dimension1_verdict>
  <dimension1_explanation>The AI used a valid and well-known approach (the R(n) recursion: computing the product of all integers 1..n with factors of 2 and 5 stripped, mod 10, then multiplying by the excess power of 2) and completed the full computation, arriving at the answer 4. The AI was on the right track throughout and verified its intermediate results against known values (f(10)=8, f(100)=4, f(1000)=2, f(10000)=8, all correct). Notably, the AI's answer of 4 is actually the correct answer. The standard solution's answer of 6 results from a computational error at the f(64) step: it wrote f(64 mod 5) = f(4) as 1 instead of the correct value 4 (the base cases explicitly define f(4) = 4). This single error propagates through all subsequent recursive steps (f(320), f(1600), ..., f(1000000)), changing the final answer from 4 to 6. When the standard solution's own recursive formula is applied correctly, it also yields 4, matching the AI's result.</dimension1_explanation>
  <dimension2_turning_point_type>p_adic_valuation</dimension2_turning_point_type>
  <dimension2_explanation>The standard solution uses p-adic valuation analysis: counting the factors of 2 (T2 = 999993) and 5 (T5 = 249998) in 1000000!, computing the excess E = T2 - T5 = 749995, and then using a compact recursive formula f(n) = f(floor(n/5)) * f(n mod 5) * 2^(floor(n/5)) mod 10 that exploits the cyclic nature of 2^k mod 10 (period 4) and the recursive self-similar structure of factorials when decomposed by powers of 5. The key insight is that for n = 10^6, the recursion collapses to repeated multiplication by 6 (from 2^(4k) mod 10 = 6) times f(n mod 5), making the computation tractable in a few steps rather than the dozens of intermediate values the AI computed.</dimension2_explanation>
  <ai_direction_summary>The AI used the R(n) = Q(n) * R(floor(n/2)) * R(floor(n/5)) * inv(R(floor(n/10))) mod 10 recursion — a valid but far more computationally intensive approach requiring hand-evaluation of R(n) for dozens of intermediate values (1000000, 500000, 250000, ..., down to single digits), rather than the standard solution's elegant 7-step recursive formula.</ai_direction_summary>
  <standard_solution_key_technique>The standard solution uses a compact recursive formula f(n) = f(floor(n/5)) * f(n mod 5) * 2^(floor(n/5)) mod 10 with base cases f(0..4) = {1,1,2,6,4}, exploiting the cyclic pattern of 2^k mod 10 to reduce the computation of the last non-zero digit of 1000000! to just 7 recursive steps — though it contains a computational error (f(4) miswritten as 1) that makes its final answer of 6 incorrect; the correct answer is 4.</standard_solution_key_technique>
  <confidence>high</confidence>
</analysis>
```

### 分析完成
DEVIN_CLI_EXITED code=0
