## 证明

设 $G = \operatorname{Gal}(F/\mathbb{Q})$。由于 $F/\mathbb{Q}$ 是有限 Galois 扩张且 $F \subseteq \mathbb{C}$，复共轭在 $\mathbb{C}$ 上的作用限制为 $F$ 的一个自同构 $c \in G$（因为 $F/\mathbb{Q}$ 是正规扩张，$F$ 在复共轭下稳定）。

由于 $F/\mathbb{Q}$ 是 **abel** 扩张，$G$ 是交换群，因此 $c$ 与 $G$ 中每个元素 $\sigma$ 交换。

### 步骤 1：$\alpha$ 的所有共轭元绝对值均为 1

设 $\alpha \in \mathcal{O}_F$ 且 $|\alpha| = 1$。因为 $\alpha \in F \subseteq \mathbb{C}$，所以
$$|\alpha|^2 = \alpha \cdot \overline{\alpha} = \alpha \cdot c(\alpha) = 1,$$
即 $\alpha \cdot c(\alpha) = 1$。

对任意 $\sigma \in G$，利用 $\sigma$ 与 $c$ 交换：
$$\sigma(\alpha) \cdot c(\sigma(\alpha)) = \sigma(\alpha) \cdot \sigma(c(\alpha)) = \sigma(\alpha \cdot c(\alpha)) = \sigma(1) = 1.$$
而 $\sigma(\alpha) \in F \subseteq \mathbb{C}$，故 $\sigma(\alpha) \cdot c(\sigma(\alpha)) = |\sigma(\alpha)|^2$。因此
$$|\sigma(\alpha)| = 1, \quad \forall\, \sigma \in G.$$

**关键点**：abel 假设保证了复共轭 $c$ 在 $G$ 的中心，从而关系式 $\alpha \cdot c(\alpha)=1$ 被所有自同构保持，使得**所有**共轭元（而非仅 $\alpha$ 本身）的绝对值均为 1。对于一般非交换 Galois 扩张，此步骤不成立。

### 步骤 2：$\alpha$ 是单位根（Kronecker 定理）

设 $d = [F:\mathbb{Q}] = |G|$。$\alpha$ 在 $\mathbb{Q}$ 上的特征多项式为
$$\chi_\alpha(t) = \prod_{\sigma \in G}\bigl(t - \sigma(\alpha)\bigr) \in \mathbb{Z}[t].$$

对每个正整数 $m$，$\alpha^m$ 也是 $F$ 中的代数整数，其共轭为 $\{\sigma(\alpha)^m : \sigma \in G\}$，绝对值均为 1。其特征多项式为
$$\chi_m(t) = \prod_{\sigma \in G}\bigl(t - \sigma(\alpha)^m\bigr) \in \mathbb{Z}[t].$$

$\chi_m$ 的 $t^{d-k}$ 项系数为 $(-1)^k e_k\bigl(\{\sigma(\alpha)^m\}_{\sigma \in G}\bigr)$，其中 $e_k$ 为第 $k$ 个初等对称多项式。由于 $|\sigma(\alpha)^m| = 1$，有
$$\bigl|e_k\bigl(\{\sigma(\alpha)^m\}\bigr)\bigr| \le \binom{d}{k}.$$

因此 $\chi_m$ 的每个系数是绝对值不超过 $\binom{d}{k}$ 的整数。这样的 $d$ 次整系数多项式只有有限多个。由鸽巢原理，存在 $m_1 < m_2$ 使 $\chi_{m_1} = \chi_{m_2}$。

$\alpha^m$ 的极小多项式整除 $\chi_m$，故 $\alpha^{m_1}$ 与 $\alpha^{m_2}$ 有相同的特征多项式，从而有相同的极小多项式。由于只有有限多个可能的极小多项式，且每个次数 $\le d$ 的多项式至多有 $d$ 个根，集合 $\{\alpha^m : m \ge 1\}$ 包含在有限多个有限集的并中，因而是有限集。

所以存在 $m_1 < m_2$ 使 $\alpha^{m_1} = \alpha^{m_2}$，即 $\alpha^{m_1}\bigl(\alpha^{m_2-m_1} - 1\bigr) = 0$。由于 $|\alpha| = 1 \ne 0$，得 $\alpha^{m_2-m_1} = 1$，故 $\alpha$ 是单位根。

### 步骤 3：有限性

$F$ 中的单位根构成群 $\mu(F)$。若 $\zeta_m \in F$ 是本原 $m$ 次单位根，则 $\mathbb{Q}(\zeta_m) \subseteq F$，故 $\varphi(m) \le [F:\mathbb{Q}]$。因为 $\varphi(m) \to \infty\ (m \to \infty)$，满足此不等式的 $m$ 只有有限个，故 $\mu(F)$ 是有限群（有限循环群）。

由步骤 1 和 2，$F$ 中每个绝对值为 1 的代数整数都是单位根，属于 $\mu(F)$。因此这样的元素只有有限个，且每个都是单位根。$\blacksquare$

### PROOF COMPLETE
