Looking at this problem, I need to find the maximum of $m^2 + n^2$ where $m, n \in \{1, 2, \ldots, 1981\}$ and $(n^2 - mn - m^2)^2 = 1$.

## Setting up the equation

The condition $(n^2 - mn - m^2)^2 = 1$ means $Q(m,n) := n^2 - mn - m^2 = \pm 1$.

## Classification of all positive integer solutions

**Step 1: No solutions exist with $m > n$.**

If $m > n \geq 1$, then $Q(m,n) = n^2 - mn - m^2 < 0$, so we'd need $m^2 + mn - n^2 = 1$. But $m \geq n+1$ gives $m^2 \geq (n+1)^2 = n^2 + 2n + 1$, hence
$$m^2 + mn - n^2 \geq (n^2 + 2n + 1) + mn - n^2 = 2n + 1 + mn \geq 2 + 1 + 2 = 5 > 1.$$
So no solution with $m > n$.

**Step 2: Descent when $n > m$.**

The key identity: for $n > m$,
$$Q(n - m,\; m) = m^2 - (n-m)m - (n-m)^2 = m^2 - nm + m^2 - n^2 + 2nm - m^2 = m^2 + nm - n^2 = -Q(m,n).$$

So the transformation $(m, n) \mapsto (n-m, \, m)$ preserves $|Q| = 1$ (flipping the sign). This is the Fibonacci recurrence in reverse: if $(m,n) = (F_k, F_{k+1})$, then $(n-m, m) = (F_{k-1}, F_k)$.

**Step 3: Base case.**

The descent $(m,n) \mapsto (n-m, m)$ continues while $n > m \geq 1$. It terminates when $n = m$, giving $Q(m,m) = -m^2 = \pm 1$, so $m = 1$. The base case is $(1,1)$ with $Q(1,1) = -1$. ✓

**Step 4: All solutions.**

Reversing the descent via $(m, n) \mapsto (n, m+n)$ starting from $(1,1)$:
$$(1,1) \to (1,2) \to (2,3) \to (3,5) \to (5,8) \to \cdots$$
These are exactly $(F_k, F_{k+1})$ for $k \geq 1$ (with $F_1 = F_2 = 1$).

**Verification via Cassini's identity:** For $(m,n) = (F_k, F_{k+1})$:
$$Q(F_k, F_{k+1}) = F_{k+1}^2 - F_k F_{k+1} - F_k^2 = F_{k+1}(F_{k+1} - F_k) - F_k^2 = F_{k+1}F_{k-1} - F_k^2 = (-1)^k.$$
So $|Q| = 1$. ✓

## Finding the maximum under the constraint

We need $F_{k+1} \leq 1981$. Computing Fibonacci numbers:

| $k$ | $F_k$ | $F_{k+1}$ |
|-----|-------|-----------|
| 15 | 610 | 987 |
| 16 | 987 | 1597 |
| 17 | 1597 | 2584 |

Since $F_{17} = 1597 \leq 1981 < 2584 = F_{18}$, the largest valid pair is $(m, n) = (F_{16}, F_{17}) = (987, 1597)$.

**Verification:** $Q(987, 1597) = 1597^2 - 987 \cdot 1597 - 987^2 = 2550409 - 1576239 - 974169 = 1$. ✓

## Computing the answer

$$m^2 + n^2 = 987^2 + 1597^2 = 974169 + 2550409 = \boxed{3524578}.$$

The maximum value of $m^2 + n^2$ is **3524578**, achieved at $(m, n) = (987, 1597)$.

### PROOF COMPLETE
DEVIN_CLI_EXITED code=0
