## Solution

**Answer-leak check:** The problem statement contains no leaked answers, solution sketches, or formalization notes. Proceeding.

**Problem.** Solve $\Delta u = 64$ in the unit disk $D = \{(x,y): x^2+y^2<1\}$, with $u=0$ on $\partial D$. Evaluate $u(1/4, 1/\sqrt{2})$.

**Step 1: Reduction to a radial problem.**

The right-hand side $f \equiv 64$ is constant, hence rotationally invariant. The domain (unit disk) is rotationally invariant, and the boundary data ($u=0$) is rotationally invariant. By uniqueness of solutions to the Dirichlet problem for Poisson's equation, the solution must share this symmetry, so $u = u(r)$ depends only on $r = \sqrt{x^2+y^2}$.

**Step 2: Solve the radial ODE.**

For a radial function, $\Delta u = u''(r) + \frac{1}{r}u'(r)$. The equation becomes
$$u''(r) + \frac{1}{r}u'(r) = 64, \qquad 0 \le r < 1,$$
with $u(1) = 0$ and $u$ regular at $r=0$.

Multiplying by $r$:
$$(ru')' = 64\,r.$$
Integrating: $ru' = 32r^2 + C$. Regularity at $r=0$ forces $C=0$, so $u'(r) = 32r$ and
$$u(r) = 16r^2 + D.$$
The boundary condition $u(1) = 0$ gives $16 + D = 0$, i.e. $D = -16$. Therefore
$$u(r) = 16(r^2 - 1) = 16(x^2+y^2) - 16.$$

**Step 3: Verify.**

- $\frac{\partial^2 u}{\partial x^2} = 32$, $\frac{\partial^2 u}{\partial y^2} = 32$, so $\Delta u = 64$. ✓
- On $x^2+y^2=1$: $u = 16\cdot 1 - 16 = 0$. ✓
- $u$ is smooth at the origin. ✓

**Step 4: Evaluate at the given point.**

$$r^2 = \left(\tfrac{1}{4}\right)^2 + \left(\tfrac{1}{\sqrt{2}}\right)^2 = \tfrac{1}{16} + \tfrac{1}{2} = \tfrac{1}{16} + \tfrac{8}{16} = \tfrac{9}{16} < 1,$$

so the point lies inside the disk, and
$$u\!\left(\tfrac{1}{4}, \tfrac{1}{\sqrt{2}}\right) = 16\cdot\tfrac{9}{16} - 16 = 9 - 16 = -7.$$

**Answer:** $\boxed{-7}$

### PROOF COMPLETE
DEVIN_CLI_EXITED code=0
