## Proof

Let $e_k^N = e^{2\pi i k/N}$. For $k \neq n$, set $j = (k-n) \bmod N \in \{1,\dots,N-1\}$. Then

$$|e_k^N - e_n^N|^2 = |e^{2\pi i k/N} - e^{2\pi i n/N}|^2 = |1 - e^{2\pi i (k-n)/N}|^2 = 4\sin^2\!\Big(\tfrac{\pi j}{N}\Big).$$

For each fixed $k$, as $n$ ranges over $\{0,\dots,N-1\}\setminus\{k\}$, the value $j=(k-n)\bmod N$ ranges over $\{1,\dots,N-1\}$ exactly once. Hence

$$\sum_{k=0}^{N-1}\sum_{\substack{n=0\\n\neq k}}^{N-1}\frac{1}{|e_k^N-e_n^N|^2}
= \sum_{k=0}^{N-1}\sum_{j=1}^{N-1}\frac{1}{4\sin^2(\pi j/N)}
= \frac{N}{4}\sum_{j=1}^{N-1}\csc^2\!\Big(\tfrac{\pi j}{N}\Big).$$

**Key identity.** We claim
$$\sum_{j=1}^{N-1}\csc^2\!\Big(\tfrac{\pi j}{N}\Big)=\frac{N^2-1}{3}.$$

*Derivation.* From the partial-fraction expansion of the cotangent,
$$\pi\cot(\pi z)=\frac{1}{z}+\sum_{m=1}^{\infty}\left(\frac{1}{z-m}+\frac{1}{z+m}\right).$$
Differentiating both sides and using $\frac{d}{dz}\cot(\pi z)=-\pi\csc^2(\pi z)$,
$$-\pi^2\csc^2(\pi z)=-\frac{1}{z^2}-\sum_{m=1}^{\infty}\left(\frac{1}{(z-m)^2}+\frac{1}{(z+m)^2}\right),$$
i.e.
$$\csc^2(\pi z)=\frac{1}{\pi^2}\sum_{m=-\infty}^{\infty}\frac{1}{(z-m)^2}.$$

Summing over $z=j/N$ for $j=1,\dots,N-1$:
$$\sum_{j=1}^{N-1}\csc^2\!\Big(\tfrac{\pi j}{N}\Big)=\frac{1}{\pi^2}\sum_{j=1}^{N-1}\sum_{m=-\infty}^{\infty}\frac{1}{(j/N-m)^2}=\frac{N^2}{\pi^2}\sum_{j=1}^{N-1}\sum_{m=-\infty}^{\infty}\frac{1}{(j-mN)^2}.$$

As $j$ runs over $1,\dots,N-1$ and $m$ over $\mathbb{Z}$, the integer $j-mN$ runs over all integers **not** divisible by $N$. Thus
$$\sum_{j=1}^{N-1}\csc^2\!\Big(\tfrac{\pi j}{N}\Big)=\frac{N^2}{\pi^2}\sum_{\substack{\ell\in\mathbb{Z}\\N\nmid \ell}}\frac{1}{\ell^2}=\frac{N^2}{\pi^2}\left(\sum_{\ell\neq 0}\frac{1}{\ell^2}-\sum_{\substack{\ell\neq 0\\N\mid \ell}}\frac{1}{\ell^2}\right).$$

Using $\sum_{\ell=1}^{\infty}1/\ell^2=\pi^2/6$:
$$=\frac{N^2}{\pi^2}\left(\frac{\pi^2}{3}-\frac{1}{N^2}\cdot\frac{\pi^2}{3}\right)=\frac{N^2}{\pi^2}\cdot\frac{\pi^2}{3}\left(1-\frac{1}{N^2}\right)=\frac{N^2-1}{3}.$$

**Conclusion.** Substituting back,
$$\sum_{k=0}^{N-1}\sum_{\substack{n=0\\n\neq k}}^{N-1}\frac{1}{|e_k^N-e_n^N|^2}=\frac{N}{4}\cdot\frac{N^2-1}{3}=\frac{N(N^2-1)}{12}.$$

Therefore, as $N\to\infty$,
$$\boxed{\sum_{k=0}^{N-1}\sum_{\substack{n=0\\n\neq k}}^{N-1}\frac{1}{|e_k^N-e_n^N|^2}=\frac{N(N^2-1)}{12}\sim\frac{N^3}{12}.}$$

### PROOF COMPLETE
DEVIN_CLI_EXITED code=0
