```xml
<audit>
  <analysis_result_key>2273209</analysis_result_key>
  <problem_id>polymath_01005</problem_id>
  <audit_status>PASS_SELECTABLE</audit_status>
  <check_results>
    <A1>PASS: dimension1_verdict is "DIRECTION_ERROR", which is a valid value in the allowed set.</A1>
    <A2>PASS: dimension1_explanation is non-empty and well over 50 characters (substantial paragraph describing wrong direction).</A2>
    <A3>PASS: dimension2_turning_point_type is "other", which is a valid value in the allowed enumeration.</A3>
    <A4>PASS: dimension2_explanation is non-empty and well over 50 characters (detailed description of recursive doubling technique).</A4>
    <A5>PASS: ai_direction_summary is non-empty and describes the continuous density / backward-induction direction the AI took.</A5>
    <A6>PASS: standard_solution_key_technique is non-empty and describes the recursive doubling / binary-tree protection strategy.</A6>
    <B1>PASS: Neither dimension1_explanation nor dimension2_explanation contains XML tag leaks like "</dimension" or "<dimension".</B1>
    <B2>PASS: Neither explanation contains template placeholder leaks like "1-3 sentences", "ONE_OF:", or "Your 1-3 sentence".</B2>
    <B3>PASS: Both explanations are well over 50 characters in length.</B3>
    <C1>PASS: d1=DIRECTION_ERROR and d2 has a value ("other" with explanation), satisfying the consistency rule.</C1>
    <C2>PASS: d1_exp describes the AI pursuing continuous/density and averaging directions while missing the discrete binary/power-of-2 structure, which semantically matches a DIRECTION_ERROR (wrong direction taken).</C2>
    <C3>PASS: d2_exp describes a recursive doubling/binary-tree game-tree argument, which is not modular arithmetic; the "other" label is appropriate since none of the mod-p/CRT/quadratic-residue categories fit a combinatorial game-tree recursion.</C3>
    <D1>PASS: dimension1_explanation exceeds 100 characters and contains action verbs "explored", "deriving", "considered", "approached".</D1>
    <D2>PASS: dimension2_explanation exceeds 100 characters and contains mathematical terms "recursive doubling", "binary-tree", "combinatorial game theory", "threshold N_0 = 2^100".</D2>
    <D3>PASS: ai_direction_summary describes the specific direction taken (continuous density arguments, harmonic numbers, averaging over windows, backward induction) rather than just "the AI failed".</D3>
    <D4>PASS: standard_solution_key_technique describes the specific technique (recursive doubling argument, binary-tree protection strategy, sharp threshold at powers of 2) rather than a generic "clever method".</D4>
    <E1>UNKNOWN — check via script</E1>
  </check_results>
  <issues_found>none</issues_found>
</audit>
```

### AUDIT COMPLETE
DEVIN_CLI_EXITED code=0
