I'll solve this directly in the TUI as instructed.

**Answer Leak Check:** The problem text contains no leaked answers, solutions, or solution sketches. Proceeding to solve.

---

## Proof

Let $X$ be a smooth projective curve of genus $g$ over an algebraically closed field $k$. Suppose there exists $D \in \operatorname{Div}(X)$ with $\deg(D) = 1$ and $\ell(D) := \dim_k \Gamma(X, \mathcal{O}_X(D)) \geq 2$.

### Step 1: Constructing a non-constant rational function with a single pole

Recall the Riemann–Roch space:
$$L(D) = \{f \in k(X)^* : (f) + D \geq 0\} \cup \{0\},$$
a $k$-vector space of dimension $\ell(D) \geq 2$.

Since $\dim_k L(D) \geq 2$, there exist $f, g \in L(D)$ that are linearly independent over $k$. At least one of them must be non-constant: if both were constants $a, b \in k^*$, they would span a 1-dimensional subspace, contradicting linear independence. Without loss of generality, assume $f$ is non-constant.

### Step 2: $f$ has exactly one pole (of order 1)

Since $f \in L(D)$, we have $(f) + D \geq 0$, which means the pole divisor $(f)_\infty \leq D$ (as effective divisors). Therefore:
$$\deg((f)_\infty) \leq \deg(D) = 1.$$

Since $f$ is a non-constant rational function on a smooth projective curve, $f$ must have at least one pole, so $\deg((f)_\infty) \geq 1$.

Combining both inequalities: $\deg((f)_\infty) = 1$.

### Step 3: $f$ defines a degree-1 morphism $X \to \mathbb{P}^1$

The non-constant rational function $f \in k(X)^*$ defines a finite morphism:
$$\varphi_f : X \longrightarrow \mathbb{P}^1.$$

The degree of this morphism equals the degree of the field extension:
$$\deg(\varphi_f) = [k(X) : k(f)] = \deg((f)_\infty) = 1.$$

(Here we use the standard fact that for a non-constant rational function on a smooth projective curve, the degree of the associated morphism to $\mathbb{P}^1$ equals the degree of its pole divisor.)

### Step 4: $X \cong \mathbb{P}^1$, hence $g = 0$

A finite morphism of degree 1 between smooth projective curves is an isomorphism. Indeed, $\deg(\varphi_f) = 1$ means $[k(X):k(f)] = 1$, so $k(X) = k(f) = k(\mathbb{P}^1)$, making $\varphi_f$ birational. A birational morphism between smooth projective curves is an isomorphism (since smooth projective curves are uniquely determined up to isomorphism by their function fields).

Therefore $X \cong \mathbb{P}^1$, and since $\mathbb{P}^1$ has genus $0$, we conclude:
$$g = 0.$$

### Step 5: Verification via Riemann–Roch (consistency check)

For completeness, Riemann–Roch gives:
$$\ell(D) - \ell(K_X - D) = \deg(D) + 1 - g = 2 - g.$$

- **$g = 0$:** $\deg(K_X) = -2$, so $\deg(K_X - D) = -3 < 0$, giving $\ell(K_X - D) = 0$ and $\ell(D) = 2$. ✓
- **$g = 1$:** $\deg(K_X - D) = -1 < 0$, so $\ell(K_X - D) = 0$ and $\ell(D) = 1 < 2$. ✗ (contradiction)
- **$g \geq 2$:** The argument above shows $X \cong \mathbb{P}^1$, contradicting $g \geq 2$. ✗

### Step 6: Equivalence with $X \cong \mathbb{P}^1$

We show the condition "$\exists\, D$ with $\deg(D)=1$ and $\ell(D) \geq 2$" is equivalent to $X \cong \mathbb{P}^1$.

**($\Rightarrow$)** Proved in Steps 1–4: the existence of such $D$ forces $X \cong \mathbb{P}^1$.

**($\Leftarrow$)** If $X \cong \mathbb{P}^1$, take $D = P$ for any point $P \in \mathbb{P}^1$. Then $\mathcal{O}_X(D) = \mathcal{O}_{\mathbb{P}^1}(1)$, and:
$$\ell(D) = \dim_k \Gamma(\mathbb{P}^1, \mathcal{O}_{\mathbb{P}^1}(1)) = 2 \geq 2, \qquad \deg(D) = 1. \quad \checkmark$$

This completes the proof that the existence of a degree-1 divisor $D$ with $\ell(D) \geq 2$ is equivalent to $X \cong \mathbb{P}^1$, and in particular forces $g = 0$. $\blacksquare$

### PROOF COMPLETE
DEVIN_CLI_EXITED code=0
