Error: Agent error: Permission denied: Permission denied: Reached overall message rate limit. Please try again later. Your limit will reset in 16 minutes. (trace ID: 2f4af61f4f85ae8187de6cbf29e6a1dc): {
  "cognition.ai/errorKind": "internal",
  "cognition.ai/retryable": true
}
```xml
<audit>
  <analysis_result_key>2271725</analysis_result_key>
  <problem_id>oda_math_460k_00005484</problem_id>
  <audit_status>FAIL_INCOMPLETE</audit_status>
  <check_results>
    <A1>PASS: dimension1_verdict is DIRECTION_ERROR, a valid value.</A1>
    <A2>PASS: dimension1_explanation is non-empty and well over 50 characters.</A2>
    <A3>PASS: dimension2_turning_point_type is "other", a valid enum value, and d1 is DIRECTION_ERROR so a value is required.</A3>
    <A4>FAIL: dimension2_explanation is [null], empty and far below the 50-character minimum.</A4>
    <A5>PASS: ai_direction_summary is non-empty and descriptive.</A5>
    <A6>PASS: standard_solution_key_technique is non-empty and specific.</A6>
    <B1>PASS: No XML tag leaks found in either explanation field.</B1>
    <B2>PASS: No template placeholder leaks found in either explanation field.</B2>
    <B3>FAIL: dimension2_explanation is [null], below the 50-character minimum.</B3>
    <C1>FAIL: d1=DIRECTION_ERROR requires d2 to have a value, but dimension2_explanation is null even though dimension2_turning_point_type is set.</C1>
    <C2>PASS: dimension1_explanation describes the AI working on an entirely different problem, consistent with DIRECTION_ERROR.</C2>
    <C3>FAIL: dimension2_explanation is null, so it cannot be verified for consistency with dimension2_turning_point_type="other".</C3>
    <D1>FAIL: dimension1_explanation exceeds 100 characters but contains none of the required action verbs (identified, missed, explored, used, went, attempted, tried, failed, overlooked, ignored).</D1>
    <D2>FAIL: dimension2_explanation is null, failing both the length and mathematical-term requirements.</D2>
    <D3>PASS: ai_direction_summary concretely describes the wrong direction the AI took (combinatorial geometry grid problem).</D3>
    <D4>PASS: standard_solution_key_technique specifies the right-triangle/shoelace area formula on given coordinates yielding 12p.</D4>
    <E1>UNKNOWN — check via script</E1>
  </check_results>
  <issues_found>dimension2_explanation is null (fails A4, B3, C1, C3, D2), dimension1_explanation lacks a required action verb (fails D1)</issues_found>
</audit>
```

### AUDIT COMPLETE
DEVIN_CLI_EXITED code=0
