Looking at this problem, I need to determine whether every rank-$k$ vector bundle with $k \le n$ over an $n$-connected CW-complex is necessarily trivial.

**Answer: The statement is FALSE.**

**Counterexample.** Let $X = S^4$ and take $n = 3$.

**Step 1: $S^4$ is a $3$-connected CW-complex.**

$S^4$ admits a CW-structure (one $0$-cell and one $4$-cell). Its homotopy groups satisfy $\pi_i(S^4) = 0$ for $i = 1, 2, 3$ (standard facts for spheres: $\pi_1(S^4)=0$, $\pi_2(S^4)=0$, $\pi_3(S^4)=0$). Hence $S^4$ is $3$-connected.

**Step 2: Real rank-$k$ vector bundles are classified by $[X, BO(k)]$.**

By the classifying space theory of Steenrod, isomorphism classes of real rank-$k$ vector bundles over a CW-complex $X$ are in natural bijection with homotopy classes $[X, BO(k)]$. Since $S^4$ is simply connected, $H^1(S^4;\,\mathbb{Z}/2) = 0$, so the first Stiefel–Whitney class $w_1$ vanishes for every bundle, meaning every bundle is orientable. Thus rank-$3$ bundles are classified by
$$[S^4,\, BSO(3)].$$

**Step 3: Compute $[S^4, BSO(3)]$.**

Since $S^4$ is simply connected ($m = 4 \ge 2$), based and unbased homotopy classes coincide, so
$$[S^4, BSO(3)] = \pi_4(BSO(3)).$$

Using the fibration $SO(3) \to ESO(3) \to BSO(3)$, we have $\pi_4(BSO(3)) = \pi_3(SO(3))$.

Now $SO(3) \cong \mathbb{RP}^3$, and the universal cover of $\mathbb{RP}^3$ is $S^3$. For $i \ge 2$, $\pi_i(\mathbb{RP}^3) \cong \pi_i(S^3)$. In particular:
$$\pi_3(SO(3)) = \pi_3(\mathbb{RP}^3) = \pi_3(S^3) = \mathbb{Z}.$$

Therefore:
$$[S^4, BSO(3)] = \mathbb{Z} \ne 0.$$

**Step 4: Conclusion.**

The group $[S^4, BSO(3)] = \mathbb{Z}$ is nonzero, so there exist **nontrivial** (non-isomorphic to the trivial bundle) real rank-$3$ vector bundles over $S^4$. Concretely, these are distinguished by their first Pontryagin class $p_1 \in H^4(S^4;\,\mathbb{Z}) \cong \mathbb{Z}$.

We have:
- $S^4$ is a $3$-connected CW-complex (so $n = 3$),
- the bundle has rank $3 \le 3 = n$,
- the bundle is **not trivial**.

This directly contradicts the statement. Hence the statement is **false**.

**Remark.** The statement does hold for small $n$: for $n=1$, line bundles over a simply connected space are trivial ($H^1(X;\mathbb{Z}/2)=0$); for $n=2$, rank-$2$ bundles are classified by $[X, BSO(2)] = H^2(X;\mathbb{Z}) = 0$ by the Hurewicz theorem (since $BSO(2) = \mathbb{CP}^\infty = K(\mathbb{Z},2)$). The first failure occurs at $n = 3$, where $BSO(3)$ has $\pi_4 = \mathbb{Z}$, producing nontrivial rank-$3$ bundles over $S^4$.

### PROOF COMPLETE
DEVIN_CLI_EXITED code=0
