**Answer leak check:** The problem statement contains no leaked answer, solution, or solution sketch. Proceeding to solve.

---

## Solution

We determine all $P \in \mathbb{R}[x]$ such that $P(\mathbb{Q}) \supseteq \mathbb{Q}$, i.e., for every $r \in \mathbb{Q}$ there is $d \in \mathbb{Q}$ with $P(d)=r$.

**Claim.** The solutions are exactly $P(x)=ax+b$ with $a\in\mathbb{Q}^{\times}$, $b\in\mathbb{Q}$.

---

### 1. Degree 0 and Degree 1

*Degree 0.* A constant $P\equiv c$ has $P(\mathbb{Q})=\{c\}\neq\mathbb{Q}$.

*Degree 1.* Let $P(x)=ax+b$, $a\neq 0$. For $r\in\mathbb{Q}$ we need $d=(r-b)/a\in\mathbb{Q}$. Fixing any $r_0\in\mathbb{Q}$ gives $d_0=(r_0-b)/a\in\mathbb{Q}$, so $b=r_0-ad_0$. For $r_1=r_0+1$ we need $d_1=d_0+1/a\in\mathbb{Q}$, forcing $1/a\in\mathbb{Q}$, hence $a\in\mathbb{Q}^{\times}$; then $b=r_0-ad_0\in\mathbb{Q}$. Conversely, if $a\in\mathbb{Q}^{\times}, b\in\mathbb{Q}$, then $d=(r-b)/a\in\mathbb{Q}$ for every $r\in\mathbb{Q}$. ✓

---

### 2. Degree $\boldsymbol{\geq 2}$: reduction to rational coefficients

Let $\deg P=n\geq 2$ with coefficients $a_0,\dots,a_n$. Let $W=\operatorname{span}_{\mathbb{Q}}\{a_0,\dots,a_n\}$, a finite-dimensional $\mathbb{Q}$-space, so $P(\mathbb{Q})\subseteq W$.

**If $1\notin W$:** then $W\cap\mathbb{Q}=\{0\}$ (any nonzero $q\in W\cap\mathbb{Q}$ would give $1=q\cdot(1/q)\in W$). Hence $P(\mathbb{Q})\cap\mathbb{Q}\subseteq\{0\}$, impossible.

**If $1\in W$:** extend to a $\mathbb{Q}$-basis $\{1,e_2,\dots,e_m\}$ of $W$ and write
$$a_i=\alpha_{i,1}+\sum_{j\geq 2}\alpha_{i,j}e_j,\qquad \alpha_{i,j}\in\mathbb{Q}.$$
Define $Q_1(x)=\sum_i\alpha_{i,1}x^i\in\mathbb{Q}[x]$ and $Q_j(x)=\sum_i\alpha_{i,j}x^i\in\mathbb{Q}[x]$ for $j\geq 2$. Then
$$P(d)=Q_1(d)\cdot 1+\sum_{j\geq 2}Q_j(d)\,e_j.$$
By $\mathbb{Q}$-linear independence, $P(d)=r\in\mathbb{Q}$ iff $Q_1(d)=r$ **and** $Q_j(d)=0$ for all $j\geq 2$.

If some $Q_j\not\equiv 0$ ($j\geq 2$), then $S:=\{d\in\mathbb{Q}:Q_j(d)=0\ \forall j\geq 2\}$ is contained in the (finite) rational root set of that nonzero $Q_j$, so $S$ is finite. Thus $P(\mathbb{Q})\cap\mathbb{Q}=Q_1(S)$ is finite — impossible.

Therefore $Q_j\equiv 0$ for all $j\geq 2$, i.e. **every $a_i\in\mathbb{Q}$**. So $P\in\mathbb{Q}[x]$.

---

### 3. Degree $\boldsymbol{\geq 2}$ with rational coefficients: prime argument

Now $P\in\mathbb{Q}[x]$, $\deg n\geq 2$. Clearing denominators (multiplying $P$ by a positive integer $M$ preserves $P(\mathbb{Q})\supseteq\mathbb{Q}\iff MP(\mathbb{Q})\supseteq\mathbb{Q}$, and in particular still requires all primes in the image), assume $P\in\mathbb{Z}[x]$ with leading coefficient $c_n\neq 0$.

Suppose $P(s/t)=p$ for a prime $p$, with $\gcd(s,t)=1$, $t>0$. Then
$$c_n s^n+c_{n-1}s^{n-1}t+\cdots+c_0 t^n = p\,t^n.$$
Reducing mod $t$: $c_n s^n\equiv 0\pmod t$. Since $\gcd(s,t)=1$, we get $t\mid c_n$. Thus **$t$ ranges over only the finitely many positive divisors of $c_n$**.

For each fixed such $t$, the equation $P(s/t)=p$ becomes a degree-$n$ ($\geq 2$) polynomial equation in $s$ with integer coefficients, having at most $n$ integer solutions $s$, hence at most $n$ primes $p$. With finitely many choices of $t$, only finitely many primes lie in $P(\mathbb{Q})$.

But $P(\mathbb{Q})\supseteq\mathbb{Q}$ would require every prime in the image — contradiction, since there are infinitely many primes.

---

### 4. Conclusion

- Degree $0$: impossible.
- Degree $1$: $P(x)=ax+b$ with $a\in\mathbb{Q}^{\times}$, $b\in\mathbb{Q}$ — works.
- Degree $\geq 2$: impossible (irrational coefficients give finite $P(\mathbb{Q})\cap\mathbb{Q}$; rational coefficients miss infinitely many primes).

$$\boxed{P(x)=ax+b,\quad a\in\mathbb{Q}^{\times},\ b\in\mathbb{Q}.}$$

### PROOF COMPLETE
DEVIN_CLI_EXITED code=0
