Looking at this problem, I need to count distinct championship tables (5-tuples of team scores) arising from the competition.

## Setup

5 teams, each with 2 runners (10 total). Only the top 5 finishers score points: 12, 7, 4, 2, 1 for positions 1–5. The outcome depends only on **which team's runner occupies each scoring position**, giving a sequence $(t_1, \ldots, t_5)$ where $t_i \in \{1,2,3,4,5\}$ and each team appears **at most twice** (only 2 runners per team). Team $j$'s score is $s_j = \sum_{i:\, t_i=j} p_i$ where $(p_1,\ldots,p_5) = (12,7,4,2,1)$.

## Key Observation: Injectivity

I claim the map from valid sequences to score 5-tuples is **injective**. Given a score $s_j$ for team $j$:

- **$s_j = 0$**: team $j$ has no runners in the top 5.
- **$s_j \in \{1, 2, 4, 7, 12\}$** (single point values): team $j$ has exactly one runner, at the position worth $s_j$.
- **$s_j \in \{3, 5, 6, 8, 9, 11, 13, 14, 16, 19\}$** (pair sums): team $j$ has two runners, at the two positions summing to $s_j$.

This is unambiguous because:
1. The **single values** $\{1,2,4,7,12\}$ and **pair sums** $\{3,5,6,8,9,11,13,14,16,19\}$ are **disjoint** (no pair sum equals a single value).
2. All **10 pair sums are distinct**, so each sum uniquely identifies the pair of positions.

Therefore, the 5-tuple $(s_1,\ldots,s_5)$ uniquely determines how many runners each team has in the top 5 and which positions they occupy — recovering the sequence exactly. So **distinct 5-tuples = distinct valid sequences**.

## Counting Valid Sequences

A valid sequence assigns 5 positions to 5 teams, each used 0, 1, or 2 times. The multiplicity patterns partitioning 5 into parts $\leq 2$:

**Pattern (2, 2, 1, 0, 0):** Two teams used twice, one once, two zero times.
- Choose roles: $\frac{5!}{2!\,1!\,2!} = 30$ ways.
- Arrange positions: $\frac{5!}{2!\,2!\,1!} = 30$ ways.
- Subtotal: $30 \times 30 = 900$.

**Pattern (2, 1, 1, 1, 0):** One team used twice, three once, one zero times.
- Choose roles: $\frac{5!}{1!\,3!\,1!} = 20$ ways.
- Arrange positions: $\frac{5!}{2!\,1!\,1!\,1!} = 60$ ways.
- Subtotal: $20 \times 60 = 1200$.

**Pattern (1, 1, 1, 1, 1):** Each team used once.
- Choose roles: $1$ way.
- Arrange positions: $5! = 120$ ways.
- Subtotal: $120$.

## Verification

Every valid sequence produces a 5-tuple with $\sum s_j = 12+7+4+2+1 = 26$, and by injectivity, no two sequences produce the same 5-tuple. The three cases are mutually disjoint (differing in number of zero-score teams: 2, 1, 0 respectively), so no double-counting.

## Answer

$$900 + 1200 + 120 = \boxed{2220}$$

### PROOF COMPLETE
DEVIN_CLI_EXITED code=0
