## Answer Leak Self-Check

The problem text contains only the statement to be proved, with no solution, proof sketch, or formalization notes. No leak detected. Proceeding to solve.

## Proof

Let $(B_s)_{s\ge 0}$ be a standard Brownian motion on a filtered probability space $(\Omega,\mathcal F,(\mathcal F_s),P)$, and consider the Itô integral
$$I_t := \int_0^t \mathbf 1_{\{B_s=0\}}\,dB_s.$$

We show $I_t=0$ almost surely.

**Step 1: The integrand is admissible.** The process $H_s(\omega):=\mathbf 1_{\{B_s(\omega)=0\}}$ is progressively measurable (it is the indicator of a Borel set composed with the continuous adapted process $B$), hence predictable. Its square $H_s^2=H_s$ is non-negative, so the Itô integral is well-defined as soon as
$$\mathbb E\!\int_0^t H_s^2\,ds = \mathbb E\!\int_0^t \mathbf 1_{\{B_s=0\}}\,ds <\infty.$$

**Step 2: Computing the quadratic integrability.** By Fubini–Tonelli (the integrand is non-negative),
$$\mathbb E\!\int_0^t \mathbf 1_{\{B_s=0\}}\,ds = \int_0^t \mathbb P(B_s=0)\,ds.$$
For every $s>0$, $B_s\sim\mathcal N(0,s)$ has a continuous (atomless) distribution, so $\mathbb P(B_s=0)=0$. The single point $s=0$ contributes nothing to the Lebesgue integral. Hence
$$\int_0^t \mathbb P(B_s=0)\,ds = 0.$$
Therefore
$$\mathbb E\!\int_0^t \mathbf 1_{\{B_s=0\}}\,ds = 0.$$

Since $\int_0^t \mathbf 1_{\{B_s=0\}}\,ds\ge 0$ and has expectation $0$, we obtain the pathwise identity
$$\int_0^t \mathbf 1_{\{B_s=0\}}\,ds = 0 \quad\text{a.s.}$$
(Equivalently, the occupation-time formula $\int_0^t \mathbf 1_{\{B_s=0\}}\,ds = \int_\mathbb R \mathbf 1_{\{0\}}(x)\,L_t^x\,dx$ gives $0$ since $\{0\}$ has zero Lebesgue measure and $L_t^x$ is jointly continuous in $x$.)

**Step 3: Itô isometry.** Applying the Itô isometry to $I_t$,
$$\mathbb E\bigl[I_t^2\bigr] = \mathbb E\!\int_0^t H_s^2\,ds = \mathbb E\!\int_0^t \mathbf 1_{\{B_s=0\}}\,ds = 0.$$

**Step 4: Conclusion.** $I_t^2\ge 0$ and $\mathbb E[I_t^2]=0$, so $I_t=0$ almost surely. ∎

**Remark.** The argument uses only that the law of $B_s$ is atomless for $s>0$, so the same proof shows $\int_0^t \mathbf 1_{\{B_s=a\}}\,dB_s=0$ a.s. for any fixed level $a$.

### PROOF COMPLETE
DEVIN_CLI_EXITED code=0
