问题：双曲线 $\frac{x^2}{20}-\frac{y^2}{24}=1$ 上四点 $A,B,C,D$ 构成菱形，对角线交于原点。求对所有这样的菱形都小于 $BD^2$ 的最大实数。

我来分析并求解。

**关键观察**：菱形对角线互相垂直平分。对角线交于原点 ⇒ $C=-A$, $D=-B$，且 $A\cdot B=0$（位置向量垂直）。双曲线关于原点对称，所以 $A$ 在双曲线上 ⇒ $-A$ 也在。只需 $A,B$ 都在双曲线上且 $A\perp B$。

**参数化**：设 $A=(x_1,y_1)$，$B$ 在过原点且与 $A$ 垂直的直线上，即 $B=s(-y_1,x_1)$。代入双曲线方程求 $s$，再算 $BD^2=4|B|^2$。

让我用计算验证推理：验证完毕。推理如下：

## 解答

**菱形结构**：菱形对角线互相垂直平分，交于原点 ⇒ $C=-A$, $D=-B$，且 $\vec{OA}\perp\vec{OB}$（即 $x_1x_2+y_1y_2=0$）。双曲线关于原点对称，故 $A$ 在曲线上则 $-A$ 亦然，只需 $A,B$ 在曲线上且垂直。

**参数化**：设 $A=(x_1,y_1)$，令 $u=x_1^2$, $v=y_1^2$。由 $\frac{u}{20}-\frac{v}{24}=1$ 得 $v=\frac{6u}{5}-24$。

$B$ 在过原点与 $A$ 垂直的直线上：$B=s(-y_1,x_1)$。代入双曲线：
$$s^2\!\left(\frac{v}{20}-\frac{u}{24}\right)=1 \implies s^2=\frac{1}{\frac{v}{20}-\frac{u}{24}}$$

存在解需 $\frac{v}{20}>\frac{u}{24}$，即 $u>\frac{720}{11}$。

**计算 $BD^2$**：
$$BD^2=4|B|^2=4s^2(u+v)=\frac{4(u+v)}{\frac{v}{20}-\frac{u}{24}}$$

代入 $v=\frac{6u}{5}-24$，化简（令 $w=11u$）：

$$BD^2=\frac{480(w-120)}{w-720}=480+\frac{288000}{w-720},\qquad w>720$$

**求下确界**：对 $w>720$，$\frac{d}{dw}BD^2=-\frac{288000}{(w-720)^2}<0$，故 $BD^2$ 关于 $w$ 严格递减。

- $w\to 720^+$ 时 $BD^2\to+\infty$
- $w\to\infty$ 时 $BD^2\to 480^+$（从上方趋近，永不取到）

因此 $BD^2>480$ 恒成立，且可任意接近 $480$（取 $A$ 沿双曲线趋于无穷远）。下确界 $480$ **不被取到**，故对所有这样的菱形都小于 $BD^2$ 的最大实数为

$$\boxed{480}$$

**证毕**
