Looking at this problem, I need to find the smallest four-digit $n$ such that after drilling three centered tunnels through an $n \times n \times n$ cube, the remaining modules form a perfect square.

## Setting Up the Count

The cube has $n^3$ modules total. Three tunnels run along the three axes, each with $1 \times 1$ cross-section, perfectly centered.

**Centering requires $n$ odd:** The geometric center of the cube must fall on a single cell for a $1 \times 1$ cross-section tunnel to be "perfectly centered." This is only possible when $n$ is odd, giving a unique central cell at position $c = \frac{n+1}{2}$ in each coordinate.

**The three tunnels** (with $c = \frac{n+1}{2}$):
- Tunnel 1 (front→back, along $z$): cells $(c, c, z)$, size $n$
- Tunnel 2 (left→right, along $x$): cells $(x, c, c)$, size $n$  
- Tunnel 3 (top→bottom, along $y$): cells $(c, y, c)$, size $n$

## Inclusion-Exclusion

All three tunnels share exactly one cell — the center $(c, c, c)$. Every pair of perpendicular tunnels intersects in exactly this one cell.

$$|T_1 \cup T_2 \cup T_3| = 3n - \binom{3}{2}\cdot 1 + 1 = 3n - 2$$

**Remaining modules:**
$$R = n^3 - (3n - 2) = n^3 - 3n + 2$$

## Factoring

$$n^3 - 3n + 2 = (n-1)(n^2 + n - 2) = (n-1)(n-1)(n+2) = (n-1)^2(n+2)$$

**Verification:** $(n-1)^2(n+2) = (n^2-2n+1)(n+2) = n^3 + 2n^2 - 2n^2 - 4n + n + 2 = n^3 - 3n + 2.$ ✓

## Perfect Square Condition

Since $(n-1)^2$ is already a perfect square, $R = (n-1)^2(n+2)$ is a perfect square if and only if $n+2$ is a perfect square.

Set $n + 2 = m^2$, so $n = m^2 - 2$.

## Finding the Smallest Four-Digit Odd $n$

**Constraints:**
- $n \geq 1000$ (smallest four-digit integer)
- $n$ odd $\Rightarrow$ $n + 2$ odd $\Rightarrow$ $m^2$ odd $\Rightarrow$ $m$ odd

**Checking odd $m$:**
- $m = 31$: $n = 31^2 - 2 = 961 - 2 = 959$ (three digits — too small)
- $m = 33$: $n = 33^2 - 2 = 1089 - 2 = 1087$ (four digits, odd ✓)

(Even $m = 32$ gives $n = 1022$, which is even — invalid due to the centering requirement.)

## Verification

For $n = 1087$:
$$R = (1087-1)^2(1087+2) = 1086^2 \times 1089 = 1086^2 \times 33^2 = (1086 \times 33)^2 = 35838^2$$

$1086 \times 33 = 35838$, and $35838^2$ is indeed a perfect square. ✓

No smaller four-digit odd $n$ works, since the next candidate below ($m=31$) yields only a three-digit $n$.

## Answer

The smallest four-digit integer $n$ is $\boxed{1087}$.

### PROOF COMPLETE
DEVIN_CLI_EXITED code=0
