## Proof

Let $C \subset [0,1]$ be the usual middle-thirds Cantor set. We claim
$$C + C + C = [0,3].$$

The proof proceeds in two steps: first the classical fact $C+C=[0,2]$, then the conclusion $C+C+C=[0,3]$.

### Step 1. $C + C = [0,2]$

Recall the digit characterization of the Cantor set:
$$C = \Bigl\{\,\sum_{n=1}^{\infty} 2e_n\,3^{-n} : e_n \in \{0,1\}\Bigr\} = 2E,$$
where $E := \bigl\{\sum_{n=1}^{\infty} e_n\,3^{-n} : e_n \in \{0,1\}\bigr\} \subset [0,\tfrac12]$.

Then $C + C = 2E + 2E = 2(E+E)$, so it suffices to show $E + E = [0,1]$.

**Containment $E+E \subseteq [0,1]$.** Since $E \subset [0,\tfrac12]$, we have $E+E \subset [0,1]$.

**Containment $[0,1] \subseteq E+E$.** Take any $x \in [0,1]$ and write its ternary expansion $x = \sum_{n=1}^{\infty} d_n\,3^{-n}$ with $d_n \in \{0,1,2\}$ (choosing the expansion not ending in all $2$'s when $x$ is a triadic rational — the argument below is adjusted trivially by a finite carry, or one simply notes both expansions give points of $E+E$). For each digit $d_n \in \{0,1,2\}$ set
$$(a_n, b_n) = \begin{cases}(0,0), & d_n = 0,\\ (1,0), & d_n = 1,\\ (1,1), & d_n = 2.\end{cases}$$
Then $a_n, b_n \in \{0,1\}$ and $a_n + b_n = d_n$ **with no carrying**, since each digit sum equals the target digit. Hence
$$x = \sum_n d_n 3^{-n} = \sum_n a_n 3^{-n} + \sum_n b_n 3^{-n} \in E + E.$$
Thus $E+E = [0,1]$, and therefore
$$C + C = 2(E+E) = 2\cdot[0,1] = [0,2].$$

### Step 2. $C + C + C = [0,3]$

Using Step 1,
$$C + C + C = (C+C) + C = [0,2] + C.$$

**Upper bound.** Since $C \subseteq [0,1]$,
$$[0,2] + C \subseteq [0,2] + [0,1] = [0,3].$$

**Lower bound.** The Cantor set contains both endpoints $0, 1 \in C$. Hence
$$[0,2] + C \supseteq [0,2] + \{0\} = [0,2], \qquad [0,2] + C \supseteq [0,2] + \{1\} = [1,3].$$
Taking the union, $[0,2] + C \supseteq [0,2] \cup [1,3] = [0,3]$.

Combining both inclusions,
$$[0,2] + C = [0,3],$$
and consequently
$$\boxed{C + C + C = [0,3].}$$

### PROOF COMPLETE
DEVIN_CLI_EXITED code=0
