Looking at this problem, I need to find the largest $C$ such that any multiset of reciprocals of integers $\geq 2$ with total sum $< C$ can be partitioned into at most $n$ groups, each with reciprocal sum $< 1$.

**Answer:** $C = \dfrac{n+1}{2}$.

---

## Proof

### Upper Bound: $C \leq \frac{n+1}{2}$

Consider the multiset consisting of $n+1$ copies of $\frac{1}{2}$. The total sum is $\frac{n+1}{2}$. In any group, at most one copy of $\frac{1}{2}$ can be placed, since $\frac{1}{2} + \frac{1}{2} = 1 \geq 1$. Therefore this set requires at least $n+1$ groups.

If $C > \frac{n+1}{2}$, then this set has sum $\frac{n+1}{2} < C$, yet cannot be partitioned into $n$ groups — a contradiction. Hence $C \leq \frac{n+1}{2}$.

### Lower Bound: $C = \frac{n+1}{2}$ suffices

We show that any multiset of reciprocals of integers $\geq 2$ with total sum $< \frac{n+1}{2}$ can be partitioned into $n$ groups, each with sum $< 1$.

**Key observation:** Every element $a$ in our set satisfies $a = \frac{1}{k}$ for some integer $k \geq 2$, so $a \leq \frac{1}{2}$.

**Greedy algorithm (first-fit with $n$ bins):** Process the elements in any order. Maintain $n$ groups, initially empty. For each element $a$, place it into the first group where it fits (i.e., the group's current sum plus $a$ is $< 1$). If no group can accept $a$, the algorithm fails.

**Claim:** If the total sum is $< \frac{n+1}{2}$, this algorithm never fails, regardless of the processing order.

**Proof of claim:** Suppose for contradiction that the algorithm fails when trying to place element $a = \frac{1}{k}$ (with $k \geq 2$). Then $a$ does not fit in any of the $n$ groups, meaning every group $i$ has current sum $s_i$ satisfying $s_i + a \geq 1$, i.e., $s_i \geq 1 - a$.

The total sum of all elements (those already placed plus the unplaced $a$) is at least:
$$\sum_{i=1}^{n} s_i + a \geq n(1 - a) + a = n - a(n-1).$$

Since $a \leq \frac{1}{2}$ and $n \geq 1$:
- If $n \geq 2$: $n - a(n-1) \geq n - \frac{1}{2}(n-1) = \frac{2n - n + 1}{2} = \frac{n+1}{2}$.
- If $n = 1$: $n - a(n-1) = 1 - 0 = 1 = \frac{n+1}{2}$.

In all cases, the total sum is $\geq \frac{n+1}{2}$, contradicting our assumption that the total sum is $< \frac{n+1}{2}$.

Therefore the greedy algorithm always succeeds, producing a valid partition into $n$ groups, each with sum $< 1$. $\square$

### Conclusion

The largest $C$ is:
$$\boxed{C = \frac{n+1}{2}}.$$

### PROOF COMPLETE
DEVIN_CLI_EXITED code=0
