## Answer Leak Self-Check

The problem text contains no leaked answers, solution sketches, or formalization notes. Proceeding to solve.

## Proof

We compute $\int_M \langle f, v\rangle\, dS$ where $M$ is the ellipsoid $x^2 + \tfrac{y^2}{4} + \tfrac{z^2}{9} = 1$ with outward unit normal $v$, and

$$f(x,y,z) = \begin{pmatrix} x + \sin y\cos z \\ y + e^{x^2+y^2} \\ -z + \log(1+x^2+y^2) \end{pmatrix}.$$

**Step 1: Apply the divergence theorem.** Since $M$ is a closed surface bounding the solid ellipsoid $E = \{x^2 + y^2/4 + z^2/9 \le 1\}$ and $f$ is smooth on a neighborhood of $E$,

$$\int_M \langle f, v\rangle\, dS = \int_E \nabla\cdot f\, dV.$$

**Step 2: Compute the divergence.**

$$\frac{\partial}{\partial x}\bigl(x + \sin y\cos z\bigr) = 1,$$
$$\frac{\partial}{\partial y}\bigl(y + e^{x^2+y^2}\bigr) = 1 + 2y\,e^{x^2+y^2},$$
$$\frac{\partial}{\partial z}\bigl(-z + \log(1+x^2+y^2)\bigr) = -1.$$

Hence

$$\nabla\cdot f = 1 + (1 + 2y\,e^{x^2+y^2}) + (-1) = 1 + 2y\,e^{x^2+y^2}.$$

**Step 3: Split the volume integral.**

$$\int_E \nabla\cdot f\, dV = \int_E 1\, dV + \int_E 2y\,e^{x^2+y^2}\, dV.$$

**Step 4: The first term — volume of the ellipsoid.** The ellipsoid has semi-axes $a=1$, $b=2$, $c=3$, so

$$\int_E 1\, dV = \frac{4}{3}\pi abc = \frac{4}{3}\pi(1)(2)(3) = 8\pi.$$

**Step 5: The second term vanishes by symmetry.** The integrand $g(x,y,z) = 2y\,e^{x^2+y^2}$ is odd in $y$: $g(x,-y,z) = -g(x,y,z)$. The region $E$ is symmetric under the reflection $y\mapsto -y$ (its defining inequality depends only on $y^2$). Therefore

$$\int_E 2y\,e^{x^2+y^2}\, dV = 0.$$

**Step 6: Combine.**

$$\int_M \langle f, v\rangle\, dS = 8\pi + 0 = \boxed{8\pi}.$$

### PROOF COMPLETE
DEVIN_CLI_EXITED code=0
