**Answer: Yes.** Every member of the lower central series of a finitely generated nilpotent group is finitely generated.

---

## Proof

Let $G$ be a finitely generated nilpotent group of class $c$, so the lower central series
$$G = \gamma_0 G \trianglerighteq \gamma_1 G \trianglerighteq \cdots \trianglerighteq \gamma_c G \trianglerighteq \gamma_{c+1} G = 1$$
terminates. We prove the result in three stages.

### Stage 1: Each factor $\gamma_i G / \gamma_{i+1} G$ is finitely generated abelian.

Each factor is abelian because $\gamma_i G / \gamma_{i+1} G \leq Z(G/\gamma_{i+1} G)$ (by definition of the lower central series). We prove finite generation by induction on $i$.

**Base case ($i = 0$):** $\gamma_0 G / \gamma_1 G = G/[G,G] = G^{\text{ab}}$ is a quotient of the finitely generated group $G$, hence finitely generated abelian.

**Inductive step:** Assume $\gamma_{i-1} G / \gamma_i G$ is finitely generated abelian, with generators $\bar{a}_1, \dots, \bar{a}_k$ (cosets). Choose lifts $a_1, \dots, a_k \in \gamma_{i-1} G$. Let $g_1, \dots, g_m$ be generators of $G$.

**Claim:** $\gamma_i G / \gamma_{i+1} G$ is generated by $\{[\bar{a}_r, \bar{g}_s] : 1 \le r \le k,\ 1 \le s \le m\}$, i.e., by the $km$ elements $[a_r, g_s] \cdot \gamma_{i+1} G$.

Any $x \in \gamma_{i-1} G$ can be written as $x = a_{r_1}^{\epsilon_1} \cdots a_{r_\ell}^{\epsilon_\ell} \cdot y$ with $y \in \gamma_i G$ (since the $a_r$ generate $\gamma_{i-1}G / \gamma_i G$). For any $g \in G$, using the commutator identities $[uv, w] = [u,w]^v [v,w]$ and $[u^{-1}, w] = [u,w]^{-u^{-1}}$, we can express $[x, g]$ as a product of conjugates of $[a_{r_j}, g]^{\pm 1}$ and $[y, g]$.

Now $[y, g] \in [\gamma_i G, G] = \gamma_{i+1} G$, so $[y,g] \equiv 1 \pmod{\gamma_{i+1} G}$. Moreover, since $\gamma_i G / \gamma_{i+1} G$ is central in $G / \gamma_{i+1} G$, every conjugate of $[a_{r_j}, g]$ is congruent to $[a_{r_j}, g]$ itself modulo $\gamma_{i+1} G$. Finally, writing $g = g_{s_1}^{\delta_1} \cdots g_{s_t}^{\delta_t}$ and using $[u, vw] = [u,w][u,v]^w$, the element $[a_{r_j}, g]$ reduces modulo $\gamma_{i+1} G$ to a product of $[a_{r_j}, g_{s_l}]^{\pm 1}$.

Since $\gamma_i G = [\gamma_{i-1} G, G]$ is generated (as a group) by all commutators $[x, g]$ with $x \in \gamma_{i-1} G$, $g \in G$, we conclude that $\gamma_i G / \gamma_{i+1} G$ is generated by the $km$ elements $[a_r, g_s] \cdot \gamma_{i+1} G$. $\square$

### Stage 2: $G$ is polycyclic.

We have a subnormal series
$$1 = \gamma_{c+1} G \trianglelefteq \gamma_c G \trianglelefteq \cdots \trianglelefteq \gamma_1 G \trianglelefteq \gamma_0 G = G$$
whose every factor $\gamma_i G / \gamma_{i+1} G$ is finitely generated abelian (Stage 1). Each finitely generated abelian group decomposes as a direct product of cyclic groups, so it admits a refinement with cyclic factors. Refining each abelian factor in the lower central series accordingly, we obtain a subnormal series for $G$ with cyclic factors. Therefore $G$ is **polycyclic**.

### Stage 3: Polycyclic groups are Noetherian (every subgroup is finitely generated).

We prove by induction on the length $n$ of a polycyclic series $1 = G_0 \trianglelefteq G_1 \trianglelefteq \cdots \trianglelefteq G_n = G$ with cyclic factors that every subgroup of $G$ is finitely generated.

- **$n = 0$:** $G = 1$; trivial.
- **$n = 1$:** $G$ is cyclic; every subgroup of a cyclic group is cyclic, hence finitely generated.
- **Inductive step:** Let $N = G_{n-1}$, so $G/N$ is cyclic. By the inductive hypothesis, every subgroup of $N$ is finitely generated. Let $H \le G$. Then $H \cap N \le N$ is finitely generated (say by $a_1, \dots, a_p$), and $H / (H \cap N) \cong HN / N \le G / N$ is a subgroup of a cyclic group, hence cyclic (say generated by $b \cdot (H \cap N)$). Then $H$ is generated by $\{a_1, \dots, a_p, b\}$, so $H$ is finitely generated. $\square$

### Conclusion

Since $G$ is polycyclic (Stage 2), every subgroup of $G$ is finitely generated (Stage 3). Each $\gamma_i G$ is a (characteristic) subgroup of $G$. Therefore **every member $\gamma_i G$ of the lower central series is finitely generated**. $\blacksquare$

### PROOF COMPLETE
DEVIN_CLI_EXITED code=0
