Looking at this problem, I need to determine whether, in a metric space, every "countably coverable" set can be written as a countable union of "finitely coverable" sets.

**Interpretation of terms:**
- **Finitely coverable** = totally bounded: for every ε > 0, the set can be covered by finitely many open balls of radius ε.
- **Countably coverable**: for every ε > 0, the set can be covered by countably many open balls of radius ε.

**Answer: No.** I'll construct a counterexample.

---

## Counterexample

Let $X = \ell^2$, the Banach space of square-summable sequences with the norm $\|x\| = \left(\sum_{n=1}^\infty x_n^2\right)^{1/2}$. Let $A = B(0,1)$, the open unit ball.

### Step 1: $A$ is countably coverable

$\ell^2$ is **separable**: the set of sequences with rational entries that are eventually zero is a countable dense subset. Let $D = \{d_1, d_2, \dots\}$ be a countable dense subset of $\ell^2$.

For any $\varepsilon > 0$, the family $\{B(d_n, \varepsilon) : n \in \mathbb{N}\}$ covers all of $\ell^2$, hence covers $A$. Therefore $A$ is countably coverable. $\checkmark$

### Step 2: $A$ is NOT a countable union of finitely coverable sets

Suppose for contradiction that $A = \bigcup_{k=1}^{\infty} A_k$ where each $A_k$ is finitely coverable (totally bounded).

**Key facts:**
1. Since $\ell^2$ is **complete** and each $A_k$ is totally bounded, the closure $\overline{A_k}$ (in $\ell^2$) is **compact**.
2. Define $C_k = \overline{A_k} \cap A$. Then:
   - $C_k$ is **closed in $A$** (since $\overline{A_k}$ is closed in $\ell^2$).
   - $C_k$ is **compact** (closed subset of the compact set $\overline{A_k}$).
   - $A = \bigcup_{k=1}^{\infty} C_k$ (since $A_k \subseteq C_k$ for each $k$).

**Applying the Baire Category Theorem:**

$A = B(0,1)$ is an **open subset** of the complete metric space $\ell^2$, so $A$ is itself a **Baire space**. Since $A = \bigcup_k C_k$ with each $C_k$ closed in $A$, the Baire Category Theorem implies that some $C_k$ has **nonempty interior** in $A$.

Thus there exist $y \in A$ and $r > 0$ such that $B(y, r) \subseteq C_k \subseteq \overline{A_k}$.

**Deriving the contradiction:**

Since $\overline{A_k}$ is **closed** in $\ell^2$ and contains $B(y, r)$, it also contains the closure of $B(y, r)$:
$$\overline{B}(y, r) = \{x \in \ell^2 : \|x - y\| \leq r\} \subseteq \overline{A_k}.$$

Since $\overline{A_k}$ is **compact** and $\overline{B}(y,r)$ is a **closed** subset of it, $\overline{B}(y,r)$ must be **compact**.

But $\overline{B}(y, r)$ is a **closed ball of positive radius** $r > 0$ in $\ell^2$, which is an **infinite-dimensional** normed space. By **Riesz's lemma** (or the standard theorem that the closed unit ball in an infinite-dimensional normed space is not compact), $\overline{B}(y, r)$ is **not compact**.

**Contradiction.** $\Rightarrow\!\Leftarrow$

### Conclusion

The assumption that $A = \bigcup_{k=1}^{\infty} A_k$ with each $A_k$ finitely coverable is false. Therefore, $A = B(0,1) \subseteq \ell^2$ is a countably coverable set that is **not** a countable union of finitely coverable sets.

**The answer is No:** not every countably coverable set in a metric space is a countable union of finitely coverable sets. $\blacksquare$

### PROOF COMPLETE
DEVIN_CLI_EXITED code=0
