Looking at this problem, I need to determine whether a compact Hausdorff topological group $G$ with a dense subgroup $H \cong \mathbb{Z}$ must be first countable.

**Answer check:** The problem text contains no leaked answers, solutions, or formalization hints. Proceeding to solve.

---

## Solution

**Claim:** $G$ is **not** necessarily first countable. We construct an explicit counterexample: the **Bohr compactification** $b\mathbb{Z}$ of $\mathbb{Z}$.

### Preliminaries

We use the following standard facts from Pontryagin duality and topological group theory:

**(F1) Monothetic criterion.** A compact abelian group $G$ is *monothetic* (admits a dense cyclic subgroup) if and only if its dual group $\widehat{G}$ (the group of continuous characters $G \to \mathbb{T}$, equipped with the discrete topology) embeds as a subgroup of $\mathbb{T}$.

*Proof of (F1):* If $g \in G$ topologically generates $G$, the evaluation map $\mathrm{ev}_g : \widehat{G} \to \mathbb{T}$, $\chi \mapsto \chi(g)$, is injective: if $\chi(g) = 1$, then $\chi$ vanishes on the dense subgroup $\langle g \rangle$, hence $\chi = 1$ by continuity. Conversely, any injective homomorphism $\phi : \widehat{G} \hookrightarrow \mathbb{T}$ is, by Pontryagin duality ($G \cong \widehat{\widehat{G}}$, so elements of $G$ are homomorphisms $\widehat{G} \to \mathbb{T}$), realized as $\phi = \mathrm{ev}_g$ for some $g \in G$. Injectivity of $\phi$ means $\chi(g) = 1 \Rightarrow \chi = 1$, which by duality is equivalent to $\overline{\langle g \rangle} = G$. $\square$

**(F2) First countability criterion.** For a compact abelian group $G$, the following are equivalent: (i) $G$ is first countable, (ii) $G$ is metrizable, (iii) $G$ is second countable, (iv) $\widehat{G}$ is countable.

*Proof of (F2):* (i)$\Leftrightarrow$(ii) is the Birkhoff–Kakutani theorem (a Hausdorff topological group is metrizable iff it is first countable). (ii)$\Leftrightarrow$(iii) holds for compact Hausdorff spaces. (iii)$\Leftrightarrow$(iv): the weight of a compact abelian group $G$ equals $\max(\aleph_0, |\widehat{G}|)$, since the topology of $G$ is the initial topology with respect to all characters $\chi \in \widehat{G}$, and a base is generated by $\chi^{-1}(U)$ for $\chi \in \widehat{G}$ and $U$ ranging over a countable base of $\mathbb{T}$. Thus $G$ is second countable iff $|\widehat{G}| \leq \aleph_0$. $\square$

### The Counterexample: $G = b\mathbb{Z}$

**Definition.** Let $\mathbb{T}_{\mathrm{disc}}$ denote the circle group with the discrete topology. Define
$$b\mathbb{Z} := \widehat{\mathbb{T}_{\mathrm{disc}}},$$
the Pontryagin dual of $\mathbb{T}_{\mathrm{disc}}$. This is the **Bohr compactification** of $\mathbb{Z}$.

**$b\mathbb{Z}$ is a compact Hausdorff abelian group.** Since $\mathbb{T}_{\mathrm{disc}}$ is a discrete abelian group, its Pontryagin dual $b\mathbb{Z}$ is a compact Hausdorff abelian group. $\checkmark$

**$\mathbb{Z}$ embeds as a dense subgroup of $b\mathbb{Z}$.** There is a natural homomorphism
$$\iota : \mathbb{Z} \longrightarrow b\mathbb{Z}, \qquad n \longmapsto \bigl(t \mapsto t^n\bigr),$$
where we view $n \in \mathbb{Z}$ as the character $\chi_n \in \widehat{\mathbb{T}_{\mathrm{disc}}}$ defined by $\chi_n(t) = t^n$. This map is injective: if $\chi_n = \chi_m$, then $t^n = t^m$ for all $t \in \mathbb{T}$, so $n = m$.

To see that $\iota(\mathbb{Z})$ is dense in $b\mathbb{Z}$: by Pontryagin duality, a subgroup is dense iff its annihilator in the dual is trivial. The dual of $b\mathbb{Z}$ is $\widehat{b\mathbb{Z}} \cong \mathbb{T}_{\mathrm{disc}}$. A character $t \in \mathbb{T}_{\mathrm{disc}}$ annihilates $\iota(\mathbb{Z})$ iff $t^n = 1$ for all $n \in \mathbb{Z}$, which forces $t = 1$. Hence the annihilator is trivial, and $\iota(\mathbb{Z})$ is dense. $\checkmark$

The image $\iota(\mathbb{Z}) \cong \mathbb{Z}$ (since $\iota$ is injective), so $H = \iota(\mathbb{Z})$ is a dense subgroup isomorphic to $\mathbb{Z}$.

**$b\mathbb{Z}$ is not first countable.** By Pontryagin duality,
$$\widehat{b\mathbb{Z}} \cong \mathbb{T}_{\mathrm{disc}},$$
which is **uncountable** (the circle group has cardinality $\mathfrak{c}$). By criterion (F2), $b\mathbb{Z}$ is first countable iff $\widehat{b\mathbb{Z}}$ is countable. Since $\widehat{b\mathbb{Z}} \cong \mathbb{T}$ is uncountable, $b\mathbb{Z}$ is **not** first countable. $\checkmark$

### Verification of all hypotheses

- $G = b\mathbb{Z}$ is a **compact Hausdorff topological group**: ✓ (dual of a discrete abelian group).
- $G$ has a **dense subgroup $H \cong \mathbb{Z}$**: ✓ ($\iota(\mathbb{Z})$ is dense and isomorphic to $\mathbb{Z}$).
- $G$ is **not first countable**: ✓ ($\widehat{G} \cong \mathbb{T}$ is uncountable).

### Conclusion

The Bohr compactification $b\mathbb{Z}$ is a compact Hausdorff topological group with a dense subgroup isomorphic to $\mathbb{Z}$ that is **not** first countable. Therefore, $G$ is **not necessarily first countable**.

### PROOF COMPLETE
DEVIN_CLI_EXITED code=0
