Error: Agent error: Permission denied: Permission denied: Reached overall message rate limit. Please try again later. Your limit will reset in 52 minutes. (trace ID: 44d4cefb39de40901cac338e7e7ac1be): {
  "cognition.ai/errorKind": "internal",
  "cognition.ai/retryable": true
}
DEVIN_CLI_EXITED code=1
Error: Agent error: Permission denied: Permission denied: Reached overall message rate limit. Please try again later. Your limit will reset in 50 minutes. (trace ID: 03ce35849726e40ccd62c5c47cc85635): {
  "cognition.ai/errorKind": "internal",
  "cognition.ai/retryable": true
}
DEVIN_CLI_EXITED code=1
Error: Agent error: Permission denied: Permission denied: Reached overall message rate limit. Please try again later. Your limit will reset in 47 minutes. (trace ID: e9e03dddcbfbadacd045e5c18512edb8): {
  "cognition.ai/errorKind": "internal",
  "cognition.ai/retryable": true
}
DEVIN_CLI_EXITED code=1
Error: Agent error: Permission denied: Permission denied: Reached overall message rate limit. Please try again later. Your limit will reset in 44 minutes. (trace ID: c8e75a05d71a43baafdd63b57119130a): {
  "cognition.ai/errorKind": "internal",
  "cognition.ai/retryable": true
}
DEVIN_CLI_EXITED code=1
Error: Agent error: Permission denied: Permission denied: Reached overall message rate limit. Please try again later. Your limit will reset in 41 minutes. (trace ID: df936bb1675836ba2f2b2e40a853c881): {
  "cognition.ai/errorKind": "internal",
  "cognition.ai/retryable": true
}
DEVIN_CLI_EXITED code=1
Error: Agent error: Permission denied: Permission denied: Reached overall message rate limit. Please try again later. Your limit will reset in 37 minutes. (trace ID: 3a954daca2b5caeceb72ea80d16d5cce): {
  "cognition.ai/errorKind": "internal",
  "cognition.ai/retryable": true
}
DEVIN_CLI_EXITED code=1
Error: Agent error: Permission denied: Permission denied: Reached overall message rate limit. Please try again later. Your limit will reset in 34 minutes. (trace ID: fad48b64e6cc38cf0b085f7cd9ffe3ce): {
  "cognition.ai/errorKind": "internal",
  "cognition.ai/retryable": true
}
DEVIN_CLI_EXITED code=1
Error: Agent error: Permission denied: Permission denied: Reached overall message rate limit. Please try again later. Your limit will reset in 31 minutes. (trace ID: 2aa80eb67d5f96fccb261b094580d616): {
  "cognition.ai/errorKind": "internal",
  "cognition.ai/retryable": true
}
DEVIN_CLI_EXITED code=1
Error: Agent error: Permission denied: Permission denied: Reached overall message rate limit. Please try again later. Your limit will reset in 28 minutes. (trace ID: c545d71bd09450b2b0d54f87ecd12ad5): {
  "cognition.ai/errorKind": "internal",
  "cognition.ai/retryable": true
}
DEVIN_CLI_EXITED code=1
Error: Agent error: Permission denied: Permission denied: Reached overall message rate limit. Please try again later. Your limit will reset in 25 minutes. (trace ID: 356bf64313bfa88f56d602b4afb2e35f): {
  "cognition.ai/errorKind": "internal",
  "cognition.ai/retryable": true
}
DEVIN_CLI_EXITED code=1
Error: Agent error: Permission denied: Permission denied: Reached overall message rate limit. Please try again later. Your limit will reset in 21 minutes. (trace ID: a5e0e5367f0e21274bdc774baff614bf): {
  "cognition.ai/errorKind": "internal",
  "cognition.ai/retryable": true
}
DEVIN_CLI_EXITED code=1
Error: Agent error: Permission denied: Permission denied: Reached overall message rate limit. Please try again later. Your limit will reset in 18 minutes. (trace ID: 3b97f478a862a33c1dd20aeed3c1462c): {
  "cognition.ai/errorKind": "internal",
  "cognition.ai/retryable": true
}
DEVIN_CLI_EXITED code=1
Error: Agent error: Permission denied: Permission denied: Reached overall message rate limit. Please try again later. Your limit will reset in 15 minutes. (trace ID: 6dcc7c9d1ca12278ef81af5b2ba80e43): {
  "cognition.ai/errorKind": "internal",
  "cognition.ai/retryable": true
}
DEVIN_CLI_EXITED code=1
Error: Agent error: Permission denied: Permission denied: Reached overall message rate limit. Please try again later. Your limit will reset in 12 minutes. (trace ID: b500e1704b1704acfb43c0ea7d6a5437): {
  "cognition.ai/errorKind": "internal",
  "cognition.ai/retryable": true
}
DEVIN_CLI_EXITED code=1
Error: Agent error: Permission denied: Permission denied: Reached overall message rate limit. Please try again later. Your limit will reset in 9 minutes. (trace ID: 19428e0bef760b561c73ce4703c7de4d): {
  "cognition.ai/errorKind": "internal",
  "cognition.ai/retryable": true
}
DEVIN_CLI_EXITED code=1
Error: Agent error: Permission denied: Permission denied: Reached overall message rate limit. Please try again later. Your limit will reset in 5 minutes. (trace ID: 6020df47460898eb52c5b64af6315bd9): {
  "cognition.ai/errorKind": "internal",
  "cognition.ai/retryable": true
}
DEVIN_CLI_EXITED code=1
Error: Agent error: Permission denied: Permission denied: Reached overall message rate limit. Please try again later. Your limit will reset in 1 minute. (trace ID: d5e765877083535e8b88e177af5dbd9b): {
  "cognition.ai/errorKind": "internal",
  "cognition.ai/retryable": true
}
DEVIN_CLI_EXITED code=1
我已经掌握了所需的所有信息。让我来分析一下：

- **问题**: 计算 a=(-8,-7,9) 和 b=(-3,5,4) 的叉积大小——一个直接的向量微积分问题。
- **标准解法**: 计算叉积 (-73, 5, -61)，然后计算大小 √9075 = 55√3。
- **AI 的思考过程**: AI 正在解决一个**完全不同的**问题——寻找 f(σ) = ∫₀¹ x^σ (1/log x + 1/(1-x))² dx 的闭式解，涉及 digamma 函数、Barnes G-函数、Hurwitz zeta 函数等。这与叉积问题毫无关系。

```xml
<analysis>
  <problem_id>oda_math_460k_00054658</problem_id>
  <dimension1_verdict>DIRECTION_ERROR</dimension1_verdict>
  <dimension1_explanation>The AI's thinking went in a fundamentally wrong direction — it attempted to solve an entirely different problem (finding a closed form for the integral f(σ) = ∫₀¹ x^σ (1/log x + 1/(1-x))² dx involving digamma functions and Barnes G-functions) instead of the assigned cross product magnitude problem. The AI never considered any vector algebra, cross product computation, or anything related to the actual problem.</dimension1_explanation>
  <dimension2_turning_point_type>other</dimension2_turning_point_type>
  <dimension2_explanation>The standard solution is a direct vector cross product computation followed by magnitude calculation — it does not use any number-theoretic or algebraic technique from the listed categories. The key step is simply applying the determinant formula for the cross product and then computing sqrt((-73)² + 5² + (-61)²) = 55√3.</dimension2_explanation>
  <ai_direction_summary>The AI's thinking explored an elaborate analysis of a logarithmic integral involving digamma functions, Hurwitz zeta functions, and Barnes G-functions — a problem completely unrelated to the cross product magnitude it was supposed to solve.</ai_direction_summary>
  <standard_solution_key_technique>The standard solution uses the direct cross product determinant formula to compute a×b = (-73, 5, -61), then calculates the Euclidean magnitude √(5329 + 25 + 3721) = √9075 = 55√3.</standard_solution_key_technique>
  <confidence>high</confidence>
</analysis>
```

### 分析完成
DEVIN_CLI_EXITED code=0
