## Solution

We determine where the 2-distribution $D = \langle X_1, X_2\rangle$ on $\mathbb{R}^3$ is involutive, since by the Frobenius theorem $D$ admits integral manifolds through a point precisely when $D$ is involutive in a neighborhood of that point.

**The vector fields in components** $(x,y,z)$:
$$X_1 = (1,\, z,\, 0), \qquad X_2 = (0,\, 1,\, z).$$

**Compute the Lie bracket** $[X_1, X_2]$ componentwise via $[X_1,X_2]^i = X_1(X_2^i) - X_2(X_1^i)$:

- $i=1$: $X_1(0) - X_2(1) = 0 - 0 = 0$.
- $i=2$: $X_1(1) - X_2(z) = 0 - z = -z$ (since $X_2$ acts on $z$ through its $\partial/\partial z$-component, giving $X_2(z)=z$).
- $i=3$: $X_1(z) - X_2(0) = 0 - 0 = 0$ (since $X_1$ has no $\partial/\partial z$-component, $X_1(z)=0$).

Hence
$$[X_1, X_2] = (0,\, -z,\, 0) = -z\,\frac{\partial}{\partial y}.$$

**Involutivity condition.** $D$ is involutive at $p$ iff $[X_1,X_2](p) \in D_p = \operatorname{span}\{X_1(p), X_2(p)\}$. We seek $a, b \in \mathbb{R}$ with
$$(0,\,-z,\,0) = a(1,\,z,\,0) + b(0,\,1,\,z) = (a,\; az+b,\; bz).$$

Matching components:
1. $a = 0$,
2. $az + b = -z \;\Rightarrow\; b = -z$,
3. $bz = 0 \;\Rightarrow\; -z\cdot z = -z^2 = 0 \;\Rightarrow\; z = 0$.

Therefore $[X_1,X_2] \in D$ **if and only if $z = 0$**.

**Rank check at $z = 0$.** At any point with $z=0$,
$$X_1 = (1,0,0), \qquad X_2 = (0,1,0),$$
which are linearly independent, so $\operatorname{rank} D = 2$ there. The involutivity condition is thus satisfied with constant rank $2$ on the entire plane $\{z=0\}$.

**Conclusion via Frobenius.** By the Frobenius theorem, $D$ admits (2-dimensional) integral manifolds through a point $p \in \mathbb{R}^3$ if and only if $D$ is involutive with constant rank near $p$. The computation above shows this holds exactly when $z = 0$. Concretely, on $\{z=0\}$ the fields reduce to $X_1 = \partial/\partial x$ and $X_2 = \partial/\partial y$, so the integral manifolds are the open subsets of the plane $\{z = 0\}$.

$$\boxed{\,D \text{ has integral manifolds exactly at the points } \{(x,y,z)\in\mathbb{R}^3 : z = 0\}.\,}$$

### PROOF COMPLETE
DEVIN_CLI_EXITED code=0
