I'll solve this problem directly through reasoning.

## Analysis

**Setup.** The rack is a $3 \times 3 \times 3$ grid with coordinates $(i, j, k) \in \{0,1,2\}^3$. We place 9 white modules so that every axis-parallel line of length 3 contains exactly one white module.

**Counting lines.** There are $3 \times 3 = 9$ lines in each of the three directions (x, y, z), totaling 27 lines. Each line has exactly one white, giving $9$ whites — consistent with the problem.

**Reduction to Latin squares.** Since each z-parallel line (fixed $i, j$) contains exactly one white, we can define a function $f : \{0,1,2\}^2 \to \{0,1,2\}$ where $f(i,j) = k$ means cell $(i,j,k)$ is white. This is well-defined and bijective in the following sense:

- **x-direction constraint** (fixed $j, k$): exactly one $i$ satisfies $f(i,j) = k$. So for each fixed $j$, the map $i \mapsto f(i,j)$ is a bijection on $\{0,1,2\}$ — each **row** is a permutation.
- **y-direction constraint** (fixed $i, k$): exactly one $j$ satisfies $f(i,j) = k$. So for each fixed $i$, the map $j \mapsto f(i,j)$ is a bijection — each **column** is a permutation.

Thus $f$ is a **Latin square of order 3**: a $3 \times 3$ array where every row and every column is a permutation of $\{0,1,2\}$. The correspondence between valid configurations and Latin squares is a bijection.

**Counting Latin squares of order 3.** A *reduced* Latin square has its first row and first column both equal to $(0, 1, 2)$. For order 3, there is exactly **one** reduced Latin square:

$$\begin{pmatrix} 0 & 1 & 2 \\ 1 & 2 & 0 \\ 2 & 0 & 1 \end{pmatrix}$$

*Verification of uniqueness:* With the first row $0,1,2$ and first column $0,1,2$ fixed, the entry at position $(1,1)$ cannot be $0$ or $1$ (column/row constraints), so it must be $2$; then $(1,2)=0$, $(2,1)=0$... wait, $(2,1)$: column 1 has $1,2$ so far, needs $0$; $(2,2)$: column 2 has $2,0$ so far, needs $1$. This gives the unique square above. ✓

**From reduced to all Latin squares.** Any Latin square can be uniquely reduced by:
1. Permuting rows so the first column reads $0,1,2$ (one specific permutation out of $3!$).
2. Permuting columns $\{1,2\}$ (keeping column 0 fixed) so the first row reads $0,1,2$ (one specific permutation out of $2!$).

Reversing this, each reduced Latin square generates $3! \times 2! = 12$ distinct Latin squares, and this is a bijection. Therefore:

$$L(3) = R(3) \times 3! \times 2! = 1 \times 6 \times 2 = 12.$$

**Rotations and reflections.** The problem states that arrangements related by rotation or reflection are **distinct** (counted separately). Since we count all Latin squares without quotienting by any symmetry, no division is needed.

## Answer

$$\boxed{12}$$

### PROOF COMPLETE
DEVIN_CLI_EXITED code=0
