## 解答

**Yes**, the first Chern class $c_1(TM)$ vanishes when restricted to $L$.

### Proof

Let $\dim M = 2n$, so $\dim L = n$. Choose an almost complex structure $J$ on $M$ that is compatible with $\omega$ (i.e., $g(\cdot,\cdot) = \omega(\cdot, J\cdot)$ is a Riemannian metric). This makes $TM$ into a complex vector bundle of rank $n$, whose first Chern class is $c_1(TM)$.

**Step 1: $TM|_L \cong TL \otimes_{\mathbb{R}} \mathbb{C}$ as complex vector bundles.**

Since $L$ is Lagrangian, $\omega|_L = 0$, which means $TL \subset TL^\perp$ (orthogonal complement with respect to $\omega$). By dimension counting ($\dim TL = n = \frac{1}{2}\dim TM|_L$), we get $TL = TL^\perp$.

Compatibility of $J$ with $\omega$ gives $J(TL^\perp) = J(TL)^\perp$, and since $J$ is $\omega$-compatible, $J(TL) \subset TL^\perp = TL$... let me be careful: actually $J(TL) \perp TL$ with respect to $\omega$ (since for $u, v \in TL$, $\omega(Ju, v) = -\omega(u, Jv)$... hmm, let me use the standard fact directly).

The standard fact: for a Lagrangian $L$, $J(TL) \oplus TL = TM|_L$ as real vector bundles, with $J(TL) \cap TL = \{0\}$ and $J: TL \to J(TL)$ a real vector bundle isomorphism. (This follows because $TL = TL^\perp$ and $J$ maps $TL^\perp$ to a complement of $TL$.)

Define the map of complex vector bundles
$$\Phi: TL \otimes_{\mathbb{R}} \mathbb{C} \longrightarrow TM|_L, \qquad v \otimes (a+bi) \longmapsto (a + bJ)v = av + bJv,$$
where $TM|_L$ is a complex vector bundle via $J$ (multiplication by $i$ = action of $J$). Since $TL \oplus J(TL) = TM|_L$, this is a real-linear isomorphism on each fiber, and it is $\mathbb{C}$-linear by construction. Hence
$$TM|_L \cong TL \otimes_{\mathbb{R}} \mathbb{C} \quad\text{as complex vector bundles.}$$

**Step 2: $c_1(TL \otimes_{\mathbb{R}} \mathbb{C}) = 0$.**

The complexification $E_{\mathbb{C}} := E \otimes_{\mathbb{R}} \mathbb{C}$ of any real vector bundle $E$ is self-conjugate: the map $v \otimes z \mapsto v \otimes \bar{z}$ gives a conjugate-linear isomorphism $E_{\mathbb{C}} \to \overline{E_{\mathbb{C}}}$, i.e., $\overline{E_{\mathbb{C}}} \cong E_{\mathbb{C}}$.

For any complex vector bundle $F$ with $\overline{F} \cong F$, the Chern classes satisfy
$$c_k(\overline{F}) = (-1)^k c_k(F).$$
Since $\overline{F} \cong F$, we have $c_k(F) = (-1)^k c_k(F)$, so $c_k(F) = 0$ for all odd $k$. In particular $c_1(F) = 0$.

Applying this to $F = TL \otimes_{\mathbb{R}} \mathbb{C}$:
$$c_1(TL \otimes_{\mathbb{R}} \mathbb{C}) = 0.$$

**Step 3: Conclusion.**

The restriction of $c_1(TM)$ to $L$ is, by definition, $c_1$ of the restricted bundle:
$$c_1(TM)\big|_L = c_1(TM|_L) = c_1(TL \otimes_{\mathbb{R}} \mathbb{C}) = 0 \in H^2(L;\mathbb{Z}).$$

Therefore $c_1(TM)$ vanishes on every compact Lagrangian submanifold $L \subset M$. $\blacksquare$

### PROOF COMPLETE
DEVIN_CLI_EXITED code=0
