# IMO 2017 A1 — Proof

**Answer-leak check:** The problem statement contains only the problem; no solution, hint, or answer is leaked. Proceeding.

---

Let $P = \prod_{i=1}^n a_i$ and define
$$F(x) \;=\; \prod_{i=1}^n (x+a_i)\;-\;P\,(x+1)^k \;\in\; \mathbb{Z}[x].$$
We prove $F(x)>0$ for every positive $x$ in any totally ordered commutative semiring $R$.

---

### Step 1 — $x^2$ divides $F(x)$

**Constant term.** $F(0)=\prod a_i - P = 0$.

**Coefficient of $x$.** The coefficient of $x$ in $\prod(x+a_i)$ is
$$\sum_{i=1}^n \prod_{j\neq i} a_j \;=\; P\sum_{i=1}^n \frac{1}{a_i} \;=\; Pk,$$
which equals the coefficient of $x$ in $P(x+1)^k$. Hence $[x^1]F=0$.

So $F(x)=x^2\,H(x)$ for some $H(x)\in\mathbb{Z}[x]$.

---

### Step 2 — $H(x)$ has non-negative integer coefficients

For $m\ge 2$, the coefficient of $x^m$ in $F$ is
$$[x^m]F \;=\; e_{n-m}(a_1,\dots,a_n)\;-\;P\binom{k}{m},$$
where $e_{n-m}$ is the $(n-m)$-th elementary symmetric polynomial (and $\binom{k}{m}=0$ for $m>k$). Setting $b_i = 1/a_i \in (0,1]$, we use the identity
$$\frac{e_{n-m}(a)}{P} \;=\; \sum_{|T|=m}\prod_{i\in T}\frac{1}{a_i} \;=\; e_m(b_1,\dots,b_n),$$
so $[x^m]F = P\bigl(e_m(b)-\binom{k}{m}\bigr)$.

**Claim.** *If $b_1,\dots,b_n\in[0,1]$ with $\sum b_i = k\in\mathbb{Z}_{>0}$, then $e_m(b_1,\dots,b_n)\ge\binom{k}{m}$ for all $m\ge 2$.*

*Proof of claim.* Among all such tuples, $e_m$ is minimized at $(1,\dots,1,0,\dots,0)$ with $k$ ones. To see this, apply the following **transfer**: pick $p,q$ with $b_p<1$ and $b_q>0$, and move $\epsilon=\min(1-b_p,\;b_q)$ from $q$ to $p$. This preserves the sum, keeps entries in $[0,1]$, and forces one entry to $0$ or $1$.

The change in $e_m$ ($m\ge 2$) affects only the terms involving both $p$ and $q$:
$$\Delta\, e_m \;=\; \bigl(\epsilon(b_q-b_p)-\epsilon^2\bigr)\!\sum_{\substack{|T|=m-2\\T\subseteq[n]\setminus\{p,q\}}}\prod_{i\in T}b_i.$$

The sum is non-negative. For the factor:
- If $\epsilon = 1-b_p$: $\;\epsilon(b_q-b_p)-\epsilon^2 = (1-b_p)(b_q-1)\le 0$.
- If $\epsilon = b_q$: $\;\epsilon(b_q-b_p)-\epsilon^2 = -b_q\,b_p \le 0$.

So $e_m$ does not increase. After finitely many transfers all entries are $0$ or $1$, giving exactly $k$ ones, where $e_m=\binom{k}{m}$. ∎

Since $b_i=1/a_i\in(0,1]\subset[0,1]$, the claim gives $e_m(b)\ge\binom{k}{m}$, hence $[x^m]F\ge 0$ for all $m\ge 2$. Therefore $H(x)=F(x)/x^2$ has **non-negative integer coefficients**.

---

### Step 3 — $H(x)\not\equiv 0$

At least one $a_i>1$ implies not all $a_i=1$, so $k=\sum 1/a_i < n$. Thus $\deg\prod(x+a_i)=n > k=\deg\bigl(P(x+1)^k\bigr)$, and the leading coefficient of $F(x)$ is $1>0$. Hence $H(x)=F(x)/x^2$ has leading coefficient $1>0$.

---

### Step 4 — Evaluation in a totally ordered commutative semiring

Let $R$ be a totally ordered commutative semiring and $x\in R$ with $x>0$. Write
$$H(x)=\sum_{j=0}^{n-2} c_j\, x^j, \qquad c_j\in\mathbb{Z}_{\ge 0},\;\; \text{some } c_{j_0}>0.$$

- **Each term $c_j x^j \ge 0$:** a non-negative integer times $x^j\ge 0$ (since $x>0\ge 0$).
- **The term $c_{j_0}x^{j_0}>0$:** a positive integer (hence $>0$ in $R$) times $x^{j_0}>0$ (product of positives is positive in a totally ordered semiring).
- **Sum:** $H(x)\ge c_{j_0}x^{j_0}>0$.

Finally, $x>0$ gives $x^2>0$ (product of positives), so
$$F(x) \;=\; x^2\cdot H(x) \;>\; 0,$$
i.e.,
$$\prod_{i=1}^n (x+a_i) \;>\; \left(\prod_{i=1}^n a_i\right)(x+1)^k. \qquad\blacksquare$$

### PROOF COMPLETE
DEVIN_CLI_EXITED code=0
