```xml
<audit>
  <analysis_result_key>2269648</analysis_result_key>
  <problem_id>deepmath_103k_00001066</problem_id>
  <audit_status>PASS_SELECTABLE</audit_status>
  <check_results>
    <A1>PASS: dimension1_verdict is DIRECTION_ERROR, which is a valid value.</A1>
    <A2>PASS: dimension1_explanation is non-empty and well over 50 characters.</A2>
    <A3>PASS: dimension2_turning_point_type is "other", which is in the allowed list, and d1=DIRECTION_ERROR requires a value.</A3>
    <A4>PASS: dimension2_explanation is non-empty and well over 50 characters.</A4>
    <A5>PASS: ai_direction_summary is non-empty and detailed.</A5>
    <A6>PASS: standard_solution_key_technique is non-empty and specific.</A6>
    <B1>PASS: No XML tag leaks found in either explanation.</B1>
    <B2>PASS: No template placeholder leaks found in either explanation.</B2>
    <B3>PASS: Both explanations are well over 50 characters.</B3>
    <C1>PASS: d1=DIRECTION_ERROR requires d2 to have a value, and d2="other" with a non-empty explanation is present.</C1>
    <C2>PASS: d1_exp describes the AI going in a completely wrong direction (group theory instead of calculus), consistent with DIRECTION_ERROR.</C2>
    <C3>PASS: d2="other" and d2_exp describes a straightforward calculus decomposition with no number-theoretic/algebraic turning point, justifying the "other" category.</C3>
    <D1>PASS: d1_exp is over 100 chars and contains action verbs "addresses", "exploring", "engaged".</D1>
    <D2>PASS: d2_exp is over 100 chars and contains mathematical terms (surface integral, double integral, dS, differentials).</D2>
    <D3>PASS: ai_direction_summary describes the specific direction taken (group theory / minimal generating sets of Sym(omega)), not just "the AI failed".</D3>
    <D4>PASS: standard_solution_key_technique describes the specific technique (face-by-face decomposition into six double integrals over the unit square).</D4>
    <E1>UNKNOWN — check via script</E1>
  </check_results>
  <issues_found>none</issues_found>
</audit>
```

### AUDIT COMPLETE
DEVIN_CLI_EXITED code=0
```xml
<audit>
  <analysis_result_key>2269648</analysis_result_key>
  <problem_id>deepmath_103k_00001066</problem_id>
  <audit_status>PASS_SELECTABLE</audit_status>
  <check_results>
    <A1>PASS: dimension1_verdict is "DIRECTION_ERROR", which is a valid value.</A1>
    <A2>PASS: dimension1_explanation is non-empty and well over 50 characters, describing the wrong-direction failure.</A2>
    <A3>PASS: dimension2_turning_point_type is "other", which is a valid value in the allowed list.</A3>
    <A4>PASS: dimension2_explanation is non-empty and well over 50 characters, describing the direct decomposition technique.</A4>
    <A5>PASS: ai_direction_summary is non-empty and describes the group theory direction the AI took.</A5>
    <A6>PASS: standard_solution_key_technique is non-empty and describes the face-by-face decomposition.</A6>
    <B1>PASS: Neither explanation contains XML tag leaks like "</dimension" or "<dimension".</B1>
    <B2>PASS: Neither explanation contains template placeholder leaks like "1-3 sentences" or "ONE_OF:".</B2>
    <B3>PASS: Both dimension1_explanation and dimension2_explanation are well over 50 characters.</B3>
    <C1>PASS: d1=DIRECTION_ERROR and d2 has a value ("other"), consistent with the rule that d2 should have a value when d1 is DIRECTION_ERROR.</C1>
    <C2>PASS: dimension1_explanation describes a wrong direction (solving an unrelated group theory problem instead of the calculus problem), which matches the DIRECTION_ERROR label.</C2>
    <C3>PASS: dimension2_explanation describes a direct face-by-face decomposition with no number-theoretic or algebraic turning point, which matches the "other" label since none of the listed categories apply.</C3>
    <D1>PASS: dimension1_explanation is over 100 characters and contains action verbs "explored", "addresses".</D1>
    <D2>PASS: dimension2_explanation is over 100 characters and contains mathematical terms (surface integral, face integrals, double integral, dS, differentials).</D2>
    <D3>PASS: ai_direction_summary describes the specific direction the AI took (group theory about minimal generating sets of Sym(omega)), not just "the AI failed".</D3>
    <D4>PASS: standard_solution_key_technique describes the specific technique (face-by-face decomposition into six double integrals with dS = product of free differentials), not a generic statement.</D4>
    <E1>UNKNOWN — check via script</E1>
  </check_results>
  <issues_found>none</issues_found>
</audit>
```

### AUDIT COMPLETE
DEVIN_CLI_EXITED code=0
