## Solution

**Setup.** Each node has 9 protocols total, drawn uniformly. The type-probabilities are:

- Node 1: P(F)=5/9, P(W)=3/9, P(E)=1/9
- Node 2: P(W)=5/9, P(E)=3/9, P(F)=1/9
- Node 3: P(E)=5/9, P(F)=3/9, P(W)=1/9

**Conditioning event.** "All unique" = the three selected types form a permutation of {F, W, E}. There are 6 permutations (t₁, t₂, t₃); their probabilities (denominator 9³ = 729):

| Permutation | Probability (numerator) |
|---|---|
| (F, W, E) | 5·5·5 = 125 |
| (F, E, W) | 5·3·1 = 15 |
| (W, F, E) | 3·1·5 = 15 |
| (W, E, F) | 3·3·3 = 27 |
| (E, F, W) | 1·1·1 = 1 |
| (E, W, F) | 1·5·3 = 15 |

Total = 125 + 15 + 15 + 27 + 1 + 15 = **198**.

**Target event.** "Fire from Node 1, Water from Node 2, Earth from Node 3" = permutation (F, W, E), with numerator **125**.

**Conditional probability.**

$$P = \frac{125}{198}$$

Check coprimality: 125 = 5³, and 198 = 2·3²·11. They share no common prime factor, so the fraction is already in lowest terms.

Thus m = 125, n = 198, and

$$m + n = 125 + 198 = \boxed{323}$$

### PROOF COMPLETE
DEVIN_CLI_EXITED code=0
