Looking at this problem, I need to evaluate the series $\sum_{n\ge0}\frac{(2k\pi i)^n}{(n+1)!}$ for nonzero integers $k$ and determine if it can be zero.

## Proof

**Step 1: Identify the series in closed form.**

Let $w = 2k\pi i$. The series is:
$$S(w) = \sum_{n=0}^{\infty} \frac{w^n}{(n+1)!} = \frac{1}{1!} + \frac{w}{2!} + \frac{w^2}{3!} + \cdots$$

Factor out $\frac{1}{w}$ (valid for $w \neq 0$, i.e., $k \neq 0$):
$$S(w) = \frac{1}{w}\left(\frac{w}{1!} + \frac{w^2}{2!} + \frac{w^3}{3!} + \cdots\right) = \frac{1}{w}\sum_{m=1}^{\infty}\frac{w^m}{m!} = \frac{e^w - 1}{w}$$

This is a standard identity: the series is the analytic continuation of $\frac{e^w-1}{w}$, which is entire (the singularity at $w=0$ is removable).

**Step 2: Evaluate at $w = 2k\pi i$ for $k \neq 0$.**

By Euler's formula:
$$e^{2k\pi i} = \cos(2k\pi) + i\sin(2k\pi) = 1 + 0 = 1$$

for every integer $k$. Therefore:
$$S(2k\pi i) = \frac{e^{2k\pi i} - 1}{2k\pi i} = \frac{1 - 1}{2k\pi i} = \frac{0}{2k\pi i} = 0$$

Since $2k\pi i \neq 0$ for $k \neq 0$, the division is well-defined.

**Conclusion:** The series is zero for **every** nonzero integer $k$.

**Step 3: Consequence for the limit.**

Consider $\lim_{z \to 2k\pi i}\frac{z}{e^z - 1}$ for $k \neq 0$.

At $z_0 = 2k\pi i$:
- The **numerator** $z_0 = 2k\pi i \neq 0$ (since $k \neq 0$).
- The **denominator** $e^{z_0} - 1 = 0$.

Moreover, $e^z - 1$ has a **simple zero** at $z = 2k\pi i$, since $\frac{d}{dz}(e^z - 1)\big|_{z=2k\pi i} = e^{2k\pi i} = 1 \neq 0$.

Therefore $\frac{z}{e^z - 1}$ has a **simple pole** at $z = 2k\pi i$: the numerator is nonzero and the denominator has a simple zero. The function behaves as:
$$\frac{z}{e^z - 1} \sim \frac{2k\pi i}{(z - 2k\pi i)\cdot e^{2k\pi i}} = \frac{2k\pi i}{z - 2k\pi i} \quad \text{as } z \to 2k\pi i$$

which diverges. Hence the limit is **infinite**, confirming the problem's stated implication: since the series vanishes, the limit is infinite (not a finite complex number).

**Remark (contrast with $k=0$):** For $k=0$, the series equals $S(0) = \frac{0^0}{1!} = 1 \neq 0$, and correspondingly $\lim_{z\to 0}\frac{z}{e^z-1} = 1$ by L'Hôpital's rule (a $0/0$ form with a removable singularity), which is finite. This is consistent: the series is nonzero exactly when the limit is finite.

### PROOF COMPLETE
DEVIN_CLI_EXITED code=0
