I'll solve this directly in the TUI using my reasoning, without using any tools or writing files.

**Answer Leak Check:** The problem text contains no leaked answers, solutions, or solution sketches. Proceeding to solve.

---

## Solution

**Answer: No.** For $\dim M \ge 2$, no such constant $C > 0$ exists.

### Setup

Fix a compact manifold $M$ of dimension $n \ge 2$, a point $p \in M$, and a Riemannian metric $g_0$. Work in $g_0$-geodesic polar coordinates $(r, \theta)$ near $p$, where for $r < r_0$ (the injectivity radius):

$$g_0 = dr^2 + r^2\, h_{ij}(r,\theta)\, d\theta^i d\theta^j,$$

with $h_{ij}(0,\theta) = (g_{S^{n-1}})_{ij}$ and $\sqrt{\det h_{ij}(r,\theta)} = 1 + O(r^2)$ (the first correction comes from curvature).

### Construction of the counterexample

For each large $M > 0$, define a smooth function $h_M(r) \ge 1$ as follows (with $\varepsilon_M := 1/M$):

- $h_M(r) = 1$ on $[0, \varepsilon_M]$,
- $h_M$ transitions smoothly from $1$ to $M$ on $[\varepsilon_M, 2\varepsilon_M]$,
- $h_M(r) = M$ on $[2\varepsilon_M, 3\varepsilon_M]$,
- $h_M$ transitions back to $1$ on $[3\varepsilon_M, 4\varepsilon_M]$,
- $h_M(r) = 1$ for $r \ge 4\varepsilon_M$.

Since $h_M(0) = 1$ and $h_M$ is constant near $0$, the metric

$$g_M := h_M(r)^2\, dr^2 + r^2\, h_{ij}(r,\theta)\, d\theta^i d\theta^j$$

is smooth at $p$. Since $h_M \ge 1$ everywhere, $g_M \ge g_0$ (the radial component is enlarged, the angular part is unchanged). Outside the ball of radius $4\varepsilon_M$, $g_M = g_0$, so this patches smoothly into a global metric on $M$.

### The geodesic ball

For any curve $\gamma$ from $p$ to a point at radius $r$, the $g_M$-length satisfies

$$L_{g_M}(\gamma) = \int \sqrt{h_M^2 \dot{r}^2 + r^2 h_{ij} \dot{\theta}^i \dot{\theta}^j}\, dt \ge \int h_M |\dot{r}|\, dt \ge \int_0^r h_M(t)\, dt =: s_M(r),$$

with equality for radial geodesics. Hence $d_{g_M}(p, (r,\theta)) = s_M(r)$, and

$$B_{g_M}(1, p) = \{(r, \theta) : s_M(r) < 1\}.$$

**Compute $s_M$ and $r_1 := s_M^{-1}(1)$:**

- On $[0, \varepsilon_M]$: $s_M(r) = r$, so $s_M(\varepsilon_M) = \varepsilon_M = 1/M$.
- On $[\varepsilon_M, 2\varepsilon_M]$: $s_M(2\varepsilon_M) = \varepsilon_M + \int_{\varepsilon_M}^{2\varepsilon_M} h_M\, dt$. The integral over the transition is between $\varepsilon_M$ and $M\varepsilon_M$; for a linear ramp it is $\approx \frac{(1+M)}{2}\varepsilon_M \approx \frac{1}{2}$ for large $M$. So $s_M(2\varepsilon_M) \approx \frac{1}{2}$.
- On $[2\varepsilon_M, 3\varepsilon_M]$: $s_M(r) = s_M(2\varepsilon_M) + M(r - 2\varepsilon_M)$. At $r = 3\varepsilon_M$: $s_M(3\varepsilon_M) \approx \frac{1}{2} + M\varepsilon_M = \frac{1}{2} + 1 = \frac{3}{2} > 1$.

So $r_1 \in [2\varepsilon_M, 3\varepsilon_M]$, and solving $s_M(r_1) = 1$:

$$r_1 = 2\varepsilon_M + \frac{1 - s_M(2\varepsilon_M)}{M} \approx \frac{2}{M} + \frac{1/2}{M} = \frac{5}{2M}.$$

### Volume estimate

The $g_M$-volume form is $h_M(r)\, r^{n-1}\sqrt{\det h_{ij}}\, dr\, d\theta$. Since $r_1 = O(1/M) \to 0$, we have $\sqrt{\det h_{ij}} = 1 + O(r_1^2) = 1 + o(1)$ on $[0, r_1]$. Thus:

$$\operatorname{Vol}_{g_M}(B_{g_M}(1,p)) = |S^{n-1}| \int_0^{r_1} h_M(r)\, r^{n-1}\, (1 + o(1))\, dr.$$

Bounding the integral (using $h_M \le M$):

$$\int_0^{r_1} h_M\, r^{n-1}\, dr \le M \int_0^{r_1} r^{n-1}\, dr = \frac{M\, r_1^n}{n} \approx \frac{M}{n} \cdot \left(\frac{5}{2M}\right)^n = \frac{5^n}{2^n \cdot n \cdot M^{n-1}}.$$

Therefore:

$$\operatorname{Vol}_{g_M}(B_{g_M}(1,p)) \le \frac{|S^{n-1}| \cdot 5^n}{2^n \cdot n \cdot M^{n-1}} \cdot (1 + o(1)) \xrightarrow{M \to \infty} 0 \quad \text{for } n \ge 2.$$

### Conclusion

For any $C > 0$, choosing $M$ sufficiently large gives $\operatorname{Vol}_{g_M}(B_{g_M}(1,p)) < C$, while $g_M \ge g_0$. Hence **no such constant $C > 0$ exists** (for $\dim M \ge 2$).

**Remark on $\dim M = 1$:** If $M$ is a circle, then $B_g(1,p)$ is an arc of $g$-length $\min(2, L_g) \ge \min(2, L_{g_0}) > 0$, so a lower bound does exist. The failure is specific to dimension $\ge 2$, where the metric can be enlarged anisotropically in the radial direction to trap the unit ball in an arbitrarily small neighborhood of $p$.

### PROOF COMPLETE
DEVIN_CLI_EXITED code=0
