## Answer Leak Self-Check

I scanned the problem text. It contains only the problem statement (a measurable function $F:\mathbb{R}^2\to[0,\infty]$ with $\{F=\infty\}$ of positive measure, and the question of whether the weighted integral is infinite). There is no embedded solution, solution sketch, formalization note, or answer value. No leak detected.

---

## Proof

Let
$$E := \{(x,y)\in\mathbb{R}^2 : F(x,y)=\infty\},$$
and let $m$ denote Lebesgue measure on $\mathbb{R}^2$. By hypothesis $m(E)>0$.

Define the weight $w(x,y):=\exp\{-|x|-|y|\}$. Note $w(x,y)>0$ for every $(x,y)\in\mathbb{R}^2$.

**Step 1. The weight has positive integral over $E$.**

Since $w>0$ pointwise, for each $n\ge 1$ set
$$E_n := \{(x,y)\in E : w(x,y)\ge 1/n\}.$$
Because $w(p)>0$ for every $p$, every point of $E$ lies in some $E_n$, hence
$$E = \bigcup_{n=1}^{\infty} E_n.$$
As $m(E)>0$, countable subadditivity forces $m(E_n)>0$ for at least one $n=N$. Fix such $N$. Then
$$\int_E w\,dm \;\ge\; \int_{E_N} w\,dm \;\ge\; \frac{1}{N}\,m(E_N) \;>\; 0.$$
In particular $E_N$ is a measurable subset of $E$ of strictly positive measure on which $w\ge 1/N>0$.

**Step 2. The integrand $F\,w$ equals $+\infty$ on a set of positive measure.**

On $E_N\subseteq E$ we have $F=\infty$ and $w\ge 1/N>0$, so
$$F(x,y)\,w(x,y) = \infty \quad\text{for every }(x,y)\in E_N,$$
with $m(E_N)>0$.

**Step 3. The integral is infinite.**

By definition of the integral of a nonnegative measurable function,
$$\int_{\mathbb{R}^2} F\,w\,dm = \sup\left\{\int_{\mathbb{R}^2} s\,dm : 0\le s\le Fw,\; s\text{ simple}\right\}.$$
For any constant $M>0$, the simple function $s_M := M\,\mathbf{1}_{E_N}$ satisfies $0\le s_M\le Fw$ (since $Fw=\infty$ on $E_N$ and $Fw\ge 0$ elsewhere). Therefore
$$\int_{\mathbb{R}^2} F\,w\,dm \;\ge\; \int_{\mathbb{R}^2} s_M\,dm \;=\; M\,m(E_N).$$
Letting $M\to\infty$ and using $m(E_N)>0$ gives
$$\int_{\mathbb{R}^2} F(x,y)\,e^{-|x|-|y|}\,dm \;=\;\infty.$$

Equivalently, in iterated notation,
$$\int_{-\infty}^{\infty}\int_{-\infty}^{\infty} F(x,y)\,\exp\{-|x|-|y|\}\,dx\,dy \;=\; \infty.$$

**Conclusion.** Yes — the integral is necessarily infinite. The only ingredient used is that $F=\infty$ on a set of positive measure while the strictly positive weight $e^{-|x|-|y|}$ is bounded below by $1/N$ on some positive-measure piece of that set, forcing the integral to diverge.

### PROOF COMPLETE
DEVIN_CLI_EXITED code=0
