I'll solve this directly. First, checking for answer leaks: the problem statement contains only the problem, no solution or hints. No leak detected.

---

## Killing Form on the Cartan Subalgebra of $\mathfrak{so}(2\ell+1, F)$

**Setup.** Realize $\mathfrak{so}(2\ell+1, F)$ as the Lie algebra of $(2\ell+1)\times(2\ell+1)$ matrices $X$ satisfying $X^T J + JX = 0$, where $J$ is the antidiagonal matrix ($J_{ij} = \delta_{i,\,2\ell+2-j}$). The Cartan subalgebra $H$ consists of diagonal matrices. The condition $h^T J + Jh = 0$ on a diagonal $h = \operatorname{diag}(d_1,\dots,d_{2\ell+1})$ forces $d_i + d_{2\ell+2-i} = 0$ for all $i$, in particular $d_{\ell+1}=0$. Thus every $h\in H$ has the form

$$h = \operatorname{diag}(a_1,\, a_2,\, \dots,\, a_\ell,\, 0,\, -a_\ell,\, \dots,\, -a_2,\, -a_1),$$

and similarly $h' = \operatorname{diag}(b_1,\dots,b_\ell,0,-b_\ell,\dots,-b_1)$.

**Root system.** Identifying $H^* \cong F^\ell$ via $e_i(h) = a_i$, the root system of type $B_\ell$ is

$$\Phi = \{\pm e_i \pm e_j : 1\le i < j \le \ell\} \;\cup\; \{\pm e_i : 1\le i\le \ell\}.$$

The long roots are $\pm e_i \pm e_j$ and the short roots are $\pm e_i$.

**Killing form via roots.** Since $\operatorname{ad}(h)$ acts on each root space $\mathfrak{g}_\alpha$ by the scalar $\alpha(h)$ and annihilates $H$, the trace formula gives

$$\kappa(h, h') = \operatorname{Tr}(\operatorname{ad}(h)\,\operatorname{ad}(h')) = \sum_{\alpha \in \Phi} \alpha(h)\,\alpha(h').$$

**Long-root contribution.** For each pair $i < j$, the four roots $e_i+e_j,\; e_i-e_j,\; -(e_i+e_j),\; -(e_i-e_j)$ contribute

$$(a_i{+}a_j)(b_i{+}b_j) + (a_i{-}a_j)(b_i{-}b_j) + (a_i{+}a_j)(b_i{+}b_j) + (a_i{-}a_j)(b_i{-}b_j).$$

Expanding $(a_i{+}a_j)(b_i{+}b_j)+(a_i{-}a_j)(b_i{-}b_j) = 2a_ib_i + 2a_jb_j$, so the four roots give $4(a_ib_i + a_jb_j)$. Summing over all $\binom{\ell}{2}$ pairs, each $a_ib_i$ appears in exactly $\ell - 1$ pairs, yielding

$$\sum_{i<j} 4(a_ib_i + a_jb_j) = 4(\ell-1)\sum_{i=1}^{\ell} a_i b_i.$$

**Short-root contribution.** For each $i$, the two roots $\pm e_i$ contribute $a_ib_i + (-a_i)(-b_i) = 2a_ib_i$. Summing:

$$\sum_{i=1}^{\ell} 2\,a_i b_i = 2\sum_{i=1}^{\ell} a_i b_i.$$

**Total.**

$$\kappa(h, h') = 4(\ell-1)\sum_{i=1}^{\ell} a_i b_i \;+\; 2\sum_{i=1}^{\ell} a_i b_i = (4\ell - 2)\sum_{i=1}^{\ell} a_i b_i.$$

**Result.**

$$\boxed{\kappa(h, h') = 2(2\ell - 1)\sum_{i=1}^{\ell} a_i\, b_i,}$$

where $h = \operatorname{diag}(a_1,\dots,a_\ell,0,-a_\ell,\dots,-a_1)$ and $h' = \operatorname{diag}(b_1,\dots,b_\ell,0,-b_\ell,\dots,-b_1)$.

**Verification.** The coefficient $2(2\ell-1) = 2h^\vee$ where $h^\vee = 2\ell - 1$ is the dual Coxeter number of $B_\ell$, consistent with the general identity $\kappa|_H = 2h^\vee\,(\cdot,\cdot)_{\text{basic}}$. As a sanity check for $\ell=1$ ($\mathfrak{so}(3) \cong \mathfrak{sl}_2$): the formula gives $\kappa(h,h') = 2\,a_1 b_1$, and direct computation confirms $\operatorname{Tr}(\operatorname{ad}(h)\operatorname{ad}(h')) = a_1 b_1 + (-a_1)(-b_1) = 2a_1b_1$. ✓

### PROOF COMPLETE
DEVIN_CLI_EXITED code=0
