先做 Answer Leak 自检：题目文本只陈述了定理本身，未包含任何解答、证明思路、答案值或形式化笔记。无泄漏，正常求解。

---

## 证明

记 $I = (G_1, G_2) \subset R[x]$。我们要证 $I = R[x]$。

**第 1 步：把条件翻译成"模 $\mathfrak{m}$ 后 $G_2$ 在 $R[x]/(G_1)$ 中可逆"。**

设 $\deg G_1 = d$。因 $G_1$ 是首一多项式，$G_1$ 在 $R[x]$ 中生成的理想满足：$R[x]/(G_1)$ 作为 $R$-模是秩 $d$ 的自由模（基为 $1, x, \dots, x^{d-1}$ 的像）。记 $A := R[x]/(G_1)$，它是有限 $R$-代数（且作为 $R$-模有限生成）。记 $g \in A$ 为 $G_2$ 的像。

条件"$G_1, G_2 \bmod \mathfrak{m}$ 在 $(R/\mathfrak{m})[x]$ 中生成单位理想"意味着在 $(R/\mathfrak{m})[x]/(\bar G_1) \cong A/\mathfrak{m}A$ 中，$\bar g$ 生成单位理想，即 $\bar g$ 是环 $A/\mathfrak{m}A$ 中的可逆元。（这里 $\bar G_1$ 仍首一，所以 $(R/\mathfrak{m})[x]/(\bar G_1) \cong A \otimes_R R/\mathfrak{m} = A/\mathfrak{m}A$。）

于是存在 $b \in A$ 使得
$$
gb \equiv 1 \pmod{\mathfrak{m}A}, \qquad\text{即}\qquad gb = 1 - t,\quad t \in \mathfrak{m}A.
$$

**第 2 步：证明 $\mathfrak{m}A \subset \operatorname{Jac}(A)$。**

$A$ 是有限 $R$-模，故 $R \to A$ 是整扩张。设 $\mathfrak{M} \subset A$ 是任一极大理想，则 $\mathfrak{m}' := R \cap \mathfrak{M}$ 是 $R$ 的极大理想（整扩张中极大理想的限制仍为极大理想）。由 $\mathfrak{m} \subset \operatorname{Jac}(R) \subset \mathfrak{m}'$ 得 $\mathfrak{m} \subset \mathfrak{M}$，从而 $\mathfrak{m}A \subset \mathfrak{M}$。因 $\mathfrak{M}$ 任意，
$$
\mathfrak{m}A \subset \bigcap_{\mathfrak{M} \text{ 极大}} \mathfrak{M} = \operatorname{Jac}(A).
$$

**第 3 步：由 $gb = 1 - t$，$t \in \mathfrak{m}A \subset \operatorname{Jac}(A)$，得 $gb$ 是 $A$ 中可逆元。**

环中任一形如 $1 - j$（$j \in \operatorname{Jac}(A)$）的元素可逆：其逆为 $1 + j + j^2 + \cdots$（有限和，因 $Aj \subset \operatorname{Jac}(A)$ 且 $1-j$ 不在任何极大理想中，故生成单位理想）。因此 $gb$ 在 $A$ 中可逆，设其逆为 $u$，则 $g(bu) = 1$，即 $g$ 在 $A$ 中有右逆。

对称地，由 $\bar g$ 可逆知存在 $b' \in A$ 使 $b'g \equiv 1 \pmod{\mathfrak{m}A}$，即 $b'g = 1 - t'$，$t' \in \mathfrak{m}A \subset \operatorname{Jac}(A)$，故 $b'g$ 可逆，$g$ 有左逆。

既有左逆又有右逆，$g$ 是 $A$ 的可逆元。

**第 4 步：回到 $R[x]$。**

$g$ 在 $A = R[x]/(G_1)$ 中可逆，意味着存在 $h \in R[x]$ 使 $hG_2 \equiv 1 \pmod{G_1}$，即存在 $k \in R[x]$ 使
$$
hG_2 + kG_1 = 1.
$$
故 $1 \in (G_1, G_2) = I$，从而 $I = R[x]$。$\blacksquare$

### PROOF COMPLETE
