## Solution

We seek all integers $a, b > 1$ with $a \mid b+1$ and $b \mid a^3 - 1$.

**Parametrization.** From $a \mid b+1$, write $b + 1 = ad$ (so $b = ad - 1$, $d \geq 1$). From $b \mid a^3 - 1$, write $a^3 - 1 = bc$ ($c \geq 1$). Substituting:

$$a^3 - 1 = (ad-1)c \implies d = \frac{a^3 + c - 1}{ac}.$$

Since $ac \mid a^3 + c - 1$ and $a^3 + c - 1 \equiv c - 1 \pmod{a}$, we get $a \mid c - 1$. Write $c = 1 + ae$ with $e \geq 0$. Then:

$$d = \frac{a^2 + e}{1 + ae}, \qquad \text{so } (1 + ae) \mid (a^2 + e).$$

**Key divisibility.** Observe $e(a^2 + e) - a(1 + ae) = e^2 - a$, so $(1+ae) \mid (e^2 - a)$. Set $q = \frac{e^2 - a}{1 + ae} \in \mathbb{Z}$, giving the **master equation**:

$$e(e - qa) = a + q. \tag{$*$}$$

**Case $e = 0$:** $(*)$ gives $q = -a$, $d = a^2$, $b = a^3 - 1$. Valid for all $a \geq 2$.

> **Family 1:** $(a,\; a^3 - 1)$ for $a \geq 2$.

**Case $e \geq 1$:** Analyze $(*)$ by the sign of $e - qa$:

- **$e - qa < 0$:** Then $q \geq 1$, so $a + q \geq 3 > 0$, but LHS $< 0$. Contradiction.

- **$e - qa = 0$:** LHS $= 0 = a + q$, so $q = -a$, $e = -a^2 < 0$. Contradiction.

- **$e - qa > 0$ (so $a + q > 0$, i.e., $q > -a$):**

  *$q \leq -1$:* Then $|q| \leq a-1$ and $e - qa = e + |q|a \geq 1 + a$, so LHS $\geq a + 1 > a - 1 \geq a + q =$ RHS. Contradiction.

  *$q = 0$:* $e^2 = a$, so $a = e^2$ with $e \geq 2$ (since $a > 1$). Then $d = \frac{e^4 + e}{1 + e^3} = e$, $b = e^3 - 1$.

  > **Family 3:** $(e^2,\; e^3 - 1)$ for $e \geq 2$.

  *$q \geq 1$:* Then $e > qa \geq a$. Write $e = qa + s$, $s \geq 1$. Then $(qa+s)s = a+q$, i.e., $q(as - 1) = a - s^2$. Since $as - 1 > 0$:

  $$q = \frac{a - s^2}{as - 1} \geq 1 \implies (1-s)(a + s + 1) \geq 0.$$

  For $s \geq 2$: $(1-s) < 0$, $a+s+1 > 0$, product $< 0$. No solution.

  For $s = 1$: $q = 1$, $e = a+1$, $d = \frac{a^2+a+1}{a^2+a+1} = 1$, $b = a - 1$. Need $b > 1$, so $a \geq 3$.

  > **Family 2:** $(a,\; a-1)$ for $a \geq 3$.

**The three families are pairwise disjoint:** Family 1 ∩ Family 2 requires $a^3 - 1 = a - 1$, giving $a = 1$ (excluded). Family 1 ∩ Family 3 requires $e^6 - 1 = e^3 - 1$, giving $e = 1$ (excluded). Family 2 ∩ Family 3 requires $e^2 - 1 = e^3 - 1$, giving $e = 1$ (excluded).

**Verification.** Each family satisfies both conditions:

- **Family 1:** $a \mid a^3 = (a^3-1)+1$ ✓; $(a^3-1) \mid (a^3-1)$ ✓.
- **Family 2:** $a \mid a = (a-1)+1$ ✓; $(a-1) \mid (a-1)(a^2+a+1) = a^3-1$ ✓.
- **Family 3:** $e^2 \mid e^3 = (e^3-1)+1$ ✓; $(e^3-1) \mid (e^3-1)(e^3+1) = e^6-1 = (e^2)^3 - 1$ ✓.

**Conclusion.** All pairs $(a, b)$ with $a, b > 1$, $a \mid b+1$, $b \mid a^3 - 1$ are exactly:

$$\boxed{(a,\, a^3-1) \text{ for } a \geq 2; \qquad (a,\, a-1) \text{ for } a \geq 3; \qquad (n^2,\, n^3-1) \text{ for } n \geq 2.}$$

### PROOF COMPLETE
DEVIN_CLI_EXITED code=0
