Looking at this problem, I need to find the largest $N$ divisible by 13 such that every number formed by swapping two digits of $N$ is NOT divisible by 13.

**Answer Leak Check:** The problem text contains no leaked solutions or proof sketches. Proceeding to solve.

## Proof

**Setup.** Let $N$ have digits $d_1 d_2 \cdots d_k$ (positions $1$ to $k$ from left). Swapping positions $i < j$ produces $N'$ with $N' - N = (d_j - d_i)(10^{k-i} - 10^{k-j})$.

**Key fact.** The order of $10 \pmod{13}$ is $6$: $10^1 \equiv 10$, $10^2 \equiv 9$, $10^3 \equiv 12$, $10^4 \equiv 3$, $10^5 \equiv 4$, $10^6 \equiv 1 \pmod{13}$. Thus $10^{k-i} \equiv 10^{k-j} \pmod{13}$ iff $6 \mid (j-i)$.

**Constraint 1: All digits must be distinct.** If $d_i = d_j$ for some $i \neq j$, swapping them yields $N$ itself, which is divisible by 13. The problem permits swapping identical digits (producing the same value), and condition 2 requires every number so formed to NOT be divisible by 13. Since $N \equiv 0 \pmod{13}$, any repeated digit violates condition 2. So all digits of $N$ are distinct, giving at most 10 digits.

**Constraint 2: No valid swap with $6 \mid (j-i)$.** For a pair $(i,j)$ with $d_i \neq d_j$ (guaranteed by distinctness) and $6 \mid (j-i)$: we have $10^{k-i} - 10^{k-j} \equiv 0 \pmod{13}$, so $N' \equiv N \equiv 0 \pmod{13}$, making $N'$ divisible by 13. To avoid violating condition 2, this swap must be **invalid** — i.e., it puts $0$ at the leading position. This happens only when $i = 1$ and $d_j = 0$.

For pairs with $6 \nmid (j-i)$: since $d_i \neq d_j$ and $|d_j - d_i| \leq 9 < 13$, both factors $(d_j - d_i)$ and $(10^{k-i} - 10^{k-j})$ are nonzero mod 13, so $N' \not\equiv 0 \pmod{13}$. No constraint needed.

**Bounding the number of digits.** Partition positions by residue class mod 6. Within each class, any two positions $i < j$ satisfy $6 \mid (j-i)$, so their swap must be invalid (requiring one to be position 1 and the other to have digit 0).

- **Classes 2, 3, 4, 5, 0** (mod 6): No position is 1, so no pair can be "saved." Each class has **at most 1 position**.
- **Class 1** (mod 6): Contains position 1. Any additional position $j$ must have $d_j = 0$. Two additional positions would form a forbidden pair (neither is position 1). So class 1 has **at most 2 positions**: position 1 and one position with digit 0.

**Maximum: $2 + 5 = 7$ digits.** With 7 digits, positions are $1, 2, 3, 4, 5, 6, 7$. Position 7 (the only other class-1 position) must have digit 0. Positions 1–6 have 6 distinct nonzero digits from $\{1, \ldots, 9\}$.

**Finding the largest valid 7-digit number.** The number is $d_1 d_2 d_3 d_4 d_5 d_6\, 0$ with $d_1, \ldots, d_6$ distinct digits from $\{1, \ldots, 9\}$, and:
$$N \equiv d_1 + 4d_2 + 3d_3 + 12d_4 + 9d_5 + 10d_6 \pmod{13}$$
(using $10^6 \equiv 1, 10^5 \equiv 4, 10^4 \equiv 3, 10^3 \equiv 12, 10^2 \equiv 9, 10^1 \equiv 10 \pmod{13}$).

To maximize lexicographically, fix $d_1 = 9, d_2 = 8, d_3 = 7, d_4 = 6$ (the largest prefix). Then:
$$N \equiv 9 + 32 + 21 + 72 + 9d_5 + 10d_6 = 134 + 9d_5 + 10d_6 \pmod{13}$$
$134 \equiv 4 \pmod{13}$, so $N \equiv 4 + 9d_5 + 10d_6 \pmod{13}$, needing $9d_5 + 10d_6 \equiv 9 \pmod{13}$.

Remaining digits: $\{1, 2, 3, 4, 5\}$. Testing $d_5 = 5, 4, 3, 2, 1$:

| $d_5$ | Required $d_6 \pmod{13}$ | Available $d_6$ | Solution? |
|-------|--------------------------|-----------------|-----------|
| 5 | $10d_6 \equiv 9-45 \equiv 3$, so $d_6 \equiv 12$ | {1,2,3,4} | No |
| 4 | $10d_6 \equiv 9-36 \equiv 12$, so $d_6 \equiv 9$ | {1,2,3,5} | No |
| 3 | $10d_6 \equiv 9-27 \equiv 8$, so $d_6 \equiv 6$ | {1,2,4,5} | No |
| 2 | $10d_6 \equiv 9-18 \equiv 4$, so $d_6 \equiv 3$ | {1,3,4,5} | **Yes: $d_6 = 3$** |
| 1 | $10d_6 \equiv 9-9 \equiv 0$, so $d_6 \equiv 0$ | {2,3,4,5} | No |

(using $10^{-1} \equiv 4 \pmod{13}$).

The unique solution with prefix $9876$ is $d_5 = 2, d_6 = 3$, giving $N = 9876230$.

**Verification.**
- **Divisibility:** $9876230 \equiv 9(1) + 8(4) + 7(3) + 6(12) + 2(9) + 3(10) + 0(1) = 9 + 32 + 21 + 72 + 18 + 30 + 0 = 182 = 13 \times 14 \equiv 0 \pmod{13}$. ✓
- **All digits distinct:** $\{9, 8, 7, 6, 2, 3, 0\}$ — seven distinct digits. ✓
- **No valid swap with $6 \mid (j-i)$:** The only pair with $6 \mid (j-i)$ is $(1, 7)$ (difference 6). This swap puts $d_7 = 0$ at the leading position — **invalid**. ✓
- **All other swaps:** For every pair $(i,j)$ with $6 \nmid (j-i)$ and $d_i \neq d_j$: $(d_j - d_i) \not\equiv 0 \pmod{13}$ (since $|d_j - d_i| \leq 9 < 13$) and $(10^{7-i} - 10^{7-j}) \not\equiv 0 \pmod{13}$, so $N' \not\equiv 0 \pmod{13}$. ✓
- **No larger candidate exists:** With prefix $9876$ and $d_5 d_6 > 23$, no solution exists (checked all cases above). Any prefix smaller than $9876$ yields a smaller number.

**Conclusion.** The largest natural number $N$ divisible by 13 with every digit-swap producing a non-multiple of 13 is:

$$\boxed{N = 9876230}$$

### PROOF COMPLETE
DEVIN_CLI_EXITED code=0
