Looking at this problem, I need to find the maximum number of negative integers among 101 nonzero integers arranged in a circle, where each integer exceeds the product of the two integers following it clockwise.

**Solution.**

Let the integers be $a_0, a_1, \ldots, a_{100}$ (indices mod 101), with the condition $a_i > a_{i+1} a_{i+2}$ for all $i$.

**Sign constraints.** Set $x_i = 1$ if $a_i < 0$ and $x_i = 0$ if $a_i > 0$.

If $a_i < 0$, then $a_i > a_{i+1}a_{i+2}$ forces $a_{i+1}a_{i+2} < a_i < 0$, so $a_{i+1}$ and $a_{i+2}$ have **opposite signs**. Thus:
$$x_i = 1 \implies x_{i+1} + x_{i+2} = 1.$$
This forbids the triples $(1,0,0)$ and $(1,1,1)$. If $a_i > 0$, no sign constraint is imposed (a positive number automatically exceeds any negative product; for a positive product, only a magnitude condition is needed).

**Structure of the sign sequence.** The forbidden triples imply:
- **No $111$:** a run of 1's has length at most 2.
- **No $100$:** after $10$, the next entry must be $1$.

If the sequence contains at least one $1$, then every run of $0$'s is preceded by a $1$ (circularly), so by the "no $100$" rule, every $0$-run has length exactly $1$. Combined with runs of $1$'s having length $1$ or $2$, the sequence is a circular concatenation of blocks $\underbrace{1\cdots 1}_{a_i}0$ with $a_i \in \{1,2\}$, i.e., blocks "$10$" and "$110$".

**Counting.** Let $p$ = number of "$10$" blocks, $q$ = number of "$110$" blocks. Then:
$$2p + 3q = 101, \qquad \text{negatives} = p + 2q = \frac{101 + q}{2}.$$
We need $101 - 3q$ even and $\geq 0$, so $q$ is odd with $q \leq 33$. To maximize negatives, maximize $q$:
$$q = 33,\quad p = 1,\quad \text{negatives} = \frac{101+33}{2} = 67.$$

**Construction achieving 67.** Use the sign pattern $(110)^{33}(10)$ (length $99 + 2 = 101$), giving 67 negatives and 34 positives. Assign every negative the value $-1$ and every positive the value $2$. Verify all triple types:

| Triple | Values | Check $a_i > a_{i+1}a_{i+2}$ |
|--------|--------|------------------------------|
| $(N,N,P)$ | $(-1,-1,2)$ | $-1 > (-1)(2)=-2$ ✓ |
| $(N,P,N)$ | $(-1,2,-1)$ | $-1 > (2)(-1)=-2$ ✓ |
| $(P,N,N)$ | $(2,-1,-1)$ | $2 > (-1)(-1)=1$ ✓ |
| $(P,N,P)$ | $(2,-1,2)$ | $2 > (-1)(2)=-2$ ✓ |

The pattern $(110)^{33}(10)$ produces only these four triple types (including at the circular wrap-around, where positions $99,100,0,1$ give triples $(1,0,1)$ and $(0,1,1)$, both allowed). All inequalities are satisfied.

**Conclusion.** The maximum number of negative integers is $\boxed{67}$.

### PROOF COMPLETE
DEVIN_CLI_EXITED code=0
