Looking at this problem, I need to find $\limsup_{n\to\infty}\left\{\frac{p_{m+1}}{p_m} : m\in\mathbb{N}, m\geq n\right\}$, which is the standard $\limsup_{m\to\infty} \frac{p_{m+1}}{p_m}$.

**Answer leak check:** The problem text contains no leaked answers, solutions, or solution sketches. Proceeding to solve.

---

## Proof

**Notation.** Let $p_i$ denote the $i$-th prime. We show that $\lim_{m\to\infty} \frac{p_{m+1}}{p_m} = 1$, which immediately implies $\limsup_{m\to\infty} \frac{p_{m+1}}{p_m} = 1$.

**Key tool — Prime Number Theorem (Hadamard–de la Vallée Poussin, 1896).** The PNT states that the prime counting function satisfies $\pi(x) \sim \frac{x}{\log x}$, which is equivalent to the asymptotic $p_n \sim n \log n$, i.e.,
$$\lim_{n\to\infty} \frac{p_n}{n \log n} = 1.$$

**Main argument.** We compute the ratio $\frac{p_{n+1}}{p_n}$ by inserting the PNT asymptotics:

$$\frac{p_{n+1}}{p_n} = \underbrace{\frac{p_{n+1}}{(n+1)\log(n+1)}}_{\to\, 1 \text{ by PNT}} \cdot \underbrace{\frac{(n+1)\log(n+1)}{n\log n}}_{\to\, 1 \text{ (elementary)}} \cdot \underbrace{\frac{n\log n}{p_n}}_{\to\, 1 \text{ by PNT}}.$$

The first and third factors tend to 1 by the PNT applied to $p_{n+1}$ and $p_n$ respectively.

For the middle factor, we verify directly:
$$\frac{(n+1)\log(n+1)}{n\log n} = \frac{n+1}{n} \cdot \frac{\log(n+1)}{\log n} = \left(1+\frac{1}{n}\right)\cdot\frac{\log n + \log\!\left(1+\frac{1}{n}\right)}{\log n}.$$

Since $\frac{n+1}{n} \to 1$ and $\log\!\left(1+\frac{1}{n}\right) \sim \frac{1}{n} \to 0$, so $\frac{\log(1+1/n)}{\log n} \to 0$, we get:
$$\frac{(n+1)\log(n+1)}{n\log n} \to 1 \cdot (1+0) = 1.$$

**Conclusion.** All three factors tend to 1, so:
$$\lim_{n\to\infty} \frac{p_{n+1}}{p_n} = 1.$$

Since the limit exists and equals 1, the limsup equals the limit:
$$\limsup_{n\to\infty}\left\{\frac{p_{m+1}}{p_m} : m\in\mathbb{N},\, m\geq n\right\} = \limsup_{m\to\infty} \frac{p_{m+1}}{p_m} = \lim_{m\to\infty} \frac{p_{m+1}}{p_m} = \boxed{1}.$$

**Remark.** The lower bound $\limsup \geq 1$ is trivial since $\frac{p_{m+1}}{p_m} > 1$ for all $m$ (primes are strictly increasing). The upper bound $\limsup \leq 1$ follows from the PNT as shown above. One can also note that Bertrand's postulate gives the cruder bound $\frac{p_{m+1}}{p_m} < 2$ for all $m$, but the PNT provides the sharp result that the ratio in fact converges to 1.

### PROOF COMPLETE
DEVIN_CLI_EXITED code=0
