## Answer Leak Self-Check

I reviewed the problem text. It contains only the question statement — no solution, proof sketch, answer value, or formalization notes are embedded. No leak detected. Proceeding to solve.

## Proof

Consider the LTI system

$$\dot{x} = A x + B_w w, \qquad x(0) = 0.$$

The solution at time $T$ driven by an input $w(\cdot)$ is

$$x(T) = \int_0^T e^{A(T-\tau)} B_w\, w(\tau)\, d\tau.$$

The unit-energy reachable set is

$$\mathcal{R}_{\text{ue}} = \left\{ \int_0^T e^{A(T-\tau)} B_w\, w(\tau)\, d\tau \;:\; \int_0^T w(\tau)^T w(\tau)\, d\tau \le 1 \right\}.$$

---

### Step 1. Reformulate as a minimum-energy problem

A point $x_0$ lies **outside** $\mathcal{R}_{\text{ue}}$ iff every input $w$ that drives the state to $x_0$ at time $T$ requires energy strictly greater than $1$:

$$x_0 \notin \mathcal{R}_{\text{ue}} \iff \min_{w:\, x(T)=x_0} \int_0^T w^T w\, dt \;>\; 1.$$

So the test reduces to computing the **minimum energy** needed to reach $x_0$ and comparing it with $1$.

---

### Step 2. Define the controllability Gramian

Let

$$W_c(T) = \int_0^T e^{A\tau} B_w B_w^T e^{A^T \tau}\, d\tau.$$

$W_c(T)$ is symmetric positive semidefinite. If $(A, B_w)$ is controllable (or at least $x_0$ lies in the controllable subspace), then $W_c(T) \succ 0$ on that subspace and is invertible there.

---

### Step 3. Solve the minimum-energy problem

We minimize $\int_0^T w^T w\, dt$ subject to the linear constraint

$$\int_0^T e^{A(T-\tau)} B_w\, w(\tau)\, d\tau = x_0.$$

This is a Hilbert-space least-norm problem with a linear constraint. By the projection theorem (or equivalently by completing the square / Cauchy–Schwarz in the weighted inner product), the unique minimum-energy input is

$$w^*(\tau) = B_w^T e^{A^T (T-\tau)}\, W_c(T)^{-1}\, x_0,$$

and the minimum energy is

$$E_{\min}(x_0, T) = \int_0^T {w^*}^T w^*\, dt = x_0^T\, W_c(T)^{-1}\, x_0.$$

**Derivation of the energy value.** Substituting $w^*$:

$$\int_0^T {w^*}^T w^*\, d\tau = \int_0^T x_0^T W_c(T)^{-1} e^{A(T-\tau)} B_w B_w^T e^{A^T(T-\tau)} W_c(T)^{-1} x_0\, d\tau.$$

The integrand's middle factor is exactly $W_c(T)$ (after the change of variable $s = T-\tau$):

$$= x_0^T W_c(T)^{-1} \left[\int_0^T e^{As} B_w B_w^T e^{A^T s}\, ds\right] W_c(T)^{-1} x_0 = x_0^T W_c(T)^{-1} W_c(T) W_c(T)^{-1} x_0 = x_0^T W_c(T)^{-1} x_0.$$

**Optimality.** For any other input $\tilde w$ reaching $x_0$, write $\tilde w = w^* + v$ where $\int e^{A(T-\tau)}B_w v\, d\tau = 0$. Then

$$\int \tilde w^T \tilde w\, d\tau = \int {w^*}^T w^*\, d\tau + 2\int {w^*}^T v\, d\tau + \int v^T v\, d\tau.$$

The cross term vanishes:

$$\int {w^*}^T v\, d\tau = x_0^T W_c(T)^{-1} \int e^{A(T-\tau)} B_w v\, d\tau = 0.$$

Hence $\int \tilde w^T \tilde w\, d\tau = E_{\min} + \int v^T v\, d\tau \ge E_{\min}$, with equality iff $v \equiv 0$. So $w^*$ is the unique energy-minimizing input.

---

### Step 4. Geometric interpretation — $\mathcal{R}_{\text{ue}}$ is an ellipsoid

By Cauchy–Schwarz, for any $w$ with $\int w^T w\, dt \le 1$,

$$x(T)^T W_c(T)^{-1} x(T) = \left(\int_0^T e^{A(T-\tau)}B_w w\, d\tau\right)^T W_c(T)^{-1}\left(\int_0^T e^{A(T-\tau)}B_w w\, d\tau\right) \le \int_0^T w^T w\, d\tau \le 1.$$

Conversely, any $x$ with $x^T W_c(T)^{-1} x \le 1$ is reached by $w^*(\tau) = B_w^T e^{A^T(T-\tau)} W_c(T)^{-1} x$ with energy exactly $x^T W_c(T)^{-1} x \le 1$. Therefore

$$\mathcal{R}_{\text{ue}} = \left\{ x \;:\; x^T W_c(T)^{-1} x \le 1 \right\},$$

an ellipsoid in state space (restricted to the controllable subspace).

---

### Step 5. The test

Combining Steps 1 and 4:

$$\boxed{\; x_0 \notin \mathcal{R}_{\text{ue}} \iff x_0^T\, W_c(T)^{-1}\, x_0 \;>\; 1 \;}$$

where $W_c(T) = \int_0^T e^{A\tau} B_w B_w^T e^{A^T \tau}\, d\tau$ is the finite-horizon controllability Gramian.

**Practical procedure:**
1. Compute $W_c(T)$ (closed form via matrix exponential if $A$ is stable/nilpotent, or numerically via the Van Loan trick or ODE integration).
2. Invert (or factor) $W_c(T)$. If $W_c(T)$ is singular, restrict to the controllable subspace; points outside that subspace are automatically outside $\mathcal{R}_{\text{ue}}$.
3. Evaluate the quadratic form $x_0^T W_c(T)^{-1} x_0$.
4. Compare with $1$: the point is outside the reachable set iff the value exceeds $1$.

Equivalently, this is the statement that the minimum control energy required to reach $x_0$ exceeds the unit-energy budget.

### PROOF COMPLETE
DEVIN_CLI_EXITED code=0
