我已经阅读了完整的 `AGENTS.md` 文件。现在我将直接输出 XML 分析结果。

---

```xml
<analysis>
  <metadata>
    <problem_id>polymath_00843</problem_id>
    <run_id>r001280</run_id>
    <batch>full-analysis-30c</batch>
    <problem_domain>computational_geometry</problem_domain>
    <analysis_type>devin_failure_analysis</analysis_type>
  </metadata>

  <problem>
    <statement>单位正方形的每条边（边长1）同时也是一个位于正方形内部的等边三角形的一条边。求四个三角形内部的交集面积。</statement>
    <standard_answer>(9-5√3)/3</standard_answer>
    <standard_answer_numeric>0.11325</standard_answer_numeric>
    <standard_solution_method>纯几何方法：基数顶点=等边三角形中心（距边中点√3/6），斜顶点=角追迹法（15°-15°-150°三角形，OQ=(√2/2)·tan15°），面积=8×[OPQ]</standard_solution_method>
    <standard_solution_length_lines>~60</standard_solution_length_lines>
    <difficulty>中等——需要识别八边形结构和利用对称性</difficulty>
  </problem>

  <devin_attempt>
    <final_answer>(9-5√3)/3</final_answer>
    <answer_correct>true</answer_correct>
    <approach>解析坐标几何 + 暴力枚举约束线对交点</approach>
    <total_lines>~2120</total_lines>
    <phases>
      <phase id="1" name="坐标建立" lines="66-165" status="correct">
        正方形(0,0)-(1,1)，四个三角形顶点正确，半平面约束正确推导。
      </phase>
      <phase id="2" name="对称性分析" lines="87-100,313-349" status="correct">
        正确识别D4对称群，将8条约束线分为两个轨道{L1,L3,L5,L7}和{L2,L4,L6,L8}。
      </phase>
      <phase id="3" name="顶点枚举" lines="350-550" status="correct_but_inefficient">
        暴力枚举8条线的两两交点（28对），逐个检查是否满足全部约束。正确找到8个顶点，但大量可由对称性排除的对仍被手动验证。
      </phase>
      <phase id="4" name="面积计算" lines="1800-1875" status="correct_with_minor_error">
        从中心三角化法计算面积。第1817-1818行出现叉积计算错误（得0），第1826行自行发现并纠正。最终正确得到(2-√3)(3-√3)/24×8=(9-5√3)/3。
      </phase>
      <phase id="5" name="Shoelace验证" lines="2017-2184" status="correct">
        用Shoelace公式对8个顶点独立验证，得到相同结果0.1134，与解析值0.1132吻合。
      </phase>
      <phase id="6" name="顶点约束验证" lines="1883-2155" status="correct_but_redundant">
        对每个顶点逐一检查8条约束，识别每条边属于哪条约束线，检查平行线对。正确但极度冗余——同一验证重复多次。
      </phase>
    </phases>
  </devin_attempt>

  <failure_classification>
    <type>效率失败（非正确性失败）</type>
    <correctness>最终答案完全正确，与标准解答一致</correctness>
    <failure_dimensions>
      <dimension name="token效率" severity="critical">
        <standard_solution_lines>~60</standard_solution_lines>
        <devin_attempt_lines>~2120</devin_attempt_lines>
        <verbosity_ratio>~35x</verbosity_ratio>
        <root_cause>缺乏几何洞察，用暴力坐标计算替代优雅的几何推理</root_cause>
      </dimension>
      <dimension name="方法论" severity="high">
        <issue>未识别基数顶点=等边三角形中心这一关键几何性质</issue>
        <issue>未使用角追迹法（15°-15°-150°三角形）求斜顶点</issue>
        <issue>用28对线交点枚举替代对称性驱动的定向求解</issue>
        <issue>标准解法利用"八边形=4基数顶点+4斜顶点"的结构识别，Devin仅识别"8个顶点"而无结构区分</issue>
      </dimension>
      <dimension name="验证冗余" severity="high">
        <issue>每个顶点对所有8条约束的验证重复至少2-3次</issue>
        <issue>面积用两种方法（三角化+Shoelace）各算一遍，且Shoelace中逐项展开</issue>
        <issue>平行线对分析（L1∥L4, L2∥L3等）在已由对称性确定后仍手动验证</issue>
        <issue>数值验证（代入√3≈1.732）重复至少4次</issue>
      </dimension>
      <dimension name="中间错误" severity="low">
        <error line="1817-1818" type="arithmetic" corrected="true" self_caught="true">
          叉积计算((2-s)/2)·((3-s)/6) - ((3-s)/6)·((2-s)/2)误写为0（两项相同），实际应为((2-s)/2)·((3-s)/6) - ((2-s)/2)·0。下一行自行纠正。
        </error>
        <error line="136" type="incomplete_expression" corrected="true">
          T_top的表达式写到一半被截断，后续重新推导修正。
        </error>
      </dimension>
    </failure_dimensions>
  </failure_classification>

  <root_cause_analysis>
    <primary_root_cause>
      缺乏几何洞察力——未能识别问题的内在几何结构（等边三角形中心作为基数顶点、角追迹法求斜顶点），退化为暴力坐标计算。
    </primary_root_cause>
    <secondary_root_cause>
      验证强迫症——对每个中间结果进行过度验证，缺乏"足够确信即推进"的判断力。28对线交点中大部分可由对称性排除，但仍逐一手动检查。
    </secondary_root_cause>
    <tertiary_root_cause>
      缺乏对自身对称性分析的信任——正确识别了D4对称群和两个轨道，但未利用这一分析来减少顶点搜索范围，仍做全枚举。
    </tertiary_root_cause>
  </root_cause_analysis>

  <comparison_with_standard>
    <aspect name="顶点识别">
      <standard>基数顶点=三角形重心（几何性质直接给出），斜顶点=角追迹（15°三角形tan关系）</standard>
      <devin>8条约束线两两交点暴力枚举+约束满足检查</devin>
    </aspect>
    <aspect name="面积计算">
      <standard>8×[OPQ]，单三角形面积用两边长×sin夹角，~10行</standard>
      <devin>三角化法（含1次错误纠正）+Shoelace公式逐项展开验证，~400行</devin>
    </aspect>
    <aspect name="对称性利用">
      <standard>隐含使用（八边形结构本身来自对称性）</standard>
      <devin>显式分析D4群作用但未用于减少计算量</devin>
    </aspect>
  </comparison>

  <strengths>
    <strength>系统性——所有28对线交点都被检查，无遗漏</strength>
    <strength>自验证——面积用两种独立方法交叉验证</strength>
    <strength>对称性分析正确——D4群作用、轨道划分均正确</strength>
    <strength>最终答案正确</strength>
  </strengths>

  <improvement_recommendations>
    <recommendation priority="1">
      培养几何洞察：在坐标计算前先寻找几何性质（如等边三角形中心、特殊角度三角形）。本题标准解法的关键洞察是"基数顶点=三角形重心"，这一性质使顶点位置无需任何计算即可获得。
    </recommendation>
    <recommendation priority="2">
      信任并使用自己的对称性分析：识别D4对称群后，只需在1/8扇区内找1个代表顶点，其余由对称性生成。无需枚举全部28对。
    </recommendation>
    <recommendation priority="3">
      控制验证粒度：首次验证通过后无需重复验证。数值代入验证一次即可，无需4次。
    </recommendation>
    <recommendation priority="4">
      面积计算选择最简洁方法：本题从中心三角化+对称性，只需算1个三角形面积×8。Shoelace作为验证应简略引用，不应逐项展开。
    </recommendation>
  </improvement_recommendations>

  <summary>
    <verdict>正确性通过，效率严重失败</verdict>
    <verbosity_factor>~35x</verbosity_factor>
    <core_failure>用暴力坐标枚举替代几何洞察，用过度验证替代对自身分析的信任</core_failure>
    <answer_match>true</answer_match>
    <would_pass_exam>true</would_pass_exam>
    <would_pass_efficiency_audit>false</would_pass_efficiency_audit>
  </summary>
</analysis>
```

### 分析完成
DEVIN_CLI_EXITED code=0
